MinModeTranslate: STEP      TIME          ENERGY    MAX-FORCE     STEPSIZE    CURVATURE  ROT-STEPS
MinModeTranslate:    0  16:43:49   -12450.720141      18.7070     --------   -21.955212          3
MinModeTranslate:    0  16:43:49   -12450.720141      18.7070     0.100000   -21.955212          3
MinModeTranslate:    1  16:43:49   -12452.756278       8.2373     --------    -3.590226          3
MinModeTranslate:    1  16:43:49   -12452.756278       8.2373     0.100000    -3.590226          3
MinModeTranslate:    2  16:43:49   -12453.794260       5.9837     --------    -4.850108          3
MinModeTranslate:    2  16:43:49   -12453.794260       5.9837     0.100000    -4.850108          3
MinModeTranslate:    3  16:43:49   -12454.489474       5.7782     --------    -5.673111          3
MinModeTranslate:    3  16:43:49   -12454.489474       5.7782     0.100000    -5.673111          3
MinModeTranslate:    4  16:43:49   -12455.080098       5.5620     --------    -5.226007          3
MinModeTranslate:    4  16:43:49   -12455.080098       5.5620     0.100000    -5.226007          3
MinModeTranslate:    5  16:43:50   -12455.699551       4.8229     --------    -4.660788          3
MinModeTranslate:    5  16:43:50   -12455.699551       4.8229     0.100000    -4.660788          3
MinModeTranslate:    6  16:43:50   -12456.343163       4.1326     --------    -4.130523          3
MinModeTranslate:    6  16:43:50   -12456.343163       4.1326     0.100000    -4.130523          3
MinModeTranslate:    7  16:43:50   -12456.928262       3.4031     --------    -2.858648          3
MinModeTranslate:    7  16:43:50   -12456.928262       3.4031     0.100000    -2.858648          3
MinModeTranslate:    8  16:43:50   -12457.392323       2.7564     --------    -2.094381          3
MinModeTranslate:    8  16:43:50   -12457.392323       2.7564     0.100000    -2.094381          3
MinModeTranslate:    9  16:43:50   -12457.701022       3.4336     --------    -1.355500          3
MinModeTranslate:    9  16:43:50   -12457.701022       3.4336     0.100000    -1.355500          3
MinModeTranslate:   10  16:43:50   -12458.010191       1.7853     --------    -0.642428          3
MinModeTranslate:   10  16:43:50   -12458.010191       1.7853     0.100000    -0.642428          3
MinModeTranslate:   11  16:43:50   -12458.205392       1.6085     --------    -0.775066          3
MinModeTranslate:   11  16:43:50   -12458.205392       1.6085     0.100000    -0.775066          3
MinModeTranslate:   12  16:43:50   -12458.319309       2.6169     --------    -0.253331          3
MinModeTranslate:   12  16:43:50   -12458.319309       2.6169     0.100000    -0.253331          3
MinModeTranslate:   13  16:43:50   -12458.460100       0.7252     --------     0.077700          3
MinModeTranslate:   13  16:43:50   -12458.460100       0.7252     0.100000     0.077700          3
MinModeTranslate:   14  16:43:51   -12458.376162       0.6463     --------     0.480389          3
MinModeTranslate:   14  16:43:51   -12458.376162       0.6463     0.100000     0.480389          3
MinModeTranslate:   15  16:43:51   -12458.299206       0.5569     --------     0.692999          3
MinModeTranslate:   15  16:43:51   -12458.299206       0.5569     0.100000     0.692999          3
MinModeTranslate:   16  16:43:51   -12458.231906       0.4824     --------     0.755756          3
MinModeTranslate:   16  16:43:51   -12458.231906       0.4824     0.100000     0.755756          3
MinModeTranslate:   17  16:43:51   -12458.173014       0.3875     --------     0.695683          3
MinModeTranslate:   17  16:43:51   -12458.173014       0.3875     0.100000     0.695683          3
MinModeTranslate:   18  16:43:51   -12458.123906       0.2707     --------     1.425082          3
MinModeTranslate:   18  16:43:51   -12458.123906       0.2707     0.100000     1.425082          3
MinModeTranslate:   19  16:43:51   -12458.084643       0.2613     --------     1.368064          3
MinModeTranslate:   19  16:43:51   -12458.084643       0.2613     0.100000     1.368064          3
MinModeTranslate:   20  16:43:51   -12458.048193       0.2251     --------     0.785071          3
MinModeTranslate:   20  16:43:51   -12458.048193       0.2251     0.100000     0.785071          3
MinModeTranslate:   21  16:43:51   -12458.018278       0.2307     --------     0.262289          3
MinModeTranslate:   21  16:43:51   -12458.018278       0.2307     0.100000     0.262289          3
MinModeTranslate:   22  16:43:51   -12457.990799       2.5215     --------    -0.668488          3
MinModeTranslate:   22  16:43:51   -12457.990799       2.5215     0.100000    -0.668488          3
MinModeTranslate:   23  16:43:51   -12457.991456       0.0668     --------     0.308530          3
MinModeTranslate:   23  16:43:51   -12457.991456       0.0668     0.100000     0.308530          3
MinModeTranslate:   24  16:43:51   -12457.976816       0.3631     --------     2.337147          3
MinModeTranslate:   24  16:43:52   -12457.976816       0.3631     0.100000     2.337147          3
MinModeTranslate:   25  16:43:52   -12457.908961       0.3023     --------     2.069654          3
MinModeTranslate:   25  16:43:52   -12457.908961       0.3023     0.100000     2.069654          3
MinModeTranslate:   26  16:43:52   -12457.858126       0.5896     --------     1.667068          3
MinModeTranslate:   26  16:43:52   -12457.858126       0.5896     0.100000     1.667068          3
MinModeTranslate:   27  16:43:52   -12457.777212       0.5882     --------     1.171996          3
MinModeTranslate:   27  16:43:52   -12457.777212       0.5882     0.100000     1.171996          3
MinModeTranslate:   28  16:43:52   -12457.687215       0.5446     --------     0.566664          3
MinModeTranslate:   28  16:43:52   -12457.687215       0.5446     0.100000     0.566664          3
MinModeTranslate:   29  16:43:52   -12457.605873       3.3640     --------    -0.051850          3
MinModeTranslate:   29  16:43:52   -12457.605873       3.3640     0.100000    -0.051850          3
MinModeTranslate:   30  16:43:52   -12457.599233       3.2809     --------    -0.509474          3
MinModeTranslate:   30  16:43:52   -12457.599233       3.2809     0.100000    -0.509474          3
MinModeTranslate:   31  16:43:52   -12457.869613       2.8856     --------    -1.360376          3
MinModeTranslate:   31  16:43:52   -12457.869613       2.8856     0.088678    -1.360376          3
MinModeTranslate:   32  16:43:52   -12458.024911       3.0674     --------    -2.920715          3
MinModeTranslate:   32  16:43:52   -12458.024911       3.0674     0.100000    -2.920715          3
MinModeTranslate:   33  16:43:52   -12458.252901       1.9782     --------    -1.824006          3
MinModeTranslate:   33  16:43:52   -12458.252901       1.9782     0.042808    -1.824006          3
MinModeTranslate:   34  16:43:53   -12458.327165       1.7113     --------    -0.594405          3
MinModeTranslate:   34  16:43:53   -12458.327165       1.7113     0.100000    -0.594405          3
MinModeTranslate:   35  16:43:53   -12458.460602       0.1473     --------     0.381161          3
MinModeTranslate:   35  16:43:53   -12458.460602       0.1473     0.100000     0.381161          3
MinModeTranslate:   36  16:43:53   -12458.442263       0.1294     --------     0.389494          3
MinModeTranslate:   36  16:43:53   -12458.442263       0.1294     0.100000     0.389494          3
MinModeTranslate:   37  16:43:53   -12458.422433       0.0971     --------     0.230570          3
MinModeTranslate:   37  16:43:53   -12458.422433       0.0971     0.100000     0.230570          3
MinModeTranslate:   38  16:43:53   -12458.407343       0.0583     --------     0.126588          3
MinModeTranslate:   38  16:43:53   -12458.407343       0.0583     0.100000     0.126588          3
MinModeTranslate:   39  16:43:53   -12458.397770       0.0166     --------     0.144430          3
MinModeTranslate:   39  16:43:53   -12458.397770       0.0166     0.100000     0.144430          3
MinModeTranslate:   40  16:43:53   -12458.394083       0.0219     --------     0.241105          3
MinModeTranslate:   40  16:43:53   -12458.394083       0.0219     0.100000     0.241105          3
MinModeTranslate:   41  16:43:53   -12458.376492       0.0522     --------     0.562233          3
MinModeTranslate:   41  16:43:53   -12458.376492       0.0522     0.100000     0.562233          3
MinModeTranslate:   42  16:43:53   -12458.293606       0.0831     --------     1.076703          3
MinModeTranslate:   42  16:43:53   -12458.293606       0.0831     0.100000     1.076703          3
MinModeTranslate:   43  16:43:53   -12458.026933       0.0861     --------     1.231793          3
MinModeTranslate:   43  16:43:53   -12458.026933       0.0861     0.100000     1.231793          3
MinModeTranslate:   44  16:43:53   -12457.993524       0.0886     --------     0.981457          3
MinModeTranslate:   44  16:43:53   -12457.993524       0.0886     0.100000     0.981457          3
MinModeTranslate:   45  16:43:53   -12457.970152       0.0319     --------     0.696361          3
MinModeTranslate:   45  16:43:53   -12457.970152       0.0319     0.100000     0.696361          3
MinModeTranslate:   46  16:43:54   -12457.960102       0.0066     --------     0.465146          3
MinModeTranslate:   46  16:43:54   -12457.960102       0.0066     0.100000     0.465146          3
MinModeTranslate:   47  16:43:54   -12457.956463       0.0472     --------     0.172591          3
MinModeTranslate:   47  16:43:54   -12457.956463       0.0472     0.100000     0.172591          3
MinModeTranslate:   48  16:43:54   -12457.946451       4.2589     --------    -0.001559          3
MinModeTranslate:   48  16:43:54   -12457.946451       4.2589     0.100000    -0.001559          3
MinModeTranslate:   49  16:43:54   -12457.934030       4.3046     --------    -0.152567          3
MinModeTranslate:   49  16:43:54   -12457.934030       4.3046     0.100000    -0.152567          3
MinModeTranslate:   50  16:43:54   -12457.998852       4.2811     --------    -0.225695          3
MinModeTranslate:   50  16:43:54   -12457.998852       4.2811     0.100000    -0.225695          3
MinModeTranslate:   51  16:43:54   -12458.459497       2.2427     --------    -0.270412          3
MinModeTranslate:   51  16:43:54   -12458.459497       2.2427     0.064877    -0.270412          3
MinModeTranslate:   52  16:43:54   -12458.552850       1.4063     --------    -0.330644          3
MinModeTranslate:   52  16:43:54   -12458.552850       1.4063     0.083086    -0.330644          3
MinModeTranslate:   53  16:43:54   -12458.623613       2.4933     --------    -0.399743          3
MinModeTranslate:   53  16:43:54   -12458.623613       2.4933     0.100000    -0.399743          3
MinModeTranslate:   54  16:43:54   -12458.757129       0.9387     --------    -0.266830          3
MinModeTranslate:   54  16:43:54   -12458.757129       0.9387     0.061988    -0.266830          3
MinModeTranslate:   55  16:43:54   -12458.815347       1.5342     --------    -0.229623          3
MinModeTranslate:   55  16:43:54   -12458.815347       1.5342     0.100000    -0.229623          3
MinModeTranslate:   56  16:43:55   -12458.890027       1.3311     --------    -0.174022          3
MinModeTranslate:   56  16:43:55   -12458.890027       1.3311     0.087788    -0.174022          3
MinModeTranslate:   57  16:43:55   -12458.957437       1.0972     --------    -0.191388          3
MinModeTranslate:   57  16:43:55   -12458.957437       1.0972     0.100000    -0.191388          3
MinModeTranslate:   58  16:43:55   -12459.008893       1.3399     --------    -0.205663          3
MinModeTranslate:   58  16:43:55   -12459.008893       1.3399     0.100000    -0.205663          3
MinModeTranslate:   59  16:43:55   -12459.080867       1.0588     --------    -0.226596          3
MinModeTranslate:   59  16:43:55   -12459.080867       1.0588     0.072801    -0.226596          3
MinModeTranslate:   60  16:43:55   -12459.113591       1.0847     --------    -0.293811          3
MinModeTranslate:   60  16:43:55   -12459.113591       1.0847     0.084145    -0.293811          3
MinModeTranslate:   61  16:43:55   -12459.144236       0.9342     --------    -0.273641          3
MinModeTranslate:   61  16:43:55   -12459.144236       0.9342     0.100000    -0.273641          3
MinModeTranslate:   62  16:43:55   -12459.184566       0.8357     --------    -0.289292          3
MinModeTranslate:   62  16:43:55   -12459.184566       0.8357     0.082622    -0.289292          3
MinModeTranslate:   63  16:43:55   -12459.214369       0.8621     --------    -0.525541          3
MinModeTranslate:   63  16:43:55   -12459.214369       0.8621     0.100000    -0.525541          3
MinModeTranslate:   64  16:43:55   -12459.250444       0.7465     --------    -0.532740          3
MinModeTranslate:   64  16:43:55   -12459.250444       0.7465     0.046087    -0.532740          3
MinModeTranslate:   65  16:43:55   -12459.272436       0.5407     --------    -0.230678          3
MinModeTranslate:   65  16:43:56   -12459.272436       0.5407     0.097655    -0.230678          3
MinModeTranslate:   66  16:43:56   -12459.297394       1.1462     --------    -0.027420          3
MinModeTranslate:   66  16:43:56   -12459.297394       1.1462     0.100000    -0.027420          3
MinModeTranslate:   67  16:43:56   -12459.337500       1.1976     --------    -0.150016          3
MinModeTranslate:   67  16:43:56   -12459.337500       1.1976     0.050115    -0.150016          3
MinModeTranslate:   68  16:43:56   -12459.364648       0.7386     --------    -0.062310          3
MinModeTranslate:   68  16:43:56   -12459.364648       0.7386     0.067829    -0.062310          3
MinModeTranslate:   69  16:43:56   -12459.380422       0.1481     --------     0.108174          3
MinModeTranslate:   69  16:43:56   -12459.380422       0.1481     0.100000     0.108174          3
MinModeTranslate:   70  16:43:56   -12459.353828       0.7274     --------    -0.004004          3
MinModeTranslate:   70  16:43:56   -12459.353828       0.7274     0.100000    -0.004004          3
MinModeTranslate:   71  16:43:56   -12459.345836       0.4195     --------    -0.173582          3
MinModeTranslate:   71  16:43:56   -12459.345836       0.4195     0.021244    -0.173582          3
MinModeTranslate:   72  16:43:56   -12459.352568       0.5083     --------    -0.394648          3
MinModeTranslate:   72  16:43:56   -12459.352568       0.5083     0.047332    -0.394648          3
MinModeTranslate:   73  16:43:56   -12459.358629       0.7900     --------    -0.237768          3
MinModeTranslate:   73  16:43:56   -12459.358629       0.7900     0.100000    -0.237768          3
MinModeTranslate:   74  16:43:56   -12459.386627       0.1566     --------     0.099178          3
MinModeTranslate:   74  16:43:56   -12459.386627       0.1566     0.100000     0.099178          3
MinModeTranslate:   75  16:43:57   -12459.359955       0.7654     --------    -0.062159          3
MinModeTranslate:   75  16:43:57   -12459.359955       0.7654     0.100000    -0.062159          3
MinModeTranslate:   76  16:43:57   -12459.353942       0.3615     --------    -0.372123          3
MinModeTranslate:   76  16:43:57   -12459.353942       0.3615     0.021355    -0.372123          3
MinModeTranslate:   77  16:43:57   -12459.361129       0.5191     --------    -0.842499          3
MinModeTranslate:   77  16:43:57   -12459.361129       0.5191     0.040379    -0.842499          3
MinModeTranslate:   78  16:43:57   -12459.365654       0.5384     --------    -0.488610          3
MinModeTranslate:   78  16:43:57   -12459.365654       0.5384     0.100000    -0.488610          3
MinModeTranslate:   79  16:43:57   -12459.379813       0.5831     --------    -0.237954          3
MinModeTranslate:   79  16:43:57   -12459.379813       0.5831     0.100000    -0.237954          3
MinModeTranslate:   80  16:43:57   -12459.400296       1.0164     --------    -0.575739          3
MinModeTranslate:   80  16:43:57   -12459.400296       1.0164     0.100000    -0.575739          3
MinModeTranslate:   81  16:43:57   -12459.427160       0.7772     --------    -0.651432          3
MinModeTranslate:   81  16:43:57   -12459.427160       0.7772     0.016271    -0.651432          3
MinModeTranslate:   82  16:43:57   -12459.438360       0.4027     --------    -0.333247          3
MinModeTranslate:   82  16:43:57   -12459.438360       0.4027     0.027119    -0.333247          3
MinModeTranslate:   83  16:43:57   -12459.442042       0.4623     --------    -0.139644          3
MinModeTranslate:   83  16:43:57   -12459.442042       0.4623     0.055694    -0.139644          3
MinModeTranslate:   84  16:43:57   -12459.442734       0.5213     --------    -0.543957          3
MinModeTranslate:   84  16:43:58   -12459.442734       0.5213     0.079318    -0.543957          3
MinModeTranslate:   85  16:43:58   -12459.439399       0.9331     --------    -0.513880          3
MinModeTranslate:   85  16:43:58   -12459.439399       0.9331     0.100000    -0.513880          3
MinModeTranslate:   86  16:43:58   -12459.444192       0.1830     --------     0.004825          3
MinModeTranslate:   86  16:43:58   -12459.444192       0.1830     0.100000     0.004825          3
MinModeTranslate:   87  16:43:58   -12459.418940       0.9617     --------    -0.243421          3
MinModeTranslate:   87  16:43:58   -12459.418940       0.9617     0.100000    -0.243421          3
MinModeTranslate:   88  16:43:58   -12459.414900       0.6178     --------    -0.444008          3
MinModeTranslate:   88  16:43:58   -12459.414900       0.6178     0.021806    -0.444008          3
MinModeTranslate:   89  16:43:58   -12459.426669       0.4486     --------    -1.405288          3
MinModeTranslate:   89  16:43:58   -12459.426669       0.4486     0.034562    -1.405288          3
MinModeTranslate:   90  16:43:58   -12459.436669       0.3721     --------    -1.286343          3
MinModeTranslate:   90  16:43:58   -12459.436669       0.3721     0.018034    -1.286343          3
MinModeTranslate:   91  16:43:58   -12459.440057       0.3331     --------    -0.824315          3
MinModeTranslate:   91  16:43:58   -12459.440057       0.3331     0.024009    -0.824315          3
MinModeTranslate:   92  16:43:58   -12459.441731       0.2884     --------    -0.770575          3
MinModeTranslate:   92  16:43:58   -12459.441731       0.2884     0.089112    -0.770575          3
MinModeTranslate:   93  16:43:58   -12459.443458       0.7866     --------    -1.368673          3
MinModeTranslate:   93  16:43:58   -12459.443458       0.7866     0.100000    -1.368673          3
MinModeTranslate:   94  16:43:59   -12459.452647       0.5395     --------    -1.142580          3
MinModeTranslate:   94  16:43:59   -12459.452647       0.5395     0.025274    -1.142580          3
MinModeTranslate:   95  16:43:59   -12459.463059       0.3950     --------    -0.513415          3
MinModeTranslate:   95  16:43:59   -12459.463059       0.3950     0.032510    -0.513415          3
MinModeTranslate:   96  16:43:59   -12459.469200       0.3656     --------    -0.843221          3
MinModeTranslate:   96  16:43:59   -12459.469200       0.3656     0.029158    -0.843221          3
MinModeTranslate:   97  16:43:59   -12459.473451       0.3240     --------    -1.311035          3
MinModeTranslate:   97  16:43:59   -12459.473451       0.3240     0.040019    -1.311035          3
MinModeTranslate:   98  16:43:59   -12459.477310       0.4019     --------    -1.157643          3
MinModeTranslate:   98  16:43:59   -12459.477310       0.4019     0.057398    -1.157643          3
MinModeTranslate:   99  16:43:59   -12459.481052       0.3042     --------    -0.743595          3
MinModeTranslate:   99  16:43:59   -12459.481052       0.3042     0.055745    -0.743595          3
MinModeTranslate:  100  16:43:59   -12459.482556       0.4991     --------    -1.159394          3
MinModeTranslate:  100  16:43:59   -12459.482556       0.4991     0.100000    -1.159394          3
MinModeTranslate:  101  16:43:59   -12459.493110       0.3966     --------    -1.331037          3
MinModeTranslate:  101  16:43:59   -12459.493110       0.3966     0.027846    -1.331037          3
MinModeTranslate:  102  16:43:59   -12459.501104       0.3422     --------    -0.669291          3
MinModeTranslate:  102  16:43:59   -12459.501104       0.3422     0.034851    -0.669291          3
MinModeTranslate:  103  16:44:00   -12459.505402       0.5960     --------    -0.814115          3
MinModeTranslate:  103  16:44:00   -12459.505402       0.5960     0.051628    -0.814115          3
MinModeTranslate:  104  16:44:00   -12459.511882       0.4509     --------    -1.206432          3
MinModeTranslate:  104  16:44:00   -12459.511882       0.4509     0.044058    -1.206432          3
MinModeTranslate:  105  16:44:00   -12459.516887       0.2968     --------    -0.701478          3
MinModeTranslate:  105  16:44:00   -12459.516887       0.2968     0.040114    -0.701478          3
MinModeTranslate:  106  16:44:00   -12459.519270       0.5193     --------    -0.789557          3
MinModeTranslate:  106  16:44:00   -12459.519270       0.5193     0.064379    -0.789557          3
MinModeTranslate:  107  16:44:00   -12459.522671       0.3697     --------    -0.673425          3
MinModeTranslate:  107  16:44:00   -12459.522671       0.3697     0.075340    -0.673425          3
MinModeTranslate:  108  16:44:00   -12459.525796       0.0940     --------     0.063092          3
MinModeTranslate:  108  16:44:00   -12459.525796       0.0940     0.100000     0.063092          3
MinModeTranslate:  109  16:44:00   -12459.512615       0.0709     --------     0.747586          3
MinModeTranslate:  109  16:44:00   -12459.512615       0.0709     0.100000     0.747586          3
MinModeTranslate:  110  16:44:00   -12459.499395       0.0593     --------     1.160760          3
MinModeTranslate:  110  16:44:00   -12459.499395       0.0593     0.100000     1.160760          3
MinModeTranslate:  111  16:44:00   -12459.485713       0.0542     --------     1.343986          3
MinModeTranslate:  111  16:44:00   -12459.485713       0.0542     0.100000     1.343986          3
MinModeTranslate:  112  16:44:00   -12459.472022       0.0406     --------     1.350498          3
MinModeTranslate:  112  16:44:00   -12459.472022       0.0406     0.100000     1.350498          3
MinModeTranslate:  113  16:44:01   -12459.460001       0.0300     --------     1.316430          3
MinModeTranslate:  113  16:44:01   -12459.460001       0.0300     0.100000     1.316430          3
MinModeTranslate:  114  16:44:01   -12459.449362       0.0148     --------     1.323447          3
MinModeTranslate:  114  16:44:01   -12459.449362       0.0148     0.100000     1.323447          3
MinModeTranslate:  115  16:44:01   -12459.440421       0.0179     --------     1.394459          3
MinModeTranslate:  115  16:44:01   -12459.440421       0.0179     0.100000     1.394459          3
MinModeTranslate:  116  16:44:01   -12459.427319       0.0280     --------     1.478288          3
MinModeTranslate:  116  16:44:01   -12459.427319       0.0280     0.100000     1.478288          3
MinModeTranslate:  117  16:44:01   -12459.406556       0.0616     --------     1.503741          3
MinModeTranslate:  117  16:44:01   -12459.406556       0.0616     0.100000     1.503741          3
MinModeTranslate:  118  16:44:01   -12459.371748       0.0878     --------     1.442843          3
MinModeTranslate:  118  16:44:01   -12459.371748       0.0878     0.100000     1.442843          3
MinModeTranslate:  119  16:44:01   -12459.325679       0.1248     --------     1.316341          3
MinModeTranslate:  119  16:44:01   -12459.325679       0.1248     0.100000     1.316341          3
MinModeTranslate:  120  16:44:01   -12459.271759       0.1393     --------     1.129387          3
MinModeTranslate:  120  16:44:01   -12459.271759       0.1393     0.100000     1.129387          3
MinModeTranslate:  121  16:44:01   -12459.224101       0.1608     --------     0.956113          3
MinModeTranslate:  121  16:44:01   -12459.224101       0.1608     0.100000     0.956113          3
MinModeTranslate:  122  16:44:01   -12459.179875       0.1619     --------     0.789250          3
MinModeTranslate:  122  16:44:01   -12459.179875       0.1619     0.100000     0.789250          3
MinModeTranslate:  123  16:44:02   -12459.138447       0.1660     --------     0.669178          3
MinModeTranslate:  123  16:44:02   -12459.138447       0.1660     0.100000     0.669178          3
MinModeTranslate:  124  16:44:02   -12459.095652       0.1658     --------     0.539012          3
MinModeTranslate:  124  16:44:02   -12459.095652       0.1658     0.100000     0.539012          3
MinModeTranslate:  125  16:44:02   -12459.054044       0.1742     --------     0.436802          3
MinModeTranslate:  125  16:44:02   -12459.054044       0.1742     0.100000     0.436802          3
MinModeTranslate:  126  16:44:02   -12459.012511       0.1726     --------     0.327024          3
MinModeTranslate:  126  16:44:02   -12459.012511       0.1726     0.100000     0.327024          3
MinModeTranslate:  127  16:44:02   -12458.973646       0.1702     --------     0.255833          3
MinModeTranslate:  127  16:44:02   -12458.973646       0.1702     0.100000     0.255833          3
MinModeTranslate:  128  16:44:02   -12458.936370       0.1622     --------     0.202789          3
MinModeTranslate:  128  16:44:02   -12458.936370       0.1622     0.100000     0.202789          3
MinModeTranslate:  129  16:44:02   -12458.901714       0.1574     --------     0.195025          3
MinModeTranslate:  129  16:44:02   -12458.901714       0.1574     0.100000     0.195025          3
MinModeTranslate:  130  16:44:02   -12458.868244       0.1523     --------     0.183136          3
MinModeTranslate:  130  16:44:02   -12458.868244       0.1523     0.100000     0.183136          3
MinModeTranslate:  131  16:44:02   -12458.835902       0.1492     --------     0.171810          3
MinModeTranslate:  131  16:44:02   -12458.835902       0.1492     0.100000     0.171810          3
MinModeTranslate:  132  16:44:02   -12458.804220       0.1458     --------     0.140584          3
MinModeTranslate:  132  16:44:02   -12458.804220       0.1458     0.100000     0.140584          3
MinModeTranslate:  133  16:44:03   -12458.773400       0.1408     --------     0.115056          3
MinModeTranslate:  133  16:44:03   -12458.773400       0.1408     0.100000     0.115056          3
MinModeTranslate:  134  16:44:03   -12458.743738       0.1348     --------     0.094863          3
MinModeTranslate:  134  16:44:03   -12458.743738       0.1348     0.100000     0.094863          3
MinModeTranslate:  135  16:44:03   -12458.715432       0.1274     --------     0.104055          3
MinModeTranslate:  135  16:44:03   -12458.715432       0.1274     0.100000     0.104055          3
MinModeTranslate:  136  16:44:03   -12458.688556       0.1219     --------     0.135855          3
MinModeTranslate:  136  16:44:03   -12458.688556       0.1219     0.100000     0.135855          3
MinModeTranslate:  137  16:44:03   -12458.662455       0.1172     --------     0.191569          3
MinModeTranslate:  137  16:44:03   -12458.662455       0.1172     0.100000     0.191569          3
MinModeTranslate:  138  16:44:03   -12458.636736       0.1151     --------     0.235845          3
MinModeTranslate:  138  16:44:03   -12458.636736       0.1151     0.100000     0.235845          3
MinModeTranslate:  139  16:44:03   -12458.610577       0.1127     --------     0.258874          3
MinModeTranslate:  139  16:44:03   -12458.610577       0.1127     0.100000     0.258874          3
MinModeTranslate:  140  16:44:03   -12458.584270       0.1105     --------     0.243882          3
MinModeTranslate:  140  16:44:03   -12458.584270       0.1105     0.100000     0.243882          3
MinModeTranslate:  141  16:44:03   -12458.557657       0.1072     --------     0.210356          3
MinModeTranslate:  141  16:44:03   -12458.557657       0.1072     0.100000     0.210356          3
MinModeTranslate:  142  16:44:03   -12458.531759       0.1052     --------     0.163415          3
MinModeTranslate:  142  16:44:03   -12458.531759       0.1052     0.100000     0.163415          3
MinModeTranslate:  143  16:44:04   -12458.506754       0.0989     --------     0.121489          3
MinModeTranslate:  143  16:44:04   -12458.506754       0.0989     0.100000     0.121489          3
MinModeTranslate:  144  16:44:04   -12458.483494       0.0921     --------     0.085197          3
MinModeTranslate:  144  16:44:04   -12458.483494       0.0921     0.100000     0.085197          3
MinModeTranslate:  145  16:44:04   -12458.461994       0.0833     --------     0.061394          3
MinModeTranslate:  145  16:44:04   -12458.461994       0.0833     0.100000     0.061394          3
MinModeTranslate:  146  16:44:04   -12458.442604       0.0749     --------     0.045913          3
MinModeTranslate:  146  16:44:04   -12458.442604       0.0749     0.100000     0.045913          3
MinModeTranslate:  147  16:44:04   -12458.425209       0.0657     --------     0.039208          3
MinModeTranslate:  147  16:44:04   -12458.425209       0.0657     0.100000     0.039208          3
MinModeTranslate:  148  16:44:04   -12458.409938       0.0573     --------     0.035027          3
MinModeTranslate:  148  16:44:04   -12458.409938       0.0573     0.100000     0.035027          3
MinModeTranslate:  149  16:44:04   -12458.396573       0.0482     --------     0.034385          3
MinModeTranslate:  149  16:44:04   -12458.396573       0.0482     0.100000     0.034385          3
MinModeTranslate:  150  16:44:04   -12458.385292       0.0407     --------     0.031327          3
MinModeTranslate:  150  16:44:04   -12458.385292       0.0407     0.100000     0.031327          3
MinModeTranslate:  151  16:44:05   -12458.375718       0.0316     --------     0.030395          3
MinModeTranslate:  151  16:44:05   -12458.375718       0.0316     0.100000     0.030395          3
MinModeTranslate:  152  16:44:05   -12458.368224       0.0241     --------     0.030877          3
MinModeTranslate:  152  16:44:05   -12458.368224       0.0241     0.100000     0.030877          3
MinModeTranslate:  153  16:44:05   -12458.362443       0.0151     --------     0.040284          3
MinModeTranslate:  153  16:44:05   -12458.362443       0.0151     0.100000     0.040284          3
MinModeTranslate:  154  16:44:05   -12458.358700       0.0080     --------     0.056019          3
MinModeTranslate:  154  16:44:05   -12458.358700       0.0080     0.100000     0.056019          3
MinModeTranslate:  155  16:44:05   -12458.356503       0.0001     --------     0.079857          3
MinModeTranslate:  155  16:44:05   -12458.356503       0.0001     0.100000     0.079857          3
MinModeTranslate:  156  16:44:05   -12458.124130       0.0138     --------     0.358130          3
MinModeTranslate:  156  16:44:05   -12458.124130       0.0138     0.100000     0.358130          3
MinModeTranslate:  157  16:44:05   -12457.749098       0.0049     --------     0.501086          3
MinModeTranslate:  157  16:44:05   -12457.749098       0.0049     0.100000     0.501086          3
MinModeTranslate:  158  16:44:05   -12457.187797       0.0609     --------     0.553220          3
MinModeTranslate:  158  16:44:05   -12457.187797       0.0609     0.100000     0.553220          3
MinModeTranslate:  159  16:44:05   -12456.520982       0.0435     --------     0.549533          3
MinModeTranslate:  159  16:44:05   -12456.520982       0.0435     0.100000     0.549533          3
MinModeTranslate:  160  16:44:05   -12456.508723       0.0872     --------     0.522140          3
