MINMODE:METHOD: Dimer
DIM:CONTROL: Search Parameters:
DIM:CONTROL: ------------------
DIM:CONTROL: eigenmode_method = dimer
DIM:CONTROL: f_rot_min = 0.01
DIM:CONTROL: f_rot_max = 0.1
DIM:CONTROL: max_num_rot = 3
DIM:CONTROL: trial_angle = 0.7853981633974483
DIM:CONTROL: trial_trans_step = 0.001
DIM:CONTROL: maximum_translation = 0.1
DIM:CONTROL: cg_translation = True
DIM:CONTROL: use_central_forces = True
DIM:CONTROL: dimer_separation = 0.005
DIM:CONTROL: initial_eigenmode_method = gauss
DIM:CONTROL: extrapolate_forces = True
DIM:CONTROL: displacement_method = gauss
DIM:CONTROL: gauss_std = 0.1
DIM:CONTROL: order = 1
DIM:CONTROL: mask = None
DIM:CONTROL: displacement_center = None
DIM:CONTROL: displacement_radius = None
DIM:CONTROL: number_of_displacement_atoms = None
DIM:CONTROL: ------------------
DIM:ROT: OPT-STEP ROT-STEP CURVATURE ROT-ANGLE ROT-FORCE
DIM:ROT:       0         1    4.4403    9.8323   12.9623
DIM:ROT:       0         2    3.3921    5.4438   10.8413
DIM:ROT:       0         3    2.8139    5.1744    6.5327
DIM:ROT:       1         1    1.3568    4.4584    8.0543
DIM:ROT:       1         2    0.9367    4.0909    5.8364
DIM:ROT:       1         3    0.6101    3.2005    5.6467
DIM:ROT:       2         1    1.8415    8.8537    5.3456
DIM:ROT:       2         2    1.4188    3.2587    7.2353
DIM:ROT:       2         3    1.1624    4.2604    3.4493
DIM:ROT:       3         1    2.7323    5.6077    8.5070
DIM:ROT:       3         2    2.0875    5.1120    6.9991
DIM:ROT:       3         3    1.5134    4.6154    6.8486
DIM:ROT:       4         1  -14.3520   31.7067   13.7695
DIM:ROT:       4         2  -16.5272    6.7746   17.2861
DIM:ROT:       4         3  -17.1240    6.4161    5.2628
DIM:ROT:       5         1  -17.7313   14.9039   16.5703
DIM:ROT:       5         2  -19.3559    6.5526   13.8404
DIM:ROT:       5         3  -20.0171    5.2137    7.2038
DIM:ROT:       6         1  -23.0142    4.1037    7.8627
DIM:ROT:       6         2  -23.2200    2.3745    4.8194
DIM:ROT:       6         3  -23.3324    1.8267    3.3449
DIM:ROT:       7         1  -21.8635    3.5181    5.6499
DIM:ROT:       7         2  -21.9545    1.7422    2.9065
DIM:ROT:       7         3  -21.9863    1.0129    1.7633
DIM:ROT:       8         1  -21.7251    5.9955    5.8319
DIM:ROT:       8         2  -21.8379    1.6880    4.3920
DIM:ROT:       8         3  -21.8911    1.2316    2.3250
DIM:ROT:       9         1  -20.3596    6.7064    5.2045
DIM:ROT:       9         2  -20.4547    1.6049    3.8930
DIM:ROT:       9         3  -20.4953    1.3660    1.7762
DIM:ROT:      10         1  -17.7817    2.3332    3.8644
DIM:ROT:      10         2  -17.8252    1.3488    1.5715
DIM:ROT:      10         3  -17.8374    0.6651    1.1055
DIM:ROT:      11         1  -17.9072    7.1495    5.3293
DIM:ROT:      11         2  -18.1447    2.5009    4.3137
DIM:ROT:      11         3  -18.2054    1.9844    1.7526
DIM:ROT:      12         1  -19.1693    2.3760    3.3649
DIM:ROT:      12         2  -19.2070    1.3371    1.5028
DIM:ROT:      12         3  -19.2266    0.6337    1.3144
DIM:ROT:      13         1  -20.7023   10.6311    6.7997
DIM:ROT:      13         2  -20.9306    2.4146    4.3076
DIM:ROT:      13         3  -20.9733    1.6514    1.7933
DIM:ROT:      14         1  -19.9880    3.7896    4.1662
DIM:ROT:      14         2  -20.0631    1.4584    2.6195
DIM:ROT:      14         3  -20.0855    0.9689    1.3905
DIM:ROT:      15         1  -20.1084    1.0555    2.0215
DIM:ROT:      15         2  -20.1175    0.6238    0.9016
DIM:ROT:      15         3  -20.1222    0.3793    0.7535
DIM:ROT:      16         1  -18.6529    2.1224    2.5246
DIM:ROT:      16         2  -18.6690    0.7257    1.1625
DIM:ROT:      16         3  -18.6738    0.5131    0.5447
DIM:ROT:      17         1  -14.4781    4.3057    4.8095
DIM:ROT:      17         2  -14.5307    1.6051    1.8622
DIM:ROT:      17         3  -14.5524    0.9416    1.2387
DIM:ROT:      18         1  -15.9817    2.9731    3.8247
DIM:ROT:      18         2  -16.0301    1.1500    1.8290
DIM:ROT:      18         3  -16.0410    0.6096    1.0505
DIM:ROT:      19         1  -15.8076    1.6553    2.5775
DIM:ROT:      19         2  -15.8336    0.9851    1.2168
DIM:ROT:      19         3  -15.8432    0.5514    0.8639
DIM:ROT:      20         1  -12.9282    4.5329    5.0075
DIM:ROT:      20         2  -13.0781    2.1531    3.5973
DIM:ROT:      20         3  -13.1397    1.6767    1.9732
DIM:ROT:      21         1  -12.1420    3.3754    3.5362
DIM:ROT:      21         2  -12.2184    1.5794    2.4778
DIM:ROT:      21         3  -12.2459    1.0866    1.4299
DIM:ROT:      22         1  -12.7051    1.6152    1.8261
DIM:ROT:      22         2  -12.7268    0.7984    1.3191
DIM:ROT:      22         3  -12.7359    0.5902    0.7922
DIM:ROT:      23         1  -14.0171    1.7486    2.6416
DIM:ROT:      23         2  -14.0312    0.7850    1.0379
DIM:ROT:      23         3  -14.0371    0.4485    0.7332
DIM:ROT:      24         1  -15.3877    1.5075    1.8412
DIM:ROT:      24         2  -15.3993    0.7707    1.1222
DIM:ROT:      24         3  -15.4043    0.4504    0.7474
DIM:ROT:      25         1  -16.4739    1.9473    2.1916
DIM:ROT:      25         2  -16.4912    0.8762    1.3522
DIM:ROT:      25         3  -16.4976    0.5479    0.7419
DIM:ROT:      26         1  -16.1739    1.2239    2.0420
DIM:ROT:      26         2  -16.1859    0.7762    0.9653
DIM:ROT:      26         3  -16.1895    0.4321    0.7336
DIM:ROT:      27         1  -15.6590    1.2917    1.9447
DIM:ROT:      27         2  -15.6723    0.8425    0.9767
DIM:ROT:      27         3  -15.6785    0.4529    0.7879
DIM:ROT:      28         1  -15.2856    0.7086    0.9633
DIM:ROT:      28         2  -15.2905    0.4560    0.5767
DIM:ROT:      28         3  -15.2928    0.2740    0.4498
DIM:ROT:      29         1  -15.0040    1.2444    1.6252
DIM:ROT:      29         2  -15.0144    0.5839    0.7981
DIM:ROT:      29         3  -15.0179    0.3293    0.4751
DIM:ROT:      30         1  -15.9500    0.9258    1.2722
DIM:ROT:      30         2  -15.9574    0.4713    0.6486
DIM:ROT:      30         3  -15.9602    0.2533    0.4631
DIM:ROT:      31         1  -16.4818    0.6812    1.0053
DIM:ROT:      31         2  -16.4862    0.3861    0.4592
DIM:ROT:      31         3  -16.4877    0.2094    0.3343
DIM:ROT:      32         1  -16.3267    0.6150    1.0950
DIM:ROT:      32         2  -16.3289    0.3317    0.4001
DIM:ROT:      32         3  -16.3293    0.1720    0.2938
DIM:ROT:      33         1  -16.0990    0.8986    1.1858
DIM:ROT:      33         2  -16.1032    0.4948    0.6698
DIM:ROT:      33         3  -16.1049    0.2976    0.4261
DIM:ROT:      34         1  -15.8289    0.8682    0.7313
DIM:ROT:      34         2  -15.8306    0.3194    0.5119
DIM:ROT:      34         3  -15.8314    0.1900    0.2490
DIM:ROT:      35         1  -15.6227    0.9675    0.9985
DIM:ROT:      35         2  -15.6256    0.3315    0.6104
DIM:ROT:      35         3  -15.6268    0.2382    0.3405
DIM:ROT:      36         1  -16.2489    0.6845    0.7859
DIM:ROT:      36         2  -16.2502    0.3185    0.5670
DIM:ROT:      36         3  -16.2511    0.2303    0.3139
DIM:ROT:      37         1  -16.6706    0.4242    0.5024
DIM:ROT:      37         2  -16.6711    0.1960    0.3642
DIM:ROT:      37         3  -16.6713    0.1530    0.2047
DIM:ROT:      38         1  -17.0077    0.2424    0.4516
DIM:ROT:      38         2  -17.0080    0.1650    0.2080
DIM:ROT:      38         3  -17.0080    0.0871    0.1713
DIM:ROT:      39         1  -17.4450    0.4637    0.5937
DIM:ROT:      39         2  -17.4464    0.1642    0.2714
DIM:ROT:      39         3  -17.4468    0.1236    0.1399
DIM:ROT:      40         1  -17.1578    0.3656    0.5609
DIM:ROT:      40         2  -17.1589    0.1973    0.2770
DIM:ROT:      40         3  -17.1592    0.1168    0.1734
DIM:ROT:      41         1  -16.6520    0.5202    0.7056
DIM:ROT:      41         2  -16.6539    0.2437    0.3927
DIM:ROT:      41         3  -16.6544    0.1525    0.2102
DIM:ROT:      42         1  -16.6180    0.3360    0.5899
DIM:ROT:      42         2  -16.6184    0.1898    0.2048
DIM:ROT:      42         3  -16.6187    0.0958    0.1549
DIM:ROT:      43         1  -16.6623    0.4760    0.6550
DIM:ROT:      43         2  -16.6629    0.2284    0.3463
DIM:ROT:      43         3  -16.6628    0.1491    0.2096
DIM:ROT:      44         1  -16.8460    0.6264    0.5334
DIM:ROT:      44         2  -16.8453    0.1793    0.2537
DIM:ROT:      44         3  -16.8454    0.0925    0.1514
DIM:ROT:      45         1  -17.3812    1.0313    1.2334
DIM:ROT:      45         2  -17.3828    0.4229    0.7114
DIM:ROT:      45         3  -17.3837    0.2986    0.3514
DIM:ROT:      46         1  -17.1144    0.3703    0.5547
DIM:ROT:      46         2  -17.1149    0.2131    0.2978
DIM:ROT:      46         3  -17.1150    0.1374    0.2061
DIM:ROT:      47         1  -16.8421    0.4666    0.4755
DIM:ROT:      47         2  -16.8438    0.1604    0.3310
DIM:ROT:      47         3  -16.8443    0.1223    0.1654
DIM:ROT:      48         1  -16.7819    1.0190    0.9071
DIM:ROT:      48         2  -16.7865    0.2660    0.4390
DIM:ROT:      48         3  -16.7874    0.1569    0.2389
DIM:ROT:      49         1  -16.3911    0.9884    1.3481
DIM:ROT:      49         2  -16.4003    0.5464    0.8404
DIM:ROT:      49         3  -16.4037    0.3749    0.5009
DIM:ROT:      50         1  -16.4471    0.8362    0.6550
DIM:ROT:      50         2  -16.4508    0.2513    0.5045
DIM:ROT:      50         3  -16.4515    0.1684    0.2176
DIM:ROT:      51         1  -16.5964    0.3775    0.4754
DIM:ROT:      51         2  -16.5972    0.1751    0.2947
DIM:ROT:      51         3  -16.5978    0.1289    0.1877
DIM:ROT:      52         1  -16.8691    0.9639    0.8930
DIM:ROT:      52         2  -16.8688    0.2823    0.4311
DIM:ROT:      52         3  -16.8694    0.1590    0.2481
DIM:ROT:      53         1  -17.3704    0.8527    0.9310
DIM:ROT:      53         2  -17.3713    0.3489    0.6297
DIM:ROT:      53         3  -17.3721    0.2456    0.3167
DIM:ROT:      54         1  -17.7200    0.5377    0.5528
DIM:ROT:      54         2  -17.7202    0.2127    0.4387
DIM:ROT:      54         3  -17.7207    0.1637    0.2044
DIM:ROT:      55         1  -17.7431    0.3330    0.6348
DIM:ROT:      55         2  -17.7441    0.1613    0.2178
DIM:ROT:      55         3  -17.7444    0.0821    0.1555
DIM:ROT:      56         1  -17.6297    0.6083    0.7104
DIM:ROT:      56         2  -17.6332    0.2669    0.3556
DIM:ROT:      56         3  -17.6342    0.1644    0.1939
DIM:ROT:      57         1  -17.0957    0.7386    0.7547
DIM:ROT:      57         2  -17.1001    0.3081    0.4652
DIM:ROT:      57         3  -17.1014    0.1898    0.2389
DIM:ROT:      58         1  -16.4602    0.6801    0.8006
DIM:ROT:      58         2  -16.4640    0.3282    0.4981
DIM:ROT:      58         3  -16.4653    0.2074    0.2874
DIM:ROT:      59         1  -16.6290    0.5070    0.9516
DIM:ROT:      59         2  -16.6300    0.1997    0.2549
DIM:ROT:      59         3  -16.6307    0.1145    0.2109
DIM:ROT:      60         1  -17.2001    0.6131    0.9141
DIM:ROT:      60         2  -17.2019    0.3728    0.3488
DIM:ROT:      60         3  -17.2021    0.1590    0.2504
DIM:ROT:      61         1  -17.8005    0.5878    0.9159
DIM:ROT:      61         2  -17.8024    0.3318    0.3773
DIM:ROT:      61         3  -17.8025    0.1581    0.2757
DIM:ROT:      62         1  -18.2283    0.7029    1.1640
DIM:ROT:      62         2  -18.2308    0.4480    0.4170
DIM:ROT:      62         3  -18.2314    0.1852    0.3170
DIM:ROT:      63         1  -17.7609    0.4442    0.7675
DIM:ROT:      63         2  -17.7621    0.2526    0.2678
DIM:ROT:      63         3  -17.7624    0.1286    0.2104
DIM:ROT:      64         1  -17.2224    0.5065    0.7606
DIM:ROT:      64         2  -17.2247    0.3165    0.2877
DIM:ROT:      64         3  -17.2256    0.1443    0.2007
DIM:ROT:      65         1  -17.0999    0.4090    0.5648
DIM:ROT:      65         2  -17.1017    0.2530    0.2601
DIM:ROT:      65         3  -17.1025    0.1333    0.1862
DIM:ROT:      66         1  -17.1595    0.7754    1.1665
DIM:ROT:      66         2  -17.1650    0.4369    0.5193
DIM:ROT:      66         3  -17.1670    0.2443    0.3649
DIM:ROT:      67         1  -17.2829    0.2114    0.3074
DIM:ROT:      67         2  -17.2831    0.1584    0.1905
DIM:ROT:      67         3  -17.2834    0.1012    0.1483
DIM:ROT:      68         1  -17.4312    0.6197    0.5601
DIM:ROT:      68         2  -17.4313    0.2112    0.3636
DIM:ROT:      68         3  -17.4318    0.1324    0.1754
DIM:ROT:      69         1  -17.4116    0.4877    0.3656
DIM:ROT:      69         2  -17.4113    0.1169    0.2517
DIM:ROT:      69         3  -17.4115    0.0824    0.1053
DIM:ROT:      70         1  -17.4112    0.2289    0.3399
DIM:ROT:      70         2  -17.4111    0.1405    0.2056
DIM:ROT:      70         3  -17.4112    0.0865    0.1381
DIM:ROT:      71         1  -17.3767    0.1780    0.1754
DIM:ROT:      71         2  -17.3767    0.0718    0.1389
DIM:ROT:      71         3  -17.3768    0.0534    0.0711
DIM:ROT:      72         1  -17.4169    0.1398    0.2758
DIM:ROT:      72         2  -17.4171    0.0835    0.0909
DIM:ROT:      73         1  -17.5723    0.1792    0.2053
DIM:ROT:      73         2  -17.5729    0.0695    0.1061
DIM:ROT:      73         3  -17.5731    0.0431    0.0642
DIM:ROT:      74         1  -17.5142    0.1831    0.1698
DIM:ROT:      74         2  -17.5146    0.0686    0.1186
DIM:ROT:      74         3  -17.5146    0.0520    0.0572
DIM:ROT:      75         1  -17.4143    0.1313    0.1733
DIM:ROT:      75         2  -17.4146    0.0586    0.1047
DIM:ROT:      75         3  -17.4146    0.0454    0.0621
DIM:ROT:      76         1  -17.4987    0.3041    0.3943
DIM:ROT:      76         2  -17.4987    0.1465    0.2127
DIM:ROT:      76         3  -17.4988    0.0921    0.1202
DIM:ROT:      77         1  -17.6810    0.3035    0.2640
DIM:ROT:      77         2  -17.6810    0.0974    0.1831
DIM:ROT:      77         3  -17.6811    0.0620    0.0866
DIM:ROT:      78         1  -17.9753    0.3260    0.2328
DIM:ROT:      78         2  -17.9752    0.0838    0.1459
DIM:ROT:      78         3  -17.9754    0.0463    0.0624
DIM:ROT:      79         1  -18.0298    0.1391    0.2104
DIM:ROT:      79         2  -18.0300    0.0707    0.0962
DIM:ROT:      80         1  -17.8586    0.1588    0.1915
DIM:ROT:      80         2  -17.8589    0.0709    0.1345
DIM:ROT:      80         3  -17.8590    0.0561    0.0747
DIM:ROT:      81         1  -17.7926    0.1168    0.1235
DIM:ROT:      81         2  -17.7929    0.0486    0.0970
DIM:ROT:      82         1  -17.7988    0.2295    0.2075
DIM:ROT:      82         2  -17.7995    0.0647    0.1195
DIM:ROT:      82         3  -17.7996    0.0457    0.0659
DIM:ROT:      83         1  -17.7888    0.0652    0.1118
DIM:ROT:      83         2  -17.7889    0.0467    0.0595
DIM:ROT:      84         1  -17.8471    0.0355    0.0577
DIM:ROT:      85         1  -17.9524    0.1044    0.1272
DIM:ROT:      85         2  -17.9522    0.0500    0.0832
DIM:ROT:      86         1  -17.9955    0.0836    0.0958
DIM:ROT:      87         1  -18.0508    0.0886    0.0767
DIM:ROT:      88         1  -18.0977    0.0605    0.0910
DIM:ROT:      89         1  -18.0701    0.0804    0.1533
DIM:ROT:      89         2  -18.0702    0.0468    0.0549
DIM:ROT:      90         1  -18.0711    0.1072    0.1393
DIM:ROT:      90         2  -18.0714    0.0474    0.0766
DIM:ROT:      91         1  -18.0774    0.0557    0.0884
DIM:ROT:      92         1  -18.0746    0.0921    0.1042
DIM:ROT:      92         2  -18.0747    0.0383    0.0535
DIM:ROT:      93         1  -18.1266    0.0950    0.1245
DIM:ROT:      93         2  -18.1265    0.0473    0.0633
DIM:ROT:      94         1  -18.1673    0.0710    0.0803
DIM:ROT:      95         1  -18.1839    0.0384    0.0690
DIM:ROT:      96         1  -18.2007    0.0677    0.0778
DIM:ROT:      97         1  -18.1806    0.0463    0.0478
DIM:ROT:      98         1  -18.1513    0.0376    0.0599
DIM:ROT:      99         1  -18.1884    0.0446    0.0581
DIM:ROT:     100         1  -18.2021    0.0309    0.0522
DIM:ROT:     101         1  -18.1974    0.0258    0.0476
DIM:ROT:     102         1  -18.1866    0.0383    0.0584
DIM:ROT:     103         1  -18.1635    0.0208    0.0319
DIM:ROT:     104         1  -18.1421    0.0341    0.0427
DIM:ROT:     105         1  -18.1457    0.0312    0.0422
DIM:ROT:     106         1  -18.1501    0.0288    0.0512
DIM:ROT:     107         1  -18.1658    0.0226    0.0324
DIM:ROT:     108         1  -18.1934    0.0285    0.0410
DIM:ROT:     109         1  -18.2358    0.0706    0.0848
DIM:ROT:     110         1  -18.2451    0.0561    0.0471
DIM:ROT:     111         1  -18.2335    0.0535    0.0896
DIM:ROT:     112         1  -18.2166    0.0404    0.0585
DIM:ROT:     113         1  -18.2145    0.0338    0.0496
DIM:ROT:     114         1  -18.2153    0.0341    0.0391
DIM:ROT:     115         1  -18.2139    0.0195    0.0333
