MINMODE:METHOD: Dimer
DIM:CONTROL: Search Parameters:
DIM:CONTROL: ------------------
DIM:CONTROL: eigenmode_method = dimer
DIM:CONTROL: f_rot_min = 0.01
DIM:CONTROL: f_rot_max = 0.1
DIM:CONTROL: max_num_rot = 3
DIM:CONTROL: trial_angle = 0.7853981633974483
DIM:CONTROL: trial_trans_step = 0.001
DIM:CONTROL: maximum_translation = 0.1
DIM:CONTROL: cg_translation = True
DIM:CONTROL: use_central_forces = True
DIM:CONTROL: dimer_separation = 0.005
DIM:CONTROL: initial_eigenmode_method = gauss
DIM:CONTROL: extrapolate_forces = True
DIM:CONTROL: displacement_method = gauss
DIM:CONTROL: gauss_std = 0.1
DIM:CONTROL: order = 1
DIM:CONTROL: mask = None
DIM:CONTROL: displacement_center = None
DIM:CONTROL: displacement_radius = None
DIM:CONTROL: number_of_displacement_atoms = None
DIM:CONTROL: ------------------
DIM:ROT: OPT-STEP ROT-STEP CURVATURE ROT-ANGLE ROT-FORCE
DIM:ROT:       0         1    4.6750    5.7245    8.8016
DIM:ROT:       0         2    4.1748    5.2040    5.4502
DIM:ROT:       0         3    3.8746    3.4186    5.0516
DIM:ROT:       1         1    2.4948    2.8046    3.5760
DIM:ROT:       1         2    2.3746    2.3399    2.9611
DIM:ROT:       1         3    2.2697    2.2028    2.6887
DIM:ROT:       2         1   -0.2795    3.4226    4.9783
DIM:ROT:       2         2   -0.5611    3.9543    3.9517
DIM:ROT:       2         3   -0.7944    3.0744    4.4817
DIM:ROT:       3         1   -5.1961   23.1316    5.5748
DIM:ROT:       3         2   -5.7468    5.0554    6.1988
DIM:ROT:       3         3   -5.9380    2.4114    4.7495
DIM:ROT:       4         1   -3.5169    2.3854    4.4225
DIM:ROT:       4         2   -3.6249    2.1893    2.8877
DIM:ROT:       4         3   -3.7094    1.6219    2.8705
DIM:ROT:       5         1    1.3928    3.0090    4.7015
DIM:ROT:       5         2    1.2209    2.7178    3.6752
DIM:ROT:       5         3    1.0700    2.3556    3.5413
DIM:ROT:       6         1    1.4803    6.5422    2.7858
DIM:ROT:       6         2    1.2952    2.1947    4.9456
DIM:ROT:       6         3    1.1490    3.4812    2.3339
DIM:ROT:       7         1   -7.8915    4.6882   10.9071
DIM:ROT:       7         2   -8.3333    5.4073    4.4044
DIM:ROT:       7         3   -8.5102    2.1777    4.9905
DIM:ROT:       8         1  -13.9905    4.7712    6.9160
DIM:ROT:       8         2  -14.3894    3.3937    6.6222
DIM:ROT:       8         3  -14.6348    3.2165    4.6452
DIM:ROT:       9         1   -9.1071    3.4121    9.2936
DIM:ROT:       9         2   -9.4448    4.3729    4.5481
DIM:ROT:       9         3   -9.7274    2.4629    6.3719
DIM:ROT:      10         1   -5.0044   10.0793    3.7091
DIM:ROT:      10         2   -5.4375    4.0561    5.8451
DIM:ROT:      10         3   -5.6493    4.2600    2.8267
DIM:ROT:      11         1   -1.0923    3.5812    7.0693
DIM:ROT:      11         2   -1.4382    3.0018    6.6829
DIM:ROT:      11         3   -1.7670    3.0612    5.9364
DIM:ROT:      12         1   -1.6088    5.1901    4.9809
DIM:ROT:      12         2   -1.9964    3.2220    6.8594
DIM:ROT:      12         3   -2.2934    4.2274    4.1594
DIM:ROT:      13         1   -4.1592    1.8684    5.1077
DIM:ROT:      13         2   -4.2845    2.3496    3.1498
DIM:ROT:      13         3   -4.3981    1.5294    4.1175
DIM:ROT:      14         1   -4.0881    2.5924    3.3668
DIM:ROT:      14         2   -4.1986    1.8504    3.4373
DIM:ROT:      14         3   -4.2788    1.9285    2.4651
DIM:ROT:      15         1   -6.5298    3.8196    2.5114
DIM:ROT:      15         2   -6.6045    2.0183    2.1977
DIM:ROT:      15         3   -6.6386    1.2735    1.6138
DIM:ROT:      16         1   -6.8940    0.9814    2.4536
DIM:ROT:      16         2   -6.9231    1.0850    1.4696
DIM:ROT:      16         3   -6.9409    0.7047    1.6814
DIM:ROT:      17         1   -5.8656    3.3355    2.1079
DIM:ROT:      17         2   -5.9231    1.2235    2.7111
DIM:ROT:      17         3   -5.9485    1.0860    1.4319
DIM:ROT:      18         1   -6.2411    7.0745    2.4190
DIM:ROT:      18         2   -6.3652    1.4170    4.8155
DIM:ROT:      18         3   -6.3983    1.3182    1.7099
DIM:ROT:      19         1   -5.9752    2.1310    3.5389
DIM:ROT:      19         2   -6.0690    1.4419    3.9166
DIM:ROT:      19         3   -6.1525    1.6987    2.7732
DIM:ROT:      20         1   -6.3173    1.7698    4.8478
DIM:ROT:      20         2   -6.4091    2.3922    2.2878
DIM:ROT:      20         3   -6.4694    1.1342    3.0479
DIM:ROT:      21         1   -7.0766    0.7157    1.7122
DIM:ROT:      21         2   -7.0905    0.7522    1.1315
DIM:ROT:      21         3   -7.1012    0.5395    1.2605
DIM:ROT:      22         1   -9.0105    5.6497    3.0711
DIM:ROT:      22         2   -9.2375    2.1866    6.5668
DIM:ROT:      22         3   -9.3930    3.4772    2.7124
DIM:ROT:      23         1  -19.2288   34.0701    7.7511
DIM:ROT:      23         2  -20.0009    4.8596    9.4167
DIM:ROT:      23         3  -20.1722    2.6677    3.5629
DIM:ROT:      24         1  -20.1506    1.5288    3.1216
DIM:ROT:      24         2  -20.2014    1.4621    1.9563
DIM:ROT:      24         3  -20.2324    0.9380    1.8926
DIM:ROT:      25         1  -18.4616    1.2749    4.7497
DIM:ROT:      25         2  -18.4715    1.0892    0.7901
DIM:ROT:      25         3  -18.4777    0.3017    0.8739
DIM:ROT:      26         1  -11.2860    1.1790    3.2643
DIM:ROT:      26         2  -11.3344    1.5348    1.8935
DIM:ROT:      26         3  -11.3785    0.9602    2.5905
DIM:ROT:      27         1  -10.8244    1.5979    3.7509
DIM:ROT:      27         2  -10.9028    2.1355    2.2974
DIM:ROT:      27         3  -10.9761    1.3418    3.0623
DIM:ROT:      28         1   -6.6072    3.0216   10.6645
DIM:ROT:      28         2   -6.8001    3.9632    3.0746
DIM:ROT:      28         3   -6.9565    1.6655    4.9348
DIM:ROT:      29         1   -4.9099    2.1873    3.6784
DIM:ROT:      29         2   -5.0011    1.3346    3.8474
DIM:ROT:      29         3   -5.0724    1.5378    2.6689
DIM:ROT:      30         1   -7.7151    2.2733    6.9466
DIM:ROT:      30         2   -7.7949    2.9087    1.7545
DIM:ROT:      30         3   -7.8534    1.2139    2.8286
DIM:ROT:      31         1   -3.9155    3.4288    6.3992
DIM:ROT:      31         2   -4.2909    3.7849    5.8145
DIM:ROT:      31         3   -4.7160    3.5910    6.6450
DIM:ROT:      32         1   -1.8379   22.9269    4.5263
DIM:ROT:      32         2   -2.5330    3.3569   11.9512
DIM:ROT:      32         3   -2.8335    3.3292    5.5651
DIM:ROT:      33         1    0.4311    2.6619    5.6750
DIM:ROT:      33         2    0.2683    2.1640    4.5171
DIM:ROT:      33         3    0.1345    1.9107    3.8913
DIM:ROT:      34         1   -2.9909    2.3343    7.2003
DIM:ROT:      34         2   -3.2771    4.1300    3.9158
DIM:ROT:      34         3   -3.5388    2.2379    6.8233
DIM:ROT:      35         1   -4.2172   11.5902    4.1882
DIM:ROT:      35         2   -5.1386    3.8799   13.3102
DIM:ROT:      35         3   -5.8463    8.9140    4.6716
DIM:ROT:      36         1   -5.7240    2.9915   10.5788
DIM:ROT:      36         2   -6.1555    4.8215    5.2460
DIM:ROT:      36         3   -6.5747    2.5988    8.9141
DIM:ROT:      37         1   -6.0484    3.6927    6.5400
DIM:ROT:      37         2   -6.4500    3.5512    6.4276
DIM:ROT:      37         3   -6.8012    3.3749    6.0397
DIM:ROT:      38         1   -7.7585    2.7499    4.6289
DIM:ROT:      38         2   -7.9514    1.9069    5.7797
DIM:ROT:      38         3   -8.1326    2.4532    4.1326
DIM:ROT:      39         1   -6.1273    2.3305    5.4081
DIM:ROT:      39         2   -6.3016    2.3847    4.0294
DIM:ROT:      39         3   -6.4372    1.8452    4.1455
DIM:ROT:      40         1   -4.0218    2.4291    4.3855
DIM:ROT:      40         2   -4.1538    1.3947    5.3195
DIM:ROT:      40         3   -4.2720    1.9217    3.3141
DIM:ROT:      41         1   -1.8653    1.4446    5.0103
DIM:ROT:      41         2   -1.9700    2.2456    2.5650
DIM:ROT:      41         3   -2.0498    1.1653    3.9610
DIM:ROT:      42         1   -1.0025    7.3191    2.3097
DIM:ROT:      42         2   -1.1591    1.9566    4.7454
DIM:ROT:      42         3   -1.2266    2.3146    1.6431
DIM:ROT:      43         1   -6.4726    4.4380    2.5591
DIM:ROT:      43         2   -6.5638    1.4514    3.4958
DIM:ROT:      43         3   -6.5968    1.2315    1.5801
DIM:ROT:      44         1   -7.7181    0.9107    4.2798
DIM:ROT:      44         2   -7.7644    1.5962    1.5850
DIM:ROT:      44         3   -7.7942    0.6211    2.7951
DIM:ROT:      45         1   -4.1017    4.1813    1.8239
DIM:ROT:      45         2   -4.1466    1.1898    2.0557
DIM:ROT:      45         3   -4.1696    0.6399    2.0537
DIM:ROT:      46         1   -3.9788    1.7097    1.4676
DIM:ROT:      46         2   -4.0129    0.8561    2.2511
DIM:ROT:      46         3   -4.0365    1.0432    1.2727
DIM:ROT:      47         1   -2.7223    0.7920    2.3969
DIM:ROT:      47         2   -2.7449    0.7349    1.7652
DIM:ROT:      47         3   -2.7646    0.6088    1.7642
DIM:ROT:      48         1   -0.6012    1.4559    2.6465
DIM:ROT:      48         2   -0.6402    0.8053    2.7217
DIM:ROT:      48         3   -0.6659    0.9556    1.5985
DIM:ROT:      49         1   -0.4620    0.9411    1.7496
DIM:ROT:      49         2   -0.4840    0.7955    1.5673
DIM:ROT:      49         3   -0.5042    0.7778    1.4398
DIM:ROT:      50         1   -0.3620    0.8354    1.8419
DIM:ROT:      50         2   -0.3857    0.7809    1.7120
DIM:ROT:      50         3   -0.4057    0.7280    1.6076
DIM:ROT:      51         1   -2.6900    3.3308    3.2028
DIM:ROT:      51         2   -2.7673    1.1268    3.7437
DIM:ROT:      51         3   -2.8140    1.3124    2.0041
DIM:ROT:      52         1   -3.1136    0.9930    2.5368
DIM:ROT:      52         2   -3.1449    1.1035    1.6060
DIM:ROT:      52         3   -3.1678    0.7349    1.8099
DIM:ROT:      53         1   -3.7662    1.3191    1.7011
DIM:ROT:      53         2   -3.7843    0.5638    1.8713
DIM:ROT:      53         3   -3.7995    0.7873    1.0908
DIM:ROT:      54         1   -4.9373    3.0117    2.9170
DIM:ROT:      54         2   -5.0116    1.1475    3.6783
DIM:ROT:      54         3   -5.0627    1.5958    1.8785
DIM:ROT:      55         1   -4.5702    1.1487    2.8252
DIM:ROT:      55         2   -4.6130    1.2527    1.9584
DIM:ROT:      55         3   -4.6509    0.9380    2.2488
DIM:ROT:      56         1   -4.1605    1.0496    1.7284
DIM:ROT:      56         2   -4.1887    0.7623    2.0991
DIM:ROT:      56         3   -4.2123    0.9161    1.4957
DIM:ROT:      57         1   -2.5201    0.7914    2.0506
DIM:ROT:      57         2   -2.5416    0.8564    1.4399
DIM:ROT:      57         3   -2.5610    0.6532    1.6492
DIM:ROT:      58         1   -1.1437    0.8776    1.6349
DIM:ROT:      58         2   -1.1597    0.6217    1.4426
DIM:ROT:      58         3   -1.1717    0.6340    1.1037
DIM:ROT:      59         1    0.0042    0.7810    1.3309
DIM:ROT:      59         2   -0.0105    0.5500    1.5317
DIM:ROT:      59         3   -0.0252    0.6855    1.1790
DIM:ROT:      60         1   -0.7420    1.0096    1.8923
DIM:ROT:      60         2   -0.7617    0.6892    1.6279
DIM:ROT:      60         3   -0.7767    0.7215    1.2588
DIM:ROT:      61         1   -1.4826    1.5290    2.2023
DIM:ROT:      61         2   -1.5201    0.9215    2.2973
DIM:ROT:      61         3   -1.5513    1.0653    1.6218
DIM:ROT:      62         1   -1.5394    0.6645    2.0420
DIM:ROT:      62         2   -1.5601    0.9067    1.2778
DIM:ROT:      62         3   -1.5765    0.5573    1.7006
DIM:ROT:      63         1   -1.5392    1.0496    1.0389
DIM:ROT:      63         2   -1.5546    0.5187    1.6635
DIM:ROT:      63         3   -1.5683    0.8674    0.8691
DIM:ROT:      64         1   -1.3403    0.4749    1.4084
DIM:ROT:      64         2   -1.3505    0.6820    0.8233
DIM:ROT:      64         3   -1.3588    0.4022    1.1726
DIM:ROT:      65         1   -0.8038    0.6571    1.0544
DIM:ROT:      65         2   -0.8129    0.4224    1.1763
DIM:ROT:      65         3   -0.8213    0.5271    0.8783
DIM:ROT:      66         1   -0.2311    0.7828    1.1465
DIM:ROT:      66         2   -0.2455    0.5649    1.3845
DIM:ROT:      66         3   -0.2574    0.6735    1.0098
DIM:ROT:      67         1    1.2301    1.4756    2.0671
DIM:ROT:      67         2    1.1849    1.0141    2.4977
DIM:ROT:      67         3    1.1424    1.2808    1.8174
DIM:ROT:      68         1    3.5811    2.4858    3.3647
DIM:ROT:      68         2    3.4610    1.7224    3.9641
DIM:ROT:      68         3    3.3600    2.0220    2.9312
DIM:ROT:      69         1    0.7423    1.0405    3.0469
DIM:ROT:      69         2    0.7112    1.3387    1.3703
DIM:ROT:      69         3    0.6829    0.7775    2.0489
DIM:ROT:      70         1   -2.9013    4.6758    2.8085
DIM:ROT:      70         2   -3.0813    1.8080    5.6908
DIM:ROT:      70         3   -3.2033    3.1791    2.2679
DIM:ROT:      71         1   -2.5888    1.3392    4.4547
DIM:ROT:      71         2   -2.6543    1.8311    2.0649
DIM:ROT:      71         3   -2.7170    1.0720    3.2282
DIM:ROT:      72         1   -0.4681    2.9969    2.4625
DIM:ROT:      72         2   -0.5904    1.4475    4.8160
DIM:ROT:      72         3   -0.7010    2.7853    2.3150
DIM:ROT:      73         1   -0.6327    1.4756    4.2605
DIM:ROT:      73         2   -0.7345    2.4829    2.3640
DIM:ROT:      73         3   -0.8384    1.4204    4.0943
DIM:ROT:      74         1   -0.4177    2.0727    2.3908
DIM:ROT:      74         2   -0.5032    1.3214    3.6946
DIM:ROT:      74         3   -0.5814    1.9876    2.2974
DIM:ROT:      75         1    0.4383    1.0954    3.4306
DIM:ROT:      75         2    0.3833    1.8908    1.6754
DIM:ROT:      75         3    0.3304    0.9784    3.0221
DIM:ROT:      76         1    2.1902    2.5982    1.5122
DIM:ROT:      76         2    2.1266    1.0653    3.4025
DIM:ROT:      76         3    2.0775    1.9526    1.4597
DIM:ROT:      77         1    1.7841    1.1789    2.6522
DIM:ROT:      77         2    1.7356    1.3002    2.1460
DIM:ROT:      77         3    1.6857    1.1194    2.5090
DIM:ROT:      78         1    0.4531    0.9493    2.7602
DIM:ROT:      78         2    0.4109    1.4752    1.6272
DIM:ROT:      78         3    0.3747    0.8568    2.4696
DIM:ROT:      79         1   -0.8411    2.6315    0.7869
DIM:ROT:      79         2   -0.8534    0.5200    1.3403
DIM:ROT:      79         3   -0.8575    0.3769    0.6654
DIM:ROT:      80         1   -1.8798   12.4585    1.4268
DIM:ROT:      80         2   -2.1287    2.1481    6.4928
DIM:ROT:      80         3   -2.1745    1.1860    2.1473
DIM:ROT:      81         1   -2.0291    1.0624    1.8321
DIM:ROT:      81         2   -2.0622    0.9105    2.0689
DIM:ROT:      81         3   -2.0922    1.0081    1.7726
DIM:ROT:      82         1   -1.4811    0.5808    1.6182
DIM:ROT:      82         2   -1.4959    0.9337    0.9278
DIM:ROT:      82         3   -1.5112    0.5562    1.5428
DIM:ROT:      83         1   -0.3626    0.3578    1.1025
DIM:ROT:      83         2   -0.3686    0.6249    0.5407
DIM:ROT:      83         3   -0.3741    0.3162    0.9472
DIM:ROT:      84         1   -0.1148    0.4471    0.5676
DIM:ROT:      84         2   -0.1192    0.3004    0.8209
DIM:ROT:      84         3   -0.1232    0.4240    0.5432
DIM:ROT:      85         1    0.1102    4.1072    0.6996
DIM:ROT:      85         2    0.0686    0.8102    2.8270
DIM:ROT:      85         3    0.0568    0.8837    0.7290
DIM:ROT:      86         1    0.3739    0.6863    1.9839
DIM:ROT:      86         2    0.3551    1.0791    0.9915
DIM:ROT:      86         3    0.3380    0.5963    1.6422
DIM:ROT:      87         1    0.1921    8.7659    0.7274
DIM:ROT:      87         2    0.1420    0.9383    3.0428
DIM:ROT:      87         3    0.1287    0.7774    0.9520
DIM:ROT:      88         1    0.0632    0.3033    0.9075
DIM:ROT:      88         2    0.0604    0.3991    0.4014
DIM:ROT:      88         3    0.0584    0.2102    0.5702
DIM:ROT:      89         1    0.0295    0.8346    0.4697
DIM:ROT:      89         2    0.0235    0.3270    1.0361
DIM:ROT:      89         3    0.0179    0.7456    0.4257
DIM:ROT:      90         1    0.0110    0.3063    0.9393
DIM:ROT:      90         2    0.0063    0.6352    0.4211
DIM:ROT:      90         3    0.0020    0.2839    0.8602
DIM:ROT:      91         1    0.0002    0.2911    0.2867
DIM:ROT:      91         2   -0.0011    0.1646    0.4404
DIM:ROT:      91         3   -0.0023    0.2552    0.2660
DIM:ROT:      92         1   -0.0400    0.1607    0.4959
DIM:ROT:      92         2   -0.0413    0.2743    0.2647
DIM:ROT:      92         3   -0.0424    0.1463    0.4460
DIM:ROT:      93         1   -0.0414    0.4952    0.2289
DIM:ROT:      93         2   -0.0431    0.1700    0.5811
DIM:ROT:      93         3   -0.0447    0.4052    0.2102
DIM:ROT:      94         1   -0.0316    0.1569    0.5944
DIM:ROT:      94         2   -0.0329    0.3684    0.1866
DIM:ROT:      94         3   -0.0339    0.1305    0.4593
DIM:ROT:      95         1    0.0211    0.1734    0.2112
DIM:ROT:      95         2    0.0206    0.1174    0.2312
DIM:ROT:      95         3    0.0202    0.1103    0.1973
DIM:ROT:      96         1   -0.0668    0.3073    0.2018
DIM:ROT:      96         2   -0.0677    0.1310    0.3936
DIM:ROT:      96         3   -0.0684    0.2006    0.1988
DIM:ROT:      97         1   -0.0887    0.1335    0.4199
DIM:ROT:      97         2   -0.0895    0.2182    0.2124
DIM:ROT:      97         3   -0.0902    0.1180    0.3556
DIM:ROT:      98         1   -0.0851    0.2972    0.2141
DIM:ROT:      98         2   -0.0860    0.1405    0.3883
DIM:ROT:      98         3   -0.0868    0.1956    0.2146
DIM:ROT:      99         1   -0.0843    0.1178    0.3688
DIM:ROT:      99         2   -0.0850    0.2073    0.1982
DIM:ROT:      99         3   -0.0857    0.1122    0.3471
DIM:ROT:     100         1   -0.0641    0.2198    0.1769
DIM:ROT:     100         2   -0.0646    0.1113    0.2742
DIM:ROT:     100         3   -0.0650    0.1227    0.1811
DIM:ROT:     101         1   -0.0468    0.1094    0.2868
DIM:ROT:     101         2   -0.0472    0.1154    0.1837
DIM:ROT:     101         3   -0.0475    0.0863    0.2093
DIM:ROT:     102         1   -0.0070    0.2706    0.2156
DIM:ROT:     102         2   -0.0075    0.1087    0.2665
DIM:ROT:     102         3   -0.0079    0.1187    0.1904
DIM:ROT:     103         1    0.0141    0.1454    0.3169
DIM:ROT:     103         2    0.0134    0.1369    0.2766
DIM:ROT:     103         3    0.0129    0.1242    0.2654
DIM:ROT:     104         1    0.0596    0.2184    0.1725
DIM:ROT:     104         2    0.0590    0.1026    0.3264
DIM:ROT:     104         3    0.0585    0.1710    0.1711
DIM:ROT:     105         1   -0.0073    0.1143    0.3764
DIM:ROT:     105         2   -0.0080    0.2120    0.1870
DIM:ROT:     105         3   -0.0086    0.1047    0.3404
DIM:ROT:     106         1   -0.0680    0.5273    0.2605
DIM:ROT:     106         2   -0.0701    0.2442    0.4942
DIM:ROT:     106         3   -0.0713    0.2869    0.2552
DIM:ROT:     107         1   -0.1114    0.1760    0.3819
DIM:ROT:     107         2   -0.1124    0.1729    0.3370
DIM:ROT:     107         3   -0.1135    0.1660    0.3524
DIM:ROT:     108         1   -0.1128    0.1975    0.4450
DIM:ROT:     108         2   -0.1139    0.2022    0.3111
DIM:ROT:     108         3   -0.1149    0.1595    0.3649
DIM:ROT:     109         1   -0.1096    0.2429    0.3493
DIM:ROT:     109         2   -0.1107    0.1791    0.3402
DIM:ROT:     109         3   -0.1115    0.1657    0.3088
DIM:ROT:     110         1   -0.1221    0.1496    0.3605
DIM:ROT:     110         2   -0.1231    0.1719    0.3050
DIM:ROT:     110         3   -0.1239    0.1427    0.3420
DIM:ROT:     111         1   -0.1187    0.2454    0.2771
DIM:ROT:     111         2   -0.1197    0.1420    0.4024
DIM:ROT:     111         3   -0.1207    0.2167    0.2531
DIM:ROT:     112         1   -0.1016    0.1330    0.3955
DIM:ROT:     112         2   -0.1025    0.2214    0.2111
DIM:ROT:     112         3   -0.1032    0.1231    0.3585
DIM:ROT:     113         1   -0.0985    0.2809    0.1969
DIM:ROT:     113         2   -0.0994    0.1232    0.4206
DIM:ROT:     113         3   -0.1003    0.2504    0.1964
DIM:ROT:     114         1   -0.0829    0.1194    0.4008
DIM:ROT:     114         2   -0.0837    0.2478    0.1798
DIM:ROT:     114         3   -0.0844    0.1108    0.3668
DIM:ROT:     115         1   -0.0764    0.3783    0.1693
DIM:ROT:     115         2   -0.0774    0.1308    0.4297
DIM:ROT:     115         3   -0.0782    0.2721    0.1714
DIM:ROT:     116         1   -0.0670    0.1168    0.3934
DIM:ROT:     116         2   -0.0674    0.1572    0.1550
DIM:ROT:     116         3   -0.0677    0.0810    0.2320
DIM:ROT:     117         1   -0.0520    0.1053    0.1543
DIM:ROT:     117         2   -0.0522    0.0715    0.1792
DIM:ROT:     117         3   -0.0524    0.0895    0.1394
DIM:ROT:     118         1   -0.0276    0.0901    0.1834
DIM:ROT:     118         2   -0.0278    0.0856    0.1534
DIM:ROT:     118         3   -0.0280    0.0775    0.1542
DIM:ROT:     119         1    0.0221    0.1568    0.2769
DIM:ROT:     119         2    0.0217    0.0952    0.2059
DIM:ROT:     119         3    0.0215    0.0925    0.1711
DIM:ROT:     120         1    0.0664    0.1320    0.3055
DIM:ROT:     120         2    0.0659    0.1236    0.2205
DIM:ROT:     120         3    0.0656    0.0958    0.2198
DIM:ROT:     121         1    0.0725    0.9521    0.3405
DIM:ROT:     121         2    0.0711    0.1871    0.4341
DIM:ROT:     121         3    0.0704    0.1412    0.2846
DIM:ROT:     122         1    0.0480    0.1769    0.3776
DIM:ROT:     122         2    0.0470    0.1782    0.3280
DIM:ROT:     122         3    0.0461    0.1591    0.3323
DIM:ROT:     123         1   -0.0331    0.3417    0.3308
DIM:ROT:     123         2   -0.0345    0.1694    0.4895
DIM:ROT:     123         3   -0.0359    0.2604    0.2865
DIM:ROT:     124         1   -0.1143    0.2300    0.6060
DIM:ROT:     124         2   -0.1162    0.2577    0.4052
DIM:ROT:     124         3   -0.1177    0.1884    0.4712
DIM:ROT:     125         1   -0.1497    0.5663    0.4489
DIM:ROT:     125         2   -0.1526    0.2434    0.6928
DIM:ROT:     125         3   -0.1550    0.3437    0.3906
DIM:ROT:     126         1   -0.1485    0.2392    0.6795
DIM:ROT:     126         2   -0.1509    0.3415    0.4059
DIM:ROT:     126         3   -0.1531    0.2117    0.5826
DIM:ROT:     127         1   -0.1212    0.3429    0.3434
DIM:ROT:     127         2   -0.1229    0.1837    0.5598
DIM:ROT:     127         3   -0.1247    0.2965    0.3228
DIM:ROT:     128         1   -0.1026    0.1772    0.5215
DIM:ROT:     128         2   -0.1042    0.3096    0.2892
DIM:ROT:     128         3   -0.1057    0.1694    0.4955
DIM:ROT:     129         1   -0.0709    0.4529    0.2496
DIM:ROT:     129         2   -0.0725    0.1707    0.5303
DIM:ROT:     129         3   -0.0737    0.2970    0.2359
DIM:ROT:     130         1   -0.0582    0.1458    0.5147
DIM:ROT:     130         2   -0.0592    0.2655    0.2118
DIM:ROT:     130         3   -0.0600    0.1227    0.4020
DIM:ROT:     131         1   -0.0342    0.3708    0.2008
DIM:ROT:     131         2   -0.0350    0.1269    0.4008
DIM:ROT:     131         3   -0.0356    0.1542    0.2076
DIM:ROT:     132         1   -0.0367    0.1003    0.2694
DIM:ROT:     132         2   -0.0372    0.1488    0.1782
DIM:ROT:     132         3   -0.0376    0.0973    0.2596
DIM:ROT:     133         1   -0.0436    0.1897    0.1728
DIM:ROT:     133         2   -0.0442    0.1007    0.2933
DIM:ROT:     133         3   -0.0447    0.1710    0.1676
DIM:ROT:     134         1   -0.0496    0.0961    0.2934
DIM:ROT:     134         2   -0.0501    0.1724    0.1643
DIM:ROT:     134         3   -0.0506    0.0943    0.2875
DIM:ROT:     135         1   -0.0547    0.2359    0.1617
DIM:ROT:     135         2   -0.0553    0.1052    0.3398
DIM:ROT:     135         3   -0.0560    0.2239    0.1583
DIM:ROT:     136         1   -0.0629    0.1168    0.3327
DIM:ROT:     136         2   -0.0635    0.1865    0.1912
DIM:ROT:     136         3   -0.0641    0.1097    0.3060
DIM:ROT:     137         1   -0.0619    0.1643    0.1897
DIM:ROT:     137         2   -0.0624    0.1016    0.2896
DIM:ROT:     137         3   -0.0630    0.1586    0.1867
DIM:ROT:     138         1   -0.0859    0.1296    0.2792
DIM:ROT:     138         2   -0.0865    0.1300    0.2517
DIM:ROT:     138         3   -0.0870    0.1194    0.2528
DIM:ROT:     139         1   -0.0910    0.1645    0.2614
DIM:ROT:     139         2   -0.0917    0.1339    0.2927
DIM:ROT:     139         3   -0.0924    0.1573    0.2491
DIM:ROT:     140         1   -0.1018    0.1720    0.2762
DIM:ROT:     140         2   -0.1026    0.1377    0.3034
DIM:ROT:     140         3   -0.1032    0.1567    0.2527
DIM:ROT:     141         1   -0.1084    0.1244    0.3059
DIM:ROT:     141         2   -0.1090    0.1506    0.2384
DIM:ROT:     141         3   -0.1097    0.1218    0.2983
DIM:ROT:     142         1   -0.1088    0.1697    0.2257
DIM:ROT:     142         2   -0.1095    0.1199    0.3103
DIM:ROT:     142         3   -0.1101    0.1627    0.2185
DIM:ROT:     143         1   -0.1072    0.1288    0.3070
DIM:ROT:     143         2   -0.1078    0.1627    0.2296
DIM:ROT:     143         3   -0.1085    0.1264    0.3002
DIM:ROT:     144         1   -0.1095    0.1430    0.2289
DIM:ROT:     144         2   -0.1101    0.1193    0.2759
DIM:ROT:     144         3   -0.1106    0.1407    0.2256
DIM:ROT:     145         1   -0.1108    0.1140    0.2853
DIM:ROT:     145         2   -0.1113    0.1457    0.2116
DIM:ROT:     145         3   -0.1118    0.1123    0.2797
DIM:ROT:     146         1   -0.1096    0.1736    0.2048
DIM:ROT:     146         2   -0.1102    0.1167    0.3050
DIM:ROT:     146         3   -0.1108    0.1696    0.2020
DIM:ROT:     147         1   -0.1084    0.1194    0.3281
DIM:ROT:     147         2   -0.1090    0.1778    0.1962
DIM:ROT:     147         3   -0.1096    0.1139    0.3080
DIM:ROT:     148         1   -0.1101    0.1718    0.1875
DIM:ROT:     148         2   -0.1107    0.1064    0.3022
DIM:ROT:     148         3   -0.1112    0.1663    0.1852
DIM:ROT:     149         1   -0.1064    0.1146    0.3467
DIM:ROT:     149         2   -0.1069    0.1847    0.1752
DIM:ROT:     149         3   -0.1075    0.1044    0.3037
DIM:ROT:     150         1   -0.1027    0.3085    0.1712
DIM:ROT:     150         2   -0.1036    0.1271    0.3903
DIM:ROT:     150         3   -0.1043    0.2325    0.1715
DIM:ROT:     151         1   -0.0996    0.1290    0.4144
DIM:ROT:     151         2   -0.1001    0.1921    0.1673
DIM:ROT:     151         3   -0.1006    0.1002    0.2873
DIM:ROT:     152         1   -0.0947    0.3941    0.1476
DIM:ROT:     152         2   -0.0956    0.1849    0.2716
DIM:ROT:     152         3   -0.0959    0.1178    0.1645
DIM:ROT:     153         1   -0.0809    0.1032    0.2881
DIM:ROT:     153         2   -0.0813    0.1319    0.1525
DIM:ROT:     153         3   -0.0816    0.0854    0.2208
DIM:ROT:     154         1   -0.0603    0.1647    0.2042
DIM:ROT:     154         2   -0.0606    0.0877    0.1893
DIM:ROT:     154         3   -0.0608    0.0904    0.1537
DIM:ROT:     155         1   -0.0532    0.1316    0.1298
DIM:ROT:     155         2   -0.0534    0.0631    0.1781
DIM:ROT:     155         3   -0.0535    0.0843    0.1082
DIM:ROT:     156         1   -0.0385    0.0891    0.2804
DIM:ROT:     156         2   -0.0387    0.0913    0.1187
DIM:ROT:     156         3   -0.0388    0.0521    0.1422
DIM:ROT:     157         1   -0.0210    0.2517    0.1006
DIM:ROT:     157         2   -0.0212    0.1024    0.1377
DIM:ROT:     157         3   -0.0214    0.0896    0.0838
DIM:ROT:     158         1   -0.0074    0.0674    0.1069
DIM:ROT:     158         2   -0.0074    0.0424    0.0976
DIM:ROT:     159         1   -0.0100    0.0506    0.1445
DIM:ROT:     159         2   -0.0100    0.0567    0.0835
DIM:ROT:     160         1   -0.0106    0.0504    0.1490
DIM:ROT:     160         2   -0.0106    0.0641    0.0757
