MINMODE:METHOD: Dimer
DIM:CONTROL: Search Parameters:
DIM:CONTROL: ------------------
DIM:CONTROL: eigenmode_method = dimer
DIM:CONTROL: f_rot_min = 0.01
DIM:CONTROL: f_rot_max = 0.1
DIM:CONTROL: max_num_rot = 3
DIM:CONTROL: trial_angle = 0.7853981633974483
DIM:CONTROL: trial_trans_step = 0.001
DIM:CONTROL: maximum_translation = 0.1
DIM:CONTROL: cg_translation = True
DIM:CONTROL: use_central_forces = True
DIM:CONTROL: dimer_separation = 0.005
DIM:CONTROL: initial_eigenmode_method = gauss
DIM:CONTROL: extrapolate_forces = True
DIM:CONTROL: displacement_method = gauss
DIM:CONTROL: gauss_std = 0.1
DIM:CONTROL: order = 1
DIM:CONTROL: mask = None
DIM:CONTROL: displacement_center = None
DIM:CONTROL: displacement_radius = None
DIM:CONTROL: number_of_displacement_atoms = None
DIM:CONTROL: ------------------
DIM:ROT: OPT-STEP ROT-STEP CURVATURE ROT-ANGLE ROT-FORCE
DIM:ROT:       0         1   12.6872    9.5753   35.1447
DIM:ROT:       0         2    8.6189   11.6780   19.3365
DIM:ROT:       0         3    6.1698    6.2477   23.2818
DIM:ROT:       1         1    0.7365    9.1458    9.8510
DIM:ROT:       1         2   -0.2580    3.5977   15.9458
DIM:ROT:       1         3   -0.9964    5.9798    6.8481
DIM:ROT:       2         1   -0.7490    3.3610   12.5925
DIM:ROT:       2         2   -1.2977    5.8440    5.2538
DIM:ROT:       2         3   -1.6962    2.5388    9.1862
DIM:ROT:       3         1    1.2686    6.5674    5.1318
DIM:ROT:       3         2    0.9762    3.3488    4.9565
DIM:ROT:       3         3    0.7549    3.5993    3.5574
DIM:ROT:       4         1    7.4364   12.3177    7.0722
DIM:ROT:       4         2    6.2003    6.3573   10.8833
DIM:ROT:       4         3    4.9768   10.1809    6.6769
DIM:ROT:       5         1    1.8434   11.7189   13.4916
DIM:ROT:       5         2   -0.6887   10.4682   13.5549
DIM:ROT:       5         3   -2.7533    9.7614   12.1340
DIM:ROT:       6         1   -6.7988    9.8634   13.1903
DIM:ROT:       6         2   -8.5091    8.4087   11.6977
DIM:ROT:       6         3   -9.8271    7.3445   10.2081
DIM:ROT:       7         1    1.7497   10.5361   12.0205
DIM:ROT:       7         2    0.3377    6.8898   11.1060
DIM:ROT:       7         3   -0.6055    6.7188    7.8150
DIM:ROT:       8         1    1.9846   13.3901   12.5414
DIM:ROT:       8         2    0.9595    5.2303   11.4061
DIM:ROT:       8         3    0.3810    5.8195    5.4019
DIM:ROT:       9         1   -4.8923   10.8797   16.2450
DIM:ROT:       9         2   -5.6137    4.7592    8.5016
DIM:ROT:       9         3   -6.0829    4.8739    5.5606
DIM:ROT:      10         1  -16.9322   28.5654   17.2559
DIM:ROT:      10         2  -22.7791   12.8065   25.5120
DIM:ROT:      10         3  -27.0358   14.2730   16.4836
DIM:ROT:      11         1    2.5740   15.7495   22.7863
DIM:ROT:      11         2    0.0126    9.3292   14.8980
DIM:ROT:      11         3   -1.2198    7.0074    9.7113
DIM:ROT:      12         1   -1.3388    6.0822   11.2035
DIM:ROT:      12         2   -1.8095    4.4116    6.3691
DIM:ROT:      12         3   -2.1490    3.3903    5.5552
DIM:ROT:      13         1   -0.4112    8.8996    6.9208
DIM:ROT:      13         2   -1.1408    5.1184    8.0763
DIM:ROT:      13         3   -1.6644    5.8920    5.0981
DIM:ROT:      14         1   -3.1094    5.1064    9.8223
DIM:ROT:      14         2   -4.0140    6.1751    8.3504
DIM:ROT:      14         3   -5.0455    5.5008   10.5203
DIM:ROT:      15         1  -11.6254   17.2636   14.8032
DIM:ROT:      15         2  -15.7693   10.7277   22.9487
DIM:ROT:      15         3  -18.8407   12.8922   14.1455
DIM:ROT:      16         1  -21.2785   21.3205   25.2819
DIM:ROT:      16         2  -31.5751   20.3323   24.2117
DIM:ROT:      16         3  -36.2568   12.8951   23.6156
DIM:ROT:      17         1    3.2269   14.3939   18.1810
DIM:ROT:      17         2    2.0208    8.1443    8.3376
DIM:ROT:      17         3    1.1537    5.6487    8.3010
DIM:ROT:      18         1  -45.1492   22.3412   36.7078
DIM:ROT:      18         2  -46.0891   10.6735   15.5341
DIM:ROT:      18         3  -47.3221    4.8192    8.8040
DIM:ROT:      19         1    1.2020   29.2541   73.3075
DIM:ROT:      19         2   -0.8145   12.8258   10.4261
DIM:ROT:      19         3   -1.7733    6.5626   10.3562
DIM:ROT:      20         1  -30.9943    9.9259   26.5031
DIM:ROT:      20         2  -32.7300    8.4268   10.0783
DIM:ROT:      20         3  -33.4333    3.5010    9.0709
DIM:ROT:      21         1  -77.6931   16.5302   30.8398
DIM:ROT:      21         2  -78.4798    3.9295    8.7691
DIM:ROT:      21         3  -78.7439    1.3500    2.9985
DIM:ROT:      22         1 -230.3438   12.3980   52.6859
DIM:ROT:      22         2 -230.7563    1.5509    7.8046
DIM:ROT:      22         3 -230.8839    0.3016    1.3471
DIM:ROT:      23         1 -154.9577   12.4802   39.9240
DIM:ROT:      23         2 -156.1430    1.3794    5.3002
DIM:ROT:      23         3 -156.2198    0.3047    1.1218
DIM:ROT:      24         1 -189.1048    7.1053   28.2821
DIM:ROT:      24         2 -190.0255    0.7302    3.1032
DIM:ROT:      24         3 -190.0796    0.1452    0.7563
DIM:ROT:      25         1 -251.9227    3.5550   18.1146
DIM:ROT:      25         2 -252.1987    0.3037    1.8645
DIM:ROT:      25         3 -252.2458    0.0683    0.3939
DIM:ROT:      26         1 -275.6589    1.6896    9.8694
DIM:ROT:      26         2 -275.9050    0.1226    0.7201
DIM:ROT:      26         3 -275.9250    0.0208    0.1299
DIM:ROT:      27         1 -147.2800    8.8021   30.5820
DIM:ROT:      27         2 -148.5055    0.9990    3.4716
DIM:ROT:      27         3 -148.6001    0.1920    0.8127
DIM:ROT:      28         1 -276.3016    8.4590   47.5136
DIM:ROT:      28         2 -276.7080    0.5074    3.0386
DIM:ROT:      28         3 -276.7755    0.0835    0.5315
DIM:ROT:      29         1 -238.8417    4.4298   23.2058
DIM:ROT:      29         2 -239.5609    0.4553    2.1057
DIM:ROT:      29         3 -239.6136    0.0425    0.2533
DIM:ROT:      30         1 -110.6380    9.9610   28.7884
DIM:ROT:      30         2 -111.7275    1.2344    3.3656
DIM:ROT:      30         3 -111.8163    0.2768    1.0204
DIM:ROT:      31         1 -242.1030   10.7070   49.6490
DIM:ROT:      31         2 -242.4104    0.6146    3.2505
DIM:ROT:      31         3 -242.4824    0.0932    0.5245
DIM:ROT:      32         1 -181.2321    2.9136   11.3453
DIM:ROT:      32         2 -181.6216    0.3558    1.4757
DIM:ROT:      32         3 -181.6606    0.0717    0.3388
DIM:ROT:      33         1 -158.0350    7.0694   25.9371
DIM:ROT:      33         2 -158.6644    0.8389    2.6962
DIM:ROT:      33         3 -158.7249    0.1096    0.4364
DIM:ROT:      34         1 -149.8434    2.1254    7.7543
DIM:ROT:      34         2 -150.0354    0.2712    0.8137
DIM:ROT:      34         3 -150.0536    0.0312    0.1264
DIM:ROT:      35         1 -127.1960    1.9041    6.1398
DIM:ROT:      35         2 -127.3505    0.2102    0.6273
DIM:ROT:      35         3 -127.3647    0.0402    0.1614
DIM:ROT:      36         1 -146.2693    1.4764    5.0500
DIM:ROT:      36         2 -146.3196    0.1509    0.5266
DIM:ROT:      36         3 -146.3285    0.0337    0.1408
DIM:ROT:      37         1 -119.3539    3.6367   11.2090
DIM:ROT:      37         2 -119.6322    0.4494    1.2903
DIM:ROT:      37         3 -119.6570    0.0870    0.3559
DIM:ROT:      38         1 -142.4075    4.9416   17.4610
DIM:ROT:      38         2 -142.6075    0.6742    2.0434
DIM:ROT:      38         3 -142.6345    0.1063    0.4371
DIM:ROT:      39         1 -122.1743    1.9914    6.5801
DIM:ROT:      39         2 -122.3034    0.2951    0.7389
DIM:ROT:      39         3 -122.3161    0.0376    0.1415
DIM:ROT:      40         1 -115.7014    1.5167    4.5974
DIM:ROT:      40         2 -115.7818    0.2389    0.5985
DIM:ROT:      40         3 -115.7892    0.0374    0.1267
DIM:ROT:      41         1 -119.7605    0.5738    1.6841
DIM:ROT:      41         2 -119.7788    0.0884    0.2527
DIM:ROT:      41         3 -119.7824    0.0189    0.0699
DIM:ROT:      42         1 -117.9009    0.9065    2.7795
DIM:ROT:      42         2 -117.9565    0.1339    0.3395
DIM:ROT:      42         3 -117.9617    0.0175    0.0635
DIM:ROT:      43         1 -132.5356    1.0951    3.6181
DIM:ROT:      43         2 -132.5581    0.1510    0.5065
DIM:ROT:      43         3 -132.5644    0.0396    0.1589
DIM:ROT:      44         1 -131.8213    0.4029    1.3556
DIM:ROT:      44         2 -131.8427    0.0580    0.1803
DIM:ROT:      44         3 -131.8453    0.0136    0.0563
DIM:ROT:      45         1 -115.4228    1.6509    5.0920
DIM:ROT:      45         2 -115.5155    0.1984    0.5339
DIM:ROT:      45         3 -115.5237    0.0345    0.1370
DIM:ROT:      46         1 -125.8300    1.1382    3.6289
DIM:ROT:      46         2 -125.8500    0.1347    0.4191
DIM:ROT:      46         3 -125.8554    0.0311    0.1231
DIM:ROT:      47         1 -134.2998    1.0190    3.4138
DIM:ROT:      47         2 -134.3311    0.1268    0.3834
DIM:ROT:      47         3 -134.3363    0.0232    0.0970
DIM:ROT:      48         1 -116.6330    1.6537    5.2104
DIM:ROT:      48         2 -116.7227    0.2124    0.5646
DIM:ROT:      48         3 -116.7316    0.0369    0.1423
DIM:ROT:      49         1 -125.0404    1.6346    5.0159
DIM:ROT:      49         2 -125.0846    0.2506    0.7284
DIM:ROT:      49         3 -125.0953    0.0508    0.1974
DIM:ROT:      50         1 -135.6524    1.6138    5.1467
DIM:ROT:      50         2 -135.6978    0.2578    0.7891
DIM:ROT:      50         3 -135.7100    0.0489    0.1913
DIM:ROT:      51         1 -112.1886    2.6848    8.0964
DIM:ROT:      51         2 -112.3335    0.3847    0.9253
DIM:ROT:      51         3 -112.3479    0.0564    0.2008
DIM:ROT:      52         1 -122.2608    1.1369    3.2273
DIM:ROT:      52         2 -122.2964    0.2240    0.6832
DIM:ROT:      52         3 -122.3075    0.0569    0.2065
DIM:ROT:      53         1 -135.2112    1.2765    4.3100
DIM:ROT:      53         2 -135.2336    0.1308    0.3956
DIM:ROT:      53         3 -135.2387    0.0219    0.0887
DIM:ROT:      54         1 -128.7482    0.6745    2.1718
DIM:ROT:      54         2 -128.7884    0.1135    0.3243
DIM:ROT:      54         3 -128.7930    0.0210    0.0844
DIM:ROT:      55         1 -128.2401    0.8287    2.6208
DIM:ROT:      55         2 -128.2906    0.1602    0.4402
DIM:ROT:      55         3 -128.2977    0.0271    0.0989
DIM:ROT:      56         1 -131.4978    0.6033    1.9643
DIM:ROT:      56         2 -131.5248    0.1001    0.2734
DIM:ROT:      56         3 -131.5292    0.0150    0.0545
DIM:ROT:      57         1 -125.7653    0.6407    2.0645
DIM:ROT:      57         2 -125.8014    0.0831    0.2431
DIM:ROT:      57         3 -125.8049    0.0168    0.0681
DIM:ROT:      58         1 -130.9773    0.3552    1.1282
DIM:ROT:      58         2 -130.9864    0.0599    0.1653
DIM:ROT:      58         3 -130.9895    0.0100    0.0344
DIM:ROT:      59         1 -132.6539    0.1954    0.5760
DIM:ROT:      59         2 -132.6608    0.0339    0.1098
DIM:ROT:      59         3 -132.6625    0.0076    0.0272
DIM:ROT:      60         1 -120.1660    1.1398    3.5843
DIM:ROT:      60         2 -120.2274    0.1599    0.4455
DIM:ROT:      60         3 -120.2337    0.0315    0.1248
DIM:ROT:      61         1 -130.9843    1.7047    5.7333
DIM:ROT:      61         2 -131.0431    0.1962    0.5471
DIM:ROT:      61         3 -131.0498    0.0277    0.1102
DIM:ROT:      62         1 -126.7985    1.5582    5.2875
DIM:ROT:      62         2 -126.8980    0.2306    0.5764
DIM:ROT:      62         3 -126.9066    0.0224    0.0875
DIM:ROT:      63         1 -125.3254    0.7459    2.3268
DIM:ROT:      63         2 -125.3692    0.1516    0.3952
DIM:ROT:      63         3 -125.3752    0.0238    0.0790
DIM:ROT:      64         1 -130.2223    0.7872    2.4645
DIM:ROT:      64         2 -130.2436    0.1267    0.3514
DIM:ROT:      64         3 -130.2493    0.0210    0.0730
DIM:ROT:      65         1 -120.1014    1.0044    2.9262
DIM:ROT:      65         2 -120.1536    0.1979    0.5199
DIM:ROT:      65         3 -120.1599    0.0368    0.1341
DIM:ROT:      66         1 -118.0053    1.6098    4.4422
DIM:ROT:      66         2 -118.0921    0.3297    0.8603
DIM:ROT:      66         3 -118.1048    0.0612    0.1886
DIM:ROT:      67         1 -128.5633    1.0482    3.2292
DIM:ROT:      67         2 -128.5852    0.1686    0.4867
DIM:ROT:      67         3 -128.5928    0.0345    0.1342
DIM:ROT:      68         1 -121.8319    0.9323    2.9006
DIM:ROT:      68         2 -121.8825    0.1538    0.3988
DIM:ROT:      68         3 -121.8881    0.0249    0.0920
DIM:ROT:      69         1 -117.3914    0.7089    1.7439
DIM:ROT:      69         2 -117.4249    0.1197    0.3450
DIM:ROT:      69         3 -117.4276    0.0240    0.0719
DIM:ROT:      70         1 -126.1514    1.0900    3.4827
DIM:ROT:      70         2 -126.1716    0.1383    0.4008
DIM:ROT:      70         3 -126.1769    0.0278    0.1125
DIM:ROT:      71         1 -120.9882    0.6114    1.9651
DIM:ROT:      71         2 -121.0201    0.0741    0.2069
DIM:ROT:      71         3 -121.0229    0.0144    0.0574
DIM:ROT:      72         1 -118.0830    0.3554    1.1296
DIM:ROT:      72         2 -118.1003    0.0472    0.1199
DIM:ROT:      72         3 -118.1021    0.0067    0.0220
DIM:ROT:      73         1 -125.4186    0.8413    2.7124
DIM:ROT:      73         2 -125.4329    0.0966    0.2849
DIM:ROT:      73         3 -125.4363    0.0193    0.0773
DIM:ROT:      74         1 -119.3665    0.6455    1.9971
DIM:ROT:      74         2 -119.4006    0.1067    0.2941
DIM:ROT:      74         3 -119.4045    0.0245    0.0970
DIM:ROT:      75         1 -117.0148    0.5039    1.5010
DIM:ROT:      75         2 -117.0422    0.0964    0.2371
DIM:ROT:      75         3 -117.0455    0.0154    0.0547
DIM:ROT:      76         1 -123.6532    0.6174    1.9770
DIM:ROT:      76         2 -123.6636    0.0698    0.2001
DIM:ROT:      76         3 -123.6662    0.0142    0.0562
DIM:ROT:      77         1 -120.8962    0.3853    1.1744
DIM:ROT:      77         2 -120.9157    0.0660    0.1888
DIM:ROT:      77         3 -120.9180    0.0150    0.0589
DIM:ROT:      78         1 -114.2927    0.6646    1.9882
DIM:ROT:      78         2 -114.3281    0.1071    0.3083
DIM:ROT:      78         3 -114.3317    0.0290    0.1109
DIM:ROT:      79         1 -118.4423    0.7586    2.3596
DIM:ROT:      79         2 -118.4613    0.0873    0.2281
DIM:ROT:      79         3 -118.4642    0.0132    0.0459
DIM:ROT:      80         1 -116.4591    0.5766    1.7795
DIM:ROT:      80         2 -116.4916    0.0830    0.2043
DIM:ROT:      80         3 -116.4944    0.0119    0.0482
DIM:ROT:      81         1 -114.2060    0.7040    2.1029
DIM:ROT:      81         2 -114.2422    0.1172    0.2965
DIM:ROT:      81         3 -114.2460    0.0211    0.0798
DIM:ROT:      82         1 -120.3439    0.7789    2.4112
DIM:ROT:      82         2 -120.3573    0.1127    0.3287
DIM:ROT:      82         3 -120.3616    0.0266    0.1030
DIM:ROT:      83         1 -115.1391    0.5315    1.5488
DIM:ROT:      83         2 -115.1665    0.1080    0.2617
DIM:ROT:      83         3 -115.1698    0.0176    0.0559
DIM:ROT:      84         1 -108.2073    0.8696    2.6184
DIM:ROT:      84         2 -108.2500    0.1274    0.2919
DIM:ROT:      84         3 -108.2542    0.0191    0.0656
DIM:ROT:      85         1 -114.0683    0.7665    2.3193
DIM:ROT:      85         2 -114.0808    0.1176    0.3346
DIM:ROT:      85         3 -114.0850    0.0290    0.1092
DIM:ROT:      86         1 -113.0885    0.1987    0.5001
DIM:ROT:      86         2 -113.0959    0.0391    0.1129
DIM:ROT:      86         3 -113.0972    0.0096    0.0270
DIM:ROT:      87         1 -107.2609    0.6364    1.9503
DIM:ROT:      87         2 -107.2895    0.0814    0.1975
DIM:ROT:      87         3 -107.2922    0.0138    0.0479
DIM:ROT:      88         1 -110.7750    0.4383    1.3259
DIM:ROT:      88         2 -110.7888    0.0665    0.1640
DIM:ROT:      88         3 -110.7910    0.0120    0.0437
DIM:ROT:      89         1 -115.5023    0.6031    1.8629
DIM:ROT:      89         2 -115.5260    0.0897    0.2349
DIM:ROT:      89         3 -115.5290    0.0181    0.0706
DIM:ROT:      90         1 -107.5730    0.8128    2.5197
DIM:ROT:      90         2 -107.6095    0.0975    0.2650
DIM:ROT:      90         3 -107.6127    0.0215    0.0806
DIM:ROT:      91         1 -108.7762    0.3478    1.0315
DIM:ROT:      91         2 -108.7837    0.0366    0.0905
DIM:ROT:      92         1 -112.4441    0.4230    1.3017
DIM:ROT:      92         2 -112.4502    0.0489    0.1396
DIM:ROT:      92         3 -112.4518    0.0111    0.0426
DIM:ROT:      93         1 -109.0418    0.5334    1.6505
DIM:ROT:      93         2 -109.0661    0.0658    0.1815
DIM:ROT:      93         3 -109.0683    0.0151    0.0568
DIM:ROT:      94         1 -109.0002    0.0834    0.2019
DIM:ROT:      94         2 -109.0037    0.0158    0.0448
DIM:ROT:      95         1 -111.4072    0.3854    1.1499
DIM:ROT:      95         2 -111.4134    0.0567    0.1410
DIM:ROT:      95         3 -111.4154    0.0099    0.0325
DIM:ROT:      96         1 -109.1086    0.2834    0.8592
DIM:ROT:      96         2 -109.1215    0.0523    0.1287
DIM:ROT:      96         3 -109.1231    0.0111    0.0417
DIM:ROT:      97         1 -108.4780    0.2638    0.7115
DIM:ROT:      97         2 -108.4899    0.0588    0.1479
DIM:ROT:      97         3 -108.4913    0.0127    0.0421
DIM:ROT:      98         1 -111.3371    0.3230    0.9601
DIM:ROT:      98         2 -111.3420    0.0558    0.1394
DIM:ROT:      98         3 -111.3440    0.0109    0.0380
DIM:ROT:      99         1 -110.4219    0.1833    0.4812
DIM:ROT:      99         2 -110.4300    0.0414    0.1096
DIM:ROT:      99         3 -110.4309    0.0094    0.0293
DIM:ROT:     100         1 -108.8358    0.2324    0.6648
DIM:ROT:     100         2 -108.8463    0.0516    0.1265
DIM:ROT:     100         3 -108.8477    0.0107    0.0379
DIM:ROT:     101         1 -110.7054    0.3074    0.8584
DIM:ROT:     101         2 -110.7107    0.0620    0.1593
DIM:ROT:     101         3 -110.7132    0.0134    0.0438
DIM:ROT:     102         1 -109.9058    0.1762    0.4582
DIM:ROT:     102         2 -109.9139    0.0384    0.0969
DIM:ROT:     103         1 -109.1969    0.1178    0.3429
DIM:ROT:     103         2 -109.2021    0.0250    0.0613
DIM:ROT:     104         1 -110.8355    0.2334    0.6482
DIM:ROT:     104         2 -110.8415    0.0451    0.1103
DIM:ROT:     104         3 -110.8433    0.0086    0.0280
DIM:ROT:     105         1 -110.3654    0.1727    0.4757
DIM:ROT:     105         2 -110.3732    0.0392    0.0990
DIM:ROT:     106         1 -108.3763    0.2844    0.8448
DIM:ROT:     106         2 -108.3896    0.0519    0.1171
DIM:ROT:     106         3 -108.3911    0.0080    0.0250
DIM:ROT:     107         1 -109.8926    0.3003    0.8566
DIM:ROT:     107         2 -109.8977    0.0573    0.1511
DIM:ROT:     107         3 -109.8998    0.0133    0.0469
DIM:ROT:     108         1 -109.4766    0.2121    0.5765
DIM:ROT:     108         2 -109.4859    0.0435    0.1012
DIM:ROT:     108         3 -109.4874    0.0073    0.0216
DIM:ROT:     109         1 -106.6201    0.3942    1.1733
DIM:ROT:     109         2 -106.6381    0.0765    0.1776
DIM:ROT:     109         3 -106.6403    0.0143    0.0514
DIM:ROT:     110         1 -109.4374    0.3872    1.1161
DIM:ROT:     110         2 -109.4456    0.0734    0.1809
DIM:ROT:     110         3 -109.4483    0.0145    0.0482
DIM:ROT:     111         1 -109.2874    0.3879    1.0819
DIM:ROT:     111         2 -109.3070    0.0768    0.1747
DIM:ROT:     111         3 -109.3093    0.0112    0.0372
DIM:ROT:     112         1 -107.2277    0.3808    1.0560
DIM:ROT:     112         2 -107.2447    0.0864    0.2125
DIM:ROT:     112         3 -107.2469    0.0185    0.0633
DIM:ROT:     113         1 -108.8567    0.3507    0.9001
DIM:ROT:     113         2 -108.8646    0.0728    0.1949
DIM:ROT:     113         3 -108.8676    0.0173    0.0538
DIM:ROT:     114         1 -110.9952    0.4358    1.2261
DIM:ROT:     114         2 -111.0077    0.0891    0.2188
DIM:ROT:     114         3 -111.0112    0.0177    0.0503
DIM:ROT:     115         1 -107.3317    0.6489    1.8832
DIM:ROT:     115         2 -107.3635    0.1205    0.2758
DIM:ROT:     115         3 -107.3670    0.0202    0.0714
DIM:ROT:     116         1 -109.5137    0.5314    1.2291
DIM:ROT:     116         2 -109.5273    0.0871    0.2661
DIM:ROT:     116         3 -109.5310    0.0214    0.0674
DIM:ROT:     117         1 -110.2980    0.2187    0.5780
DIM:ROT:     117         2 -110.3026    0.0447    0.1140
DIM:ROT:     117         3 -110.3045    0.0098    0.0263
DIM:ROT:     118         1 -108.4759    0.1921    0.5816
DIM:ROT:     118         2 -108.4846    0.0310    0.0721
DIM:ROT:     119         1 -108.2090    0.1503    0.4024
DIM:ROT:     119         2 -108.2162    0.0317    0.0767
DIM:ROT:     120         1 -110.5876    0.2486    0.7407
DIM:ROT:     120         2 -110.5911    0.0395    0.1046
DIM:ROT:     120         3 -110.5925    0.0092    0.0335
DIM:ROT:     121         1 -109.5061    0.2312    0.6851
DIM:ROT:     121         2 -109.5167    0.0452    0.1090
DIM:ROT:     121         3 -109.5181    0.0085    0.0306
DIM:ROT:     122         1 -107.6584    0.2626    0.7344
DIM:ROT:     122         2 -107.6702    0.0586    0.1388
DIM:ROT:     122         3 -107.6717    0.0112    0.0352
DIM:ROT:     123         1 -111.0034    0.4669    1.4048
DIM:ROT:     123         2 -111.0107    0.0709    0.1876
DIM:ROT:     123         3 -111.0132    0.0156    0.0580
DIM:ROT:     124         1 -109.5056    0.5474    1.4245
DIM:ROT:     124         2 -109.5319    0.1163    0.2863
DIM:ROT:     124         3 -109.5351    0.0221    0.0638
DIM:ROT:     125         1 -106.4598    0.4043    1.1536
DIM:ROT:     125         2 -106.4776    0.0922    0.2106
DIM:ROT:     125         3 -106.4801    0.0168    0.0511
DIM:ROT:     126         1 -107.3120    0.4755    1.0984
DIM:ROT:     126         2 -107.3251    0.0831    0.2260
DIM:ROT:     126         3 -107.3288    0.0192    0.0480
DIM:ROT:     127         1 -109.0976    0.6109    1.4552
DIM:ROT:     127         2 -109.1192    0.1100    0.3015
DIM:ROT:     127         3 -109.1240    0.0253    0.0646
DIM:ROT:     128         1 -106.5817    0.6324    1.7949
DIM:ROT:     128         2 -106.6122    0.1293    0.2996
DIM:ROT:     128         3 -106.6157    0.0232    0.0799
DIM:ROT:     129         1 -108.2951    0.2717    0.7364
DIM:ROT:     129         2 -108.3001    0.0576    0.1469
DIM:ROT:     129         3 -108.3024    0.0130    0.0411
DIM:ROT:     130         1 -107.5998    0.2892    0.6975
DIM:ROT:     130         2 -107.6115    0.0555    0.1474
DIM:ROT:     130         3 -107.6135    0.0123    0.0397
DIM:ROT:     131         1 -105.8747    0.3154    0.8326
DIM:ROT:     131         2 -105.8885    0.0742    0.1831
DIM:ROT:     131         3 -105.8902    0.0161    0.0503
DIM:ROT:     132         1 -107.2831    0.2300    0.6077
DIM:ROT:     132         2 -107.2892    0.0491    0.1306
DIM:ROT:     132         3 -107.2911    0.0121    0.0400
DIM:ROT:     133         1 -108.3781    0.1938    0.4529
DIM:ROT:     133         2 -108.3831    0.0350    0.1004
DIM:ROT:     133         3 -108.3846    0.0086    0.0215
DIM:ROT:     134         1 -106.2860    0.3643    1.0315
DIM:ROT:     134         2 -106.3026    0.0829    0.1939
DIM:ROT:     134         3 -106.3048    0.0160    0.0528
DIM:ROT:     135         1 -107.0506    0.2085    0.5471
DIM:ROT:     135         2 -107.0565    0.0418    0.1024
DIM:ROT:     135         3 -107.0582    0.0087    0.0282
DIM:ROT:     136         1 -108.1418    0.2253    0.5683
DIM:ROT:     136         2 -108.1468    0.0452    0.1278
DIM:ROT:     136         3 -108.1487    0.0115    0.0370
DIM:ROT:     137         1 -106.3187    0.2751    0.8072
DIM:ROT:     137         2 -106.3317    0.0494    0.1107
DIM:ROT:     137         3 -106.3331    0.0079    0.0260
DIM:ROT:     138         1 -106.6694    0.1255    0.3340
DIM:ROT:     138         2 -106.6724    0.0254    0.0660
DIM:ROT:     139         1 -107.1378    0.1122    0.2872
DIM:ROT:     139         2 -107.1400    0.0221    0.0659
DIM:ROT:     140         1 -106.4485    0.1244    0.3723
DIM:ROT:     140         2 -106.4540    0.0214    0.0502
DIM:ROT:     141         1 -106.5477    0.0650    0.1631
DIM:ROT:     141         2 -106.5506    0.0132    0.0338
DIM:ROT:     142         1 -107.5872    0.1546    0.4590
DIM:ROT:     142         2 -107.5893    0.0249    0.0591
DIM:ROT:     143         1 -106.2588    0.1938    0.5750
DIM:ROT:     143         2 -106.2674    0.0365    0.0866
DIM:ROT:     144         1 -106.6885    0.0873    0.2162
DIM:ROT:     144         2 -106.6918    0.0169    0.0497
DIM:ROT:     145         1 -107.6691    0.1371    0.3857
DIM:ROT:     145         2 -107.6712    0.0277    0.0668
DIM:ROT:     146         1 -106.8103    0.1211    0.3387
DIM:ROT:     146         2 -106.8155    0.0286    0.0669
DIM:ROT:     147         1 -105.9288    0.1165    0.3446
DIM:ROT:     147         2 -105.9339    0.0238    0.0564
DIM:ROT:     148         1 -106.6381    0.1336    0.3723
DIM:ROT:     148         2 -106.6407    0.0251    0.0593
DIM:ROT:     149         1 -106.8764    0.0689    0.1606
DIM:ROT:     149         2 -106.8788    0.0122    0.0352
DIM:ROT:     150         1 -106.0927    0.1488    0.4313
DIM:ROT:     150         2 -106.0994    0.0287    0.0660
DIM:ROT:     151         1 -106.9093    0.1255    0.3509
DIM:ROT:     151         2 -106.9119    0.0247    0.0575
DIM:ROT:     152         1 -106.9744    0.1028    0.2667
DIM:ROT:     152         2 -106.9786    0.0213    0.0495
DIM:ROT:     153         1 -105.6659    0.1989    0.5793
DIM:ROT:     153         2 -105.6750    0.0378    0.0857
DIM:ROT:     154         1 -106.2808    0.1401    0.3791
DIM:ROT:     154         2 -106.2848    0.0287    0.0689
DIM:ROT:     155         1 -106.9873    0.1186    0.3483
DIM:ROT:     155         2 -106.9890    0.0186    0.0464
DIM:ROT:     156         1 -106.1397    0.1049    0.3194
DIM:ROT:     156         2 -106.1444    0.0163    0.0371
DIM:ROT:     157         1 -105.9190    0.0690    0.1760
DIM:ROT:     157         2 -105.9219    0.0160    0.0410
DIM:ROT:     158         1 -106.8235    0.1090    0.3188
DIM:ROT:     158         2 -106.8249    0.0185    0.0449
DIM:ROT:     159         1 -106.5344    0.0704    0.1850
DIM:ROT:     159         2 -106.5375    0.0169    0.0417
DIM:ROT:     160         1 -105.8357    0.1488    0.3500
DIM:ROT:     160         2 -105.8418    0.0308    0.0832
