MINMODE:METHOD: Dimer
DIM:CONTROL: Search Parameters:
DIM:CONTROL: ------------------
DIM:CONTROL: eigenmode_method = dimer
DIM:CONTROL: f_rot_min = 0.01
DIM:CONTROL: f_rot_max = 0.1
DIM:CONTROL: max_num_rot = 3
DIM:CONTROL: trial_angle = 0.7853981633974483
DIM:CONTROL: trial_trans_step = 0.001
DIM:CONTROL: maximum_translation = 0.1
DIM:CONTROL: cg_translation = True
DIM:CONTROL: use_central_forces = True
DIM:CONTROL: dimer_separation = 0.005
DIM:CONTROL: initial_eigenmode_method = gauss
DIM:CONTROL: extrapolate_forces = True
DIM:CONTROL: displacement_method = gauss
DIM:CONTROL: gauss_std = 0.1
DIM:CONTROL: order = 1
DIM:CONTROL: mask = None
DIM:CONTROL: displacement_center = None
DIM:CONTROL: displacement_radius = None
DIM:CONTROL: number_of_displacement_atoms = None
DIM:CONTROL: ------------------
DIM:ROT: OPT-STEP ROT-STEP CURVATURE ROT-ANGLE ROT-FORCE
DIM:ROT:       0         1   -3.5175   17.9055   18.0514
DIM:ROT:       0         2   -8.3819   12.8479   21.3021
DIM:ROT:       0         3  -13.1934   14.9514   17.7106
DIM:ROT:       1         1  -15.9020   13.0577   18.1957
DIM:ROT:       1         2  -18.6485   11.0364   14.0083
DIM:ROT:       1         3  -20.3877    8.1754   12.2066
DIM:ROT:       2         1  -16.4670    8.0781   12.4532
DIM:ROT:       2         2  -17.1031    5.7396    6.5734
DIM:ROT:       2         3  -17.4789    3.8156    5.6641
DIM:ROT:       3         1  -14.2851    6.3509    6.6308
DIM:ROT:       3         2  -14.5274    3.0148    4.5459
DIM:ROT:       3         3  -14.6504    2.5687    2.6640
DIM:ROT:       4         1   -9.2164    9.6606    6.1386
DIM:ROT:       4         2   -9.5299    3.8390    4.5361
DIM:ROT:       4         3   -9.6580    2.7491    2.6587
DIM:ROT:       5         1   -9.4273    5.8499    4.7489
DIM:ROT:       5         2   -9.5100    1.7011    2.8560
DIM:ROT:       5         3   -9.5515    1.7183    1.3927
DIM:ROT:       6         1  -13.1778    4.9625    4.3866
DIM:ROT:       6         2  -13.3337    2.5785    3.4654
DIM:ROT:       6         3  -13.4231    2.2257    2.3550
DIM:ROT:       7         1  -10.8194    5.0124    4.1674
DIM:ROT:       7         2  -11.0126    2.8683    3.8431
DIM:ROT:       7         3  -11.1668    3.0419    2.8529
DIM:ROT:       8         1  -11.1961   21.1890    8.3023
DIM:ROT:       8         2  -13.6937    9.4524   14.0744
DIM:ROT:       8         3  -15.0684    9.8564    7.9693
DIM:ROT:       9         1  -23.3501   17.1097   16.6489
DIM:ROT:       9         2  -25.9006    9.0910   15.9651
DIM:ROT:       9         3  -27.1090    7.7955    8.6805
DIM:ROT:      10         1  -27.1562    4.6963    7.8969
DIM:ROT:      10         2  -27.4256    3.4018    4.4133
DIM:ROT:      10         3  -27.5396    1.9716    3.2801
DIM:ROT:      11         1  -18.0814    3.3771    4.0362
DIM:ROT:      11         2  -18.1224    1.9496    2.1841
DIM:ROT:      11         3  -18.1397    1.1619    1.4842
DIM:ROT:      12         1   -3.1237   11.8261    7.4293
DIM:ROT:      12         2   -3.7343    6.0759    6.6950
DIM:ROT:      12         3   -4.0739    4.9329    4.0985
DIM:ROT:      13         1   -2.8258   13.3755    6.5098
DIM:ROT:      13         2   -3.5212    5.2703    7.7452
DIM:ROT:      13         3   -3.9766    6.3581    4.1334
DIM:ROT:      14         1   -5.5547    4.8597    6.4603
DIM:ROT:      14         2   -6.0408    5.7172    4.9448
DIM:ROT:      14         3   -6.4800    4.3819    5.8799
DIM:ROT:      15         1  -10.4089    8.1900    5.1868
DIM:ROT:      15         2  -10.8898    4.1482    6.3527
DIM:ROT:      15         3  -11.1946    4.9664    3.5678
DIM:ROT:      16         1  -20.7978   15.9842   10.1911
DIM:ROT:      16         2  -21.9367    5.5782   10.7283
DIM:ROT:      16         3  -22.2972    5.0049    4.1768
DIM:ROT:      17         1  -25.9205    4.8776    5.7589
DIM:ROT:      17         2  -26.1021    2.5241    4.3270
DIM:ROT:      17         3  -26.1762    1.9387    2.3286
DIM:ROT:      18         1  -19.6864    3.0097    4.1581
DIM:ROT:      18         2  -19.7462    1.5700    2.3937
DIM:ROT:      18         3  -19.7681    1.0070    1.3669
DIM:ROT:      19         1  -19.7400    7.8387    4.8065
DIM:ROT:      19         2  -19.8067    1.8367    2.8990
DIM:ROT:      19         3  -19.8349    1.1334    1.2879
DIM:ROT:      20         1  -16.5893    6.2638    4.4542
DIM:ROT:      20         2  -16.6850    1.8800    3.4209
DIM:ROT:      20         3  -16.7184    1.4675    1.4097
DIM:ROT:      21         1  -11.7439   12.0856   10.5769
DIM:ROT:      21         2  -12.1568    3.8671    6.6055
DIM:ROT:      21         3  -12.2943    3.1710    2.5814
DIM:ROT:      22         1  -12.3827    4.6760    3.1422
DIM:ROT:      22         2  -12.4446    1.5976    2.3750
DIM:ROT:      22         3  -12.4780    1.4773    1.2576
DIM:ROT:      23         1   -9.2831    4.3283    3.0778
DIM:ROT:      23         2   -9.3569    1.5911    2.3935
DIM:ROT:      23         3   -9.3960    1.7049    1.3225
DIM:ROT:      24         1   -7.6765    3.3575    2.0705
DIM:ROT:      24         2   -7.7489    1.5584    2.3561
DIM:ROT:      24         3   -7.7882    1.6760    1.2816
DIM:ROT:      25         1   -6.2494    4.3112    3.8711
DIM:ROT:      25         2   -6.4085    2.4967    3.3080
DIM:ROT:      25         3   -6.5102    2.4901    2.2811
DIM:ROT:      26         1   -7.3580    2.3678    2.1596
DIM:ROT:      26         2   -7.4091    1.6257    1.7006
DIM:ROT:      26         3   -7.4414    1.1890    1.4014
DIM:ROT:      27         1   -7.9190    1.7394    2.5815
DIM:ROT:      27         2   -7.9462    1.1818    1.3482
DIM:ROT:      27         3   -7.9629    0.7943    1.0946
DIM:ROT:      28         1   -7.1177    1.7296    1.7933
DIM:ROT:      28         2   -7.1477    1.1304    1.3004
DIM:ROT:      28         3   -7.1667    0.9203    1.0398
DIM:ROT:      29         1   -7.5763    2.1878    3.1007
DIM:ROT:      29         2   -7.6296    1.6305    1.7541
DIM:ROT:      29         3   -7.6638    1.1140    1.5653
DIM:ROT:      30         1   -8.0584    2.9834    2.6321
DIM:ROT:      30         2   -8.1254    1.4720    2.1706
DIM:ROT:      30         3   -8.1645    1.4347    1.4097
DIM:ROT:      31         1   -8.1148    1.0533    1.5801
DIM:ROT:      31         2   -8.1303    0.9422    0.8359
DIM:ROT:      31         3   -8.1403    0.5749    0.8317
DIM:ROT:      32         1   -8.2758    1.6339    1.8832
DIM:ROT:      32         2   -8.2916    0.7378    1.0392
DIM:ROT:      32         3   -8.2992    0.5942    0.6211
DIM:ROT:      33         1   -7.8440    2.3573    2.6984
DIM:ROT:      33         2   -7.8659    0.8088    1.0530
DIM:ROT:      33         3   -7.8738    0.5823    0.6581
DIM:ROT:      34         1   -7.4002    3.2266    2.8256
DIM:ROT:      34         2   -7.4465    1.1317    1.7129
DIM:ROT:      34         3   -7.4665    1.0720    0.9451
DIM:ROT:      35         1   -7.5783    3.2800    3.0578
DIM:ROT:      35         2   -7.6471    1.5198    2.2267
DIM:ROT:      35         3   -7.6812    1.3900    1.2958
DIM:ROT:      36         1   -7.0495    1.4903    1.8492
DIM:ROT:      36         2   -7.0740    1.0045    1.2951
DIM:ROT:      36         3   -7.0896    0.8343    0.9768
DIM:ROT:      37         1   -5.8101    2.7658    2.1055
DIM:ROT:      37         2   -5.8373    0.8880    1.3166
DIM:ROT:      37         3   -5.8519    0.9025    0.8172
DIM:ROT:      38         1   -5.0304    1.6832    1.1285
DIM:ROT:      38         2   -5.0500    0.8183    1.3542
DIM:ROT:      38         3   -5.0641    1.0231    0.7101
DIM:ROT:      39         1   -5.1263    2.1924    1.7476
DIM:ROT:      39         2   -5.1533    0.8307    1.3345
DIM:ROT:      39         3   -5.1656    0.8613    0.7361
DIM:ROT:      40         1   -5.3755    3.6214    2.1909
DIM:ROT:      40         2   -5.4169    1.1636    1.5457
DIM:ROT:      40         3   -5.4330    0.9725    0.9055
DIM:ROT:      41         1   -4.9802    2.0167    1.4870
DIM:ROT:      41         2   -5.0002    0.9059    1.3659
DIM:ROT:      41         3   -5.0150    0.9527    0.8131
DIM:ROT:      42         1   -4.2771    1.6174    1.7339
DIM:ROT:      42         2   -4.2953    0.9038    1.1684
DIM:ROT:      42         3   -4.3059    0.7618    0.7974
DIM:ROT:      43         1   -4.1830    0.8658    1.1569
DIM:ROT:      43         2   -4.1910    0.6182    0.6557
DIM:ROT:      43         3   -4.1959    0.4368    0.5591
DIM:ROT:      44         1   -5.0273    2.0605    1.5100
DIM:ROT:      44         2   -5.0333    0.5485    0.7489
DIM:ROT:      44         3   -5.0368    0.4228    0.4268
DIM:ROT:      45         1   -5.8104    1.4622    1.4797
DIM:ROT:      45         2   -5.8235    0.7286    0.9566
DIM:ROT:      45         3   -5.8296    0.5738    0.5779
DIM:ROT:      46         1   -5.4053    1.0795    1.1510
DIM:ROT:      46         2   -5.4128    0.4873    0.7604
DIM:ROT:      46         3   -5.4161    0.4024    0.4065
DIM:ROT:      47         1   -5.2365    2.2164    1.7006
DIM:ROT:      47         2   -5.2556    0.6819    1.1255
DIM:ROT:      47         3   -5.2632    0.6879    0.5653
DIM:ROT:      48         1   -5.7698    4.0174    2.7124
DIM:ROT:      48         2   -5.8101    1.3626    1.6943
DIM:ROT:      48         3   -5.8325    1.0568    1.1858
DIM:ROT:      49         1   -6.8729    2.7466    2.0660
DIM:ROT:      49         2   -6.9044    1.0845    1.8020
DIM:ROT:      49         3   -6.9261    1.2036    0.9929
DIM:ROT:      50         1   -8.6402    3.8953    2.7494
DIM:ROT:      50         2   -8.6854    1.1874    1.9886
DIM:ROT:      50         3   -8.7070    1.2201    0.9629
DIM:ROT:      51         1   -8.4563    0.7679    1.1985
DIM:ROT:      51         2   -8.4648    0.6649    0.6655
DIM:ROT:      51         3   -8.4706    0.4363    0.6358
DIM:ROT:      52         1   -6.9826    2.4443    1.7089
DIM:ROT:      52         2   -6.9871    0.5861    0.6073
DIM:ROT:      52         3   -6.9908    0.3825    0.4643
DIM:ROT:      53         1   -6.1227    0.9513    0.9090
DIM:ROT:      53         2   -6.1295    0.4919    0.6848
DIM:ROT:      53         3   -6.1335    0.4506    0.4294
DIM:ROT:      54         1   -6.3191    1.3733    1.1090
DIM:ROT:      54         2   -6.3297    0.5097    0.7305
DIM:ROT:      54         3   -6.3340    0.4738    0.4014
DIM:ROT:      55         1   -7.1461    1.9249    1.5461
DIM:ROT:      55         2   -7.1664    0.6487    1.1440
DIM:ROT:      55         3   -7.1741    0.6836    0.5054
DIM:ROT:      56         1   -7.1361    0.5849    0.7734
DIM:ROT:      56         2   -7.1411    0.4515    0.5246
DIM:ROT:      56         3   -7.1442    0.3399    0.4285
DIM:ROT:      57         1   -6.6490    1.4596    1.0534
DIM:ROT:      57         2   -6.6540    0.4667    0.7706
DIM:ROT:      57         3   -6.6582    0.4946    0.3905
DIM:ROT:      58         1   -6.4904    1.4566    1.0838
DIM:ROT:      58         2   -6.4991    0.3914    0.6591
DIM:ROT:      58         3   -6.5016    0.3858    0.3004
DIM:ROT:      59         1   -6.8514    1.6292    1.2640
DIM:ROT:      59         2   -6.8600    0.4945    0.7718
DIM:ROT:      59         3   -6.8639    0.4756    0.4124
DIM:ROT:      60         1   -7.2971    1.0054    0.8672
DIM:ROT:      60         2   -7.3003    0.3952    0.6402
DIM:ROT:      60         3   -7.3028    0.3940    0.3363
DIM:ROT:      61         1   -7.4000    0.3293    0.4882
DIM:ROT:      61         2   -7.4017    0.2820    0.2833
DIM:ROT:      61         3   -7.4029    0.1844    0.2636
DIM:ROT:      62         1   -7.1264    1.0153    0.7560
DIM:ROT:      62         2   -7.1294    0.4087    0.5691
DIM:ROT:      62         3   -7.1318    0.4059    0.3214
DIM:ROT:      63         1   -6.7079    1.3426    0.7742
DIM:ROT:      63         2   -6.7109    0.4489    0.6469
DIM:ROT:      63         3   -6.7139    0.4156    0.3634
DIM:ROT:      64         1   -6.3673    0.6117    0.6721
DIM:ROT:      64         2   -6.3710    0.4269    0.4994
DIM:ROT:      64         3   -6.3732    0.3470    0.3790
DIM:ROT:      65         1   -6.3106    0.6094    0.4431
DIM:ROT:      65         2   -6.3136    0.3035    0.4268
DIM:ROT:      65         3   -6.3153    0.2850    0.2535
DIM:ROT:      66         1   -6.2789    0.7177    0.5651
DIM:ROT:      66         2   -6.2830    0.3117    0.4876
DIM:ROT:      66         3   -6.2850    0.3315    0.2747
DIM:ROT:      67         1   -6.1504    0.5934    0.5249
DIM:ROT:      67         2   -6.1532    0.3099    0.4804
DIM:ROT:      67         3   -6.1554    0.3338    0.2892
DIM:ROT:      68         1   -6.0319    0.4238    0.4444
DIM:ROT:      68         2   -6.0337    0.2754    0.3757
DIM:ROT:      68         3   -6.0351    0.2514    0.2609
DIM:ROT:      69         1   -6.0331    0.2716    0.3355
DIM:ROT:      69         2   -6.0340    0.1420    0.1976
DIM:ROT:      69         3   -6.0345    0.1153    0.1278
DIM:ROT:      70         1   -6.0801    0.3075    0.3520
DIM:ROT:      70         2   -6.0805    0.1588    0.2117
DIM:ROT:      70         3   -6.0809    0.1224    0.1340
DIM:ROT:      71         1   -6.1408    0.2135    0.2160
DIM:ROT:      71         2   -6.1413    0.1331    0.1484
DIM:ROT:      71         3   -6.1416    0.1059    0.1087
DIM:ROT:      72         1   -6.1318    0.2526    0.2225
DIM:ROT:      72         2   -6.1323    0.1261    0.1479
DIM:ROT:      72         3   -6.1325    0.1060    0.0990
DIM:ROT:      73         1   -6.0918    0.1606    0.1969
DIM:ROT:      73         2   -6.0922    0.1246    0.1169
DIM:ROT:      73         3   -6.0925    0.0852    0.1003
DIM:ROT:      74         1   -6.0878    0.1997    0.1792
DIM:ROT:      74         2   -6.0882    0.0735    0.1150
DIM:ROT:      74         3   -6.0883    0.0715    0.0618
DIM:ROT:      75         1   -6.0804    0.2109    0.1749
DIM:ROT:      75         2   -6.0809    0.0773    0.1025
DIM:ROT:      75         3   -6.0810    0.0653    0.0599
DIM:ROT:      76         1   -6.0174    0.1633    0.1253
DIM:ROT:      76         2   -6.0174    0.0710    0.0975
DIM:ROT:      77         1   -5.9172    0.6302    0.3466
DIM:ROT:      77         2   -5.9173    0.2138    0.2076
DIM:ROT:      77         3   -5.9177    0.1309    0.1576
DIM:ROT:      78         1   -5.8955    0.2342    0.1595
DIM:ROT:      78         2   -5.8959    0.1145    0.1692
DIM:ROT:      78         3   -5.8962    0.1212    0.0903
DIM:ROT:      79         1   -5.8763    0.0988    0.1549
DIM:ROT:      79         2   -5.8764    0.0785    0.0704
DIM:ROT:      80         1   -5.8616    0.0653    0.0890
DIM:ROT:      81         1   -5.8317    0.1981    0.1831
DIM:ROT:      81         2   -5.8321    0.1118    0.1314
DIM:ROT:      81         3   -5.8324    0.0975    0.0888
DIM:ROT:      82         1   -5.7544    0.3150    0.2156
DIM:ROT:      82         2   -5.7547    0.1203    0.1804
DIM:ROT:      82         3   -5.7550    0.1227    0.0992
DIM:ROT:      83         1   -5.7358    0.1027    0.1494
DIM:ROT:      83         2   -5.7361    0.0929    0.0872
DIM:ROT:      84         1   -5.7879    0.1530    0.1557
DIM:ROT:      84         2   -5.7881    0.0801    0.1084
DIM:ROT:      84         3   -5.7882    0.0716    0.0714
DIM:ROT:      85         1   -5.8329    0.1443    0.1727
DIM:ROT:      85         2   -5.8329    0.0980    0.1254
DIM:ROT:      85         3   -5.8331    0.0820    0.0929
DIM:ROT:      86         1   -5.8011    0.1128    0.1488
DIM:ROT:      86         2   -5.8014    0.0793    0.0855
DIM:ROT:      87         1   -5.7417    0.1980    0.2098
DIM:ROT:      87         2   -5.7421    0.0970    0.1391
DIM:ROT:      87         3   -5.7423    0.0775    0.0806
DIM:ROT:      88         1   -5.7432    0.1333    0.1244
DIM:ROT:      88         2   -5.7434    0.0762    0.1078
DIM:ROT:      88         3   -5.7436    0.0722    0.0680
DIM:ROT:      89         1   -5.7745    0.1504    0.1664
DIM:ROT:      89         2   -5.7749    0.0972    0.1056
DIM:ROT:      89         3   -5.7751    0.0737    0.0816
DIM:ROT:      90         1   -5.8141    0.1432    0.1269
DIM:ROT:      90         2   -5.8144    0.0735    0.0996
DIM:ROT:      91         1   -5.7741    0.1184    0.1109
DIM:ROT:      91         2   -5.7743    0.0659    0.0893
DIM:ROT:      92         1   -5.6799    0.2767    0.1882
DIM:ROT:      92         2   -5.6799    0.0962    0.1374
DIM:ROT:      92         3   -5.6801    0.0887    0.0785
DIM:ROT:      93         1   -5.6440    0.1566    0.1441
DIM:ROT:      93         2   -5.6442    0.0862    0.1262
DIM:ROT:      93         3   -5.6444    0.0845    0.0792
DIM:ROT:      94         1   -5.6624    0.1252    0.1401
DIM:ROT:      94         2   -5.6629    0.0737    0.0984
DIM:ROT:      95         1   -5.6785    0.1270    0.1302
DIM:ROT:      95         2   -5.6791    0.0665    0.0933
DIM:ROT:      96         1   -5.6560    0.0839    0.0885
DIM:ROT:      97         1   -5.6210    0.1158    0.1215
DIM:ROT:      97         2   -5.6211    0.0637    0.0856
DIM:ROT:      98         1   -5.6136    0.0614    0.0624
DIM:ROT:      99         1   -5.6494    0.0741    0.0900
DIM:ROT:     100         1   -5.6732    0.0708    0.0816
DIM:ROT:     101         1   -5.6599    0.0568    0.0730
DIM:ROT:     102         1   -5.6412    0.0923    0.0766
DIM:ROT:     103         1   -5.6482    0.0495    0.0614
DIM:ROT:     104         1   -5.6711    0.1103    0.0896
DIM:ROT:     105         1   -5.6711    0.0659    0.0763
DIM:ROT:     106         1   -5.6567    0.0667    0.0727
DIM:ROT:     107         1   -5.6475    0.0592    0.0624
DIM:ROT:     108         1   -5.6483    0.0634    0.0741
DIM:ROT:     109         1   -5.6561    0.0783    0.0795
DIM:ROT:     110         1   -5.6596    0.0619    0.0781
DIM:ROT:     111         1   -5.6513    0.0438    0.0562
DIM:ROT:     112         1   -5.6409    0.0414    0.0427
DIM:ROT:     113         1   -5.6420    0.0327    0.0399
