MinModeTranslate: STEP      TIME          ENERGY    MAX-FORCE     STEPSIZE    CURVATURE  ROT-STEPS
MinModeTranslate:    0  16:47:49   -12457.246293       3.7776     --------     0.795727          3
MinModeTranslate:    0  16:47:49   -12457.246293       3.7776     0.100000     0.795727          3
MinModeTranslate:    1  16:47:49   -12456.749547       6.1042     --------    -1.864735          3
MinModeTranslate:    1  16:47:49   -12456.749547       6.1042     0.100000    -1.864735          3
MinModeTranslate:    2  16:47:49   -12456.601036       3.6422     --------     0.833589          3
MinModeTranslate:    2  16:47:49   -12456.601036       3.6422     0.100000     0.833589          3
MinModeTranslate:    3  16:47:49   -12456.130153       5.4496     --------    -3.522432          3
MinModeTranslate:    3  16:47:49   -12456.130153       5.4496     0.100000    -3.522432          3
MinModeTranslate:    4  16:47:49   -12456.067222       5.1241     --------    -6.578137          3
MinModeTranslate:    4  16:47:49   -12456.067222       5.1241     0.100000    -6.578137          3
MinModeTranslate:    5  16:47:50   -12456.510668       4.9275     --------    -4.311465          3
MinModeTranslate:    5  16:47:50   -12456.510668       4.9275     0.100000    -4.311465          3
MinModeTranslate:    6  16:47:50   -12456.801641       4.8636     --------    -2.882759          3
MinModeTranslate:    6  16:47:50   -12456.801641       4.8636     0.100000    -2.882759          3
MinModeTranslate:    7  16:47:50   -12457.065537       4.5634     --------    -2.646213          3
MinModeTranslate:    7  16:47:50   -12457.065537       4.5634     0.100000    -2.646213          3
MinModeTranslate:    8  16:47:50   -12457.385866       4.0102     --------    -2.069571          3
MinModeTranslate:    8  16:47:50   -12457.385866       4.0102     0.100000    -2.069571          3
MinModeTranslate:    9  16:47:50   -12457.779421       3.9794     --------    -2.515031          3
MinModeTranslate:    9  16:47:50   -12457.779421       3.9794     0.100000    -2.515031          3
MinModeTranslate:   10  16:47:50   -12458.135523       4.0396     --------    -2.459268          3
MinModeTranslate:   10  16:47:50   -12458.135523       4.0396     0.100000    -2.459268          3
MinModeTranslate:   11  16:47:50   -12458.424698       4.1663     --------    -0.323692          3
MinModeTranslate:   11  16:47:50   -12458.424698       4.1663     0.100000    -0.323692          3
MinModeTranslate:   12  16:47:50   -12458.810232       3.0041     --------    -0.485233          3
MinModeTranslate:   12  16:47:50   -12458.810232       3.0041     0.100000    -0.485233          3
MinModeTranslate:   13  16:47:50   -12459.043723       2.1723     --------    -0.638525          3
MinModeTranslate:   13  16:47:50   -12459.043723       2.1723     0.100000    -0.638525          3
MinModeTranslate:   14  16:47:51   -12459.275135       2.6768     --------    -0.669003          3
MinModeTranslate:   14  16:47:51   -12459.275135       2.6768     0.061041    -0.669003          3
MinModeTranslate:   15  16:47:51   -12459.396295       1.3339     --------    -0.540433          3
MinModeTranslate:   15  16:47:51   -12459.396295       1.3339     0.100000    -0.540433          3
MinModeTranslate:   16  16:47:51   -12459.560757       0.0450     --------     0.078073          3
MinModeTranslate:   16  16:47:51   -12459.560757       0.0450     0.100000     0.078073          3
MinModeTranslate:   17  16:47:51   -12459.553552       0.0199     --------     0.098285          3
MinModeTranslate:   17  16:47:51   -12459.553552       0.0199     0.100000     0.098285          3
MinModeTranslate:   18  16:47:51   -12459.549810       0.0080     --------     0.173324          3
MinModeTranslate:   18  16:47:51   -12459.549810       0.0080     0.100000     0.173324          3
MinModeTranslate:   19  16:47:51   -12459.502554       0.0226     --------     1.086124          3
MinModeTranslate:   19  16:47:51   -12459.502554       0.0226     0.100000     1.086124          3
MinModeTranslate:   20  16:47:51   -12459.312820       0.0461     --------     1.746722          3
MinModeTranslate:   20  16:47:51   -12459.312820       0.0461     0.100000     1.746722          3
MinModeTranslate:   21  16:47:51   -12459.224558       0.0866     --------     1.787549          3
MinModeTranslate:   21  16:47:51   -12459.224558       0.0866     0.100000     1.787549          3
MinModeTranslate:   22  16:47:51   -12459.154387       0.1406     --------     1.962021          3
MinModeTranslate:   22  16:47:51   -12459.154387       0.1406     0.100000     1.962021          3
MinModeTranslate:   23  16:47:51   -12459.088568       0.1744     --------     2.250380          3
MinModeTranslate:   23  16:47:51   -12459.088568       0.1744     0.100000     2.250380          3
MinModeTranslate:   24  16:47:51   -12459.035571       0.2314     --------     2.360518          3
MinModeTranslate:   24  16:47:51   -12459.035571       0.2314     0.100000     2.360518          3
MinModeTranslate:   25  16:47:51   -12458.982726       0.2485     --------     2.227210          3
MinModeTranslate:   25  16:47:52   -12458.982726       0.2485     0.100000     2.227210          3
MinModeTranslate:   26  16:47:52   -12458.938488       0.2874     --------     1.977058          3
MinModeTranslate:   26  16:47:52   -12458.938488       0.2874     0.100000     1.977058          3
MinModeTranslate:   27  16:47:52   -12458.890869       0.2804     --------     1.806603          3
MinModeTranslate:   27  16:47:52   -12458.890869       0.2804     0.100000     1.806603          3
MinModeTranslate:   28  16:47:52   -12458.848321       0.3072     --------     1.603970          3
MinModeTranslate:   28  16:47:52   -12458.848321       0.3072     0.100000     1.603970          3
MinModeTranslate:   29  16:47:52   -12458.800791       0.2986     --------     1.305896          3
MinModeTranslate:   29  16:47:52   -12458.800791       0.2986     0.100000     1.305896          3
MinModeTranslate:   30  16:47:52   -12458.756528       0.3104     --------     0.886954          3
MinModeTranslate:   30  16:47:52   -12458.756528       0.3104     0.100000     0.886954          3
MinModeTranslate:   31  16:47:52   -12458.710827       0.2678     --------     0.468215          3
MinModeTranslate:   31  16:47:52   -12458.710827       0.2678     0.100000     0.468215          3
MinModeTranslate:   32  16:47:52   -12458.672331       0.2242     --------     0.194241          3
MinModeTranslate:   32  16:47:52   -12458.672331       0.2242     0.100000     0.194241          3
MinModeTranslate:   33  16:47:52   -12458.639840       0.1608     --------     0.089067          3
MinModeTranslate:   33  16:47:52   -12458.639840       0.1608     0.100000     0.089067          3
MinModeTranslate:   34  16:47:52   -12458.615920       0.1274     --------     0.045243          3
MinModeTranslate:   34  16:47:52   -12458.615920       0.1274     0.100000     0.045243          3
MinModeTranslate:   35  16:47:52   -12458.596430       5.3368     --------    -0.025377          3
MinModeTranslate:   35  16:47:52   -12458.596430       5.3368     0.100000    -0.025377          3
MinModeTranslate:   36  16:47:52   -12458.595466       5.3329     --------    -0.110970          3
MinModeTranslate:   36  16:47:52   -12458.595466       5.3329     0.100000    -0.110970          3
MinModeTranslate:   37  16:47:53   -12459.179729       3.6378     --------    -0.212445          3
MinModeTranslate:   37  16:47:53   -12459.179729       3.6378     0.100000    -0.212445          3
MinModeTranslate:   38  16:47:53   -12459.406434       2.4412     --------    -0.199833          3
MinModeTranslate:   38  16:47:53   -12459.406434       2.4412     0.086846    -0.199833          3
MinModeTranslate:   39  16:47:53   -12459.501101       3.1549     --------    -0.247309          3
MinModeTranslate:   39  16:47:53   -12459.501101       3.1549     0.087907    -0.247309          3
MinModeTranslate:   40  16:47:53   -12459.636627       1.2998     --------    -0.254874          3
MinModeTranslate:   40  16:47:53   -12459.636627       1.2998     0.042691    -0.254874          3
MinModeTranslate:   41  16:47:53   -12459.678590       1.0451     --------    -0.196325          3
MinModeTranslate:   41  16:47:53   -12459.678590       1.0451     0.100000    -0.196325          3
MinModeTranslate:   42  16:47:53   -12459.755522       1.5529     --------    -0.164616          3
MinModeTranslate:   42  16:47:53   -12459.755522       1.5529     0.100000    -0.164616          3
MinModeTranslate:   43  16:47:53   -12459.866111       0.8019     --------    -0.156218          3
MinModeTranslate:   43  16:47:53   -12459.866111       0.8019     0.017780    -0.156218          3
MinModeTranslate:   44  16:47:53   -12459.879090       0.4561     --------    -0.163413          3
MinModeTranslate:   44  16:47:53   -12459.879090       0.4561     0.064841    -0.163413          3
MinModeTranslate:   45  16:47:53   -12459.906437       1.0183     --------    -0.137452          3
MinModeTranslate:   45  16:47:53   -12459.906437       1.0183     0.100000    -0.137452          3
MinModeTranslate:   46  16:47:54   -12459.968247       0.9437     --------    -0.107519          3
MinModeTranslate:   46  16:47:54   -12459.968247       0.9437     0.025461    -0.107519          3
MinModeTranslate:   47  16:47:54   -12459.991640       0.4607     --------    -0.140978          3
MinModeTranslate:   47  16:47:54   -12459.991640       0.4607     0.020438    -0.140978          3
MinModeTranslate:   48  16:47:54   -12460.000019       0.6635     --------    -0.149542          3
MinModeTranslate:   48  16:47:54   -12460.000019       0.6635     0.100000    -0.149542          3
MinModeTranslate:   49  16:47:54   -12460.044437       0.5054     --------    -0.094032          3
MinModeTranslate:   49  16:47:54   -12460.044437       0.5054     0.057881    -0.094032          3
MinModeTranslate:   50  16:47:54   -12460.069460       0.6819     --------    -0.095998          3
MinModeTranslate:   50  16:47:54   -12460.069460       0.6819     0.100000    -0.095998          3
MinModeTranslate:   51  16:47:54   -12460.108056       0.9836     --------    -0.073329          3
MinModeTranslate:   51  16:47:54   -12460.108056       0.9836     0.070712    -0.073329          3
MinModeTranslate:   52  16:47:54   -12460.145572       0.8886     --------    -0.034122          3
MinModeTranslate:   52  16:47:54   -12460.145572       0.8886     0.079050    -0.034122          3
MinModeTranslate:   53  16:47:54   -12460.169727       1.0210     --------    -0.023125          3
MinModeTranslate:   53  16:47:54   -12460.169727       1.0210     0.076990    -0.023125          3
MinModeTranslate:   54  16:47:55   -12460.200591       0.9011     --------    -0.034617          3
MinModeTranslate:   54  16:47:55   -12460.200591       0.9011     0.076527    -0.034617          3
MinModeTranslate:   55  16:47:55   -12460.226275       0.6488     --------    -0.001067          3
MinModeTranslate:   55  16:47:55   -12460.226275       0.6488     0.081265    -0.001067          3
MinModeTranslate:   56  16:47:55   -12460.245532       0.0087     --------     0.010875          3
MinModeTranslate:   56  16:47:55   -12460.245532       0.0087     0.100000     0.010875          3
MinModeTranslate:   57  16:47:55   -12460.243959       1.0163     --------    -0.009295          3
MinModeTranslate:   57  16:47:55   -12460.243959       1.0163     0.100000    -0.009295          3
MinModeTranslate:   58  16:47:55   -12460.243936       0.9597     --------    -0.034225          3
MinModeTranslate:   58  16:47:55   -12460.243936       0.9597     0.014551    -0.034225          3
MinModeTranslate:   59  16:47:55   -12460.255712       0.2016     --------    -0.051895          3
MinModeTranslate:   59  16:47:55   -12460.255712       0.2016     0.010419    -0.051895          3
MinModeTranslate:   60  16:47:55   -12460.258043       0.2175     --------    -0.059682          3
MinModeTranslate:   60  16:47:55   -12460.258043       0.2175     0.034111    -0.059682          3
MinModeTranslate:   61  16:47:55   -12460.263751       0.4423     --------    -0.046280          3
MinModeTranslate:   61  16:47:55   -12460.263751       0.4423     0.087105    -0.046280          3
MinModeTranslate:   62  16:47:55   -12460.276147       0.3924     --------    -0.014984          3
MinModeTranslate:   62  16:47:55   -12460.276147       0.3924     0.100000    -0.014984          3
MinModeTranslate:   63  16:47:56   -12460.294449       0.6490     --------    -0.024967          3
MinModeTranslate:   63  16:47:56   -12460.294449       0.6490     0.100000    -0.024967          3
MinModeTranslate:   64  16:47:56   -12460.314295       0.0019     --------     0.032611          3
MinModeTranslate:   64  16:47:56   -12460.314295       0.0019     0.100000     0.032611          3
MinModeTranslate:   65  16:47:56   -12460.313760       0.0028     --------     0.043881          3
MinModeTranslate:   65  16:47:56   -12460.313760       0.0028     0.100000     0.043881          3
MinModeTranslate:   66  16:47:56   -12460.312921       0.0050     --------     0.047117          3
MinModeTranslate:   66  16:47:56   -12460.312921       0.0050     0.100000     0.047117          3
MinModeTranslate:   67  16:47:56   -12460.311667       0.0064     --------     0.044357          3
MinModeTranslate:   67  16:47:56   -12460.311667       0.0064     0.100000     0.044357          3
MinModeTranslate:   68  16:47:56   -12460.310122       0.0085     --------     0.038424          3
MinModeTranslate:   68  16:47:56   -12460.310122       0.0085     0.100000     0.038424          3
MinModeTranslate:   69  16:47:56   -12460.308323       0.0091     --------     0.032307          3
MinModeTranslate:   69  16:47:56   -12460.308323       0.0091     0.100000     0.032307          3
MinModeTranslate:   70  16:47:56   -12460.306501       0.0103     --------     0.026868          3
MinModeTranslate:   70  16:47:56   -12460.306501       0.0103     0.100000     0.026868          3
MinModeTranslate:   71  16:47:56   -12460.304521       0.0102     --------     0.022440          3
MinModeTranslate:   71  16:47:56   -12460.304521       0.0102     0.100000     0.022440          3
MinModeTranslate:   72  16:47:56   -12460.302593       0.0107     --------     0.019127          3
MinModeTranslate:   72  16:47:56   -12460.302593       0.0107     0.100000     0.019127          3
MinModeTranslate:   73  16:47:56   -12460.300600       0.0102     --------     0.016893          3
MinModeTranslate:   73  16:47:56   -12460.300600       0.0102     0.100000     0.016893          3
MinModeTranslate:   74  16:47:56   -12460.298719       0.0102     --------     0.015739          3
MinModeTranslate:   74  16:47:56   -12460.298719       0.0102     0.100000     0.015739          3
MinModeTranslate:   75  16:47:57   -12460.296830       0.0094     --------     0.015201          3
MinModeTranslate:   75  16:47:57   -12460.296830       0.0094     0.100000     0.015201          3
MinModeTranslate:   76  16:47:57   -12460.295086       0.0095     --------     0.014919          3
MinModeTranslate:   76  16:47:57   -12460.295086       0.0095     0.100000     0.014919          3
MinModeTranslate:   77  16:47:57   -12460.293317       0.0087     --------     0.014739          3
MinModeTranslate:   77  16:47:57   -12460.293317       0.0087     0.100000     0.014739          3
MinModeTranslate:   78  16:47:57   -12460.291690       0.0090     --------     0.016169          3
MinModeTranslate:   78  16:47:57   -12460.291690       0.0090     0.100000     0.016169          3
MinModeTranslate:   79  16:47:57   -12460.290007       0.0086     --------     0.020555          3
MinModeTranslate:   79  16:47:57   -12460.290007       0.0086     0.100000     0.020555          3
MinModeTranslate:   80  16:47:57   -12460.288390       0.0095     --------     0.027558          3
MinModeTranslate:   80  16:47:57   -12460.288390       0.0095     0.100000     0.027558          3
MinModeTranslate:   81  16:47:57   -12460.286542       0.0101     --------     0.038228          3
MinModeTranslate:   81  16:47:57   -12460.286542       0.0101     0.100000     0.038228          3
MinModeTranslate:   82  16:47:57   -12460.284535       0.0124     --------     0.046640          3
MinModeTranslate:   82  16:47:57   -12460.284535       0.0124     0.100000     0.046640          3
MinModeTranslate:   83  16:47:57   -12460.282097       0.0140     --------     0.050078          3
MinModeTranslate:   83  16:47:57   -12460.282097       0.0140     0.100000     0.050078          3
MinModeTranslate:   84  16:47:57   -12460.279344       0.0168     --------     0.048200          3
MinModeTranslate:   84  16:47:57   -12460.279344       0.0168     0.100000     0.048200          3
MinModeTranslate:   85  16:47:58   -12460.276148       0.0184     --------     0.042219          3
MinModeTranslate:   85  16:47:58   -12460.276148       0.0184     0.100000     0.042219          3
MinModeTranslate:   86  16:47:58   -12460.272718       0.0204     --------     0.032850          3
MinModeTranslate:   86  16:47:58   -12460.272718       0.0204     0.100000     0.032850          3
MinModeTranslate:   87  16:47:58   -12460.268999       0.0211     --------     0.020979          3
MinModeTranslate:   87  16:47:58   -12460.268999       0.0211     0.100000     0.020979          3
MinModeTranslate:   88  16:47:58   -12460.265238       0.0219     --------     0.008221          3
MinModeTranslate:   88  16:47:58   -12460.265238       0.0219     0.100000     0.008221          3
MinModeTranslate:   89  16:47:58   -12460.261402       0.7249     --------    -0.002765          3
MinModeTranslate:   89  16:47:58   -12460.261402       0.7249     0.100000    -0.002765          3
MinModeTranslate:   90  16:47:58   -12460.260844       0.5833     --------    -0.012933          3
MinModeTranslate:   90  16:47:58   -12460.260844       0.5833     0.011350    -0.012933          3
MinModeTranslate:   91  16:47:58   -12460.266003       0.2360     --------    -0.017152          3
MinModeTranslate:   91  16:47:58   -12460.266003       0.2360     0.018212    -0.017152          3
MinModeTranslate:   92  16:47:58   -12460.269741       0.2547     --------    -0.017913          2
MinModeTranslate:   92  16:47:58   -12460.269741       0.2547     0.018127    -0.017913          2
MinModeTranslate:   93  16:47:58   -12460.272807       0.2288     --------    -0.010759          2
MinModeTranslate:   93  16:47:58   -12460.272807       0.2288     0.015324    -0.010759          2
MinModeTranslate:   94  16:47:58   -12460.274728       0.2615     --------    -0.010579          2
MinModeTranslate:   94  16:47:58   -12460.274728       0.2615     0.037558    -0.010579          2
MinModeTranslate:   95  16:47:58   -12460.278631       0.2671     --------    -0.012197          2
MinModeTranslate:   95  16:47:58   -12460.278631       0.2671     0.045834    -0.012197          2
MinModeTranslate:   96  16:47:58   -12460.282900       0.2792     --------    -0.012463          2
MinModeTranslate:   96  16:47:58   -12460.282900       0.2792     0.026746    -0.012463          2
MinModeTranslate:   97  16:47:59   -12460.285119       0.1910     --------    -0.012384          2
MinModeTranslate:   97  16:47:59   -12460.285119       0.1910     0.028501    -0.012384          2
MinModeTranslate:   98  16:47:59   -12460.287655       0.2588     --------    -0.011715          2
MinModeTranslate:   98  16:47:59   -12460.287655       0.2588     0.034212    -0.011715          2
MinModeTranslate:   99  16:47:59   -12460.290334       0.2716     --------    -0.012689          2
MinModeTranslate:   99  16:47:59   -12460.290334       0.2716     0.045005    -0.012689          2
MinModeTranslate:  100  16:47:59   -12460.293095       0.2743     --------    -0.008250          3
MinModeTranslate:  100  16:47:59   -12460.293095       0.2743     0.038067    -0.008250          3
MinModeTranslate:  101  16:47:59   -12460.295815       0.1448     --------    -0.007387          2
MinModeTranslate:  101  16:47:59   -12460.295815       0.1448     0.021341    -0.007387          2
MinModeTranslate:  102  16:47:59   -12460.297517       0.1526     --------    -0.008701          2
MinModeTranslate:  102  16:47:59   -12460.297517       0.1526     0.016648    -0.008701          2
MinModeTranslate:  103  16:47:59   -12460.298514       0.1602     --------    -0.005629          2
MinModeTranslate:  103  16:47:59   -12460.298514       0.1602     0.017180    -0.005629          2
MinModeTranslate:  104  16:47:59   -12460.299471       0.1141     --------    -0.004113          2
MinModeTranslate:  104  16:47:59   -12460.299471       0.1141     0.019961    -0.004113          2
MinModeTranslate:  105  16:47:59   -12460.300464       0.1619     --------    -0.003926          2
MinModeTranslate:  105  16:47:59   -12460.300464       0.1619     0.042422    -0.003926          2
MinModeTranslate:  106  16:47:59   -12460.302515       0.1720     --------    -0.004405          3
MinModeTranslate:  106  16:47:59   -12460.302515       0.1720     0.042601    -0.004405          3
MinModeTranslate:  107  16:48:00   -12460.304389       0.0102     --------     0.000457          3
MinModeTranslate:  107  16:48:00   -12460.304389       0.0102     0.100000     0.000457          3
MinModeTranslate:  108  16:48:00   -12460.302613       0.1414     --------    -0.005715          2
MinModeTranslate:  108  16:48:00   -12460.302613       0.1414     0.100000    -0.005715          2
MinModeTranslate:  109  16:48:00   -12460.302027       0.1277     --------    -0.010074          2
MinModeTranslate:  109  16:48:00   -12460.302027       0.1277     0.060286    -0.010074          2
MinModeTranslate:  110  16:48:00   -12460.302000       0.2888     --------    -0.011093          2
MinModeTranslate:  110  16:48:00   -12460.302000       0.2888     0.082775    -0.011093          2
MinModeTranslate:  111  16:48:00   -12460.300939       0.2526     --------    -0.001890          2
MinModeTranslate:  111  16:48:00   -12460.300939       0.2526     0.007376    -0.001890          2
MinModeTranslate:  112  16:48:00   -12460.301756       0.0088     --------     0.001274          2
MinModeTranslate:  112  16:48:00   -12460.301756       0.0088     0.100000     0.001274          2
MinModeTranslate:  113  16:48:00   -12460.300156       0.0095     --------     0.021269          3
MinModeTranslate:  113  16:48:00   -12460.300156       0.0095     0.100000     0.021269          3
MinModeTranslate:  114  16:48:00   -12460.298349       0.0112     --------     0.041695          3
MinModeTranslate:  114  16:48:00   -12460.298349       0.0112     0.100000     0.041695          3
MinModeTranslate:  115  16:48:00   -12460.296140       0.0141     --------     0.054354          3
MinModeTranslate:  115  16:48:00   -12460.296140       0.0141     0.100000     0.054354          3
MinModeTranslate:  116  16:48:00   -12460.293397       0.0171     --------     0.056597          3
MinModeTranslate:  116  16:48:00   -12460.293397       0.0171     0.100000     0.056597          3
MinModeTranslate:  117  16:48:00   -12460.290143       0.0201     --------     0.048538          3
MinModeTranslate:  117  16:48:00   -12460.290143       0.0201     0.100000     0.048538          3
MinModeTranslate:  118  16:48:00   -12460.286427       0.0223     --------     0.033883          3
MinModeTranslate:  118  16:48:00   -12460.286427       0.0223     0.100000     0.033883          3
MinModeTranslate:  119  16:48:01   -12460.282444       0.0237     --------     0.016860          3
MinModeTranslate:  119  16:48:01   -12460.282444       0.0237     0.100000     0.016860          3
MinModeTranslate:  120  16:48:01   -12460.278310       0.0240     --------     0.003239          3
MinModeTranslate:  120  16:48:01   -12460.278310       0.0240     0.100000     0.003239          3
MinModeTranslate:  121  16:48:01   -12460.274192       0.1337     --------    -0.000942          3
MinModeTranslate:  121  16:48:01   -12460.274192       0.1337     0.062532    -0.000942          3
MinModeTranslate:  122  16:48:01   -12460.271624       0.4168     --------    -0.005388          3
MinModeTranslate:  122  16:48:01   -12460.271624       0.4168     0.083614    -0.005388          3
MinModeTranslate:  123  16:48:01   -12460.266229       0.6541     --------    -0.004007          3
MinModeTranslate:  123  16:48:01   -12460.266229       0.6541     0.100000    -0.004007          3
MinModeTranslate:  124  16:48:01   -12460.263665       0.2678     --------    -0.001879          3
MinModeTranslate:  124  16:48:01   -12460.263665       0.2678     0.007732    -0.001879          3
MinModeTranslate:  125  16:48:01   -12460.265729       0.0241     --------     0.002995          3
MinModeTranslate:  125  16:48:01   -12460.265729       0.0241     0.100000     0.002995          3
MinModeTranslate:  126  16:48:01   -12460.261581       0.2496     --------    -0.002267          3
MinModeTranslate:  126  16:48:01   -12460.261581       0.2496     0.067044    -0.002267          3
MinModeTranslate:  127  16:48:01   -12460.258781       0.3949     --------    -0.009578          3
MinModeTranslate:  127  16:48:01   -12460.258781       0.3949     0.074200    -0.009578          3
MinModeTranslate:  128  16:48:01   -12460.253831       0.7122     --------    -0.022312          3
MinModeTranslate:  128  16:48:02   -12460.253831       0.7122     0.100000    -0.022312          3
MinModeTranslate:  129  16:48:02   -12460.251792       0.4535     --------    -0.032189          2
MinModeTranslate:  129  16:48:02   -12460.251792       0.4535     0.005003    -0.032189          2
MinModeTranslate:  130  16:48:02   -12460.253461       0.0901     --------    -0.028768          2
MinModeTranslate:  130  16:48:02   -12460.253461       0.0901     0.007484    -0.028768          2
MinModeTranslate:  131  16:48:02   -12460.254075       0.1109     --------    -0.027663          2
MinModeTranslate:  131  16:48:02   -12460.254075       0.1109     0.006413    -0.027663          2
MinModeTranslate:  132  16:48:02   -12460.254345       0.1083     --------    -0.030455          1
MinModeTranslate:  132  16:48:02   -12460.254345       0.1083     0.013929    -0.030455          1
MinModeTranslate:  133  16:48:02   -12460.254685       0.1184     --------    -0.030667          2
MinModeTranslate:  133  16:48:02   -12460.254685       0.1184     0.079475    -0.030667          2
MinModeTranslate:  134  16:48:02   -12460.255617       0.3849     --------    -0.019398          3
MinModeTranslate:  134  16:48:02   -12460.255617       0.3849     0.100000    -0.019398          3
MinModeTranslate:  135  16:48:02   -12460.257047       0.7005     --------    -0.004293          3
MinModeTranslate:  135  16:48:02   -12460.257047       0.7005     0.068277    -0.004293          3
MinModeTranslate:  136  16:48:02   -12460.265934       0.3841     --------    -0.007859          3
MinModeTranslate:  136  16:48:02   -12460.265934       0.3841     0.018620    -0.007859          3
MinModeTranslate:  137  16:48:02   -12460.267992       0.1960     --------    -0.006090          3
MinModeTranslate:  137  16:48:02   -12460.267992       0.1960     0.049122    -0.006090          3
MinModeTranslate:  138  16:48:02   -12460.270736       0.0206     --------     0.006098          2
MinModeTranslate:  138  16:48:02   -12460.270736       0.0206     0.100000     0.006098          2
MinModeTranslate:  139  16:48:02   -12460.267193       0.0205     --------     0.000658          2
MinModeTranslate:  139  16:48:02   -12460.267193       0.0205     0.100000     0.000658          2
MinModeTranslate:  140  16:48:03   -12460.263700       0.3142     --------    -0.009212          2
MinModeTranslate:  140  16:48:03   -12460.263700       0.3142     0.100000    -0.009212          2
MinModeTranslate:  141  16:48:03   -12460.262596       0.1089     --------    -0.022998          2
MinModeTranslate:  141  16:48:03   -12460.262596       0.1089     0.006487    -0.022998          2
MinModeTranslate:  142  16:48:03   -12460.263445       0.1323     --------    -0.027016          2
MinModeTranslate:  142  16:48:03   -12460.263445       0.1323     0.016105    -0.027016          2
MinModeTranslate:  143  16:48:03   -12460.264799       0.1617     --------    -0.025877          2
MinModeTranslate:  143  16:48:03   -12460.264799       0.1617     0.021434    -0.025877          2
MinModeTranslate:  144  16:48:03   -12460.266300       0.2042     --------    -0.023361          2
MinModeTranslate:  144  16:48:03   -12460.266300       0.2042     0.032708    -0.023361          2
MinModeTranslate:  145  16:48:03   -12460.268382       0.2028     --------    -0.025159          2
MinModeTranslate:  145  16:48:03   -12460.268382       0.2028     0.029248    -0.025159          2
MinModeTranslate:  146  16:48:03   -12460.270138       0.2069     --------    -0.028189          3
MinModeTranslate:  146  16:48:03   -12460.270138       0.2069     0.028494    -0.028189          3
MinModeTranslate:  147  16:48:03   -12460.271627       0.1791     --------    -0.021824          2
MinModeTranslate:  147  16:48:03   -12460.271627       0.1791     0.034780    -0.021824          2
MinModeTranslate:  148  16:48:03   -12460.273235       0.1932     --------    -0.016637          2
MinModeTranslate:  148  16:48:03   -12460.273235       0.1932     0.074541    -0.016637          2
MinModeTranslate:  149  16:48:03   -12460.276867       0.2187     --------    -0.010540          3
MinModeTranslate:  149  16:48:03   -12460.276867       0.2187     0.100000    -0.010540          3
MinModeTranslate:  150  16:48:03   -12460.285902       0.2757     --------    -0.003542          3
MinModeTranslate:  150  16:48:03   -12460.285902       0.2757     0.039752    -0.003542          3
MinModeTranslate:  151  16:48:04   -12460.289957       0.4074     --------    -0.005058          3
MinModeTranslate:  151  16:48:04   -12460.289957       0.4074     0.057454    -0.005058          3
MinModeTranslate:  152  16:48:04   -12460.292937       0.4313     --------    -0.008168          3
MinModeTranslate:  152  16:48:04   -12460.292937       0.4313     0.024469    -0.008168          3
MinModeTranslate:  153  16:48:04   -12460.296577       0.3005     --------    -0.011816          3
MinModeTranslate:  153  16:48:04   -12460.296577       0.3005     0.018996    -0.011816          3
MinModeTranslate:  154  16:48:04   -12460.299162       0.2230     --------    -0.018349          3
MinModeTranslate:  154  16:48:04   -12460.299162       0.2230     0.017178    -0.018349          3
MinModeTranslate:  155  16:48:04   -12460.300986       0.1688     --------    -0.015368          3
MinModeTranslate:  155  16:48:04   -12460.300986       0.1688     0.021131    -0.015368          3
MinModeTranslate:  156  16:48:04   -12460.302943       0.3059     --------    -0.011315          3
MinModeTranslate:  156  16:48:04   -12460.302943       0.3059     0.020133    -0.011315          3
MinModeTranslate:  157  16:48:04   -12460.304685       0.1514     --------    -0.014573          3
MinModeTranslate:  157  16:48:04   -12460.304685       0.1514     0.026626    -0.014573          3
MinModeTranslate:  158  16:48:04   -12460.306764       0.1390     --------    -0.020421          3
MinModeTranslate:  158  16:48:04   -12460.306764       0.1390     0.011730    -0.020421          3
MinModeTranslate:  159  16:48:04   -12460.307625       0.1723     --------    -0.020407          3
MinModeTranslate:  159  16:48:04   -12460.307625       0.1723     0.015250    -0.020407          3
MinModeTranslate:  160  16:48:04   -12460.308597       0.1384     --------    -0.022371          3
