MINMODE:METHOD: Dimer
DIM:CONTROL: Search Parameters:
DIM:CONTROL: ------------------
DIM:CONTROL: eigenmode_method = dimer
DIM:CONTROL: f_rot_min = 0.01
DIM:CONTROL: f_rot_max = 0.1
DIM:CONTROL: max_num_rot = 3
DIM:CONTROL: trial_angle = 0.7853981633974483
DIM:CONTROL: trial_trans_step = 0.001
DIM:CONTROL: maximum_translation = 0.1
DIM:CONTROL: cg_translation = True
DIM:CONTROL: use_central_forces = True
DIM:CONTROL: dimer_separation = 0.005
DIM:CONTROL: initial_eigenmode_method = gauss
DIM:CONTROL: extrapolate_forces = True
DIM:CONTROL: displacement_method = gauss
DIM:CONTROL: gauss_std = 0.1
DIM:CONTROL: order = 1
DIM:CONTROL: mask = None
DIM:CONTROL: displacement_center = None
DIM:CONTROL: displacement_radius = None
DIM:CONTROL: number_of_displacement_atoms = None
DIM:CONTROL: ------------------
DIM:ROT: OPT-STEP ROT-STEP CURVATURE ROT-ANGLE ROT-FORCE
DIM:ROT:       0         1   -7.6125   31.9642   15.8225
DIM:ROT:       0         2  -12.8004   13.5938   21.4570
DIM:ROT:       0         3  -15.7072   13.8006   11.6922
DIM:ROT:       1         1  -11.4945    7.1641   11.7124
DIM:ROT:       1         2  -12.1879    6.2941    6.1500
DIM:ROT:       1         3  -12.5546    3.6354    5.9476
DIM:ROT:       2         1  -10.1346    4.8205    4.5092
DIM:ROT:       2         2  -10.3031    2.6428    3.7488
DIM:ROT:       2         3  -10.4018    2.1711    2.4404
DIM:ROT:       3         1   -9.7357    3.7358    3.6569
DIM:ROT:       3         2   -9.8340    1.9848    2.8050
DIM:ROT:       3         3   -9.8905    1.6980    1.7915
DIM:ROT:       4         1  -10.5885    4.7892    3.1670
DIM:ROT:       4         2  -10.6567    1.6622    2.6473
DIM:ROT:       4         3  -10.6906    1.4712    1.2666
DIM:ROT:       5         1  -12.4205    4.9183    4.5331
DIM:ROT:       5         2  -12.6001    2.5966    4.0591
DIM:ROT:       5         3  -12.7072    2.4415    2.3393
DIM:ROT:       6         1  -14.2284    6.1785    4.2195
DIM:ROT:       6         2  -14.3878    2.4892    3.8662
DIM:ROT:       6         3  -14.4612    2.1147    1.8759
DIM:ROT:       7         1  -14.3670    2.8581    3.3946
DIM:ROT:       7         2  -14.4464    1.7996    2.3569
DIM:ROT:       7         3  -14.4903    1.3924    1.6994
DIM:ROT:       8         1  -13.4264    2.8780    2.6063
DIM:ROT:       8         2  -13.4762    1.5056    1.8906
DIM:ROT:       8         3  -13.5022    1.1458    1.2254
DIM:ROT:       9         1  -11.3352    3.0008    2.2626
DIM:ROT:       9         2  -11.3757    1.3762    1.5850
DIM:ROT:       9         3  -11.3942    0.9608    1.0141
DIM:ROT:      10         1   -9.3838    2.4986    2.1360
DIM:ROT:      10         2   -9.4213    1.3206    1.5764
DIM:ROT:      10         3   -9.4430    1.0812    1.0505
DIM:ROT:      11         1   -6.9859    2.6459    2.7425
DIM:ROT:      11         2   -7.0411    1.6400    1.7450
DIM:ROT:      11         3   -7.0701    1.2610    1.2323
DIM:ROT:      12         1   -6.8973    2.1489    3.1442
DIM:ROT:      12         2   -6.9433    2.0387    1.1409
DIM:ROT:      12         3   -6.9678    0.9683    1.4209
DIM:ROT:      13         1   -4.8091    2.8853    3.7839
DIM:ROT:      13         2   -4.8784    2.1270    1.6920
DIM:ROT:      13         3   -4.9074    1.1858    1.4095
DIM:ROT:      14         1   -4.6817    1.7604    1.9314
DIM:ROT:      14         2   -4.7046    1.2471    1.1029
DIM:ROT:      14         3   -4.7207    0.8815    1.0271
DIM:ROT:      15         1   -3.8949    2.1193    2.8534
DIM:ROT:      15         2   -3.9305    1.5286    1.3096
DIM:ROT:      15         3   -3.9481    0.9036    1.1515
DIM:ROT:      16         1   -3.7712    1.9933    2.0848
DIM:ROT:      16         2   -3.8014    1.3230    1.2647
DIM:ROT:      16         3   -3.8184    0.9977    1.0216
DIM:ROT:      17         1   -3.9378    1.1922    0.8966
DIM:ROT:      17         2   -3.9491    0.7924    0.8207
DIM:ROT:      17         3   -3.9575    0.7184    0.6210
DIM:ROT:      18         1   -3.5135    2.3490    2.6391
DIM:ROT:      18         2   -3.5560    1.5496    1.4599
DIM:ROT:      18         3   -3.5776    1.0633    1.1785
DIM:ROT:      19         1   -3.5210    1.2049    1.1268
DIM:ROT:      19         2   -3.5364    0.8637    1.0001
DIM:ROT:      19         3   -3.5475    0.8192    0.7607
DIM:ROT:      20         1   -2.8975    2.3193    2.4488
DIM:ROT:      20         2   -2.9433    1.5311    1.6109
DIM:ROT:      20         3   -2.9692    1.1691    1.2716
DIM:ROT:      21         1   -2.8712    1.5337    1.3650
DIM:ROT:      21         2   -2.8943    0.9915    1.2685
DIM:ROT:      21         3   -2.9104    1.0083    0.8935
DIM:ROT:      22         1   -2.4084    1.4402    1.7685
DIM:ROT:      22         2   -2.4319    1.1095    1.1584
DIM:ROT:      22         3   -2.4470    0.8458    0.9966
DIM:ROT:      23         1   -1.7373    1.8458    1.4996
DIM:ROT:      23         2   -1.7626    1.0263    1.3531
DIM:ROT:      23         3   -1.7789    1.0547    0.8849
DIM:ROT:      24         1   -1.2232    1.4276    1.4552
DIM:ROT:      24         2   -1.2475    1.0584    1.2583
DIM:ROT:      24         3   -1.2652    1.0061    0.9934
DIM:ROT:      25         1   -0.4531    2.6249    1.6585
DIM:ROT:      25         2   -0.5046    1.4410    2.0280
DIM:ROT:      25         3   -0.5451    1.8298    1.2364
DIM:ROT:      26         1    0.1795    2.3236    2.2696
DIM:ROT:      26         2    0.1065    1.9034    2.1454
DIM:ROT:      26         3    0.0485    1.8375    1.7992
DIM:ROT:      27         1   -0.5088    3.1487    2.4759
DIM:ROT:      27         2   -0.5812    1.7785    2.3607
DIM:ROT:      27         3   -0.6345    1.9242    1.5715
DIM:ROT:      28         1   -2.5603    4.0950    3.6569
DIM:ROT:      28         2   -2.6637    2.1303    3.0014
DIM:ROT:      28         3   -2.7314    2.0457    1.8987
DIM:ROT:      29         1   -3.2527    2.0478    2.1823
DIM:ROT:      29         2   -3.3054    1.5469    1.9691
DIM:ROT:      29         3   -3.3470    1.5115    1.5735
DIM:ROT:      30         1   -3.6123    1.4205    1.7663
DIM:ROT:      30         2   -3.6468    1.3612    1.4556
DIM:ROT:      30         3   -3.6747    1.1346    1.3992
DIM:ROT:      31         1   -3.8448    1.5669    1.2742
DIM:ROT:      31         2   -3.8715    1.0109    1.4922
DIM:ROT:      31         3   -3.8930    1.2060    1.0120
DIM:ROT:      32         1   -3.5333    0.9796    1.2081
DIM:ROT:      32         2   -3.5491    0.9261    0.9432
DIM:ROT:      32         3   -3.5620    0.7552    0.9404
DIM:ROT:      33         1   -2.9631    1.0285    1.1146
DIM:ROT:      33         2   -2.9741    0.7057    0.8848
DIM:ROT:      33         3   -2.9825    0.6466    0.6996
DIM:ROT:      34         1   -2.7424    0.9117    0.6988
DIM:ROT:      34         2   -2.7498    0.5167    0.7668
DIM:ROT:      34         3   -2.7552    0.6136    0.4723
DIM:ROT:      35         1   -2.5850    0.6595    0.7508
DIM:ROT:      35         2   -2.5903    0.5085    0.5734
DIM:ROT:      35         3   -2.5945    0.4405    0.5075
DIM:ROT:      36         1   -2.5836    0.6696    0.5818
DIM:ROT:      36         2   -2.5887    0.4440    0.5781
DIM:ROT:      36         3   -2.5925    0.4644    0.4269
DIM:ROT:      37         1   -2.5816    0.4892    0.5009
DIM:ROT:      37         2   -2.5852    0.3949    0.4785
DIM:ROT:      37         3   -2.5882    0.3956    0.4057
DIM:ROT:      38         1   -2.5867    0.4238    0.4918
DIM:ROT:      38         2   -2.5898    0.3849    0.4096
DIM:ROT:      38         3   -2.5924    0.3367    0.3930
DIM:ROT:      39         1   -2.6523    0.3482    0.3947
DIM:ROT:      39         2   -2.6543    0.3078    0.3296
DIM:ROT:      39         3   -2.6559    0.2777    0.3185
DIM:ROT:      40         1   -2.6978    0.2744    0.3174
DIM:ROT:      40         2   -2.6991    0.2513    0.2654
DIM:ROT:      40         3   -2.7003    0.2212    0.2578
DIM:ROT:      41         1   -2.8173    0.3609    0.3042
DIM:ROT:      41         2   -2.8188    0.2416    0.3201
DIM:ROT:      41         3   -2.8200    0.2626    0.2391
DIM:ROT:      42         1   -2.9732    0.6033    0.4722
DIM:ROT:      42         2   -2.9760    0.3542    0.4568
DIM:ROT:      42         3   -2.9781    0.3412    0.3332
DIM:ROT:      43         1   -3.1032    0.5559    0.5748
DIM:ROT:      43         2   -3.1071    0.4217    0.5092
DIM:ROT:      43         3   -3.1103    0.4048    0.4232
DIM:ROT:      44         1   -3.1509    1.3947    0.9439
DIM:ROT:      44         2   -3.1642    0.7135    0.9059
DIM:ROT:      44         3   -3.1713    0.6278    0.6316
DIM:ROT:      45         1   -3.1569    1.0228    1.1749
DIM:ROT:      45         2   -3.1697    0.7767    0.8887
DIM:ROT:      45         3   -3.1793    0.6719    0.7925
DIM:ROT:      46         1   -3.2849    2.0294    1.4366
DIM:ROT:      46         2   -3.3134    1.1093    1.3182
DIM:ROT:      46         3   -3.3288    0.9115    0.9705
DIM:ROT:      47         1   -3.3452    1.2063    1.1638
DIM:ROT:      47         2   -3.3635    0.8630    1.1704
DIM:ROT:      47         3   -3.3781    0.9176    0.8875
DIM:ROT:      48         1   -3.2718    1.4753    1.4338
DIM:ROT:      48         2   -3.2959    1.0774    1.2313
DIM:ROT:      48         3   -3.3144    0.9689    1.0963
DIM:ROT:      49         1   -3.0910    1.5990    1.5440
DIM:ROT:      49         2   -3.1203    1.1560    1.4278
DIM:ROT:      49         3   -3.1448    1.1644    1.1921
DIM:ROT:      50         1   -2.8466    1.8352    1.7821
DIM:ROT:      50         2   -2.8867    1.2995    1.7119
DIM:ROT:      50         3   -2.9180    1.3356    1.3548
DIM:ROT:      51         1   -2.4622    2.2736    2.1054
DIM:ROT:      51         2   -2.5219    1.6069    2.1327
DIM:ROT:      51         3   -2.5703    1.6661    1.6392
DIM:ROT:      52         1   -2.2182    2.5239    2.3668
DIM:ROT:      52         2   -2.2978    1.8016    2.4808
DIM:ROT:      52         3   -2.3594    1.9164    1.8602
DIM:ROT:      53         1   -2.6527    3.0640    2.6362
DIM:ROT:      53         2   -2.7507    2.0135    2.7960
DIM:ROT:      53         3   -2.8367    2.3417    2.0698
DIM:ROT:      54         1   -2.8945    3.9988    3.4193
DIM:ROT:      54         2   -3.0851    2.7992    3.8450
DIM:ROT:      54         3   -3.2484    3.2634    2.8717
DIM:ROT:      55         1   -2.9028    4.1067    4.2523
DIM:ROT:      55         2   -3.1425    3.2622    4.1702
DIM:ROT:      55         3   -3.3495    3.3568    3.4872
DIM:ROT:      56         1   -3.3134    4.3352    4.1278
DIM:ROT:      56         2   -3.5627    3.2771    4.3136
DIM:ROT:      56         3   -3.7627    3.4297    3.3364
DIM:ROT:      57         1   -3.8928    3.4465    4.0298
DIM:ROT:      57         2   -4.0777    2.9067    3.6262
DIM:ROT:      57         3   -4.2248    2.6843    3.1256
DIM:ROT:      58         1   -4.7328    2.9485    3.3034
DIM:ROT:      58         2   -4.8542    2.2631    3.0742
DIM:ROT:      58         3   -4.9465    2.1679    2.4245
DIM:ROT:      59         1   -5.2319    2.2629    2.7903
DIM:ROT:      59         2   -5.2969    1.7257    2.2056
DIM:ROT:      59         3   -5.3430    1.4645    1.7947
DIM:ROT:      60         1   -4.6680    2.0069    2.1720
DIM:ROT:      60         2   -4.6985    1.0841    1.6760
DIM:ROT:      60         3   -4.7168    0.9770    1.0736
DIM:ROT:      61         1   -4.2995    1.6472    1.4708
DIM:ROT:      61         2   -4.3204    0.8667    1.3968
DIM:ROT:      61         3   -4.3341    0.9639    0.8306
DIM:ROT:      62         1   -4.0388    2.4130    2.3305
DIM:ROT:      62         2   -4.0705    1.2139    1.5985
DIM:ROT:      62         3   -4.0923    1.0492    1.1994
DIM:ROT:      63         1   -4.0010    2.8901    2.0037
DIM:ROT:      63         2   -4.0405    1.2078    1.9416
DIM:ROT:      63         3   -4.0657    1.3249    1.1153
DIM:ROT:      64         1   -3.8475    1.4773    1.6451
DIM:ROT:      64         2   -3.8769    1.1247    1.5215
DIM:ROT:      64         3   -3.9008    1.1168    1.2208
DIM:ROT:      65         1   -3.7789    1.2187    1.4552
DIM:ROT:      65         2   -3.8017    1.0007    1.3131
DIM:ROT:      65         3   -3.8194    0.9425    1.1050
DIM:ROT:      66         1   -4.1413    1.5805    1.5072
DIM:ROT:      66         2   -4.1625    0.8909    1.3424
DIM:ROT:      66         3   -4.1775    0.9220    0.9285
DIM:ROT:      67         1   -4.3987    1.0338    1.2547
DIM:ROT:      67         2   -4.4125    0.7601    1.0268
DIM:ROT:      67         3   -4.4221    0.6840    0.8155
DIM:ROT:      68         1   -4.6873    1.2143    1.0498
DIM:ROT:      68         2   -4.6994    0.6381    1.0539
DIM:ROT:      68         3   -4.7072    0.7035    0.6317
DIM:ROT:      69         1   -4.9826    0.8037    0.9438
DIM:ROT:      69         2   -4.9917    0.5950    0.8507
DIM:ROT:      69         3   -4.9980    0.5615    0.6417
DIM:ROT:      70         1   -5.2502    1.1481    0.8611
DIM:ROT:      70         2   -5.2618    0.6118    1.0700
DIM:ROT:      70         3   -5.2708    0.8203    0.6143
DIM:ROT:      71         1   -5.5732    0.9960    1.1300
DIM:ROT:      71         2   -5.5891    0.8057    1.1019
DIM:ROT:      71         3   -5.6021    0.8155    0.9091
DIM:ROT:      72         1   -5.7071    1.6835    1.3026
DIM:ROT:      72         2   -5.7277    0.7990    1.4355
DIM:ROT:      72         3   -5.7419    1.0386    0.7708
DIM:ROT:      73         1   -5.0249    3.2593    2.6205
DIM:ROT:      73         2   -5.0909    1.5100    2.5163
DIM:ROT:      73         3   -5.1291    1.5485    1.4395
DIM:ROT:      74         1   -4.4177    4.5079    3.5756
DIM:ROT:      74         2   -4.5865    2.5656    3.7872
DIM:ROT:      74         3   -4.7017    2.5123    2.6097
DIM:ROT:      75         1   -4.5734    3.1577    3.6216
DIM:ROT:      75         2   -4.6989    2.3451    3.0760
DIM:ROT:      75         3   -4.7879    2.0942    2.4665
DIM:ROT:      76         1   -4.5183    2.5463    2.9491
DIM:ROT:      76         2   -4.5913    1.7440    2.4382
DIM:ROT:      76         3   -4.6454    1.6298    1.8885
DIM:ROT:      77         1   -4.5635    1.5864    1.9901
DIM:ROT:      77         2   -4.6050    1.3614    1.7434
DIM:ROT:      77         3   -4.6355    1.1896    1.4961
DIM:ROT:      78         1   -4.4418    1.6578    1.5767
DIM:ROT:      78         2   -4.4717    1.0619    1.6105
DIM:ROT:      78         3   -4.4943    1.1353    1.1230
DIM:ROT:      79         1   -4.3892    1.1534    1.5573
DIM:ROT:      79         2   -4.4098    0.9551    1.2103
DIM:ROT:      79         3   -4.4245    0.7989    1.0542
DIM:ROT:      80         1   -4.4037    1.1993    1.1250
DIM:ROT:      80         2   -4.4188    0.7312    1.1308
DIM:ROT:      80         3   -4.4297    0.7833    0.7705
DIM:ROT:      81         1   -4.3615    1.0855    1.2835
DIM:ROT:      81         2   -4.3771    0.7991    1.0558
DIM:ROT:      81         3   -4.3882    0.7175    0.8738
DIM:ROT:      82         1   -4.3283    1.1455    1.0054
DIM:ROT:      82         2   -4.3431    0.7106    1.1173
DIM:ROT:      82         3   -4.3541    0.8174    0.7505
DIM:ROT:      83         1   -4.3737    0.8804    1.0830
DIM:ROT:      83         2   -4.3872    0.7662    0.9613
DIM:ROT:      83         3   -4.3977    0.6929    0.8521
DIM:ROT:      84         1   -4.5168    1.4289    1.0518
DIM:ROT:      84         2   -4.5365    0.7946    1.3265
DIM:ROT:      84         3   -4.5508    1.0124    0.7975
DIM:ROT:      85         1   -4.6034    0.7993    1.2221
DIM:ROT:      85         2   -4.6174    0.8744    0.8848
DIM:ROT:      85         3   -4.6286    0.6393    0.9699
DIM:ROT:      86         1   -4.6095    1.8796    1.0754
DIM:ROT:      86         2   -4.6347    0.8526    1.5845
DIM:ROT:      86         3   -4.6514    1.1527    0.8057
DIM:ROT:      87         1   -4.7163    1.3570    1.5534
DIM:ROT:      87         2   -4.7456    1.1066    1.4813
DIM:ROT:      87         3   -4.7688    1.0754    1.2305
DIM:ROT:      88         1   -4.7805    1.0516    1.2488
DIM:ROT:      88         2   -4.7985    0.8811    1.1521
DIM:ROT:      88         3   -4.8136    0.8432    0.9914
DIM:ROT:      89         1   -4.8075    0.7907    0.9923
DIM:ROT:      89         2   -4.8178    0.6824    0.8468
DIM:ROT:      89         3   -4.8258    0.6080    0.7484
DIM:ROT:      90         1   -4.7772    0.9593    0.9294
DIM:ROT:      90         2   -4.7856    0.5608    0.8813
DIM:ROT:      90         3   -4.7921    0.6142    0.5937
DIM:ROT:      91         1   -4.6445    0.6540    0.8207
DIM:ROT:      91         2   -4.6501    0.4922    0.6652
DIM:ROT:      91         3   -4.6540    0.4368    0.5315
DIM:ROT:      92         1   -4.4466    0.5571    0.6458
DIM:ROT:      92         2   -4.4497    0.3546    0.5066
DIM:ROT:      92         3   -4.4520    0.3384    0.3862
DIM:ROT:      93         1   -4.3292    0.5594    0.6016
DIM:ROT:      93         2   -4.3318    0.3348    0.4545
DIM:ROT:      93         3   -4.3337    0.3078    0.3608
DIM:ROT:      94         1   -4.3553    0.4146    0.4553
DIM:ROT:      94         2   -4.3571    0.2850    0.3864
DIM:ROT:      94         3   -4.3586    0.2750    0.3160
DIM:ROT:      95         1   -4.4132    0.4397    0.4727
DIM:ROT:      95         2   -4.4153    0.2877    0.4239
DIM:ROT:      95         3   -4.4169    0.2853    0.3066
DIM:ROT:      96         1   -4.4079    0.3438    0.3663
DIM:ROT:      96         2   -4.4094    0.2321    0.3448
DIM:ROT:      96         3   -4.4105    0.2394    0.2526
DIM:ROT:      97         1   -4.3467    0.2654    0.3544
DIM:ROT:      97         2   -4.3478    0.2299    0.2637
DIM:ROT:      97         3   -4.3486    0.1824    0.2488
DIM:ROT:      98         1   -4.1971    0.3940    0.3619
DIM:ROT:      98         2   -4.1986    0.2567    0.3180
DIM:ROT:      98         3   -4.1995    0.2113    0.2474
DIM:ROT:      99         1   -4.0462    0.4605    0.3851
DIM:ROT:      99         2   -4.0482    0.2620    0.4184
DIM:ROT:      99         3   -4.0495    0.2877    0.2675
DIM:ROT:     100         1   -4.0882    0.6078    0.5149
DIM:ROT:     100         2   -4.0914    0.3261    0.5227
DIM:ROT:     100         3   -4.0935    0.3521    0.3373
DIM:ROT:     101         1   -4.1488    0.3932    0.4723
DIM:ROT:     101         2   -4.1512    0.3100    0.4097
DIM:ROT:     101         3   -4.1529    0.2855    0.3396
DIM:ROT:     102         1   -4.1598    0.3698    0.3763
DIM:ROT:     102         2   -4.1616    0.2612    0.3842
DIM:ROT:     102         3   -4.1631    0.2791    0.2893
DIM:ROT:     103         1   -4.0000    0.8723    0.6609
DIM:ROT:     103         2   -4.0062    0.4695    0.7050
DIM:ROT:     103         3   -4.0101    0.4765    0.4781
DIM:ROT:     104         1   -3.9306    0.6690    0.6858
DIM:ROT:     104         2   -3.9366    0.4739    0.6936
DIM:ROT:     104         3   -3.9413    0.5059    0.5265
DIM:ROT:     105         1   -3.9114    0.5064    0.6259
DIM:ROT:     105         2   -3.9158    0.4391    0.5556
DIM:ROT:     105         3   -3.9193    0.4010    0.4912
DIM:ROT:     106         1   -3.8693    0.7235    0.6424
DIM:ROT:     106         2   -3.8742    0.4133    0.6560
DIM:ROT:     106         3   -3.8778    0.4662    0.4373
DIM:ROT:     107         1   -3.8531    0.4887    0.6057
DIM:ROT:     107         2   -3.8568    0.3958    0.5176
DIM:ROT:     107         3   -3.8595    0.3610    0.4366
DIM:ROT:     108         1   -3.8578    0.5061    0.5255
DIM:ROT:     108         2   -3.8604    0.3212    0.4706
DIM:ROT:     108         3   -3.8625    0.3328    0.3511
DIM:ROT:     109         1   -3.8784    0.3230    0.4336
DIM:ROT:     109         2   -3.8799    0.2644    0.3251
DIM:ROT:     109         3   -3.8810    0.2237    0.2909
DIM:ROT:     110         1   -3.8643    0.3420    0.3632
DIM:ROT:     110         2   -3.8654    0.2154    0.3018
DIM:ROT:     110         3   -3.8663    0.2079    0.2329
DIM:ROT:     111         1   -3.8283    0.3143    0.3302
DIM:ROT:     111         2   -3.8293    0.1954    0.2793
DIM:ROT:     111         3   -3.8300    0.1916    0.2103
DIM:ROT:     112         1   -3.8341    0.4418    0.4407
DIM:ROT:     112         2   -3.8360    0.2789    0.3590
DIM:ROT:     112         3   -3.8373    0.2463    0.2929
DIM:ROT:     113         1   -3.8921    0.4877    0.4423
DIM:ROT:     113         2   -3.8948    0.3018    0.4484
DIM:ROT:     113         3   -3.8966    0.3112    0.3204
DIM:ROT:     114         1   -3.9550    0.4129    0.4531
DIM:ROT:     114         2   -3.9574    0.2942    0.4104
DIM:ROT:     114         3   -3.9592    0.2910    0.3249
DIM:ROT:     115         1   -4.0230    0.3696    0.4378
DIM:ROT:     115         2   -4.0250    0.2717    0.3651
DIM:ROT:     115         3   -4.0264    0.2500    0.2977
DIM:ROT:     116         1   -4.0516    0.3181    0.3331
DIM:ROT:     116         2   -4.0531    0.2262    0.3260
DIM:ROT:     116         3   -4.0542    0.2322    0.2488
DIM:ROT:     117         1   -4.0284    0.2247    0.3068
DIM:ROT:     117         2   -4.0292    0.1894    0.2284
DIM:ROT:     117         3   -4.0298    0.1573    0.2088
DIM:ROT:     118         1   -3.9727    0.3300    0.3254
DIM:ROT:     118         2   -3.9736    0.1727    0.2349
DIM:ROT:     118         3   -3.9741    0.1517    0.1763
DIM:ROT:     119         1   -3.9675    0.2532    0.2611
DIM:ROT:     119         2   -3.9683    0.1608    0.2360
DIM:ROT:     119         3   -3.9688    0.1602    0.1710
DIM:ROT:     120         1   -3.9883    0.2992    0.2743
DIM:ROT:     120         2   -3.9891    0.1714    0.2641
DIM:ROT:     120         3   -3.9897    0.1802    0.1821
DIM:ROT:     121         1   -3.9826    0.3581    0.3482
DIM:ROT:     121         2   -3.9839    0.2118    0.3204
DIM:ROT:     121         3   -3.9847    0.2155    0.2233
DIM:ROT:     122         1   -3.9334    0.3941    0.3528
DIM:ROT:     122         2   -3.9350    0.2293    0.3705
DIM:ROT:     122         3   -3.9361    0.2606    0.2419
DIM:ROT:     123         1   -3.7963    0.6532    0.5570
DIM:ROT:     123         2   -3.8000    0.3568    0.5622
DIM:ROT:     123         3   -3.8023    0.3792    0.3643
DIM:ROT:     124         1   -3.7787    0.4703    0.5208
DIM:ROT:     124         2   -3.7816    0.3318    0.4748
DIM:ROT:     124         3   -3.7837    0.3272    0.3641
DIM:ROT:     125         1   -3.7706    0.5922    0.5884
DIM:ROT:     125         2   -3.7742    0.3645    0.5401
DIM:ROT:     125         3   -3.7767    0.3678    0.3885
DIM:ROT:     126         1   -3.7792    0.3657    0.4428
DIM:ROT:     126         2   -3.7813    0.3023    0.4017
DIM:ROT:     126         3   -3.7831    0.2870    0.3442
DIM:ROT:     127         1   -3.8000    0.2446    0.3274
DIM:ROT:     127         2   -3.8012    0.2391    0.2787
DIM:ROT:     127         3   -3.8022    0.2025    0.2700
DIM:ROT:     128         1   -3.8375    0.1935    0.2222
DIM:ROT:     128         2   -3.8381    0.1565    0.2150
DIM:ROT:     128         3   -3.8387    0.1578    0.1789
DIM:ROT:     129         1   -3.8576    0.1585    0.1925
DIM:ROT:     129         2   -3.8580    0.1356    0.1763
DIM:ROT:     129         3   -3.8584    0.1277    0.1523
DIM:ROT:     130         1   -3.8514    0.1653    0.1665
DIM:ROT:     130         2   -3.8518    0.1198    0.1716
DIM:ROT:     130         3   -3.8521    0.1272    0.1336
DIM:ROT:     131         1   -3.8147    0.1382    0.1765
DIM:ROT:     131         2   -3.8151    0.1176    0.1429
DIM:ROT:     131         3   -3.8153    0.1037    0.1317
DIM:ROT:     132         1   -3.8108    0.1497    0.1321
DIM:ROT:     132         2   -3.8111    0.0979    0.1526
DIM:ROT:     132         3   -3.8114    0.1147    0.1072
DIM:ROT:     133         1   -3.8253    0.1132    0.1461
DIM:ROT:     133         2   -3.8256    0.1032    0.1255
DIM:ROT:     133         3   -3.8258    0.0914    0.1165
DIM:ROT:     134         1   -3.8392    0.0982    0.1087
DIM:ROT:     134         2   -3.8393    0.0760    0.1057
DIM:ROT:     134         3   -3.8395    0.0779    0.0860
DIM:ROT:     135         1   -3.8525    0.0687    0.0901
DIM:ROT:     136         1   -3.8551    0.0840    0.0903
DIM:ROT:     137         1   -3.8328    0.0865    0.1003
DIM:ROT:     137         2   -3.8329    0.0647    0.0879
DIM:ROT:     138         1   -3.8138    0.1445    0.1164
DIM:ROT:     138         2   -3.8140    0.0764    0.1272
DIM:ROT:     138         3   -3.8142    0.0881    0.0772
DIM:ROT:     139         1   -3.8146    0.0877    0.1156
DIM:ROT:     139         2   -3.8148    0.0788    0.0950
DIM:ROT:     140         1   -3.8256    0.1143    0.1096
DIM:ROT:     140         2   -3.8258    0.0765    0.1186
DIM:ROT:     140         3   -3.8259    0.0858    0.0839
DIM:ROT:     141         1   -3.8372    0.1069    0.1212
DIM:ROT:     141         2   -3.8374    0.0820    0.1120
DIM:ROT:     141         3   -3.8375    0.0792    0.0911
DIM:ROT:     142         1   -3.8337    0.0918    0.1006
DIM:ROT:     142         2   -3.8338    0.0697    0.0985
DIM:ROT:     143         1   -3.8299    0.0875    0.0928
DIM:ROT:     144         1   -3.8355    0.0677    0.0927
DIM:ROT:     145         1   -3.8417    0.0781    0.0843
DIM:ROT:     146         1   -3.8471    0.0619    0.0880
DIM:ROT:     147         1   -3.8475    0.0656    0.0700
