      Step     Time          Energy          fmax
BFGS:    0 16:54:40    -6227.011942        0.210034
BFGS:    1 16:54:40    -6227.012986        0.153469
BFGS:    2 16:54:40    -6227.014093        0.125243
BFGS:    3 16:54:40    -6227.016063        0.191904
BFGS:    4 16:54:40    -6227.022697        0.485870
BFGS:    5 16:54:40    -6227.095877        1.223001
BFGS:    6 16:54:40    -6227.278473        1.414971
BFGS:    7 16:54:40    -6227.575595        2.561208
BFGS:    8 16:54:40    -6228.002205        2.216376
BFGS:    9 16:54:40    -6228.098663        3.469171
BFGS:   10 16:54:40    -6228.304664        2.128179
BFGS:   11 16:54:40    -6228.474346        1.959228
BFGS:   12 16:54:40    -6228.595842        1.303831
BFGS:   13 16:54:40    -6228.703315        0.921197
BFGS:   14 16:54:40    -6228.789177        0.662423
BFGS:   15 16:54:40    -6228.841523        0.701824
BFGS:   16 16:54:40    -6228.872999        0.652947
BFGS:   17 16:54:40    -6228.897313        0.529663
BFGS:   18 16:54:40    -6228.923747        0.395890
BFGS:   19 16:54:40    -6228.941376        0.418195
BFGS:   20 16:54:40    -6228.953738        0.289346
BFGS:   21 16:54:40    -6228.959841        0.254420
BFGS:   22 16:54:40    -6228.963600        0.158434
BFGS:   23 16:54:40    -6228.965663        0.137872
BFGS:   24 16:54:40    -6228.966609        0.078616
BFGS:   25 16:54:40    -6228.967124        0.066802
BFGS:   26 16:54:40    -6228.967389        0.053240
BFGS:   27 16:54:40    -6228.967646        0.056247
BFGS:   28 16:54:40    -6228.967988        0.070075
BFGS:   29 16:54:40    -6228.968428        0.074759
BFGS:   30 16:54:40    -6228.968969        0.072143
BFGS:   31 16:54:40    -6228.969606        0.076439
BFGS:   32 16:54:40    -6228.970282        0.078403
BFGS:   33 16:54:40    -6228.970813        0.073609
BFGS:   34 16:54:40    -6228.971107        0.048575
BFGS:   35 16:54:40    -6228.971245        0.044592
BFGS:   36 16:54:40    -6228.971348        0.039733
BFGS:   37 16:54:40    -6228.971477        0.045393
BFGS:   38 16:54:40    -6228.971658        0.052128
BFGS:   39 16:54:40    -6228.971898        0.054608
BFGS:   40 16:54:40    -6228.972191        0.065082
BFGS:   41 16:54:40    -6228.972487        0.077107
BFGS:   42 16:54:40    -6228.972727        0.067773
BFGS:   43 16:54:40    -6228.972849        0.037302
BFGS:   44 16:54:40    -6228.972888        0.012832
BFGS:   45 16:54:40    -6228.972890        0.006995
BFGS:   46 16:54:40    -6228.972895        0.005257
BFGS:   47 16:54:40    -6228.972896        0.003935
