MINMODE:METHOD: Dimer
DIM:CONTROL: Search Parameters:
DIM:CONTROL: ------------------
DIM:CONTROL: eigenmode_method = dimer
DIM:CONTROL: f_rot_min = 0.01
DIM:CONTROL: f_rot_max = 0.1
DIM:CONTROL: max_num_rot = 3
DIM:CONTROL: trial_angle = 0.7853981633974483
DIM:CONTROL: trial_trans_step = 0.001
DIM:CONTROL: maximum_translation = 0.1
DIM:CONTROL: cg_translation = True
DIM:CONTROL: use_central_forces = True
DIM:CONTROL: dimer_separation = 0.005
DIM:CONTROL: initial_eigenmode_method = gauss
DIM:CONTROL: extrapolate_forces = True
DIM:CONTROL: displacement_method = gauss
DIM:CONTROL: gauss_std = 0.1
DIM:CONTROL: order = 1
DIM:CONTROL: mask = None
DIM:CONTROL: displacement_center = None
DIM:CONTROL: displacement_radius = None
DIM:CONTROL: number_of_displacement_atoms = None
DIM:CONTROL: ------------------
DIM:ROT: OPT-STEP ROT-STEP CURVATURE ROT-ANGLE ROT-FORCE
DIM:ROT:       0         1    2.9651   10.1358    6.4797
DIM:ROT:       0         2    2.3968    5.0351    6.4990
DIM:ROT:       0         3    2.1077    3.4755    4.8279
DIM:ROT:       1         1    0.1828    4.1515    5.6714
DIM:ROT:       1         2   -0.1044    3.1913    5.1229
DIM:ROT:       1         3   -0.3646    3.3348    4.3875
DIM:ROT:       2         1   -0.8717    4.0932    5.1444
DIM:ROT:       2         2   -1.1984    3.3891    5.5098
DIM:ROT:       2         3   -1.4922    3.6409    4.6802
DIM:ROT:       3         1   -3.4109    2.5051    4.9308
DIM:ROT:       3         2   -3.6003    3.2666    3.3560
DIM:ROT:       3         3   -3.7860    2.3177    4.5252
DIM:ROT:       4         1   -4.7127    6.2310    3.9675
DIM:ROT:       4         2   -5.0583    3.0599    6.4532
DIM:ROT:       4         3   -5.3236    4.4775    3.4462
DIM:ROT:       5         1   -2.7478    5.6582    7.4679
DIM:ROT:       5         2   -3.3283    4.2669    7.8398
DIM:ROT:       5         3   -3.8386    4.6083    6.2020
DIM:ROT:       6         1   -7.8476    5.1348    7.6931
DIM:ROT:       6         2   -8.3245    4.4383    6.0627
DIM:ROT:       6         3   -8.6516    3.5643    5.3673
DIM:ROT:       7         1  -10.0844    2.1387    3.9472
DIM:ROT:       7         2  -10.1707    1.7032    2.8914
DIM:ROT:       7         3  -10.2365    1.4336    2.5310
DIM:ROT:       8         1   -3.6203    2.8909    2.9495
DIM:ROT:       8         2   -3.6927    1.6269    2.6935
DIM:ROT:       8         3   -3.7411    1.6970    1.7318
DIM:ROT:       9         1   -1.5538    3.1611    3.5545
DIM:ROT:       9         2   -1.6670    1.6565    3.8831
DIM:ROT:       9         3   -1.7555    2.1557    2.3054
DIM:ROT:      10         1   -1.4026    4.9660    3.7395
DIM:ROT:      10         2   -1.6490    2.8183    4.9705
DIM:ROT:      10         3   -1.8409    3.6570    3.0573
DIM:ROT:      11         1   -7.4054    4.9941    7.3737
DIM:ROT:      11         2   -7.7589    3.2297    6.1292
DIM:ROT:      11         3   -8.0534    3.4934    4.7163
DIM:ROT:      12         1  -13.7772   10.3458    8.8229
DIM:ROT:      12         2  -14.5038    4.9369    8.2067
DIM:ROT:      12         3  -14.9038    4.4234    5.2615
DIM:ROT:      13         1   -6.7442    7.5589    9.8896
DIM:ROT:      13         2   -7.2479    3.4464    8.1772
DIM:ROT:      13         3   -7.5450    3.4979    4.6233
DIM:ROT:      14         1   -0.9556   19.2737   14.4952
DIM:ROT:      14         2   -2.4040    7.4243   11.2473
DIM:ROT:      14         3   -3.1110    5.3422    7.5245
DIM:ROT:      15         1   -2.8124    6.4986    8.0126
DIM:ROT:      15         2   -3.2589    3.7515    6.9442
DIM:ROT:      15         3   -3.5581    3.7233    4.5100
DIM:ROT:      16         1   -4.4027    2.3904    4.5568
DIM:ROT:      16         2   -4.5133    2.2945    2.7241
DIM:ROT:      16         3   -4.5858    1.5251    2.7582
DIM:ROT:      17         1   -3.0547    3.1826    3.0268
DIM:ROT:      17         2   -3.1469    1.5490    3.4236
DIM:ROT:      17         3   -3.2115    1.7994    1.9905
DIM:ROT:      18         1   -0.1003    2.5652    3.5339
DIM:ROT:      18         2   -0.2160    1.8971    3.4278
DIM:ROT:      18         3   -0.3064    1.9470    2.6651
DIM:ROT:      19         1    0.1576    3.0862    2.8353
DIM:ROT:      19         2    0.0365    1.9483    3.4305
DIM:ROT:      19         3   -0.0614    2.4088    2.2516
DIM:ROT:      20         1    0.7058    2.3397    3.8516
DIM:ROT:      20         2    0.5822    2.2624    3.0984
DIM:ROT:      20         3    0.4867    1.8529    3.0119
DIM:ROT:      21         1   -0.2235    6.2387    4.2443
DIM:ROT:      21         2   -0.3911    2.0735    4.6788
DIM:ROT:      21         3   -0.4892    2.3814    2.3192
DIM:ROT:      22         1   -1.9827    1.7881    3.2602
DIM:ROT:      22         2   -2.0284    1.5261    1.6973
DIM:ROT:      22         3   -2.0588    1.0454    1.7067
DIM:ROT:      23         1   -1.8026    1.5188    1.9561
DIM:ROT:      23         2   -1.8214    0.8059    1.3443
DIM:ROT:      23         3   -1.8350    0.7359    1.0395
DIM:ROT:      24         1   -1.2013    1.7436    2.0539
DIM:ROT:      24         2   -1.2307    0.9985    1.7022
DIM:ROT:      24         3   -1.2490    0.8893    1.2034
DIM:ROT:      25         1   -1.2214    1.1165    1.2291
DIM:ROT:      25         2   -1.2389    0.7766    1.2963
DIM:ROT:      25         3   -1.2539    0.8831    0.9526
DIM:ROT:      26         1   -1.2176    0.9075    1.3049
DIM:ROT:      26         2   -1.2350    0.7849    1.2178
DIM:ROT:      26         3   -1.2489    0.7491    1.0596
DIM:ROT:      27         1   -1.0837    1.2646    1.4306
DIM:ROT:      27         2   -1.1010    0.7459    1.3382
DIM:ROT:      27         3   -1.1149    0.8169    0.9528
DIM:ROT:      28         1   -1.0125    0.7766    1.3219
DIM:ROT:      28         2   -1.0229    0.6763    0.8704
DIM:ROT:      28         3   -1.0306    0.5174    0.8593
DIM:ROT:      29         1   -0.9256    1.0221    0.9470
DIM:ROT:      29         2   -0.9354    0.5800    0.9768
DIM:ROT:      29         3   -0.9433    0.6218    0.7182
DIM:ROT:      30         1   -0.4875    1.3619    1.3484
DIM:ROT:      30         2   -0.5076    0.7814    1.4586
DIM:ROT:      30         3   -0.5232    0.9657    0.9467
DIM:ROT:      31         1   -0.1249    1.3674    1.5731
DIM:ROT:      31         2   -0.1517    0.9326    1.6379
DIM:ROT:      31         3   -0.1748    1.0748    1.2107
DIM:ROT:      32         1   -0.2121    1.4402    1.8414
DIM:ROT:      32         2   -0.2448    1.0643    1.7333
DIM:ROT:      32         3   -0.2700    1.0910    1.3464
DIM:ROT:      33         1   -0.3371    1.6498    1.8119
DIM:ROT:      33         2   -0.3696    0.9974    1.8474
DIM:ROT:      33         3   -0.3966    1.1991    1.2573
DIM:ROT:      34         1   -0.3085    0.9246    1.6069
DIM:ROT:      34         2   -0.3295    1.0342    1.1531
DIM:ROT:      34         3   -0.3466    0.7658    1.2964
DIM:ROT:      35         1   -0.1838    1.1398    1.0756
DIM:ROT:      35         2   -0.2004    0.7127    1.3344
DIM:ROT:      35         3   -0.2158    0.9532    0.9096
DIM:ROT:      36         1    0.0091    0.9010    1.4320
DIM:ROT:      36         2   -0.0093    0.9161    1.1386
DIM:ROT:      36         3   -0.0248    0.7606    1.1783
DIM:ROT:      37         1    0.3322    2.1251    1.3523
DIM:ROT:      37         2    0.2985    0.9436    2.0437
DIM:ROT:      37         3    0.2696    1.5381    1.0526
DIM:ROT:      38         1    0.6246    1.2149    2.0703
DIM:ROT:      38         2    0.5940    1.1875    1.4680
DIM:ROT:      38         3    0.5710    0.9118    1.4797
DIM:ROT:      39         1    0.4913    1.8402    1.7262
DIM:ROT:      39         2    0.4652    0.8607    1.7430
DIM:ROT:      39         3    0.4472    1.0328    0.9787
DIM:ROT:      40         1   -0.0871    1.6348    1.7955
DIM:ROT:      40         2   -0.1201    1.0061    1.8529
DIM:ROT:      40         3   -0.1435    1.1395    1.2057
DIM:ROT:      41         1   -0.5053    1.3488    1.7462
DIM:ROT:      41         2   -0.5343    1.0156    1.6526
DIM:ROT:      41         3   -0.5598    1.0718    1.3429
DIM:ROT:      42         1   -0.6113    1.1033    1.6237
DIM:ROT:      42         2   -0.6325    0.9108    1.3247
DIM:ROT:      42         3   -0.6490    0.8365    1.1607
DIM:ROT:      43         1   -0.5711    1.0669    1.3023
DIM:ROT:      43         2   -0.5847    0.6686    1.1669
DIM:ROT:      43         3   -0.5963    0.7589    0.8536
DIM:ROT:      44         1   -0.5513    0.5301    1.0111
DIM:ROT:      44         2   -0.5593    0.6772    0.6709
DIM:ROT:      44         3   -0.5661    0.4640    0.8619
DIM:ROT:      45         1   -0.4961    0.6966    0.5822
DIM:ROT:      45         2   -0.5018    0.4045    0.7937
DIM:ROT:      45         3   -0.5072    0.5965    0.5172
DIM:ROT:      46         1   -0.4539    0.4041    0.7962
DIM:ROT:      46         2   -0.4588    0.5603    0.4985
DIM:ROT:      46         3   -0.4633    0.3646    0.6981
DIM:ROT:      47         1   -0.3833    0.7968    0.5905
DIM:ROT:      47         2   -0.3894    0.3987    0.7484
DIM:ROT:      47         3   -0.3938    0.5054    0.4890
DIM:ROT:      48         1   -0.2310    0.5611    0.8718
DIM:ROT:      48         2   -0.2354    0.4309    0.6188
DIM:ROT:      48         3   -0.2390    0.3911    0.5440
DIM:ROT:      49         1   -0.0027    1.1150    0.9554
DIM:ROT:      49         2   -0.0106    0.5214    0.9639
DIM:ROT:      49         3   -0.0166    0.5504    0.6040
DIM:ROT:      50         1    0.1783    0.5676    0.8977
DIM:ROT:      50         2    0.1729    0.4532    0.6588
DIM:ROT:      50         3    0.1688    0.4018    0.5849
DIM:ROT:      51         1    0.6649    1.4081    1.2724
DIM:ROT:      51         2    0.6549    0.5890    0.9495
DIM:ROT:      51         3    0.6467    0.5970    0.7656
DIM:ROT:      52         1    0.6666    1.0981    1.2660
DIM:ROT:      52         2    0.6536    0.6339    1.1574
DIM:ROT:      52         3    0.6436    0.7431    0.7867
DIM:ROT:      53         1    0.1198    0.8221    1.1189
DIM:ROT:      53         2    0.1109    0.5405    0.9366
DIM:ROT:      53         3    0.1040    0.5645    0.6955
DIM:ROT:      54         1   -0.4634    1.0102    1.1043
DIM:ROT:      54         2   -0.4766    0.6347    1.1723
DIM:ROT:      54         3   -0.4871    0.7693    0.7990
DIM:ROT:      55         1   -0.5505    0.9380    1.2030
DIM:ROT:      55         2   -0.5625    0.6560    1.0391
DIM:ROT:      55         3   -0.5730    0.6976    0.8462
DIM:ROT:      56         1   -0.3201    0.9745    1.2752
DIM:ROT:      56         2   -0.3315    0.6270    1.0241
DIM:ROT:      56         3   -0.3402    0.6407    0.7865
DIM:ROT:      57         1   -0.2078    0.7116    0.9784
DIM:ROT:      57         2   -0.2157    0.5271    0.8452
DIM:ROT:      57         3   -0.2223    0.5350    0.7003
DIM:ROT:      58         1   -0.1115    0.5913    0.8756
DIM:ROT:      58         2   -0.1176    0.4773    0.7239
DIM:ROT:      58         3   -0.1223    0.4440    0.6233
DIM:ROT:      59         1   -0.0777    0.5590    0.6656
DIM:ROT:      59         2   -0.0819    0.3803    0.6422
DIM:ROT:      59         3   -0.0856    0.4157    0.4993
DIM:ROT:      60         1   -0.0366    0.5279    0.8082
DIM:ROT:      60         2   -0.0402    0.3689    0.5419
DIM:ROT:      60         3   -0.0427    0.3220    0.4710
DIM:ROT:      61         1    0.0001    0.7436    0.9084
DIM:ROT:      61         2   -0.0044    0.4493    0.5799
DIM:ROT:      61         3   -0.0078    0.3418    0.5389
DIM:ROT:      62         1   -0.0797    0.5705    0.7865
DIM:ROT:      62         2   -0.0835    0.3839    0.5689
DIM:ROT:      62         3   -0.0863    0.3406    0.4814
DIM:ROT:      63         1   -0.1828    0.6192    0.8834
DIM:ROT:      63         2   -0.1858    0.3704    0.4245
DIM:ROT:      63         3   -0.1873    0.2275    0.3921
DIM:ROT:      64         1   -0.1987    0.3568    0.4920
DIM:ROT:      64         2   -0.2002    0.2465    0.3601
DIM:ROT:      64         3   -0.2014    0.2106    0.3180
DIM:ROT:      65         1   -0.1770    0.4530    0.4854
DIM:ROT:      65         2   -0.1790    0.3132    0.3801
DIM:ROT:      65         3   -0.1806    0.2399    0.3678
DIM:ROT:      66         1   -0.1609    0.2726    0.4189
DIM:ROT:      66         2   -0.1619    0.2030    0.2893
DIM:ROT:      66         3   -0.1627    0.1717    0.2568
DIM:ROT:      67         1   -0.1584    0.1988    0.2463
DIM:ROT:      67         2   -0.1590    0.1382    0.2306
DIM:ROT:      67         3   -0.1595    0.1457    0.1809
DIM:ROT:      68         1   -0.1414    0.1725    0.2864
DIM:ROT:      68         2   -0.1420    0.1626    0.2172
DIM:ROT:      68         3   -0.1425    0.1365    0.2160
DIM:ROT:      69         1   -0.1331    0.2540    0.1877
DIM:ROT:      69         2   -0.1337    0.1279    0.2664
DIM:ROT:      69         3   -0.1342    0.1951    0.1539
DIM:ROT:      70         1   -0.1222    0.1676    0.3217
DIM:ROT:      70         2   -0.1227    0.1624    0.1900
DIM:ROT:      70         3   -0.1231    0.1152    0.1988
DIM:ROT:      71         1   -0.1039    0.2974    0.2059
DIM:ROT:      71         2   -0.1045    0.1357    0.2712
DIM:ROT:      71         3   -0.1051    0.1903    0.1650
DIM:ROT:      72         1   -0.0635    0.2218    0.3145
DIM:ROT:      72         2   -0.0644    0.1750    0.2677
DIM:ROT:      72         3   -0.0650    0.1751    0.2309
DIM:ROT:      73         1   -0.0259    0.2818    0.3281
DIM:ROT:      73         2   -0.0268    0.1731    0.3062
DIM:ROT:      73         3   -0.0276    0.2053    0.2234
DIM:ROT:      74         1   -0.0131    0.2496    0.3137
DIM:ROT:      74         2   -0.0141    0.1855    0.3039
DIM:ROT:      74         3   -0.0150    0.2022    0.2419
DIM:ROT:      75         1   -0.0160    0.2586    0.3375
DIM:ROT:      75         2   -0.0172    0.2098    0.3255
DIM:ROT:      75         3   -0.0183    0.2248    0.2846
DIM:ROT:      76         1   -0.0202    0.1952    0.3015
DIM:ROT:      76         2   -0.0211    0.2001    0.2592
DIM:ROT:      76         3   -0.0219    0.1764    0.2683
DIM:ROT:      77         1   -0.0237    0.1988    0.2707
DIM:ROT:      77         2   -0.0244    0.1710    0.2485
DIM:ROT:      77         3   -0.0252    0.1723    0.2347
DIM:ROT:      78         1   -0.0208    0.2338    0.2677
DIM:ROT:      78         2   -0.0218    0.1820    0.3004
DIM:ROT:      78         3   -0.0226    0.2095    0.2398
DIM:ROT:      79         1   -0.0205    0.1868    0.2901
DIM:ROT:      79         2   -0.0213    0.1943    0.2472
DIM:ROT:      79         3   -0.0222    0.1742    0.2674
DIM:ROT:      80         1   -0.0236    0.1951    0.2525
DIM:ROT:      80         2   -0.0243    0.1643    0.2491
DIM:ROT:      80         3   -0.0249    0.1711    0.2210
DIM:ROT:      81         1   -0.0239    0.1829    0.2526
DIM:ROT:      81         2   -0.0246    0.1674    0.2394
DIM:ROT:      81         3   -0.0253    0.1694    0.2303
DIM:ROT:      82         1   -0.0227    0.1906    0.2434
DIM:ROT:      82         2   -0.0234    0.1639    0.2528
DIM:ROT:      82         3   -0.0241    0.1753    0.2209
DIM:ROT:      83         1   -0.0306    0.2633    0.4181
DIM:ROT:      83         2   -0.0316    0.2029    0.2993
DIM:ROT:      83         3   -0.0325    0.1876    0.2708
DIM:ROT:      84         1   -0.0412    0.3365    0.2828
DIM:ROT:      84         2   -0.0423    0.1832    0.3332
DIM:ROT:      84         3   -0.0431    0.2309    0.2223
DIM:ROT:      85         1   -0.0528    0.2271    0.4118
DIM:ROT:      85         2   -0.0539    0.2287    0.2615
DIM:ROT:      85         3   -0.0548    0.1763    0.2956
DIM:ROT:      86         1   -0.0663    0.3450    0.2508
DIM:ROT:      86         2   -0.0674    0.1757    0.3569
DIM:ROT:      86         3   -0.0683    0.2495    0.2119
DIM:ROT:      87         1   -0.0834    0.2256    0.4388
DIM:ROT:      87         2   -0.0844    0.2414    0.2520
DIM:ROT:      87         3   -0.0853    0.1659    0.2988
DIM:ROT:      88         1   -0.0859    0.5044    0.2953
DIM:ROT:      88         2   -0.0870    0.2236    0.2937
DIM:ROT:      88         3   -0.0877    0.1696    0.2378
DIM:ROT:      89         1   -0.0872    0.2042    0.2676
DIM:ROT:      89         2   -0.0879    0.1642    0.2586
DIM:ROT:      89         3   -0.0886    0.1750    0.2237
DIM:ROT:      90         1   -0.0914    0.3241    0.3626
DIM:ROT:      90         2   -0.0925    0.1885    0.3348
DIM:ROT:      90         3   -0.0934    0.2159    0.2367
DIM:ROT:      91         1   -0.0973    0.2192    0.3113
DIM:ROT:      91         2   -0.0981    0.1798    0.2694
DIM:ROT:      91         3   -0.0988    0.1731    0.2337
DIM:ROT:      92         1   -0.1016    0.2081    0.2594
DIM:ROT:      92         2   -0.1023    0.1624    0.2595
DIM:ROT:      92         3   -0.1030    0.1775    0.2152
DIM:ROT:      93         1   -0.1091    0.2169    0.2939
DIM:ROT:      93         2   -0.1099    0.1702    0.2648
DIM:ROT:      93         3   -0.1106    0.1721    0.2235
DIM:ROT:      94         1   -0.1143    0.2750    0.3286
DIM:ROT:      94         2   -0.1153    0.1835    0.3202
DIM:ROT:      94         3   -0.1162    0.2061    0.2413
DIM:ROT:      95         1   -0.1127    0.2078    0.2897
DIM:ROT:      95         2   -0.1136    0.1878    0.2704
DIM:ROT:      95         3   -0.1143    0.1801    0.2480
DIM:ROT:      96         1   -0.1020    0.2368    0.3084
DIM:ROT:      96         2   -0.1030    0.1914    0.2933
DIM:ROT:      96         3   -0.1039    0.1986    0.2576
DIM:ROT:      97         1   -0.0988    0.2229    0.2835
DIM:ROT:      97         2   -0.0998    0.1846    0.2881
DIM:ROT:      97         3   -0.1005    0.1918    0.2452
DIM:ROT:      98         1   -0.0981    0.1972    0.2860
DIM:ROT:      98         2   -0.0989    0.1902    0.2568
DIM:ROT:      98         3   -0.0997    0.1790    0.2584
DIM:ROT:      99         1   -0.1017    0.2989    0.2611
DIM:ROT:      99         2   -0.1027    0.1877    0.3376
DIM:ROT:      99         3   -0.1037    0.2314    0.2315
DIM:ROT:     100         1   -0.1031    0.1869    0.3477
DIM:ROT:     100         2   -0.1041    0.2348    0.2299
DIM:ROT:     100         3   -0.1050    0.1660    0.3043
DIM:ROT:     101         1   -0.1016    0.3020    0.2246
DIM:ROT:     101         2   -0.1026    0.1739    0.3419
DIM:ROT:     101         3   -0.1035    0.2543    0.2046
DIM:ROT:     102         1   -0.0974    0.1839    0.3527
DIM:ROT:     102         2   -0.0984    0.2480    0.2233
DIM:ROT:     102         3   -0.0993    0.1671    0.3152
DIM:ROT:     103         1   -0.0751    0.3125    0.2239
DIM:ROT:     103         2   -0.0760    0.1642    0.3311
DIM:ROT:     103         3   -0.0768    0.2454    0.1951
DIM:ROT:     104         1   -0.0647    0.1877    0.3422
DIM:ROT:     104         2   -0.0655    0.2198    0.2196
DIM:ROT:     104         3   -0.0663    0.1578    0.2753
DIM:ROT:     105         1   -0.0626    0.3182    0.2408
DIM:ROT:     105         2   -0.0636    0.1665    0.3305
DIM:ROT:     105         3   -0.0644    0.2434    0.1975
DIM:ROT:     106         1   -0.0391    0.2348    0.4151
DIM:ROT:     106         2   -0.0402    0.2260    0.2821
DIM:ROT:     106         3   -0.0412    0.1811    0.2985
DIM:ROT:     107         1   -0.0256    0.4498    0.2936
DIM:ROT:     107         2   -0.0272    0.2061    0.4274
DIM:ROT:     107         3   -0.0284    0.3110    0.2316
DIM:ROT:     108         1   -0.0268    0.2836    0.4619
DIM:ROT:     108         2   -0.0285    0.2678    0.3455
DIM:ROT:     108         3   -0.0299    0.2280    0.3532
DIM:ROT:     109         1   -0.0360    0.2659    0.3353
DIM:ROT:     109         2   -0.0374    0.2203    0.3558
DIM:ROT:     109         3   -0.0386    0.2389    0.2979
DIM:ROT:     110         1   -0.0393    0.2650    0.3609
DIM:ROT:     110         2   -0.0407    0.2288    0.3395
DIM:ROT:     110         3   -0.0420    0.2327    0.3120
DIM:ROT:     111         1   -0.0425    0.3489    0.3820
DIM:ROT:     111         2   -0.0443    0.2479    0.4198
DIM:ROT:     111         3   -0.0459    0.2877    0.3209
DIM:ROT:     112         1   -0.0467    0.2496    0.3988
DIM:ROT:     112         2   -0.0482    0.2626    0.3303
DIM:ROT:     112         3   -0.0497    0.2282    0.3603
DIM:ROT:     113         1   -0.0376    0.2569    0.3235
DIM:ROT:     113         2   -0.0389    0.2159    0.3377
DIM:ROT:     113         3   -0.0400    0.2323    0.2892
DIM:ROT:     114         1   -0.0380    0.2766    0.3565
DIM:ROT:     114         2   -0.0394    0.2289    0.3519
DIM:ROT:     114         3   -0.0408    0.2452    0.3107
DIM:ROT:     115         1   -0.0520    0.2500    0.3585
DIM:ROT:     115         2   -0.0534    0.2377    0.3392
DIM:ROT:     115         3   -0.0547    0.2296    0.3248
DIM:ROT:     116         1   -0.0709    0.2823    0.3800
DIM:ROT:     116         2   -0.0723    0.2227    0.3434
DIM:ROT:     116         3   -0.0735    0.2329    0.3027
DIM:ROT:     117         1   -0.0732    0.2911    0.3853
DIM:ROT:     117         2   -0.0746    0.2253    0.3519
DIM:ROT:     117         3   -0.0758    0.2316    0.2949
DIM:ROT:     118         1   -0.0781    0.2665    0.3515
DIM:ROT:     118         2   -0.0794    0.2126    0.3375
DIM:ROT:     118         3   -0.0806    0.2269    0.2901
DIM:ROT:     119         1   -0.0680    0.2591    0.3673
DIM:ROT:     119         2   -0.0693    0.2126    0.3212
DIM:ROT:     119         3   -0.0703    0.2111    0.2811
DIM:ROT:     120         1   -0.0728    0.2656    0.3158
DIM:ROT:     120         2   -0.0738    0.1891    0.3203
DIM:ROT:     120         3   -0.0748    0.2211    0.2516
DIM:ROT:     121         1   -0.0875    0.2359    0.3540
DIM:ROT:     121         2   -0.0886    0.2093    0.2987
DIM:ROT:     121         3   -0.0895    0.1948    0.2779
DIM:ROT:     122         1   -0.1020    0.3113    0.3357
DIM:ROT:     122         2   -0.1032    0.1999    0.3581
DIM:ROT:     122         3   -0.1044    0.2477    0.2624
DIM:ROT:     123         1   -0.1063    0.2441    0.3891
DIM:ROT:     123         2   -0.1074    0.2159    0.3013
DIM:ROT:     123         3   -0.1084    0.1900    0.2824
DIM:ROT:     124         1   -0.1038    0.3076    0.3356
DIM:ROT:     124         2   -0.1049    0.1826    0.3366
DIM:ROT:     124         3   -0.1059    0.2259    0.2357
DIM:ROT:     125         1   -0.0993    0.2170    0.3323
DIM:ROT:     125         2   -0.1003    0.1972    0.2733
DIM:ROT:     125         3   -0.1011    0.1788    0.2602
DIM:ROT:     126         1   -0.0827    0.3098    0.3948
DIM:ROT:     126         2   -0.0839    0.1946    0.3325
DIM:ROT:     126         3   -0.0848    0.2114    0.2500
DIM:ROT:     127         1   -0.0677    0.2752    0.3216
DIM:ROT:     127         2   -0.0686    0.1732    0.3063
DIM:ROT:     127         3   -0.0693    0.1925    0.2153
DIM:ROT:     128         1   -0.0562    0.2326    0.3253
DIM:ROT:     128         2   -0.0570    0.1692    0.2692
DIM:ROT:     128         3   -0.0576    0.1665    0.2188
DIM:ROT:     129         1   -0.0473    0.2454    0.3426
DIM:ROT:     129         2   -0.0481    0.1668    0.2803
DIM:ROT:     129         3   -0.0487    0.1642    0.2115
DIM:ROT:     130         1   -0.0360    0.2785    0.2386
DIM:ROT:     130         2   -0.0367    0.1389    0.2838
DIM:ROT:     130         3   -0.0373    0.1916    0.1662
DIM:ROT:     131         1   -0.0191    0.1964    0.3197
DIM:ROT:     131         2   -0.0200    0.1867    0.2468
DIM:ROT:     131         3   -0.0206    0.1562    0.2432
DIM:ROT:     132         1   -0.0132    0.2580    0.2200
DIM:ROT:     132         2   -0.0140    0.1484    0.2920
DIM:ROT:     132         3   -0.0147    0.2093    0.1857
DIM:ROT:     133         1   -0.0004    0.1720    0.3321
DIM:ROT:     133         2   -0.0011    0.1980    0.2044
DIM:ROT:     133         3   -0.0017    0.1351    0.2471
DIM:ROT:     134         1    0.0213    0.3179    0.2781
DIM:ROT:     134         2    0.0203    0.1778    0.3280
DIM:ROT:     134         3    0.0194    0.2263    0.2149
DIM:ROT:     135         1    0.0796    0.4222    0.5514
DIM:ROT:     135         2    0.0779    0.2254    0.4052
DIM:ROT:     135         3    0.0768    0.2343    0.2686
DIM:ROT:     136         1    0.1277    0.5666    0.5366
DIM:ROT:     136         2    0.1261    0.2145    0.4003
DIM:ROT:     136         3    0.1251    0.2235    0.2423
DIM:ROT:     137         1    0.1286    0.5224    0.5914
DIM:ROT:     137         2    0.1267    0.2322    0.4535
DIM:ROT:     137         3    0.1256    0.2440    0.2592
DIM:ROT:     138         1    0.0645    0.6883    0.5963
DIM:ROT:     138         2    0.0624    0.2432    0.4583
DIM:ROT:     138         3    0.0613    0.2495    0.2703
DIM:ROT:     139         1   -0.0259    0.5863    0.6526
DIM:ROT:     139         2   -0.0286    0.2797    0.5352
DIM:ROT:     139         3   -0.0303    0.3074    0.3214
DIM:ROT:     140         1   -0.1070    0.6587    0.6189
DIM:ROT:     140         2   -0.1096    0.2698    0.5349
DIM:ROT:     140         3   -0.1113    0.3143    0.3178
DIM:ROT:     141         1   -0.1211    0.4757    0.6595
DIM:ROT:     141         2   -0.1234    0.2711    0.4861
DIM:ROT:     141         3   -0.1249    0.2644    0.3260
DIM:ROT:     142         1   -0.1045    0.3076    0.3727
DIM:ROT:     142         2   -0.1055    0.1858    0.3290
DIM:ROT:     142         3   -0.1063    0.1972    0.2229
DIM:ROT:     143         1   -0.0908    0.1764    0.2990
DIM:ROT:     143         2   -0.0915    0.1648    0.2134
DIM:ROT:     143         3   -0.0919    0.1299    0.2080
DIM:ROT:     144         1   -0.0832    0.1925    0.1865
DIM:ROT:     144         2   -0.0836    0.1120    0.2132
DIM:ROT:     144         3   -0.0840    0.1445    0.1394
DIM:ROT:     145         1   -0.0712    0.1210    0.2158
DIM:ROT:     145         2   -0.0716    0.1251    0.1462
DIM:ROT:     145         3   -0.0718    0.0928    0.1577
DIM:ROT:     146         1   -0.0545    0.2024    0.1548
DIM:ROT:     146         2   -0.0548    0.0960    0.1854
DIM:ROT:     146         3   -0.0551    0.1269    0.1096
DIM:ROT:     147         1   -0.0445    0.1119    0.1616
DIM:ROT:     147         2   -0.0448    0.0933    0.1377
DIM:ROT:     147         3   -0.0450    0.0896    0.1237
DIM:ROT:     148         1   -0.0253    0.1345    0.2147
DIM:ROT:     148         2   -0.0256    0.0963    0.1520
DIM:ROT:     148         3   -0.0258    0.0844    0.1208
DIM:ROT:     149         1   -0.0011    0.1947    0.1607
DIM:ROT:     149         2   -0.0014    0.0895    0.1718
DIM:ROT:     149         3   -0.0016    0.1100    0.1049
DIM:ROT:     150         1    0.0227    0.2009    0.2218
DIM:ROT:     150         2    0.0223    0.1193    0.2106
DIM:ROT:     150         3    0.0219    0.1366    0.1467
DIM:ROT:     151         1    0.0598    0.5376    0.4989
DIM:ROT:     151         2    0.0587    0.1843    0.3068
DIM:ROT:     151         3    0.0580    0.1715    0.2188
DIM:ROT:     152         1    0.0655    0.5798    0.5434
DIM:ROT:     152         2    0.0640    0.2007    0.3718
DIM:ROT:     152         3    0.0632    0.2038    0.2251
DIM:ROT:     153         1    0.0485    0.6007    0.5676
DIM:ROT:     153         2    0.0470    0.2029    0.3957
DIM:ROT:     153         3    0.0462    0.2113    0.2257
DIM:ROT:     154         1    0.0152    0.6225    0.5987
DIM:ROT:     154         2    0.0134    0.2253    0.4415
DIM:ROT:     154         3    0.0124    0.2340    0.2420
DIM:ROT:     155         1   -0.0175    0.6469    0.6026
DIM:ROT:     155         2   -0.0195    0.2350    0.4594
DIM:ROT:     155         3   -0.0207    0.2552    0.2632
DIM:ROT:     156         1   -0.0484    0.5691    0.6224
DIM:ROT:     156         2   -0.0505    0.2445    0.4844
DIM:ROT:     156         3   -0.0518    0.2648    0.2784
DIM:ROT:     157         1   -0.0562    0.5573    0.6119
DIM:ROT:     157         2   -0.0582    0.2383    0.4631
DIM:ROT:     157         3   -0.0595    0.2587    0.2787
DIM:ROT:     158         1   -0.0438    0.4282    0.4896
DIM:ROT:     158         2   -0.0454    0.2219    0.3985
DIM:ROT:     158         3   -0.0464    0.2360    0.2540
DIM:ROT:     159         1   -0.0338    0.2596    0.3440
DIM:ROT:     159         2   -0.0348    0.1768    0.2891
DIM:ROT:     159         3   -0.0355    0.1836    0.2260
DIM:ROT:     160         1   -0.0333    0.1728    0.2742
DIM:ROT:     160         2   -0.0339    0.1544    0.2135
DIM:ROT:     160         3   -0.0344    0.1335    0.1992
