MinModeTranslate: STEP      TIME          ENERGY    MAX-FORCE     STEPSIZE    CURVATURE  ROT-STEPS
MinModeTranslate:    0  16:36:45    -9342.997081       5.9607     --------    -2.944160          3
MinModeTranslate:    0  16:36:45    -9342.997081       5.9607     0.100000    -2.944160          3
MinModeTranslate:    1  16:36:45    -9343.020415       5.4271     --------    -2.657661          3
MinModeTranslate:    1  16:36:45    -9343.020415       5.4271     0.100000    -2.657661          3
MinModeTranslate:    2  16:36:45    -9342.712791       4.7223     --------   -10.462124          3
MinModeTranslate:    2  16:36:45    -9342.712791       4.7223     0.100000   -10.462124          3
MinModeTranslate:    3  16:36:45    -9342.348018       3.3086     --------   -12.567452          3
MinModeTranslate:    3  16:36:45    -9342.348018       3.3086     0.100000   -12.567452          3
MinModeTranslate:    4  16:36:45    -9342.069391       2.8653     --------   -14.945278          3
MinModeTranslate:    4  16:36:46    -9342.069391       2.8653     0.100000   -14.945278          3
MinModeTranslate:    5  16:36:46    -9341.944702       1.2739     --------   -16.420099          3
MinModeTranslate:    5  16:36:46    -9341.944702       1.2739     0.066930   -16.420099          3
MinModeTranslate:    6  16:36:46    -9341.956994       1.9361     --------    -4.763272          3
MinModeTranslate:    6  16:36:46    -9341.956994       1.9361     0.100000    -4.763272          3
MinModeTranslate:    7  16:36:46    -9342.008840       0.4540     --------     9.527745          3
MinModeTranslate:    7  16:36:46    -9342.008840       0.4540     0.100000     9.527745          3
MinModeTranslate:    8  16:36:46    -9341.886081       2.5073     --------    -3.316776          3
MinModeTranslate:    8  16:36:46    -9341.886081       2.5073     0.070574    -3.316776          3
MinModeTranslate:    9  16:36:46    -9341.956471       2.3072     --------    -4.858294          3
MinModeTranslate:    9  16:36:46    -9341.956471       2.3072     0.042248    -4.858294          3
MinModeTranslate:   10  16:36:46    -9342.044913       0.9912     --------    -4.447176          3
MinModeTranslate:   10  16:36:46    -9342.044913       0.9912     0.063726    -4.447176          3
MinModeTranslate:   11  16:36:46    -9342.105975       0.7767     --------    -5.255129          3
MinModeTranslate:   11  16:36:46    -9342.105975       0.7767     0.093117    -5.255129          3
MinModeTranslate:   12  16:36:46    -9342.180958       1.9596     --------   -15.033042          3
MinModeTranslate:   12  16:36:46    -9342.180958       1.9596     0.041492   -15.033042          3
MinModeTranslate:   13  16:36:46    -9342.144172       1.4849     --------   -14.790600          3
MinModeTranslate:   13  16:36:46    -9342.144172       1.4849     0.031604   -14.790600          3
MinModeTranslate:   14  16:36:46    -9342.155830       0.9899     --------   -14.186876          3
MinModeTranslate:   14  16:36:46    -9342.155830       0.9899     0.100000   -14.186876          3
MinModeTranslate:   15  16:36:47    -9342.152751       0.7325     --------    -3.493459          3
MinModeTranslate:   15  16:36:47    -9342.152751       0.7325     0.068749    -3.493459          3
MinModeTranslate:   16  16:36:47    -9342.203445       0.8648     --------    -5.393592          3
MinModeTranslate:   16  16:36:47    -9342.203445       0.8648     0.039453    -5.393592          3
MinModeTranslate:   17  16:36:47    -9342.244556       0.8301     --------    -7.147485          3
MinModeTranslate:   17  16:36:47    -9342.244556       0.8301     0.034642    -7.147485          3
MinModeTranslate:   18  16:36:47    -9342.251147       0.6482     --------   -10.237241          3
MinModeTranslate:   18  16:36:47    -9342.251147       0.6482     0.100000   -10.237241          3
MinModeTranslate:   19  16:36:47    -9342.317666       1.0534     --------   -21.175647          3
MinModeTranslate:   19  16:36:47    -9342.317666       1.0534     0.016777   -21.175647          3
MinModeTranslate:   20  16:36:47    -9342.343643       1.2757     --------   -21.486714          3
MinModeTranslate:   20  16:36:47    -9342.343643       1.2757     0.065143   -21.486714          3
MinModeTranslate:   21  16:36:47    -9342.311029       1.0584     --------   -17.876184          3
MinModeTranslate:   21  16:36:47    -9342.311029       1.0584     0.057301   -17.876184          3
MinModeTranslate:   22  16:36:47    -9342.346587       0.7317     --------   -18.028275          3
MinModeTranslate:   22  16:36:47    -9342.346587       0.7317     0.035249   -18.028275          3
MinModeTranslate:   23  16:36:47    -9342.371469       0.6034     --------   -20.290639          3
MinModeTranslate:   23  16:36:47    -9342.371469       0.6034     0.100000   -20.290639          3
MinModeTranslate:   24  16:36:47    -9342.416349       0.3979     --------   -27.330251          3
MinModeTranslate:   24  16:36:47    -9342.416349       0.3979     0.040465   -27.330251          3
MinModeTranslate:   25  16:36:48    -9342.432244       0.4659     --------   -29.651231          3
MinModeTranslate:   25  16:36:48    -9342.432244       0.4659     0.100000   -29.651231          3
MinModeTranslate:   26  16:36:48    -9342.465043       0.8087     --------   -32.583106          3
MinModeTranslate:   26  16:36:48    -9342.465043       0.8087     0.100000   -32.583106          3
MinModeTranslate:   27  16:36:48    -9342.515306       0.6143     --------   -34.707302          3
MinModeTranslate:   27  16:36:48    -9342.515306       0.6143     0.100000   -34.707302          3
MinModeTranslate:   28  16:36:48    -9342.553713       0.7404     --------   -32.702662          3
MinModeTranslate:   28  16:36:48    -9342.553713       0.7404     0.045239   -32.702662          3
MinModeTranslate:   29  16:36:48    -9342.575356       0.3833     --------   -31.297448          3
MinModeTranslate:   29  16:36:48    -9342.575356       0.3833     0.042396   -31.297448          3
MinModeTranslate:   30  16:36:48    -9342.583858       0.4010     --------   -30.383026          3
MinModeTranslate:   30  16:36:48    -9342.583858       0.4010     0.038075   -30.383026          3
MinModeTranslate:   31  16:36:48    -9342.593091       0.3106     --------   -29.395066          3
MinModeTranslate:   31  16:36:48    -9342.593091       0.3106     0.021417   -29.395066          3
MinModeTranslate:   32  16:36:48    -9342.597247       0.2025     --------   -28.591335          3
MinModeTranslate:   32  16:36:48    -9342.597247       0.2025     0.019570   -28.591335          3
MinModeTranslate:   33  16:36:48    -9342.599534       0.2158     --------   -28.135750          3
MinModeTranslate:   33  16:36:48    -9342.599534       0.2158     0.028847   -28.135750          3
MinModeTranslate:   34  16:36:48    -9342.603769       0.1988     --------   -27.712720          3
MinModeTranslate:   34  16:36:48    -9342.603769       0.1988     0.033784   -27.712720          3
MinModeTranslate:   35  16:36:48    -9342.607863       0.2628     --------   -27.077061          3
MinModeTranslate:   35  16:36:48    -9342.607863       0.2628     0.046796   -27.077061          3
MinModeTranslate:   36  16:36:49    -9342.611728       0.2757     --------   -26.904369          3
MinModeTranslate:   36  16:36:49    -9342.611728       0.2757     0.040884   -26.904369          3
MinModeTranslate:   37  16:36:49    -9342.615842       0.1837     --------   -27.247367          3
MinModeTranslate:   37  16:36:49    -9342.615842       0.1837     0.016556   -27.247367          3
MinModeTranslate:   38  16:36:49    -9342.617705       0.1952     --------   -27.530374          3
MinModeTranslate:   38  16:36:49    -9342.617705       0.1952     0.030827   -27.530374          3
MinModeTranslate:   39  16:36:49    -9342.620435       0.2686     --------   -28.340079          3
MinModeTranslate:   39  16:36:49    -9342.620435       0.2686     0.031008   -28.340079          3
MinModeTranslate:   40  16:36:49    -9342.623341       0.2207     --------   -29.054339          3
MinModeTranslate:   40  16:36:49    -9342.623341       0.2207     0.023996   -29.054339          3
MinModeTranslate:   41  16:36:49    -9342.625211       0.1894     --------   -29.287257          3
MinModeTranslate:   41  16:36:49    -9342.625211       0.1894     0.022220   -29.287257          3
MinModeTranslate:   42  16:36:49    -9342.626665       0.1421     --------   -29.267994          3
MinModeTranslate:   42  16:36:49    -9342.626665       0.1421     0.013325   -29.267994          3
MinModeTranslate:   43  16:36:49    -9342.627584       0.1445     --------   -29.266496          3
MinModeTranslate:   43  16:36:49    -9342.627584       0.1445     0.024064   -29.266496          3
MinModeTranslate:   44  16:36:49    -9342.629001       0.2113     --------   -29.499651          3
MinModeTranslate:   44  16:36:49    -9342.629001       0.2113     0.039857   -29.499651          3
MinModeTranslate:   45  16:36:49    -9342.631125       0.1695     --------   -29.687123          3
MinModeTranslate:   45  16:36:49    -9342.631125       0.1695     0.026699   -29.687123          3
MinModeTranslate:   46  16:36:49    -9342.632631       0.2039     --------   -29.172614          3
MinModeTranslate:   46  16:36:49    -9342.632631       0.2039     0.027491   -29.172614          3
MinModeTranslate:   47  16:36:49    -9342.634150       0.1319     --------   -28.731662          3
MinModeTranslate:   47  16:36:49    -9342.634150       0.1319     0.048633   -28.731662          3
MinModeTranslate:   48  16:36:50    -9342.636388       0.2049     --------   -28.735253          3
MinModeTranslate:   48  16:36:50    -9342.636388       0.2049     0.041190   -28.735253          3
MinModeTranslate:   49  16:36:50    -9342.638347       0.1823     --------   -28.827126          3
MinModeTranslate:   49  16:36:50    -9342.638347       0.1823     0.051405   -28.827126          3
MinModeTranslate:   50  16:36:50    -9342.640943       0.1416     --------   -29.267938          3
MinModeTranslate:   50  16:36:50    -9342.640943       0.1416     0.035229   -29.267938          3
MinModeTranslate:   51  16:36:50    -9342.642375       0.1365     --------   -29.836267          3
MinModeTranslate:   51  16:36:50    -9342.642375       0.1365     0.020555   -29.836267          3
MinModeTranslate:   52  16:36:50    -9342.643126       0.1081     --------   -30.097275          3
MinModeTranslate:   52  16:36:50    -9342.643126       0.1081     0.024640   -30.097275          3
MinModeTranslate:   53  16:36:50    -9342.644103       0.1263     --------   -30.093472          3
MinModeTranslate:   53  16:36:50    -9342.644103       0.1263     0.018691   -30.093472          3
MinModeTranslate:   54  16:36:50    -9342.644777       0.0995     --------   -29.980090          3
MinModeTranslate:   54  16:36:50    -9342.644777       0.0995     0.025781   -29.980090          3
MinModeTranslate:   55  16:36:50    -9342.645558       0.1292     --------   -30.136420          3
MinModeTranslate:   55  16:36:50    -9342.645558       0.1292     0.030207   -30.136420          3
MinModeTranslate:   56  16:36:50    -9342.646607       0.0889     --------   -30.420215          3
MinModeTranslate:   56  16:36:50    -9342.646607       0.0889     0.016021   -30.420215          3
MinModeTranslate:   57  16:36:50    -9342.647086       0.0675     --------   -30.274871          3
MinModeTranslate:   57  16:36:50    -9342.647086       0.0675     0.017562   -30.274871          3
MinModeTranslate:   58  16:36:50    -9342.647593       0.1003     --------   -30.056594          3
MinModeTranslate:   58  16:36:50    -9342.647593       0.1003     0.019295   -30.056594          3
MinModeTranslate:   59  16:36:50    -9342.648299       0.0710     --------   -30.090995          3
MinModeTranslate:   59  16:36:50    -9342.648299       0.0710     0.021114   -30.090995          3
MinModeTranslate:   60  16:36:50    -9342.648663       0.1148     --------   -30.123613          3
MinModeTranslate:   60  16:36:50    -9342.648663       0.1148     0.019965   -30.123613          3
MinModeTranslate:   61  16:36:51    -9342.649239       0.0692     --------   -30.045405          3
MinModeTranslate:   61  16:36:51    -9342.649239       0.0692     0.011872   -30.045405          3
MinModeTranslate:   62  16:36:51    -9342.649542       0.0614     --------   -30.112192          3
MinModeTranslate:   62  16:36:51    -9342.649542       0.0614     0.018719   -30.112192          3
MinModeTranslate:   63  16:36:51    -9342.649895       0.0925     --------   -30.210273          3
MinModeTranslate:   63  16:36:51    -9342.649895       0.0925     0.009851   -30.210273          3
MinModeTranslate:   64  16:36:51    -9342.650169       0.0639     --------   -30.105544          2
MinModeTranslate:   64  16:36:51    -9342.650169       0.0639     0.011692   -30.105544          2
MinModeTranslate:   65  16:36:51    -9342.650363       0.0582     --------   -30.075639          2
MinModeTranslate:   65  16:36:51    -9342.650363       0.0582     0.011673   -30.075639          2
MinModeTranslate:   66  16:36:51    -9342.650581       0.0525     --------   -30.200532          3
MinModeTranslate:   66  16:36:51    -9342.650581       0.0525     0.003669   -30.200532          3
MinModeTranslate:   67  16:36:51    -9342.650648       0.0360     --------   -30.236360          2
MinModeTranslate:   67  16:36:51    -9342.650648       0.0360     0.006567   -30.236360          2
MinModeTranslate:   68  16:36:51    -9342.650738       0.0389     --------   -30.333298          2
MinModeTranslate:   68  16:36:51    -9342.650738       0.0389     0.006525   -30.333298          2
MinModeTranslate:   69  16:36:51    -9342.650853       0.0498     --------   -30.350779          3
MinModeTranslate:   69  16:36:51    -9342.650853       0.0498     0.009042   -30.350779          3
MinModeTranslate:   70  16:36:51    -9342.650978       0.0473     --------   -30.251034          2
MinModeTranslate:   70  16:36:51    -9342.650978       0.0473     0.008469   -30.251034          2
MinModeTranslate:   71  16:36:51    -9342.651068       0.0416     --------   -30.186100          3
MinModeTranslate:   71  16:36:51    -9342.651068       0.0416     0.004735   -30.186100          3
MinModeTranslate:   72  16:36:51    -9342.651130       0.0266     --------   -30.158003          2
MinModeTranslate:   72  16:36:51    -9342.651130       0.0266     0.004924   -30.158003          2
MinModeTranslate:   73  16:36:51    -9342.651187       0.0325     --------   -30.212187          1
MinModeTranslate:   73  16:36:51    -9342.651187       0.0325     0.004460   -30.212187          1
MinModeTranslate:   74  16:36:51    -9342.651237       0.0270     --------   -30.291055          2
MinModeTranslate:   74  16:36:51    -9342.651237       0.0270     0.004770   -30.291055          2
MinModeTranslate:   75  16:36:51    -9342.651276       0.0200     --------   -30.252041          2
MinModeTranslate:   75  16:36:51    -9342.651276       0.0200     0.004383   -30.252041          2
MinModeTranslate:   76  16:36:51    -9342.651321       0.0470     --------   -30.168937          1
MinModeTranslate:   76  16:36:52    -9342.651321       0.0470     0.008440   -30.168937          1
MinModeTranslate:   77  16:36:52    -9342.651390       0.0317     --------   -30.092427          2
MinModeTranslate:   77  16:36:52    -9342.651390       0.0317     0.004455   -30.092427          2
MinModeTranslate:   78  16:36:52    -9342.651428       0.0229     --------   -30.092851          1
MinModeTranslate:   78  16:36:52    -9342.651428       0.0229     0.002835   -30.092851          1
MinModeTranslate:   79  16:36:52    -9342.651445       0.0204     --------   -30.121408          1
MinModeTranslate:   79  16:36:52    -9342.651445       0.0204     0.003057   -30.121408          1
MinModeTranslate:   80  16:36:52    -9342.651475       0.0148     --------   -30.160501          2
MinModeTranslate:   80  16:36:52    -9342.651475       0.0148     0.002404   -30.160501          2
MinModeTranslate:   81  16:36:52    -9342.651488       0.0216     --------   -30.149561          1
MinModeTranslate:   81  16:36:52    -9342.651488       0.0216     0.003530   -30.149561          1
MinModeTranslate:   82  16:36:52    -9342.651506       0.0177     --------   -30.141323          1
MinModeTranslate:   82  16:36:52    -9342.651506       0.0177     0.001495   -30.141323          1
MinModeTranslate:   83  16:36:52    -9342.651513       0.0081     --------   -30.141641          1
MinModeTranslate:   83  16:36:52    -9342.651513       0.0081     0.001161   -30.141641          1
MinModeTranslate:   84  16:36:52    -9342.651532       0.0085     --------   -30.142413          1
MinModeTranslate:   84  16:36:52    -9342.651532       0.0085     0.000838   -30.142413          1
MinModeTranslate:   85  16:36:52    -9342.651525       0.0054     --------   -30.156574          1
MinModeTranslate:   85  16:36:52    -9342.651525       0.0054     0.000666   -30.156574          1
MinModeTranslate:   86  16:36:52    -9342.651524       0.0065     --------   -30.160281          1
MinModeTranslate:   86  16:36:52    -9342.651524       0.0065     0.001013   -30.160281          1
MinModeTranslate:   87  16:36:52    -9342.651527       0.0071     --------   -30.148331          1
MinModeTranslate:   87  16:36:52    -9342.651527       0.0071     0.000839   -30.148331          1
MinModeTranslate:   88  16:36:52    -9342.651537       0.0051     --------   -30.140526          1
MinModeTranslate:   88  16:36:52    -9342.651537       0.0051     0.001066   -30.140526          1
MinModeTranslate:   89  16:36:52    -9342.651533       0.0061     --------   -30.150511          1
MinModeTranslate:   89  16:36:52    -9342.651533       0.0061     0.000819   -30.150511          1
MinModeTranslate:   90  16:36:52    -9342.651538       0.0048     --------   -30.141190          1
