MINMODE:METHOD: Dimer
DIM:CONTROL: Search Parameters:
DIM:CONTROL: ------------------
DIM:CONTROL: eigenmode_method = dimer
DIM:CONTROL: f_rot_min = 0.01
DIM:CONTROL: f_rot_max = 0.1
DIM:CONTROL: max_num_rot = 3
DIM:CONTROL: trial_angle = 0.7853981633974483
DIM:CONTROL: trial_trans_step = 0.001
DIM:CONTROL: maximum_translation = 0.1
DIM:CONTROL: cg_translation = True
DIM:CONTROL: use_central_forces = True
DIM:CONTROL: dimer_separation = 0.005
DIM:CONTROL: initial_eigenmode_method = gauss
DIM:CONTROL: extrapolate_forces = True
DIM:CONTROL: displacement_method = gauss
DIM:CONTROL: gauss_std = 0.1
DIM:CONTROL: order = 1
DIM:CONTROL: mask = None
DIM:CONTROL: displacement_center = None
DIM:CONTROL: displacement_radius = None
DIM:CONTROL: number_of_displacement_atoms = None
DIM:CONTROL: ------------------
DIM:ROT: OPT-STEP ROT-STEP CURVATURE ROT-ANGLE ROT-FORCE
DIM:ROT:       0         1   -4.0775   43.2579   64.0125
DIM:ROT:       0         2   -9.6379   21.6121   17.8971
DIM:ROT:       0         3  -14.2984   12.7129   19.7130
DIM:ROT:       1         1   26.3900    9.3227  109.3238
DIM:ROT:       1         2   16.6968   21.9106   21.5352
DIM:ROT:       1         3   14.4751    3.9741   43.4462
DIM:ROT:       2         1   16.2559    3.4110   46.4002
DIM:ROT:       2         2   14.0178    7.6402   16.3250
DIM:ROT:       2         3   12.5758    2.5926   35.0583
DIM:ROT:       3         1   11.9640    2.5442   31.9858
DIM:ROT:       3         2   10.6734    3.6241   18.5735
DIM:ROT:       3         3    9.8909    1.9771   24.9544
DIM:ROT:       4         1   10.2296    2.0808   32.8548
DIM:ROT:       4         2    9.1922    3.0152   17.7810
DIM:ROT:       4         3    8.6236    1.5171   24.1013
DIM:ROT:       5         1    3.6554    2.3527   24.3561
DIM:ROT:       5         2    2.7960    1.9518   24.1932
DIM:ROT:       5         3    2.2757    1.8119   18.8423
DIM:ROT:       6         1    0.0358    1.4892   21.8018
DIM:ROT:       6         2   -0.3282    1.8206   12.4487
DIM:ROT:       6         3   -0.7134    1.1514   16.6046
DIM:ROT:       7         1   -0.5344    2.3252   10.7026
DIM:ROT:       7         2   -0.8782    1.9524   10.3456
DIM:ROT:       7         3   -1.2792    2.1611    9.7608
DIM:ROT:       8         1   -7.7694   11.3724   11.4295
DIM:ROT:       8         2   -9.7844    7.3032   15.8557
DIM:ROT:       8         3  -10.9648    8.3357    9.3616
DIM:ROT:       9         1  -16.4139   12.8864    8.2215
DIM:ROT:       9         2  -16.8631    3.6699    7.5191
DIM:ROT:       9         3  -17.0256    2.4349    3.9389
DIM:ROT:      10         1  -10.8567    2.9698    6.3786
DIM:ROT:      10         2  -11.0404    2.4718    4.6486
DIM:ROT:      10         3  -11.1269    1.7866    3.6883
DIM:ROT:      11         1    0.7688   12.2081    5.7703
DIM:ROT:      11         2    0.3110    6.0369    5.0359
DIM:ROT:      11         3    0.1771    2.8579    3.9291
DIM:ROT:      12         1   12.1130   27.1900   11.5990
DIM:ROT:      12         2    7.3646   12.4463   21.3081
DIM:ROT:      12         3    3.4035   15.8364   14.0720
DIM:ROT:      13         1   -7.6326    8.5917   18.9885
DIM:ROT:      13         2   -9.0718    9.4038    8.9023
DIM:ROT:      13         3  -10.0554    5.1274   10.5365
DIM:ROT:      14         1   -7.1043    9.4389    9.3008
DIM:ROT:      14         2   -7.7116    4.2215    8.3605
DIM:ROT:      14         3   -8.0970    4.5959    4.9356
DIM:ROT:      15         1   -3.9422    7.1514    8.0561
DIM:ROT:      15         2   -4.6673    4.9060    8.5569
DIM:ROT:      15         3   -5.2940    5.5004    6.3755
DIM:ROT:      16         1   -3.5465    7.1403   21.6984
DIM:ROT:      16         2   -3.9746    4.8037    2.5065
DIM:ROT:      16         3   -4.0572    1.7980    3.1839
DIM:ROT:      17         1   -3.5840    7.2467   17.4860
DIM:ROT:      17         2   -4.9634    9.9090    6.5224
DIM:ROT:      17         3   -5.5344    3.9807    9.1110
DIM:ROT:      18         1   -1.8022    8.0520   41.6203
DIM:ROT:      18         2   -4.8223   20.8164    6.4203
DIM:ROT:      18         3   -5.1106    2.2631   11.0297
DIM:ROT:      19         1    0.4736   10.3504    5.3196
DIM:ROT:      19         2   -0.1270    4.2973    7.9699
DIM:ROT:      19         3   -0.4442    3.7293    4.9669
DIM:ROT:      20         1    3.6522    6.0434   26.5201
DIM:ROT:      20         2    2.9499    5.3101    3.8347
DIM:ROT:      20         3    2.7249    2.5854    5.5777
DIM:ROT:      21         1    1.2774    2.8238   14.2698
DIM:ROT:      21         2    0.5319    4.8501    7.4889
DIM:ROT:      21         3    0.1447    2.2306   11.5276
DIM:ROT:      22         1    2.9276    2.1592   10.1102
DIM:ROT:      22         2    2.4850    2.6372    8.3907
DIM:ROT:      22         3    2.1990    1.9275    9.1575
DIM:ROT:      23         1   -0.4070    1.8684   12.2664
DIM:ROT:      23         2   -0.8408    2.7396    8.1057
DIM:ROT:      23         3   -1.1105    1.6107   10.6463
DIM:ROT:      24         1   -3.7853    7.6202    5.9612
DIM:ROT:      24         2   -4.4411    3.4603   10.7285
DIM:ROT:      24         3   -4.8769    5.4599    5.1115
DIM:ROT:      25         1   -3.6673    2.3595    6.9514
DIM:ROT:      25         2   -3.8948    2.1750    6.3063
DIM:ROT:      25         3   -4.1666    2.2565    6.5548
DIM:ROT:      26         1   -3.8486    4.3594    6.6546
DIM:ROT:      26         2   -4.5018    4.4207    8.3199
DIM:ROT:      26         3   -5.1098    4.9279    7.7136
DIM:ROT:      27         1   -3.0033    6.0101   18.6178
DIM:ROT:      27         2   -3.3309    6.2037    4.1502
DIM:ROT:      27         3   -3.5757    2.2582    5.6307
DIM:ROT:      28         1   -2.0918    9.9882   13.3669
DIM:ROT:      28         2   -2.8183    6.8841    5.6104
DIM:ROT:      28         3   -3.1571    3.8096    4.8231
DIM:ROT:      29         1   -0.3643    6.9666   10.9906
DIM:ROT:      29         2   -1.3017    5.8647    8.3455
DIM:ROT:      29         3   -1.7989    4.2212    6.8956
DIM:ROT:      30         1   -2.2860   10.0330   15.0458
DIM:ROT:      30         2   -2.7672    3.7391    6.2860
DIM:ROT:      30         3   -2.9040    2.3202    3.6884
DIM:ROT:      31         1   -1.7579    3.8517    2.7350
DIM:ROT:      31         2   -1.8193    1.1982    3.0535
DIM:ROT:      31         3   -1.8487    1.2515    1.3157
DIM:ROT:      32         1   -1.6465    1.9959    1.8081
DIM:ROT:      32         2   -1.6780    1.0468    1.8440
DIM:ROT:      32         3   -1.7011    1.0030    1.2840
DIM:ROT:      33         1   -1.0821    1.2337    1.9094
DIM:ROT:      33         2   -1.1087    0.9690    1.5871
DIM:ROT:      33         3   -1.1281    0.8460    1.3277
DIM:ROT:      34         1   -0.7066    1.8774    1.9697
DIM:ROT:      34         2   -0.7447    1.0417    2.0327
DIM:ROT:      34         3   -0.7720    1.2517    1.2741
DIM:ROT:      35         1   -0.4276    1.6636    2.4347
DIM:ROT:      35         2   -0.4744    1.3282    2.0133
DIM:ROT:      35         3   -0.5098    1.1632    1.7807
DIM:ROT:      36         1   -1.1620    1.7224    2.0057
DIM:ROT:      36         2   -1.2035    1.0836    2.1903
DIM:ROT:      36         3   -1.2404    1.3427    1.5488
DIM:ROT:      37         1   -1.3331    2.4005    3.2626
DIM:ROT:      37         2   -1.4273    1.7528    3.1105
DIM:ROT:      37         3   -1.5033    1.7519    2.4963
DIM:ROT:      38         1   -1.1229    1.7211    3.0318
DIM:ROT:      38         2   -1.1801    1.4515    2.2677
DIM:ROT:      38         3   -1.2263    1.2608    2.1249
DIM:ROT:      39         1   -1.1976    1.2084    1.6852
DIM:ROT:      39         2   -1.2244    0.9274    1.6699
DIM:ROT:      39         3   -1.2464    0.9726    1.3415
DIM:ROT:      40         1   -0.9887    1.7764    1.8047
DIM:ROT:      40         2   -1.0303    1.1025    2.2277
DIM:ROT:      40         3   -1.0686    1.4518    1.5008
DIM:ROT:      41         1   -0.1246    1.6168    2.6365
DIM:ROT:      41         2   -0.1814    1.4338    2.3081
DIM:ROT:      41         3   -0.2298    1.3427    2.1433
DIM:ROT:      42         1    1.4534    2.3077    2.5521
DIM:ROT:      42         2    1.3962    1.4523    2.2934
DIM:ROT:      42         3    1.3430    1.5930    1.8768
DIM:ROT:      43         1    0.1222    1.7064    2.6270
DIM:ROT:      43         2    0.0755    1.3577    1.9549
DIM:ROT:      43         3    0.0393    1.2288    1.7252
DIM:ROT:      44         1   -1.4852    3.4974    2.5106
DIM:ROT:      44         2   -1.5849    1.6708    3.3938
DIM:ROT:      44         3   -1.6669    2.3247    1.9685
DIM:ROT:      45         1   -4.2907    1.6338    3.4777
DIM:ROT:      45         2   -4.3722    1.9352    2.3813
DIM:ROT:      45         3   -4.4373    1.3494    2.8155
DIM:ROT:      46         1   -4.4107    1.8494    1.9737
DIM:ROT:      46         2   -4.4609    1.1886    2.4518
DIM:ROT:      46         3   -4.5062    1.5537    1.6442
DIM:ROT:      47         1   -3.4460    0.9190    2.0543
DIM:ROT:      47         2   -3.4726    1.2604    1.2115
DIM:ROT:      47         3   -3.4936    0.7649    1.6679
DIM:ROT:      48         1   -3.0604    1.0384    1.0131
DIM:ROT:      48         2   -3.0757    0.6414    1.4394
DIM:ROT:      48         3   -3.0907    0.9380    0.9157
DIM:ROT:      49         1   -2.9165    0.6042    1.3031
DIM:ROT:      49         2   -2.9289    0.8792    0.8277
DIM:ROT:      49         3   -2.9395    0.5493    1.1824
DIM:ROT:      50         1   -2.7115    0.7097    0.7431
DIM:ROT:      50         2   -2.7190    0.4584    0.9988
DIM:ROT:      50         3   -2.7263    0.6386    0.6678
DIM:ROT:      51         1   -2.3825    0.3771    0.8735
DIM:ROT:      51         2   -2.3863    0.4689    0.4856
DIM:ROT:      51         3   -2.3890    0.2875    0.6243
DIM:ROT:      52         1   -2.0319    0.5519    0.5556
DIM:ROT:      52         2   -2.0347    0.2984    0.6030
DIM:ROT:      52         3   -2.0371    0.3616    0.4042
DIM:ROT:      53         1   -1.7634    0.4998    0.7224
DIM:ROT:      53         2   -1.7683    0.3929    0.7480
DIM:ROT:      53         3   -1.7724    0.4193    0.6023
DIM:ROT:      54         1   -1.6047    0.5083    0.7228
DIM:ROT:      54         2   -1.6098    0.4172    0.7373
DIM:ROT:      54         3   -1.6145    0.4471    0.6328
DIM:ROT:      55         1   -1.5557    0.4688    0.8173
DIM:ROT:      55         2   -1.5603    0.4227    0.6571
DIM:ROT:      55         3   -1.5641    0.3721    0.6329
DIM:ROT:      56         1   -1.6028    1.1415    0.8088
DIM:ROT:      56         2   -1.6137    0.5402    1.2265
DIM:ROT:      56         3   -1.6217    0.6575    0.7059
DIM:ROT:      57         1   -1.5949    0.6355    1.2197
DIM:ROT:      57         2   -1.6061    0.6969    0.9326
DIM:ROT:      57         3   -1.6157    0.5480    1.0455
DIM:ROT:      58         1   -1.4723    1.1156    0.9462
DIM:ROT:      58         2   -1.4856    0.6045    1.3046
DIM:ROT:      58         3   -1.4965    0.7512    0.8308
DIM:ROT:      59         1   -1.5261    0.4756    1.1536
DIM:ROT:      59         2   -1.5347    0.7285    0.6712
DIM:ROT:      59         3   -1.5419    0.4266    1.0195
DIM:ROT:      60         1   -1.5913    0.9460    0.5988
DIM:ROT:      60         2   -1.5997    0.4473    1.0974
DIM:ROT:      60         3   -1.6072    0.7684    0.5578
DIM:ROT:      61         1   -1.7530    0.4054    1.0597
DIM:ROT:      61         2   -1.7595    0.7001    0.5305
DIM:ROT:      61         3   -1.7651    0.3612    0.9234
DIM:ROT:      62         1   -2.0896    1.0552    0.6044
DIM:ROT:      62         2   -2.0977    0.4362    1.0888
DIM:ROT:      62         3   -2.1037    0.6453    0.5277
DIM:ROT:      63         1   -2.3974    0.6474    1.1092
DIM:ROT:      63         2   -2.4075    0.6089    0.9379
DIM:ROT:      63         3   -2.4157    0.5395    0.9048
DIM:ROT:      64         1   -2.6114    1.1562    1.0261
DIM:ROT:      64         2   -2.6263    0.5920    1.4376
DIM:ROT:      64         3   -2.6392    0.8770    0.8280
DIM:ROT:      65         1   -2.6431    0.6173    1.3144
DIM:ROT:      65         2   -2.6545    0.7718    0.8391
DIM:ROT:      65         3   -2.6636    0.5042    1.0530
DIM:ROT:      66         1   -2.5556    1.3078    1.0380
DIM:ROT:      66         2   -2.5714    0.6681    1.3854
DIM:ROT:      66         3   -2.5825    0.7130    0.8849
DIM:ROT:      67         1   -2.4906    0.5611    1.1352
DIM:ROT:      67         2   -2.5002    0.6380    0.8622
DIM:ROT:      67         3   -2.5082    0.4883    0.9764
DIM:ROT:      68         1   -2.3385    0.8370    0.9420
DIM:ROT:      68         2   -2.3479    0.5457    1.0299
DIM:ROT:      68         3   -2.3565    0.6305    0.7796
DIM:ROT:      69         1   -2.2402    0.5833    1.0726
DIM:ROT:      69         2   -2.2491    0.5728    0.8974
DIM:ROT:      69         3   -2.2566    0.4993    0.8938
DIM:ROT:      70         1   -2.0139    0.9186    0.9697
DIM:ROT:      70         2   -2.0250    0.5475    1.1808
DIM:ROT:      70         3   -2.0351    0.7211    0.8002
DIM:ROT:      71         1   -1.9489    0.5294    1.1653
DIM:ROT:      71         2   -1.9581    0.6552    0.8071
DIM:ROT:      71         3   -1.9659    0.4644    1.0042
DIM:ROT:      72         1   -1.8673    0.8309    0.8340
DIM:ROT:      72         2   -1.8763    0.4926    1.0689
DIM:ROT:      72         3   -1.8845    0.6599    0.7156
DIM:ROT:      73         1   -1.7950    0.5356    1.0897
DIM:ROT:      73         2   -1.8037    0.6187    0.8232
DIM:ROT:      73         3   -1.8113    0.4729    0.9461
DIM:ROT:      74         1   -1.5678    1.5007    1.0325
DIM:ROT:      74         2   -1.5864    0.6632    1.6109
DIM:ROT:      74         3   -1.6017    1.0295    0.8430
DIM:ROT:      75         1   -1.4684    0.7090    1.5878
DIM:ROT:      75         2   -1.4844    0.8902    1.0252
DIM:ROT:      75         3   -1.4976    0.5989    1.3009
DIM:ROT:      76         1   -1.3109    1.1587    0.9988
DIM:ROT:      76         2   -1.3253    0.6156    1.3600
DIM:ROT:      76         3   -1.3384    0.8822    0.8404
DIM:ROT:      77         1   -1.1416    0.5601    1.3312
DIM:ROT:      77         2   -1.1529    0.8429    0.7626
DIM:ROT:      77         3   -1.1625    0.4945    1.1497
DIM:ROT:      78         1   -0.7592    1.3235    1.0150
DIM:ROT:      78         2   -0.7730    0.6827    1.1430
DIM:ROT:      78         3   -0.7827    0.6284    0.8981
DIM:ROT:      79         1   -0.6337    0.9599    1.3698
DIM:ROT:      79         2   -0.6501    0.7309    1.2781
DIM:ROT:      79         3   -0.6637    0.7535    1.0617
DIM:ROT:      80         1   -0.7717    1.4858    1.4930
DIM:ROT:      80         2   -0.7988    0.8877    1.7343
DIM:ROT:      80         3   -0.8232    1.1011    1.2501
DIM:ROT:      81         1   -0.4573    1.0743    2.2519
DIM:ROT:      81         2   -0.4798    0.8943    1.3936
DIM:ROT:      81         3   -0.4962    0.7235    1.3218
DIM:ROT:      82         1    0.3684    1.4895    1.6167
DIM:ROT:      82         2    0.3520    0.6853    1.3617
DIM:ROT:      82         3    0.3396    0.7242    0.9633
DIM:ROT:      83         1    1.7688    1.7882    2.1872
DIM:ROT:      83         2    1.7326    1.1153    1.8912
DIM:ROT:      83         3    1.7017    1.1125    1.6325
DIM:ROT:      84         1    1.8974    2.3060    2.7301
DIM:ROT:      84         2    1.8216    1.5027    2.9077
DIM:ROT:      84         3    1.7507    1.8037    2.2018
DIM:ROT:      85         1   -0.5126    1.2511    2.6348
DIM:ROT:      85         2   -0.5538    1.3579    1.6976
DIM:ROT:      85         3   -0.5863    0.9717    1.9458
DIM:ROT:      86         1   -2.2830    1.9452    2.2953
DIM:ROT:      86         2   -2.3145    0.9721    1.8874
DIM:ROT:      86         3   -2.3400    1.0421    1.3832
DIM:ROT:      87         1   -2.1334    0.8052    1.5157
DIM:ROT:      87         2   -2.1513    0.8755    1.1596
DIM:ROT:      87         3   -2.1657    0.6767    1.2524
DIM:ROT:      88         1   -2.0471    0.9098    1.0578
DIM:ROT:      88         2   -2.0610    0.6170    1.3008
DIM:ROT:      88         3   -2.0741    0.7975    0.9292
DIM:ROT:      89         1   -1.9767    0.6932    1.2659
DIM:ROT:      89         2   -1.9902    0.7658    1.0073
DIM:ROT:      89         3   -2.0018    0.6168    1.1119
DIM:ROT:      90         1   -1.8268    1.2156    1.1326
DIM:ROT:      90         2   -1.8449    0.6591    1.6210
DIM:ROT:      90         3   -1.8619    1.0006    0.9620
DIM:ROT:      91         1   -1.5712    0.8899    1.6725
DIM:ROT:      91         2   -1.5943    0.9772    1.3595
DIM:ROT:      91         3   -1.6143    0.8028    1.4896
DIM:ROT:      92         1   -1.2994    1.3260    1.3814
DIM:ROT:      92         2   -1.3267    0.8615    1.8641
DIM:ROT:      92         3   -1.3539    1.2072    1.2832
DIM:ROT:      93         1   -0.7027    1.0874    2.0254
DIM:ROT:      93         2   -0.7387    1.2582    1.6433
DIM:ROT:      93         3   -0.7716    1.0279    1.9000
DIM:ROT:      94         1    0.0782    2.0620    1.7667
DIM:ROT:      94         2    0.0204    1.1706    2.8569
DIM:ROT:      94         3   -0.0381    1.9381    1.7097
DIM:ROT:      95         1    0.3544    1.2794    2.8693
DIM:ROT:      95         2    0.2914    2.0090    1.7879
DIM:ROT:      95         3    0.2326    1.2418    2.7696
DIM:ROT:      96         1    1.1288    1.8795    1.9602
DIM:ROT:      96         2    1.0975    0.9942    1.8373
DIM:ROT:      96         3    1.0709    1.0677    1.4040
DIM:ROT:      97         1    0.8820    1.3754    2.1926
DIM:ROT:      97         2    0.8478    1.0842    1.7989
DIM:ROT:      97         3    0.8209    1.0121    1.5523
DIM:ROT:      98         1   -0.0065    0.8758    1.5371
DIM:ROT:      98         2   -0.0185    0.6593    1.0446
DIM:ROT:      98         3   -0.0287    0.5856    0.9618
DIM:ROT:      99         1   -0.7660    1.1160    1.5343
DIM:ROT:      99         2   -0.7804    0.6765    1.2178
DIM:ROT:      99         3   -0.7913    0.6051    1.0454
DIM:ROT:     100         1   -0.9291    0.9601    1.4463
DIM:ROT:     100         2   -0.9476    0.7379    1.4421
DIM:ROT:     100         3   -0.9652    0.8006    1.2335
DIM:ROT:     101         1   -0.9859    0.9696    1.3131
DIM:ROT:     101         2   -1.0054    0.8123    1.3798
DIM:ROT:     101         3   -1.0228    0.8673    1.1658
DIM:ROT:     102         1   -0.7420    0.7862    1.3148
DIM:ROT:     102         2   -0.7563    0.7494    1.1120
DIM:ROT:     102         3   -0.7704    0.6982    1.1411
DIM:ROT:     103         1   -0.6142    0.6836    1.2432
DIM:ROT:     103         2   -0.6268    0.6649    1.0882
DIM:ROT:     103         3   -0.6383    0.6150    1.0957
DIM:ROT:     104         1   -0.2786    0.6067    0.9653
DIM:ROT:     104         2   -0.2869    0.5361    0.8997
DIM:ROT:     104         3   -0.2953    0.5436    0.8691
DIM:ROT:     105         1   -0.0188    0.4149    0.8018
DIM:ROT:     105         2   -0.0244    0.5286    0.6126
DIM:ROT:     105         3   -0.0297    0.3981    0.7665
DIM:ROT:     106         1    0.2443    0.3728    0.5167
DIM:ROT:     106         2    0.2413    0.3092    0.5659
DIM:ROT:     106         3    0.2383    0.3522    0.4868
DIM:ROT:     107         1    0.8953    0.5574    0.8307
DIM:ROT:     107         2    0.8890    0.4570    0.7873
DIM:ROT:     107         3    0.8835    0.4586    0.6893
DIM:ROT:     108         1   -0.0169    0.2604    0.6124
DIM:ROT:     108         2   -0.0181    0.2304    0.2978
DIM:ROT:     108         3   -0.0189    0.1463    0.3064
DIM:ROT:     109         1   -0.0867    0.2984    0.4536
DIM:ROT:     109         2   -0.0874    0.1803    0.2293
DIM:ROT:     109         3   -0.0880    0.1351    0.2534
DIM:ROT:     110         1    0.1239    0.3272    0.4025
DIM:ROT:     110         2    0.1226    0.1959    0.3776
DIM:ROT:     110         3    0.1216    0.2040    0.2926
DIM:ROT:     111         1   -0.0641    0.2201    0.3346
DIM:ROT:     111         2   -0.0650    0.1693    0.3182
DIM:ROT:     111         3   -0.0657    0.1694    0.2533
DIM:ROT:     112         1   -0.1311    0.2526    0.3115
DIM:ROT:     112         2   -0.1321    0.1661    0.3104
DIM:ROT:     112         3   -0.1328    0.1859    0.2316
DIM:ROT:     113         1   -0.1190    0.2390    0.3530
DIM:ROT:     113         2   -0.1199    0.1862    0.2873
DIM:ROT:     113         3   -0.1207    0.1730    0.2506
DIM:ROT:     114         1    0.0586    0.3725    0.3430
DIM:ROT:     114         2    0.0574    0.1942    0.3632
DIM:ROT:     114         3    0.0564    0.2047    0.2610
DIM:ROT:     115         1    0.0212    0.2037    0.3805
DIM:ROT:     115         2    0.0202    0.2012    0.2600
DIM:ROT:     115         3    0.0195    0.1586    0.2858
DIM:ROT:     116         1   -0.4551    0.6932    0.6384
DIM:ROT:     116         2   -0.4593    0.4400    0.5712
DIM:ROT:     116         3   -0.4625    0.3313    0.5306
DIM:ROT:     117         1   -0.4525    0.3336    0.5177
DIM:ROT:     117         2   -0.4550    0.2942    0.4817
DIM:ROT:     117         3   -0.4572    0.2880    0.4432
DIM:ROT:     118         1   -0.4367    0.2709    0.4256
DIM:ROT:     118         2   -0.4386    0.2582    0.4146
DIM:ROT:     118         3   -0.4405    0.2602    0.4077
DIM:ROT:     119         1   -0.3794    0.2074    0.4009
DIM:ROT:     119         2   -0.3808    0.2608    0.3132
DIM:ROT:     119         3   -0.3822    0.2015    0.3877
DIM:ROT:     120         1   -0.2056    0.1644    0.2630
DIM:ROT:     120         2   -0.2061    0.1334    0.2359
DIM:ROT:     120         3   -0.2066    0.1383    0.2202
DIM:ROT:     121         1   -0.0319    0.1331    0.2538
DIM:ROT:     121         2   -0.0323    0.1409    0.1899
DIM:ROT:     121         3   -0.0327    0.1099    0.2045
DIM:ROT:     122         1    0.0511    0.1701    0.1837
DIM:ROT:     122         2    0.0507    0.1089    0.2329
DIM:ROT:     122         3    0.0503    0.1426    0.1571
DIM:ROT:     123         1    0.3515    0.3421    0.3911
DIM:ROT:     123         2    0.3497    0.2333    0.4485
DIM:ROT:     123         3    0.3481    0.2654    0.3353
DIM:ROT:     124         1    0.1908    0.1405    0.3299
DIM:ROT:     124         2    0.1902    0.1950    0.1720
DIM:ROT:     124         3    0.1896    0.1183    0.2641
DIM:ROT:     125         1   -0.1387    0.2362    0.2457
DIM:ROT:     125         2   -0.1393    0.1401    0.2339
DIM:ROT:     125         3   -0.1397    0.1202    0.1856
DIM:ROT:     126         1   -0.3974    0.4486    0.3791
DIM:ROT:     126         2   -0.3994    0.2347    0.5062
DIM:ROT:     126         3   -0.4011    0.2975    0.3191
DIM:ROT:     127         1   -0.4248    0.2298    0.4407
DIM:ROT:     127         2   -0.4264    0.2635    0.3432
DIM:ROT:     127         3   -0.4278    0.2074    0.3925
DIM:ROT:     128         1   -0.3113    0.1748    0.2792
DIM:ROT:     128         2   -0.3121    0.1670    0.2654
DIM:ROT:     128         3   -0.3129    0.1660    0.2646
DIM:ROT:     129         1   -0.2401    0.1295    0.2361
DIM:ROT:     129         2   -0.2407    0.1546    0.1974
DIM:ROT:     129         3   -0.2412    0.1271    0.2313
DIM:ROT:     130         1   -0.1862    0.1088    0.1687
DIM:ROT:     130         2   -0.1865    0.1018    0.1666
DIM:ROT:     130         3   -0.1868    0.1044    0.1619
DIM:ROT:     131         1   -0.0095    0.1329    0.1968
DIM:ROT:     131         2   -0.0098    0.0978    0.1656
DIM:ROT:     131         3   -0.0100    0.0904    0.1416
DIM:ROT:     132         1   -0.0135    0.1346    0.2513
DIM:ROT:     132         2   -0.0136    0.0789    0.1103
DIM:ROT:     132         3   -0.0137    0.0648    0.1162
DIM:ROT:     133         1   -0.0136    0.1750    0.2921
DIM:ROT:     133         2   -0.0139    0.1891    0.1101
DIM:ROT:     133         3   -0.0142    0.0812    0.1884
DIM:ROT:     134         1   -0.0100    0.1097    0.1604
DIM:ROT:     134         2   -0.0102    0.0852    0.1049
DIM:ROT:     134         3   -0.0103    0.0662    0.1199
DIM:ROT:     135         1   -0.0056    0.2242    0.2727
DIM:ROT:     135         2   -0.0063    0.2395    0.1536
DIM:ROT:     135         3   -0.0067    0.1259    0.2103
DIM:ROT:     136         1   -0.0068    0.1780    0.3009
DIM:ROT:     136         2   -0.0072    0.1112    0.1875
DIM:ROT:     136         3   -0.0075    0.1097    0.1758
DIM:ROT:     137         1   -0.0113    0.1042    0.1756
DIM:ROT:     137         2   -0.0116    0.1066    0.1506
DIM:ROT:     137         3   -0.0118    0.0945    0.1580
DIM:ROT:     138         1   -0.0158    0.1784    0.1924
DIM:ROT:     138         2   -0.0163    0.1209    0.2352
DIM:ROT:     138         3   -0.0167    0.1435    0.1856
DIM:ROT:     139         1   -0.0143    0.1514    0.2903
DIM:ROT:     139         2   -0.0149    0.1632    0.2121
DIM:ROT:     139         3   -0.0155    0.1347    0.2516
DIM:ROT:     140         1   -0.0163    0.2921    0.3028
DIM:ROT:     140         2   -0.0176    0.2108    0.3616
DIM:ROT:     140         3   -0.0189    0.2504    0.3039
DIM:ROT:     141         1   -0.0195    0.3014    0.5090
DIM:ROT:     141         2   -0.0214    0.2771    0.3927
DIM:ROT:     141         3   -0.0233    0.2549    0.4300
DIM:ROT:     142         1   -0.0200    0.2256    0.3826
DIM:ROT:     142         2   -0.0211    0.1928    0.3306
DIM:ROT:     142         3   -0.0222    0.1942    0.3257
DIM:ROT:     143         1   -0.0095    0.1728    0.3626
DIM:ROT:     143         2   -0.0101    0.1450    0.2037
DIM:ROT:     143         3   -0.0104    0.1065    0.2056
DIM:ROT:     144         1    0.0084    0.5070    0.4702
DIM:ROT:     144         2    0.0062    0.2638    0.4659
DIM:ROT:     144         3    0.0050    0.2105    0.3287
DIM:ROT:     145         1    0.0029    0.1539    0.3149
DIM:ROT:     145         2    0.0022    0.1733    0.2239
DIM:ROT:     145         3    0.0017    0.1239    0.2506
DIM:ROT:     146         1   -0.0002    0.1403    0.1595
DIM:ROT:     146         2   -0.0005    0.0932    0.1958
DIM:ROT:     146         3   -0.0008    0.1187    0.1380
DIM:ROT:     147         1   -0.0021    0.0792    0.1917
DIM:ROT:     147         2   -0.0023    0.1183    0.1060
DIM:ROT:     147         3   -0.0025    0.0688    0.1620
DIM:ROT:     148         1   -0.0042    0.0966    0.1413
DIM:ROT:     148         2   -0.0043    0.0687    0.1496
DIM:ROT:     148         3   -0.0045    0.0806    0.1139
DIM:ROT:     149         1   -0.0025    0.0838    0.1035
DIM:ROT:     149         2   -0.0026    0.0617    0.1239
DIM:ROT:     149         3   -0.0027    0.0743    0.0926
DIM:ROT:     150         1    0.0008    0.1187    0.2724
DIM:ROT:     150         2    0.0005    0.1411    0.1525
DIM:ROT:     150         3    0.0001    0.0906    0.1980
DIM:ROT:     151         1   -0.0007    0.0832    0.1547
DIM:ROT:     151         2   -0.0009    0.0903    0.1276
DIM:ROT:     151         3   -0.0011    0.0748    0.1382
DIM:ROT:     152         1   -0.0021    0.0973    0.1047
DIM:ROT:     152         2   -0.0023    0.0640    0.1356
DIM:ROT:     152         3   -0.0024    0.0840    0.0964
DIM:ROT:     153         1   -0.0039    0.0561    0.1237
DIM:ROT:     153         2   -0.0040    0.0746    0.0871
DIM:ROT:     154         1   -0.0026    0.1004    0.1145
DIM:ROT:     154         2   -0.0028    0.0713    0.1420
DIM:ROT:     154         3   -0.0030    0.0892    0.1029
DIM:ROT:     155         1   -0.0038    0.0882    0.2373
DIM:ROT:     155         2   -0.0041    0.1353    0.1127
DIM:ROT:     155         3   -0.0043    0.0710    0.1840
DIM:ROT:     156         1   -0.0009    0.1242    0.2756
DIM:ROT:     156         2   -0.0012    0.1263    0.1546
DIM:ROT:     156         3   -0.0015    0.0888    0.1817
DIM:ROT:     157         1   -0.0061    0.2850    0.1695
DIM:ROT:     157         2   -0.0065    0.0980    0.2366
DIM:ROT:     157         3   -0.0068    0.1018    0.1318
DIM:ROT:     158         1   -0.0065    0.2912    0.1444
DIM:ROT:     158         2   -0.0070    0.1402    0.2099
DIM:ROT:     158         3   -0.0073    0.1805    0.1108
DIM:ROT:     159         1   -0.0053    0.1128    0.2012
DIM:ROT:     159         2   -0.0055    0.1031    0.1409
DIM:ROT:     159         3   -0.0057    0.0833    0.1541
DIM:ROT:     160         1   -0.0083    0.4011    0.1715
DIM:ROT:     160         2   -0.0089    0.1316    0.2596
DIM:ROT:     160         3   -0.0091    0.0855    0.1643
