MinModeTranslate: STEP      TIME          ENERGY    MAX-FORCE     STEPSIZE    CURVATURE  ROT-STEPS
MinModeTranslate:    0  16:40:14   -12456.297961       0.9721     --------     2.366055          3
MinModeTranslate:    0  16:40:14   -12456.297961       0.9721     0.100000     2.366055          3
MinModeTranslate:    1  16:40:14   -12456.117292       0.6459     --------     1.289333          3
MinModeTranslate:    1  16:40:14   -12456.117292       0.6459     0.100000     1.289333          3
MinModeTranslate:    2  16:40:14   -12456.000540       0.4057     --------     0.601973          3
MinModeTranslate:    2  16:40:14   -12456.000540       0.4057     0.100000     0.601973          3
MinModeTranslate:    3  16:40:14   -12455.926612       0.3076     --------     0.101032          3
MinModeTranslate:    3  16:40:14   -12455.926612       0.3076     0.100000     0.101032          3
MinModeTranslate:    4  16:40:14   -12455.870530       6.4789     --------    -0.173561          3
MinModeTranslate:    4  16:40:14   -12455.870530       6.4789     0.100000    -0.173561          3
MinModeTranslate:    5  16:40:14   -12455.869260       6.3720     --------    -0.312724          3
MinModeTranslate:    5  16:40:14   -12455.869260       6.3720     0.100000    -0.312724          3
MinModeTranslate:    6  16:40:14   -12456.761735       3.4171     --------    -0.261278          3
MinModeTranslate:    6  16:40:14   -12456.761735       3.4171     0.100000    -0.261278          3
MinModeTranslate:    7  16:40:14   -12457.291356       2.5896     --------    -0.252121          3
MinModeTranslate:    7  16:40:14   -12457.291356       2.5896     0.100000    -0.252121          3
MinModeTranslate:    8  16:40:15   -12457.635652       1.3392     --------    -0.126455          3
MinModeTranslate:    8  16:40:15   -12457.635652       1.3392     0.100000    -0.126455          3
MinModeTranslate:    9  16:40:15   -12457.822476       1.2539     --------    -0.138441          3
MinModeTranslate:    9  16:40:15   -12457.822476       1.2539     0.062672    -0.138441          3
MinModeTranslate:   10  16:40:15   -12457.893807       1.0475     --------    -0.021470          3
MinModeTranslate:   10  16:40:15   -12457.893807       1.0475     0.100000    -0.021470          3
MinModeTranslate:   11  16:40:15   -12457.971808       0.0704     --------     0.000336          3
MinModeTranslate:   11  16:40:15   -12457.971808       0.0704     0.100000     0.000336          3
MinModeTranslate:   12  16:40:15   -12457.958175       0.5178     --------    -0.065165          3
MinModeTranslate:   12  16:40:15   -12457.958175       0.5178     0.100000    -0.065165          3
MinModeTranslate:   13  16:40:15   -12457.956623       0.3995     --------    -0.112052          3
MinModeTranslate:   13  16:40:15   -12457.956623       0.3995     0.092502    -0.112052          3
MinModeTranslate:   14  16:40:15   -12457.997952       0.8610     --------    -0.148738          3
MinModeTranslate:   14  16:40:15   -12457.997952       0.8610     0.067697    -0.148738          3
MinModeTranslate:   15  16:40:15   -12458.022730       0.4281     --------    -0.068652          3
MinModeTranslate:   15  16:40:15   -12458.022730       0.4281     0.079728    -0.068652          3
MinModeTranslate:   16  16:40:15   -12458.045158       0.7140     --------    -0.004938          3
MinModeTranslate:   16  16:40:15   -12458.045158       0.7140     0.065208    -0.004938          3
MinModeTranslate:   17  16:40:15   -12458.061150       0.0672     --------     0.052990          3
MinModeTranslate:   17  16:40:15   -12458.061150       0.0672     0.100000     0.052990          3
MinModeTranslate:   18  16:40:15   -12458.048545       0.0648     --------     0.004942          3
MinModeTranslate:   18  16:40:15   -12458.048545       0.0648     0.100000     0.004942          3
MinModeTranslate:   19  16:40:15   -12458.036503       0.0625     --------     0.051391          3
MinModeTranslate:   19  16:40:15   -12458.036503       0.0625     0.100000     0.051391          3
MinModeTranslate:   20  16:40:15   -12458.024465       0.0631     --------     0.192918          3
MinModeTranslate:   20  16:40:15   -12458.024465       0.0631     0.100000     0.192918          3
MinModeTranslate:   21  16:40:15   -12458.011526       0.0719     --------     0.293383          3
MinModeTranslate:   21  16:40:15   -12458.011526       0.0719     0.100000     0.293383          3
MinModeTranslate:   22  16:40:15   -12457.996441       0.0812     --------     0.244153          3
MinModeTranslate:   22  16:40:15   -12457.996441       0.0812     0.100000     0.244153          3
MinModeTranslate:   23  16:40:15   -12457.980052       0.0872     --------     0.076196          3
MinModeTranslate:   23  16:40:15   -12457.980052       0.0872     0.100000     0.076196          3
MinModeTranslate:   24  16:40:16   -12457.963583       0.3442     --------    -0.056729          3
MinModeTranslate:   24  16:40:16   -12457.963583       0.3442     0.100000    -0.056729          3
MinModeTranslate:   25  16:40:16   -12457.956092       0.3894     --------    -0.082758          3
MinModeTranslate:   25  16:40:16   -12457.956092       0.3894     0.100000    -0.082758          3
MinModeTranslate:   26  16:40:16   -12457.950490       0.4316     --------    -0.028558          3
MinModeTranslate:   26  16:40:16   -12457.950490       0.4316     0.100000    -0.028558          3
MinModeTranslate:   27  16:40:16   -12457.945182       0.0653     --------     0.066479          3
MinModeTranslate:   27  16:40:16   -12457.945182       0.0653     0.100000     0.066479          3
MinModeTranslate:   28  16:40:16   -12457.932859       0.0704     --------     0.090298          3
MinModeTranslate:   28  16:40:16   -12457.932859       0.0704     0.100000     0.090298          3
MinModeTranslate:   29  16:40:16   -12457.919701       0.2493     --------    -0.008003          3
MinModeTranslate:   29  16:40:16   -12457.919701       0.2493     0.100000    -0.008003          3
MinModeTranslate:   30  16:40:16   -12457.912922       0.2322     --------    -0.108217          3
MinModeTranslate:   30  16:40:16   -12457.912922       0.2322     0.100000    -0.108217          3
MinModeTranslate:   31  16:40:16   -12457.905366       0.5757     --------    -0.171549          3
MinModeTranslate:   31  16:40:16   -12457.905366       0.5757     0.100000    -0.171549          3
MinModeTranslate:   32  16:40:16   -12457.898814       0.7109     --------    -0.179940          3
MinModeTranslate:   32  16:40:16   -12457.898814       0.7109     0.054888    -0.179940          3
MinModeTranslate:   33  16:40:16   -12457.907212       0.4947     --------    -0.191548          3
MinModeTranslate:   33  16:40:16   -12457.907212       0.4947     0.100000    -0.191548          3
MinModeTranslate:   34  16:40:16   -12457.913956       0.6148     --------    -0.169603          3
MinModeTranslate:   34  16:40:16   -12457.913956       0.6148     0.035256    -0.169603          3
MinModeTranslate:   35  16:40:16   -12457.920731       0.2822     --------    -0.126536          3
MinModeTranslate:   35  16:40:16   -12457.920731       0.2822     0.039869    -0.126536          3
MinModeTranslate:   36  16:40:16   -12457.926406       0.4314     --------    -0.038401          3
MinModeTranslate:   36  16:40:16   -12457.926406       0.4314     0.052510    -0.038401          3
MinModeTranslate:   37  16:40:16   -12457.932756       0.0191     --------     0.061213          3
MinModeTranslate:   37  16:40:16   -12457.932756       0.0191     0.100000     0.061213          3
MinModeTranslate:   38  16:40:16   -12457.928724       0.0231     --------     0.218694          3
MinModeTranslate:   38  16:40:16   -12457.928724       0.0231     0.100000     0.218694          3
MinModeTranslate:   39  16:40:16   -12457.923244       0.0322     --------     0.243931          3
MinModeTranslate:   39  16:40:16   -12457.923244       0.0322     0.100000     0.243931          3
MinModeTranslate:   40  16:40:16   -12457.915998       0.0397     --------     0.133702          3
MinModeTranslate:   40  16:40:16   -12457.915998       0.0397     0.100000     0.133702          3
MinModeTranslate:   41  16:40:17   -12457.908136       0.0404     --------     0.000297          3
MinModeTranslate:   41  16:40:17   -12457.908136       0.0404     0.100000     0.000297          3
MinModeTranslate:   42  16:40:17   -12457.900936       0.0368     --------     0.067720          3
MinModeTranslate:   42  16:40:17   -12457.900936       0.0368     0.100000     0.067720          3
MinModeTranslate:   43  16:40:17   -12457.893561       0.0425     --------     0.422140          3
MinModeTranslate:   43  16:40:17   -12457.893561       0.0425     0.100000     0.422140          3
MinModeTranslate:   44  16:40:17   -12457.882970       0.0640     --------     0.768453          3
MinModeTranslate:   44  16:40:17   -12457.882970       0.0640     0.100000     0.768453          3
MinModeTranslate:   45  16:40:17   -12457.866065       0.1015     --------     0.969713          3
MinModeTranslate:   45  16:40:17   -12457.866065       0.1015     0.100000     0.969713          3
MinModeTranslate:   46  16:40:17   -12457.840651       0.1474     --------     1.165447          3
MinModeTranslate:   46  16:40:17   -12457.840651       0.1474     0.100000     1.165447          3
MinModeTranslate:   47  16:40:17   -12457.805309       0.1966     --------     1.363417          3
MinModeTranslate:   47  16:40:17   -12457.805309       0.1966     0.100000     1.363417          3
MinModeTranslate:   48  16:40:17   -12457.759592       0.2523     --------     1.472577          3
MinModeTranslate:   48  16:40:17   -12457.759592       0.2523     0.100000     1.472577          3
MinModeTranslate:   49  16:40:17   -12457.703386       0.2932     --------     1.406783          3
MinModeTranslate:   49  16:40:17   -12457.703386       0.2932     0.100000     1.406783          3
MinModeTranslate:   50  16:40:17   -12457.639673       0.3295     --------     1.326017          3
MinModeTranslate:   50  16:40:17   -12457.639673       0.3295     0.100000     1.326017          3
MinModeTranslate:   51  16:40:17   -12457.569487       0.3270     --------     1.184858          3
MinModeTranslate:   51  16:40:17   -12457.569487       0.3270     0.100000     1.184858          3
MinModeTranslate:   52  16:40:17   -12457.499595       0.3177     --------     0.995651          3
MinModeTranslate:   52  16:40:17   -12457.499595       0.3177     0.100000     0.995651          3
MinModeTranslate:   53  16:40:17   -12457.431282       0.3144     --------     0.851457          3
MinModeTranslate:   53  16:40:17   -12457.431282       0.3144     0.100000     0.851457          3
MinModeTranslate:   54  16:40:17   -12457.362623       0.3123     --------     0.704547          3
MinModeTranslate:   54  16:40:17   -12457.362623       0.3123     0.100000     0.704547          3
MinModeTranslate:   55  16:40:17   -12457.293916       0.2969     --------     0.538153          3
MinModeTranslate:   55  16:40:17   -12457.293916       0.2969     0.100000     0.538153          3
MinModeTranslate:   56  16:40:17   -12457.227851       0.2731     --------     0.351087          3
MinModeTranslate:   56  16:40:17   -12457.227851       0.2731     0.100000     0.351087          3
MinModeTranslate:   57  16:40:17   -12457.166229       0.2491     --------     0.188085          3
MinModeTranslate:   57  16:40:17   -12457.166229       0.2491     0.100000     0.188085          3
MinModeTranslate:   58  16:40:17   -12457.109246       0.2319     --------     0.094180          3
MinModeTranslate:   58  16:40:17   -12457.109246       0.2319     0.100000     0.094180          3
MinModeTranslate:   59  16:40:17   -12457.056288       0.2200     --------     0.068632          3
MinModeTranslate:   59  16:40:17   -12457.056288       0.2200     0.100000     0.068632          3
MinModeTranslate:   60  16:40:18   -12457.006960       0.2071     --------     0.055456          3
MinModeTranslate:   60  16:40:18   -12457.006960       0.2071     0.100000     0.055456          3
MinModeTranslate:   61  16:40:18   -12456.961266       0.1926     --------     0.002655          3
MinModeTranslate:   61  16:40:18   -12456.961266       0.1926     0.100000     0.002655          3
MinModeTranslate:   62  16:40:18   -12456.919482       1.2657     --------    -0.093078          3
MinModeTranslate:   62  16:40:18   -12456.919482       1.2657     0.100000    -0.093078          3
MinModeTranslate:   63  16:40:18   -12456.917295       1.1392     --------    -0.211297          3
MinModeTranslate:   63  16:40:18   -12456.917295       1.1392     0.100000    -0.211297          3
MinModeTranslate:   64  16:40:18   -12457.063331       0.9711     --------    -0.633475          3
MinModeTranslate:   64  16:40:18   -12457.063331       0.9711     0.100000    -0.633475          3
MinModeTranslate:   65  16:40:18   -12457.166353       1.4655     --------    -0.222174          3
MinModeTranslate:   65  16:40:18   -12457.166353       1.4655     0.100000    -0.222174          3
MinModeTranslate:   66  16:40:18   -12457.285483       0.7522     --------    -0.352070          3
MinModeTranslate:   66  16:40:18   -12457.285483       0.7522     0.053243    -0.352070          3
MinModeTranslate:   67  16:40:18   -12457.327498       0.6898     --------    -0.818634          3
MinModeTranslate:   67  16:40:18   -12457.327498       0.6898     0.100000    -0.818634          3
MinModeTranslate:   68  16:40:18   -12457.398649       1.0227     --------    -0.406226          3
MinModeTranslate:   68  16:40:18   -12457.398649       1.0227     0.100000    -0.406226          3
MinModeTranslate:   69  16:40:18   -12457.498691       0.6072     --------    -0.468607          3
MinModeTranslate:   69  16:40:18   -12457.498691       0.6072     0.065744    -0.468607          3
MinModeTranslate:   70  16:40:18   -12457.534649       0.7256     --------    -0.065051          3
MinModeTranslate:   70  16:40:18   -12457.534649       0.7256     0.100000    -0.065051          3
MinModeTranslate:   71  16:40:18   -12457.581148       0.8037     --------    -0.095430          3
MinModeTranslate:   71  16:40:18   -12457.581148       0.8037     0.064951    -0.095430          3
MinModeTranslate:   72  16:40:18   -12457.625710       0.7822     --------    -0.473885          3
MinModeTranslate:   72  16:40:18   -12457.625710       0.7822     0.078441    -0.473885          3
MinModeTranslate:   73  16:40:18   -12457.647015       0.8718     --------    -0.174578          3
MinModeTranslate:   73  16:40:18   -12457.647015       0.8718     0.093471    -0.174578          3
MinModeTranslate:   74  16:40:18   -12457.682418       0.7889     --------    -0.105745          3
MinModeTranslate:   74  16:40:18   -12457.682418       0.7889     0.100000    -0.105745          3
MinModeTranslate:   75  16:40:18   -12457.719599       0.5620     --------    -0.314958          3
MinModeTranslate:   75  16:40:18   -12457.719599       0.5620     0.055455    -0.314958          3
MinModeTranslate:   76  16:40:19   -12457.735401       0.1226     --------     0.061801          3
MinModeTranslate:   76  16:40:19   -12457.735401       0.1226     0.100000     0.061801          3
MinModeTranslate:   77  16:40:19   -12457.707496       0.1140     --------     0.048523          3
MinModeTranslate:   77  16:40:19   -12457.707496       0.1140     0.100000     0.048523          3
MinModeTranslate:   78  16:40:19   -12457.681827       0.1043     --------     0.023311          3
MinModeTranslate:   78  16:40:19   -12457.681827       0.1043     0.100000     0.023311          3
MinModeTranslate:   79  16:40:19   -12457.658768       0.0919     --------     0.003464          3
MinModeTranslate:   79  16:40:19   -12457.658768       0.0919     0.100000     0.003464          3
MinModeTranslate:   80  16:40:19   -12457.638946       0.0770     --------     0.004962          3
MinModeTranslate:   80  16:40:19   -12457.638946       0.0770     0.100000     0.004962          3
MinModeTranslate:   81  16:40:19   -12457.622752       0.0609     --------     0.047700          3
MinModeTranslate:   81  16:40:19   -12457.622752       0.0609     0.100000     0.047700          3
MinModeTranslate:   82  16:40:19   -12457.610070       0.0465     --------     0.132940          3
MinModeTranslate:   82  16:40:19   -12457.610070       0.0465     0.100000     0.132940          3
MinModeTranslate:   83  16:40:19   -12457.600153       0.0370     --------     0.228973          3
MinModeTranslate:   83  16:40:19   -12457.600153       0.0370     0.100000     0.228973          3
MinModeTranslate:   84  16:40:19   -12457.591845       0.0334     --------     0.294306          3
MinModeTranslate:   84  16:40:19   -12457.591845       0.0334     0.100000     0.294306          3
MinModeTranslate:   85  16:40:19   -12457.584107       0.0337     --------     0.312025          3
MinModeTranslate:   85  16:40:19   -12457.584107       0.0337     0.100000     0.312025          3
MinModeTranslate:   86  16:40:19   -12457.576394       0.0353     --------     0.286349          3
MinModeTranslate:   86  16:40:19   -12457.576394       0.0353     0.100000     0.286349          3
MinModeTranslate:   87  16:40:19   -12457.568575       0.0358     --------     0.226664          3
MinModeTranslate:   87  16:40:19   -12457.568575       0.0358     0.100000     0.226664          3
MinModeTranslate:   88  16:40:19   -12457.561209       0.0391     --------     0.162395          3
MinModeTranslate:   88  16:40:19   -12457.561209       0.0391     0.100000     0.162395          3
MinModeTranslate:   89  16:40:19   -12457.553534       0.0382     --------     0.123128          3
MinModeTranslate:   89  16:40:19   -12457.553534       0.0382     0.100000     0.123128          3
MinModeTranslate:   90  16:40:19   -12457.546389       0.0360     --------     0.098851          3
MinModeTranslate:   90  16:40:19   -12457.546389       0.0360     0.100000     0.098851          3
MinModeTranslate:   91  16:40:19   -12457.539730       0.0334     --------     0.082759          3
MinModeTranslate:   91  16:40:19   -12457.539730       0.0334     0.100000     0.082759          3
MinModeTranslate:   92  16:40:19   -12457.533606       0.0307     --------     0.069348          3
MinModeTranslate:   92  16:40:19   -12457.533606       0.0307     0.100000     0.069348          3
MinModeTranslate:   93  16:40:20   -12457.528039       0.0267     --------     0.051977          3
MinModeTranslate:   93  16:40:20   -12457.528039       0.0267     0.100000     0.051977          3
MinModeTranslate:   94  16:40:20   -12457.523204       0.0215     --------     0.033194          3
MinModeTranslate:   94  16:40:20   -12457.523204       0.0215     0.100000     0.033194          3
MinModeTranslate:   95  16:40:20   -12457.519341       0.0155     --------     0.021850          3
MinModeTranslate:   95  16:40:20   -12457.519341       0.0155     0.100000     0.021850          3
MinModeTranslate:   96  16:40:20   -12457.516525       0.0096     --------     0.027866          3
MinModeTranslate:   96  16:40:20   -12457.516525       0.0096     0.100000     0.027866          3
MinModeTranslate:   97  16:40:20   -12457.514641       0.0059     --------     0.056367          3
MinModeTranslate:   97  16:40:20   -12457.514641       0.0059     0.100000     0.056367          3
MinModeTranslate:   98  16:40:20   -12457.513219       0.0047     --------     0.098794          3
MinModeTranslate:   98  16:40:20   -12457.513219       0.0047     0.100000     0.098794          3
MinModeTranslate:   99  16:40:20   -12457.511776       0.0070     --------     0.138724          3
MinModeTranslate:   99  16:40:20   -12457.511776       0.0070     0.100000     0.138724          3
MinModeTranslate:  100  16:40:20   -12457.509393       0.0100     --------     0.159851          3
MinModeTranslate:  100  16:40:20   -12457.509393       0.0100     0.100000     0.159851          3
MinModeTranslate:  101  16:40:20   -12457.506040       0.0137     --------     0.159808          3
MinModeTranslate:  101  16:40:20   -12457.506040       0.0137     0.100000     0.159808          3
MinModeTranslate:  102  16:40:20   -12457.501884       0.0149     --------     0.143397          3
MinModeTranslate:  102  16:40:20   -12457.501884       0.0149     0.100000     0.143397          3
MinModeTranslate:  103  16:40:20   -12457.497873       0.0148     --------     0.122420          3
MinModeTranslate:  103  16:40:20   -12457.497873       0.0148     0.100000     0.122420          3
MinModeTranslate:  104  16:40:20   -12457.494289       0.0121     --------     0.105764          3
MinModeTranslate:  104  16:40:20   -12457.494289       0.0121     0.100000     0.105764          3
MinModeTranslate:  105  16:40:20   -12457.491266       0.0093     --------     0.100617          3
MinModeTranslate:  105  16:40:20   -12457.491266       0.0093     0.100000     0.100617          3
MinModeTranslate:  106  16:40:20   -12457.488814       0.0058     --------     0.106762          3
MinModeTranslate:  106  16:40:20   -12457.488814       0.0058     0.100000     0.106762          3
MinModeTranslate:  107  16:40:20   -12457.487020       0.0038     --------     0.121882          3
MinModeTranslate:  107  16:40:20   -12457.487020       0.0038     0.100000     0.121882          3
MinModeTranslate:  108  16:40:21   -12457.485547       0.0022     --------     0.139576          3
MinModeTranslate:  108  16:40:21   -12457.485547       0.0022     0.100000     0.139576          3
MinModeTranslate:  109  16:40:21   -12457.484313       0.0029     --------     0.155974          3
MinModeTranslate:  109  16:40:21   -12457.484313       0.0029     0.100000     0.155974          3
MinModeTranslate:  110  16:40:21   -12457.482500       0.0036     --------     0.163478          3
MinModeTranslate:  110  16:40:21   -12457.482500       0.0036     0.100000     0.163478          3
MinModeTranslate:  111  16:40:21   -12457.480340       0.0057     --------     0.159439          3
MinModeTranslate:  111  16:40:21   -12457.480340       0.0057     0.100000     0.159439          3
MinModeTranslate:  112  16:40:21   -12457.477446       0.0064     --------     0.142266          3
MinModeTranslate:  112  16:40:21   -12457.477446       0.0064     0.100000     0.142266          3
MinModeTranslate:  113  16:40:21   -12457.474779       0.0074     --------     0.118707          3
MinModeTranslate:  113  16:40:21   -12457.474779       0.0074     0.100000     0.118707          3
MinModeTranslate:  114  16:40:21   -12457.472170       0.0061     --------     0.091211          3
MinModeTranslate:  114  16:40:21   -12457.472170       0.0061     0.100000     0.091211          3
MinModeTranslate:  115  16:40:21   -12457.470264       0.0053     --------     0.064656          3
MinModeTranslate:  115  16:40:21   -12457.470264       0.0053     0.100000     0.064656          3
MinModeTranslate:  116  16:40:21   -12457.468690       0.0022     --------     0.036231          3
MinModeTranslate:  116  16:40:21   -12457.468690       0.0022     0.100000     0.036231          3
MinModeTranslate:  117  16:40:21   -12457.467998       0.0002     --------     0.013387          3
MinModeTranslate:  117  16:40:21   -12457.467998       0.0002     0.100000     0.013387          3
MinModeTranslate:  118  16:40:21   -12457.467900       1.0914     --------    -0.006768          3
MinModeTranslate:  118  16:40:21   -12457.467900       1.0914     0.100000    -0.006768          3
MinModeTranslate:  119  16:40:21   -12457.467779       1.0990     --------    -0.015900          3
MinModeTranslate:  119  16:40:21   -12457.467779       1.0990     0.100000    -0.015900          3
MinModeTranslate:  120  16:40:21   -12457.474047       0.9991     --------    -0.023676          3
MinModeTranslate:  120  16:40:21   -12457.474047       0.9991     0.042469    -0.023676          3
MinModeTranslate:  121  16:40:21   -12457.514426       1.0448     --------    -0.067233          3
MinModeTranslate:  121  16:40:21   -12457.514426       1.0448     0.066637    -0.067233          3
MinModeTranslate:  122  16:40:21   -12457.551425       0.7310     --------    -0.143997          3
MinModeTranslate:  122  16:40:21   -12457.551425       0.7310     0.055909    -0.143997          3
MinModeTranslate:  123  16:40:21   -12457.581323       0.5921     --------    -0.127690          3
MinModeTranslate:  123  16:40:22   -12457.581323       0.5921     0.063770    -0.127690          3
MinModeTranslate:  124  16:40:22   -12457.606987       0.7335     --------    -0.101686          3
MinModeTranslate:  124  16:40:22   -12457.606987       0.7335     0.100000    -0.101686          3
MinModeTranslate:  125  16:40:22   -12457.648369       0.5606     --------    -0.076287          3
MinModeTranslate:  125  16:40:22   -12457.648369       0.5606     0.079898    -0.076287          3
MinModeTranslate:  126  16:40:22   -12457.683712       0.6389     --------    -0.060960          3
MinModeTranslate:  126  16:40:22   -12457.683712       0.6389     0.100000    -0.060960          3
MinModeTranslate:  127  16:40:22   -12457.715805       0.6657     --------    -0.047984          3
MinModeTranslate:  127  16:40:22   -12457.715805       0.6657     0.100000    -0.047984          3
MinModeTranslate:  128  16:40:22   -12457.761200       0.4077     --------    -0.033104          3
MinModeTranslate:  128  16:40:22   -12457.761200       0.4077     0.099084    -0.033104          3
MinModeTranslate:  129  16:40:22   -12457.790330       0.5614     --------    -0.021593          3
MinModeTranslate:  129  16:40:22   -12457.790330       0.5614     0.100000    -0.021593          3
MinModeTranslate:  130  16:40:22   -12457.822200       0.6575     --------    -0.007754          3
MinModeTranslate:  130  16:40:22   -12457.822200       0.6575     0.040079    -0.007754          3
MinModeTranslate:  131  16:40:22   -12457.845837       0.3439     --------    -0.013736          3
MinModeTranslate:  131  16:40:22   -12457.845837       0.3439     0.041279    -0.013736          3
MinModeTranslate:  132  16:40:22   -12457.856797       0.4296     --------    -0.030452          3
MinModeTranslate:  132  16:40:22   -12457.856797       0.4296     0.100000    -0.030452          3
MinModeTranslate:  133  16:40:22   -12457.883817       0.8757     --------    -0.014558          3
MinModeTranslate:  133  16:40:22   -12457.883817       0.8757     0.100000    -0.014558          3
MinModeTranslate:  134  16:40:22   -12457.910636       0.0081     --------     0.010680          3
MinModeTranslate:  134  16:40:22   -12457.910636       0.0081     0.100000     0.010680          3
MinModeTranslate:  135  16:40:22   -12457.908627       0.0075     --------     0.003762          3
MinModeTranslate:  135  16:40:22   -12457.908627       0.0075     0.100000     0.003762          3
MinModeTranslate:  136  16:40:22   -12457.906817       0.4370     --------    -0.003935          3
MinModeTranslate:  136  16:40:22   -12457.906817       0.4370     0.100000    -0.003935          3
MinModeTranslate:  137  16:40:22   -12457.906752       0.4174     --------    -0.013033          3
MinModeTranslate:  137  16:40:22   -12457.906752       0.4174     0.021952    -0.013033          3
MinModeTranslate:  138  16:40:22   -12457.916382       0.3095     --------    -0.037519          3
MinModeTranslate:  138  16:40:22   -12457.916382       0.3095     0.027241    -0.037519          3
MinModeTranslate:  139  16:40:23   -12457.923620       0.2521     --------    -0.034051          3
MinModeTranslate:  139  16:40:23   -12457.923620       0.2521     0.048863    -0.034051          3
MinModeTranslate:  140  16:40:23   -12457.934083       0.3522     --------    -0.032522          3
MinModeTranslate:  140  16:40:23   -12457.934083       0.3522     0.060152    -0.032522          3
MinModeTranslate:  141  16:40:23   -12457.944891       0.4752     --------    -0.022975          3
MinModeTranslate:  141  16:40:23   -12457.944891       0.4752     0.100000    -0.022975          3
MinModeTranslate:  142  16:40:23   -12457.972237       0.2920     --------    -0.003432          3
MinModeTranslate:  142  16:40:23   -12457.972237       0.2920     0.022013    -0.003432          3
MinModeTranslate:  143  16:40:23   -12457.979908       0.2854     --------    -0.005040          3
MinModeTranslate:  143  16:40:23   -12457.979908       0.2854     0.048366    -0.005040          3
MinModeTranslate:  144  16:40:23   -12457.991069       0.3087     --------    -0.003853          3
MinModeTranslate:  144  16:40:23   -12457.991069       0.3087     0.032327    -0.003853          3
MinModeTranslate:  145  16:40:23   -12457.997811       0.2254     --------    -0.005046          3
MinModeTranslate:  145  16:40:23   -12457.997811       0.2254     0.041422    -0.005046          3
MinModeTranslate:  146  16:40:23   -12458.004899       0.0036     --------     0.006298          3
MinModeTranslate:  146  16:40:23   -12458.004899       0.0036     0.100000     0.006298          3
MinModeTranslate:  147  16:40:23   -12458.003963       0.3195     --------    -0.001639          3
MinModeTranslate:  147  16:40:23   -12458.003963       0.3195     0.100000    -0.001639          3
MinModeTranslate:  148  16:40:23   -12458.003883       0.3038     --------    -0.009280          3
MinModeTranslate:  148  16:40:23   -12458.003883       0.3038     0.014857    -0.009280          3
MinModeTranslate:  149  16:40:23   -12458.008794       0.2399     --------    -0.021516          3
MinModeTranslate:  149  16:40:23   -12458.008794       0.2399     0.023085    -0.021516          3
MinModeTranslate:  150  16:40:23   -12458.013202       0.2514     --------    -0.022948          3
MinModeTranslate:  150  16:40:23   -12458.013202       0.2514     0.047214    -0.022948          3
MinModeTranslate:  151  16:40:23   -12458.020796       0.3222     --------    -0.007625          3
MinModeTranslate:  151  16:40:23   -12458.020796       0.3222     0.041500    -0.007625          3
MinModeTranslate:  152  16:40:23   -12458.026686       0.2372     --------    -0.003559          3
MinModeTranslate:  152  16:40:23   -12458.026686       0.2372     0.100000    -0.003559          3
MinModeTranslate:  153  16:40:23   -12458.046875       0.0028     --------     0.009559          3
MinModeTranslate:  153  16:40:23   -12458.046875       0.0028     0.100000     0.009559          3
MinModeTranslate:  154  16:40:24   -12458.046095       0.0028     --------     0.002504          3
MinModeTranslate:  154  16:40:24   -12458.046095       0.0028     0.100000     0.002504          3
MinModeTranslate:  155  16:40:24   -12458.045349       0.3435     --------    -0.001409          3
MinModeTranslate:  155  16:40:24   -12458.045349       0.3435     0.100000    -0.001409          3
MinModeTranslate:  156  16:40:24   -12458.045286       0.0024     --------     0.001650          3
MinModeTranslate:  156  16:40:24   -12458.045286       0.0024     0.100000     0.001650          3
MinModeTranslate:  157  16:40:24   -12458.044631       0.0024     --------     0.008231          3
MinModeTranslate:  157  16:40:24   -12458.044631       0.0024     0.100000     0.008231          3
MinModeTranslate:  158  16:40:24   -12458.043943       0.0026     --------     0.020161          3
MinModeTranslate:  158  16:40:24   -12458.043943       0.0026     0.100000     0.020161          3
MinModeTranslate:  159  16:40:24   -12458.043109       0.0036     --------     0.036374          3
MinModeTranslate:  159  16:40:24   -12458.043109       0.0036     0.100000     0.036374          3
MinModeTranslate:  160  16:40:24   -12458.041944       0.0049     --------     0.054256          3
