MINMODE:METHOD: Dimer
DIM:CONTROL: Search Parameters:
DIM:CONTROL: ------------------
DIM:CONTROL: eigenmode_method = dimer
DIM:CONTROL: f_rot_min = 0.01
DIM:CONTROL: f_rot_max = 0.1
DIM:CONTROL: max_num_rot = 3
DIM:CONTROL: trial_angle = 0.7853981633974483
DIM:CONTROL: trial_trans_step = 0.001
DIM:CONTROL: maximum_translation = 0.1
DIM:CONTROL: cg_translation = True
DIM:CONTROL: use_central_forces = True
DIM:CONTROL: dimer_separation = 0.005
DIM:CONTROL: initial_eigenmode_method = gauss
DIM:CONTROL: extrapolate_forces = True
DIM:CONTROL: displacement_method = gauss
DIM:CONTROL: gauss_std = 0.1
DIM:CONTROL: order = 1
DIM:CONTROL: mask = None
DIM:CONTROL: displacement_center = None
DIM:CONTROL: displacement_radius = None
DIM:CONTROL: number_of_displacement_atoms = None
DIM:CONTROL: ------------------
DIM:ROT: OPT-STEP ROT-STEP CURVATURE ROT-ANGLE ROT-FORCE
DIM:ROT:       0         1  -16.6382   26.4366   18.1510
DIM:ROT:       0         2  -20.6113   10.3982   22.1974
DIM:ROT:       0         3  -22.1715    6.8485   12.9532
DIM:ROT:       1         1  -14.4513    8.5727   12.1835
DIM:ROT:       1         2  -15.3894    4.2707   12.3117
DIM:ROT:       1         3  -16.0259    4.9665    6.9869
DIM:ROT:       2         1    0.3484    4.5395   10.1540
DIM:ROT:       2         2   -0.2077    5.0319    6.0264
DIM:ROT:       2         3   -0.5926    3.1027    6.7976
DIM:ROT:       3         1    2.9717   13.7210    8.4022
DIM:ROT:       3         2    1.8514    4.9862   12.6601
DIM:ROT:       3         3    1.1247    7.6833    5.2004
DIM:ROT:       4         1   -3.5487   11.1339    7.1505
DIM:ROT:       4         2   -3.9103    3.7563    5.4374
DIM:ROT:       4         3   -4.1047    2.5575    4.3247
DIM:ROT:       5         1   -2.2490   20.0252   15.9070
DIM:ROT:       5         2   -3.4211    6.3904    9.7219
DIM:ROT:       5         3   -4.0248    4.7294    7.3566
DIM:ROT:       6         1   -8.3870   12.2831   11.5512
DIM:ROT:       6         2   -9.0432    5.4754    6.9328
DIM:ROT:       6         3   -9.3676    3.2516    5.7893
DIM:ROT:       7         1   -5.9358    5.3909   11.3580
DIM:ROT:       7         2   -6.3062    3.7092    5.3587
DIM:ROT:       7         3   -6.4940    2.4510    4.3381
DIM:ROT:       8         1   -3.9576    7.2853    4.2596
DIM:ROT:       8         2   -4.1231    2.2425    4.0071
DIM:ROT:       8         3   -4.2010    1.8078    2.5802
DIM:ROT:       9         1   -1.9053    7.1630    4.1534
DIM:ROT:       9         2   -2.1463    2.5169    5.5286
DIM:ROT:       9         3   -2.2880    3.1973    2.5216
DIM:ROT:      10         1   -6.2274    5.7444    8.0829
DIM:ROT:      10         2   -6.6912    3.8563    6.7918
DIM:ROT:      10         3   -6.9899    3.4582    4.8416
DIM:ROT:      11         1   -7.0211    3.5574    4.7008
DIM:ROT:      11         2   -7.2202    2.5428    4.2673
DIM:ROT:      11         3   -7.3550    2.4238    3.1627
DIM:ROT:      12         1   -4.9704    4.7417    4.4527
DIM:ROT:      12         2   -5.2592    2.6891    5.4717
DIM:ROT:      12         3   -5.4880    3.5762    3.4090
DIM:ROT:      13         1   -3.0736    4.1395    7.7035
DIM:ROT:      13         2   -3.4850    4.1253    5.4929
DIM:ROT:      13         3   -3.8035    3.0952    5.5770
DIM:ROT:      14         1   -2.9626    8.0461    5.4690
DIM:ROT:      14         2   -3.4160    3.3412    7.3801
DIM:ROT:      14         3   -3.7432    4.8648    3.6156
DIM:ROT:      15         1   -6.1772    3.6250    6.3048
DIM:ROT:      15         2   -6.3836    2.8832    4.1355
DIM:ROT:      15         3   -6.4891    2.0395    3.4157
DIM:ROT:      16         1   -7.9386    8.9181    4.5006
DIM:ROT:      16         2   -8.1130    2.1834    5.3807
DIM:ROT:      16         3   -8.2016    2.2359    2.2311
DIM:ROT:      17         1   -3.9577    4.1128    7.8540
DIM:ROT:      17         2   -4.1830    2.7691    4.5452
DIM:ROT:      17         3   -4.2840    1.8867    3.2988
DIM:ROT:      18         1   -2.8232    5.9726    3.5877
DIM:ROT:      18         2   -2.9297    1.8741    3.2497
DIM:ROT:      18         3   -2.9786    1.4152    1.9629
DIM:ROT:      19         1   -1.8821    2.1518    3.2858
DIM:ROT:      19         2   -1.9649    1.7222    2.6506
DIM:ROT:      19         3   -2.0210    1.4701    2.1878
DIM:ROT:      20         1   -1.8024    2.1640    2.8813
DIM:ROT:      20         2   -1.8654    1.4299    2.5154
DIM:ROT:      20         3   -1.9126    1.4276    1.8569
DIM:ROT:      21         1   -2.5439    2.3366    2.0608
DIM:ROT:      21         2   -2.5872    1.1428    2.1400
DIM:ROT:      21         3   -2.6186    1.2968    1.3473
DIM:ROT:      22         1   -4.9360    7.0653    5.0810
DIM:ROT:      22         2   -5.0911    3.7945    3.2239
DIM:ROT:      22         3   -5.1739    1.7102    2.6200
DIM:ROT:      23         1   -6.7711    5.1577    5.1564
DIM:ROT:      23         2   -6.9115    2.2267    4.5085
DIM:ROT:      23         3   -7.0268    2.5002    2.6415
DIM:ROT:      24         1   -6.4649    4.3979    4.5992
DIM:ROT:      24         2   -6.5799    1.7315    3.9658
DIM:ROT:      24         3   -6.6544    2.0675    2.0446
DIM:ROT:      25         1   -6.8995    4.3125    5.7720
DIM:ROT:      25         2   -7.0526    2.2112    4.3357
DIM:ROT:      25         3   -7.1437    2.1004    2.5695
DIM:ROT:      26         1   -7.7416    1.8708    2.5351
DIM:ROT:      26         2   -7.7847    1.2693    2.1862
DIM:ROT:      26         3   -7.8188    1.2454    1.6018
DIM:ROT:      27         1   -8.0464    1.5104    2.4689
DIM:ROT:      27         2   -8.0863    1.1722    1.8602
DIM:ROT:      27         3   -8.1134    1.0062    1.5564
DIM:ROT:      28         1   -6.5731    7.7057    6.2674
DIM:ROT:      28         2   -6.6811    2.3135    3.3372
DIM:ROT:      28         3   -6.7501    1.4325    2.6852
DIM:ROT:      29         1   -5.5817    4.7238    4.2923
DIM:ROT:      29         2   -5.6798    1.7179    3.4440
DIM:ROT:      29         3   -5.7435    1.8716    1.9801
DIM:ROT:      30         1   -5.7704    2.8092    2.8396
DIM:ROT:      30         2   -5.8252    1.2051    2.3282
DIM:ROT:      30         3   -5.8609    1.3262    1.4875
DIM:ROT:      31         1   -6.2310    1.6117    2.5060
DIM:ROT:      31         2   -6.2584    0.9526    1.7502
DIM:ROT:      31         3   -6.2770    0.9049    1.2110
DIM:ROT:      32         1   -6.2138    1.9733    2.0103
DIM:ROT:      32         2   -6.2302    0.7815    1.6181
DIM:ROT:      32         3   -6.2450    0.9037    0.8923
DIM:ROT:      33         1   -6.9309    1.9168    2.2602
DIM:ROT:      33         2   -6.9507    0.8336    1.7962
DIM:ROT:      33         3   -6.9649    0.8869    0.9396
DIM:ROT:      34         1   -7.2359    1.6987    1.9360
DIM:ROT:      34         2   -7.2519    0.6560    1.4470
DIM:ROT:      34         3   -7.2623    0.7481    0.7689
DIM:ROT:      35         1   -7.1104    1.0277    1.3905
DIM:ROT:      35         2   -7.1209    0.5377    1.0419
DIM:ROT:      35         3   -7.1267    0.5238    0.6310
DIM:ROT:      36         1   -7.6385    1.6692    1.8035
DIM:ROT:      36         2   -7.6491    0.6860    1.3793
DIM:ROT:      36         3   -7.6599    0.7228    0.8075
DIM:ROT:      37         1   -7.7073    1.8514    1.6337
DIM:ROT:      37         2   -7.7215    0.7514    1.6274
DIM:ROT:      37         3   -7.7342    0.8758    0.8455
DIM:ROT:      38         1   -7.2440    1.4205    1.5397
DIM:ROT:      38         2   -7.2646    0.7654    1.6051
DIM:ROT:      38         3   -7.2798    0.8942    0.9429
DIM:ROT:      39         1   -7.3639    2.6210    2.4335
DIM:ROT:      39         2   -7.4126    1.1792    2.6416
DIM:ROT:      39         3   -7.4460    1.4564    1.2969
DIM:ROT:      40         1   -6.4990    3.0382    2.9316
DIM:ROT:      40         2   -6.5672    1.3509    3.0384
DIM:ROT:      40         3   -6.6104    1.6377    1.5009
DIM:ROT:      41         1   -4.7264    2.6844    3.1171
DIM:ROT:      41         2   -4.7974    1.4111    2.8692
DIM:ROT:      41         3   -4.8389    1.4680    1.6492
DIM:ROT:      42         1   -4.9829    1.3832    2.0652
DIM:ROT:      42         2   -5.0079    0.9142    1.5180
DIM:ROT:      42         3   -5.0259    0.8509    1.1682
DIM:ROT:      43         1   -4.8655    1.3072    1.6033
DIM:ROT:      43         2   -4.8874    0.8251    1.4832
DIM:ROT:      43         3   -4.9032    0.8624    1.0310
DIM:ROT:      44         1   -4.9343    0.7560    1.2677
DIM:ROT:      44         2   -4.9445    0.5683    0.8643
DIM:ROT:      44         3   -4.9511    0.4897    0.7422
DIM:ROT:      45         1   -6.2190    2.6598    2.1759
DIM:ROT:      45         2   -6.2448    0.8990    1.8243
DIM:ROT:      45         3   -6.2617    0.9054    1.0151
DIM:ROT:      46         1   -6.0791    0.6318    1.3001
DIM:ROT:      46         2   -6.0870    0.5935    0.6709
DIM:ROT:      46         3   -6.0914    0.3664    0.6958
DIM:ROT:      47         1   -5.8066    0.7276    0.6249
DIM:ROT:      47         2   -5.8087    0.2871    0.5865
DIM:ROT:      47         3   -5.8106    0.3393    0.3199
DIM:ROT:      48         1   -6.1093    0.7422    0.8333
DIM:ROT:      48         2   -6.1135    0.3446    0.6680
DIM:ROT:      48         3   -6.1164    0.3589    0.4267
DIM:ROT:      49         1   -5.9897    0.4553    0.6211
DIM:ROT:      49         2   -5.9930    0.3099    0.5401
DIM:ROT:      49         3   -5.9951    0.2935    0.3850
DIM:ROT:      50         1   -5.5159    1.0212    1.0973
DIM:ROT:      50         2   -5.5204    0.4474    0.8993
DIM:ROT:      50         3   -5.5248    0.4596    0.5133
DIM:ROT:      51         1   -5.6277    0.3955    0.6246
DIM:ROT:      51         2   -5.6304    0.2812    0.4571
DIM:ROT:      51         3   -5.6320    0.2296    0.3437
DIM:ROT:      52         1   -5.4092    0.6737    0.7953
DIM:ROT:      52         2   -5.4133    0.3214    0.6183
DIM:ROT:      52         3   -5.4154    0.3110    0.3705
DIM:ROT:      53         1   -4.8835    0.8380    0.9973
DIM:ROT:      53         2   -4.8870    0.3417    0.6496
DIM:ROT:      53         3   -4.8895    0.3365    0.3953
DIM:ROT:      54         1   -5.3807    1.0038    0.7625
DIM:ROT:      54         2   -5.3812    0.3486    0.7211
DIM:ROT:      54         3   -5.3841    0.3636    0.3709
DIM:ROT:      55         1   -5.8026    1.0298    0.9097
DIM:ROT:      55         2   -5.8061    0.4181    0.8602
DIM:ROT:      55         3   -5.8095    0.4302    0.4647
DIM:ROT:      56         1   -6.5836    1.9385    1.9635
DIM:ROT:      56         2   -6.5897    0.7906    1.5919
DIM:ROT:      56         3   -6.6038    0.8369    0.8831
DIM:ROT:      57         1   -6.9521    2.0359    1.6576
DIM:ROT:      57         2   -6.9622    0.7367    1.5435
DIM:ROT:      57         3   -6.9727    0.7932    0.8002
DIM:ROT:      58         1   -6.6530    0.6903    1.0994
DIM:ROT:      58         2   -6.6586    0.4954    0.7909
DIM:ROT:      58         3   -6.6630    0.4156    0.6242
DIM:ROT:      59         1   -6.8366    0.7746    0.7823
DIM:ROT:      59         2   -6.8410    0.4156    0.8498
DIM:ROT:      59         3   -6.8445    0.4810    0.4749
DIM:ROT:      60         1   -7.4067    1.3180    1.2907
DIM:ROT:      60         2   -7.4185    0.5476    1.1469
DIM:ROT:      60         3   -7.4250    0.5992    0.6491
DIM:ROT:      61         1   -7.2023    0.5400    0.8921
DIM:ROT:      61         2   -7.2082    0.4002    0.6234
DIM:ROT:      61         3   -7.2114    0.3146    0.4890
DIM:ROT:      62         1   -7.1001    0.5977    0.6216
DIM:ROT:      62         2   -7.1038    0.2982    0.6291
DIM:ROT:      62         3   -7.1061    0.3426    0.3453
DIM:ROT:      63         1   -6.6902    1.1394    0.9854
DIM:ROT:      63         2   -6.6943    0.4383    0.9309
DIM:ROT:      63         3   -6.6985    0.4596    0.4730
DIM:ROT:      64         1   -6.4797    0.7500    0.7688
DIM:ROT:      64         2   -6.4847    0.3834    0.7986
DIM:ROT:      64         3   -6.4887    0.4430    0.4433
DIM:ROT:      65         1   -6.9064    0.4928    0.8364
DIM:ROT:      65         2   -6.9099    0.3510    0.5548
DIM:ROT:      65         3   -6.9127    0.2816    0.4351
DIM:ROT:      66         1   -7.0166    0.7672    0.6383
DIM:ROT:      66         2   -7.0187    0.3285    0.5559
DIM:ROT:      66         3   -7.0208    0.2656    0.3905
DIM:ROT:      67         1   -6.7902    0.5320    0.6467
DIM:ROT:      67         2   -6.7933    0.3053    0.5546
DIM:ROT:      67         3   -6.7956    0.3044    0.3747
DIM:ROT:      68         1   -7.3322    1.7675    1.6502
DIM:ROT:      68         2   -7.3306    0.6130    1.1451
DIM:ROT:      68         3   -7.3389    0.5662    0.7115
DIM:ROT:      69         1   -7.9010    1.7081    1.1396
DIM:ROT:      69         2   -7.9076    0.5891    1.2759
DIM:ROT:      69         3   -7.9138    0.6137    0.6172
DIM:ROT:      70         1   -7.1709    1.6670    1.4991
DIM:ROT:      70         2   -7.1776    0.5551    1.0799
DIM:ROT:      70         3   -7.1843    0.5458    0.6341
DIM:ROT:      71         1   -6.8698    1.1742    1.4988
DIM:ROT:      71         2   -6.8809    0.6358    1.2251
DIM:ROT:      71         3   -6.8893    0.6323    0.7494
DIM:ROT:      72         1   -6.7773    0.9630    0.8900
DIM:ROT:      72         2   -6.7848    0.4275    0.8764
DIM:ROT:      72         3   -6.7895    0.4898    0.4941
DIM:ROT:      73         1   -6.2507    0.7874    1.2547
DIM:ROT:      73         2   -6.2599    0.5774    0.9296
DIM:ROT:      73         3   -6.2666    0.4774    0.7234
DIM:ROT:      74         1   -5.5155    1.8954    2.0013
DIM:ROT:      74         2   -5.5367    0.8472    1.7176
DIM:ROT:      74         3   -5.5529    0.9185    1.0002
DIM:ROT:      75         1   -5.0890    2.4993    1.6432
DIM:ROT:      75         2   -5.1078    0.8713    1.3956
DIM:ROT:      75         3   -5.1180    0.6124    0.9465
DIM:ROT:      76         1   -5.3034    0.7221    0.9524
DIM:ROT:      76         2   -5.3101    0.4568    0.7956
DIM:ROT:      76         3   -5.3153    0.4624    0.5983
DIM:ROT:      77         1   -5.1902    0.5614    0.7394
DIM:ROT:      77         2   -5.1955    0.4224    0.6998
DIM:ROT:      77         3   -5.1995    0.4124    0.5360
DIM:ROT:      78         1   -5.2173    0.7540    0.8871
DIM:ROT:      78         2   -5.2216    0.4132    0.7881
DIM:ROT:      78         3   -5.2258    0.4565    0.5257
DIM:ROT:      79         1   -5.1057    0.7722    0.7584
DIM:ROT:      79         2   -5.1112    0.4211    0.8081
DIM:ROT:      79         3   -5.1156    0.4912    0.5063
DIM:ROT:      80         1   -5.2161    0.4643    0.7820
DIM:ROT:      80         2   -5.2202    0.3838    0.5627
DIM:ROT:      80         3   -5.2233    0.3261    0.5174
DIM:ROT:      81         1   -5.3343    0.7109    0.5856
DIM:ROT:      81         2   -5.3398    0.3415    0.7065
DIM:ROT:      81         3   -5.3429    0.4588    0.3890
DIM:ROT:      82         1   -5.4142    0.6280    0.9096
DIM:ROT:      82         2   -5.4192    0.4050    0.7199
DIM:ROT:      82         3   -5.4232    0.3994    0.5310
DIM:ROT:      83         1   -5.5068    0.8890    0.7475
DIM:ROT:      83         2   -5.5130    0.3850    0.8081
DIM:ROT:      83         3   -5.5170    0.5188    0.4341
DIM:ROT:      84         1   -5.4599    0.3893    0.6662
DIM:ROT:      84         2   -5.4630    0.3683    0.4820
DIM:ROT:      84         3   -5.4657    0.2936    0.4865
DIM:ROT:      85         1   -5.7177    0.5611    0.6911
DIM:ROT:      85         2   -5.7190    0.3047    0.5880
DIM:ROT:      85         3   -5.7214    0.3200    0.3825
DIM:ROT:      86         1   -5.9372    1.2260    1.0427
DIM:ROT:      86         2   -5.9405    0.4787    0.8947
DIM:ROT:      86         3   -5.9450    0.4356    0.5548
DIM:ROT:      87         1   -6.2463    1.6875    1.1250
DIM:ROT:      87         2   -6.2523    0.5954    1.1998
DIM:ROT:      87         3   -6.2590    0.5695    0.6526
DIM:ROT:      88         1   -6.3957    1.4141    1.3355
DIM:ROT:      88         2   -6.4067    0.6888    1.4042
DIM:ROT:      88         3   -6.4190    0.8291    0.8298
DIM:ROT:      89         1   -6.7799    0.9804    1.3444
DIM:ROT:      89         2   -6.7939    0.7023    1.1959
DIM:ROT:      89         3   -6.8030    0.6711    0.8928
DIM:ROT:      90         1   -7.0519    0.9411    1.1216
DIM:ROT:      90         2   -7.0635    0.5605    1.0845
DIM:ROT:      90         3   -7.0709    0.6075    0.7092
DIM:ROT:      91         1   -6.6960    0.7862    1.1455
DIM:ROT:      91         2   -6.7039    0.4659    0.8486
DIM:ROT:      91         3   -6.7083    0.4139    0.5552
DIM:ROT:      92         1   -6.5364    0.6732    0.7124
DIM:ROT:      92         2   -6.5395    0.2989    0.6321
DIM:ROT:      92         3   -6.5418    0.3392    0.3503
DIM:ROT:      93         1   -6.3563    0.8475    0.9648
DIM:ROT:      93         2   -6.3594    0.3562    0.7331
DIM:ROT:      93         3   -6.3620    0.3628    0.3987
DIM:ROT:      94         1   -6.2103    0.6351    0.6310
DIM:ROT:      94         2   -6.2132    0.2853    0.5843
DIM:ROT:      94         3   -6.2151    0.3135    0.3289
DIM:ROT:      95         1   -6.2689    0.3183    0.5813
DIM:ROT:      95         2   -6.2709    0.2549    0.3599
DIM:ROT:      95         3   -6.2723    0.1842    0.3146
DIM:ROT:      96         1   -6.2243    0.8878    0.8753
DIM:ROT:      96         2   -6.2294    0.3284    0.6578
DIM:ROT:      96         3   -6.2319    0.3219    0.3954
DIM:ROT:      97         1   -6.1410    0.7406    0.6097
DIM:ROT:      97         2   -6.1435    0.2899    0.5447
DIM:ROT:      97         3   -6.1452    0.2703    0.3421
DIM:ROT:      98         1   -6.0657    0.5318    0.6475
DIM:ROT:      98         2   -6.0681    0.2971    0.5777
DIM:ROT:      98         3   -6.0705    0.3229    0.3788
DIM:ROT:      99         1   -6.0420    0.5268    0.7160
DIM:ROT:      99         2   -6.0464    0.3381    0.6250
DIM:ROT:      99         3   -6.0490    0.3337    0.4291
DIM:ROT:     100         1   -5.9939    0.8851    0.5187
DIM:ROT:     100         2   -5.9983    0.3136    0.7542
DIM:ROT:     100         3   -6.0012    0.4686    0.3256
DIM:ROT:     101         1   -5.9113    0.3443    0.8139
DIM:ROT:     101         2   -5.9145    0.4887    0.3794
DIM:ROT:     101         3   -5.9170    0.2358    0.5442
DIM:ROT:     102         1   -6.0025    0.8014    0.5406
DIM:ROT:     102         2   -6.0035    0.2869    0.5748
DIM:ROT:     102         3   -6.0054    0.2913    0.3320
DIM:ROT:     103         1   -6.0839    0.8396    0.8029
DIM:ROT:     103         2   -6.0845    0.4156    0.5040
DIM:ROT:     103         3   -6.0867    0.2582    0.4481
DIM:ROT:     104         1   -6.0309    0.8852    0.7367
DIM:ROT:     104         2   -6.0330    0.3621    0.6675
DIM:ROT:     104         3   -6.0361    0.3573    0.4359
DIM:ROT:     105         1   -5.9201    0.6370    0.3991
DIM:ROT:     105         2   -5.9230    0.2625    0.5958
DIM:ROT:     105         3   -5.9248    0.3836    0.2693
DIM:ROT:     106         1   -6.0352    0.3571    0.7097
DIM:ROT:     106         2   -6.0367    0.3236    0.4019
DIM:ROT:     106         3   -6.0385    0.2167    0.3946
DIM:ROT:     107         1   -5.9279    0.8299    0.6307
DIM:ROT:     107         2   -5.9293    0.2751    0.5905
DIM:ROT:     107         3   -5.9313    0.3198    0.3192
DIM:ROT:     108         1   -6.0458    0.5551    0.5430
DIM:ROT:     108         2   -6.0496    0.2444    0.5122
DIM:ROT:     108         3   -6.0509    0.2808    0.2932
DIM:ROT:     109         1   -6.0454    0.3271    0.5496
DIM:ROT:     109         2   -6.0475    0.2306    0.3810
DIM:ROT:     109         3   -6.0489    0.1899    0.2944
DIM:ROT:     110         1   -6.1914    0.5761    0.5030
DIM:ROT:     110         2   -6.1944    0.2101    0.4043
DIM:ROT:     110         3   -6.1951    0.1906    0.2487
DIM:ROT:     111         1   -6.0894    0.2613    0.4330
DIM:ROT:     111         2   -6.0906    0.1911    0.3122
DIM:ROT:     111         3   -6.0915    0.1568    0.2434
DIM:ROT:     112         1   -6.1085    0.4044    0.3789
DIM:ROT:     112         2   -6.1093    0.1605    0.3459
DIM:ROT:     112         3   -6.1099    0.1948    0.1879
DIM:ROT:     113         1   -5.8981    0.3858    0.4736
DIM:ROT:     113         2   -5.8995    0.2127    0.4189
DIM:ROT:     113         3   -5.9004    0.2188    0.2609
DIM:ROT:     114         1   -5.7398    0.4386    0.5034
DIM:ROT:     114         2   -5.7409    0.2113    0.4016
DIM:ROT:     114         3   -5.7421    0.2085    0.2641
DIM:ROT:     115         1   -5.7768    0.3660    0.5562
DIM:ROT:     115         2   -5.7781    0.2070    0.3797
DIM:ROT:     115         3   -5.7790    0.1963    0.2610
DIM:ROT:     116         1   -5.8866    0.2432    0.3061
DIM:ROT:     116         2   -5.8875    0.1363    0.2607
DIM:ROT:     116         3   -5.8879    0.1479    0.1747
DIM:ROT:     117         1   -5.8423    0.2297    0.4137
DIM:ROT:     117         2   -5.8432    0.1929    0.2771
DIM:ROT:     117         3   -5.8438    0.1452    0.2449
DIM:ROT:     118         1   -5.8405    0.8890    0.9013
DIM:ROT:     118         2   -5.8419    0.2833    0.6073
DIM:ROT:     118         3   -5.8436    0.2760    0.3086
DIM:ROT:     119         1   -5.8567    0.4291    0.3742
DIM:ROT:     119         2   -5.8581    0.1765    0.3906
DIM:ROT:     119         3   -5.8587    0.2242    0.2003
DIM:ROT:     120         1   -5.6996    0.2931    0.5042
DIM:ROT:     120         2   -5.7009    0.2215    0.3482
DIM:ROT:     120         3   -5.7017    0.1726    0.2771
DIM:ROT:     121         1   -5.6696    0.5722    0.3219
DIM:ROT:     121         2   -5.6711    0.2240    0.2263
DIM:ROT:     121         3   -5.6714    0.1059    0.1709
DIM:ROT:     122         1   -5.7223    0.2473    0.3595
DIM:ROT:     122         2   -5.7217    0.1199    0.2368
DIM:ROT:     122         3   -5.7221    0.1192    0.1426
DIM:ROT:     123         1   -5.7779    0.1696    0.1780
DIM:ROT:     123         2   -5.7785    0.0837    0.1605
DIM:ROT:     123         3   -5.7786    0.0923    0.1081
DIM:ROT:     124         1   -5.7813    0.2507    0.2607
DIM:ROT:     124         2   -5.7820    0.1076    0.2038
DIM:ROT:     124         3   -5.7823    0.1037    0.1299
DIM:ROT:     125         1   -5.6428    0.4250    0.3590
DIM:ROT:     125         2   -5.6424    0.1513    0.2781
DIM:ROT:     125         3   -5.6428    0.1330    0.1810
DIM:ROT:     126         1   -5.6967    0.1678    0.2354
DIM:ROT:     126         2   -5.6968    0.1067    0.1931
DIM:ROT:     126         3   -5.6971    0.1034    0.1350
DIM:ROT:     127         1   -5.6701    0.1953    0.2353
DIM:ROT:     127         2   -5.6701    0.1024    0.2016
DIM:ROT:     127         3   -5.6704    0.1102    0.1296
DIM:ROT:     128         1   -5.6089    0.4160    0.3077
DIM:ROT:     128         2   -5.6100    0.1518    0.2579
DIM:ROT:     128         3   -5.6102    0.1176    0.1672
DIM:ROT:     129         1   -5.6184    0.2192    0.2138
DIM:ROT:     129         2   -5.6190    0.1153    0.2349
DIM:ROT:     129         3   -5.6194    0.1374    0.1357
DIM:ROT:     130         1   -5.6256    0.2007    0.1939
DIM:ROT:     130         2   -5.6257    0.1026    0.1942
DIM:ROT:     130         3   -5.6259    0.1111    0.1230
DIM:ROT:     131         1   -5.7167    0.2312    0.2900
DIM:ROT:     131         2   -5.7166    0.1352    0.2478
DIM:ROT:     131         3   -5.7171    0.1372    0.1663
DIM:ROT:     132         1   -5.6482    0.2838    0.2593
DIM:ROT:     132         2   -5.6489    0.1268    0.2431
DIM:ROT:     132         3   -5.6492    0.1381    0.1496
DIM:ROT:     133         1   -5.6569    0.1974    0.2352
DIM:ROT:     133         2   -5.6572    0.1238    0.2321
DIM:ROT:     133         3   -5.6576    0.1347    0.1544
DIM:ROT:     134         1   -5.6332    0.1300    0.1957
DIM:ROT:     134         2   -5.6333    0.0971    0.1499
DIM:ROT:     134         3   -5.6335    0.0865    0.1235
DIM:ROT:     135         1   -5.6501    0.1602    0.1791
DIM:ROT:     135         2   -5.6499    0.0848    0.1550
DIM:ROT:     135         3   -5.6502    0.0905    0.1061
DIM:ROT:     136         1   -5.6367    0.0957    0.1447
DIM:ROT:     136         2   -5.6369    0.0748    0.1150
DIM:ROT:     136         3   -5.6370    0.0675    0.0976
DIM:ROT:     137         1   -5.6285    0.0846    0.1103
DIM:ROT:     137         2   -5.6286    0.0569    0.0984
DIM:ROT:     138         1   -5.6765    0.1411    0.1262
DIM:ROT:     138         2   -5.6761    0.0637    0.1300
DIM:ROT:     138         3   -5.6763    0.0766    0.0747
DIM:ROT:     139         1   -5.6766    0.0713    0.0943
DIM:ROT:     140         1   -5.7151    0.1095    0.1267
DIM:ROT:     140         2   -5.7152    0.0639    0.1214
DIM:ROT:     140         3   -5.7153    0.0683    0.0781
DIM:ROT:     141         1   -5.7212    0.0688    0.1211
DIM:ROT:     141         2   -5.7214    0.0570    0.0803
DIM:ROT:     142         1   -5.6964    0.0637    0.1029
DIM:ROT:     142         2   -5.6965    0.0480    0.0748
DIM:ROT:     143         1   -5.7207    0.0697    0.0973
DIM:ROT:     144         1   -5.7270    0.1000    0.1056
DIM:ROT:     144         2   -5.7273    0.0500    0.1032
DIM:ROT:     144         3   -5.7274    0.0577    0.0588
DIM:ROT:     145         1   -5.7501    0.0992    0.1126
DIM:ROT:     145         2   -5.7504    0.0485    0.0999
DIM:ROT:     146         1   -5.7696    0.1161    0.0903
DIM:ROT:     147         1   -5.7585    0.0458    0.0714
DIM:ROT:     148         1   -5.7625    0.0713    0.0872
DIM:ROT:     149         1   -5.7480    0.0442    0.0805
DIM:ROT:     150         1   -5.7604    0.0948    0.0737
DIM:ROT:     151         1   -5.7606    0.0450    0.0711
DIM:ROT:     152         1   -5.7421    0.0560    0.0897
DIM:ROT:     153         1   -5.7249    0.0729    0.0663
DIM:ROT:     154         1   -5.7220    0.0471    0.0903
DIM:ROT:     155         1   -5.7371    0.0936    0.0557
DIM:ROT:     156         1   -5.7115    0.0615    0.0724
DIM:ROT:     157         1   -5.7116    0.0576    0.0677
DIM:ROT:     158         1   -5.7253    0.0409    0.0865
DIM:ROT:     159         1   -5.7197    0.0717    0.0584
DIM:ROT:     160         1   -5.7191    0.0326    0.0698
