      Step     Time          Energy          fmax
BFGS:    0 16:43:20   -12457.602418        0.171598
BFGS:    1 16:43:20   -12457.603184        0.154287
BFGS:    2 16:43:20   -12457.609655        0.289128
BFGS:    3 16:43:20   -12457.613590        0.758251
BFGS:    4 16:43:20   -12457.621446        0.373924
BFGS:    5 16:43:20   -12457.629007        0.284482
BFGS:    6 16:43:20   -12457.667719        0.742304
BFGS:    7 16:43:20   -12457.687079        0.796345
BFGS:    8 16:43:20   -12457.724241        0.631444
BFGS:    9 16:43:20   -12457.746946        0.429173
BFGS:   10 16:43:20   -12457.762887        0.386450
BFGS:   11 16:43:20   -12457.782540        0.359289
BFGS:   12 16:43:20   -12457.811648        0.495655
BFGS:   13 16:43:20   -12457.923222        1.053173
BFGS:   14 16:43:20   -12458.071770        1.124349
BFGS:   15 16:43:20   -12458.227899        2.067019
BFGS:   16 16:43:20   -12458.335009        3.538790
BFGS:   17 16:43:20   -12458.591893        2.533431
BFGS:   18 16:43:20   -12458.771329        1.923113
BFGS:   19 16:43:20   -12458.925983        1.267984
BFGS:   20 16:43:20   -12459.095154        2.066389
BFGS:   21 16:43:20   -12459.356423        2.584826
BFGS:   22 16:43:20   -12459.687391        2.684566
BFGS:   23 16:43:20   -12459.868928        3.089769
BFGS:   24 16:43:20   -12460.062555        2.293699
BFGS:   25 16:43:20   -12460.400700        1.665688
BFGS:   26 16:43:20   -12460.521572        1.222640
BFGS:   27 16:43:20   -12460.557759        0.951872
BFGS:   28 16:43:20   -12460.615138        0.573099
BFGS:   29 16:43:20   -12460.633269        0.581190
BFGS:   30 16:43:20   -12460.650050        0.584546
BFGS:   31 16:43:20   -12460.666932        0.358356
BFGS:   32 16:43:20   -12460.676119        0.233662
BFGS:   33 16:43:20   -12460.683075        0.218146
BFGS:   34 16:43:20   -12460.687391        0.249420
BFGS:   35 16:43:20   -12460.691464        0.222335
BFGS:   36 16:43:20   -12460.695535        0.208465
BFGS:   37 16:43:21   -12460.699310        0.159010
BFGS:   38 16:43:21   -12460.702219        0.208730
BFGS:   39 16:43:21   -12460.704506        0.180371
BFGS:   40 16:43:21   -12460.706733        0.110151
BFGS:   41 16:43:21   -12460.709097        0.151466
BFGS:   42 16:43:21   -12460.711489        0.150359
BFGS:   43 16:43:21   -12460.713510        0.127550
BFGS:   44 16:43:21   -12460.715103        0.094661
BFGS:   45 16:43:21   -12460.716383        0.094331
BFGS:   46 16:43:21   -12460.717627        0.104438
BFGS:   47 16:43:21   -12460.718913        0.093032
BFGS:   48 16:43:21   -12460.720274        0.090422
BFGS:   49 16:43:21   -12460.721441        0.079233
BFGS:   50 16:43:21   -12460.722468        0.095664
BFGS:   51 16:43:21   -12460.723396        0.082477
BFGS:   52 16:43:21   -12460.724266        0.069942
BFGS:   53 16:43:21   -12460.724967        0.072459
BFGS:   54 16:43:21   -12460.725531        0.071371
BFGS:   55 16:43:21   -12460.726080        0.055296
BFGS:   56 16:43:21   -12460.726752        0.052561
BFGS:   57 16:43:21   -12460.727453        0.086387
BFGS:   58 16:43:21   -12460.728087        0.057051
BFGS:   59 16:43:21   -12460.728680        0.058591
BFGS:   60 16:43:21   -12460.729363        0.078200
BFGS:   61 16:43:21   -12460.730159        0.080081
BFGS:   62 16:43:21   -12460.731026        0.112578
BFGS:   63 16:43:21   -12460.731702        0.068901
BFGS:   64 16:43:21   -12460.732112        0.052764
BFGS:   65 16:43:21   -12460.732368        0.039657
BFGS:   66 16:43:21   -12460.732651        0.052028
BFGS:   67 16:43:21   -12460.733009        0.058790
BFGS:   68 16:43:21   -12460.733476        0.079379
BFGS:   69 16:43:21   -12460.734007        0.089627
BFGS:   70 16:43:21   -12460.734501        0.065804
BFGS:   71 16:43:21   -12460.734841        0.040768
BFGS:   72 16:43:21   -12460.735041        0.028560
BFGS:   73 16:43:21   -12460.735158        0.033200
BFGS:   74 16:43:21   -12460.735236        0.031350
BFGS:   75 16:43:21   -12460.735327        0.020158
BFGS:   76 16:43:21   -12460.735409        0.020091
BFGS:   77 16:43:21   -12460.735487        0.020526
BFGS:   78 16:43:21   -12460.735559        0.028094
BFGS:   79 16:43:21   -12460.735639        0.026374
BFGS:   80 16:43:21   -12460.735728        0.020631
BFGS:   81 16:43:22   -12460.735812        0.026776
BFGS:   82 16:43:22   -12460.735905        0.032911
BFGS:   83 16:43:22   -12460.736012        0.034932
BFGS:   84 16:43:22   -12460.736159        0.032660
BFGS:   85 16:43:22   -12460.736356        0.035965
BFGS:   86 16:43:22   -12460.736620        0.034223
BFGS:   87 16:43:22   -12460.736887        0.034027
BFGS:   88 16:43:22   -12460.737115        0.030741
BFGS:   89 16:43:22   -12460.737291        0.028015
BFGS:   90 16:43:22   -12460.737429        0.025724
BFGS:   91 16:43:22   -12460.737512        0.020378
BFGS:   92 16:43:22   -12460.737574        0.020727
BFGS:   93 16:43:22   -12460.737625        0.019630
BFGS:   94 16:43:22   -12460.737672        0.016861
BFGS:   95 16:43:22   -12460.737717        0.014640
BFGS:   96 16:43:22   -12460.737756        0.015511
BFGS:   97 16:43:22   -12460.737789        0.014714
BFGS:   98 16:43:22   -12460.737835        0.016575
BFGS:   99 16:43:22   -12460.737883        0.018839
BFGS:  100 16:43:22   -12460.737934        0.014716
BFGS:  101 16:43:22   -12460.737984        0.018040
BFGS:  102 16:43:22   -12460.738024        0.016266
BFGS:  103 16:43:22   -12460.738073        0.018567
BFGS:  104 16:43:22   -12460.738110        0.016579
BFGS:  105 16:43:22   -12460.738148        0.014672
BFGS:  106 16:43:22   -12460.738183        0.016436
BFGS:  107 16:43:22   -12460.738220        0.016409
BFGS:  108 16:43:22   -12460.738254        0.016211
BFGS:  109 16:43:22   -12460.738287        0.012814
BFGS:  110 16:43:22   -12460.738302        0.009163
BFGS:  111 16:43:22   -12460.738308        0.006824
BFGS:  112 16:43:22   -12460.738322        0.006896
BFGS:  113 16:43:22   -12460.738335        0.009423
BFGS:  114 16:43:22   -12460.738350        0.009838
BFGS:  115 16:43:22   -12460.738350        0.008903
BFGS:  116 16:43:22   -12460.738372        0.012677
BFGS:  117 16:43:22   -12460.738401        0.017801
BFGS:  118 16:43:22   -12460.738428        0.019738
BFGS:  119 16:43:22   -12460.738476        0.023068
BFGS:  120 16:43:22   -12460.738555        0.026509
BFGS:  121 16:43:23   -12460.738632        0.023622
BFGS:  122 16:43:23   -12460.738711        0.017373
BFGS:  123 16:43:23   -12460.738753        0.014200
BFGS:  124 16:43:23   -12460.738786        0.012871
BFGS:  125 16:43:23   -12460.738802        0.012501
BFGS:  126 16:43:23   -12460.738821        0.011401
BFGS:  127 16:43:23   -12460.738847        0.009437
BFGS:  128 16:43:23   -12460.738862        0.008088
BFGS:  129 16:43:23   -12460.738864        0.006710
BFGS:  130 16:43:23   -12460.738866        0.005405
BFGS:  131 16:43:23   -12460.738878        0.004007
