MINMODE:METHOD: Dimer
DIM:CONTROL: Search Parameters:
DIM:CONTROL: ------------------
DIM:CONTROL: eigenmode_method = dimer
DIM:CONTROL: f_rot_min = 0.01
DIM:CONTROL: f_rot_max = 0.1
DIM:CONTROL: max_num_rot = 3
DIM:CONTROL: trial_angle = 0.7853981633974483
DIM:CONTROL: trial_trans_step = 0.001
DIM:CONTROL: maximum_translation = 0.1
DIM:CONTROL: cg_translation = True
DIM:CONTROL: use_central_forces = True
DIM:CONTROL: dimer_separation = 0.005
DIM:CONTROL: initial_eigenmode_method = gauss
DIM:CONTROL: extrapolate_forces = True
DIM:CONTROL: displacement_method = gauss
DIM:CONTROL: gauss_std = 0.1
DIM:CONTROL: order = 1
DIM:CONTROL: mask = None
DIM:CONTROL: displacement_center = None
DIM:CONTROL: displacement_radius = None
DIM:CONTROL: number_of_displacement_atoms = None
DIM:CONTROL: ------------------
DIM:ROT: OPT-STEP ROT-STEP CURVATURE ROT-ANGLE ROT-FORCE
DIM:ROT:       0         1    5.3226   27.0695   25.9079
DIM:ROT:       0         2    2.5788   12.6884   11.6484
DIM:ROT:       0         3    0.9503    8.3746   11.1090
DIM:ROT:       1         1  -24.9326   31.1444   18.5390
DIM:ROT:       1         2  -26.7657    7.7171   15.0457
DIM:ROT:       1         3  -27.3009    4.8367    6.1829
DIM:ROT:       2         1  -15.7188   17.0799   10.7939
DIM:ROT:       2         2  -16.4142    4.3155    8.8156
DIM:ROT:       2         3  -16.6503    3.6065    3.6520
DIM:ROT:       3         1  -10.9803    6.2197    8.0145
DIM:ROT:       3         2  -11.2900    3.1080    5.4968
DIM:ROT:       3         3  -11.4405    2.3555    3.3626
DIM:ROT:       4         1   -5.7205    7.7597    8.0938
DIM:ROT:       4         2   -6.0797    3.6398    5.3538
DIM:ROT:       4         3   -6.2230    2.5889    3.0042
DIM:ROT:       5         1   -2.0835    7.8224    8.4713
DIM:ROT:       5         2   -2.5086    4.2777    5.6698
DIM:ROT:       5         3   -2.7196    3.2504    3.5408
DIM:ROT:       6         1   -5.4158    3.1397    3.1039
DIM:ROT:       6         2   -5.4719    1.6243    1.9315
DIM:ROT:       6         3   -5.5031    1.4309    1.2646
DIM:ROT:       7         1  -11.1398   16.6168    6.6057
DIM:ROT:       7         2  -12.5861    6.4986   12.1904
DIM:ROT:       7         3  -13.4785    8.9843    5.6296
DIM:ROT:       8         1   -8.2255    6.1955    9.8537
DIM:ROT:       8         2   -8.6085    4.8626    4.3786
DIM:ROT:       8         3   -8.7723    2.4602    3.6791
DIM:ROT:       9         1   -2.1788   25.6773   18.1771
DIM:ROT:       9         2   -3.5576    7.2177   10.4005
DIM:ROT:       9         3   -4.0199    5.5970    4.8489
DIM:ROT:      10         1   -0.6492    8.2426    8.6417
DIM:ROT:      10         2   -0.8375    3.9441    3.1742
DIM:ROT:      10         3   -1.0078    2.8291    3.4516
DIM:ROT:      11         1   -1.3389    5.8558    2.4935
DIM:ROT:      11         2   -1.4037    1.7216    2.1158
DIM:ROT:      11         3   -1.4327    1.4070    1.2905
DIM:ROT:      12         1   -1.6541    2.4555    2.7853
DIM:ROT:      12         2   -1.6911    1.7089    1.4033
DIM:ROT:      12         3   -1.7117    1.0651    1.2276
DIM:ROT:      13         1   -1.7988    3.0655    1.9579
DIM:ROT:      13         2   -1.8269    1.0942    1.5464
DIM:ROT:      13         3   -1.8434    1.0448    0.9398
DIM:ROT:      14         1   -1.8580    1.9512    3.1160
DIM:ROT:      14         2   -1.8803    1.2944    1.0506
DIM:ROT:      14         3   -1.8938    0.7463    1.0955
DIM:ROT:      15         1   -1.4687    2.0713    2.2638
DIM:ROT:      15         2   -1.5111    1.5248    1.6032
DIM:ROT:      15         3   -1.5382    1.2261    1.2761
DIM:ROT:      16         1   -1.8166    5.8501    2.9176
DIM:ROT:      16         2   -1.9729    2.4779    3.5250
DIM:ROT:      16         3   -2.0576    2.9199    1.7460
DIM:ROT:      17         1   -2.9551    2.7477    4.0062
DIM:ROT:      17         2   -3.0751    2.9666    2.3823
DIM:ROT:      17         3   -3.1658    1.9282    2.7308
DIM:ROT:      18         1   -2.6748    2.2673    2.6157
DIM:ROT:      18         2   -2.7200    1.8403    1.4370
DIM:ROT:      18         3   -2.7499    1.2602    1.4057
DIM:ROT:      19         1   -1.7040    2.9816    3.5138
DIM:ROT:      19         2   -1.7868    2.1758    2.3320
DIM:ROT:      19         3   -1.8411    1.6245    1.8866
DIM:ROT:      20         1   -1.9403    1.8813    1.3771
DIM:ROT:      20         2   -1.9661    0.9537    1.4765
DIM:ROT:      20         3   -1.9789    0.9710    0.8214
DIM:ROT:      21         1   -1.8977    1.1461    0.8751
DIM:ROT:      21         2   -1.9068    0.6086    0.8285
DIM:ROT:      21         3   -1.9126    0.6630    0.5496
DIM:ROT:      22         1   -1.7970    1.0824    1.4482
DIM:ROT:      22         2   -1.8086    0.7840    0.8084
DIM:ROT:      22         3   -1.8166    0.6099    0.7569
DIM:ROT:      23         1   -1.7644    0.8482    0.7676
DIM:ROT:      23         2   -1.7722    0.5908    0.7023
DIM:ROT:      23         3   -1.7778    0.5631    0.5552
DIM:ROT:      24         1   -1.5450    0.6642    0.9364
DIM:ROT:      24         2   -1.5503    0.5761    0.5492
DIM:ROT:      24         3   -1.5548    0.4361    0.5807
DIM:ROT:      25         1   -0.5465    1.9904    2.4298
DIM:ROT:      25         2   -0.5842    1.2498    1.8444
DIM:ROT:      25         3   -0.6125    1.1377    1.3601
DIM:ROT:      26         1    0.1565    2.0461    1.7163
DIM:ROT:      26         2    0.1257    1.1919    1.4421
DIM:ROT:      26         3    0.1082    1.0000    0.9983
DIM:ROT:      27         1    0.7680    2.3100    1.9972
DIM:ROT:      27         2    0.7275    1.2871    1.8665
DIM:ROT:      27         3    0.6965    1.3663    1.2416
DIM:ROT:      28         1    0.8852    1.9117    2.0193
DIM:ROT:      28         2    0.8425    1.3793    1.7098
DIM:ROT:      28         3    0.8129    1.2858    1.3766
DIM:ROT:      29         1    0.6217    1.8247    1.4571
DIM:ROT:      29         2    0.5951    1.1311    1.3717
DIM:ROT:      29         3    0.5735    1.0837    1.1068
DIM:ROT:      30         1    0.5081    1.3175    2.2987
DIM:ROT:      30         2    0.4819    1.3904    1.0321
DIM:ROT:      30         3    0.4655    0.7809    1.2097
DIM:ROT:      31         1    0.2687    2.1266    2.1258
DIM:ROT:      31         2    0.2205    1.4017    1.9311
DIM:ROT:      31         3    0.1881    1.3964    1.3528
DIM:ROT:      32         1   -0.7870    6.2222    2.2963
DIM:ROT:      32         2   -0.8963    1.9370    3.1287
DIM:ROT:      32         3   -0.9497    1.9882    1.6098
DIM:ROT:      33         1   -1.7192    2.0827    2.0391
DIM:ROT:      33         2   -1.7749    1.3854    2.2845
DIM:ROT:      33         3   -1.8235    1.6929    1.6849
DIM:ROT:      34         1   -1.9754    1.9383    3.4056
DIM:ROT:      34         2   -2.0564    2.5651    1.8744
DIM:ROT:      34         3   -2.1207    1.4749    2.5090
DIM:ROT:      35         1   -2.0772    2.1145    1.4398
DIM:ROT:      35         2   -2.1205    1.1900    2.0760
DIM:ROT:      35         3   -2.1563    1.7646    1.2197
DIM:ROT:      36         1   -1.8970    0.9740    1.1865
DIM:ROT:      36         2   -1.9133    0.8033    1.2054
DIM:ROT:      36         3   -1.9268    0.8342    0.9952
DIM:ROT:      37         1   -1.7267    0.7823    1.2119
DIM:ROT:      37         2   -1.7390    0.8293    0.9076
DIM:ROT:      37         3   -1.7505    0.6687    1.0097
DIM:ROT:      38         1   -1.3860    2.1053    0.7700
DIM:ROT:      38         2   -1.3985    0.6138    1.1977
DIM:ROT:      38         3   -1.4046    0.6991    0.5426
DIM:ROT:      39         1   -1.0676    2.0115    0.7929
DIM:ROT:      39         2   -1.0781    0.5570    1.1752
DIM:ROT:      39         3   -1.0830    0.5545    0.5241
DIM:ROT:      40         1   -0.4637    2.3158    1.1634
DIM:ROT:      40         2   -0.4838    0.8435    1.4211
DIM:ROT:      40         3   -0.4933    0.6921    0.7793
DIM:ROT:      41         1   -0.3350    0.9864    0.9100
DIM:ROT:      41         2   -0.3460    0.6237    0.9967
DIM:ROT:      41         3   -0.3538    0.6906    0.6935
DIM:ROT:      42         1   -0.2366    0.7860    1.4449
DIM:ROT:      42         2   -0.2485    0.8202    0.8915
DIM:ROT:      42         3   -0.2592    0.5800    1.0165
DIM:ROT:      43         1   -0.1556    0.9597    1.0041
DIM:ROT:      43         2   -0.1644    0.5940    0.8612
DIM:ROT:      43         3   -0.1707    0.5597    0.6737
DIM:ROT:      44         1    0.0423    0.7471    1.1610
DIM:ROT:      44         2    0.0346    0.6309    0.7411
DIM:ROT:      44         3    0.0282    0.4940    0.7294
DIM:ROT:      45         1   -0.6140    1.5132    1.3430
DIM:ROT:      45         2   -0.6294    0.7553    1.3348
DIM:ROT:      45         3   -0.6404    0.8282    0.7666
DIM:ROT:      46         1   -1.0534    1.8125    1.1854
DIM:ROT:      46         2   -1.0745    0.7861    1.5473
DIM:ROT:      46         3   -1.0885    1.1205    0.7692
DIM:ROT:      47         1   -1.0984    0.5130    1.0069
DIM:ROT:      47         2   -1.1049    0.7500    0.5522
DIM:ROT:      47         3   -1.1108    0.4194    0.8064
DIM:ROT:      48         1   -1.1895    2.3868    0.5145
DIM:ROT:      48         2   -1.1974    0.5372    0.8897
DIM:ROT:      48         3   -1.2002    0.4174    0.3999
DIM:ROT:      49         1   -1.0973    0.5877    0.4583
DIM:ROT:      49         2   -1.1001    0.3484    0.4377
DIM:ROT:      49         3   -1.1019    0.2819    0.3739
DIM:ROT:      50         1   -1.0507    0.6809    0.4483
DIM:ROT:      50         2   -1.0544    0.3931    0.5275
DIM:ROT:      50         3   -1.0569    0.3633    0.4102
DIM:ROT:      51         1   -1.0220    0.4771    0.7275
DIM:ROT:      51         2   -1.0252    0.4096    0.4936
DIM:ROT:      51         3   -1.0280    0.3493    0.4839
DIM:ROT:      52         1   -0.9602    0.6944    0.5641
DIM:ROT:      52         2   -0.9646    0.4327    0.5665
DIM:ROT:      52         3   -0.9677    0.4018    0.4896
DIM:ROT:      53         1   -0.8564    0.5155    0.8067
DIM:ROT:      53         2   -0.8609    0.5211    0.5131
DIM:ROT:      53         3   -0.8648    0.3973    0.5942
DIM:ROT:      54         1   -0.5143    0.7850    1.2060
DIM:ROT:      54         2   -0.5220    0.6071    0.7816
DIM:ROT:      54         3   -0.5287    0.5082    0.7434
DIM:ROT:      55         1   -0.2328    1.0783    1.1165
DIM:ROT:      55         2   -0.2442    0.6872    0.9389
DIM:ROT:      55         3   -0.2517    0.6036    0.7599
DIM:ROT:      56         1   -0.1390    0.7755    0.8135
DIM:ROT:      56         2   -0.1466    0.5628    0.8128
DIM:ROT:      56         3   -0.1532    0.5931    0.6419
DIM:ROT:      57         1   -0.0385    1.1640    0.6640
DIM:ROT:      57         2   -0.0472    0.5016    0.9917
DIM:ROT:      57         3   -0.0523    0.6381    0.4888
DIM:ROT:      58         1    0.0668    0.5526    0.9190
DIM:ROT:      58         2    0.0615    0.5738    0.5565
DIM:ROT:      58         3    0.0567    0.4113    0.6716
DIM:ROT:      59         1   -0.5857    1.1567    1.3411
DIM:ROT:      59         2   -0.6033    0.8509    1.2905
DIM:ROT:      59         3   -0.6171    0.8539    0.9617
DIM:ROT:      60         1   -1.0551    3.7264    1.1570
DIM:ROT:      60         2   -1.0871    0.9478    1.9911
DIM:ROT:      60         3   -1.1041    1.3037    0.7814
DIM:ROT:      61         1   -1.1565    0.6970    1.3193
DIM:ROT:      61         2   -1.1687    1.0780    0.6980
DIM:ROT:      61         3   -1.1796    0.5896    1.0890
DIM:ROT:      62         1   -1.2166    1.5187    0.6340
DIM:ROT:      62         2   -1.2290    0.5963    1.1906
DIM:ROT:      62         3   -1.2374    0.9550    0.5455
DIM:ROT:      63         1   -1.3351    0.6744    1.3404
DIM:ROT:      63         2   -1.3453    1.1938    0.5401
DIM:ROT:      63         3   -1.3536    0.5058    0.9751
DIM:ROT:      64         1   -1.3134    0.5048    0.8121
DIM:ROT:      64         2   -1.3181    0.5518    0.5427
DIM:ROT:      64         3   -1.3225    0.4159    0.6469
DIM:ROT:      65         1   -1.4364    0.5858    0.9404
DIM:ROT:      65         2   -1.4421    0.6570    0.5623
DIM:ROT:      65         3   -1.4468    0.4433    0.6732
DIM:ROT:      66         1   -1.5209    0.6133    0.8426
DIM:ROT:      66         2   -1.5258    0.5128    0.5911
DIM:ROT:      66         3   -1.5298    0.4463    0.5694
DIM:ROT:      67         1   -1.4668    0.7837    0.4117
DIM:ROT:      67         2   -1.4707    0.3573    0.6181
DIM:ROT:      67         3   -1.4729    0.4203    0.3657
DIM:ROT:      68         1   -1.4926    0.3714    0.7107
DIM:ROT:      68         2   -1.4950    0.5079    0.3261
DIM:ROT:      68         3   -1.4972    0.2737    0.4777
DIM:ROT:      69         1   -1.3079    0.4137    0.7644
DIM:ROT:      69         2   -1.3101    0.4155    0.3692
DIM:ROT:      69         3   -1.3119    0.2564    0.4284
DIM:ROT:      70         1   -1.0164    0.7645    0.6821
DIM:ROT:      70         2   -1.0207    0.3969    0.6923
DIM:ROT:      70         3   -1.0238    0.4362    0.4307
DIM:ROT:      71         1   -1.0425    0.3123    0.6479
DIM:ROT:      71         2   -1.0445    0.4973    0.2651
DIM:ROT:      71         3   -1.0459    0.2092    0.4224
DIM:ROT:      72         1   -1.0201    0.2191    0.2726
DIM:ROT:      72         2   -1.0207    0.1729    0.2330
DIM:ROT:      72         3   -1.0213    0.1687    0.2072
DIM:ROT:      73         1   -1.0584    0.2160    0.3785
DIM:ROT:      73         2   -1.0590    0.2152    0.2077
DIM:ROT:      73         3   -1.0595    0.1456    0.2341
DIM:ROT:      74         1   -1.0384    0.2903    0.2085
DIM:ROT:      74         2   -1.0391    0.1814    0.2068
DIM:ROT:      74         3   -1.0395    0.1634    0.1599
DIM:ROT:      75         1   -0.9530    0.1726    0.3413
DIM:ROT:      75         2   -0.9535    0.2382    0.1566
DIM:ROT:      75         3   -0.9540    0.1245    0.2342
DIM:ROT:      76         1   -0.8693    0.2138    0.2577
DIM:ROT:      76         2   -0.8699    0.1621    0.2122
DIM:ROT:      76         3   -0.8702    0.1461    0.1815
DIM:ROT:      77         1   -0.7906    0.2360    0.2573
DIM:ROT:      77         2   -0.7912    0.1584    0.2444
DIM:ROT:      77         3   -0.7916    0.1664    0.1793
DIM:ROT:      78         1   -0.7440    0.2584    0.2131
DIM:ROT:      78         2   -0.7447    0.1486    0.2592
DIM:ROT:      78         3   -0.7450    0.1831    0.1553
DIM:ROT:      79         1   -0.7122    0.2529    0.1841
DIM:ROT:      79         2   -0.7127    0.1340    0.2288
DIM:ROT:      79         3   -0.7130    0.1642    0.1382
DIM:ROT:      80         1   -0.6303    0.4307    0.2301
DIM:ROT:      80         2   -0.6312    0.1782    0.2865
DIM:ROT:      80         3   -0.6316    0.1621    0.1611
DIM:ROT:      81         1   -0.5983    0.1810    0.2139
DIM:ROT:      81         2   -0.5987    0.1387    0.1973
DIM:ROT:      81         3   -0.5991    0.1399    0.1648
DIM:ROT:      82         1   -0.5491    0.2315    0.2486
DIM:ROT:      82         2   -0.5498    0.1673    0.2544
DIM:ROT:      82         3   -0.5502    0.1742    0.1867
DIM:ROT:      83         1   -0.5156    0.1847    0.2756
DIM:ROT:      83         2   -0.5161    0.1822    0.2094
DIM:ROT:      83         3   -0.5166    0.1452    0.2137
DIM:ROT:      84         1   -0.5180    0.1298    0.2008
DIM:ROT:      84         2   -0.5184    0.1445    0.1517
DIM:ROT:      84         3   -0.5186    0.1084    0.1662
DIM:ROT:      85         1   -0.5076    0.1623    0.1482
DIM:ROT:      85         2   -0.5078    0.1058    0.1765
DIM:ROT:      85         3   -0.5081    0.1325    0.1220
DIM:ROT:      86         1   -0.5039    0.1061    0.1646
DIM:ROT:      86         2   -0.5041    0.1204    0.1251
DIM:ROT:      86         3   -0.5043    0.0919    0.1408
DIM:ROT:      87         1   -0.5089    0.1719    0.0987
DIM:ROT:      88         1   -0.5053    0.0928    0.1582
DIM:ROT:      88         2   -0.5055    0.1204    0.1060
DIM:ROT:      88         3   -0.5056    0.0819    0.1376
DIM:ROT:      89         1   -0.5119    0.1899    0.0936
DIM:ROT:      90         1   -0.5039    0.0914    0.1378
DIM:ROT:      90         2   -0.5041    0.1000    0.1060
DIM:ROT:      90         3   -0.5042    0.0797    0.1185
DIM:ROT:      91         1   -0.4907    0.1050    0.1230
DIM:ROT:      91         2   -0.4908    0.0871    0.1215
DIM:ROT:      91         3   -0.4910    0.0910    0.1064
DIM:ROT:      92         1   -0.4899    0.0809    0.1274
DIM:ROT:      92         2   -0.4901    0.0971    0.0956
DIM:ROT:      93         1   -0.4798    0.1152    0.1042
DIM:ROT:      93         2   -0.4800    0.0785    0.1255
DIM:ROT:      93         3   -0.4801    0.0936    0.0893
DIM:ROT:      94         1   -0.4814    0.0804    0.1078
DIM:ROT:      94         2   -0.4814    0.0781    0.0933
DIM:ROT:      95         1   -0.4885    0.0757    0.0939
DIM:ROT:      96         1   -0.4976    0.0851    0.0883
DIM:ROT:      97         1   -0.5155    0.1119    0.0817
DIM:ROT:      98         1   -0.5191    0.0666    0.1076
DIM:ROT:      98         2   -0.5191    0.0831    0.0787
DIM:ROT:      99         1   -0.5231    0.0655    0.1047
DIM:ROT:      99         2   -0.5232    0.0793    0.0764
DIM:ROT:     100         1   -0.5274    0.0666    0.1021
DIM:ROT:     100         2   -0.5275    0.0780    0.0795
DIM:ROT:     101         1   -0.5302    0.0671    0.0894
DIM:ROT:     102         1   -0.5420    0.1141    0.0776
DIM:ROT:     103         1   -0.5454    0.0654    0.1095
DIM:ROT:     103         2   -0.5455    0.0858    0.0760
DIM:ROT:     104         1   -0.5533    0.0702    0.1127
DIM:ROT:     104         2   -0.5533    0.0856    0.0826
DIM:ROT:     105         1   -0.5679    0.0729    0.1237
DIM:ROT:     105         2   -0.5680    0.0932    0.0832
DIM:ROT:     106         1   -0.5971    0.0944    0.1292
DIM:ROT:     106         2   -0.5972    0.0886    0.1108
DIM:ROT:     106         3   -0.5973    0.0783    0.1047
DIM:ROT:     107         1   -0.6227    0.2548    0.0999
DIM:ROT:     108         1   -0.6328    0.0883    0.1766
DIM:ROT:     108         2   -0.6329    0.1312    0.0838
DIM:ROT:     109         1   -0.6635    0.0959    0.1738
DIM:ROT:     109         2   -0.6636    0.1229    0.1017
DIM:ROT:     109         3   -0.6637    0.0758    0.1331
DIM:ROT:     110         1   -0.6750    0.1469    0.0924
DIM:ROT:     111         1   -0.6861    0.0889    0.1607
DIM:ROT:     111         2   -0.6862    0.1262    0.0980
DIM:ROT:     112         1   -0.7006    0.0926    0.1592
DIM:ROT:     112         2   -0.7007    0.1212    0.1049
DIM:ROT:     112         3   -0.7009    0.0807    0.1366
DIM:ROT:     113         1   -0.7138    0.2413    0.0962
DIM:ROT:     114         1   -0.7318    0.0980    0.2014
DIM:ROT:     114         2   -0.7320    0.1752    0.0938
DIM:ROT:     115         1   -0.7486    0.0965    0.1970
DIM:ROT:     115         2   -0.7488    0.1735    0.0926
DIM:ROT:     116         1   -0.7574    0.0870    0.1716
DIM:ROT:     116         2   -0.7575    0.1484    0.0885
DIM:ROT:     117         1   -0.7622    0.0818    0.1567
DIM:ROT:     117         2   -0.7624    0.1359    0.0863
DIM:ROT:     118         1   -0.7635    0.0770    0.1423
DIM:ROT:     118         2   -0.7636    0.1212    0.0844
DIM:ROT:     119         1   -0.7607    0.0737    0.1405
DIM:ROT:     119         2   -0.7608    0.1239    0.0782
DIM:ROT:     120         1   -0.7534    0.0675    0.1185
DIM:ROT:     120         2   -0.7535    0.0977    0.0769
DIM:ROT:     121         1   -0.7507    0.0663    0.1165
DIM:ROT:     121         2   -0.7508    0.0975    0.0754
DIM:ROT:     122         1   -0.7448    0.0683    0.1081
DIM:ROT:     122         2   -0.7449    0.0851    0.0812
DIM:ROT:     123         1   -0.7428    0.0674    0.1036
DIM:ROT:     123         2   -0.7429    0.0815    0.0809
DIM:ROT:     124         1   -0.7390    0.0680    0.0934
DIM:ROT:     125         1   -0.7367    0.0834    0.0838
DIM:ROT:     126         1   -0.7270    0.0754    0.0905
DIM:ROT:     127         1   -0.7201    0.0725    0.0958
DIM:ROT:     128         1   -0.7157    0.0795    0.0844
DIM:ROT:     129         1   -0.7145    0.0674    0.0942
DIM:ROT:     130         1   -0.7137    0.0715    0.0809
DIM:ROT:     131         1   -0.7152    0.0639    0.0840
DIM:ROT:     132         1   -0.7160    0.0649    0.0760
