MINMODE:METHOD: Dimer
DIM:CONTROL: Search Parameters:
DIM:CONTROL: ------------------
DIM:CONTROL: eigenmode_method = dimer
DIM:CONTROL: f_rot_min = 0.01
DIM:CONTROL: f_rot_max = 0.1
DIM:CONTROL: max_num_rot = 3
DIM:CONTROL: trial_angle = 0.7853981633974483
DIM:CONTROL: trial_trans_step = 0.001
DIM:CONTROL: maximum_translation = 0.1
DIM:CONTROL: cg_translation = True
DIM:CONTROL: use_central_forces = True
DIM:CONTROL: dimer_separation = 0.005
DIM:CONTROL: initial_eigenmode_method = gauss
DIM:CONTROL: extrapolate_forces = True
DIM:CONTROL: displacement_method = gauss
DIM:CONTROL: gauss_std = 0.1
DIM:CONTROL: order = 1
DIM:CONTROL: mask = None
DIM:CONTROL: displacement_center = None
DIM:CONTROL: displacement_radius = None
DIM:CONTROL: number_of_displacement_atoms = None
DIM:CONTROL: ------------------
DIM:ROT: OPT-STEP ROT-STEP CURVATURE ROT-ANGLE ROT-FORCE
DIM:ROT:       0         1    2.7126   20.0043   11.8494
DIM:ROT:       0         2    0.7367    8.3329   13.4215
DIM:ROT:       0         3   -0.2111    8.4206    6.5537
DIM:ROT:       1         1   -0.8080    5.1723    6.5591
DIM:ROT:       1         2   -1.1622    4.0233    5.0263
DIM:ROT:       1         3   -1.4001    3.2474    4.0788
DIM:ROT:       2         1   -3.6163    6.5886    6.3233
DIM:ROT:       2         2   -4.0891    4.3166    6.4760
DIM:ROT:       2         3   -4.4225    4.4842    4.3297
DIM:ROT:       3         1   -4.0777    3.6048    5.2141
DIM:ROT:       3         2   -4.2825    3.0307    3.8915
DIM:ROT:       3         3   -4.4393    2.4290    3.4493
DIM:ROT:       4         1   -4.5139    4.7817    3.7996
DIM:ROT:       4         2   -4.6796    2.3887    3.9500
DIM:ROT:       4         3   -4.7692    2.5058    2.1419
DIM:ROT:       5         1   -8.5547    4.1271    3.3491
DIM:ROT:       5         2   -8.6299    1.4212    2.8226
DIM:ROT:       5         3   -8.6683    1.4789    1.3633
DIM:ROT:       6         1   -9.0457    4.5457    6.7069
DIM:ROT:       6         2   -9.2513    3.1929    3.5012
DIM:ROT:       6         3   -9.3356    1.8399    2.6593
DIM:ROT:       7         1  -15.9310    5.1209    5.2464
DIM:ROT:       7         2  -16.1069    2.3112    4.2934
DIM:ROT:       7         3  -16.1753    1.8169    2.2051
DIM:ROT:       8         1  -10.3816   12.8356    8.6658
DIM:ROT:       8         2  -10.6185    2.9812    4.1922
DIM:ROT:       8         3  -10.6752    1.9142    1.8873
DIM:ROT:       9         1   -6.6702    8.2749    7.3131
DIM:ROT:       9         2   -6.9141    2.9972    4.3842
DIM:ROT:       9         3   -6.9991    2.2927    2.0568
DIM:ROT:      10         1   -5.9573    3.2124    4.4966
DIM:ROT:      10         2   -6.0900    2.3255    3.2207
DIM:ROT:      10         3   -6.1790    1.9052    2.5136
DIM:ROT:      11         1   -4.0220    3.0662    4.3858
DIM:ROT:      11         2   -4.1271    2.2761    2.5711
DIM:ROT:      11         3   -4.1882    1.5532    2.1640
DIM:ROT:      12         1   -2.4225    4.4663    3.0504
DIM:ROT:      12         2   -2.4770    1.6006    2.1594
DIM:ROT:      12         3   -2.5197    1.7028    1.3978
DIM:ROT:      13         1   -0.5902    2.5926    2.4321
DIM:ROT:      13         2   -0.6504    1.6194    2.1459
DIM:ROT:      13         3   -0.6966    1.7072    1.5826
DIM:ROT:      14         1   -1.8236    3.4926    4.2038
DIM:ROT:      14         2   -1.8836    1.6292    2.6306
DIM:ROT:      14         3   -1.9174    1.4061    1.4421
DIM:ROT:      15         1   -4.6935    6.6843    5.0791
DIM:ROT:      15         2   -4.8040    2.3287    3.3368
DIM:ROT:      15         3   -4.8604    1.8610    1.7795
DIM:ROT:      16         1   -7.4309    6.8423    4.8148
DIM:ROT:      16         2   -7.6019    2.3908    4.3542
DIM:ROT:      16         3   -7.6916    2.6871    2.0220
DIM:ROT:      17         1   -7.2803    1.7832    3.7059
DIM:ROT:      17         2   -7.3360    2.3025    1.3735
DIM:ROT:      17         3   -7.3636    0.9069    1.8262
DIM:ROT:      18         1   -6.2393    1.9866    2.2366
DIM:ROT:      18         2   -6.2838    1.4047    1.7264
DIM:ROT:      18         3   -6.3124    1.1277    1.3704
DIM:ROT:      19         1   -6.1589    3.2239    1.8584
DIM:ROT:      19         2   -6.2028    1.2334    2.0221
DIM:ROT:      19         3   -6.2217    1.2248    0.9903
DIM:ROT:      20         1   -7.2676    2.3423    3.0462
DIM:ROT:      20         2   -7.3172    1.4563    2.0881
DIM:ROT:      20         3   -7.3440    1.1242    1.4292
DIM:ROT:      21         1   -8.7547    2.3349    2.7134
DIM:ROT:      21         2   -8.8020    1.3663    2.0157
DIM:ROT:      21         3   -8.8287    1.1285    1.2989
DIM:ROT:      22         1   -9.0967    1.7283    1.5096
DIM:ROT:      22         2   -9.1193    0.8544    1.4829
DIM:ROT:      22         3   -9.1317    0.8780    0.7790
DIM:ROT:      23         1   -9.1237    1.3357    0.8758
DIM:ROT:      23         2   -9.1315    0.5718    0.8485
DIM:ROT:      23         3   -9.1362    0.5794    0.4091
DIM:ROT:      24         1   -8.9889    0.4900    0.7521
DIM:ROT:      24         2   -8.9927    0.4447    0.3878
DIM:ROT:      24         3   -8.9945    0.2430    0.3906
DIM:ROT:      25         1   -8.8947    0.3413    0.6114
DIM:ROT:      25         2   -8.8968    0.3300    0.2709
DIM:ROT:      25         3   -8.8976    0.1709    0.3003
DIM:ROT:      26         1   -8.9559    0.3540    0.4005
DIM:ROT:      26         2   -8.9575    0.2279    0.3079
DIM:ROT:      26         3   -8.9584    0.1834    0.2212
DIM:ROT:      27         1   -9.0474    0.8414    0.7359
DIM:ROT:      27         2   -9.0519    0.4060    0.5868
DIM:ROT:      27         3   -9.0534    0.3711    0.3245
DIM:ROT:      28         1   -9.0911    0.3251    0.4782
DIM:ROT:      28         2   -9.0919    0.3239    0.2551
DIM:ROT:      28         3   -9.0927    0.1771    0.2564
DIM:ROT:      29         1   -9.0868    0.5216    0.4748
DIM:ROT:      29         2   -9.0891    0.2642    0.3874
DIM:ROT:      29         3   -9.0903    0.2294    0.2369
DIM:ROT:      30         1   -9.0971    0.4729    0.4969
DIM:ROT:      30         2   -9.0994    0.2686    0.4011
DIM:ROT:      30         3   -9.1006    0.2367    0.2597
DIM:ROT:      31         1   -9.1779    0.6098    0.6922
DIM:ROT:      31         2   -9.1811    0.4078    0.4470
DIM:ROT:      31         3   -9.1830    0.2784    0.3330
DIM:ROT:      32         1   -9.3903    0.4579    0.4433
DIM:ROT:      32         2   -9.3916    0.2634    0.3794
DIM:ROT:      32         3   -9.3921    0.2229    0.2461
DIM:ROT:      33         1   -9.5595    0.4565    0.4686
DIM:ROT:      33         2   -9.5612    0.2596    0.4241
DIM:ROT:      33         3   -9.5621    0.2475    0.2548
DIM:ROT:      34         1   -9.6818    0.5079    0.5117
DIM:ROT:      34         2   -9.6830    0.3258    0.3907
DIM:ROT:      34         3   -9.6838    0.2562    0.2596
DIM:ROT:      35         1   -9.6215    0.3822    0.5477
DIM:ROT:      35         2   -9.6230    0.3380    0.2910
DIM:ROT:      35         3   -9.6236    0.1857    0.2650
DIM:ROT:      36         1   -9.6002    0.4884    0.3491
DIM:ROT:      36         2   -9.6014    0.2112    0.3159
DIM:ROT:      36         3   -9.6019    0.1963    0.1487
DIM:ROT:      37         1   -9.6823    0.4846    0.4266
DIM:ROT:      37         2   -9.6838    0.2498    0.3507
DIM:ROT:      37         3   -9.6845    0.2187    0.1914
DIM:ROT:      38         1   -9.6833    0.4098    0.4424
DIM:ROT:      38         2   -9.6846    0.2562    0.3305
DIM:ROT:      38         3   -9.6851    0.1950    0.2272
DIM:ROT:      39         1   -9.6747    0.6394    0.3475
DIM:ROT:      39         2   -9.6758    0.1959    0.4016
DIM:ROT:      39         3   -9.6761    0.2274    0.1380
DIM:ROT:      40         1   -9.6856    0.3935    0.4145
DIM:ROT:      40         2   -9.6866    0.2388    0.3660
DIM:ROT:      40         3   -9.6874    0.2137    0.2342
DIM:ROT:      41         1   -9.6887    0.2201    0.3008
DIM:ROT:      41         2   -9.6896    0.1789    0.2259
DIM:ROT:      41         3   -9.6901    0.1360    0.1857
DIM:ROT:      42         1   -9.7334    0.2085    0.1820
DIM:ROT:      42         2   -9.7337    0.1150    0.1773
DIM:ROT:      42         3   -9.7341    0.1098    0.1056
DIM:ROT:      43         1   -9.7602    0.1110    0.1187
DIM:ROT:      43         2   -9.7604    0.0752    0.0984
DIM:ROT:      44         1   -9.7814    0.0928    0.0915
DIM:ROT:      45         1   -9.7741    0.1128    0.0709
DIM:ROT:      46         1   -9.7369    0.1077    0.1092
DIM:ROT:      46         2   -9.7370    0.0645    0.0834
DIM:ROT:      47         1   -9.7200    0.1370    0.0871
DIM:ROT:      48         1   -9.6959    0.1277    0.1429
DIM:ROT:      48         2   -9.6961    0.0873    0.1014
DIM:ROT:      48         3   -9.6964    0.0610    0.0759
DIM:ROT:      49         1   -9.6798    0.1733    0.1257
DIM:ROT:      49         2   -9.6801    0.0715    0.1351
DIM:ROT:      49         3   -9.6802    0.0809    0.0616
DIM:ROT:      50         1   -9.6838    0.0709    0.1182
DIM:ROT:      50         2   -9.6840    0.0696    0.0684
DIM:ROT:      51         1   -9.7359    0.1539    0.1542
DIM:ROT:      51         2   -9.7360    0.0913    0.1346
DIM:ROT:      51         3   -9.7362    0.0781    0.0864
DIM:ROT:      52         1   -9.7675    0.0842    0.1281
DIM:ROT:      52         2   -9.7678    0.0742    0.0812
DIM:ROT:      53         1   -9.8246    0.1056    0.1321
DIM:ROT:      53         2   -9.8247    0.0717    0.1009
DIM:ROT:      53         3   -9.8248    0.0595    0.0738
DIM:ROT:      54         1   -9.8667    0.0749    0.1300
DIM:ROT:      54         2   -9.8668    0.0733    0.0700
DIM:ROT:      55         1   -9.8689    0.1066    0.0903
DIM:ROT:      56         1   -9.8613    0.0717    0.1152
DIM:ROT:      56         2   -9.8614    0.0673    0.0706
DIM:ROT:      57         1   -9.8442    0.0717    0.0837
DIM:ROT:      58         1   -9.8329    0.0630    0.0734
DIM:ROT:      59         1   -9.8273    0.0547    0.0646
DIM:ROT:      60         1   -9.8276    0.0389    0.0611
DIM:ROT:      61         1   -9.8231    0.0358    0.0483
DIM:ROT:      62         1   -9.8297    0.0451    0.0466
DIM:ROT:      63         1   -9.8338    0.0352    0.0457
DIM:ROT:      64         1   -9.8624    0.0545    0.0563
DIM:ROT:      65         1   -9.8810    0.0598    0.0678
DIM:ROT:      66         1   -9.8757    0.0925    0.0984
DIM:ROT:      67         1   -9.8537    0.1153    0.1067
DIM:ROT:      67         2   -9.8539    0.0598    0.0961
DIM:ROT:      68         1   -9.8130    0.1764    0.1320
DIM:ROT:      68         2   -9.8131    0.0759    0.1194
DIM:ROT:      68         3   -9.8131    0.0620    0.0583
DIM:ROT:      69         1   -9.7889    0.0752    0.0919
DIM:ROT:      70         1   -9.7745    0.1397    0.1130
DIM:ROT:      70         2   -9.7746    0.0623    0.1132
DIM:ROT:      70         3   -9.7747    0.0637    0.0547
DIM:ROT:      71         1   -9.7796    0.0608    0.0836
DIM:ROT:      72         1   -9.7917    0.0982    0.0773
DIM:ROT:      73         1   -9.8018    0.0820    0.1063
DIM:ROT:      73         2   -9.8020    0.0619    0.0712
DIM:ROT:      74         1   -9.8167    0.0767    0.0968
DIM:ROT:      75         1   -9.8168    0.0830    0.0853
DIM:ROT:      76         1   -9.8335    0.0663    0.0894
DIM:ROT:      77         1   -9.8478    0.0733    0.0789
DIM:ROT:      78         1   -9.8401    0.0557    0.0778
DIM:ROT:      79         1   -9.8178    0.1034    0.0618
DIM:ROT:      80         1   -9.8192    0.0428    0.0578
DIM:ROT:      81         1   -9.8451    0.0611    0.0561
DIM:ROT:      82         1   -9.8532    0.0406    0.0428
DIM:ROT:      83         1   -9.8503    0.0406    0.0420
DIM:ROT:      84         1   -9.8495    0.0381    0.0393
DIM:ROT:      85         1   -9.8599    0.0442    0.0500
DIM:ROT:      86         1   -9.8663    0.0460    0.0735
DIM:ROT:      87         1   -9.8807    0.0633    0.0803
DIM:ROT:      88         1   -9.8683    0.1040    0.0824
DIM:ROT:      89         1   -9.8425    0.0623    0.0923
DIM:ROT:      90         1   -9.7749    0.1140    0.1060
DIM:ROT:      90         2   -9.7751    0.0569    0.0800
DIM:ROT:      91         1   -9.7637    0.0712    0.0664
DIM:ROT:      92         1   -9.7575    0.0672    0.0754
DIM:ROT:      93         1   -9.7564    0.0609    0.0809
DIM:ROT:      94         1   -9.7629    0.0509    0.0610
DIM:ROT:      95         1   -9.7601    0.0436    0.0589
DIM:ROT:      96         1   -9.7525    0.0482    0.0523
DIM:ROT:      97         1   -9.7495    0.0478    0.0428
DIM:ROT:      98         1   -9.7454    0.0239    0.0376
DIM:ROT:      99         1   -9.7462    0.0237    0.0349
DIM:ROT:     100         1   -9.7413    0.0226    0.0301
DIM:ROT:     101         1   -9.7047    0.0364    0.0564
DIM:ROT:     102         1   -9.6905    0.0434    0.0461
DIM:ROT:     103         1   -9.6902    0.0386    0.0465
DIM:ROT:     104         1   -9.6976    0.0468    0.0515
DIM:ROT:     105         1   -9.7107    0.0388    0.0492
DIM:ROT:     106         1   -9.7174    0.0533    0.0640
DIM:ROT:     107         1   -9.7242    0.0999    0.0651
DIM:ROT:     108         1   -9.7343    0.0656    0.0949
DIM:ROT:     109         1   -9.7411    0.0596    0.0796
DIM:ROT:     110         1   -9.7351    0.0626    0.0796
DIM:ROT:     111         1   -9.7328    0.0515    0.0577
DIM:ROT:     112         1   -9.7182    0.0389    0.0508
