      Step     Time          Energy          fmax
BFGS:    0 16:53:51    -6227.384188        2.757826
BFGS:    1 16:53:51    -6227.652769        3.672350
BFGS:    2 16:53:51    -6227.843429        9.895443
BFGS:    3 16:53:51    -6228.080665        3.203308
BFGS:    4 16:53:51    -6228.198801        3.542860
BFGS:    5 16:53:51    -6228.230670        3.776745
BFGS:    6 16:53:51    -6228.250165        3.833326
BFGS:    7 16:53:51    -6228.356998        4.216090
BFGS:    8 16:53:51    -6228.368774        4.214812
BFGS:    9 16:53:51    -6228.392928        4.180764
BFGS:   10 16:53:51    -6228.403754        4.164374
BFGS:   11 16:53:51    -6228.424791        4.114588
BFGS:   12 16:53:51    -6228.462953        3.927091
BFGS:   13 16:53:51    -6228.499472        3.683577
BFGS:   14 16:53:51    -6228.536045        3.432815
BFGS:   15 16:53:51    -6228.577906        3.189172
BFGS:   16 16:53:51    -6228.634590        2.940845
BFGS:   17 16:53:52    -6228.696190        2.768155
BFGS:   18 16:53:52    -6228.757045        2.577980
BFGS:   19 16:53:52    -6228.851869        2.481081
BFGS:   20 16:53:52    -6228.905264        2.376142
BFGS:   21 16:53:52    -6228.984350        2.298289
BFGS:   22 16:53:52    -6229.075241        2.119579
BFGS:   23 16:53:52    -6229.153291        1.938374
BFGS:   24 16:53:52    -6229.220484        1.771333
BFGS:   25 16:53:52    -6229.296029        1.593432
BFGS:   26 16:53:52    -6229.349201        1.415739
BFGS:   27 16:53:52    -6229.426546        1.257607
BFGS:   28 16:53:52    -6229.468480        1.213259
BFGS:   29 16:53:52    -6229.522548        1.150873
BFGS:   30 16:53:52    -6229.587092        0.991154
BFGS:   31 16:53:52    -6229.655468        0.924875
BFGS:   32 16:53:52    -6229.693341        0.743390
BFGS:   33 16:53:52    -6229.705747        1.453552
BFGS:   34 16:53:52    -6229.732012        0.647562
BFGS:   35 16:53:52    -6229.753133        0.451847
BFGS:   36 16:53:52    -6229.774969        0.666676
BFGS:   37 16:53:52    -6229.793839        0.479547
BFGS:   38 16:53:52    -6229.805803        0.234078
BFGS:   39 16:53:52    -6229.809839        0.211746
BFGS:   40 16:53:52    -6229.813018        0.230109
BFGS:   41 16:53:52    -6229.816551        0.246819
BFGS:   42 16:53:52    -6229.819657        0.217062
BFGS:   43 16:53:52    -6229.821849        0.181090
BFGS:   44 16:53:52    -6229.823558        0.170405
BFGS:   45 16:53:52    -6229.825997        0.163658
BFGS:   46 16:53:52    -6229.830504        0.284775
BFGS:   47 16:53:52    -6229.836316        0.304864
BFGS:   48 16:53:52    -6229.841463        0.244457
BFGS:   49 16:53:52    -6229.845726        0.266016
BFGS:   50 16:53:52    -6229.848491        0.380758
BFGS:   51 16:53:52    -6229.851772        0.199558
BFGS:   52 16:53:52    -6229.854024        0.154220
BFGS:   53 16:53:52    -6229.855398        0.091375
BFGS:   54 16:53:52    -6229.855746        0.070852
BFGS:   55 16:53:52    -6229.856230        0.060674
BFGS:   56 16:53:52    -6229.856682        0.070760
BFGS:   57 16:53:52    -6229.856950        0.077765
BFGS:   58 16:53:52    -6229.857103        0.069566
BFGS:   59 16:53:52    -6229.857255        0.092637
BFGS:   60 16:53:52    -6229.857435        0.050579
BFGS:   61 16:53:52    -6229.857646        0.052328
BFGS:   62 16:53:52    -6229.857816        0.058251
BFGS:   63 16:53:52    -6229.857891        0.057777
BFGS:   64 16:53:52    -6229.857956        0.054638
BFGS:   65 16:53:52    -6229.858054        0.050126
BFGS:   66 16:53:52    -6229.858229        0.062736
BFGS:   67 16:53:53    -6229.858557        0.083777
BFGS:   68 16:53:53    -6229.859131        0.099338
BFGS:   69 16:53:53    -6229.859999        0.095719
BFGS:   70 16:53:53    -6229.861026        0.115890
BFGS:   71 16:53:53    -6229.861911        0.081238
BFGS:   72 16:53:53    -6229.862256        0.064411
BFGS:   73 16:53:53    -6229.862346        0.015462
BFGS:   74 16:53:53    -6229.862370        0.027155
BFGS:   75 16:53:53    -6229.862385        0.007342
BFGS:   76 16:53:53    -6229.862386        0.003198
