MINMODE:METHOD: Dimer
DIM:CONTROL: Search Parameters:
DIM:CONTROL: ------------------
DIM:CONTROL: eigenmode_method = dimer
DIM:CONTROL: f_rot_min = 0.01
DIM:CONTROL: f_rot_max = 0.1
DIM:CONTROL: max_num_rot = 3
DIM:CONTROL: trial_angle = 0.7853981633974483
DIM:CONTROL: trial_trans_step = 0.001
DIM:CONTROL: maximum_translation = 0.1
DIM:CONTROL: cg_translation = True
DIM:CONTROL: use_central_forces = True
DIM:CONTROL: dimer_separation = 0.005
DIM:CONTROL: initial_eigenmode_method = gauss
DIM:CONTROL: extrapolate_forces = True
DIM:CONTROL: displacement_method = gauss
DIM:CONTROL: gauss_std = 0.1
DIM:CONTROL: order = 1
DIM:CONTROL: mask = None
DIM:CONTROL: displacement_center = None
DIM:CONTROL: displacement_radius = None
DIM:CONTROL: number_of_displacement_atoms = None
DIM:CONTROL: ------------------
DIM:ROT: OPT-STEP ROT-STEP CURVATURE ROT-ANGLE ROT-FORCE
DIM:ROT:       0         1  -28.7710   35.0997   26.0453
DIM:ROT:       0         2  -32.9515   11.2189   21.4166
DIM:ROT:       0         3  -33.7601    6.3321    7.6847
DIM:ROT:       1         1  -32.6854    4.1261    7.3521
DIM:ROT:       1         2  -32.8043    2.0709    3.4451
DIM:ROT:       1         3  -32.8402    1.0460    2.1478
DIM:ROT:       2         1  -30.7625    5.5576    5.6466
DIM:ROT:       2         2  -30.8313    1.3867    3.2887
DIM:ROT:       2         3  -30.8473    0.9531    1.1718
DIM:ROT:       3         1  -30.3439    3.6102    5.0879
DIM:ROT:       3         2  -30.4182    1.3858    3.5254
DIM:ROT:       3         3  -30.4484    0.9679    1.9033
DIM:ROT:       4         1  -29.4477    4.2481    5.6909
DIM:ROT:       4         2  -29.5642    1.9086    3.9031
DIM:ROT:       4         3  -29.6086    1.1864    2.2163
DIM:ROT:       5         1  -29.1551    1.0015    1.4574
DIM:ROT:       5         2  -29.1643    0.5129    1.0228
DIM:ROT:       5         3  -29.1674    0.3836    0.5677
DIM:ROT:       6         1  -28.5385    4.4773    4.4270
DIM:ROT:       6         2  -28.5993    1.0092    2.5809
DIM:ROT:       6         3  -28.6109    0.6499    0.9961
DIM:ROT:       7         1  -26.8703    2.5343    3.5546
DIM:ROT:       7         2  -26.9275    1.3613    2.2944
DIM:ROT:       7         3  -26.9500    0.9378    1.2806
DIM:ROT:       8         1  -28.0065    1.3582    1.4143
DIM:ROT:       8         2  -28.0099    0.3178    0.7264
DIM:ROT:       8         3  -28.0108    0.2082    0.2827
DIM:ROT:       9         1  -28.0666    3.0728    3.6851
DIM:ROT:       9         2  -28.0993    1.0543    1.9602
DIM:ROT:       9         3  -28.1068    0.6313    0.8626
DIM:ROT:      10         1  -25.9054    3.0953    3.2153
DIM:ROT:      10         2  -25.9464    1.1860    2.0289
DIM:ROT:      10         3  -25.9583    0.7513    1.0834
DIM:ROT:      11         1  -22.4001    4.3003    3.5091
DIM:ROT:      11         2  -22.4650    1.4401    2.6421
DIM:ROT:      11         3  -22.4841    0.9893    1.2748
DIM:ROT:      12         1  -19.6369    1.5674    2.0982
DIM:ROT:      12         2  -19.6648    0.9219    1.6617
DIM:ROT:      12         3  -19.6780    0.7640    1.0413
DIM:ROT:      13         1  -15.8100    2.2658    2.2518
DIM:ROT:      13         2  -15.8410    1.0239    1.6322
DIM:ROT:      13         3  -15.8528    0.8254    0.9069
DIM:ROT:      14         1  -16.1546    0.9095    1.2718
DIM:ROT:      14         2  -16.1605    0.5322    0.7634
DIM:ROT:      14         3  -16.1637    0.3565    0.5187
DIM:ROT:      15         1  -17.3922    1.8219    2.0956
DIM:ROT:      15         2  -17.3972    0.7045    0.8792
DIM:ROT:      15         3  -17.4004    0.3910    0.5524
DIM:ROT:      16         1  -17.2920    2.4428    2.0872
DIM:ROT:      16         2  -17.2997    0.7150    1.1930
DIM:ROT:      16         3  -17.3044    0.4247    0.6705
DIM:ROT:      17         1  -16.5952    1.9009    1.7729
DIM:ROT:      17         2  -16.6044    0.6855    1.1668
DIM:ROT:      17         3  -16.6079    0.5006    0.5428
DIM:ROT:      18         1  -16.3706    1.3296    1.5061
DIM:ROT:      18         2  -16.3770    0.5621    0.9916
DIM:ROT:      18         3  -16.3803    0.4207    0.5274
DIM:ROT:      19         1  -15.8425    0.6832    1.1048
DIM:ROT:      19         2  -15.8469    0.5096    0.6124
DIM:ROT:      19         3  -15.8492    0.2992    0.4990
DIM:ROT:      20         1  -15.5874    1.2080    1.3407
DIM:ROT:      20         2  -15.5979    0.5926    0.8975
DIM:ROT:      20         3  -15.6003    0.4393    0.4809
DIM:ROT:      21         1  -15.2812    0.9960    1.0783
DIM:ROT:      21         2  -15.2885    0.4602    0.7823
DIM:ROT:      21         3  -15.2905    0.3498    0.4295
DIM:ROT:      22         1  -15.4864    0.4311    0.5454
DIM:ROT:      22         2  -15.4879    0.2458    0.4417
DIM:ROT:      22         3  -15.4889    0.2167    0.2723
DIM:ROT:      23         1  -15.9455    2.4951    1.9209
DIM:ROT:      23         2  -15.9549    0.8045    1.3035
DIM:ROT:      23         3  -15.9596    0.5296    0.6178
DIM:ROT:      24         1  -15.5028    2.4382    1.9368
DIM:ROT:      24         2  -15.5198    0.7831    1.5622
DIM:ROT:      24         3  -15.5271    0.6440    0.7167
DIM:ROT:      25         1  -14.3561    2.7225    2.0274
DIM:ROT:      25         2  -14.3829    0.9299    1.8075
DIM:ROT:      25         3  -14.3939    0.8735    0.7825
DIM:ROT:      26         1  -13.8617    3.2137    2.3436
DIM:ROT:      26         2  -13.9108    1.2824    2.4780
DIM:ROT:      26         3  -13.9373    1.2911    1.1907
DIM:ROT:      27         1  -13.8198    3.7518    3.4053
DIM:ROT:      27         2  -13.9407    2.0354    3.5167
DIM:ROT:      27         3  -14.0112    2.1181    1.9993
DIM:ROT:      28         1  -11.7309    2.1233    3.5392
DIM:ROT:      28         2  -11.7672    1.4358    1.5757
DIM:ROT:      28         3  -11.7886    0.8681    1.4565
DIM:ROT:      29         1   -9.6319    4.9518    5.3951
DIM:ROT:      29         2   -9.8582    3.1207    4.1030
DIM:ROT:      29         3   -9.9805    2.4923    2.8622
DIM:ROT:      30         1  -10.4468    2.3559    2.3826
DIM:ROT:      30         2  -10.5054    1.4270    2.3156
DIM:ROT:      30         3  -10.5421    1.4052    1.4646
DIM:ROT:      31         1  -11.1883    3.0067    2.7473
DIM:ROT:      31         2  -11.2606    1.5899    2.7981
DIM:ROT:      31         3  -11.2993    1.6344    1.5080
DIM:ROT:      32         1  -10.8131    2.2957    2.2649
DIM:ROT:      32         2  -10.8504    1.1961    2.0548
DIM:ROT:      32         3  -10.8741    1.2106    1.1629
DIM:ROT:      33         1   -9.6287    4.9033    3.1117
DIM:ROT:      33         2   -9.6848    1.3252    2.4600
DIM:ROT:      33         3   -9.7037    1.2083    1.0379
DIM:ROT:      34         1   -8.3648    4.4750    3.3309
DIM:ROT:      34         2   -8.4315    1.3709    2.5944
DIM:ROT:      34         3   -8.4564    1.3556    1.0854
DIM:ROT:      35         1   -8.0935    2.2306    1.9438
DIM:ROT:      35         2   -8.1194    0.8439    1.5289
DIM:ROT:      35         3   -8.1277    0.7995    0.6963
DIM:ROT:      36         1   -7.6631    1.7024    1.7173
DIM:ROT:      36         2   -7.6802    0.7261    1.2262
DIM:ROT:      36         3   -7.6870    0.6405    0.6210
DIM:ROT:      37         1   -7.5023    0.9877    0.7801
DIM:ROT:      37         2   -7.5074    0.3910    0.6738
DIM:ROT:      37         3   -7.5090    0.3958    0.3328
DIM:ROT:      38         1   -7.3421    0.9194    1.0214
DIM:ROT:      38         2   -7.3484    0.5700    0.8041
DIM:ROT:      38         3   -7.3528    0.5033    0.5556
DIM:ROT:      39         1   -6.9004    1.6769    0.9784
DIM:ROT:      39         2   -6.9071    0.4919    0.7892
DIM:ROT:      39         3   -6.9095    0.4332    0.4058
DIM:ROT:      40         1   -6.3175    1.2849    1.0578
DIM:ROT:      40         2   -6.3258    0.4654    0.8301
DIM:ROT:      40         3   -6.3286    0.4917    0.3879
DIM:ROT:      41         1   -5.7711    1.5036    1.0306
DIM:ROT:      41         2   -5.7793    0.4128    0.6865
DIM:ROT:      41         3   -5.7809    0.3915    0.3343
DIM:ROT:      42         1   -5.7171    0.5071    0.5360
DIM:ROT:      42         2   -5.7199    0.3266    0.4467
DIM:ROT:      42         3   -5.7214    0.3001    0.3209
DIM:ROT:      43         1   -5.9661    1.7982    0.9876
DIM:ROT:      43         2   -5.9826    0.4982    0.7946
DIM:ROT:      43         3   -5.9854    0.4816    0.4317
DIM:ROT:      44         1   -5.9759    1.0311    0.7623
DIM:ROT:      44         2   -5.9846    0.5018    0.8135
DIM:ROT:      44         3   -5.9891    0.5684    0.4611
DIM:ROT:      45         1   -5.5501    0.9178    0.8630
DIM:ROT:      45         2   -5.5557    0.4773    0.7494
DIM:ROT:      45         3   -5.5584    0.4728    0.4320
DIM:ROT:      46         1   -4.4924    2.8572    1.9091
DIM:ROT:      46         2   -4.5109    0.5234    0.9389
DIM:ROT:      46         3   -4.5144    0.5683    0.4066
DIM:ROT:      47         1   -4.1208    0.8712    0.8039
DIM:ROT:      47         2   -4.1271    0.4104    0.6621
DIM:ROT:      47         3   -4.1295    0.4407    0.3594
DIM:ROT:      48         1   -3.9711    0.5088    0.6428
DIM:ROT:      48         2   -3.9742    0.4068    0.4094
DIM:ROT:      48         3   -3.9763    0.3114    0.3862
DIM:ROT:      49         1   -3.7100    0.6260    0.6187
DIM:ROT:      49         2   -3.7136    0.4255    0.5239
DIM:ROT:      49         3   -3.7160    0.3920    0.4093
DIM:ROT:      50         1   -2.8832    2.8246    2.0583
DIM:ROT:      50         2   -2.9069    0.6989    0.9064
DIM:ROT:      50         3   -2.9138    0.7156    0.5836
DIM:ROT:      51         1   -2.2815    2.5282    2.0059
DIM:ROT:      51         2   -2.3075    0.8186    1.1114
DIM:ROT:      51         3   -2.3185    0.8593    0.7840
DIM:ROT:      52         1   -2.3064    0.7788    0.8717
DIM:ROT:      52         2   -2.3147    0.6707    0.7553
DIM:ROT:      52         3   -2.3222    0.6238    0.6959
DIM:ROT:      53         1   -2.4813    1.0912    1.0868
DIM:ROT:      53         2   -2.4916    0.5589    0.8110
DIM:ROT:      53         3   -2.4968    0.6077    0.5161
DIM:ROT:      54         1   -2.3611    0.7372    0.8128
DIM:ROT:      54         2   -2.3680    0.5814    0.6726
DIM:ROT:      54         3   -2.3735    0.5393    0.5955
DIM:ROT:      55         1   -2.1466    1.4063    1.2207
DIM:ROT:      55         2   -2.1627    0.7760    0.9788
DIM:ROT:      55         3   -2.1720    0.7700    0.7280
DIM:ROT:      56         1   -2.1486    0.8372    0.8209
DIM:ROT:      56         2   -2.1571    0.6336    0.8271
DIM:ROT:      56         3   -2.1648    0.6737    0.6568
DIM:ROT:      57         1   -2.2383    0.5510    0.7917
DIM:ROT:      57         2   -2.2431    0.5149    0.4935
DIM:ROT:      57         3   -2.2462    0.3823    0.5011
DIM:ROT:      58         1   -2.2981    0.5159    0.4913
DIM:ROT:      58         2   -2.3009    0.3318    0.4367
DIM:ROT:      58         3   -2.3031    0.3596    0.3394
DIM:ROT:      59         1   -2.2112    0.4360    0.4872
DIM:ROT:      59         2   -2.2141    0.3775    0.4322
DIM:ROT:      59         3   -2.2163    0.3507    0.3873
DIM:ROT:      60         1   -2.1316    0.5402    0.5372
DIM:ROT:      60         2   -2.1352    0.3749    0.4743
DIM:ROT:      60         3   -2.1379    0.3909    0.3897
DIM:ROT:      61         1   -2.1833    0.4260    0.5083
DIM:ROT:      61         2   -2.1860    0.3509    0.3901
DIM:ROT:      61         3   -2.1878    0.3189    0.3555
DIM:ROT:      62         1   -2.2555    0.7067    0.6640
DIM:ROT:      62         2   -2.2602    0.3182    0.4710
DIM:ROT:      62         3   -2.2622    0.3721    0.3015
DIM:ROT:      63         1   -2.3625    0.5195    0.5065
DIM:ROT:      63         2   -2.3659    0.3049    0.4311
DIM:ROT:      63         3   -2.3675    0.3284    0.2964
DIM:ROT:      64         1   -2.3364    0.4498    0.5446
DIM:ROT:      64         2   -2.3393    0.4140    0.4056
DIM:ROT:      64         3   -2.3417    0.3417    0.4191
DIM:ROT:      65         1   -2.2729    0.5156    0.5170
DIM:ROT:      65         2   -2.2764    0.4270    0.4940
DIM:ROT:      65         3   -2.2792    0.4061    0.4310
DIM:ROT:      66         1   -2.3804    0.5254    0.4974
DIM:ROT:      66         2   -2.3839    0.3426    0.4784
DIM:ROT:      66         3   -2.3863    0.3908    0.3543
DIM:ROT:      67         1   -2.4767    0.4876    0.5462
DIM:ROT:      67         2   -2.4802    0.3242    0.4289
DIM:ROT:      67         3   -2.4820    0.3120    0.3194
DIM:ROT:      68         1   -2.5077    0.3140    0.3872
DIM:ROT:      68         2   -2.5093    0.2722    0.2962
DIM:ROT:      68         3   -2.5105    0.2326    0.2823
DIM:ROT:      69         1   -2.4313    0.5710    0.4767
DIM:ROT:      69         2   -2.4342    0.2544    0.3725
DIM:ROT:      69         3   -2.4353    0.2897    0.2396
DIM:ROT:      70         1   -2.3172    0.6314    0.5336
DIM:ROT:      70         2   -2.3207    0.2715    0.4155
DIM:ROT:      70         3   -2.3222    0.3327    0.2630
DIM:ROT:      71         1   -2.2744    0.5101    0.5338
DIM:ROT:      71         2   -2.2774    0.3056    0.4143
DIM:ROT:      71         3   -2.2789    0.2997    0.2995
DIM:ROT:      72         1   -2.2870    0.3553    0.3783
DIM:ROT:      72         2   -2.2885    0.2543    0.3129
DIM:ROT:      72         3   -2.2896    0.2430    0.2600
DIM:ROT:      73         1   -2.2599    0.3475    0.3891
DIM:ROT:      73         2   -2.2615    0.2668    0.3046
DIM:ROT:      73         3   -2.2625    0.2313    0.2675
DIM:ROT:      74         1   -2.2459    0.4239    0.3953
DIM:ROT:      74         2   -2.2478    0.2434    0.3155
DIM:ROT:      74         3   -2.2488    0.2421    0.2378
DIM:ROT:      75         1   -2.2408    0.4024    0.3697
DIM:ROT:      75         2   -2.2425    0.2144    0.2992
DIM:ROT:      75         3   -2.2433    0.2288    0.2090
DIM:ROT:      76         1   -2.2505    0.2138    0.2561
DIM:ROT:      76         2   -2.2511    0.1976    0.2120
DIM:ROT:      76         3   -2.2517    0.1705    0.2063
DIM:ROT:      77         1   -2.3397    0.2795    0.3474
DIM:ROT:      77         2   -2.3407    0.2155    0.2078
DIM:ROT:      77         3   -2.3413    0.1590    0.1977
DIM:ROT:      78         1   -2.4040    0.3404    0.3485
DIM:ROT:      78         2   -2.4052    0.2715    0.2582
DIM:ROT:      78         3   -2.4061    0.2279    0.2456
DIM:ROT:      79         1   -2.3447    0.8539    0.7183
DIM:ROT:      79         2   -2.3493    0.3346    0.3679
DIM:ROT:      79         3   -2.3507    0.2840    0.3119
DIM:ROT:      80         1   -2.3390    0.4171    0.3330
DIM:ROT:      80         2   -2.3407    0.2443    0.3478
DIM:ROT:      80         3   -2.3419    0.2867    0.2421
DIM:ROT:      81         1   -2.4290    0.3706    0.5361
DIM:ROT:      81         2   -2.4309    0.3348    0.2837
DIM:ROT:      81         3   -2.4322    0.2308    0.3155
DIM:ROT:      82         1   -2.4249    0.3518    0.3590
DIM:ROT:      82         2   -2.4264    0.3279    0.2966
DIM:ROT:      82         3   -2.4279    0.2767    0.3010
DIM:ROT:      83         1   -2.3943    0.4865    0.4349
DIM:ROT:      83         2   -2.3966    0.2735    0.3429
DIM:ROT:      83         3   -2.3979    0.2842    0.2751
DIM:ROT:      84         1   -2.3379    0.4544    0.4470
DIM:ROT:      84         2   -2.3403    0.3800    0.3606
DIM:ROT:      84         3   -2.3422    0.3272    0.3534
DIM:ROT:      85         1   -2.3011    0.6853    0.9082
DIM:ROT:      85         2   -2.3076    0.6757    0.5277
DIM:ROT:      85         3   -2.3127    0.4655    0.6277
DIM:ROT:      86         1   -2.2368    1.1212    1.0910
DIM:ROT:      86         2   -2.2530    1.0611    0.8630
DIM:ROT:      86         3   -2.2667    0.8866    0.8846
DIM:ROT:      87         1   -2.0742    2.1470    1.0362
DIM:ROT:      87         2   -2.1041    1.1514    1.5073
DIM:ROT:      87         3   -2.1255    1.3567    0.8992
DIM:ROT:      88         1   -1.7893    1.7348    1.4260
DIM:ROT:      88         2   -1.8198    1.2051    1.3929
DIM:ROT:      88         3   -1.8447    1.2107    1.1780
DIM:ROT:      89         1   -1.5367    1.4264    1.9338
DIM:ROT:      89         2   -1.5683    1.4967    1.1756
DIM:ROT:      89         3   -1.5934    1.0536    1.4014
DIM:ROT:      90         1   -1.5603    2.0779    1.7001
DIM:ROT:      90         2   -1.5958    1.4478    1.2923
DIM:ROT:      90         3   -1.6216    1.1398    1.2852
DIM:ROT:      91         1   -1.3040    1.7608    1.4760
DIM:ROT:      91         2   -1.3374    1.2240    1.4837
DIM:ROT:      91         3   -1.3623    1.2560    1.1741
DIM:ROT:      92         1   -1.0684    1.2353    1.4584
DIM:ROT:      92         2   -1.0898    1.1600    1.0809
DIM:ROT:      92         3   -1.1084    0.9456    1.1170
DIM:ROT:      93         1   -1.1296    0.9415    0.9447
DIM:ROT:      93         2   -1.1432    0.8356    0.9280
DIM:ROT:      93         3   -1.1541    0.8091    0.8178
DIM:ROT:      94         1   -0.9891    0.7725    0.9038
DIM:ROT:      94         2   -0.9989    0.7768    0.7390
DIM:ROT:      94         3   -1.0080    0.6619    0.7745
DIM:ROT:      95         1   -0.8483    1.1034    0.8223
DIM:ROT:      95         2   -0.8606    0.7574    0.9454
DIM:ROT:      95         3   -0.8704    0.8434    0.6857
DIM:ROT:      96         1   -0.7557    0.7008    0.8671
DIM:ROT:      96         2   -0.7637    0.7264    0.6397
DIM:ROT:      96         3   -0.7709    0.5768    0.7112
DIM:ROT:      97         1   -0.7608    0.6750    0.6118
DIM:ROT:      97         2   -0.7667    0.5302    0.6451
DIM:ROT:      97         3   -0.7715    0.5589    0.5242
DIM:ROT:      98         1   -0.7093    0.7184    0.5146
DIM:ROT:      98         2   -0.7146    0.4715    0.6557
DIM:ROT:      98         3   -0.7194    0.6125    0.4458
DIM:ROT:      99         1   -0.7221    0.4470    0.6545
DIM:ROT:      99         2   -0.7265    0.6195    0.4166
DIM:ROT:      99         3   -0.7303    0.3910    0.5714
DIM:ROT:     100         1   -0.7246    1.1727    0.3503
DIM:ROT:     100         2   -0.7300    0.4773    0.6647
DIM:ROT:     100         3   -0.7334    0.6682    0.2961
DIM:ROT:     101         1   -0.7120    0.3714    0.5066
DIM:ROT:     101         2   -0.7146    0.4759    0.3104
DIM:ROT:     101         3   -0.7167    0.3050    0.4247
DIM:ROT:     102         1   -0.7107    0.7377    0.3149
DIM:ROT:     102         2   -0.7142    0.3695    0.5273
DIM:ROT:     102         3   -0.7168    0.5425    0.2767
DIM:ROT:     103         1   -0.7285    0.4351    0.3898
DIM:ROT:     103         2   -0.7312    0.3609    0.4060
DIM:ROT:     103         3   -0.7334    0.3767    0.3466
DIM:ROT:     104         1   -0.7136    0.3651    0.4773
DIM:ROT:     104         2   -0.7160    0.4251    0.3284
DIM:ROT:     104         3   -0.7182    0.3106    0.4053
DIM:ROT:     105         1   -0.6780    0.5717    0.3085
DIM:ROT:     105         2   -0.6807    0.3208    0.4757
DIM:ROT:     105         3   -0.6829    0.4758    0.2721
DIM:ROT:     106         1   -0.6877    0.2996    0.4395
DIM:ROT:     106         2   -0.6896    0.4267    0.2629
DIM:ROT:     106         3   -0.6914    0.2625    0.3832
DIM:ROT:     107         1   -0.6388    0.4123    0.3195
DIM:ROT:     107         2   -0.6406    0.3236    0.2912
DIM:ROT:     107         3   -0.6419    0.2631    0.2786
DIM:ROT:     108         1   -0.6509    0.2586    0.3042
DIM:ROT:     108         2   -0.6519    0.2748    0.2520
DIM:ROT:     108         3   -0.6531    0.2343    0.2744
DIM:ROT:     109         1   -0.6374    0.3386    0.2496
DIM:ROT:     109         2   -0.6387    0.2349    0.3070
DIM:ROT:     109         3   -0.6397    0.2877    0.2172
DIM:ROT:     110         1   -0.6517    0.2496    0.3779
DIM:ROT:     110         2   -0.6528    0.3461    0.2058
DIM:ROT:     110         3   -0.6540    0.2059    0.3035
DIM:ROT:     111         1   -0.6915    0.4646    0.2298
DIM:ROT:     111         2   -0.6929    0.2341    0.3400
DIM:ROT:     111         3   -0.6938    0.2976    0.1938
DIM:ROT:     112         1   -0.7380    0.3153    0.3153
DIM:ROT:     112         2   -0.7393    0.2642    0.2897
DIM:ROT:     112         3   -0.7405    0.2559    0.2622
DIM:ROT:     113         1   -0.7727    0.2797    0.3229
DIM:ROT:     113         2   -0.7741    0.2760    0.2713
DIM:ROT:     113         3   -0.7751    0.2366    0.2731
DIM:ROT:     114         1   -0.7790    0.3516    0.2349
DIM:ROT:     114         2   -0.7803    0.2201    0.3156
DIM:ROT:     114         3   -0.7813    0.2993    0.2051
DIM:ROT:     115         1   -0.8098    0.2431    0.3428
DIM:ROT:     115         2   -0.8111    0.3148    0.2244
DIM:ROT:     115         3   -0.8122    0.2112    0.2972
DIM:ROT:     116         1   -0.8406    0.5700    0.2278
DIM:ROT:     116         2   -0.8426    0.2664    0.3547
DIM:ROT:     116         3   -0.8436    0.2732    0.2014
DIM:ROT:     117         1   -0.8677    0.2353    0.2937
DIM:ROT:     117         2   -0.8688    0.2657    0.2313
DIM:ROT:     117         3   -0.8697    0.2088    0.2612
DIM:ROT:     118         1   -0.8850    0.2563    0.2413
DIM:ROT:     118         2   -0.8860    0.2167    0.2381
DIM:ROT:     118         3   -0.8868    0.2181    0.2136
DIM:ROT:     119         1   -0.8998    0.2352    0.2526
DIM:ROT:     119         2   -0.9006    0.2166    0.2145
DIM:ROT:     119         3   -0.9013    0.1922    0.2139
DIM:ROT:     120         1   -0.9005    0.2281    0.1817
DIM:ROT:     120         2   -0.9012    0.1647    0.2164
DIM:ROT:     120         3   -0.9017    0.1999    0.1620
DIM:ROT:     121         1   -0.9088    0.1627    0.2051
DIM:ROT:     121         2   -0.9093    0.1833    0.1576
DIM:ROT:     121         3   -0.9097    0.1424    0.1800
DIM:ROT:     122         1   -0.8938    0.1884    0.1663
DIM:ROT:     122         2   -0.8943    0.1474    0.1718
DIM:ROT:     122         3   -0.8947    0.1555    0.1462
DIM:ROT:     123         1   -0.8996    0.1241    0.1566
DIM:ROT:     123         2   -0.8999    0.1410    0.1229
DIM:ROT:     123         3   -0.9001    0.1108    0.1395
DIM:ROT:     124         1   -0.8936    0.1316    0.0980
DIM:ROT:     125         1   -0.8826    0.1084    0.1245
DIM:ROT:     125         2   -0.8828    0.1010    0.1025
DIM:ROT:     125         3   -0.8829    0.0869    0.0987
DIM:ROT:     126         1   -0.8712    0.0796    0.0833
DIM:ROT:     127         1   -0.8732    0.1096    0.0771
DIM:ROT:     128         1   -0.8585    0.0856    0.1176
DIM:ROT:     128         2   -0.8586    0.0980    0.0747
DIM:ROT:     129         1   -0.8578    0.1008    0.1675
DIM:ROT:     129         2   -0.8580    0.1437    0.0755
DIM:ROT:     130         1   -0.8454    0.0919    0.1524
DIM:ROT:     130         2   -0.8456    0.1420    0.0714
DIM:ROT:     131         1   -0.8302    0.1090    0.1853
DIM:ROT:     131         2   -0.8305    0.1755    0.0786
DIM:ROT:     132         1   -0.8147    0.1426    0.2496
DIM:ROT:     132         2   -0.8150    0.1704    0.0887
DIM:ROT:     133         1   -0.7963    0.1287    0.2174
DIM:ROT:     133         2   -0.7966    0.1736    0.0892
DIM:ROT:     134         1   -0.7937    0.1475    0.2678
DIM:ROT:     134         2   -0.7940    0.2292    0.0877
DIM:ROT:     135         1   -0.7949    0.1163    0.2078
DIM:ROT:     135         2   -0.7952    0.2283    0.0775
DIM:ROT:     136         1   -0.7939    0.1130    0.2056
DIM:ROT:     136         2   -0.7941    0.1705    0.0671
DIM:ROT:     137         1   -0.7943    0.0787    0.1372
DIM:ROT:     137         2   -0.7945    0.1417    0.0552
DIM:ROT:     138         1   -0.7874    0.0820    0.1483
DIM:ROT:     138         2   -0.7875    0.1323    0.0482
DIM:ROT:     139         1   -0.7887    0.0751    0.1286
DIM:ROT:     139         2   -0.7889    0.1176    0.0521
DIM:ROT:     140         1   -0.7834    0.0841    0.1513
DIM:ROT:     140         2   -0.7835    0.1277    0.0493
DIM:ROT:     141         1   -0.7648    0.1411    0.2461
DIM:ROT:     141         2   -0.7651    0.1687    0.0873
DIM:ROT:     142         1   -0.7502    0.1295    0.2172
DIM:ROT:     142         2   -0.7505    0.1734    0.0918
DIM:ROT:     143         1   -0.7392    0.1563    0.2431
DIM:ROT:     143         2   -0.7396    0.2057    0.1250
DIM:ROT:     143         3   -0.7399    0.1114    0.1701
DIM:ROT:     144         1   -0.7350    0.2827    0.2755
DIM:ROT:     144         2   -0.7360    0.2212    0.2233
DIM:ROT:     144         3   -0.7366    0.1898    0.1990
DIM:ROT:     145         1   -0.7086    0.3770    0.2400
DIM:ROT:     145         2   -0.7097    0.2154    0.2757
DIM:ROT:     145         3   -0.7103    0.2226    0.1892
DIM:ROT:     146         1   -0.7012    0.3831    0.3534
DIM:ROT:     146         2   -0.7029    0.2904    0.3357
DIM:ROT:     146         3   -0.7043    0.2852    0.2707
DIM:ROT:     147         1   -0.7315    0.5602    0.3685
DIM:ROT:     147         2   -0.7341    0.3184    0.4548
DIM:ROT:     147         3   -0.7359    0.3899    0.2843
DIM:ROT:     148         1   -0.7363    0.4142    0.3769
DIM:ROT:     148         2   -0.7384    0.3154    0.3724
DIM:ROT:     148         3   -0.7402    0.3289    0.3083
DIM:ROT:     149         1   -0.7789    0.3262    0.4149
DIM:ROT:     149         2   -0.7809    0.3643    0.3191
DIM:ROT:     149         3   -0.7826    0.2825    0.3569
DIM:ROT:     150         1   -0.8497    1.1986    0.3478
DIM:ROT:     150         2   -0.8549    0.4186    0.6540
DIM:ROT:     150         3   -0.8574    0.5146    0.2781
DIM:ROT:     151         1   -0.9552    0.4761    0.6276
DIM:ROT:     151         2   -0.9592    0.5340    0.4264
DIM:ROT:     151         3   -0.9626    0.3923    0.5109
DIM:ROT:     152         1   -1.0303    1.0048    0.4244
DIM:ROT:     152         2   -1.0365    0.4675    0.7485
DIM:ROT:     152         3   -1.0414    0.7563    0.3646
DIM:ROT:     153         1   -1.0960    0.4577    0.7179
DIM:ROT:     153         2   -1.1008    0.7037    0.3845
DIM:ROT:     153         3   -1.1049    0.3922    0.6061
DIM:ROT:     154         1   -1.1506    0.9220    0.4716
DIM:ROT:     154         2   -1.1560    0.5048    0.5945
DIM:ROT:     154         3   -1.1598    0.4917    0.4223
DIM:ROT:     155         1   -1.1970    0.6478    0.6612
DIM:ROT:     155         2   -1.2019    0.5170    0.4981
DIM:ROT:     155         3   -1.2057    0.4502    0.4981
DIM:ROT:     156         1   -1.2227    0.6674    0.6941
DIM:ROT:     156         2   -1.2274    0.5117    0.5033
DIM:ROT:     156         3   -1.2314    0.4532    0.5058
DIM:ROT:     157         1   -1.3206    0.6420    0.6331
DIM:ROT:     157         2   -1.3257    0.5298    0.5443
DIM:ROT:     157         3   -1.3299    0.4834    0.5128
DIM:ROT:     158         1   -1.3744    0.7175    0.7770
DIM:ROT:     158         2   -1.3798    0.5628    0.5434
DIM:ROT:     158         3   -1.3845    0.4897    0.5512
DIM:ROT:     159         1   -1.3862    0.7712    0.6886
DIM:ROT:     159         2   -1.3920    0.5646    0.5505
DIM:ROT:     159         3   -1.3964    0.4846    0.5180
DIM:ROT:     160         1   -1.5108    0.7722    0.9652
DIM:ROT:     160         2   -1.5162    0.6180    0.5550
DIM:ROT:     160         3   -1.5209    0.4649    0.5704
