MinModeTranslate: STEP      TIME          ENERGY    MAX-FORCE     STEPSIZE    CURVATURE  ROT-STEPS
MinModeTranslate:    0  17:23:45   -12455.519617       3.1570     --------   -33.760067          3
MinModeTranslate:    0  17:23:45   -12455.519617       3.1570     0.100000   -33.760067          3
MinModeTranslate:    1  17:23:45   -12455.930294       1.9818     --------   -32.840201          3
MinModeTranslate:    1  17:23:45   -12455.930294       1.9818     0.100000   -32.840201          3
MinModeTranslate:    2  17:23:45   -12456.233886       1.8101     --------   -30.847340          3
MinModeTranslate:    2  17:23:45   -12456.233886       1.8101     0.100000   -30.847340          3
MinModeTranslate:    3  17:23:45   -12456.409711       3.4443     --------   -30.448440          3
MinModeTranslate:    3  17:23:45   -12456.409711       3.4443     0.100000   -30.448440          3
MinModeTranslate:    4  17:23:45   -12456.616756       1.9717     --------   -29.608591          3
MinModeTranslate:    4  17:23:45   -12456.616756       1.9717     0.031585   -29.608591          3
MinModeTranslate:    5  17:23:45   -12456.669962       0.9340     --------   -29.167450          3
MinModeTranslate:    5  17:23:45   -12456.669962       0.9340     0.095508   -29.167450          3
MinModeTranslate:    6  17:23:45   -12456.748908       1.5614     --------   -28.610854          3
MinModeTranslate:    6  17:23:45   -12456.748908       1.5614     0.100000   -28.610854          3
MinModeTranslate:    7  17:23:45   -12456.857425       0.7763     --------   -26.949965          3
MinModeTranslate:    7  17:23:45   -12456.857425       0.7763     0.032510   -26.949965          3
MinModeTranslate:    8  17:23:45   -12456.873315       0.5048     --------   -28.010817          3
MinModeTranslate:    8  17:23:45   -12456.873315       0.5048     0.054824   -28.010817          3
MinModeTranslate:    9  17:23:45   -12456.901591       0.9363     --------   -28.106789          3
MinModeTranslate:    9  17:23:45   -12456.901591       0.9363     0.067167   -28.106789          3
MinModeTranslate:   10  17:23:46   -12456.951223       0.6815     --------   -25.958336          3
MinModeTranslate:   10  17:23:46   -12456.951223       0.6815     0.100000   -25.958336          3
MinModeTranslate:   11  17:23:46   -12456.999864       0.5736     --------   -22.484120          3
MinModeTranslate:   11  17:23:46   -12456.999864       0.5736     0.081599   -22.484120          3
MinModeTranslate:   12  17:23:46   -12457.029583       0.6648     --------   -19.677989          3
MinModeTranslate:   12  17:23:46   -12457.029583       0.6648     0.100000   -19.677989          3
MinModeTranslate:   13  17:23:46   -12457.072233       0.6054     --------   -15.852758          3
MinModeTranslate:   13  17:23:46   -12457.072233       0.6054     0.041790   -15.852758          3
MinModeTranslate:   14  17:23:46   -12457.090020       0.4124     --------   -16.163675          3
MinModeTranslate:   14  17:23:46   -12457.090020       0.4124     0.052532   -16.163675          3
MinModeTranslate:   15  17:23:46   -12457.093960       0.6269     --------   -17.400389          3
MinModeTranslate:   15  17:23:46   -12457.093960       0.6269     0.038189   -17.400389          3
MinModeTranslate:   16  17:23:46   -12457.102290       0.3217     --------   -17.304418          3
MinModeTranslate:   16  17:23:46   -12457.102290       0.3217     0.033169   -17.304418          3
MinModeTranslate:   17  17:23:46   -12457.112503       0.2902     --------   -16.607897          3
MinModeTranslate:   17  17:23:46   -12457.112503       0.2902     0.045481   -16.607897          3
MinModeTranslate:   18  17:23:46   -12457.123384       0.3223     --------   -16.380282          3
MinModeTranslate:   18  17:23:46   -12457.123384       0.3223     0.052869   -16.380282          3
MinModeTranslate:   19  17:23:46   -12457.130201       0.2980     --------   -15.849176          3
MinModeTranslate:   19  17:23:46   -12457.130201       0.2980     0.062562   -15.849176          3
MinModeTranslate:   20  17:23:46   -12457.137878       0.3716     --------   -15.600332          3
MinModeTranslate:   20  17:23:46   -12457.137878       0.3716     0.045510   -15.600332          3
MinModeTranslate:   21  17:23:46   -12457.145310       0.1687     --------   -15.290547          3
MinModeTranslate:   21  17:23:46   -12457.145310       0.1687     0.029527   -15.290547          3
MinModeTranslate:   22  17:23:46   -12457.148965       0.2498     --------   -15.488865          3
MinModeTranslate:   22  17:23:46   -12457.148965       0.2498     0.088726   -15.488865          3
MinModeTranslate:   23  17:23:47   -12457.158389       0.3859     --------   -15.959616          3
MinModeTranslate:   23  17:23:47   -12457.158389       0.3859     0.087802   -15.959616          3
MinModeTranslate:   24  17:23:47   -12457.168700       0.3458     --------   -15.527129          3
MinModeTranslate:   24  17:23:47   -12457.168700       0.3458     0.100000   -15.527129          3
MinModeTranslate:   25  17:23:47   -12457.182629       0.3652     --------   -14.393879          3
MinModeTranslate:   25  17:23:47   -12457.182629       0.3652     0.100000   -14.393879          3
MinModeTranslate:   26  17:23:47   -12457.200376       0.3427     --------   -13.937258          3
MinModeTranslate:   26  17:23:47   -12457.200376       0.3427     0.100000   -13.937258          3
MinModeTranslate:   27  17:23:47   -12457.221485       0.3799     --------   -14.011191          3
MinModeTranslate:   27  17:23:47   -12457.221485       0.3799     0.100000   -14.011191          3
MinModeTranslate:   28  17:23:47   -12457.247698       0.5109     --------   -11.788609          3
MinModeTranslate:   28  17:23:47   -12457.247698       0.5109     0.100000   -11.788609          3
MinModeTranslate:   29  17:23:47   -12457.275584       0.3933     --------    -9.980523          3
MinModeTranslate:   29  17:23:47   -12457.275584       0.3933     0.046166    -9.980523          3
MinModeTranslate:   30  17:23:47   -12457.288476       0.5252     --------   -10.542102          3
MinModeTranslate:   30  17:23:47   -12457.288476       0.5252     0.100000   -10.542102          3
MinModeTranslate:   31  17:23:47   -12457.307930       0.4509     --------   -11.299298          3
MinModeTranslate:   31  17:23:47   -12457.307930       0.4509     0.029144   -11.299298          3
MinModeTranslate:   32  17:23:47   -12457.316655       0.2973     --------   -10.874089          3
MinModeTranslate:   32  17:23:47   -12457.316655       0.2973     0.027296   -10.874089          3
MinModeTranslate:   33  17:23:47   -12457.318933       0.2736     --------    -9.703696          3
MinModeTranslate:   33  17:23:47   -12457.318933       0.2736     0.023426    -9.703696          3
MinModeTranslate:   34  17:23:47   -12457.320940       0.2140     --------    -8.456438          3
MinModeTranslate:   34  17:23:47   -12457.320940       0.2140     0.015319    -8.456438          3
MinModeTranslate:   35  17:23:48   -12457.322384       0.1504     --------    -8.127669          3
MinModeTranslate:   35  17:23:48   -12457.322384       0.1504     0.022340    -8.127669          3
MinModeTranslate:   36  17:23:48   -12457.325248       0.1442     --------    -7.686984          3
MinModeTranslate:   36  17:23:48   -12457.325248       0.1442     0.017655    -7.686984          3
MinModeTranslate:   37  17:23:48   -12457.327561       0.1421     --------    -7.509025          3
MinModeTranslate:   37  17:23:48   -12457.327561       0.1421     0.037879    -7.509025          3
MinModeTranslate:   38  17:23:48   -12457.331823       0.2544     --------    -7.352799          3
MinModeTranslate:   38  17:23:48   -12457.331823       0.2544     0.035028    -7.352799          3
MinModeTranslate:   39  17:23:48   -12457.334932       0.1975     --------    -6.909538          3
MinModeTranslate:   39  17:23:48   -12457.334932       0.1975     0.032748    -6.909538          3
MinModeTranslate:   40  17:23:48   -12457.337019       0.1948     --------    -6.328627          3
MinModeTranslate:   40  17:23:48   -12457.337019       0.1948     0.040595    -6.328627          3
MinModeTranslate:   41  17:23:48   -12457.338995       0.1350     --------    -5.780932          3
MinModeTranslate:   41  17:23:48   -12457.338995       0.1350     0.023932    -5.780932          3
MinModeTranslate:   42  17:23:48   -12457.340360       0.1651     --------    -5.721441          3
MinModeTranslate:   42  17:23:48   -12457.340360       0.1651     0.033473    -5.721441          3
MinModeTranslate:   43  17:23:48   -12457.342574       0.1312     --------    -5.985404          3
MinModeTranslate:   43  17:23:48   -12457.342574       0.1312     0.039706    -5.985404          3
MinModeTranslate:   44  17:23:48   -12457.345443       0.2229     --------    -5.989114          3
MinModeTranslate:   44  17:23:48   -12457.345443       0.2229     0.042267    -5.989114          3
MinModeTranslate:   45  17:23:48   -12457.348504       0.1814     --------    -5.558407          3
MinModeTranslate:   45  17:23:48   -12457.348504       0.1814     0.059834    -5.558407          3
MinModeTranslate:   46  17:23:48   -12457.352366       0.1971     --------    -4.514417          3
MinModeTranslate:   46  17:23:48   -12457.352366       0.1971     0.040968    -4.514417          3
MinModeTranslate:   47  17:23:48   -12457.354372       0.1486     --------    -4.129473          3
MinModeTranslate:   47  17:23:49   -12457.354372       0.1486     0.063894    -4.129473          3
MinModeTranslate:   48  17:23:49   -12457.357217       0.2447     --------    -3.976250          3
MinModeTranslate:   48  17:23:49   -12457.357217       0.2447     0.069242    -3.976250          3
MinModeTranslate:   49  17:23:49   -12457.359732       0.1854     --------    -3.715988          3
MinModeTranslate:   49  17:23:49   -12457.359732       0.1854     0.053436    -3.715988          3
MinModeTranslate:   50  17:23:49   -12457.362213       0.1828     --------    -2.913757          3
MinModeTranslate:   50  17:23:49   -12457.362213       0.1828     0.049764    -2.913757          3
MinModeTranslate:   51  17:23:49   -12457.364405       0.2075     --------    -2.318530          3
MinModeTranslate:   51  17:23:49   -12457.364405       0.2075     0.047260    -2.318530          3
MinModeTranslate:   52  17:23:49   -12457.366567       0.2571     --------    -2.322200          3
MinModeTranslate:   52  17:23:49   -12457.366567       0.2571     0.043397    -2.322200          3
MinModeTranslate:   53  17:23:49   -12457.368967       0.1354     --------    -2.496786          3
MinModeTranslate:   53  17:23:49   -12457.368967       0.1354     0.034641    -2.496786          3
MinModeTranslate:   54  17:23:49   -12457.370625       0.1608     --------    -2.373548          3
MinModeTranslate:   54  17:23:49   -12457.370625       0.1608     0.048251    -2.373548          3
MinModeTranslate:   55  17:23:49   -12457.373012       0.1056     --------    -2.171993          3
MinModeTranslate:   55  17:23:49   -12457.373012       0.1056     0.033419    -2.171993          3
MinModeTranslate:   56  17:23:49   -12457.374645       0.1133     --------    -2.164756          3
MinModeTranslate:   56  17:23:49   -12457.374645       0.1133     0.029117    -2.164756          3
MinModeTranslate:   57  17:23:49   -12457.376013       0.1129     --------    -2.246214          3
MinModeTranslate:   57  17:23:49   -12457.376013       0.1129     0.031066    -2.246214          3
MinModeTranslate:   58  17:23:49   -12457.377363       0.1270     --------    -2.303062          3
MinModeTranslate:   58  17:23:49   -12457.377363       0.1270     0.030045    -2.303062          3
MinModeTranslate:   59  17:23:49   -12457.378515       0.1217     --------    -2.216283          3
MinModeTranslate:   59  17:23:50   -12457.378515       0.1217     0.042223    -2.216283          3
MinModeTranslate:   60  17:23:50   -12457.380029       0.1831     --------    -2.137860          3
MinModeTranslate:   60  17:23:50   -12457.380029       0.1831     0.046097    -2.137860          3
MinModeTranslate:   61  17:23:50   -12457.381710       0.1331     --------    -2.187805          3
MinModeTranslate:   61  17:23:50   -12457.381710       0.1331     0.045363    -2.187805          3
MinModeTranslate:   62  17:23:50   -12457.383348       0.1227     --------    -2.262163          3
MinModeTranslate:   62  17:23:50   -12457.383348       0.1227     0.041374    -2.262163          3
MinModeTranslate:   63  17:23:50   -12457.384968       0.1527     --------    -2.367547          3
MinModeTranslate:   63  17:23:50   -12457.384968       0.1527     0.087116    -2.367547          3
MinModeTranslate:   64  17:23:50   -12457.388360       0.2350     --------    -2.341674          3
MinModeTranslate:   64  17:23:50   -12457.388360       0.2350     0.074074    -2.341674          3
MinModeTranslate:   65  17:23:50   -12457.391229       0.1749     --------    -2.279212          3
MinModeTranslate:   65  17:23:50   -12457.391229       0.1749     0.029208    -2.279212          3
MinModeTranslate:   66  17:23:50   -12457.392520       0.0727     --------    -2.386289          3
MinModeTranslate:   66  17:23:50   -12457.392520       0.0727     0.024789    -2.386289          3
MinModeTranslate:   67  17:23:50   -12457.393534       0.1614     --------    -2.482004          3
MinModeTranslate:   67  17:23:50   -12457.393534       0.1614     0.038243    -2.482004          3
MinModeTranslate:   68  17:23:50   -12457.394901       0.1141     --------    -2.510474          3
MinModeTranslate:   68  17:23:50   -12457.394901       0.1141     0.030520    -2.510474          3
MinModeTranslate:   69  17:23:50   -12457.395913       0.1001     --------    -2.435252          3
MinModeTranslate:   69  17:23:50   -12457.395913       0.1001     0.021312    -2.435252          3
MinModeTranslate:   70  17:23:50   -12457.396622       0.0914     --------    -2.322172          3
MinModeTranslate:   70  17:23:50   -12457.396622       0.0914     0.028525    -2.322172          3
MinModeTranslate:   71  17:23:50   -12457.397489       0.1130     --------    -2.278898          3
MinModeTranslate:   71  17:23:50   -12457.397489       0.1130     0.024368    -2.278898          3
MinModeTranslate:   72  17:23:51   -12457.398264       0.1006     --------    -2.289552          3
MinModeTranslate:   72  17:23:51   -12457.398264       0.1006     0.024293    -2.289552          3
MinModeTranslate:   73  17:23:51   -12457.399047       0.0839     --------    -2.262513          3
MinModeTranslate:   73  17:23:51   -12457.399047       0.0839     0.022503    -2.262513          3
MinModeTranslate:   74  17:23:51   -12457.399776       0.0898     --------    -2.248826          3
MinModeTranslate:   74  17:23:51   -12457.399776       0.0898     0.019581    -2.248826          3
MinModeTranslate:   75  17:23:51   -12457.400385       0.0581     --------    -2.243314          3
MinModeTranslate:   75  17:23:51   -12457.400385       0.0581     0.011902    -2.243314          3
MinModeTranslate:   76  17:23:51   -12457.400730       0.0593     --------    -2.251700          3
MinModeTranslate:   76  17:23:51   -12457.400730       0.0593     0.030682    -2.251700          3
MinModeTranslate:   77  17:23:51   -12457.401541       0.0982     --------    -2.341298          3
MinModeTranslate:   77  17:23:51   -12457.401541       0.0982     0.037170    -2.341298          3
MinModeTranslate:   78  17:23:51   -12457.402499       0.1032     --------    -2.406150          3
MinModeTranslate:   78  17:23:51   -12457.402499       0.1032     0.040863    -2.406150          3
MinModeTranslate:   79  17:23:51   -12457.403643       0.1087     --------    -2.350700          3
MinModeTranslate:   79  17:23:51   -12457.403643       0.1087     0.017909    -2.350700          3
MinModeTranslate:   80  17:23:51   -12457.404072       0.0863     --------    -2.341900          3
MinModeTranslate:   80  17:23:51   -12457.404072       0.0863     0.043180    -2.341900          3
MinModeTranslate:   81  17:23:51   -12457.404951       0.0982     --------    -2.432182          3
MinModeTranslate:   81  17:23:51   -12457.404951       0.0982     0.032631    -2.432182          3
MinModeTranslate:   82  17:23:51   -12457.405520       0.0812     --------    -2.427852          3
MinModeTranslate:   82  17:23:51   -12457.405520       0.0812     0.025668    -2.427852          3
MinModeTranslate:   83  17:23:51   -12457.406037       0.0850     --------    -2.397899          3
MinModeTranslate:   83  17:23:51   -12457.406037       0.0850     0.033604    -2.397899          3
MinModeTranslate:   84  17:23:52   -12457.406762       0.1223     --------    -2.342211          3
MinModeTranslate:   84  17:23:52   -12457.406762       0.1223     0.078126    -2.342211          3
MinModeTranslate:   85  17:23:52   -12457.408474       0.1454     --------    -2.312722          3
MinModeTranslate:   85  17:23:52   -12457.408474       0.1454     0.100000    -2.312722          3
MinModeTranslate:   86  17:23:52   -12457.411127       0.2257     --------    -2.266664          3
MinModeTranslate:   86  17:23:52   -12457.411127       0.2257     0.100000    -2.266664          3
MinModeTranslate:   87  17:23:52   -12457.416265       0.2997     --------    -2.125490          3
MinModeTranslate:   87  17:23:52   -12457.416265       0.2997     0.090487    -2.125490          3
MinModeTranslate:   88  17:23:52   -12457.426637       0.4058     --------    -1.844705          3
MinModeTranslate:   88  17:23:52   -12457.426637       0.4058     0.100000    -1.844705          3
MinModeTranslate:   89  17:23:52   -12457.440888       0.5376     --------    -1.593430          3
MinModeTranslate:   89  17:23:52   -12457.440888       0.5376     0.056032    -1.593430          3
MinModeTranslate:   90  17:23:52   -12457.454021       0.3165     --------    -1.621577          3
MinModeTranslate:   90  17:23:52   -12457.454021       0.3165     0.078228    -1.621577          3
MinModeTranslate:   91  17:23:52   -12457.462516       0.7308     --------    -1.362341          3
MinModeTranslate:   91  17:23:52   -12457.462516       0.7308     0.100000    -1.362341          3
MinModeTranslate:   92  17:23:52   -12457.481251       0.4086     --------    -1.108426          3
MinModeTranslate:   92  17:23:52   -12457.481251       0.4086     0.020899    -1.108426          3
MinModeTranslate:   93  17:23:52   -12457.486336       0.2414     --------    -1.154070          3
MinModeTranslate:   93  17:23:52   -12457.486336       0.2414     0.036974    -1.154070          3
MinModeTranslate:   94  17:23:52   -12457.492515       0.3125     --------    -1.007952          3
MinModeTranslate:   94  17:23:52   -12457.492515       0.3125     0.062814    -1.007952          3
MinModeTranslate:   95  17:23:52   -12457.501990       0.3021     --------    -0.870411          3
MinModeTranslate:   95  17:23:52   -12457.501990       0.3021     0.035743    -0.870411          3
MinModeTranslate:   96  17:23:52   -12457.506894       0.1971     --------    -0.770890          3
MinModeTranslate:   96  17:23:52   -12457.506894       0.1971     0.031482    -0.770890          3
MinModeTranslate:   97  17:23:53   -12457.510623       0.2661     --------    -0.771543          3
MinModeTranslate:   97  17:23:53   -12457.510623       0.2661     0.020382    -0.771543          3
MinModeTranslate:   98  17:23:53   -12457.512804       0.1077     --------    -0.719378          3
MinModeTranslate:   98  17:23:53   -12457.512804       0.1077     0.013455    -0.719378          3
MinModeTranslate:   99  17:23:53   -12457.513846       0.1315     --------    -0.730273          3
MinModeTranslate:   99  17:23:53   -12457.513846       0.1315     0.025490    -0.730273          3
MinModeTranslate:  100  17:23:53   -12457.515405       0.1533     --------    -0.733398          3
MinModeTranslate:  100  17:23:53   -12457.515405       0.1533     0.024837    -0.733398          3
MinModeTranslate:  101  17:23:53   -12457.516803       0.1268     --------    -0.716713          3
MinModeTranslate:  101  17:23:53   -12457.516803       0.1268     0.026206    -0.716713          3
MinModeTranslate:  102  17:23:53   -12457.518120       0.1768     --------    -0.716751          3
MinModeTranslate:  102  17:23:53   -12457.518120       0.1768     0.037179    -0.716751          3
MinModeTranslate:  103  17:23:53   -12457.519899       0.1336     --------    -0.733365          3
MinModeTranslate:  103  17:23:53   -12457.519899       0.1336     0.040610    -0.733365          3
MinModeTranslate:  104  17:23:53   -12457.521597       0.1174     --------    -0.718217          3
MinModeTranslate:  104  17:23:53   -12457.521597       0.1174     0.018540    -0.718217          3
MinModeTranslate:  105  17:23:53   -12457.522345       0.0978     --------    -0.682870          3
MinModeTranslate:  105  17:23:53   -12457.522345       0.0978     0.016900    -0.682870          3
MinModeTranslate:  106  17:23:53   -12457.522985       0.1130     --------    -0.691413          3
MinModeTranslate:  106  17:23:53   -12457.522985       0.1130     0.027941    -0.691413          3
MinModeTranslate:  107  17:23:53   -12457.523991       0.1018     --------    -0.641853          3
MinModeTranslate:  107  17:23:53   -12457.523991       0.1018     0.009658    -0.641853          3
MinModeTranslate:  108  17:23:53   -12457.524322       0.1111     --------    -0.653084          3
MinModeTranslate:  108  17:23:53   -12457.524322       0.1111     0.026012    -0.653084          3
MinModeTranslate:  109  17:23:53   -12457.525152       0.1037     --------    -0.639699          3
MinModeTranslate:  109  17:23:54   -12457.525152       0.1037     0.028120    -0.639699          3
MinModeTranslate:  110  17:23:54   -12457.526040       0.0856     --------    -0.653962          3
MinModeTranslate:  110  17:23:54   -12457.526040       0.0856     0.033186    -0.653962          3
MinModeTranslate:  111  17:23:54   -12457.527146       0.1529     --------    -0.693840          3
MinModeTranslate:  111  17:23:54   -12457.527146       0.1529     0.037614    -0.693840          3
MinModeTranslate:  112  17:23:54   -12457.528489       0.0965     --------    -0.740506          3
MinModeTranslate:  112  17:23:54   -12457.528489       0.0965     0.025260    -0.740506          3
MinModeTranslate:  113  17:23:54   -12457.529359       0.0759     --------    -0.775126          3
MinModeTranslate:  113  17:23:54   -12457.529359       0.0759     0.011785    -0.775126          3
MinModeTranslate:  114  17:23:54   -12457.529826       0.0910     --------    -0.781349          3
MinModeTranslate:  114  17:23:54   -12457.529826       0.0910     0.017566    -0.781349          3
MinModeTranslate:  115  17:23:54   -12457.530413       0.0962     --------    -0.812166          3
MinModeTranslate:  115  17:23:54   -12457.530413       0.0962     0.018335    -0.812166          3
MinModeTranslate:  116  17:23:54   -12457.530993       0.0820     --------    -0.843555          3
MinModeTranslate:  116  17:23:54   -12457.530993       0.0820     0.017814    -0.843555          3
MinModeTranslate:  117  17:23:54   -12457.531536       0.0620     --------    -0.869689          3
MinModeTranslate:  117  17:23:54   -12457.531536       0.0620     0.012960    -0.869689          3
MinModeTranslate:  118  17:23:54   -12457.531843       0.0734     --------    -0.886834          3
MinModeTranslate:  118  17:23:54   -12457.531843       0.0734     0.027823    -0.886834          3
MinModeTranslate:  119  17:23:54   -12457.532426       0.0909     --------    -0.901262          3
MinModeTranslate:  119  17:23:54   -12457.532426       0.0909     0.012482    -0.901262          3
MinModeTranslate:  120  17:23:54   -12457.532666       0.0508     --------    -0.901717          3
MinModeTranslate:  120  17:23:54   -12457.532666       0.0508     0.016536    -0.901717          3
MinModeTranslate:  121  17:23:54   -12457.532903       0.0716     --------    -0.909684          3
MinModeTranslate:  121  17:23:54   -12457.532903       0.0716     0.014562    -0.909684          3
MinModeTranslate:  122  17:23:55   -12457.533113       0.0570     --------    -0.894739          3
MinModeTranslate:  122  17:23:55   -12457.533113       0.0570     0.012960    -0.894739          3
MinModeTranslate:  123  17:23:55   -12457.533268       0.0442     --------    -0.900139          3
MinModeTranslate:  123  17:23:55   -12457.533268       0.0442     0.015908    -0.900139          3
MinModeTranslate:  124  17:23:55   -12457.533443       0.0633     --------    -0.893593          1
MinModeTranslate:  124  17:23:55   -12457.533443       0.0633     0.018323    -0.893593          1
MinModeTranslate:  125  17:23:55   -12457.533658       0.0592     --------    -0.882930          3
MinModeTranslate:  125  17:23:55   -12457.533658       0.0592     0.011220    -0.882930          3
MinModeTranslate:  126  17:23:55   -12457.533798       0.0506     --------    -0.871237          1
MinModeTranslate:  126  17:23:55   -12457.533798       0.0506     0.012325    -0.871237          1
MinModeTranslate:  127  17:23:55   -12457.533952       0.0479     --------    -0.873246          1
MinModeTranslate:  127  17:23:55   -12457.533952       0.0479     0.022272    -0.873246          1
MinModeTranslate:  128  17:23:55   -12457.534277       0.0752     --------    -0.858646          2
MinModeTranslate:  128  17:23:55   -12457.534277       0.0752     0.020091    -0.858646          2
MinModeTranslate:  129  17:23:55   -12457.534600       0.0561     --------    -0.857956          2
MinModeTranslate:  129  17:23:55   -12457.534600       0.0561     0.008607    -0.857956          2
MinModeTranslate:  130  17:23:55   -12457.534754       0.0328     --------    -0.845599          2
MinModeTranslate:  130  17:23:55   -12457.534754       0.0328     0.015078    -0.845599          2
MinModeTranslate:  131  17:23:55   -12457.534992       0.0447     --------    -0.830470          2
MinModeTranslate:  131  17:23:55   -12457.534992       0.0447     0.015927    -0.830470          2
MinModeTranslate:  132  17:23:55   -12457.535254       0.0474     --------    -0.814981          2
MinModeTranslate:  132  17:23:55   -12457.535254       0.0474     0.014665    -0.814981          2
MinModeTranslate:  133  17:23:55   -12457.535490       0.0681     --------    -0.796559          2
MinModeTranslate:  133  17:23:55   -12457.535490       0.0681     0.021339    -0.796559          2
MinModeTranslate:  134  17:23:55   -12457.535821       0.0413     --------    -0.794037          2
MinModeTranslate:  134  17:23:55   -12457.535821       0.0413     0.010534    -0.794037          2
MinModeTranslate:  135  17:23:55   -12457.535977       0.0349     --------    -0.795239          2
MinModeTranslate:  135  17:23:55   -12457.535977       0.0349     0.008875    -0.795239          2
MinModeTranslate:  136  17:23:55   -12457.536099       0.0348     --------    -0.794127          2
MinModeTranslate:  136  17:23:56   -12457.536099       0.0348     0.007479    -0.794127          2
MinModeTranslate:  137  17:23:56   -12457.536173       0.0426     --------    -0.794463          2
MinModeTranslate:  137  17:23:56   -12457.536173       0.0426     0.016554    -0.794463          2
MinModeTranslate:  138  17:23:56   -12457.536324       0.0545     --------    -0.787538          2
MinModeTranslate:  138  17:23:56   -12457.536324       0.0545     0.015160    -0.787538          2
MinModeTranslate:  139  17:23:56   -12457.536461       0.0449     --------    -0.788879          2
MinModeTranslate:  139  17:23:56   -12457.536461       0.0449     0.018797    -0.788879          2
MinModeTranslate:  140  17:23:56   -12457.536622       0.0543     --------    -0.783537          2
MinModeTranslate:  140  17:23:56   -12457.536622       0.0543     0.047284    -0.783537          2
MinModeTranslate:  141  17:23:56   -12457.537042       0.0566     --------    -0.765109          2
MinModeTranslate:  141  17:23:56   -12457.537042       0.0566     0.027794    -0.765109          2
MinModeTranslate:  142  17:23:56   -12457.537366       0.0603     --------    -0.750471          2
MinModeTranslate:  142  17:23:56   -12457.537366       0.0603     0.035684    -0.750471          2
MinModeTranslate:  143  17:23:56   -12457.537799       0.0881     --------    -0.739934          3
MinModeTranslate:  143  17:23:56   -12457.537799       0.0881     0.074169    -0.739934          3
MinModeTranslate:  144  17:23:56   -12457.538768       0.0798     --------    -0.736635          3
MinModeTranslate:  144  17:23:56   -12457.538768       0.0798     0.062195    -0.736635          3
MinModeTranslate:  145  17:23:56   -12457.539645       0.1048     --------    -0.710331          3
MinModeTranslate:  145  17:23:56   -12457.539645       0.1048     0.100000    -0.710331          3
MinModeTranslate:  146  17:23:56   -12457.540930       0.1436     --------    -0.704256          3
MinModeTranslate:  146  17:23:56   -12457.540930       0.1436     0.089100    -0.704256          3
MinModeTranslate:  147  17:23:56   -12457.542345       0.1440     --------    -0.735891          3
MinModeTranslate:  147  17:23:56   -12457.542345       0.1440     0.064175    -0.735891          3
MinModeTranslate:  148  17:23:56   -12457.544467       0.1633     --------    -0.740225          3
MinModeTranslate:  148  17:23:56   -12457.544467       0.1633     0.044906    -0.740225          3
MinModeTranslate:  149  17:23:56   -12457.546253       0.1549     --------    -0.782566          3
MinModeTranslate:  149  17:23:56   -12457.546253       0.1549     0.059733    -0.782566          3
MinModeTranslate:  150  17:23:57   -12457.548289       0.1529     --------    -0.857385          3
MinModeTranslate:  150  17:23:57   -12457.548289       0.1529     0.089896    -0.857385          3
MinModeTranslate:  151  17:23:57   -12457.551104       0.1811     --------    -0.962638          3
MinModeTranslate:  151  17:23:57   -12457.551104       0.1811     0.052570    -0.962638          3
MinModeTranslate:  152  17:23:57   -12457.552454       0.1256     --------    -1.041379          3
MinModeTranslate:  152  17:23:57   -12457.552454       0.1256     0.041979    -1.041379          3
MinModeTranslate:  153  17:23:57   -12457.553955       0.1680     --------    -1.104861          3
MinModeTranslate:  153  17:23:57   -12457.553955       0.1680     0.072088    -1.104861          3
MinModeTranslate:  154  17:23:57   -12457.556414       0.1655     --------    -1.159759          3
MinModeTranslate:  154  17:23:57   -12457.556414       0.1655     0.057188    -1.159759          3
MinModeTranslate:  155  17:23:57   -12457.557952       0.1540     --------    -1.205650          3
MinModeTranslate:  155  17:23:57   -12457.557952       0.1540     0.060808    -1.205650          3
MinModeTranslate:  156  17:23:57   -12457.559563       0.2025     --------    -1.231431          3
MinModeTranslate:  156  17:23:57   -12457.559563       0.2025     0.071943    -1.231431          3
MinModeTranslate:  157  17:23:57   -12457.561322       0.1400     --------    -1.329899          3
MinModeTranslate:  157  17:23:57   -12457.561322       0.1400     0.069103    -1.329899          3
MinModeTranslate:  158  17:23:57   -12457.563165       0.1708     --------    -1.384549          3
MinModeTranslate:  158  17:23:57   -12457.563165       0.1708     0.053884    -1.384549          3
MinModeTranslate:  159  17:23:57   -12457.564698       0.1329     --------    -1.396386          3
MinModeTranslate:  159  17:23:57   -12457.564698       0.1329     0.100000    -1.396386          3
MinModeTranslate:  160  17:23:57   -12457.567831       0.1454     --------    -1.520892          3
