MinModeTranslate: STEP      TIME          ENERGY    MAX-FORCE     STEPSIZE    CURVATURE  ROT-STEPS
MinModeTranslate:    0  16:45:48   -12457.279086       4.0864     --------     4.528634          3
MinModeTranslate:    0  16:45:48   -12457.279086       4.0864     0.100000     4.528634          3
MinModeTranslate:    1  16:45:48   -12456.785008       3.1753     --------     7.655391          3
MinModeTranslate:    1  16:45:48   -12456.785008       3.1753     0.100000     7.655391          3
MinModeTranslate:    2  16:45:49   -12456.358249       0.2709     --------     3.115496          3
MinModeTranslate:    2  16:45:49   -12456.358249       0.2709     0.100000     3.115496          3
MinModeTranslate:    3  16:45:49   -12456.292573       8.1779     --------    -1.274810          3
MinModeTranslate:    3  16:45:49   -12456.292573       8.1779     0.100000    -1.274810          3
MinModeTranslate:    4  16:45:49   -12456.241838       8.8485     --------    -4.609436          3
MinModeTranslate:    4  16:45:49   -12456.241838       8.8485     0.100000    -4.609436          3
MinModeTranslate:    5  16:45:49   -12457.534596       6.5567     --------    -1.853637          3
MinModeTranslate:    5  16:45:49   -12457.534596       6.5567     0.100000    -1.853637          3
MinModeTranslate:    6  16:45:49   -12458.459086       4.9656     --------    -0.772918          3
MinModeTranslate:    6  16:45:49   -12458.459086       4.9656     0.100000    -0.772918          3
MinModeTranslate:    7  16:45:49   -12459.124037       3.8559     --------    -0.327915          3
MinModeTranslate:    7  16:45:49   -12459.124037       3.8559     0.100000    -0.327915          3
MinModeTranslate:    8  16:45:49   -12459.594901       0.0286     --------     0.034859          3
MinModeTranslate:    8  16:45:49   -12459.594901       0.0286     0.100000     0.034859          3
MinModeTranslate:    9  16:45:49   -12459.589157       0.0253     --------     0.046375          3
MinModeTranslate:    9  16:45:49   -12459.589157       0.0253     0.100000     0.046375          3
MinModeTranslate:   10  16:45:49   -12459.583886       0.0235     --------     0.067079          3
MinModeTranslate:   10  16:45:49   -12459.583886       0.0235     0.100000     0.067079          3
MinModeTranslate:   11  16:45:49   -12459.578759       0.0173     --------     0.113433          3
MinModeTranslate:   11  16:45:50   -12459.578759       0.0173     0.100000     0.113433          3
MinModeTranslate:   12  16:45:50   -12459.574380       0.0116     --------     0.211970          3
MinModeTranslate:   12  16:45:50   -12459.574380       0.0116     0.100000     0.211970          3
MinModeTranslate:   13  16:45:50   -12459.570423       0.0101     --------     0.317722          3
MinModeTranslate:   13  16:45:50   -12459.570423       0.0101     0.100000     0.317722          3
MinModeTranslate:   14  16:45:50   -12459.566199       0.0147     --------     0.394044          3
MinModeTranslate:   14  16:45:50   -12459.566199       0.0147     0.100000     0.394044          3
MinModeTranslate:   15  16:45:50   -12459.558282       0.0217     --------     0.468721          3
MinModeTranslate:   15  16:45:50   -12459.558282       0.0217     0.100000     0.468721          3
MinModeTranslate:   16  16:45:50   -12459.546160       0.0331     --------     0.487658          3
MinModeTranslate:   16  16:45:50   -12459.546160       0.0331     0.100000     0.487658          3
MinModeTranslate:   17  16:45:50   -12459.530176       0.0435     --------     0.450428          3
MinModeTranslate:   17  16:45:50   -12459.530176       0.0435     0.100000     0.450428          3
MinModeTranslate:   18  16:45:50   -12459.513485       0.0517     --------     0.378605          3
MinModeTranslate:   18  16:45:50   -12459.513485       0.0517     0.100000     0.378605          3
MinModeTranslate:   19  16:45:50   -12459.498366       0.0543     --------     0.306640          3
MinModeTranslate:   19  16:45:50   -12459.498366       0.0543     0.100000     0.306640          3
MinModeTranslate:   20  16:45:50   -12459.485309       0.0539     --------     0.257994          3
MinModeTranslate:   20  16:45:50   -12459.485309       0.0539     0.100000     0.257994          3
MinModeTranslate:   21  16:45:50   -12459.473003       0.0504     --------     0.249295          3
MinModeTranslate:   21  16:45:50   -12459.473003       0.0504     0.100000     0.249295          3
MinModeTranslate:   22  16:45:51   -12459.461419       0.0468     --------     0.263184          3
MinModeTranslate:   22  16:45:51   -12459.461419       0.0468     0.100000     0.263184          3
MinModeTranslate:   23  16:45:51   -12459.450417       0.0460     --------     0.302410          3
MinModeTranslate:   23  16:45:51   -12459.450417       0.0460     0.100000     0.302410          3
MinModeTranslate:   24  16:45:51   -12459.439300       0.0465     --------     0.335851          3
MinModeTranslate:   24  16:45:51   -12459.439300       0.0465     0.100000     0.335851          3
MinModeTranslate:   25  16:45:51   -12459.427664       0.0503     --------     0.367579          3
MinModeTranslate:   25  16:45:51   -12459.427664       0.0503     0.100000     0.367579          3
MinModeTranslate:   26  16:45:51   -12459.414784       0.0521     --------     0.363905          3
MinModeTranslate:   26  16:45:51   -12459.414784       0.0521     0.100000     0.363905          3
MinModeTranslate:   27  16:45:51   -12459.401393       0.0544     --------     0.341641          3
MinModeTranslate:   27  16:45:51   -12459.401393       0.0544     0.100000     0.341641          3
MinModeTranslate:   28  16:45:51   -12459.387519       0.0540     --------     0.290140          3
MinModeTranslate:   28  16:45:51   -12459.387519       0.0540     0.100000     0.290140          3
MinModeTranslate:   29  16:45:51   -12459.373918       0.0537     --------     0.234686          3
MinModeTranslate:   29  16:45:51   -12459.373918       0.0537     0.100000     0.234686          3
MinModeTranslate:   30  16:45:51   -12459.360553       0.0530     --------     0.172754          3
MinModeTranslate:   30  16:45:51   -12459.360553       0.0530     0.100000     0.172754          3
MinModeTranslate:   31  16:45:51   -12459.347466       0.0519     --------     0.123254          3
MinModeTranslate:   31  16:45:51   -12459.347466       0.0519     0.100000     0.123254          3
MinModeTranslate:   32  16:45:52   -12459.334746       0.0532     --------     0.080922          3
MinModeTranslate:   32  16:45:52   -12459.334746       0.0532     0.100000     0.080922          3
MinModeTranslate:   33  16:45:52   -12459.321847       0.0541     --------     0.052553          3
MinModeTranslate:   33  16:45:52   -12459.321847       0.0541     0.100000     0.052553          3
MinModeTranslate:   34  16:45:52   -12459.309001       0.0589     --------     0.027569          3
MinModeTranslate:   34  16:45:52   -12459.309001       0.0589     0.100000     0.027569          3
MinModeTranslate:   35  16:45:52   -12459.295325       0.0614     --------     0.011308          3
MinModeTranslate:   35  16:45:52   -12459.295325       0.0614     0.100000     0.011308          3
MinModeTranslate:   36  16:45:52   -12459.281172       2.9884     --------    -0.002318          3
MinModeTranslate:   36  16:45:52   -12459.281172       2.9884     0.100000    -0.002318          3
MinModeTranslate:   37  16:45:52   -12459.280112       0.0727     --------     0.004560          3
MinModeTranslate:   37  16:45:52   -12459.280112       0.0727     0.100000     0.004560          3
MinModeTranslate:   38  16:45:52   -12459.265247       0.0816     --------     0.007159          3
MinModeTranslate:   38  16:45:52   -12459.265247       0.0816     0.100000     0.007159          3
MinModeTranslate:   39  16:45:52   -12459.246919       0.0870     --------     0.018426          3
MinModeTranslate:   39  16:45:52   -12459.246919       0.0870     0.100000     0.018426          3
MinModeTranslate:   40  16:45:52   -12459.226916       0.0978     --------     0.027558          3
MinModeTranslate:   40  16:45:52   -12459.226916       0.0978     0.100000     0.027558          3
MinModeTranslate:   41  16:45:53   -12459.204529       0.1048     --------     0.042762          3
MinModeTranslate:   41  16:45:53   -12459.204529       0.1048     0.100000     0.042762          3
MinModeTranslate:   42  16:45:53   -12459.180347       0.1170     --------     0.052102          3
MinModeTranslate:   42  16:45:53   -12459.180347       0.1170     0.100000     0.052102          3
MinModeTranslate:   43  16:45:53   -12459.153548       0.1240     --------     0.064011          3
MinModeTranslate:   43  16:45:53   -12459.153548       0.1240     0.100000     0.064011          3
MinModeTranslate:   44  16:45:53   -12459.124973       0.1352     --------     0.066682          3
MinModeTranslate:   44  16:45:53   -12459.124973       0.1352     0.100000     0.066682          3
MinModeTranslate:   45  16:45:53   -12459.093958       0.1404     --------     0.070035          3
MinModeTranslate:   45  16:45:53   -12459.093958       0.1404     0.100000     0.070035          3
MinModeTranslate:   46  16:45:53   -12459.061599       0.1488     --------     0.064802          3
MinModeTranslate:   46  16:45:53   -12459.061599       0.1488     0.100000     0.064802          3
MinModeTranslate:   47  16:45:53   -12459.027362       0.1517     --------     0.063693          3
MinModeTranslate:   47  16:45:53   -12459.027362       0.1517     0.100000     0.063693          3
MinModeTranslate:   48  16:45:53   -12458.992314       0.1586     --------     0.056397          3
MinModeTranslate:   48  16:45:53   -12458.992314       0.1586     0.100000     0.056397          3
MinModeTranslate:   49  16:45:53   -12458.955960       0.1604     --------     0.055477          3
MinModeTranslate:   49  16:45:53   -12458.955960       0.1604     0.100000     0.055477          3
MinModeTranslate:   50  16:45:53   -12458.919392       0.1657     --------     0.047577          3
MinModeTranslate:   50  16:45:53   -12458.919392       0.1657     0.100000     0.047577          3
MinModeTranslate:   51  16:45:54   -12458.882072       0.1655     --------     0.048167          3
MinModeTranslate:   51  16:45:54   -12458.882072       0.1655     0.100000     0.048167          3
MinModeTranslate:   52  16:45:54   -12458.845080       0.1678     --------     0.042666          3
MinModeTranslate:   52  16:45:54   -12458.845080       0.1678     0.100000     0.042666          3
MinModeTranslate:   53  16:45:54   -12458.808138       0.1656     --------     0.048271          3
MinModeTranslate:   53  16:45:54   -12458.808138       0.1656     0.100000     0.048271          3
MinModeTranslate:   54  16:45:54   -12458.771924       0.1648     --------     0.044848          3
MinModeTranslate:   54  16:45:54   -12458.771924       0.1648     0.100000     0.044848          3
MinModeTranslate:   55  16:45:54   -12458.736364       0.1615     --------     0.045546          3
MinModeTranslate:   55  16:45:54   -12458.736364       0.1615     0.100000     0.045546          3
MinModeTranslate:   56  16:45:54   -12458.701710       0.1605     --------     0.031534          3
MinModeTranslate:   56  16:45:54   -12458.701710       0.1605     0.100000     0.031534          3
MinModeTranslate:   57  16:45:54   -12458.667664       0.1577     --------     0.018183          3
MinModeTranslate:   57  16:45:54   -12458.667664       0.1577     0.100000     0.018183          3
MinModeTranslate:   58  16:45:54   -12458.634435       2.6478     --------    -0.006371          3
MinModeTranslate:   58  16:45:54   -12458.634435       2.6478     0.100000    -0.006371          3
MinModeTranslate:   59  16:45:54   -12458.633230       2.4229     --------    -0.025169          3
MinModeTranslate:   59  16:45:54   -12458.633230       2.4229     0.100000    -0.025169          3
MinModeTranslate:   60  16:45:55   -12458.884339       2.2165     --------    -0.101600          3
MinModeTranslate:   60  16:45:55   -12458.884339       2.2165     0.100000    -0.101600          3
MinModeTranslate:   61  16:45:55   -12459.129896       1.8787     --------    -0.110643          3
MinModeTranslate:   61  16:45:55   -12459.129896       1.8787     0.055855    -0.110643          3
MinModeTranslate:   62  16:45:55   -12459.234486       1.4274     --------    -0.095402          3
MinModeTranslate:   62  16:45:55   -12459.234486       1.4274     0.100000    -0.095402          3
MinModeTranslate:   63  16:45:55   -12459.419622       1.2373     --------    -0.046866          3
MinModeTranslate:   63  16:45:55   -12459.419622       1.2373     0.100000    -0.046866          3
MinModeTranslate:   64  16:45:55   -12459.539723       2.6919     --------    -0.137486          3
MinModeTranslate:   64  16:45:55   -12459.539723       2.6919     0.100000    -0.137486          3
MinModeTranslate:   65  16:45:55   -12459.652964       2.7016     --------    -0.165321          3
MinModeTranslate:   65  16:45:55   -12459.652964       2.7016     0.041347    -0.165321          3
MinModeTranslate:   66  16:45:55   -12459.748103       0.7947     --------    -0.093734          3
MinModeTranslate:   66  16:45:55   -12459.748103       0.7947     0.056493    -0.093734          3
MinModeTranslate:   67  16:45:55   -12459.795146       1.0074     --------    -0.100505          3
MinModeTranslate:   67  16:45:55   -12459.795146       1.0074     0.100000    -0.100505          3
MinModeTranslate:   68  16:45:55   -12459.890894       0.7796     --------    -0.107067          3
MinModeTranslate:   68  16:45:56   -12459.890894       0.7796     0.053471    -0.107067          3
MinModeTranslate:   69  16:45:56   -12459.940623       0.7642     --------    -0.127314          3
MinModeTranslate:   69  16:45:56   -12459.940623       0.7642     0.100000    -0.127314          3
MinModeTranslate:   70  16:45:56   -12459.990634       0.9983     --------    -0.149265          3
MinModeTranslate:   70  16:45:56   -12459.990634       0.9983     0.100000    -0.149265          3
MinModeTranslate:   71  16:45:56   -12460.072353       0.7041     --------    -0.108860          3
MinModeTranslate:   71  16:45:56   -12460.072353       0.7041     0.038250    -0.108860          3
MinModeTranslate:   72  16:45:56   -12460.100382       0.7856     --------    -0.120739          3
MinModeTranslate:   72  16:45:56   -12460.100382       0.7856     0.035063    -0.120739          3
MinModeTranslate:   73  16:45:56   -12460.112086       0.5361     --------    -0.109352          3
MinModeTranslate:   73  16:45:56   -12460.112086       0.5361     0.098504    -0.109352          3
MinModeTranslate:   74  16:45:56   -12460.145102       1.0509     --------    -0.092930          3
MinModeTranslate:   74  16:45:56   -12460.145102       1.0509     0.100000    -0.092930          3
MinModeTranslate:   75  16:45:56   -12460.184185       0.8403     --------    -0.103874          3
MinModeTranslate:   75  16:45:56   -12460.184185       0.8403     0.055260    -0.103874          3
MinModeTranslate:   76  16:45:56   -12460.208253       0.5798     --------    -0.073430          3
MinModeTranslate:   76  16:45:56   -12460.208253       0.5798     0.065491    -0.073430          3
MinModeTranslate:   77  16:45:56   -12460.218569       0.5427     --------    -0.055004          3
MinModeTranslate:   77  16:45:57   -12460.218569       0.5427     0.053822    -0.055004          3
MinModeTranslate:   78  16:45:57   -12460.229922       0.5363     --------    -0.042145          3
MinModeTranslate:   78  16:45:57   -12460.229922       0.5363     0.053058    -0.042145          3
MinModeTranslate:   79  16:45:57   -12460.239795       0.5201     --------    -0.030151          3
MinModeTranslate:   79  16:45:57   -12460.239795       0.5201     0.059025    -0.030151          3
MinModeTranslate:   80  16:45:57   -12460.248876       0.5470     --------    -0.056600          3
MinModeTranslate:   80  16:45:57   -12460.248876       0.5470     0.089105    -0.056600          3
MinModeTranslate:   81  16:45:57   -12460.259461       0.7565     --------    -0.066891          3
MinModeTranslate:   81  16:45:57   -12460.259461       0.7565     0.100000    -0.066891          3
MinModeTranslate:   82  16:45:57   -12460.273697       0.7538     --------    -0.032518          3
MinModeTranslate:   82  16:45:57   -12460.273697       0.7538     0.090969    -0.032518          3
MinModeTranslate:   83  16:45:57   -12460.286349       0.5141     --------    -0.031271          3
MinModeTranslate:   83  16:45:57   -12460.286349       0.5141     0.100000    -0.031271          3
MinModeTranslate:   84  16:45:57   -12460.302557       0.5101     --------    -0.045936          3
MinModeTranslate:   84  16:45:57   -12460.302557       0.5101     0.032815    -0.045936          3
MinModeTranslate:   85  16:45:57   -12460.312837       0.4617     --------    -0.044419          3
MinModeTranslate:   85  16:45:57   -12460.312837       0.4617     0.045268    -0.044419          3
MinModeTranslate:   86  16:45:57   -12460.318500       0.5093     --------    -0.069820          3
MinModeTranslate:   86  16:45:58   -12460.318500       0.5093     0.100000    -0.069820          3
MinModeTranslate:   87  16:45:58   -12460.342017       0.6811     --------    -0.077778          3
MinModeTranslate:   87  16:45:58   -12460.342017       0.6811     0.029868    -0.077778          3
MinModeTranslate:   88  16:45:58   -12460.354222       0.6390     --------    -0.057627          3
MinModeTranslate:   88  16:45:58   -12460.354222       0.6390     0.037002    -0.057627          3
MinModeTranslate:   89  16:45:58   -12460.361312       0.4129     --------    -0.064559          3
MinModeTranslate:   89  16:45:58   -12460.361312       0.4129     0.041014    -0.064559          3
MinModeTranslate:   90  16:45:58   -12460.368945       0.8881     --------    -0.077408          3
MinModeTranslate:   90  16:45:58   -12460.368945       0.8881     0.055026    -0.077408          3
MinModeTranslate:   91  16:45:58   -12460.377636       0.5435     --------    -0.061092          3
MinModeTranslate:   91  16:45:58   -12460.377636       0.5435     0.085369    -0.061092          3
MinModeTranslate:   92  16:45:58   -12460.392750       0.8625     --------    -0.051179          3
MinModeTranslate:   92  16:45:58   -12460.392750       0.8625     0.047358    -0.051179          3
MinModeTranslate:   93  16:45:58   -12460.400834       0.4494     --------    -0.058162          3
MinModeTranslate:   93  16:45:58   -12460.400834       0.4494     0.068880    -0.058162          3
MinModeTranslate:   94  16:45:58   -12460.406799       0.4298     --------    -0.039100          3
MinModeTranslate:   94  16:45:58   -12460.406799       0.4298     0.042766    -0.039100          3
MinModeTranslate:   95  16:45:58   -12460.411536       0.4855     --------    -0.031550          3
MinModeTranslate:   95  16:45:58   -12460.411536       0.4855     0.028558    -0.031550          3
MinModeTranslate:   96  16:45:59   -12460.415357       0.2614     --------    -0.045996          3
MinModeTranslate:   96  16:45:59   -12460.415357       0.2614     0.028687    -0.045996          3
MinModeTranslate:   97  16:45:59   -12460.417141       0.2753     --------    -0.035834          3
MinModeTranslate:   97  16:45:59   -12460.417141       0.2753     0.023135    -0.035834          3
MinModeTranslate:   98  16:45:59   -12460.418213       0.3568     --------    -0.024469          3
MinModeTranslate:   98  16:45:59   -12460.418213       0.3568     0.064227    -0.024469          3
MinModeTranslate:   99  16:45:59   -12460.420786       0.3621     --------    -0.040638          3
MinModeTranslate:   99  16:45:59   -12460.420786       0.3621     0.050790    -0.040638          3
MinModeTranslate:  100  16:45:59   -12460.422061       0.5306     --------    -0.058130          3
MinModeTranslate:  100  16:45:59   -12460.422061       0.5306     0.053481    -0.058130          3
MinModeTranslate:  101  16:45:59   -12460.423144       0.3476     --------    -0.049361          3
MinModeTranslate:  101  16:45:59   -12460.423144       0.3476     0.051967    -0.049361          3
MinModeTranslate:  102  16:45:59   -12460.424464       0.2818     --------    -0.035914          3
MinModeTranslate:  102  16:45:59   -12460.424464       0.2818     0.027468    -0.035914          3
MinModeTranslate:  103  16:45:59   -12460.424974       0.3168     --------    -0.047248          3
MinModeTranslate:  103  16:45:59   -12460.424974       0.3168     0.045194    -0.047248          3
MinModeTranslate:  104  16:45:59   -12460.425305       0.3028     --------    -0.060435          3
MinModeTranslate:  104  16:45:59   -12460.425305       0.3028     0.037092    -0.060435          3
MinModeTranslate:  105  16:46:00   -12460.425621       0.3366     --------    -0.057262          3
MinModeTranslate:  105  16:46:00   -12460.425621       0.3366     0.037566    -0.057262          3
MinModeTranslate:  106  16:46:00   -12460.425831       0.3001     --------    -0.059759          3
MinModeTranslate:  106  16:46:00   -12460.425831       0.3001     0.057831    -0.059759          3
MinModeTranslate:  107  16:46:00   -12460.425714       0.2200     --------    -0.056431          3
MinModeTranslate:  107  16:46:00   -12460.425714       0.2200     0.032115    -0.056431          3
MinModeTranslate:  108  16:46:00   -12460.425660       0.3704     --------    -0.054880          3
MinModeTranslate:  108  16:46:00   -12460.425660       0.3704     0.045383    -0.054880          3
MinModeTranslate:  109  16:46:00   -12460.425441       0.2157     --------    -0.063603          3
MinModeTranslate:  109  16:46:00   -12460.425441       0.2157     0.038119    -0.063603          3
MinModeTranslate:  110  16:46:00   -12460.424919       0.3359     --------    -0.067924          3
MinModeTranslate:  110  16:46:00   -12460.424919       0.3359     0.035389    -0.067924          3
MinModeTranslate:  111  16:46:00   -12460.424343       0.1864     --------    -0.060062          3
MinModeTranslate:  111  16:46:00   -12460.424343       0.1864     0.044617    -0.060062          3
MinModeTranslate:  112  16:46:00   -12460.423382       0.2262     --------    -0.060086          3
MinModeTranslate:  112  16:46:00   -12460.423382       0.2262     0.044920    -0.060086          3
MinModeTranslate:  113  16:46:00   -12460.422196       0.3715     --------    -0.069082          3
MinModeTranslate:  113  16:46:00   -12460.422196       0.3715     0.060509    -0.069082          3
MinModeTranslate:  114  16:46:01   -12460.420517       0.3017     --------    -0.070343          3
MinModeTranslate:  114  16:46:01   -12460.420517       0.3017     0.100000    -0.070343          3
MinModeTranslate:  115  16:46:01   -12460.418214       0.3692     --------    -0.057573          3
MinModeTranslate:  115  16:46:01   -12460.418214       0.3692     0.060592    -0.057573          3
MinModeTranslate:  116  16:46:01   -12460.416838       0.4165     --------    -0.056687          3
MinModeTranslate:  116  16:46:01   -12460.416838       0.4165     0.081247    -0.056687          3
MinModeTranslate:  117  16:46:01   -12460.413395       0.2901     --------    -0.047004          3
MinModeTranslate:  117  16:46:01   -12460.413395       0.2901     0.048883    -0.047004          3
MinModeTranslate:  118  16:46:01   -12460.412066       0.4817     --------    -0.047194          3
MinModeTranslate:  118  16:46:01   -12460.412066       0.4817     0.051770    -0.047194          3
MinModeTranslate:  119  16:46:01   -12460.410793       0.2037     --------    -0.056702          3
MinModeTranslate:  119  16:46:01   -12460.410793       0.2037     0.043105    -0.056702          3
MinModeTranslate:  120  16:46:01   -12460.409337       0.3875     --------    -0.060491          3
MinModeTranslate:  120  16:46:01   -12460.409337       0.3875     0.045457    -0.060491          3
MinModeTranslate:  121  16:46:01   -12460.407758       0.2526     --------    -0.055794          3
MinModeTranslate:  121  16:46:01   -12460.407758       0.2526     0.071436    -0.055794          3
MinModeTranslate:  122  16:46:01   -12460.405333       0.2591     --------    -0.058219          3
MinModeTranslate:  122  16:46:01   -12460.405333       0.2591     0.055959    -0.058219          3
MinModeTranslate:  123  16:46:02   -12460.403300       0.3744     --------    -0.065064          3
MinModeTranslate:  123  16:46:02   -12460.403300       0.3744     0.072743    -0.065064          3
MinModeTranslate:  124  16:46:02   -12460.400842       0.2067     --------    -0.066737          3
MinModeTranslate:  124  16:46:02   -12460.400842       0.2067     0.045799    -0.066737          3
MinModeTranslate:  125  16:46:02   -12460.399505       0.2748     --------    -0.065296          3
MinModeTranslate:  125  16:46:02   -12460.399505       0.2748     0.029122    -0.065296          3
MinModeTranslate:  126  16:46:02   -12460.398592       0.1436     --------    -0.068355          3
MinModeTranslate:  126  16:46:02   -12460.398592       0.1436     0.043567    -0.068355          3
MinModeTranslate:  127  16:46:02   -12460.397083       0.2503     --------    -0.069064          3
MinModeTranslate:  127  16:46:02   -12460.397083       0.2503     0.039583    -0.069064          3
MinModeTranslate:  128  16:46:02   -12460.395815       0.3492     --------    -0.072453          3
MinModeTranslate:  128  16:46:02   -12460.395815       0.3492     0.060897    -0.072453          3
MinModeTranslate:  129  16:46:02   -12460.393991       0.2863     --------    -0.080854          3
MinModeTranslate:  129  16:46:02   -12460.393991       0.2863     0.064982    -0.080854          3
MinModeTranslate:  130  16:46:02   -12460.392140       0.3764     --------    -0.079320          3
MinModeTranslate:  130  16:46:02   -12460.392140       0.3764     0.059186    -0.079320          3
MinModeTranslate:  131  16:46:02   -12460.390797       0.3074     --------    -0.069979          3
MinModeTranslate:  131  16:46:02   -12460.390797       0.3074     0.076513    -0.069979          3
MinModeTranslate:  132  16:46:03   -12460.389332       0.2614     --------    -0.066096          3
MinModeTranslate:  132  16:46:03   -12460.389332       0.2614     0.067433    -0.066096          3
MinModeTranslate:  133  16:46:03   -12460.388016       0.4298     --------    -0.062792          3
MinModeTranslate:  133  16:46:03   -12460.388016       0.4298     0.089506    -0.062792          3
MinModeTranslate:  134  16:46:03   -12460.386528       0.2579     --------    -0.052383          3
MinModeTranslate:  134  16:46:03   -12460.386528       0.2579     0.066880    -0.052383          3
MinModeTranslate:  135  16:46:03   -12460.386270       0.2921     --------    -0.057225          3
MinModeTranslate:  135  16:46:03   -12460.386270       0.2921     0.038997    -0.057225          3
MinModeTranslate:  136  16:46:03   -12460.386291       0.1802     --------    -0.064714          3
MinModeTranslate:  136  16:46:03   -12460.386291       0.1802     0.048172    -0.064714          3
MinModeTranslate:  137  16:46:03   -12460.386214       0.1754     --------    -0.057239          3
MinModeTranslate:  137  16:46:03   -12460.386214       0.1754     0.037444    -0.057239          3
MinModeTranslate:  138  16:46:03   -12460.386272       0.3195     --------    -0.055498          3
MinModeTranslate:  138  16:46:03   -12460.386272       0.3195     0.045141    -0.055498          3
MinModeTranslate:  139  16:46:03   -12460.386472       0.1676     --------    -0.062985          3
MinModeTranslate:  139  16:46:03   -12460.386472       0.1676     0.044557    -0.062985          3
MinModeTranslate:  140  16:46:03   -12460.386699       0.2875     --------    -0.064678          3
MinModeTranslate:  140  16:46:04   -12460.386699       0.2875     0.027185    -0.064678          3
MinModeTranslate:  141  16:46:04   -12460.386894       0.1264     --------    -0.058286          3
MinModeTranslate:  141  16:46:04   -12460.386894       0.1264     0.032965    -0.058286          3
MinModeTranslate:  142  16:46:04   -12460.387157       0.1543     --------    -0.053594          3
MinModeTranslate:  142  16:46:04   -12460.387157       0.1543     0.020433    -0.053594          3
MinModeTranslate:  143  16:46:04   -12460.387284       0.2015     --------    -0.060558          3
MinModeTranslate:  143  16:46:04   -12460.387284       0.2015     0.039573    -0.060558          3
MinModeTranslate:  144  16:46:04   -12460.387504       0.1335     --------    -0.071046          3
MinModeTranslate:  144  16:46:04   -12460.387504       0.1335     0.030802    -0.071046          3
MinModeTranslate:  145  16:46:04   -12460.387804       0.2416     --------    -0.068983          3
MinModeTranslate:  145  16:46:04   -12460.387804       0.2416     0.038782    -0.068983          3
MinModeTranslate:  146  16:46:04   -12460.388235       0.1538     --------    -0.068050          3
MinModeTranslate:  146  16:46:04   -12460.388235       0.1538     0.044180    -0.068050          3
MinModeTranslate:  147  16:46:04   -12460.388574       0.1877     --------    -0.065207          3
MinModeTranslate:  147  16:46:04   -12460.388574       0.1877     0.044287    -0.065207          3
MinModeTranslate:  148  16:46:04   -12460.388934       0.2318     --------    -0.057333          3
MinModeTranslate:  148  16:46:05   -12460.388934       0.2318     0.058593    -0.057333          3
MinModeTranslate:  149  16:46:05   -12460.389537       0.1845     --------    -0.047443          3
MinModeTranslate:  149  16:46:05   -12460.389537       0.1845     0.051020    -0.047443          3
MinModeTranslate:  150  16:46:05   -12460.390069       0.2921     --------    -0.041417          3
MinModeTranslate:  150  16:46:05   -12460.390069       0.2921     0.040310    -0.041417          3
MinModeTranslate:  151  16:46:05   -12460.390508       0.1742     --------    -0.035529          3
MinModeTranslate:  151  16:46:05   -12460.390508       0.1742     0.051109    -0.035529          3
MinModeTranslate:  152  16:46:05   -12460.391177       0.1825     --------    -0.039138          3
MinModeTranslate:  152  16:46:05   -12460.391177       0.1825     0.033130    -0.039138          3
MinModeTranslate:  153  16:46:05   -12460.391578       0.1812     --------    -0.040779          3
MinModeTranslate:  153  16:46:05   -12460.391578       0.1812     0.048105    -0.040779          3
MinModeTranslate:  154  16:46:05   -12460.392166       0.1384     --------    -0.031756          3
MinModeTranslate:  154  16:46:05   -12460.392166       0.1384     0.029766    -0.031756          3
MinModeTranslate:  155  16:46:05   -12460.392620       0.1886     --------    -0.035667          3
MinModeTranslate:  155  16:46:05   -12460.392620       0.1886     0.022496    -0.035667          3
MinModeTranslate:  156  16:46:05   -12460.392943       0.0894     --------    -0.042979          3
MinModeTranslate:  156  16:46:05   -12460.392943       0.0894     0.015199    -0.042979          3
MinModeTranslate:  157  16:46:06   -12460.393126       0.0926     --------    -0.038404          3
MinModeTranslate:  157  16:46:06   -12460.393126       0.0926     0.008732    -0.038404          3
MinModeTranslate:  158  16:46:06   -12460.393240       0.0952     --------    -0.036092          3
MinModeTranslate:  158  16:46:06   -12460.393240       0.0952     0.008929    -0.036092          3
MinModeTranslate:  159  16:46:06   -12460.393348       0.0511     --------    -0.038899          3
MinModeTranslate:  159  16:46:06   -12460.393348       0.0511     0.005456    -0.038899          3
MinModeTranslate:  160  16:46:06   -12460.393397       0.0800     --------    -0.043214          3
