MinModeTranslate: STEP      TIME          ENERGY    MAX-FORCE     STEPSIZE    CURVATURE  ROT-STEPS
MinModeTranslate:    0  16:49:00   -12456.694495       1.8632     --------     2.438425          3
MinModeTranslate:    0  16:49:00   -12456.694495       1.8632     0.100000     2.438425          3
MinModeTranslate:    1  16:49:00   -12456.398670       1.5377     --------     1.599994          3
MinModeTranslate:    1  16:49:00   -12456.398670       1.5377     0.100000     1.599994          3
MinModeTranslate:    2  16:49:00   -12456.148510       1.4388     --------     0.945310          3
MinModeTranslate:    2  16:49:00   -12456.148510       1.4388     0.100000     0.945310          3
MinModeTranslate:    3  16:49:00   -12455.912137       6.4269     --------    -0.572195          3
MinModeTranslate:    3  16:49:00   -12455.912137       6.4269     0.100000    -0.572195          3
MinModeTranslate:    4  16:49:00   -12455.886644       6.0661     --------    -0.979566          3
MinModeTranslate:    4  16:49:00   -12455.886644       6.0661     0.100000    -0.979566          3
MinModeTranslate:    5  16:49:00   -12456.770884       1.8974     --------     0.582350          3
MinModeTranslate:    5  16:49:00   -12456.770884       1.8974     0.100000     0.582350          3
MinModeTranslate:    6  16:49:00   -12456.475149       1.9681     --------     1.222321          3
MinModeTranslate:    6  16:49:00   -12456.475149       1.9681     0.100000     1.222321          3
MinModeTranslate:    7  16:49:00   -12456.161571       2.0003     --------     0.675002          3
MinModeTranslate:    7  16:49:00   -12456.161571       2.0003     0.100000     0.675002          3
MinModeTranslate:    8  16:49:01   -12455.848952       4.6210     --------    -3.778890          3
MinModeTranslate:    8  16:49:01   -12455.848952       4.6210     0.100000    -3.778890          3
MinModeTranslate:    9  16:49:01   -12455.831094       4.1473     --------    -5.772566          3
MinModeTranslate:    9  16:49:01   -12455.831094       4.1473     0.100000    -5.772566          3
MinModeTranslate:   10  16:49:01   -12456.502506       3.5025     --------    -4.601703          3
MinModeTranslate:   10  16:49:01   -12456.502506       3.5025     0.100000    -4.601703          3
MinModeTranslate:   11  16:49:01   -12456.998286       3.2378     --------    -2.565548          3
MinModeTranslate:   11  16:49:01   -12456.998286       3.2378     0.100000    -2.565548          3
MinModeTranslate:   12  16:49:01   -12457.373475       3.8591     --------    -7.234363          3
MinModeTranslate:   12  16:49:01   -12457.373475       3.8591     0.100000    -7.234363          3
MinModeTranslate:   13  16:49:01   -12457.409139       3.2799     --------     2.003372          3
MinModeTranslate:   13  16:49:01   -12457.409139       3.2799     0.100000     2.003372          3
MinModeTranslate:   14  16:49:01   -12456.993255       3.5174     --------     3.042239          3
MinModeTranslate:   14  16:49:01   -12456.993255       3.5174     0.100000     3.042239          3
MinModeTranslate:   15  16:49:01   -12456.570263       3.5693     --------    -3.641712          3
MinModeTranslate:   15  16:49:01   -12456.570263       3.5693     0.100000    -3.641712          3
MinModeTranslate:   16  16:49:01   -12456.322721       3.6520     --------   -20.367520          3
MinModeTranslate:   16  16:49:01   -12456.322721       3.6520     0.100000   -20.367520          3
MinModeTranslate:   17  16:49:01   -12456.215601       2.5766     --------   -23.236664          3
MinModeTranslate:   17  16:49:01   -12456.215601       2.5766     0.100000   -23.236664          3
MinModeTranslate:   18  16:49:02   -12456.324867       2.8320     --------   -11.223108          3
MinModeTranslate:   18  16:49:02   -12456.324867       2.8320     0.100000   -11.223108          3
MinModeTranslate:   19  16:49:02   -12456.487566       1.5476     --------    -5.376887          3
MinModeTranslate:   19  16:49:02   -12456.487566       1.5476     0.097497    -5.376887          3
MinModeTranslate:   20  16:49:02   -12456.492240       3.2243     --------    -4.550950          3
MinModeTranslate:   20  16:49:02   -12456.492240       3.2243     0.100000    -4.550950          3
MinModeTranslate:   21  16:49:02   -12456.548608       2.6842     --------    -3.014926          3
MinModeTranslate:   21  16:49:02   -12456.548608       2.6842     0.046838    -3.014926          3
MinModeTranslate:   22  16:49:02   -12456.602182       1.3798     --------    -2.179579          3
MinModeTranslate:   22  16:49:02   -12456.602182       1.3798     0.100000    -2.179579          3
MinModeTranslate:   23  16:49:02   -12456.580419       1.7886     --------    -1.279118          3
MinModeTranslate:   23  16:49:02   -12456.580419       1.7886     0.100000    -1.279118          3
MinModeTranslate:   24  16:49:02   -12456.548724       1.8493     --------    -1.080759          3
MinModeTranslate:   24  16:49:02   -12456.548724       1.8493     0.100000    -1.080759          3
MinModeTranslate:   25  16:49:02   -12456.495495       1.5828     --------    -1.251148          3
MinModeTranslate:   25  16:49:02   -12456.495495       1.5828     0.055340    -1.251148          3
MinModeTranslate:   26  16:49:02   -12456.486201       1.4640     --------    -1.570707          3
MinModeTranslate:   26  16:49:02   -12456.486201       1.4640     0.088092    -1.570707          3
MinModeTranslate:   27  16:49:02   -12456.388380       3.0476     --------    -2.406626          3
MinModeTranslate:   27  16:49:02   -12456.388380       3.0476     0.100000    -2.406626          3
MinModeTranslate:   28  16:49:03   -12456.369069       0.7520     --------     0.069398          3
MinModeTranslate:   28  16:49:03   -12456.369069       0.7520     0.100000     0.069398          3
MinModeTranslate:   29  16:49:03   -12456.268290       0.7605     --------     0.543375          3
MinModeTranslate:   29  16:49:03   -12456.268290       0.7605     0.100000     0.543375          3
MinModeTranslate:   30  16:49:03   -12456.163242       1.9181     --------    -0.171783          3
MinModeTranslate:   30  16:49:03   -12456.163242       1.9181     0.100000    -0.171783          3
MinModeTranslate:   31  16:49:03   -12456.099923       0.7763     --------    -0.737263          3
MinModeTranslate:   31  16:49:03   -12456.099923       0.7763     0.100000    -0.737263          3
MinModeTranslate:   32  16:49:03   -12456.038021       0.7625     --------    -0.886051          3
MinModeTranslate:   32  16:49:03   -12456.038021       0.7625     0.100000    -0.886051          3
MinModeTranslate:   33  16:49:03   -12456.007320       0.9987     --------    -1.481361          3
MinModeTranslate:   33  16:49:03   -12456.007320       0.9987     0.100000    -1.481361          3
MinModeTranslate:   34  16:49:03   -12456.003551       0.7172     --------    -1.226067          3
MinModeTranslate:   34  16:49:03   -12456.003551       0.7172     0.044142    -1.226067          3
MinModeTranslate:   35  16:49:03   -12456.010355       0.7021     --------    -0.854195          3
MinModeTranslate:   35  16:49:03   -12456.010355       0.7021     0.100000    -0.854195          3
MinModeTranslate:   36  16:49:03   -12456.019472       1.2149     --------    -0.488954          3
MinModeTranslate:   36  16:49:03   -12456.019472       1.2149     0.100000    -0.488954          3
MinModeTranslate:   37  16:49:03   -12456.066382       0.6968     --------    -0.761483          3
MinModeTranslate:   37  16:49:03   -12456.066382       0.6968     0.100000    -0.761483          3
MinModeTranslate:   38  16:49:04   -12456.095510       0.9206     --------    -0.772373          3
MinModeTranslate:   38  16:49:04   -12456.095510       0.9206     0.100000    -0.772373          3
MinModeTranslate:   39  16:49:04   -12456.142974       0.3912     --------    -0.710651          3
MinModeTranslate:   39  16:49:04   -12456.142974       0.3912     0.100000    -0.710651          3
MinModeTranslate:   40  16:49:04   -12456.176084       1.1839     --------    -1.080705          3
MinModeTranslate:   40  16:49:04   -12456.176084       1.1839     0.100000    -1.080705          3
MinModeTranslate:   41  16:49:04   -12456.227167       1.2875     --------    -1.001670          3
MinModeTranslate:   41  16:49:04   -12456.227167       1.2875     0.037819    -1.001670          3
MinModeTranslate:   42  16:49:04   -12456.262888       0.4979     --------    -1.112600          3
MinModeTranslate:   42  16:49:04   -12456.262888       0.4979     0.100000    -1.112600          3
MinModeTranslate:   43  16:49:04   -12456.305979       1.1290     --------    -0.727512          3
MinModeTranslate:   43  16:49:04   -12456.305979       1.1290     0.100000    -0.727512          3
MinModeTranslate:   44  16:49:04   -12456.374924       0.0727     --------     0.142308          3
MinModeTranslate:   44  16:49:04   -12456.374924       0.0727     0.100000     0.142308          3
MinModeTranslate:   45  16:49:04   -12456.364880       0.7486     --------    -1.281636          3
MinModeTranslate:   45  16:49:04   -12456.364880       0.7486     0.100000    -1.281636          3
MinModeTranslate:   46  16:49:04   -12456.375997       0.4806     --------    -1.693755          3
MinModeTranslate:   46  16:49:04   -12456.375997       0.4806     0.030700    -1.693755          3
MinModeTranslate:   47  16:49:05   -12456.393861       0.4622     --------    -1.771721          3
MinModeTranslate:   47  16:49:05   -12456.393861       0.4622     0.049258    -1.771721          3
MinModeTranslate:   48  16:49:05   -12456.411816       0.9897     --------    -1.845068          3
MinModeTranslate:   48  16:49:05   -12456.411816       0.9897     0.100000    -1.845068          3
MinModeTranslate:   49  16:49:05   -12456.446517       0.7573     --------    -1.604403          3
MinModeTranslate:   49  16:49:05   -12456.446517       0.7573     0.100000    -1.604403          3
MinModeTranslate:   50  16:49:05   -12456.501979       0.7703     --------    -0.944662          3
MinModeTranslate:   50  16:49:05   -12456.501979       0.7703     0.054946    -0.944662          3
MinModeTranslate:   51  16:49:05   -12456.544645       1.0808     --------    -0.605611          3
MinModeTranslate:   51  16:49:05   -12456.544645       1.0808     0.052164    -0.605611          3
MinModeTranslate:   52  16:49:05   -12456.568308       0.7597     --------    -0.213883          3
MinModeTranslate:   52  16:49:05   -12456.568308       0.7597     0.070333    -0.213883          3
MinModeTranslate:   53  16:49:05   -12456.595203       0.1386     --------     0.070228          3
MinModeTranslate:   53  16:49:05   -12456.595203       0.1386     0.100000     0.070228          3
MinModeTranslate:   54  16:49:05   -12456.571292       0.7527     --------    -0.287319          3
MinModeTranslate:   54  16:49:05   -12456.571292       0.7527     0.100000    -0.287319          3
MinModeTranslate:   55  16:49:05   -12456.568642       0.5081     --------    -1.533439          3
MinModeTranslate:   55  16:49:05   -12456.568642       0.5081     0.030266    -1.533439          3
MinModeTranslate:   56  16:49:06   -12456.586381       0.5993     --------    -2.010872          3
MinModeTranslate:   56  16:49:06   -12456.586381       0.5993     0.030659    -2.010872          3
MinModeTranslate:   57  16:49:06   -12456.597247       0.3497     --------    -2.357182          3
MinModeTranslate:   57  16:49:06   -12456.597247       0.3497     0.051296    -2.357182          3
MinModeTranslate:   58  16:49:06   -12456.610903       0.5139     --------    -1.895222          3
MinModeTranslate:   58  16:49:06   -12456.610903       0.5139     0.100000    -1.895222          3
MinModeTranslate:   59  16:49:06   -12456.638834       0.9045     --------    -0.272556          3
MinModeTranslate:   59  16:49:06   -12456.638834       0.9045     0.100000    -0.272556          3
MinModeTranslate:   60  16:49:06   -12456.676582       0.4751     --------    -0.139706          3
MinModeTranslate:   60  16:49:06   -12456.676582       0.4751     0.100000    -0.139706          3
MinModeTranslate:   61  16:49:06   -12456.727754       0.6238     --------    -0.245049          3
MinModeTranslate:   61  16:49:06   -12456.727754       0.6238     0.100000    -0.245049          3
MinModeTranslate:   62  16:49:06   -12456.763844       0.7356     --------    -0.248411          3
MinModeTranslate:   62  16:49:06   -12456.763844       0.7356     0.100000    -0.248411          3
MinModeTranslate:   63  16:49:06   -12456.786962       0.9428     --------    -0.310508          3
MinModeTranslate:   63  16:49:06   -12456.786962       0.9428     0.100000    -0.310508          3
MinModeTranslate:   64  16:49:06   -12456.833893       0.6455     --------    -0.472617          3
MinModeTranslate:   64  16:49:06   -12456.833893       0.6455     0.100000    -0.472617          3
MinModeTranslate:   65  16:49:07   -12456.879529       1.0541     --------    -0.593570          3
MinModeTranslate:   65  16:49:07   -12456.879529       1.0541     0.100000    -0.593570          3
MinModeTranslate:   66  16:49:07   -12456.941215       0.5832     --------    -0.711843          3
MinModeTranslate:   66  16:49:07   -12456.941215       0.5832     0.100000    -0.711843          3
MinModeTranslate:   67  16:49:07   -12456.965607       1.1090     --------    -1.099759          3
MinModeTranslate:   67  16:49:07   -12456.965607       1.1090     0.100000    -1.099759          3
MinModeTranslate:   68  16:49:07   -12456.984086       1.5020     --------    -1.507840          3
MinModeTranslate:   68  16:49:07   -12456.984086       1.5020     0.087282    -1.507840          3
MinModeTranslate:   69  16:49:07   -12457.042930       0.8894     --------    -1.594638          3
MinModeTranslate:   69  16:49:07   -12457.042930       0.8894     0.100000    -1.594638          3
MinModeTranslate:   70  16:49:07   -12457.061000       1.3580     --------    -1.874560          3
MinModeTranslate:   70  16:49:07   -12457.061000       1.3580     0.094176    -1.874560          3
MinModeTranslate:   71  16:49:07   -12457.088436       1.1183     --------    -2.164194          3
MinModeTranslate:   71  16:49:07   -12457.088436       1.1183     0.100000    -2.164194          3
MinModeTranslate:   72  16:49:07   -12457.084328       1.4461     --------    -2.203626          3
MinModeTranslate:   72  16:49:07   -12457.084328       1.4461     0.094576    -2.203626          3
MinModeTranslate:   73  16:49:07   -12457.103847       1.1365     --------    -2.318775          3
MinModeTranslate:   73  16:49:07   -12457.103847       1.1365     0.099169    -2.318775          3
MinModeTranslate:   74  16:49:08   -12457.095963       1.2552     --------    -3.066389          3
MinModeTranslate:   74  16:49:08   -12457.095963       1.2552     0.100000    -3.066389          3
MinModeTranslate:   75  16:49:08   -12457.115110       1.2343     --------    -3.837280          3
MinModeTranslate:   75  16:49:08   -12457.115110       1.2343     0.052499    -3.837280          3
MinModeTranslate:   76  16:49:08   -12457.134469       0.4947     --------    -4.078689          3
MinModeTranslate:   76  16:49:08   -12457.134469       0.4947     0.053997    -4.078689          3
MinModeTranslate:   77  16:49:08   -12457.150732       0.8850     --------    -4.582243          3
MinModeTranslate:   77  16:49:08   -12457.150732       0.8850     0.055479    -4.582243          3
MinModeTranslate:   78  16:49:08   -12457.173503       0.4630     --------    -5.040871          3
MinModeTranslate:   78  16:49:08   -12457.173503       0.4630     0.063204    -5.040871          3
MinModeTranslate:   79  16:49:08   -12457.198447       0.7141     --------    -5.378846          3
MinModeTranslate:   79  16:49:08   -12457.198447       0.7141     0.062190    -5.378846          3
MinModeTranslate:   80  16:49:08   -12457.219763       0.4894     --------    -5.762348          3
MinModeTranslate:   80  16:49:08   -12457.219763       0.4894     0.100000    -5.762348          3
MinModeTranslate:   81  16:49:08   -12457.242606       0.5891     --------    -6.305880          3
MinModeTranslate:   81  16:49:08   -12457.242606       0.5891     0.098986    -6.305880          3
MinModeTranslate:   82  16:49:08   -12457.253241       0.6816     --------    -6.624086          3
MinModeTranslate:   82  16:49:08   -12457.253241       0.6816     0.100000    -6.624086          3
MinModeTranslate:   83  16:49:08   -12457.264263       0.5469     --------    -6.866264          3
MinModeTranslate:   83  16:49:08   -12457.264263       0.5469     0.031120    -6.866264          3
MinModeTranslate:   84  16:49:09   -12457.269972       0.3929     --------    -6.900626          3
MinModeTranslate:   84  16:49:09   -12457.269972       0.3929     0.088257    -6.900626          3
MinModeTranslate:   85  16:49:09   -12457.273128       0.7798     --------    -6.055983          3
MinModeTranslate:   85  16:49:09   -12457.273128       0.7798     0.045215    -6.055983          3
MinModeTranslate:   86  16:49:09   -12457.285489       0.3294     --------    -5.563771          3
MinModeTranslate:   86  16:49:09   -12457.285489       0.3294     0.020217    -5.563771          3
MinModeTranslate:   87  16:49:09   -12457.290628       0.2998     --------    -5.514787          3
MinModeTranslate:   87  16:49:09   -12457.290628       0.2998     0.029005    -5.514787          3
MinModeTranslate:   88  16:49:09   -12457.296660       0.3019     --------    -5.510021          3
MinModeTranslate:   88  16:49:09   -12457.296660       0.3019     0.023346    -5.510021          3
MinModeTranslate:   89  16:49:09   -12457.300633       0.2622     --------    -5.522074          3
MinModeTranslate:   89  16:49:09   -12457.300633       0.2622     0.031215    -5.522074          3
MinModeTranslate:   90  16:49:09   -12457.304439       0.2791     --------    -5.684513          3
MinModeTranslate:   90  16:49:09   -12457.304439       0.2791     0.042896    -5.684513          3
MinModeTranslate:   91  16:49:09   -12457.308604       0.3214     --------    -6.010824          3
MinModeTranslate:   91  16:49:09   -12457.308604       0.3214     0.046985    -6.010824          3
MinModeTranslate:   92  16:49:09   -12457.313233       0.2976     --------    -6.275803          3
MinModeTranslate:   92  16:49:09   -12457.313233       0.2976     0.064909    -6.275803          3
MinModeTranslate:   93  16:49:10   -12457.320206       0.3299     --------    -6.516887          3
MinModeTranslate:   93  16:49:10   -12457.320206       0.3299     0.045552    -6.516887          3
MinModeTranslate:   94  16:49:10   -12457.325774       0.2309     --------    -6.637391          3
MinModeTranslate:   94  16:49:10   -12457.325774       0.2309     0.045991    -6.637391          3
MinModeTranslate:   95  16:49:10   -12457.330695       0.2295     --------    -6.547202          3
MinModeTranslate:   95  16:49:10   -12457.330695       0.2295     0.046554    -6.547202          3
MinModeTranslate:   96  16:49:10   -12457.334554       0.2718     --------    -6.358750          3
MinModeTranslate:   96  16:49:10   -12457.334554       0.2718     0.049372    -6.358750          3
MinModeTranslate:   97  16:49:10   -12457.337961       0.2462     --------    -6.224737          3
MinModeTranslate:   97  16:49:10   -12457.337961       0.2462     0.081255    -6.224737          3
MinModeTranslate:   98  16:49:10   -12457.343389       0.3611     --------    -6.002632          3
MinModeTranslate:   98  16:49:10   -12457.343389       0.3611     0.056030    -6.002632          3
MinModeTranslate:   99  16:49:10   -12457.347293       0.3494     --------    -5.820171          3
MinModeTranslate:   99  16:49:10   -12457.347293       0.3494     0.059820    -5.820171          3
MinModeTranslate:  100  16:49:10   -12457.352129       0.2488     --------    -5.612453          3
MinModeTranslate:  100  16:49:10   -12457.352129       0.2488     0.037494    -5.612453          3
MinModeTranslate:  101  16:49:10   -12457.355084       0.2327     --------    -5.531695          3
MinModeTranslate:  101  16:49:10   -12457.355084       0.2327     0.025673    -5.531695          3
MinModeTranslate:  102  16:49:10   -12457.356983       0.2087     --------    -5.518899          3
MinModeTranslate:  102  16:49:10   -12457.356983       0.2087     0.056475    -5.518899          3
MinModeTranslate:  103  16:49:11   -12457.360479       0.2120     --------    -5.524588          3
MinModeTranslate:  103  16:49:11   -12457.360479       0.2120     0.053203    -5.524588          3
MinModeTranslate:  104  16:49:11   -12457.363544       0.2902     --------    -5.523935          3
MinModeTranslate:  104  16:49:11   -12457.363544       0.2902     0.063590    -5.523935          3
MinModeTranslate:  105  16:49:11   -12457.367141       0.2617     --------    -5.551750          3
MinModeTranslate:  105  16:49:11   -12457.367141       0.2617     0.061664    -5.551750          3
MinModeTranslate:  106  16:49:11   -12457.370702       0.2397     --------    -5.580423          3
MinModeTranslate:  106  16:49:11   -12457.370702       0.2397     0.042569    -5.580423          3
MinModeTranslate:  107  16:49:11   -12457.373723       0.2652     --------    -5.620238          3
MinModeTranslate:  107  16:49:11   -12457.373723       0.2652     0.099805    -5.620238          3
MinModeTranslate:  108  16:49:11   -12457.380441       0.3050     --------    -5.909520          3
MinModeTranslate:  108  16:49:11   -12457.380441       0.3050     0.100000    -5.909520          3
MinModeTranslate:  109  16:49:11   -12457.388001       0.4272     --------    -6.313862          3
MinModeTranslate:  109  16:49:11   -12457.388001       0.4272     0.089542    -6.313862          3
MinModeTranslate:  110  16:49:11   -12457.393118       0.3322     --------    -6.551227          3
MinModeTranslate:  110  16:49:11   -12457.393118       0.3322     0.100000    -6.551227          3
MinModeTranslate:  111  16:49:11   -12457.401249       0.3044     --------    -6.601151          3
MinModeTranslate:  111  16:49:11   -12457.401249       0.3044     0.033462    -6.601151          3
MinModeTranslate:  112  16:49:12   -12457.406110       0.2791     --------    -6.604303          3
MinModeTranslate:  112  16:49:12   -12457.406110       0.2791     0.052656    -6.604303          3
MinModeTranslate:  113  16:49:12   -12457.410219       0.2750     --------    -6.537710          3
MinModeTranslate:  113  16:49:12   -12457.410219       0.2750     0.042148    -6.537710          3
MinModeTranslate:  114  16:49:12   -12457.413979       0.2765     --------    -6.501685          3
MinModeTranslate:  114  16:49:12   -12457.413979       0.2765     0.025619    -6.501685          3
MinModeTranslate:  115  16:49:12   -12457.416277       0.1809     --------    -6.545907          3
MinModeTranslate:  115  16:49:12   -12457.416277       0.1809     0.039585    -6.545907          3
MinModeTranslate:  116  16:49:12   -12457.419599       0.2642     --------    -6.636826          3
MinModeTranslate:  116  16:49:12   -12457.419599       0.2642     0.043208    -6.636826          3
MinModeTranslate:  117  16:49:12   -12457.423115       0.2018     --------    -6.669844          3
MinModeTranslate:  117  16:49:12   -12457.423115       0.2018     0.058235    -6.669844          3
MinModeTranslate:  118  16:49:12   -12457.427456       0.3065     --------    -6.922107          3
MinModeTranslate:  118  16:49:12   -12457.427456       0.3065     0.100000    -6.922107          3
MinModeTranslate:  119  16:49:12   -12457.437960       0.2845     --------    -7.497816          3
MinModeTranslate:  119  16:49:12   -12457.437960       0.2845     0.062464    -7.497816          3
MinModeTranslate:  120  16:49:12   -12457.446383       0.5709     --------    -7.900625          3
MinModeTranslate:  120  16:49:12   -12457.446383       0.5709     0.100000    -7.900625          3
MinModeTranslate:  121  16:49:12   -12457.462515       0.7795     --------    -7.989262          3
MinModeTranslate:  121  16:49:12   -12457.462515       0.7795     0.100000    -7.989262          3
MinModeTranslate:  122  16:49:13   -12457.494946       0.7513     --------    -7.341729          3
MinModeTranslate:  122  16:49:13   -12457.494946       0.7513     0.100000    -7.341729          3
MinModeTranslate:  123  16:49:13   -12457.524137       0.7250     --------    -6.639199          3
MinModeTranslate:  123  16:49:13   -12457.524137       0.7250     0.059538    -6.639199          3
MinModeTranslate:  124  16:49:13   -12457.547456       0.9451     --------    -6.381137          3
MinModeTranslate:  124  16:49:13   -12457.547456       0.9451     0.092995    -6.381137          3
MinModeTranslate:  125  16:49:13   -12457.569216       0.8898     --------    -5.548831          3
MinModeTranslate:  125  16:49:13   -12457.569216       0.8898     0.070435    -5.548831          3
MinModeTranslate:  126  16:49:13   -12457.595101       0.8626     --------    -4.619904          3
MinModeTranslate:  126  16:49:13   -12457.595101       0.8626     0.050476    -4.619904          3
MinModeTranslate:  127  16:49:13   -12457.610180       0.4850     --------    -4.053326          3
MinModeTranslate:  127  16:49:13   -12457.610180       0.4850     0.071867    -4.053326          3
MinModeTranslate:  128  16:49:13   -12457.621836       0.7252     --------    -3.461947          3
MinModeTranslate:  128  16:49:13   -12457.621836       0.7252     0.061002    -3.461947          3
MinModeTranslate:  129  16:49:13   -12457.630565       0.5226     --------    -3.064415          3
MinModeTranslate:  129  16:49:13   -12457.630565       0.5226     0.100000    -3.064415          3
MinModeTranslate:  130  16:49:13   -12457.643903       0.7270     --------    -2.651207          3
MinModeTranslate:  130  16:49:13   -12457.643903       0.7270     0.095966    -2.651207          3
MinModeTranslate:  131  16:49:13   -12457.657975       1.1049     --------    -2.673620          3
MinModeTranslate:  131  16:49:13   -12457.657975       1.1049     0.100000    -2.673620          3
MinModeTranslate:  132  16:49:14   -12457.673717       0.4990     --------    -3.000502          3
MinModeTranslate:  132  16:49:14   -12457.673717       0.4990     0.023056    -3.000502          3
MinModeTranslate:  133  16:49:14   -12457.681173       0.3978     --------    -3.132053          3
MinModeTranslate:  133  16:49:14   -12457.681173       0.3978     0.020787    -3.132053          3
MinModeTranslate:  134  16:49:14   -12457.684927       0.2830     --------    -3.300622          3
MinModeTranslate:  134  16:49:14   -12457.684927       0.2830     0.031665    -3.300622          3
MinModeTranslate:  135  16:49:14   -12457.689265       0.2465     --------    -3.609631          3
MinModeTranslate:  135  16:49:14   -12457.689265       0.2465     0.020476    -3.609631          3
MinModeTranslate:  136  16:49:14   -12457.691846       0.3086     --------    -3.848544          3
MinModeTranslate:  136  16:49:14   -12457.691846       0.3086     0.018689    -3.848544          3
MinModeTranslate:  137  16:49:14   -12457.694006       0.1923     --------    -4.098247          3
MinModeTranslate:  137  16:49:14   -12457.694006       0.1923     0.015433    -4.098247          3
MinModeTranslate:  138  16:49:14   -12457.695469       0.2175     --------    -4.260668          3
MinModeTranslate:  138  16:49:14   -12457.695469       0.2175     0.016453    -4.260668          3
MinModeTranslate:  139  16:49:14   -12457.697039       0.2275     --------    -4.406173          3
MinModeTranslate:  139  16:49:14   -12457.697039       0.2275     0.036150    -4.406173          3
MinModeTranslate:  140  16:49:14   -12457.700614       0.2435     --------    -4.726033          3
MinModeTranslate:  140  16:49:14   -12457.700614       0.2435     0.041806    -4.726033          3
MinModeTranslate:  141  16:49:15   -12457.704823       0.3944     --------    -5.023240          3
MinModeTranslate:  141  16:49:15   -12457.704823       0.3944     0.049422    -5.023240          3
MinModeTranslate:  142  16:49:15   -12457.709896       0.2432     --------    -5.259578          3
MinModeTranslate:  142  16:49:15   -12457.709896       0.2432     0.065214    -5.259578          3
MinModeTranslate:  143  16:49:15   -12457.715580       0.1820     --------    -5.426510          3
MinModeTranslate:  143  16:49:15   -12457.715580       0.1820     0.047505    -5.426510          3
MinModeTranslate:  144  16:49:15   -12457.718915       0.3994     --------    -5.469850          3
MinModeTranslate:  144  16:49:15   -12457.718915       0.3994     0.076247    -5.469850          3
MinModeTranslate:  145  16:49:15   -12457.723078       0.2408     --------    -5.376676          3
MinModeTranslate:  145  16:49:15   -12457.723078       0.2408     0.100000    -5.376676          3
MinModeTranslate:  146  16:49:15   -12457.727679       0.3439     --------    -5.106085          3
MinModeTranslate:  146  16:49:15   -12457.727679       0.3439     0.060537    -5.106085          3
MinModeTranslate:  147  16:49:15   -12457.730941       0.4406     --------    -4.963761          3
MinModeTranslate:  147  16:49:15   -12457.730941       0.4406     0.100000    -4.963761          3
MinModeTranslate:  148  16:49:15   -12457.738446       0.2064     --------    -4.673376          3
MinModeTranslate:  148  16:49:15   -12457.738446       0.2064     0.030918    -4.673376          3
MinModeTranslate:  149  16:49:15   -12457.741891       0.3252     --------    -4.583102          3
MinModeTranslate:  149  16:49:15   -12457.741891       0.3252     0.052342    -4.583102          3
MinModeTranslate:  150  16:49:15   -12457.746599       0.3914     --------    -4.550456          3
MinModeTranslate:  150  16:49:15   -12457.746599       0.3914     0.078076    -4.550456          3
MinModeTranslate:  151  16:49:16   -12457.754444       0.3776     --------    -4.693784          3
MinModeTranslate:  151  16:49:16   -12457.754444       0.3776     0.035915    -4.693784          3
MinModeTranslate:  152  16:49:16   -12457.758042       0.2908     --------    -4.787570          3
MinModeTranslate:  152  16:49:16   -12457.758042       0.2908     0.041569    -4.787570          3
MinModeTranslate:  153  16:49:16   -12457.761623       0.2173     --------    -4.988273          3
MinModeTranslate:  153  16:49:16   -12457.761623       0.2173     0.035589    -4.988273          3
MinModeTranslate:  154  16:49:16   -12457.764143       0.3204     --------    -5.229943          3
MinModeTranslate:  154  16:49:16   -12457.764143       0.3204     0.020593    -5.229943          3
MinModeTranslate:  155  16:49:16   -12457.765557       0.1288     --------    -5.370312          3
MinModeTranslate:  155  16:49:16   -12457.765557       0.1288     0.013953    -5.370312          3
MinModeTranslate:  156  16:49:16   -12457.766403       0.1232     --------    -5.482175          3
MinModeTranslate:  156  16:49:16   -12457.766403       0.1232     0.009270    -5.482175          3
MinModeTranslate:  157  16:49:16   -12457.766898       0.1288     --------    -5.547241          3
MinModeTranslate:  157  16:49:16   -12457.766898       0.1288     0.009814    -5.547241          3
MinModeTranslate:  158  16:49:16   -12457.767394       0.0683     --------    -5.583873          3
MinModeTranslate:  158  16:49:16   -12457.767394       0.0683     0.006937    -5.583873          3
MinModeTranslate:  159  16:49:16   -12457.767695       0.1023     --------    -5.615587          3
MinModeTranslate:  159  16:49:16   -12457.767695       0.1023     0.010330    -5.615587          3
MinModeTranslate:  160  16:49:16   -12457.768101       0.1212     --------    -5.672145          3
