MINMODE:METHOD: Dimer
DIM:CONTROL: Search Parameters:
DIM:CONTROL: ------------------
DIM:CONTROL: eigenmode_method = dimer
DIM:CONTROL: f_rot_min = 0.01
DIM:CONTROL: f_rot_max = 0.1
DIM:CONTROL: max_num_rot = 3
DIM:CONTROL: trial_angle = 0.7853981633974483
DIM:CONTROL: trial_trans_step = 0.001
DIM:CONTROL: maximum_translation = 0.1
DIM:CONTROL: cg_translation = True
DIM:CONTROL: use_central_forces = True
DIM:CONTROL: dimer_separation = 0.005
DIM:CONTROL: initial_eigenmode_method = gauss
DIM:CONTROL: extrapolate_forces = True
DIM:CONTROL: displacement_method = gauss
DIM:CONTROL: gauss_std = 0.1
DIM:CONTROL: order = 1
DIM:CONTROL: mask = None
DIM:CONTROL: displacement_center = None
DIM:CONTROL: displacement_radius = None
DIM:CONTROL: number_of_displacement_atoms = None
DIM:CONTROL: ------------------
DIM:ROT: OPT-STEP ROT-STEP CURVATURE ROT-ANGLE ROT-FORCE
DIM:ROT:       0         1  -23.0016   24.2226   20.1984
DIM:ROT:       0         2  -25.3919    9.9877   12.8572
DIM:ROT:       0         3  -26.1231    5.7355    7.2549
DIM:ROT:       1         1  -32.6842   12.2234   12.5141
DIM:ROT:       1         2  -33.0621    3.1981    5.7784
DIM:ROT:       1         3  -33.1420    1.8276    2.6911
DIM:ROT:       2         1  -34.4451   11.9315   12.9338
DIM:ROT:       2         2  -35.0919    4.3833    7.0499
DIM:ROT:       2         3  -35.2548    2.1990    3.8840
DIM:ROT:       3         1  -12.7838   16.3484   13.8410
DIM:ROT:       3         2  -13.8608    5.8896    9.0631
DIM:ROT:       3         3  -14.3199    4.0877    6.0032
DIM:ROT:       4         1   -6.9971   13.1267   10.9619
DIM:ROT:       4         2   -8.3645    6.2577   12.0406
DIM:ROT:       4         3   -9.3710    6.9079    8.0646
DIM:ROT:       5         1   -9.0974    8.0686   10.5191
DIM:ROT:       5         2  -10.0411    5.8912    9.0484
DIM:ROT:       5         3  -10.6935    5.3661    7.0596
DIM:ROT:       6         1   -8.5310    3.8026    7.7252
DIM:ROT:       6         2   -8.8371    3.2465    5.3326
DIM:ROT:       6         3   -9.0637    2.5240    4.8957
DIM:ROT:       7         1   -4.7069    9.5568    6.5409
DIM:ROT:       7         2   -4.9791    3.0468    5.0332
DIM:ROT:       7         3   -5.1086    2.6679    2.6399
DIM:ROT:       8         1   -3.8627    2.7553    3.4680
DIM:ROT:       8         2   -3.9742    1.9352    3.2176
DIM:ROT:       8         3   -4.0625    1.9536    2.4957
DIM:ROT:       9         1   -1.7704    4.4867    4.5734
DIM:ROT:       9         2   -1.9511    2.5295    3.9252
DIM:ROT:       9         3   -2.0790    2.5706    2.8727
DIM:ROT:      10         1   -2.9960    4.7846    5.9465
DIM:ROT:      10         2   -3.2437    2.2575    5.8270
DIM:ROT:      10         3   -3.4160    2.8912    3.2854
DIM:ROT:      11         1   -4.1694    5.0025    6.6708
DIM:ROT:      11         2   -4.4597    2.6458    5.8612
DIM:ROT:      11         3   -4.6212    2.7649    3.3800
DIM:ROT:      12         1   -4.8022    2.7871    3.6018
DIM:ROT:      12         2   -4.9048    1.9195    2.9698
DIM:ROT:      12         3   -4.9798    1.8412    2.2442
DIM:ROT:      13         1   -5.2834    4.3588    5.4893
DIM:ROT:      13         2   -5.4124    2.0237    3.5526
DIM:ROT:      13         3   -5.4795    1.7295    2.2993
DIM:ROT:      14         1   -9.2377    8.3110    5.7018
DIM:ROT:      14         2   -9.5096    2.8225    5.2324
DIM:ROT:      14         3   -9.6454    2.4983    3.0108
DIM:ROT:      15         1  -15.4331    5.9941    6.4352
DIM:ROT:      15         2  -15.7854    2.9822    6.5138
DIM:ROT:      15         3  -15.9623    2.9561    3.5608
DIM:ROT:      16         1  -15.8080    2.0577    3.8631
DIM:ROT:      16         2  -15.8764    1.7266    2.4096
DIM:ROT:      16         3  -15.9235    1.2271    2.2014
DIM:ROT:      17         1  -16.0422    1.0860    1.7128
DIM:ROT:      17         2  -16.0627    0.8363    1.4664
DIM:ROT:      17         3  -16.0757    0.7255    1.1318
DIM:ROT:      18         1  -15.9550    0.8554    1.3207
DIM:ROT:      18         2  -15.9609    0.4963    0.8927
DIM:ROT:      18         3  -15.9654    0.4369    0.6329
DIM:ROT:      19         1  -15.4845    1.8994    2.1316
DIM:ROT:      19         2  -15.5002    0.9346    1.3078
DIM:ROT:      19         3  -15.5061    0.6162    0.8322
DIM:ROT:      20         1  -15.5399    1.5123    2.0407
DIM:ROT:      20         2  -15.5443    0.7041    0.9310
DIM:ROT:      20         3  -15.5488    0.4101    0.6845
DIM:ROT:      21         1  -15.9643    1.6114    2.0355
DIM:ROT:      21         2  -15.9753    0.8617    1.2296
DIM:ROT:      21         3  -15.9822    0.5443    0.8477
DIM:ROT:      22         1  -16.0780    1.1217    1.4444
DIM:ROT:      22         2  -16.0850    0.5315    1.1136
DIM:ROT:      22         3  -16.0899    0.4928    0.7043
DIM:ROT:      23         1  -16.6148    1.8848    2.5461
DIM:ROT:      23         2  -16.6408    1.1586    1.5445
DIM:ROT:      23         3  -16.6519    0.7108    1.1881
DIM:ROT:      24         1  -17.7619    1.9180    2.4758
DIM:ROT:      24         2  -17.7867    1.1354    1.5059
DIM:ROT:      24         3  -17.7993    0.7137    1.0865
DIM:ROT:      25         1  -18.7387    1.5622    1.7548
DIM:ROT:      25         2  -18.7519    0.6666    1.4717
DIM:ROT:      25         3  -18.7585    0.5865    0.7942
DIM:ROT:      26         1  -18.5568    1.5242    1.9373
DIM:ROT:      26         2  -18.5671    0.6091    1.2372
DIM:ROT:      26         3  -18.5723    0.4935    0.7726
DIM:ROT:      27         1  -17.1177    1.8181    2.4084
DIM:ROT:      27         2  -17.1293    0.9156    1.2909
DIM:ROT:      27         3  -17.1353    0.5579    0.8834
DIM:ROT:      28         1  -11.6954    2.1646    2.5813
DIM:ROT:      28         2  -11.7172    1.2367    1.7264
DIM:ROT:      28         3  -11.7292    0.8226    1.3577
DIM:ROT:      29         1   -7.1859    3.8553    3.2829
DIM:ROT:      29         2   -7.2366    1.6071    2.7039
DIM:ROT:      29         3   -7.2596    1.0939    1.6986
DIM:ROT:      30         1   -3.7306    3.8510    4.0160
DIM:ROT:      30         2   -3.8241    2.1533    3.1522
DIM:ROT:      30         3   -3.8847    1.7619    2.2166
DIM:ROT:      31         1   -0.9745    4.6961    4.0066
DIM:ROT:      31         2   -1.1331    2.3526    3.8942
DIM:ROT:      31         3   -1.2391    2.3475    2.6515
DIM:ROT:      32         1   -0.9881    2.1206    3.3817
DIM:ROT:      32         2   -1.0862    1.9389    2.8343
DIM:ROT:      32         3   -1.1716    1.7179    2.7204
DIM:ROT:      33         1   -2.4139    1.6589    2.4974
DIM:ROT:      33         2   -2.4689    1.4431    2.0283
DIM:ROT:      33         3   -2.5098    1.2171    1.8297
DIM:ROT:      34         1   -6.9241    3.2124    3.0344
DIM:ROT:      34         2   -7.0086    1.7849    2.8592
DIM:ROT:      34         3   -7.0665    1.6093    2.0303
DIM:ROT:      35         1   -8.5489    3.9242    5.0847
DIM:ROT:      35         2   -8.6326    1.6842    3.2074
DIM:ROT:      35         3   -8.6937    1.6061    2.2688
DIM:ROT:      36         1   -7.1892    3.5389    4.5626
DIM:ROT:      36         2   -7.2368    1.2683    2.3414
DIM:ROT:      36         3   -7.2660    1.1324    1.5285
DIM:ROT:      37         1   -7.4153    1.6519    2.0018
DIM:ROT:      37         2   -7.4495    1.1009    1.8831
DIM:ROT:      37         3   -7.4742    1.0882    1.3436
DIM:ROT:      38         1   -7.5214    1.3603    1.8858
DIM:ROT:      38         2   -7.5498    0.9364    1.7691
DIM:ROT:      38         3   -7.5723    0.9666    1.3222
DIM:ROT:      39         1   -8.0195    2.4309    2.4437
DIM:ROT:      39         2   -8.0714    1.0860    2.2146
DIM:ROT:      39         3   -8.0978    1.2437    1.2766
DIM:ROT:      40         1   -8.9634    2.3385    2.8571
DIM:ROT:      40         2   -9.0144    1.1606    2.0942
DIM:ROT:      40         3   -9.0409    1.0749    1.4033
DIM:ROT:      41         1  -10.7807    3.2259    3.6376
DIM:ROT:      41         2  -10.8612    1.3672    2.7025
DIM:ROT:      41         3  -10.8964    1.2008    1.7509
DIM:ROT:      42         1  -11.7777    3.4205    3.5658
DIM:ROT:      42         2  -11.8585    1.5110    2.6741
DIM:ROT:      42         3  -11.8997    1.2561    1.7802
DIM:ROT:      43         1  -11.2981    2.2124    2.6254
DIM:ROT:      43         2  -11.3475    1.1322    2.2537
DIM:ROT:      43         3  -11.3762    1.1463    1.3355
DIM:ROT:      44         1  -12.1918    1.2399    2.0647
DIM:ROT:      44         2  -12.2101    0.7609    1.3662
DIM:ROT:      44         3  -12.2240    0.6667    1.0617
DIM:ROT:      45         1  -13.4644    1.7017    2.5293
DIM:ROT:      45         2  -13.4804    0.9400    1.2147
DIM:ROT:      45         3  -13.4912    0.5784    1.0808
DIM:ROT:      46         1  -12.4634    2.4789    3.3292
DIM:ROT:      46         2  -12.4823    1.2467    1.3409
DIM:ROT:      46         3  -12.4904    0.5826    1.0781
DIM:ROT:      47         1  -11.3084    1.5692    1.9858
DIM:ROT:      47         2  -11.3140    0.6197    1.0273
DIM:ROT:      47         3  -11.3177    0.4183    0.7347
DIM:ROT:      48         1  -10.9969    0.7559    0.8822
DIM:ROT:      48         2  -10.9988    0.3452    0.6648
DIM:ROT:      48         3  -11.0005    0.3208    0.4190
DIM:ROT:      49         1  -12.7417    1.3279    1.7026
DIM:ROT:      49         2  -12.7539    0.6009    0.8193
DIM:ROT:      49         3  -12.7571    0.3657    0.6575
DIM:ROT:      50         1  -13.7034    1.2518    1.1258
DIM:ROT:      50         2  -13.7146    0.4519    0.9496
DIM:ROT:      50         3  -13.7176    0.3955    0.5303
DIM:ROT:      51         1  -14.2643    0.8478    0.9767
DIM:ROT:      51         2  -14.2718    0.4045    0.8316
DIM:ROT:      51         3  -14.2746    0.3776    0.4717
DIM:ROT:      52         1  -13.8825    0.3404    0.5814
DIM:ROT:      52         2  -13.8839    0.2316    0.3662
DIM:ROT:      52         3  -13.8848    0.1778    0.3017
DIM:ROT:      53         1  -13.6534    0.2809    0.3551
DIM:ROT:      53         2  -13.6538    0.1550    0.3130
DIM:ROT:      53         3  -13.6541    0.1443    0.1931
DIM:ROT:      54         1  -13.5719    0.3643    0.5055
DIM:ROT:      54         2  -13.5713    0.1862    0.2613
DIM:ROT:      54         3  -13.5716    0.1201    0.2177
DIM:ROT:      55         1  -13.6600    0.4104    0.5617
DIM:ROT:      55         2  -13.6596    0.2217    0.2765
DIM:ROT:      55         3  -13.6598    0.1292    0.2357
DIM:ROT:      56         1  -13.2933    0.7476    0.7998
DIM:ROT:      56         2  -13.2938    0.3207    0.4805
DIM:ROT:      56         3  -13.2943    0.2051    0.3182
DIM:ROT:      57         1  -13.0942    0.5957    0.6222
DIM:ROT:      57         2  -13.0948    0.2652    0.4969
DIM:ROT:      57         3  -13.0956    0.2191    0.3036
DIM:ROT:      58         1  -13.2815    0.3644    0.5286
DIM:ROT:      58         2  -13.2813    0.2136    0.3260
DIM:ROT:      58         3  -13.2819    0.1633    0.2782
DIM:ROT:      59         1  -13.3183    0.1764    0.2600
DIM:ROT:      59         2  -13.3187    0.1104    0.2066
DIM:ROT:      59         3  -13.3188    0.0989    0.1412
DIM:ROT:      60         1  -13.4860    0.3144    0.3772
DIM:ROT:      60         2  -13.4871    0.1091    0.1949
DIM:ROT:      60         3  -13.4871    0.0760    0.1239
DIM:ROT:      61         1  -13.8523    0.4122    0.4525
DIM:ROT:      61         2  -13.8542    0.1454    0.2305
DIM:ROT:      61         3  -13.8541    0.0815    0.1488
DIM:ROT:      62         1  -14.1642    0.3471    0.3500
DIM:ROT:      62         2  -14.1659    0.1372    0.2195
DIM:ROT:      62         3  -14.1658    0.0819    0.1394
DIM:ROT:      63         1  -14.1906    0.1006    0.1356
DIM:ROT:      63         2  -14.1908    0.0606    0.1145
DIM:ROT:      63         3  -14.1909    0.0525    0.0748
DIM:ROT:      64         1  -14.0235    0.1640    0.1726
DIM:ROT:      64         2  -14.0233    0.0580    0.1240
DIM:ROT:      64         3  -14.0233    0.0525    0.0678
DIM:ROT:      65         1  -13.6427    0.5288    0.6093
DIM:ROT:      65         2  -13.6430    0.2809    0.3255
DIM:ROT:      65         3  -13.6431    0.1505    0.2223
DIM:ROT:      66         1  -13.5146    0.4066    0.5304
DIM:ROT:      66         2  -13.5141    0.2111    0.2862
DIM:ROT:      66         3  -13.5142    0.1315    0.2356
DIM:ROT:      67         1  -13.4882    0.3786    0.4136
DIM:ROT:      67         2  -13.4880    0.1769    0.3185
DIM:ROT:      67         3  -13.4882    0.1376    0.2091
DIM:ROT:      68         1  -13.5865    0.6665    0.8275
DIM:ROT:      68         2  -13.5875    0.4012    0.4868
DIM:ROT:      68         3  -13.5880    0.2543    0.3518
DIM:ROT:      69         1  -13.7227    0.7487    0.7129
DIM:ROT:      69         2  -13.7250    0.3467    0.6859
DIM:ROT:      69         3  -13.7265    0.3097    0.3850
DIM:ROT:      70         1  -13.6991    0.2892    0.4922
DIM:ROT:      70         2  -13.6995    0.1943    0.3202
DIM:ROT:      70         3  -13.7000    0.1555    0.2591
DIM:ROT:      71         1  -13.6487    0.2780    0.3553
DIM:ROT:      71         2  -13.6495    0.1153    0.2512
DIM:ROT:      71         3  -13.6496    0.1117    0.1287
DIM:ROT:      72         1  -13.7409    0.4166    0.6138
DIM:ROT:      72         2  -13.7417    0.1596    0.2080
DIM:ROT:      72         3  -13.7418    0.0813    0.1522
DIM:ROT:      73         1  -14.1054    0.9181    1.0512
DIM:ROT:      73         2  -14.1118    0.4230    0.5319
DIM:ROT:      73         3  -14.1124    0.2248    0.3302
DIM:ROT:      74         1  -14.1913    0.4584    0.4896
DIM:ROT:      74         2  -14.1934    0.1978    0.3909
DIM:ROT:      74         3  -14.1939    0.1646    0.2262
DIM:ROT:      75         1  -13.9370    0.2388    0.3565
DIM:ROT:      75         2  -13.9372    0.1422    0.2455
DIM:ROT:      75         3  -13.9374    0.1089    0.1764
DIM:ROT:      76         1  -12.6693    1.3866    1.2887
DIM:ROT:      76         2  -12.6737    0.5286    0.7263
DIM:ROT:      76         3  -12.6751    0.2816    0.4540
DIM:ROT:      77         1  -12.0311    0.8944    0.9224
DIM:ROT:      77         2  -12.0327    0.3255    0.6073
DIM:ROT:      77         3  -12.0336    0.2399    0.3598
DIM:ROT:      78         1  -12.1369    0.1874    0.3150
DIM:ROT:      78         2  -12.1370    0.1317    0.2198
DIM:ROT:      78         3  -12.1371    0.1032    0.1695
DIM:ROT:      79         1  -12.2328    0.2105    0.2953
DIM:ROT:      79         2  -12.2330    0.1183    0.1695
DIM:ROT:      79         3  -12.2330    0.0846    0.1455
DIM:ROT:      80         1  -12.3309    0.3402    0.3966
DIM:ROT:      80         2  -12.3320    0.2087    0.2299
DIM:ROT:      80         3  -12.3320    0.1134    0.2065
DIM:ROT:      81         1  -12.5545    0.5486    0.5378
DIM:ROT:      81         2  -12.5572    0.2369    0.3922
DIM:ROT:      81         3  -12.5576    0.1693    0.2580
DIM:ROT:      82         1  -12.6273    0.3379    0.3832
DIM:ROT:      82         2  -12.6286    0.1649    0.3146
DIM:ROT:      82         3  -12.6290    0.1513    0.2046
DIM:ROT:      83         1  -12.6635    0.1713    0.2712
DIM:ROT:      83         2  -12.6640    0.1130    0.1895
DIM:ROT:      83         3  -12.6642    0.0926    0.1466
DIM:ROT:      84         1  -12.7298    0.2194    0.3003
DIM:ROT:      84         2  -12.7302    0.1059    0.1508
DIM:ROT:      84         3  -12.7302    0.0717    0.1254
DIM:ROT:      85         1  -12.7794    0.1559    0.1738
DIM:ROT:      85         2  -12.7795    0.0680    0.1384
DIM:ROT:      85         3  -12.7795    0.0672    0.0802
DIM:ROT:      86         1  -12.7603    0.1750    0.1859
DIM:ROT:      86         2  -12.7602    0.0769    0.1640
DIM:ROT:      86         3  -12.7602    0.0805    0.0916
DIM:ROT:      87         1  -12.7528    0.0830    0.1340
DIM:ROT:      87         2  -12.7528    0.0633    0.1005
DIM:ROT:      87         3  -12.7528    0.0512    0.0824
DIM:ROT:      88         1  -12.8034    0.0569    0.0875
DIM:ROT:      89         1  -12.9195    0.0654    0.0966
DIM:ROT:      90         1  -12.8259    0.1198    0.1448
DIM:ROT:      90         2  -12.8258    0.0642    0.1210
DIM:ROT:      90         3  -12.8258    0.0566    0.0782
DIM:ROT:      91         1  -12.7159    0.1328    0.1489
DIM:ROT:      91         2  -12.7159    0.0632    0.1213
DIM:ROT:      91         3  -12.7158    0.0567    0.0755
DIM:ROT:      92         1  -12.6116    0.2193    0.2709
DIM:ROT:      92         2  -12.6115    0.0927    0.1568
DIM:ROT:      92         3  -12.6115    0.0717    0.1082
DIM:ROT:      93         1  -12.6004    0.1726    0.1692
DIM:ROT:      93         2  -12.6005    0.0762    0.1525
DIM:ROT:      93         3  -12.6005    0.0713    0.0874
DIM:ROT:      94         1  -12.4302    0.2180    0.2609
DIM:ROT:      94         2  -12.4301    0.1033    0.1904
DIM:ROT:      94         3  -12.4301    0.0874    0.1254
DIM:ROT:      95         1  -12.2728    0.1374    0.1657
DIM:ROT:      95         2  -12.2728    0.0718    0.1471
DIM:ROT:      95         3  -12.2728    0.0711    0.0849
DIM:ROT:      96         1  -12.0809    0.1573    0.1824
DIM:ROT:      96         2  -12.0808    0.0704    0.1486
DIM:ROT:      96         3  -12.0808    0.0717    0.0852
DIM:ROT:      97         1  -12.0030    0.1499    0.1544
DIM:ROT:      97         2  -12.0028    0.0670    0.1406
DIM:ROT:      97         3  -12.0029    0.0687    0.0771
DIM:ROT:      98         1  -12.1126    0.1903    0.2381
DIM:ROT:      98         2  -12.1130    0.1061    0.1839
DIM:ROT:      98         3  -12.1131    0.0917    0.1347
DIM:ROT:      99         1  -12.1956    0.1419    0.1837
DIM:ROT:      99         2  -12.1958    0.0839    0.1557
DIM:ROT:      99         3  -12.1958    0.0775    0.1062
DIM:ROT:     100         1  -12.2331    0.0984    0.1404
DIM:ROT:     100         2  -12.2332    0.0600    0.1069
DIM:ROT:     100         3  -12.2332    0.0543    0.0779
DIM:ROT:     101         1  -12.3413    0.3300    0.2903
DIM:ROT:     101         2  -12.3426    0.1372    0.1731
DIM:ROT:     101         3  -12.3424    0.0725    0.1316
DIM:ROT:     102         1  -12.4044    0.1807    0.2073
DIM:ROT:     102         2  -12.4047    0.0864    0.1584
DIM:ROT:     102         3  -12.4048    0.0710    0.1014
DIM:ROT:     103         1  -12.4687    0.2034    0.1829
DIM:ROT:     103         2  -12.4693    0.0745    0.1672
DIM:ROT:     103         3  -12.4693    0.0776    0.0793
DIM:ROT:     104         1  -12.5068    0.0811    0.1196
DIM:ROT:     104         2  -12.5070    0.0499    0.0935
DIM:ROT:     105         1  -12.4896    0.0839    0.1328
DIM:ROT:     105         2  -12.4894    0.0474    0.0749
DIM:ROT:     106         1  -12.4699    0.1185    0.1561
DIM:ROT:     106         2  -12.4697    0.0634    0.1091
DIM:ROT:     106         3  -12.4697    0.0526    0.0790
DIM:ROT:     107         1  -12.5346    0.0679    0.0976
DIM:ROT:     108         1  -12.5123    0.1137    0.1601
DIM:ROT:     108         2  -12.5121    0.0620    0.1019
DIM:ROT:     108         3  -12.5122    0.0504    0.0793
DIM:ROT:     109         1  -12.4668    0.0833    0.1334
DIM:ROT:     109         2  -12.4666    0.0459    0.0669
DIM:ROT:     110         1  -12.5020    0.0713    0.1070
DIM:ROT:     110         2  -12.5020    0.0373    0.0598
DIM:ROT:     111         1  -12.5729    0.0940    0.0938
DIM:ROT:     112         1  -12.6367    0.1019    0.1290
DIM:ROT:     112         2  -12.6367    0.0550    0.1072
DIM:ROT:     112         3  -12.6368    0.0504    0.0683
DIM:ROT:     113         1  -12.5363    0.0480    0.0890
DIM:ROT:     114         1  -12.4185    0.0947    0.1198
DIM:ROT:     114         2  -12.4182    0.0451    0.0684
DIM:ROT:     115         1  -12.4218    0.1190    0.1725
DIM:ROT:     115         2  -12.4216    0.0662    0.0826
DIM:ROT:     116         1  -12.4301    0.0672    0.0972
DIM:ROT:     117         1  -12.4398    0.0538    0.0955
DIM:ROT:     118         1  -12.4612    0.0938    0.1455
DIM:ROT:     118         2  -12.4610    0.0516    0.0665
DIM:ROT:     119         1  -12.4561    0.0718    0.1147
DIM:ROT:     119         2  -12.4559    0.0420    0.0635
DIM:ROT:     120         1  -12.4236    0.0916    0.1152
DIM:ROT:     120         2  -12.4236    0.0467    0.0680
DIM:ROT:     121         1  -12.6322    0.2322    0.2314
DIM:ROT:     121         2  -12.6329    0.0882    0.1168
DIM:ROT:     121         3  -12.6328    0.0502    0.0873
DIM:ROT:     122         1  -12.7395    0.1761    0.1621
DIM:ROT:     122         2  -12.7401    0.0646    0.1311
DIM:ROT:     122         3  -12.7401    0.0567    0.0715
DIM:ROT:     123         1  -12.7729    0.0851    0.1123
DIM:ROT:     123         2  -12.7730    0.0446    0.0813
DIM:ROT:     124         1  -12.7876    0.0825    0.1069
DIM:ROT:     124         2  -12.7876    0.0470    0.0726
DIM:ROT:     125         1  -12.8134    0.1877    0.1987
DIM:ROT:     125         2  -12.8132    0.1031    0.1391
DIM:ROT:     125         3  -12.8133    0.0639    0.0967
DIM:ROT:     126         1  -12.8261    0.0771    0.0971
DIM:ROT:     127         1  -12.8561    0.0901    0.1293
DIM:ROT:     127         2  -12.8561    0.0566    0.0990
DIM:ROT:     128         1  -12.8476    0.1743    0.1506
DIM:ROT:     128         2  -12.8474    0.0611    0.1387
DIM:ROT:     128         3  -12.8474    0.0556    0.0640
DIM:ROT:     129         1  -12.7904    0.0685    0.0945
DIM:ROT:     130         1  -12.6977    0.0966    0.1241
DIM:ROT:     130         2  -12.6976    0.0504    0.0969
DIM:ROT:     131         1  -12.6746    0.0963    0.1063
DIM:ROT:     131         2  -12.6746    0.0417    0.0862
DIM:ROT:     132         1  -12.6679    0.0867    0.0878
DIM:ROT:     133         1  -12.6213    0.0961    0.1160
DIM:ROT:     133         2  -12.6212    0.0543    0.1104
DIM:ROT:     133         3  -12.6212    0.0532    0.0652
DIM:ROT:     134         1  -12.4887    0.1698    0.1567
DIM:ROT:     134         2  -12.4886    0.0665    0.1516
DIM:ROT:     134         3  -12.4886    0.0675    0.0719
DIM:ROT:     135         1  -12.3800    0.1591    0.1661
DIM:ROT:     135         2  -12.3799    0.0733    0.1617
DIM:ROT:     135         3  -12.3799    0.0760    0.0816
DIM:ROT:     136         1  -12.3599    0.0947    0.1310
DIM:ROT:     136         2  -12.3599    0.0572    0.1092
DIM:ROT:     136         3  -12.3599    0.0542    0.0730
DIM:ROT:     137         1  -12.3746    0.0630    0.1007
DIM:ROT:     137         2  -12.3746    0.0469    0.0762
DIM:ROT:     138         1  -12.4160    0.1102    0.1323
DIM:ROT:     138         2  -12.4160    0.0614    0.0976
DIM:ROT:     139         1  -12.4243    0.0782    0.0988
DIM:ROT:     140         1  -12.4062    0.0713    0.1104
DIM:ROT:     140         2  -12.4062    0.0525    0.0901
DIM:ROT:     141         1  -12.3792    0.0966    0.1027
DIM:ROT:     141         2  -12.3792    0.0461    0.0947
DIM:ROT:     142         1  -12.3986    0.0992    0.1048
DIM:ROT:     142         2  -12.3986    0.0426    0.0800
DIM:ROT:     143         1  -12.4383    0.1197    0.1312
DIM:ROT:     143         2  -12.4385    0.0514    0.0840
DIM:ROT:     144         1  -12.4499    0.0613    0.0755
DIM:ROT:     145         1  -12.4681    0.0691    0.0940
DIM:ROT:     146         1  -12.5162    0.0918    0.1123
DIM:ROT:     146         2  -12.5163    0.0479    0.0956
DIM:ROT:     147         1  -12.5219    0.0770    0.0760
DIM:ROT:     148         1  -12.4907    0.0521    0.0848
DIM:ROT:     149         1  -12.4233    0.0938    0.1040
DIM:ROT:     149         2  -12.4232    0.0466    0.0928
DIM:ROT:     150         1  -12.4276    0.0599    0.0862
DIM:ROT:     151         1  -12.4388    0.0547    0.0876
DIM:ROT:     152         1  -12.4229    0.0585    0.0872
DIM:ROT:     153         1  -12.3874    0.0765    0.0943
DIM:ROT:     154         1  -12.3632    0.0470    0.0803
DIM:ROT:     155         1  -12.3609    0.0497    0.0741
DIM:ROT:     156         1  -12.3834    0.0750    0.0929
DIM:ROT:     157         1  -12.4046    0.0632    0.0982
DIM:ROT:     158         1  -12.3765    0.0633    0.0997
DIM:ROT:     159         1  -12.3154    0.0717    0.1001
DIM:ROT:     159         2  -12.3154    0.0474    0.0864
DIM:ROT:     160         1  -12.2718    0.0871    0.0919
