MINMODE:METHOD: Dimer
DIM:CONTROL: Search Parameters:
DIM:CONTROL: ------------------
DIM:CONTROL: eigenmode_method = dimer
DIM:CONTROL: f_rot_min = 0.01
DIM:CONTROL: f_rot_max = 0.1
DIM:CONTROL: max_num_rot = 3
DIM:CONTROL: trial_angle = 0.7853981633974483
DIM:CONTROL: trial_trans_step = 0.001
DIM:CONTROL: maximum_translation = 0.1
DIM:CONTROL: cg_translation = True
DIM:CONTROL: use_central_forces = True
DIM:CONTROL: dimer_separation = 0.005
DIM:CONTROL: initial_eigenmode_method = gauss
DIM:CONTROL: extrapolate_forces = True
DIM:CONTROL: displacement_method = gauss
DIM:CONTROL: gauss_std = 0.1
DIM:CONTROL: order = 1
DIM:CONTROL: mask = None
DIM:CONTROL: displacement_center = None
DIM:CONTROL: displacement_radius = None
DIM:CONTROL: number_of_displacement_atoms = None
DIM:CONTROL: ------------------
DIM:ROT: OPT-STEP ROT-STEP CURVATURE ROT-ANGLE ROT-FORCE
DIM:ROT:       0         1   -3.2699   21.1154   13.8471
DIM:ROT:       0         2   -6.8743   14.1220   14.3181
DIM:ROT:       0         3   -8.8537    9.4459   12.0891
DIM:ROT:       1         1   -9.6932    7.1253   10.5701
DIM:ROT:       1         2  -10.2400    4.9400    5.9694
DIM:ROT:       1         3  -10.5347    3.4714    4.9260
DIM:ROT:       2         1  -14.4704    8.4054    7.6287
DIM:ROT:       2         2  -14.8126    3.4907    4.9769
DIM:ROT:       2         3  -14.9619    2.3577    3.5956
DIM:ROT:       3         1  -12.5078    9.5275    7.4822
DIM:ROT:       3         2  -12.9483    4.1247    5.6713
DIM:ROT:       3         3  -13.1248    2.7784    3.5727
DIM:ROT:       4         1  -15.1099    8.9003    6.3725
DIM:ROT:       4         2  -15.6188    4.0083    7.0400
DIM:ROT:       4         3  -15.8975    3.8400    4.1088
DIM:ROT:       5         1  -22.1636   10.4200    9.2142
DIM:ROT:       5         2  -23.0494    5.6430    8.5390
DIM:ROT:       5         3  -23.4524    4.6239    5.1075
DIM:ROT:       6         1  -23.9437    3.3366    6.0593
DIM:ROT:       6         2  -24.0496    1.8720    3.0758
DIM:ROT:       6         3  -24.0970    1.1694    2.0460
DIM:ROT:       7         1  -12.4050   18.2042   11.4212
DIM:ROT:       7         2  -13.3341    5.8665    8.3600
DIM:ROT:       7         3  -13.6093    3.7707    3.9532
DIM:ROT:       8         1  -13.6587    3.7065    6.4650
DIM:ROT:       8         2  -13.7655    2.2242    2.6192
DIM:ROT:       8         3  -13.8279    1.3667    2.4227
DIM:ROT:       9         1   -7.1458    8.8152    6.0580
DIM:ROT:       9         2   -7.4182    3.0687    4.7541
DIM:ROT:       9         3   -7.5275    2.7819    2.1219
DIM:ROT:      10         1   -2.0446   12.5721    8.5985
DIM:ROT:      10         2   -2.5148    4.1489    6.7768
DIM:ROT:      10         3   -2.8347    4.6930    3.8668
DIM:ROT:      11         1   -0.0758    3.5384    5.1754
DIM:ROT:      11         2   -0.2931    3.5518    3.4260
DIM:ROT:      11         3   -0.4674    2.6149    3.7285
DIM:ROT:      12         1    0.9547    8.0118    4.0247
DIM:ROT:      12         2    0.6614    3.1200    5.3579
DIM:ROT:      12         3    0.4961    2.9852    3.1424
DIM:ROT:      13         1    0.2962    4.7064    5.9154
DIM:ROT:      13         2    0.0852    2.8458    4.3559
DIM:ROT:      13         3   -0.0726    2.8148    3.2689
DIM:ROT:      14         1   -0.3102    4.5773    5.5937
DIM:ROT:      14         2   -0.3738    1.8130    2.4149
DIM:ROT:      14         3   -0.4295    1.7813    1.7692
DIM:ROT:      15         1   -0.5670    2.8303    3.0755
DIM:ROT:      15         2   -0.6348    1.7952    2.2341
DIM:ROT:      15         3   -0.6846    1.5533    1.8572
DIM:ROT:      16         1   -1.0172    1.5752    2.2280
DIM:ROT:      16         2   -1.0446    1.0682    1.5532
DIM:ROT:      16         3   -1.0676    0.9966    1.3101
DIM:ROT:      17         1   -1.7468    1.5512    1.6081
DIM:ROT:      17         2   -1.7726    1.0106    1.5140
DIM:ROT:      17         3   -1.7929    1.0688    1.1007
DIM:ROT:      18         1   -1.5930    2.5740    3.5387
DIM:ROT:      18         2   -1.6221    1.3414    1.4776
DIM:ROT:      18         3   -1.6514    1.1242    1.4683
DIM:ROT:      19         1   -1.5670    2.1568    2.8153
DIM:ROT:      19         2   -1.6458    2.3971    1.9555
DIM:ROT:      19         3   -1.7177    1.7124    2.3800
DIM:ROT:      20         1   -2.0283    3.3665    3.2768
DIM:ROT:      20         2   -2.1550    2.6780    2.6553
DIM:ROT:      20         3   -2.2571    2.1481    2.6828
DIM:ROT:      21         1   -3.8955    8.0800    4.5950
DIM:ROT:      21         2   -4.3903    3.8985    6.7547
DIM:ROT:      21         3   -4.7670    5.3346    4.0651
DIM:ROT:      22         1   -7.3597    6.8134    7.7139
DIM:ROT:      22         2   -8.1326    5.5223    8.0028
DIM:ROT:      22         3   -8.8199    5.7827    6.7003
DIM:ROT:      23         1   -5.7649    3.3363    6.3016
DIM:ROT:      23         2   -6.0215    4.2706    3.3654
DIM:ROT:      23         3   -6.2089    2.4597    4.4938
DIM:ROT:      24         1   -2.6873    3.5426    3.2124
DIM:ROT:      24         2   -2.7778    1.7865    2.7877
DIM:ROT:      24         3   -2.8359    1.8035    1.7829
DIM:ROT:      25         1   -1.4183    3.1322    4.0064
DIM:ROT:      25         2   -1.4908    1.7583    2.3851
DIM:ROT:      25         3   -1.5413    1.5006    1.9064
DIM:ROT:      26         1   -1.3398    3.9972    3.7140
DIM:ROT:      26         2   -1.4222    1.8703    2.6586
DIM:ROT:      26         3   -1.4791    1.7541    1.8022
DIM:ROT:      27         1   -2.9560    3.8508    4.5585
DIM:ROT:      27         2   -3.0491    2.0693    2.8601
DIM:ROT:      27         3   -3.1182    1.6584    2.3870
DIM:ROT:      28         1   -9.4894    9.7544    5.8496
DIM:ROT:      28         2   -9.8385    3.6243    5.8465
DIM:ROT:      28         3  -10.0167    3.0123    3.2946
DIM:ROT:      29         1  -11.6901    4.1810    5.3221
DIM:ROT:      29         2  -11.8063    2.0966    3.3930
DIM:ROT:      29         3  -11.8720    1.8145    2.1433
DIM:ROT:      30         1  -12.1007    1.3117    2.1097
DIM:ROT:      30         2  -12.1253    1.0301    1.4493
DIM:ROT:      30         3  -12.1415    0.7869    1.2204
DIM:ROT:      31         1  -12.1321    1.2624    1.4291
DIM:ROT:      31         2  -12.1423    0.6357    1.1067
DIM:ROT:      31         3  -12.1492    0.6275    0.6595
DIM:ROT:      32         1  -11.7611    1.1379    1.2185
DIM:ROT:      32         2  -11.7711    0.6020    1.0182
DIM:ROT:      32         3  -11.7780    0.5953    0.6725
DIM:ROT:      33         1  -11.6848    1.7008    1.8203
DIM:ROT:      33         2  -11.7100    0.9919    1.4787
DIM:ROT:      33         3  -11.7272    0.9364    1.0433
DIM:ROT:      34         1  -10.5535    1.2547    1.6194
DIM:ROT:      34         2  -10.5702    0.7671    1.1602
DIM:ROT:      34         3  -10.5813    0.6498    0.8499
DIM:ROT:      35         1   -8.1157    4.4355    3.6024
DIM:ROT:      35         2   -8.2279    2.1396    2.9135
DIM:ROT:      35         3   -8.3020    1.8969    2.0414
DIM:ROT:      36         1   -7.3101    4.3159    3.0529
DIM:ROT:      36         2   -7.4433    2.0542    3.7048
DIM:ROT:      36         3   -7.5398    2.4829    2.0859
DIM:ROT:      37         1   -4.6237   10.9744    7.4209
DIM:ROT:      37         2   -5.1939    4.6924    7.1972
DIM:ROT:      37         3   -5.5355    4.2823    4.5435
DIM:ROT:      38         1   -6.0649    3.8499    5.5896
DIM:ROT:      38         2   -6.2345    2.7069    3.7176
DIM:ROT:      38         3   -6.3524    2.1940    3.0338
DIM:ROT:      39         1   -7.5961    2.2303    2.8998
DIM:ROT:      39         2   -7.6548    1.4411    2.1664
DIM:ROT:      39         3   -7.6880    1.2247    1.5097
DIM:ROT:      40         1   -8.3449    3.7052    2.9069
DIM:ROT:      40         2   -8.4398    1.6474    3.0553
DIM:ROT:      40         3   -8.5000    1.9314    1.7319
DIM:ROT:      41         1   -7.2725    1.7327    2.5179
DIM:ROT:      41         2   -7.3043    1.0767    1.5573
DIM:ROT:      41         3   -7.3201    0.8078    1.0548
DIM:ROT:      42         1   -5.4548    3.0084    2.2860
DIM:ROT:      42         2   -5.4839    0.9209    1.6716
DIM:ROT:      42         3   -5.4996    0.9371    0.8720
DIM:ROT:      43         1   -4.4849    1.8348    1.8096
DIM:ROT:      43         2   -4.5117    0.9484    1.5892
DIM:ROT:      43         3   -4.5292    1.0060    0.9484
DIM:ROT:      44         1   -3.6068    2.4331    2.0463
DIM:ROT:      44         2   -3.6357    1.0150    1.7968
DIM:ROT:      44         3   -3.6594    1.2421    1.0443
DIM:ROT:      45         1   -3.6083    1.1242    1.8229
DIM:ROT:      45         2   -3.6210    0.7468    0.9711
DIM:ROT:      45         3   -3.6273    0.5278    0.7487
DIM:ROT:      46         1   -3.9917    2.5717    2.2321
DIM:ROT:      46         2   -4.0214    1.0511    1.5061
DIM:ROT:      46         3   -4.0395    1.0705    0.9544
DIM:ROT:      47         1   -4.2750    3.1440    2.1793
DIM:ROT:      47         2   -4.3297    1.2993    2.2308
DIM:ROT:      47         3   -4.3650    1.5213    1.3320
DIM:ROT:      48         1   -4.4748    3.2000    3.0338
DIM:ROT:      48         2   -4.5551    1.6527    2.6957
DIM:ROT:      48         3   -4.6136    1.8736    1.7427
DIM:ROT:      49         1   -4.6337    1.7629    2.4356
DIM:ROT:      49         2   -4.6810    1.4316    1.8399
DIM:ROT:      49         3   -4.7146    1.2166    1.5813
DIM:ROT:      50         1   -4.8664    1.6624    1.8282
DIM:ROT:      50         2   -4.8901    0.8831    1.5225
DIM:ROT:      50         3   -4.9069    0.9620    0.9664
DIM:ROT:      51         1   -5.4473    1.4944    1.8204
DIM:ROT:      51         2   -5.4626    0.7557    1.2160
DIM:ROT:      51         3   -5.4698    0.6034    0.7174
DIM:ROT:      52         1   -6.1402    2.7058    1.9910
DIM:ROT:      52         2   -6.1843    1.3555    2.0061
DIM:ROT:      52         3   -6.2163    1.3430    1.3427
DIM:ROT:      53         1   -6.9994    6.1367    3.0253
DIM:ROT:      53         2   -7.2116    2.5822    5.0162
DIM:ROT:      53         3   -7.3701    3.8758    2.3632
DIM:ROT:      54         1   -8.7999    5.1603    5.4361
DIM:ROT:      54         2   -9.1662    3.7109    5.8268
DIM:ROT:      54         3   -9.4799    4.0751    4.3750
DIM:ROT:      55         1  -10.8269    5.6267    6.3262
DIM:ROT:      55         2  -11.2817    4.0575    6.4797
DIM:ROT:      55         3  -11.6057    4.0479    4.6773
DIM:ROT:      56         1  -11.6450    3.9914    5.2675
DIM:ROT:      56         2  -11.8867    3.0243    4.6149
DIM:ROT:      56         3  -12.0610    2.7203    3.6072
DIM:ROT:      57         1  -11.0793    2.3432    3.4330
DIM:ROT:      57         2  -11.1673    1.9100    2.5692
DIM:ROT:      57         3  -11.2223    1.4738    2.1372
DIM:ROT:      58         1   -9.6672    1.6374    2.0119
DIM:ROT:      58         2   -9.6959    0.9408    1.5983
DIM:ROT:      58         3   -9.7138    0.8777    1.0443
DIM:ROT:      59         1   -8.6561    1.1844    1.3325
DIM:ROT:      59         2   -8.6721    0.6954    1.1397
DIM:ROT:      59         3   -8.6816    0.6636    0.7220
DIM:ROT:      60         1   -7.7605    1.1918    1.1464
DIM:ROT:      60         2   -7.7744    0.6149    1.1006
DIM:ROT:      60         3   -7.7836    0.6787    0.6665
DIM:ROT:      61         1   -6.9692    1.1759    1.2094
DIM:ROT:      61         2   -6.9848    0.6837    1.1203
DIM:ROT:      61         3   -6.9948    0.7010    0.7316
DIM:ROT:      62         1   -6.3874    1.0808    1.1037
DIM:ROT:      62         2   -6.4020    0.6564    1.0676
DIM:ROT:      62         3   -6.4121    0.6948    0.7300
DIM:ROT:      63         1   -6.5691    0.6123    1.0185
DIM:ROT:      63         2   -6.5733    0.4231    0.5055
DIM:ROT:      63         3   -6.5762    0.3001    0.4500
DIM:ROT:      64         1   -7.4485    0.8454    0.8812
DIM:ROT:      64         2   -7.4501    0.3387    0.4910
DIM:ROT:      64         3   -7.4514    0.2272    0.3004
DIM:ROT:      65         1   -8.2729    1.2006    0.8235
DIM:ROT:      65         2   -8.2756    0.4301    0.7234
DIM:ROT:      65         3   -8.2788    0.3818    0.4099
DIM:ROT:      66         1   -9.3633    1.7715    1.1561
DIM:ROT:      66         2   -9.3729    0.6421    1.1830
DIM:ROT:      66         3   -9.3808    0.6346    0.6200
DIM:ROT:      67         1  -10.6025    1.3878    1.3123
DIM:ROT:      67         2  -10.6170    0.7294    1.2876
DIM:ROT:      67         3  -10.6274    0.7505    0.7692
DIM:ROT:      68         1  -11.3197    0.8796    1.0437
DIM:ROT:      68         2  -11.3288    0.5881    0.9404
DIM:ROT:      68         3  -11.3358    0.5642    0.6715
DIM:ROT:      69         1  -11.9189    0.8635    0.9664
DIM:ROT:      69         2  -11.9265    0.5311    0.9096
DIM:ROT:      69         3  -11.9320    0.5204    0.5908
DIM:ROT:      70         1  -12.0794    0.5577    0.7002
DIM:ROT:      70         2  -12.0830    0.3813    0.5914
DIM:ROT:      70         3  -12.0858    0.3487    0.4355
DIM:ROT:      71         1  -11.9639    0.3039    0.4693
DIM:ROT:      71         2  -11.9654    0.2290    0.3176
DIM:ROT:      71         3  -11.9663    0.1765    0.2600
DIM:ROT:      72         1  -11.6953    0.3097    0.3689
DIM:ROT:      72         2  -11.6963    0.1335    0.2267
DIM:ROT:      72         3  -11.6968    0.1048    0.1329
DIM:ROT:      73         1  -11.4660    0.3909    0.3332
DIM:ROT:      73         2  -11.4674    0.1417    0.2491
DIM:ROT:      73         3  -11.4679    0.1192    0.1339
DIM:ROT:      74         1  -11.4102    0.1984    0.2359
DIM:ROT:      74         2  -11.4110    0.1082    0.1647
DIM:ROT:      74         3  -11.4114    0.0885    0.1142
DIM:ROT:      75         1  -11.5257    0.2036    0.2228
DIM:ROT:      75         2  -11.5258    0.0853    0.1461
DIM:ROT:      75         3  -11.5260    0.0657    0.0826
DIM:ROT:      76         1  -11.8483    0.5237    0.4213
DIM:ROT:      76         2  -11.8483    0.2136    0.2874
DIM:ROT:      76         3  -11.8489    0.1446    0.1671
DIM:ROT:      77         1  -12.1015    0.4138    0.3605
DIM:ROT:      77         2  -12.1019    0.1829    0.3233
DIM:ROT:      77         3  -12.1026    0.1626    0.1821
DIM:ROT:      78         1  -12.3319    0.4317    0.3874
DIM:ROT:      78         2  -12.3325    0.1990    0.3438
DIM:ROT:      78         3  -12.3332    0.1790    0.2046
DIM:ROT:      79         1  -12.4047    0.2708    0.3418
DIM:ROT:      79         2  -12.4054    0.1763    0.2607
DIM:ROT:      79         3  -12.4059    0.1434    0.1951
DIM:ROT:      80         1  -12.4073    0.2431    0.2682
DIM:ROT:      80         2  -12.4076    0.1317    0.2130
DIM:ROT:      80         3  -12.4079    0.1157    0.1436
DIM:ROT:      81         1  -12.4415    0.1975    0.2774
DIM:ROT:      81         2  -12.4418    0.1185    0.1511
DIM:ROT:      81         3  -12.4420    0.0787    0.1227
DIM:ROT:      82         1  -12.4345    0.2492    0.2649
DIM:ROT:      82         2  -12.4351    0.1064    0.1500
DIM:ROT:      82         3  -12.4353    0.0706    0.0995
DIM:ROT:      83         1  -12.4009    0.2852    0.2778
DIM:ROT:      83         2  -12.4017    0.1182    0.1846
DIM:ROT:      83         3  -12.4019    0.0828    0.1139
DIM:ROT:      84         1  -12.3984    0.4414    0.3915
DIM:ROT:      84         2  -12.3997    0.1959    0.2784
DIM:ROT:      84         3  -12.4002    0.1311    0.1689
DIM:ROT:      85         1  -12.4903    0.3570    0.3234
DIM:ROT:      85         2  -12.4910    0.1621    0.2786
DIM:ROT:      85         3  -12.4915    0.1351    0.1570
DIM:ROT:      86         1  -12.7357    0.5597    0.5130
DIM:ROT:      86         2  -12.7363    0.2389    0.3719
DIM:ROT:      86         3  -12.7371    0.1794    0.2134
DIM:ROT:      87         1  -12.8619    0.4637    0.4780
DIM:ROT:      87         2  -12.8626    0.2221    0.3574
DIM:ROT:      87         3  -12.8632    0.1701    0.2188
DIM:ROT:      88         1  -12.7266    0.4248    0.3443
DIM:ROT:      88         2  -12.7274    0.1657    0.3329
DIM:ROT:      88         3  -12.7278    0.1681    0.1591
DIM:ROT:      89         1  -12.4611    0.3602    0.3807
DIM:ROT:      89         2  -12.4621    0.1885    0.3222
DIM:ROT:      89         3  -12.4627    0.1615    0.1931
DIM:ROT:      90         1  -12.2761    0.4126    0.3563
DIM:ROT:      90         2  -12.2771    0.1787    0.3249
DIM:ROT:      90         3  -12.2776    0.1566    0.1718
DIM:ROT:      91         1  -12.1145    0.6063    0.4726
DIM:ROT:      91         2  -12.1163    0.2174    0.4110
DIM:ROT:      91         3  -12.1170    0.1874    0.2016
DIM:ROT:      92         1  -12.0613    0.4878    0.5169
DIM:ROT:      92         2  -12.0634    0.2440    0.3862
DIM:ROT:      92         3  -12.0643    0.1951    0.2386
DIM:ROT:      93         1  -12.1054    0.6508    0.5924
DIM:ROT:      93         2  -12.1076    0.2693    0.4464
DIM:ROT:      93         3  -12.1086    0.2131    0.2702
DIM:ROT:      94         1  -12.2131    0.7485    0.7119
DIM:ROT:      94         2  -12.2159    0.3584    0.5102
DIM:ROT:      94         3  -12.2174    0.2512    0.3395
DIM:ROT:      95         1  -12.3093    0.8979    0.8326
DIM:ROT:      95         2  -12.3136    0.4090    0.6491
DIM:ROT:      95         3  -12.3157    0.3117    0.3994
DIM:ROT:      96         1  -12.2979    0.7613    0.6701
DIM:ROT:      96         2  -12.3008    0.3240    0.5941
DIM:ROT:      96         3  -12.3025    0.3040    0.3280
DIM:ROT:      97         1  -12.2445    0.8023    0.8560
DIM:ROT:      97         2  -12.2475    0.4045    0.6346
DIM:ROT:      97         3  -12.2495    0.3120    0.4084
DIM:ROT:      98         1  -12.1903    0.7066    0.6937
DIM:ROT:      98         2  -12.1925    0.3343    0.5667
DIM:ROT:      98         3  -12.1939    0.2839    0.3410
DIM:ROT:      99         1  -12.1480    0.5624    0.6039
DIM:ROT:      99         2  -12.1502    0.3086    0.5064
DIM:ROT:      99         3  -12.1514    0.2646    0.3202
DIM:ROT:     100         1  -12.0401    0.5890    0.5436
DIM:ROT:     100         2  -12.0419    0.2754    0.4938
DIM:ROT:     100         3  -12.0430    0.2544    0.2817
DIM:ROT:     101         1  -11.9604    0.4091    0.4401
DIM:ROT:     101         2  -11.9618    0.2254    0.3942
DIM:ROT:     101         3  -11.9625    0.2153    0.2369
DIM:ROT:     102         1  -11.9638    0.3389    0.3549
DIM:ROT:     102         2  -11.9647    0.1777    0.3224
DIM:ROT:     102         3  -11.9653    0.1770    0.1931
DIM:ROT:     103         1  -12.0058    0.3550    0.3563
DIM:ROT:     103         2  -12.0068    0.1786    0.3191
DIM:ROT:     103         3  -12.0073    0.1716    0.1840
DIM:ROT:     104         1  -11.9973    0.3372    0.3358
DIM:ROT:     104         2  -11.9982    0.1651    0.2854
DIM:ROT:     104         3  -11.9986    0.1517    0.1733
DIM:ROT:     105         1  -11.9555    0.2182    0.2686
DIM:ROT:     105         2  -11.9559    0.1398    0.2111
DIM:ROT:     105         3  -11.9562    0.1143    0.1508
DIM:ROT:     106         1  -11.7942    0.3052    0.2325
DIM:ROT:     106         2  -11.7945    0.1201    0.2240
DIM:ROT:     106         3  -11.7946    0.1118    0.1167
DIM:ROT:     107         1  -11.6820    0.1985    0.2222
DIM:ROT:     107         2  -11.6821    0.1122    0.1827
DIM:ROT:     107         3  -11.6823    0.0975    0.1190
DIM:ROT:     108         1  -11.6134    0.1957    0.2004
DIM:ROT:     108         2  -11.6135    0.0979    0.1631
DIM:ROT:     108         3  -11.6136    0.0865    0.1033
DIM:ROT:     109         1  -11.5706    0.1695    0.1807
DIM:ROT:     109         2  -11.5708    0.0866    0.1482
DIM:ROT:     109         3  -11.5709    0.0785    0.0902
DIM:ROT:     110         1  -11.5486    0.1560    0.1735
DIM:ROT:     110         2  -11.5488    0.0811    0.1288
DIM:ROT:     110         3  -11.5489    0.0655    0.0840
DIM:ROT:     111         1  -11.5127    0.2229    0.1999
DIM:ROT:     111         2  -11.5130    0.0827    0.1527
DIM:ROT:     111         3  -11.5131    0.0726    0.0794
DIM:ROT:     112         1  -11.5202    0.2042    0.1879
DIM:ROT:     112         2  -11.5206    0.0823    0.1529
DIM:ROT:     112         3  -11.5207    0.0750    0.0797
DIM:ROT:     113         1  -11.5025    0.1782    0.1670
DIM:ROT:     113         2  -11.5028    0.0777    0.1446
DIM:ROT:     113         3  -11.5029    0.0719    0.0756
DIM:ROT:     114         1  -11.4539    0.1265    0.1213
DIM:ROT:     114         2  -11.4541    0.0601    0.1113
DIM:ROT:     114         3  -11.4541    0.0596    0.0619
DIM:ROT:     115         1  -11.3954    0.0962    0.1109
DIM:ROT:     115         2  -11.3954    0.0556    0.0932
DIM:ROT:     116         1  -11.3509    0.1054    0.1004
DIM:ROT:     116         2  -11.3509    0.0515    0.0892
DIM:ROT:     117         1  -11.3229    0.1109    0.1126
DIM:ROT:     117         2  -11.3228    0.0554    0.0835
DIM:ROT:     118         1  -11.3125    0.0778    0.0895
DIM:ROT:     119         1  -11.2795    0.0658    0.0919
DIM:ROT:     120         1  -11.2575    0.0575    0.0717
DIM:ROT:     121         1  -11.2384    0.0544    0.0718
DIM:ROT:     122         1  -11.2362    0.0786    0.0896
DIM:ROT:     123         1  -11.2582    0.0823    0.0994
DIM:ROT:     124         1  -11.2712    0.0575    0.0923
DIM:ROT:     125         1  -11.2869    0.0459    0.0638
DIM:ROT:     126         1  -11.2939    0.0489    0.0628
DIM:ROT:     127         1  -11.2975    0.0923    0.0910
DIM:ROT:     128         1  -11.3060    0.0968    0.1195
DIM:ROT:     128         2  -11.3059    0.0524    0.0830
DIM:ROT:     129         1  -11.2920    0.1288    0.1086
DIM:ROT:     129         2  -11.2919    0.0468    0.0954
DIM:ROT:     130         1  -11.2847    0.1181    0.0867
DIM:ROT:     131         1  -11.2957    0.0475    0.0794
DIM:ROT:     132         1  -11.3217    0.0481    0.0606
DIM:ROT:     133         1  -11.3552    0.0457    0.0575
DIM:ROT:     134         1  -11.4072    0.0939    0.0683
DIM:ROT:     135         1  -11.4216    0.0598    0.0786
DIM:ROT:     136         1  -11.4187    0.0668    0.1008
DIM:ROT:     136         2  -11.4186    0.0403    0.0477
DIM:ROT:     137         1  -11.3992    0.0413    0.0577
DIM:ROT:     138         1  -11.3807    0.0664    0.0671
DIM:ROT:     139         1  -11.3743    0.0829    0.0898
DIM:ROT:     140         1  -11.3649    0.0676    0.0878
DIM:ROT:     141         1  -11.3780    0.0593    0.0850
DIM:ROT:     142         1  -11.3855    0.0572    0.0720
DIM:ROT:     143         1  -11.3762    0.0635    0.0758
DIM:ROT:     144         1  -11.3660    0.0524    0.0700
DIM:ROT:     145         1  -11.3637    0.0458    0.0591
DIM:ROT:     146         1  -11.3598    0.0353    0.0543
DIM:ROT:     147         1  -11.3518    0.0266    0.0424
DIM:ROT:     148         1  -11.3617    0.0244    0.0336
DIM:ROT:     149         1  -11.3656    0.0363    0.0337
DIM:ROT:     150         1  -11.3704    0.0223    0.0293
DIM:ROT:     151         1  -11.3738    0.0313    0.0269
DIM:ROT:     152         1  -11.3721    0.0287    0.0360
DIM:ROT:     153         1  -11.3761    0.0412    0.0391
DIM:ROT:     154         1  -11.3871    0.0371    0.0368
DIM:ROT:     155         1  -11.3953    0.0363    0.0381
DIM:ROT:     156         1  -11.4061    0.0313    0.0418
DIM:ROT:     157         1  -11.4144    0.0333    0.0454
DIM:ROT:     158         1  -11.4073    0.0389    0.0510
DIM:ROT:     159         1  -11.4038    0.0417    0.0552
DIM:ROT:     160         1  -11.4017    0.0352    0.0498
DIM:ROT:     161         1  -11.3957    0.0400    0.0485
DIM:ROT:     162         1  -11.3913    0.0338    0.0490
DIM:ROT:     163         1  -11.3888    0.0358    0.0438
DIM:ROT:     164         1  -11.3934    0.0308    0.0420
DIM:ROT:     165         1  -11.3987    0.0322    0.0335
