MINMODE:METHOD: Dimer
DIM:CONTROL: Search Parameters:
DIM:CONTROL: ------------------
DIM:CONTROL: eigenmode_method = dimer
DIM:CONTROL: f_rot_min = 0.01
DIM:CONTROL: f_rot_max = 0.1
DIM:CONTROL: max_num_rot = 3
DIM:CONTROL: trial_angle = 0.7853981633974483
DIM:CONTROL: trial_trans_step = 0.001
DIM:CONTROL: maximum_translation = 0.1
DIM:CONTROL: cg_translation = True
DIM:CONTROL: use_central_forces = True
DIM:CONTROL: dimer_separation = 0.005
DIM:CONTROL: initial_eigenmode_method = gauss
DIM:CONTROL: extrapolate_forces = True
DIM:CONTROL: displacement_method = gauss
DIM:CONTROL: gauss_std = 0.1
DIM:CONTROL: order = 1
DIM:CONTROL: mask = None
DIM:CONTROL: displacement_center = None
DIM:CONTROL: displacement_radius = None
DIM:CONTROL: number_of_displacement_atoms = None
DIM:CONTROL: ------------------
DIM:ROT: OPT-STEP ROT-STEP CURVATURE ROT-ANGLE ROT-FORCE
DIM:ROT:       0         1    6.3396   13.5790   18.7066
DIM:ROT:       0         2    4.9117    8.1829    9.5874
DIM:ROT:       0         3    4.0494    5.8514    8.6631
DIM:ROT:       1         1   -0.0266    5.3527    5.8935
DIM:ROT:       1         2   -0.3466    3.2288    5.5566
DIM:ROT:       1         3   -0.6040    3.7007    3.9344
DIM:ROT:       2         1   -0.9730    4.2430    8.1283
DIM:ROT:       2         2   -1.3216    4.1684    4.7182
DIM:ROT:       2         3   -1.5443    2.6560    4.8395
DIM:ROT:       3         1    0.3596    9.8181    3.4054
DIM:ROT:       3         2   -0.0259    3.3422    6.5493
DIM:ROT:       3         3   -0.2181    3.4487    3.2619
DIM:ROT:       4         1    0.6232    5.8809    3.1583
DIM:ROT:       4         2    0.3871    2.5705    5.3360
DIM:ROT:       4         3    0.2099    3.4102    2.9179
DIM:ROT:       5         1    1.1451    3.3186    7.4464
DIM:ROT:       5         2    0.8380    5.1321    3.3443
DIM:ROT:       5         3    0.6015    2.5409    5.3818
DIM:ROT:       6         1    1.4838    7.3305    4.2350
DIM:ROT:       6         2    1.0882    3.2836    6.8187
DIM:ROT:       6         3    0.8105    4.6466    3.5064
DIM:ROT:       7         1    1.0362    4.7043    5.0253
DIM:ROT:       7         2    0.7649    3.0813    4.9403
DIM:ROT:       7         3    0.5486    3.1088    3.9818
DIM:ROT:       8         1    0.7085    3.7653    6.5286
DIM:ROT:       8         2    0.4424    3.5212    4.2117
DIM:ROT:       8         3    0.2426    2.6369    4.4061
DIM:ROT:       9         1    0.0762    5.5666    4.9209
DIM:ROT:       9         2   -0.1856    3.3759    4.3118
DIM:ROT:       9         3   -0.3323    2.4149    3.5637
DIM:ROT:      10         1   -0.2680    3.6718    5.2905
DIM:ROT:      10         2   -0.4400    2.5307    3.7248
DIM:ROT:      10         3   -0.5544    2.1675    3.1064
DIM:ROT:      11         1   -0.6242    2.0167    2.1878
DIM:ROT:      11         2   -0.6713    1.2070    2.2405
DIM:ROT:      11         3   -0.7103    1.4405    1.4948
DIM:ROT:      12         1   -0.2056    1.2344    2.0786
DIM:ROT:      12         2   -0.2334    1.1204    1.3670
DIM:ROT:      12         3   -0.2524    0.8519    1.3247
DIM:ROT:      13         1    0.0022    0.7852    1.3288
DIM:ROT:      13         2   -0.0056    0.5956    0.7869
DIM:ROT:      13         3   -0.0120    0.4857    0.7181
DIM:ROT:      14         1    0.2701    0.9468    0.8413
DIM:ROT:      14         2    0.2614    0.5910    0.8265
DIM:ROT:      14         3    0.2541    0.6292    0.6768
DIM:ROT:      15         1    0.1474    2.0075    3.0062
DIM:ROT:      15         2    0.1070    1.2626    1.7518
DIM:ROT:      15         3    0.0846    0.9921    1.2827
DIM:ROT:      16         1    0.0022    3.3827    2.5932
DIM:ROT:      16         2   -0.0453    1.3347    1.9269
DIM:ROT:      16         3   -0.0716    1.1465    1.3123
DIM:ROT:      17         1    0.0610    3.6581    2.3777
DIM:ROT:      17         2    0.0145    1.3835    1.8203
DIM:ROT:      17         3   -0.0102    1.0887    1.3004
DIM:ROT:      18         1    0.4530    3.5095    2.1876
DIM:ROT:      18         2    0.4140    1.1969    1.7585
DIM:ROT:      18         3    0.3929    1.0968    1.1058
DIM:ROT:      19         1    1.2514    3.7438    1.9344
DIM:ROT:      19         2    1.2104    1.2259    1.8148
DIM:ROT:      19         3    1.1865    1.3283    1.0481
DIM:ROT:      20         1    1.1036    1.6837    2.2878
DIM:ROT:      20         2    1.0689    1.5023    1.3612
DIM:ROT:      20         3    1.0428    1.1046    1.3502
DIM:ROT:      21         1    0.9114    4.5048    1.7355
DIM:ROT:      21         2    0.8705    1.3845    1.7677
DIM:ROT:      21         3    0.8410    1.4500    1.1696
DIM:ROT:      22         1    0.9028    4.9153    1.4526
DIM:ROT:      22         2    0.8585    1.4936    1.7488
DIM:ROT:      22         3    0.8285    1.3166    1.2836
DIM:ROT:      23         1    1.1360    1.6875    2.0480
DIM:ROT:      23         2    1.0894    1.7680    1.5270
DIM:ROT:      23         3    1.0457    1.4596    1.6982
DIM:ROT:      24         1    1.3122    6.1471    1.9335
DIM:ROT:      24         2    1.2001    2.2749    2.8137
DIM:ROT:      24         3    1.1331    2.1095    1.8183
DIM:ROT:      25         1    1.3452    2.3672    2.5883
DIM:ROT:      25         2    1.2576    2.2959    2.1836
DIM:ROT:      25         3    1.1746    2.0955    2.2436
DIM:ROT:      26         1    1.2911    3.0636    2.2216
DIM:ROT:      26         2    1.1925    2.0924    2.7120
DIM:ROT:      26         3    1.1030    2.6515    1.9390
DIM:ROT:      27         1    1.1289    2.2572    2.7506
DIM:ROT:      27         2    1.0385    2.5031    2.0811
DIM:ROT:      27         3    0.9532    2.0064    2.4071
DIM:ROT:      28         1    0.9082    2.6313    2.1335
DIM:ROT:      28         2    0.8269    1.9662    2.3870
DIM:ROT:      28         3    0.7532    2.2573    1.8647
DIM:ROT:      29         1    0.6704    2.0570    2.3239
DIM:ROT:      29         2    0.6042    2.0108    1.8956
DIM:ROT:      29         3    0.5424    1.7697    1.9767
DIM:ROT:      30         1    0.4563    1.9412    2.0392
DIM:ROT:      30         2    0.4040    1.7152    1.7632
DIM:ROT:      30         3    0.3577    1.5875    1.6676
DIM:ROT:      31         1    0.2821    1.8684    1.7287
DIM:ROT:      31         2    0.2435    1.3894    1.5985
DIM:ROT:      31         3    0.2087    1.4404    1.3668
DIM:ROT:      32         1    0.2049    1.4967    1.7442
DIM:ROT:      32         2    0.1747    1.3660    1.2818
DIM:ROT:      32         3    0.1492    1.1367    1.2859
DIM:ROT:      33         1    0.1633    1.3977    1.5698
DIM:ROT:      33         2    0.1382    1.2362    1.1408
DIM:ROT:      33         3    0.1163    1.0636    1.1787
DIM:ROT:      34         1    0.1654    1.7682    1.3521
DIM:ROT:      34         2    0.1405    1.1215    1.2576
DIM:ROT:      34         3    0.1212    1.1030    1.0099
DIM:ROT:      35         1    0.1701    1.4298    1.5044
DIM:ROT:      35         2    0.1482    1.0774    1.1414
DIM:ROT:      35         3    0.1298    1.0085    1.0266
DIM:ROT:      36         1    0.1849    1.5138    1.3680
DIM:ROT:      36         2    0.1647    1.0013    1.1328
DIM:ROT:      36         3    0.1493    0.9772    0.9116
DIM:ROT:      37         1    0.1876    1.4162    1.3163
DIM:ROT:      37         2    0.1707    0.9083    1.0442
DIM:ROT:      37         3    0.1572    0.8995    0.8409
DIM:ROT:      38         1    0.1958    1.3014    1.2988
DIM:ROT:      38         2    0.1807    0.8675    0.9737
DIM:ROT:      38         3    0.1700    0.8034    0.7761
DIM:ROT:      39         1    0.2019    1.4309    1.1521
DIM:ROT:      39         2    0.1890    0.7723    0.9250
DIM:ROT:      39         3    0.1800    0.7602    0.6720
DIM:ROT:      40         1    0.2282    1.2042    1.1884
DIM:ROT:      40         2    0.2162    0.7545    0.8806
DIM:ROT:      40         3    0.2086    0.6903    0.6534
DIM:ROT:      41         1    0.2557    1.4291    1.0567
DIM:ROT:      41         2    0.2448    0.6992    0.8605
DIM:ROT:      41         3    0.2380    0.6754    0.5739
DIM:ROT:      42         1    0.2915    1.1572    1.0804
DIM:ROT:      42         2    0.2811    0.6921    0.8370
DIM:ROT:      42         3    0.2746    0.6452    0.5869
DIM:ROT:      43         1    0.3816    1.2676    0.9293
DIM:ROT:      43         2    0.3723    0.6495    0.8041
DIM:ROT:      43         3    0.3663    0.6591    0.5182
DIM:ROT:      44         1    0.4482    0.9902    0.8788
DIM:ROT:      44         2    0.4401    0.6392    0.7186
DIM:ROT:      44         3    0.4347    0.6005    0.5189
DIM:ROT:      45         1    0.4974    1.0839    0.7575
DIM:ROT:      45         2    0.4898    0.6002    0.7118
DIM:ROT:      45         3    0.4845    0.6443    0.4656
DIM:ROT:      46         1    0.5053    0.6319    0.6844
DIM:ROT:      46         2    0.5014    0.5028    0.4426
DIM:ROT:      46         3    0.4985    0.4098    0.4146
DIM:ROT:      47         1    0.5348    0.9654    0.6765
DIM:ROT:      47         2    0.5303    0.4828    0.5607
DIM:ROT:      47         3    0.5269    0.5010    0.3711
DIM:ROT:      48         1    0.5579    1.0297    0.7168
DIM:ROT:      48         2    0.5526    0.5092    0.6056
DIM:ROT:      48         3    0.5491    0.5283    0.3861
DIM:ROT:      49         1    0.5835    0.9991    0.8183
DIM:ROT:      49         2    0.5773    0.5642    0.6512
DIM:ROT:      49         3    0.5729    0.5602    0.4440
DIM:ROT:      50         1    0.6204    1.2627    0.8105
DIM:ROT:      50         2    0.6133    0.5882    0.7066
DIM:ROT:      50         3    0.6088    0.6093    0.4345
DIM:ROT:      51         1    0.6061    0.7321    0.6975
DIM:ROT:      51         2    0.6022    0.4748    0.4665
DIM:ROT:      51         3    0.5994    0.4166    0.3766
DIM:ROT:      52         1    0.6036    0.9864    0.7365
DIM:ROT:      52         2    0.5979    0.5215    0.6034
DIM:ROT:      52         3    0.5944    0.5206    0.3920
DIM:ROT:      53         1    0.6033    1.1092    0.6968
DIM:ROT:      53         2    0.5971    0.5404    0.6355
DIM:ROT:      53         3    0.5932    0.5708    0.3972
DIM:ROT:      54         1    0.6068    0.8471    0.7335
DIM:ROT:      54         2    0.6005    0.5781    0.6081
DIM:ROT:      54         3    0.5961    0.5525    0.4576
DIM:ROT:      55         1    0.6133    1.0803    0.6507
DIM:ROT:      55         2    0.6066    0.5622    0.6715
DIM:ROT:      55         3    0.6019    0.6546    0.4149
DIM:ROT:      56         1    0.6481    0.8740    0.7120
DIM:ROT:      56         2    0.6408    0.6396    0.6464
DIM:ROT:      56         3    0.6352    0.6431    0.5024
DIM:ROT:      57         1    0.6623    0.5681    0.6220
DIM:ROT:      57         2    0.6581    0.5900    0.4127
DIM:ROT:      57         3    0.6542    0.4562    0.4740
DIM:ROT:      58         1    0.7015    0.9328    0.4945
DIM:ROT:      58         2    0.6969    0.4809    0.5498
DIM:ROT:      58         3    0.6930    0.6068    0.3605
DIM:ROT:      59         1    0.7564    0.6686    0.6570
DIM:ROT:      59         2    0.7516    0.5731    0.4922
DIM:ROT:      59         3    0.7474    0.5022    0.4629
DIM:ROT:      60         1    0.8162    1.1229    0.6062
DIM:ROT:      60         2    0.8097    0.5619    0.6665
DIM:ROT:      60         3    0.8045    0.7182    0.4130
DIM:ROT:      61         1    0.8672    0.8285    0.7981
DIM:ROT:      61         2    0.8601    0.6904    0.6091
DIM:ROT:      61         3    0.8539    0.6128    0.5565
DIM:ROT:      62         1    0.8928    1.3976    0.7063
DIM:ROT:      62         2    0.8835    0.6698    0.7992
DIM:ROT:      62         3    0.8762    0.8639    0.4824
DIM:ROT:      63         1    0.8867    0.8829    0.9393
DIM:ROT:      63         2    0.8777    0.8173    0.6429
DIM:ROT:      63         3    0.8703    0.6463    0.6470
DIM:ROT:      64         1    0.8466    1.6093    0.7094
DIM:ROT:      64         2    0.8368    0.6947    0.8184
DIM:ROT:      64         3    0.8293    0.8825    0.4817
DIM:ROT:      65         1    0.7870    0.8545    0.9118
DIM:ROT:      65         2    0.7784    0.8040    0.6191
DIM:ROT:      65         3    0.7714    0.6297    0.6329
DIM:ROT:      66         1    0.7198    1.5605    0.6849
DIM:ROT:      66         2    0.7100    0.6978    0.8140
DIM:ROT:      66         3    0.7023    0.8954    0.4852
DIM:ROT:      67         1    0.6501    0.8867    0.8636
DIM:ROT:      67         2    0.6410    0.8016    0.6520
DIM:ROT:      67         3    0.6334    0.6883    0.6392
DIM:ROT:      68         1    0.5934    1.4027    0.7266
DIM:ROT:      68         2    0.5821    0.7528    0.8647
DIM:ROT:      68         3    0.5724    0.9932    0.5529
DIM:ROT:      69         1    0.5629    0.9528    0.9349
DIM:ROT:      69         2    0.5516    0.9112    0.7107
DIM:ROT:      69         3    0.5419    0.7708    0.7263
DIM:ROT:      70         1    0.5542    1.3965    0.7733
DIM:ROT:      70         2    0.5411    0.8181    0.9210
DIM:ROT:      70         3    0.5295    1.0778    0.6095
DIM:ROT:      71         1    0.5657    0.9762    0.9559
DIM:ROT:      71         2    0.5533    0.9693    0.7349
DIM:ROT:      71         3    0.5424    0.8097    0.7670
DIM:ROT:      72         1    0.5911    1.2779    0.7779
DIM:ROT:      72         2    0.5782    0.8319    0.8944
DIM:ROT:      72         3    0.5666    1.0494    0.6284
DIM:ROT:      73         1    0.6209    0.9400    0.8717
DIM:ROT:      73         2    0.6095    0.9170    0.7128
DIM:ROT:      73         3    0.5994    0.8009    0.7215
DIM:ROT:      74         1    0.5549    0.8797    0.6571
DIM:ROT:      74         2    0.5455    0.7731    0.6961
DIM:ROT:      74         3    0.5364    0.8333    0.6219
DIM:ROT:      75         1    0.5137    0.9068    0.7307
DIM:ROT:      75         2    0.5032    0.8340    0.7148
DIM:ROT:      75         3    0.4934    0.8458    0.6708
DIM:ROT:      76         1    0.5015    0.9749    0.7609
DIM:ROT:      76         2    0.4899    0.8618    0.7617
DIM:ROT:      76         3    0.4791    0.8977    0.6888
DIM:ROT:      77         1    0.5323    0.9949    0.7368
DIM:ROT:      77         2    0.5209    0.8399    0.7738
DIM:ROT:      77         3    0.5102    0.9167    0.6674
DIM:ROT:      78         1    0.6203    0.8339    0.8356
DIM:ROT:      78         2    0.6095    0.9607    0.6405
DIM:ROT:      78         3    0.5995    0.7627    0.7503
DIM:ROT:      79         1    0.7379    1.5924    0.6166
DIM:ROT:      79         2    0.7243    0.7993    0.9822
DIM:ROT:      79         3    0.7115    1.3491    0.5392
DIM:ROT:      80         1    0.8331    0.9129    1.0763
DIM:ROT:      80         2    0.8191    1.2521    0.6395
DIM:ROT:      80         3    0.8067    0.7927    0.9013
DIM:ROT:      81         1    0.8565    1.5344    0.6921
DIM:ROT:      81         2    0.8415    0.8590    0.9991
DIM:ROT:      81         3    0.8275    1.3364    0.6046
DIM:ROT:      82         1    0.7811    0.8653    0.8875
DIM:ROT:      82         2    0.7689    1.0493    0.6585
DIM:ROT:      82         3    0.7575    0.8047    0.8123
DIM:ROT:      83         1    0.6455    0.9469    0.7791
DIM:ROT:      83         2    0.6337    0.9008    0.7434
DIM:ROT:      83         3    0.6229    0.8747    0.7117
DIM:ROT:      84         1    0.4745    1.8066    0.6930
DIM:ROT:      84         2    0.4566    0.9015    1.1348
DIM:ROT:      84         3    0.4400    1.5663    0.5986
DIM:ROT:      85         1    0.3110    1.0627    1.2670
DIM:ROT:      85         2    0.2910    1.5478    0.7286
DIM:ROT:      85         3    0.2739    0.9198    1.0716
DIM:ROT:      86         1    0.1972    3.0149    0.7532
DIM:ROT:      86         2    0.1689    1.0990    1.4550
DIM:ROT:      86         3    0.1453    2.0905    0.6436
DIM:ROT:      87         1    0.2203    0.9483    1.3040
DIM:ROT:      87         2    0.2027    1.6193    0.6142
DIM:ROT:      87         3    0.1882    0.7967    1.0685
DIM:ROT:      88         1    0.3298    0.9071    0.9780
DIM:ROT:      88         2    0.3194    0.8210    0.7364
DIM:ROT:      88         3    0.3104    0.7072    0.7167
DIM:ROT:      89         1    0.4954    2.4026    0.7144
DIM:ROT:      89         2    0.4841    0.6696    0.9473
DIM:ROT:      89         3    0.4751    0.9299    0.5440
DIM:ROT:      90         1    0.6131    1.0255    0.6458
DIM:ROT:      90         2    0.6025    0.6824    0.8949
DIM:ROT:      90         3    0.5922    0.9679    0.6092
DIM:ROT:      91         1    0.6420    0.7514    0.9666
DIM:ROT:      91         2    0.6308    0.9702    0.6657
DIM:ROT:      91         3    0.6200    0.6950    0.8814
DIM:ROT:      92         1    0.5844    1.0466    0.7074
DIM:ROT:      92         2    0.5742    0.6731    0.8650
DIM:ROT:      92         3    0.5646    0.9067    0.6004
DIM:ROT:      93         1    0.4570    0.7030    0.8570
DIM:ROT:      93         2    0.4489    0.7719    0.6144
DIM:ROT:      93         3    0.4414    0.5984    0.7028
DIM:ROT:      94         1    0.3136    0.9663    0.5956
DIM:ROT:      94         2    0.3054    0.5975    0.7818
DIM:ROT:      94         3    0.2979    0.8180    0.5265
DIM:ROT:      95         1    0.2116    0.6421    0.9095
DIM:ROT:      95         2    0.2028    0.9496    0.5330
DIM:ROT:      95         3    0.1944    0.5821    0.8106
DIM:ROT:      96         1    0.1733    1.3313    0.5276
DIM:ROT:      96         2    0.1640    0.6158    0.8897
DIM:ROT:      96         3    0.1562    0.8902    0.4870
DIM:ROT:      97         1    0.1916    0.5920    0.6838
DIM:ROT:      97         2    0.1854    0.6448    0.5341
DIM:ROT:      97         3    0.1801    0.5267    0.5994
DIM:ROT:      98         1    0.2336    0.5440    0.7094
DIM:ROT:      98         2    0.2281    0.6963    0.4690
DIM:ROT:      98         3    0.2224    0.4947    0.6306
DIM:ROT:      99         1    0.2508    0.7459    0.4633
DIM:ROT:      99         2    0.2460    0.4708    0.6204
DIM:ROT:      99         3    0.2408    0.6485    0.4316
DIM:ROT:     100         1    0.2339    0.6562    0.4705
DIM:ROT:     100         2    0.2294    0.4610    0.5615
DIM:ROT:     100         3    0.2249    0.5827    0.4347
DIM:ROT:     101         1    0.2059    0.4990    0.7544
DIM:ROT:     101         2    0.2008    0.7830    0.3887
DIM:ROT:     101         3    0.1955    0.4431    0.6458
DIM:ROT:     102         1    0.1891    0.4566    0.6143
DIM:ROT:     102         2    0.1851    0.6303    0.3874
DIM:ROT:     102         3    0.1805    0.4277    0.5640
DIM:ROT:     103         1    0.1858    0.4798    0.6528
DIM:ROT:     103         2    0.1815    0.6585    0.4006
DIM:ROT:     103         3    0.1765    0.4421    0.5859
DIM:ROT:     104         1    0.1595    0.5399    0.7340
DIM:ROT:     104         2    0.1542    0.7334    0.4469
DIM:ROT:     104         3    0.1481    0.4909    0.6488
DIM:ROT:     105         1    0.1180    0.6114    0.7801
DIM:ROT:     105         2    0.1116    0.7595    0.5227
DIM:ROT:     105         3    0.1041    0.5603    0.6973
DIM:ROT:     106         1    0.0539    0.7105    0.8076
DIM:ROT:     106         2    0.0461    0.7641    0.6275
DIM:ROT:     106         3    0.0370    0.6543    0.7296
DIM:ROT:     107         1   -0.0136    0.8314    0.8336
DIM:ROT:     107         2   -0.0229    0.7840    0.7437
DIM:ROT:     107         3   -0.0341    0.7679    0.7610
DIM:ROT:     108         1   -0.0506    0.9168    0.7833
DIM:ROT:     108         2   -0.0601    0.7480    0.7886
DIM:ROT:     108         3   -0.0712    0.8252    0.7100
DIM:ROT:     109         1    0.0792    0.5483    0.7920
DIM:ROT:     109         2    0.0748    0.5225    0.4809
DIM:ROT:     109         3    0.0713    0.3592    0.5576
DIM:ROT:     110         1    0.0711    0.7860    1.1950
DIM:ROT:     110         2    0.0681    0.4541    0.4208
DIM:ROT:     110         3    0.0652    0.3386    0.4886
DIM:ROT:     111         1    0.0828    0.7920    1.1081
DIM:ROT:     111         2    0.0788    0.5841    0.4189
DIM:ROT:     111         3    0.0753    0.3710    0.5565
DIM:ROT:     112         1    0.0973    0.8063    1.1349
DIM:ROT:     112         2    0.0930    0.5351    0.4907
DIM:ROT:     112         3    0.0888    0.3987    0.5961
DIM:ROT:     113         1    0.0958    0.8564    1.1140
DIM:ROT:     113         2    0.0891    0.7127    0.5431
DIM:ROT:     113         3    0.0832    0.4691    0.7350
DIM:ROT:     114         1    0.0749    0.8499    1.0928
DIM:ROT:     114         2    0.0675    0.6537    0.6484
DIM:ROT:     114         3    0.0604    0.5243    0.7726
DIM:ROT:     115         1    0.0214    0.8712    1.0220
DIM:ROT:     115         2    0.0122    0.6835    0.7598
DIM:ROT:     115         3    0.0039    0.5852    0.8207
DIM:ROT:     116         1   -0.0210    0.8673    1.0477
DIM:ROT:     116         2   -0.0314    0.6906    0.8511
DIM:ROT:     116         3   -0.0417    0.6666    0.8738
DIM:ROT:     117         1   -0.0493    0.8777    1.1051
DIM:ROT:     117         2   -0.0610    0.7397    0.8920
DIM:ROT:     117         3   -0.0718    0.6882    0.9168
DIM:ROT:     118         1   -0.1132    0.5379    0.6990
DIM:ROT:     118         2   -0.1184    0.5096    0.5863
DIM:ROT:     118         3   -0.1233    0.4668    0.5883
DIM:ROT:     119         1    0.1085    0.9640    1.3834
DIM:ROT:     119         2    0.0936    0.7208    1.2078
DIM:ROT:     119         3    0.0831    0.6704    0.9208
DIM:ROT:     120         1    0.0606    0.6135    1.1314
DIM:ROT:     120         2    0.0567    0.4133    0.5667
DIM:ROT:     120         3    0.0531    0.3608    0.5524
DIM:ROT:     121         1    0.0419    0.5791    0.8719
DIM:ROT:     121         2    0.0397    0.3074    0.4044
DIM:ROT:     121         3    0.0379    0.2631    0.4061
DIM:ROT:     122         1    0.0418    0.5229    0.8229
DIM:ROT:     122         2    0.0402    0.2540    0.3843
DIM:ROT:     122         3    0.0387    0.2441    0.3426
DIM:ROT:     123         1    0.0431    0.5218    0.7102
DIM:ROT:     123         2    0.0412    0.3028    0.3497
DIM:ROT:     123         3    0.0398    0.2243    0.3801
DIM:ROT:     124         1    0.0457    0.4824    0.6736
DIM:ROT:     124         2    0.0437    0.2840    0.4033
DIM:ROT:     124         3    0.0419    0.2612    0.3891
DIM:ROT:     125         1    0.0387    0.5402    0.6414
DIM:ROT:     125         2    0.0359    0.3529    0.4530
DIM:ROT:     125         3    0.0337    0.2900    0.4602
DIM:ROT:     126         1    0.0186    0.5427    0.7276
DIM:ROT:     126         2    0.0150    0.3715    0.5504
DIM:ROT:     126         3    0.0116    0.3689    0.5230
DIM:ROT:     127         1   -0.0141    0.6702    0.7775
DIM:ROT:     127         2   -0.0195    0.4601    0.6712
DIM:ROT:     127         3   -0.0243    0.4420    0.6276
DIM:ROT:     128         1   -0.0476    0.6217    0.9115
DIM:ROT:     128         2   -0.0530    0.4911    0.6412
DIM:ROT:     128         3   -0.0584    0.4608    0.6712
DIM:ROT:     129         1   -0.0085    0.7740    0.8442
DIM:ROT:     129         2   -0.0160    0.5898    0.7569
DIM:ROT:     129         3   -0.0225    0.5910    0.6268
DIM:ROT:     130         1    0.0834    2.4544    1.0638
DIM:ROT:     130         2    0.0693    0.6274    1.3803
DIM:ROT:     130         3    0.0610    0.6326    0.7393
DIM:ROT:     131         1    0.0431    0.6159    1.0054
DIM:ROT:     131         2    0.0388    0.3979    0.6249
DIM:ROT:     131         3    0.0351    0.3826    0.5767
DIM:ROT:     132         1    0.0462    0.5171    0.9279
DIM:ROT:     132         2    0.0431    0.3484    0.5358
DIM:ROT:     132         3    0.0401    0.3332    0.5098
DIM:ROT:     133         1    0.0626    0.5562    0.7123
DIM:ROT:     133         2    0.0597    0.3457    0.4738
DIM:ROT:     133         3    0.0573    0.2938    0.4889
DIM:ROT:     134         1    0.0971    0.4634    0.7484
DIM:ROT:     134         2    0.0945    0.3115    0.4916
DIM:ROT:     134         3    0.0918    0.3127    0.4634
DIM:ROT:     135         1    0.1183    0.5337    0.6521
DIM:ROT:     135         2    0.1154    0.3366    0.4852
DIM:ROT:     135         3    0.1130    0.3019    0.4808
DIM:ROT:     136         1    0.1100    0.4380    0.7528
DIM:ROT:     136         2    0.1074    0.3139    0.4797
DIM:ROT:     136         3    0.1047    0.3089    0.4672
DIM:ROT:     137         1    0.0739    0.5477    0.6299
DIM:ROT:     137         2    0.0710    0.3764    0.4333
DIM:ROT:     137         3    0.0687    0.2801    0.5073
DIM:ROT:     138         1    0.0302    0.4383    0.7641
DIM:ROT:     138         2    0.0277    0.3086    0.4736
DIM:ROT:     138         3    0.0251    0.3068    0.4596
DIM:ROT:     139         1   -0.0067    0.6020    0.6263
DIM:ROT:     139         2   -0.0105    0.4523    0.4678
DIM:ROT:     139         3   -0.0134    0.3072    0.5677
DIM:ROT:     140         1   -0.0090    0.4494    0.7412
DIM:ROT:     140         2   -0.0116    0.3268    0.4566
DIM:ROT:     140         3   -0.0142    0.3118    0.4586
DIM:ROT:     141         1    0.0462    1.3311    0.9385
DIM:ROT:     141         2    0.0346    0.6931    0.9960
DIM:ROT:     141         3    0.0254    0.8985    0.5860
DIM:ROT:     142         1    0.0228    0.6283    0.9419
DIM:ROT:     142         2    0.0157    0.8846    0.4708
DIM:ROT:     142         3    0.0086    0.5219    0.7687
DIM:ROT:     143         1    0.0158    0.5679    0.7045
DIM:ROT:     143         2    0.0111    0.6576    0.4366
DIM:ROT:     143         3    0.0057    0.4618    0.6135
DIM:ROT:     144         1    0.0167    0.5461    0.6542
DIM:ROT:     144         2    0.0126    0.6407    0.3893
DIM:ROT:     144         3    0.0079    0.4285    0.5716
DIM:ROT:     145         1    0.0180    0.5258    0.6925
DIM:ROT:     145         2    0.0147    0.6070    0.3453
DIM:ROT:     145         3    0.0106    0.3840    0.5424
DIM:ROT:     146         1    0.0212    0.5434    0.7564
DIM:ROT:     146         2    0.0182    0.5842    0.3281
DIM:ROT:     146         3    0.0145    0.3613    0.5197
DIM:ROT:     147         1    0.0101    0.5839    0.8335
DIM:ROT:     147         2    0.0070    0.6026    0.3401
DIM:ROT:     147         3    0.0031    0.3727    0.5356
DIM:ROT:     148         1   -0.0135    0.6401    0.9056
DIM:ROT:     148         2   -0.0177    0.6868    0.3810
DIM:ROT:     148         3   -0.0226    0.4233    0.6075
DIM:ROT:     149         1   -0.0162    0.6645    0.9038
DIM:ROT:     149         2   -0.0211    0.7704    0.3856
DIM:ROT:     149         3   -0.0265    0.4515    0.6485
DIM:ROT:     150         1    0.0179    1.1222    0.6747
DIM:ROT:     150         2    0.0095    0.4352    1.0837
DIM:ROT:     150         3    0.0045    0.5597    0.5302
DIM:ROT:     151         1   -0.0187    0.6625    1.3070
DIM:ROT:     151         2   -0.0235    0.3939    0.7311
DIM:ROT:     151         3   -0.0282    0.4119    0.6150
DIM:ROT:     152         1   -0.0279    0.7394    1.0405
DIM:ROT:     152         2   -0.0319    0.3955    0.5790
DIM:ROT:     152         3   -0.0355    0.3648    0.5914
DIM:ROT:     153         1    0.0104    0.6768    0.5797
DIM:ROT:     153         2    0.0070    0.3308    0.5653
DIM:ROT:     153         3    0.0051    0.3713    0.3027
DIM:ROT:     154         1   -0.0153    0.6460    0.9535
DIM:ROT:     154         2   -0.0173    0.4296    0.2983
DIM:ROT:     154         3   -0.0193    0.2763    0.4007
DIM:ROT:     155         1   -0.0215    0.6373    0.8956
DIM:ROT:     155         2   -0.0242    0.4664    0.3313
DIM:ROT:     155         3   -0.0267    0.3026    0.4889
DIM:ROT:     156         1   -0.0165    0.7643    0.9231
DIM:ROT:     156         2   -0.0253    0.4733    1.0433
DIM:ROT:     156         3   -0.0322    0.5850    0.7121
DIM:ROT:     157         1    0.0693    1.2313    1.0820
DIM:ROT:     157         2    0.0562    0.6265    1.2527
DIM:ROT:     157         3    0.0448    0.7799    0.8177
DIM:ROT:     158         1    0.0292    0.7521    1.2398
DIM:ROT:     158         2    0.0233    0.4871    0.7133
DIM:ROT:     158         3    0.0181    0.4515    0.6842
DIM:ROT:     159         1    0.0104    0.6806    1.2241
DIM:ROT:     159         2    0.0067    0.3878    0.6016
DIM:ROT:     159         3    0.0030    0.3837    0.5438
DIM:ROT:     160         1   -0.0048    0.7365    1.0136
DIM:ROT:     160         2   -0.0084    0.5407    0.4092
DIM:ROT:     160         3   -0.0116    0.3044    0.6140
