      Step     Time          Energy          fmax
BFGS:    0 16:55:26    -6224.117279       10.261497
BFGS:    1 16:55:26    -6224.948654        3.226978
BFGS:    2 16:55:26    -6225.219893        1.614509
BFGS:    3 16:55:26    -6225.303561        1.381993
BFGS:    4 16:55:26    -6225.432911        2.157908
BFGS:    5 16:55:26    -6225.523612        1.491092
BFGS:    6 16:55:26    -6225.562596        2.278467
BFGS:    7 16:55:26    -6225.664010        1.065237
BFGS:    8 16:55:26    -6225.702754        0.934382
BFGS:    9 16:55:26    -6225.735093        0.843093
BFGS:   10 16:55:26    -6225.752199        0.425113
BFGS:   11 16:55:26    -6225.769277        0.551400
BFGS:   12 16:55:26    -6225.787510        0.737830
BFGS:   13 16:55:26    -6225.811281        0.751689
BFGS:   14 16:55:26    -6225.818389        0.375094
BFGS:   15 16:55:27    -6225.821200        0.129191
BFGS:   16 16:55:27    -6225.822230        0.139409
BFGS:   17 16:55:27    -6225.823366        0.146996
BFGS:   18 16:55:27    -6225.825672        0.182962
BFGS:   19 16:55:27    -6225.827117        0.153405
BFGS:   20 16:55:27    -6225.829265        0.167165
BFGS:   21 16:55:27    -6225.831914        0.181267
BFGS:   22 16:55:27    -6225.835275        0.197048
BFGS:   23 16:55:27    -6225.838119        0.181448
BFGS:   24 16:55:27    -6225.840042        0.143329
BFGS:   25 16:55:27    -6225.841554        0.109455
BFGS:   26 16:55:27    -6225.843514        0.150900
BFGS:   27 16:55:27    -6225.846617        0.149920
BFGS:   28 16:55:27    -6225.850255        0.535948
BFGS:   29 16:55:27    -6225.851818        1.528140
BFGS:   30 16:55:27    -6225.875067        1.573242
BFGS:   31 16:55:27    -6225.865929        2.815046
BFGS:   32 16:55:27    -6225.776658        4.086535
BFGS:   33 16:55:27    -6225.941874        1.447252
BFGS:   34 16:55:27    -6226.014859        1.377317
BFGS:   35 16:55:27    -6226.046921        3.623198
BFGS:   36 16:55:27    -6226.173606        2.084984
BFGS:   37 16:55:27    -6226.356735        1.988078
BFGS:   38 16:55:27    -6226.410680        1.796661
BFGS:   39 16:55:27    -6226.480893        2.329364
BFGS:   40 16:55:27    -6226.569382        1.622975
BFGS:   41 16:55:27    -6226.642096        0.851167
BFGS:   42 16:55:27    -6226.674381        0.686757
BFGS:   43 16:55:27    -6226.698337        0.456718
BFGS:   44 16:55:27    -6226.719106        0.489494
BFGS:   45 16:55:27    -6226.745103        0.549437
BFGS:   46 16:55:27    -6226.757518        0.638157
BFGS:   47 16:55:27    -6226.789214        1.124443
BFGS:   48 16:55:27    -6226.807549        1.682173
BFGS:   49 16:55:27    -6226.851502        1.076109
BFGS:   50 16:55:27    -6226.886203        0.403431
BFGS:   51 16:55:27    -6226.893172        0.433663
BFGS:   52 16:55:27    -6226.898166        0.421422
BFGS:   53 16:55:27    -6226.912055        0.769910
BFGS:   54 16:55:27    -6226.927662        0.867959
BFGS:   55 16:55:27    -6226.942971        0.502136
BFGS:   56 16:55:27    -6226.949267        0.989747
BFGS:   57 16:55:27    -6226.958276        0.372195
BFGS:   58 16:55:27    -6226.964176        0.361507
BFGS:   59 16:55:27    -6226.981570        0.563768
BFGS:   60 16:55:27    -6226.995330        0.779143
BFGS:   61 16:55:27    -6227.018306        0.722876
BFGS:   62 16:55:27    -6227.050683        0.684739
BFGS:   63 16:55:27    -6227.093631        0.522780
BFGS:   64 16:55:27    -6227.120227        1.020357
BFGS:   65 16:55:27    -6227.143970        1.960599
BFGS:   66 16:55:27    -6227.204968        1.325757
BFGS:   67 16:55:27    -6227.255252        1.955195
BFGS:   68 16:55:27    -6227.308479        1.153219
BFGS:   69 16:55:27    -6227.335330        1.156141
BFGS:   70 16:55:27    -6227.313895        3.645143
BFGS:   71 16:55:27    -6227.423516        1.124120
BFGS:   72 16:55:28    -6227.420257        1.058737
BFGS:   73 16:55:28    -6227.475333        0.961339
BFGS:   74 16:55:28    -6227.496849        0.970890
BFGS:   75 16:55:28    -6227.519090        0.607127
BFGS:   76 16:55:28    -6227.557583        0.591485
BFGS:   77 16:55:28    -6227.590239        1.816136
BFGS:   78 16:55:28    -6227.659728        3.193904
BFGS:   79 16:55:28    -6227.708480        4.854589
BFGS:   80 16:55:28    -6227.915284        5.355259
BFGS:   81 16:55:28    -6227.970509        5.446681
BFGS:   82 16:55:28    -6228.195426        3.713619
BFGS:   83 16:55:28    -6228.394833        2.247748
BFGS:   84 16:55:28    -6228.585394        1.393381
BFGS:   85 16:55:28    -6228.699875        1.651367
BFGS:   86 16:55:28    -6228.800543        1.251329
BFGS:   87 16:55:28    -6228.878986        0.933719
BFGS:   88 16:55:28    -6228.904445        0.664678
BFGS:   89 16:55:28    -6228.913860        0.282328
BFGS:   90 16:55:28    -6228.915973        0.210163
BFGS:   91 16:55:28    -6228.918289        0.221596
BFGS:   92 16:55:28    -6228.920146        0.245526
BFGS:   93 16:55:28    -6228.922504        0.268762
BFGS:   94 16:55:28    -6228.923646        0.242142
BFGS:   95 16:55:28    -6228.924483        0.227148
BFGS:   96 16:55:28    -6228.925383        0.166069
BFGS:   97 16:55:28    -6228.926225        0.103745
BFGS:   98 16:55:28    -6228.926714        0.068635
BFGS:   99 16:55:28    -6228.926892        0.044433
BFGS:  100 16:55:28    -6228.926955        0.027564
BFGS:  101 16:55:28    -6228.926984        0.022839
BFGS:  102 16:55:28    -6228.927003        0.017577
BFGS:  103 16:55:28    -6228.927012        0.013448
BFGS:  104 16:55:28    -6228.927016        0.008454
BFGS:  105 16:55:28    -6228.927026        0.007802
BFGS:  106 16:55:28    -6228.927027        0.009188
BFGS:  107 16:55:28    -6228.927036        0.011564
BFGS:  108 16:55:28    -6228.927048        0.007411
BFGS:  109 16:55:28    -6228.927044        0.004259
