MINMODE:METHOD: Dimer
DIM:CONTROL: Search Parameters:
DIM:CONTROL: ------------------
DIM:CONTROL: eigenmode_method = dimer
DIM:CONTROL: f_rot_min = 0.01
DIM:CONTROL: f_rot_max = 0.1
DIM:CONTROL: max_num_rot = 3
DIM:CONTROL: trial_angle = 0.7853981633974483
DIM:CONTROL: trial_trans_step = 0.001
DIM:CONTROL: maximum_translation = 0.1
DIM:CONTROL: cg_translation = True
DIM:CONTROL: use_central_forces = True
DIM:CONTROL: dimer_separation = 0.005
DIM:CONTROL: initial_eigenmode_method = gauss
DIM:CONTROL: extrapolate_forces = True
DIM:CONTROL: displacement_method = gauss
DIM:CONTROL: gauss_std = 0.1
DIM:CONTROL: order = 1
DIM:CONTROL: mask = None
DIM:CONTROL: displacement_center = None
DIM:CONTROL: displacement_radius = None
DIM:CONTROL: number_of_displacement_atoms = None
DIM:CONTROL: ------------------
DIM:ROT: OPT-STEP ROT-STEP CURVATURE ROT-ANGLE ROT-FORCE
DIM:ROT:       0         1    9.7448    6.1933   21.0178
DIM:ROT:       0         2    8.0388    5.1300   18.6247
DIM:ROT:       0         3    6.6957    4.5680   15.4268
DIM:ROT:       1         1    3.7319    3.9261   20.1636
DIM:ROT:       1         2    3.0476    5.5338    7.9342
DIM:ROT:       1         3    2.3723    2.3537   11.5863
DIM:ROT:       2         1    1.4216    2.4301   10.6867
DIM:ROT:       2         2    1.0812    2.8806    7.6609
DIM:ROT:       2         3    0.7012    2.2357    9.5919
DIM:ROT:       3         1   -5.9718   14.3041    8.3646
DIM:ROT:       3         2   -8.2590    4.3886   29.8238
DIM:ROT:       3         3  -10.4148   13.3358    9.3122
DIM:ROT:       4         1  -13.7498    4.8583   19.3260
DIM:ROT:       4         2  -15.2206    8.5040    9.7885
DIM:ROT:       4         3  -16.5751    4.2750   17.1049
DIM:ROT:       5         1  -17.4950   14.5891   10.9205
DIM:ROT:       5         2  -19.5140    7.2546   15.7137
DIM:ROT:       5         3  -20.9209    9.8728    8.1897
DIM:ROT:       6         1  -20.0438    7.7761   13.2448
DIM:ROT:       6         2  -20.9541    5.6660    9.1237
DIM:ROT:       6         3  -21.4878    4.2244    7.0147
DIM:ROT:       7         1  -27.5320    6.5382    7.4357
DIM:ROT:       7         2  -27.8839    2.9434    6.7820
DIM:ROT:       7         3  -28.0364    2.7480    3.1779
DIM:ROT:       8         1  -24.1964    9.0668    8.0173
DIM:ROT:       8         2  -24.4801    2.5655    6.1990
DIM:ROT:       8         3  -24.6237    2.5995    2.8522
DIM:ROT:       9         1  -21.9109    7.7481    6.3148
DIM:ROT:       9         2  -22.0316    1.8179    3.7019
DIM:ROT:       9         3  -22.0927    1.6905    1.9065
DIM:ROT:      10         1  -21.5359    6.9650    4.9966
DIM:ROT:      10         2  -21.6376    1.5322    3.2459
DIM:ROT:      10         3  -21.6708    1.1391    1.5484
DIM:ROT:      11         1  -22.8807    6.0722    5.8839
DIM:ROT:      11         2  -23.0663    2.1171    4.5730
DIM:ROT:      11         3  -23.1268    1.5744    2.1421
DIM:ROT:      12         1  -21.3096    6.6124    5.7700
DIM:ROT:      12         2  -21.4985    2.0007    4.7573
DIM:ROT:      12         3  -21.5576    1.5666    2.0515
DIM:ROT:      13         1  -19.4269    2.6499    3.4018
DIM:ROT:      13         2  -19.5112    1.3983    3.1310
DIM:ROT:      13         3  -19.5618    1.3894    1.9115
DIM:ROT:      14         1  -19.2499    5.1917    4.4614
DIM:ROT:      14         2  -19.4402    2.1690    5.0192
DIM:ROT:      14         3  -19.5373    2.3655    2.3422
DIM:ROT:      15         1  -19.2631    3.0973    5.6388
DIM:ROT:      15         2  -19.4385    2.0335    4.8318
DIM:ROT:      15         3  -19.5567    1.8960    3.4194
DIM:ROT:      16         1  -21.5589    6.4193    6.4547
DIM:ROT:      16         2  -21.8864    2.7411    6.4552
DIM:ROT:      16         3  -22.0414    2.6627    3.2658
DIM:ROT:      17         1  -27.2602    7.4635    7.2096
DIM:ROT:      17         2  -27.7326    2.9986    8.5350
DIM:ROT:      17         3  -27.9834    3.5906    3.8304
DIM:ROT:      18         1  -30.6783    2.4119    5.5806
DIM:ROT:      18         2  -30.7745    1.9239    2.9164
DIM:ROT:      18         3  -30.8163    1.0713    2.4094
DIM:ROT:      19         1  -24.4300    4.9689    4.1013
DIM:ROT:      19         2  -24.4758    1.0287    3.0172
DIM:ROT:      19         3  -24.4932    0.8814    1.2105
DIM:ROT:      20         1  -21.9376    4.0543    3.2630
DIM:ROT:      20         2  -21.9808    1.0637    2.4503
DIM:ROT:      20         3  -21.9948    0.8536    1.0237
DIM:ROT:      21         1  -20.5281    2.7502    2.7953
DIM:ROT:      21         2  -20.5644    0.8639    2.4928
DIM:ROT:      21         3  -20.5802    0.8748    0.9887
DIM:ROT:      22         1  -19.0780    4.2696    3.7037
DIM:ROT:      22         2  -19.1656    1.5326    3.4318
DIM:ROT:      22         3  -19.2001    1.4094    1.5879
DIM:ROT:      23         1  -15.7335    8.8928    5.6621
DIM:ROT:      23         2  -16.0538    2.4537    6.7366
DIM:ROT:      23         3  -16.2092    2.9065    3.0023
DIM:ROT:      24         1  -15.0772   14.5881    8.9648
DIM:ROT:      24         2  -16.6544    5.9026   14.5459
DIM:ROT:      24         3  -17.6981    8.9984    6.6933
DIM:ROT:      25         1  -18.6814   10.5069   14.7999
DIM:ROT:      25         2  -20.2896    6.4777   14.1973
DIM:ROT:      25         3  -21.2908    6.1890    9.0080
DIM:ROT:      26         1  -16.9679    7.0028    9.7665
DIM:ROT:      26         2  -17.6793    4.7778    8.4901
DIM:ROT:      26         3  -18.1177    4.3616    6.0037
DIM:ROT:      27         1  -10.6438    6.8755    8.3518
DIM:ROT:      27         2  -11.1610    3.7069    8.4760
DIM:ROT:      27         3  -11.5239    4.1401    5.0494
DIM:ROT:      28         1   -1.6915   10.4006    9.4161
DIM:ROT:      28         2   -2.4959    5.3441    9.4187
DIM:ROT:      28         3   -3.0408    4.9953    6.5845
DIM:ROT:      29         1    0.5333    9.9259   10.9270
DIM:ROT:      29         2   -0.6467    6.3592   10.6455
DIM:ROT:      29         3   -1.5473    6.5541    7.6418
DIM:ROT:      30         1   -0.4807    3.8831    9.6222
DIM:ROT:      30         2   -0.9543    4.9494    5.3544
DIM:ROT:      30         3   -1.2805    2.7907    6.8228
DIM:ROT:      31         1    3.2118   12.1744    8.1567
DIM:ROT:      31         2    2.6840    3.4587    8.4901
DIM:ROT:      31         3    2.3192    4.0742    5.0208
DIM:ROT:      32         1    1.7672    7.1116   10.9806
DIM:ROT:      32         2    0.9582    4.3827   10.3450
DIM:ROT:      32         3    0.4172    4.5642    6.9044
DIM:ROT:      33         1   -1.1425    4.1473    8.3220
DIM:ROT:      33         2   -1.5493    3.5328    6.5966
DIM:ROT:      33         3   -1.8732    3.0237    5.9797
DIM:ROT:      34         1   -3.3953    3.8403    4.7936
DIM:ROT:      34         2   -3.6472    2.5059    5.7579
DIM:ROT:      34         3   -3.8533    3.0971    3.8547
DIM:ROT:      35         1   -4.1263    2.9403    5.1859
DIM:ROT:      35         2   -4.3281    2.8768    4.0129
DIM:ROT:      35         3   -4.4995    2.3485    4.1121
DIM:ROT:      36         1   -4.9756    2.4912    4.0760
DIM:ROT:      36         2   -5.1197    2.1507    3.8267
DIM:ROT:      36         3   -5.2378    2.0382    3.3383
DIM:ROT:      37         1   -5.2745    2.6258    4.3276
DIM:ROT:      37         2   -5.3780    1.8634    3.2120
DIM:ROT:      37         3   -5.4697    1.7800    2.9103
DIM:ROT:      38         1   -5.4057    2.1948    2.9988
DIM:ROT:      38         2   -5.4846    1.6653    2.6901
DIM:ROT:      38         3   -5.5489    1.5950    2.3074
DIM:ROT:      39         1   -5.3376    2.2218    2.8281
DIM:ROT:      39         2   -5.3984    1.3549    2.5197
DIM:ROT:      39         3   -5.4505    1.4340    2.0382
DIM:ROT:      40         1   -5.0274    1.8221    3.1907
DIM:ROT:      40         2   -5.0880    1.4879    2.2784
DIM:ROT:      40         3   -5.1363    1.2653    2.1892
DIM:ROT:      41         1   -5.5592    1.3748    2.0336
DIM:ROT:      41         2   -5.5951    1.1460    1.7566
DIM:ROT:      41         3   -5.6246    1.0535    1.5723
DIM:ROT:      42         1   -5.7419    0.9663    1.8230
DIM:ROT:      42         2   -5.7654    0.9330    1.3963
DIM:ROT:      42         3   -5.7834    0.7424    1.3782
DIM:ROT:      43         1   -4.3132    3.8970    2.8116
DIM:ROT:      43         2   -4.4326    1.8233    3.6138
DIM:ROT:      43         3   -4.5031    1.6535    2.3539
DIM:ROT:      44         1   -3.0120    4.4520    3.5438
DIM:ROT:      44         2   -3.2161    2.3781    4.8311
DIM:ROT:      44         3   -3.3605    2.8841    2.8569
DIM:ROT:      45         1   -2.9367    2.2306    4.2087
DIM:ROT:      45         2   -3.0591    2.1909    3.2112
DIM:ROT:      45         3   -3.1657    1.7994    3.3444
DIM:ROT:      46         1   -3.7537    2.4207    2.7672
DIM:ROT:      46         2   -3.8430    1.6390    3.1205
DIM:ROT:      46         3   -3.9122    1.8682    2.1743
DIM:ROT:      47         1   -5.2641    2.7914    3.7123
DIM:ROT:      47         2   -5.3703    1.8005    3.3381
DIM:ROT:      47         3   -5.4507    1.8173    2.5036
DIM:ROT:      48         1   -6.5209    2.1363    3.4420
DIM:ROT:      48         2   -6.5936    1.5215    2.6899
DIM:ROT:      48         3   -6.6451    1.3535    2.1956
DIM:ROT:      49         1   -6.8001    1.5088    2.2875
DIM:ROT:      49         2   -6.8366    1.1469    1.7990
DIM:ROT:      49         3   -6.8648    1.0110    1.5565
DIM:ROT:      50         1   -6.7704    1.4673    2.5892
DIM:ROT:      50         2   -6.7964    0.9812    1.4894
DIM:ROT:      50         3   -6.8155    0.7786    1.4040
DIM:ROT:      51         1   -6.9488    2.0045    2.5522
DIM:ROT:      51         2   -6.9835    1.2075    1.5955
DIM:ROT:      51         3   -7.0054    0.7761    1.6231
DIM:ROT:      52         1   -7.1392    1.7631    1.8368
DIM:ROT:      52         2   -7.1702    0.9879    1.8394
DIM:ROT:      52         3   -7.1912    0.9312    1.2951
DIM:ROT:      53         1   -6.6826    1.4896    2.1669
DIM:ROT:      53         2   -6.7098    1.0356    1.4587
DIM:ROT:      53         3   -6.7281    0.7911    1.3713
DIM:ROT:      54         1   -5.8846    0.8082    1.3400
DIM:ROT:      54         2   -5.8981    0.6964    1.1599
DIM:ROT:      54         3   -5.9091    0.6309    1.0340
DIM:ROT:      55         1   -5.2604    0.8503    1.0697
DIM:ROT:      55         2   -5.2719    0.6122    1.1234
DIM:ROT:      55         3   -5.2819    0.6770    0.8540
DIM:ROT:      56         1   -4.6529    1.6624    2.0880
DIM:ROT:      56         2   -4.6783    0.9869    1.4643
DIM:ROT:      56         3   -4.6983    0.8420    1.3684
DIM:ROT:      57         1   -4.0285    4.0254    2.0963
DIM:ROT:      57         2   -4.1214    1.6759    3.2504
DIM:ROT:      57         3   -4.1831    1.5870    2.2108
DIM:ROT:      58         1   -2.3548    5.7532    6.3192
DIM:ROT:      58         2   -2.7252    3.3070    6.5635
DIM:ROT:      58         3   -2.9872    3.5447    4.3110
DIM:ROT:      59         1   -2.3673   11.9632    6.8442
DIM:ROT:      59         2   -3.3994    4.9986   11.9870
DIM:ROT:      59         3   -4.2153    6.8241    6.7333
DIM:ROT:      60         1    0.9716    7.3831   14.2116
DIM:ROT:      60         2    0.1611    4.6961    9.4757
DIM:ROT:      60         3   -0.2102    3.3776    6.3219
DIM:ROT:      61         1    1.0843    7.5504   10.4696
DIM:ROT:      61         2    0.8406    2.3202    4.7635
DIM:ROT:      61         3    0.7080    2.3499    3.1449
DIM:ROT:      62         1    2.4185    6.6175    7.5997
DIM:ROT:      62         2    1.9341    3.6782    7.5053
DIM:ROT:      62         3    1.5683    4.1766    5.0575
DIM:ROT:      63         1    2.1789    8.7086    7.6978
DIM:ROT:      63         2    1.5075    4.1130    9.4169
DIM:ROT:      63         3    1.0245    5.0118    5.3595
DIM:ROT:      64         1    1.1702    3.3422    8.3196
DIM:ROT:      64         2    0.8650    4.6345    3.6788
DIM:ROT:      64         3    0.6670    2.2004    5.2657
DIM:ROT:      65         1    1.1346    3.8933    2.7017
DIM:ROT:      65         2    1.0165    1.9232    3.3829
DIM:ROT:      65         3    0.9534    1.6464    2.2414
DIM:ROT:      66         1    1.3903    4.6349    3.2864
DIM:ROT:      66         2    1.2320    2.5408    3.4650
DIM:ROT:      66         3    1.1457    1.9006    2.6971
DIM:ROT:      67         1    1.3892    2.9172    4.7811
DIM:ROT:      67         2    1.2237    2.4716    3.7996
DIM:ROT:      67         3    1.0883    2.2194    3.5555
DIM:ROT:      68         1    0.9338    4.2543    4.1974
DIM:ROT:      68         2    0.7480    2.4212    4.3070
DIM:ROT:      68         3    0.6111    2.3616    3.3587
DIM:ROT:      69         1    0.4187    2.8038    5.0218
DIM:ROT:      69         2    0.2764    2.3299    3.4344
DIM:ROT:      69         3    0.1603    1.9881    3.3931
DIM:ROT:      70         1    0.1115    3.0022    4.1124
DIM:ROT:      70         2    0.0120    1.8413    2.9840
DIM:ROT:      70         3   -0.0707    1.7292    2.7523
DIM:ROT:      71         1    0.1344    2.4027    4.0544
DIM:ROT:      71         2    0.0627    1.4612    2.7026
DIM:ROT:      71         3    0.0065    1.4824    2.1995
DIM:ROT:      72         1   -0.1173    2.7586    3.4905
DIM:ROT:      72         2   -0.1981    1.4884    2.9678
DIM:ROT:      72         3   -0.2683    1.7096    2.3318
DIM:ROT:      73         1   -0.3363    2.4419    3.9581
DIM:ROT:      73         2   -0.4295    1.6192    3.1865
DIM:ROT:      73         3   -0.5062    1.7554    2.5280
DIM:ROT:      74         1   -0.4538    2.2949    4.5846
DIM:ROT:      74         2   -0.5432    1.6453    2.9834
DIM:ROT:      74         3   -0.6194    1.5321    2.8063
DIM:ROT:      75         1    0.3275    1.6063    2.5609
DIM:ROT:      75         2    0.2891    1.1729    1.8517
DIM:ROT:      75         3    0.2609    1.0502    1.5586
DIM:ROT:      76         1    0.3439    2.2588    3.1077
DIM:ROT:      76         2    0.3297    0.6881    1.3082
DIM:ROT:      76         3    0.3172    0.8060    0.8945
DIM:ROT:      77         1    0.3129    2.4864    3.2880
DIM:ROT:      77         2    0.2959    0.8086    1.4157
DIM:ROT:      77         3    0.2814    0.8214    1.0413
DIM:ROT:      78         1    0.3950    2.7089    3.2636
DIM:ROT:      78         2    0.3723    0.9878    1.4681
DIM:ROT:      78         3    0.3526    0.8738    1.3053
DIM:ROT:      79         1    0.6031    2.8291    3.2698
DIM:ROT:      79         2    0.5681    1.2193    1.7104
DIM:ROT:      79         3    0.5400    1.0302    1.5732
DIM:ROT:      80         1    0.7452    2.7731    3.1731
DIM:ROT:      80         2    0.7032    1.2904    1.8885
DIM:ROT:      80         3    0.6662    1.2361    1.7174
DIM:ROT:      81         1    1.0641    3.3294    3.2983
DIM:ROT:      81         2    0.9838    1.6912    2.7108
DIM:ROT:      81         3    0.9151    1.8432    2.1596
DIM:ROT:      82         1    1.3420    3.3592    3.4342
DIM:ROT:      82         2    1.2265    1.9489    3.3905
DIM:ROT:      82         3    1.1229    2.4177    2.4318
DIM:ROT:      83         1    1.5509    2.9853    3.8686
DIM:ROT:      83         2    1.4072    2.3552    3.4690
DIM:ROT:      83         3    1.2935    2.3145    2.8669
DIM:ROT:      84         1    1.3849    3.3264    3.1939
DIM:ROT:      84         2    1.2499    2.1240    3.6675
DIM:ROT:      84         3    1.1342    2.6287    2.4792
DIM:ROT:      85         1    0.9042    1.8840    3.3669
DIM:ROT:      85         2    0.8144    2.3473    2.1775
DIM:ROT:      85         3    0.7436    1.5289    2.6997
DIM:ROT:      86         1    0.4416    2.6811    1.8179
DIM:ROT:      86         2    0.3797    1.3427    2.6582
DIM:ROT:      86         3    0.3275    1.9999    1.4681
DIM:ROT:      87         1    0.0494    1.3111    2.5064
DIM:ROT:      87         2    0.0084    1.6244    1.4450
DIM:ROT:      87         3   -0.0246    1.0358    1.8761
DIM:ROT:      88         1   -0.2373    1.9564    1.4599
DIM:ROT:      88         2   -0.2672    0.9811    1.8154
DIM:ROT:      88         3   -0.2939    1.2932    1.1609
DIM:ROT:      89         1   -0.1560    0.9082    2.7567
DIM:ROT:      89         2   -0.1774    0.8750    1.3445
DIM:ROT:      89         3   -0.1901    0.5392    1.4140
DIM:ROT:      90         1   -0.1751    1.1225    0.9595
DIM:ROT:      90         2   -0.1849    0.4457    1.3360
DIM:ROT:      90         3   -0.1937    0.7313    0.6675
DIM:ROT:      91         1   -0.1801    0.3574    0.8783
DIM:ROT:      91         2   -0.1837    0.4787    0.4271
DIM:ROT:      91         3   -0.1864    0.2603    0.5922
DIM:ROT:      92         1   -0.2168    0.8586    0.4592
DIM:ROT:      92         2   -0.2204    0.4020    0.5666
DIM:ROT:      92         3   -0.2223    0.2647    0.4092
DIM:ROT:      93         1   -0.6402    3.2941    1.8035
DIM:ROT:      93         2   -0.7008    1.4925    2.4335
DIM:ROT:      93         3   -0.7363    1.2693    1.6019
DIM:ROT:      94         1   -0.4586    2.4795    2.3934
DIM:ROT:      94         2   -0.5076    1.3474    2.1068
DIM:ROT:      94         3   -0.5426    1.1058    1.8387
DIM:ROT:      95         1   -0.4875    1.7127    1.7786
DIM:ROT:      95         2   -0.5368    1.1080    2.5574
DIM:ROT:      95         3   -0.5863    1.6890    1.7078
DIM:ROT:      96         1   -0.4421    1.4003    2.8806
DIM:ROT:      96         2   -0.4797    1.3059    1.6438
DIM:ROT:      96         3   -0.5072    0.8972    1.6694
DIM:ROT:      97         1   -0.1473    2.6647    3.4280
DIM:ROT:      97         2   -0.1748    0.7905    1.6565
DIM:ROT:      97         3   -0.1893    0.8236    1.0228
DIM:ROT:      98         1   -0.0207    0.8903    1.2511
DIM:ROT:      98         2   -0.0349    0.5732    1.4162
DIM:ROT:      98         3   -0.0472    0.7022    0.9710
DIM:ROT:      99         1    0.0869    1.1007    1.5235
DIM:ROT:      99         2    0.0651    0.7287    1.6970
DIM:ROT:      99         3    0.0475    0.8614    1.1764
DIM:ROT:     100         1   -0.0248    0.5699    1.4541
DIM:ROT:     100         2   -0.0342    0.6465    0.8297
DIM:ROT:     100         3   -0.0417    0.4161    1.0051
DIM:ROT:     101         1   -0.1088    0.9476    0.8636
DIM:ROT:     101         2   -0.1149    0.3977    0.8533
DIM:ROT:     101         3   -0.1190    0.4083    0.5769
DIM:ROT:     102         1   -0.1244    0.4597    0.8065
DIM:ROT:     102         2   -0.1293    0.4281    0.6444
DIM:ROT:     102         3   -0.1338    0.3868    0.6468
DIM:ROT:     103         1   -0.0908    0.6115    0.8033
DIM:ROT:     103         2   -0.0975    0.4248    0.8899
DIM:ROT:     103         3   -0.1032    0.4964    0.6545
DIM:ROT:     104         1   -0.0616    0.4856    0.8647
DIM:ROT:     104         2   -0.0672    0.4057    0.7781
DIM:ROT:     104         3   -0.0724    0.4106    0.7056
DIM:ROT:     105         1   -0.0630    0.4861    0.7395
DIM:ROT:     105         2   -0.0684    0.4074    0.7412
DIM:ROT:     105         3   -0.0730    0.4264    0.6348
DIM:ROT:     106         1   -0.0317    1.1207    0.9323
DIM:ROT:     106         2   -0.0423    0.5313    1.1229
DIM:ROT:     106         3   -0.0502    0.5806    0.7722
DIM:ROT:     107         1    0.0533    0.6197    1.2527
DIM:ROT:     107         2    0.0414    0.6258    1.0747
DIM:ROT:     107         3    0.0309    0.5544    1.0955
DIM:ROT:     108         1    0.0286    0.5789    1.0369
DIM:ROT:     108         2    0.0210    0.4715    0.9343
DIM:ROT:     108         3    0.0137    0.4835    0.8353
DIM:ROT:     109         1    0.0473    0.5460    0.9809
DIM:ROT:     109         2    0.0408    0.4210    0.8617
DIM:ROT:     109         3    0.0357    0.4163    0.7102
DIM:ROT:     110         1    0.0769    0.5804    0.9098
DIM:ROT:     110         2    0.0714    0.3714    0.8557
DIM:ROT:     110         3    0.0668    0.4120    0.6186
DIM:ROT:     111         1    0.0938    0.5322    0.9219
DIM:ROT:     111         2    0.0884    0.3763    0.8086
DIM:ROT:     111         3    0.0844    0.3732    0.6151
DIM:ROT:     112         1    0.0958    0.6258    0.8633
DIM:ROT:     112         2    0.0906    0.3522    0.8594
DIM:ROT:     112         3    0.0863    0.4146    0.5664
DIM:ROT:     113         1    0.0807    0.5173    0.9445
DIM:ROT:     113         2    0.0754    0.3819    0.7825
DIM:ROT:     113         3    0.0715    0.3611    0.6250
DIM:ROT:     114         1    0.0522    0.6835    0.8520
DIM:ROT:     114         2    0.0467    0.3543    0.8761
DIM:ROT:     114         3    0.0424    0.4285    0.5607
DIM:ROT:     115         1    0.0100    0.4982    0.9586
DIM:ROT:     115         2    0.0048    0.3870    0.7519
DIM:ROT:     115         3    0.0010    0.3502    0.6338
DIM:ROT:     116         1   -0.0410    0.6449    0.7953
DIM:ROT:     116         2   -0.0457    0.3331    0.8142
DIM:ROT:     116         3   -0.0495    0.4001    0.5268
DIM:ROT:     117         1   -0.0839    0.4402    0.8374
DIM:ROT:     117         2   -0.0877    0.3430    0.6293
DIM:ROT:     117         3   -0.0906    0.3038    0.5403
DIM:ROT:     118         1   -0.0996    0.3364    0.4913
DIM:ROT:     118         2   -0.1021    0.2831    0.5041
DIM:ROT:     118         3   -0.1044    0.3051    0.4385
DIM:ROT:     119         1   -0.1812    0.3017    0.6368
DIM:ROT:     119         2   -0.1836    0.3169    0.4284
DIM:ROT:     119         3   -0.1857    0.2460    0.4864
DIM:ROT:     120         1   -0.2291    0.5103    0.6751
DIM:ROT:     120         2   -0.2320    0.2831    0.5676
DIM:ROT:     120         3   -0.2344    0.3292    0.4178
DIM:ROT:     121         1   -0.2244    0.5131    0.6753
DIM:ROT:     121         2   -0.2272    0.2611    0.5879
DIM:ROT:     121         3   -0.2293    0.3048    0.3890
DIM:ROT:     122         1   -0.1847    0.4758    0.5962
DIM:ROT:     122         2   -0.1880    0.3203    0.5713
DIM:ROT:     122         3   -0.1910    0.3638    0.4699
DIM:ROT:     123         1   -0.0899    0.4716    1.0328
DIM:ROT:     123         2   -0.0949    0.4464    0.6330
DIM:ROT:     123         3   -0.0989    0.3363    0.6779
DIM:ROT:     124         1   -0.0593    0.7387    0.7016
DIM:ROT:     124         2   -0.0641    0.3399    0.8119
DIM:ROT:     124         3   -0.0682    0.4179    0.5482
DIM:ROT:     125         1   -0.0774    0.4940    0.8276
DIM:ROT:     125         2   -0.0829    0.4397    0.7141
DIM:ROT:     125         3   -0.0878    0.4256    0.6764
DIM:ROT:     126         1   -0.1236    0.4206    0.8983
DIM:ROT:     126         2   -0.1267    0.3143    0.5641
DIM:ROT:     126         3   -0.1295    0.2980    0.5295
DIM:ROT:     127         1   -0.1505    0.3191    0.4773
DIM:ROT:     127         2   -0.1529    0.2320    0.5769
DIM:ROT:     127         3   -0.1550    0.2895    0.4299
DIM:ROT:     128         1   -0.1544    0.3293    0.7449
DIM:ROT:     128         2   -0.1579    0.3975    0.5056
DIM:ROT:     128         3   -0.1615    0.3004    0.6603
DIM:ROT:     129         1   -0.1132    0.4790    0.6266
DIM:ROT:     129         2   -0.1162    0.3443    0.5035
DIM:ROT:     129         3   -0.1187    0.2687    0.5233
DIM:ROT:     130         1   -0.1186    0.4062    0.4435
DIM:ROT:     130         2   -0.1211    0.2301    0.6531
DIM:ROT:     130         3   -0.1237    0.3538    0.3995
DIM:ROT:     131         1   -0.1337    0.3306    0.9247
DIM:ROT:     131         2   -0.1373    0.4317    0.4654
DIM:ROT:     131         3   -0.1402    0.2600    0.6531
DIM:ROT:     132         1   -0.2016    0.3886    0.5992
DIM:ROT:     132         2   -0.2046    0.2934    0.5659
DIM:ROT:     132         3   -0.2074    0.3190    0.5029
DIM:ROT:     133         1   -0.2083    0.2809    0.5425
DIM:ROT:     133         2   -0.2107    0.2699    0.5219
DIM:ROT:     133         3   -0.2133    0.2732    0.5219
DIM:ROT:     134         1   -0.2117    0.4079    0.5371
DIM:ROT:     134         2   -0.2155    0.3127    0.6869
DIM:ROT:     134         3   -0.2191    0.3965    0.5276
DIM:ROT:     135         1   -0.1984    0.4664    0.9012
DIM:ROT:     135         2   -0.2031    0.4030    0.6546
DIM:ROT:     135         3   -0.2079    0.3873    0.6872
DIM:ROT:     136         1   -0.2179    0.3616    0.8511
DIM:ROT:     136         2   -0.2228    0.4034    0.6774
DIM:ROT:     136         3   -0.2272    0.3379    0.7695
DIM:ROT:     137         1   -0.2597    0.6523    0.9098
DIM:ROT:     137         2   -0.2657    0.3691    0.9075
DIM:ROT:     137         3   -0.2716    0.4476    0.7377
DIM:ROT:     138         1   -0.2804    0.4863    0.8140
DIM:ROT:     138         2   -0.2875    0.4618    0.8586
DIM:ROT:     138         3   -0.2942    0.4834    0.8066
DIM:ROT:     139         1   -0.2897    0.6146    0.7463
DIM:ROT:     139         2   -0.2971    0.4150    0.9898
DIM:ROT:     139         3   -0.3045    0.5836    0.7155
DIM:ROT:     140         1   -0.2941    0.4602    1.3380
DIM:ROT:     140         2   -0.3021    0.5666    0.7891
DIM:ROT:     140         3   -0.3092    0.3894    1.0306
DIM:ROT:     141         1   -0.3324    1.1721    1.2806
DIM:ROT:     141         2   -0.3515    0.6699    1.5914
DIM:ROT:     141         3   -0.3715    0.9568    1.1705
DIM:ROT:     142         1   -0.3845    0.8971    1.5793
DIM:ROT:     142         2   -0.4109    0.9629    1.5641
DIM:ROT:     142         3   -0.4380    0.9377    1.6474
DIM:ROT:     143         1   -0.4179    0.8453    1.6478
DIM:ROT:     143         2   -0.4430    0.8714    1.6119
DIM:ROT:     143         3   -0.4695    0.8771    1.7074
DIM:ROT:     144         1   -0.4852    2.3345    1.6136
DIM:ROT:     144         2   -0.5514    1.1640    3.2493
DIM:ROT:     144         3   -0.6172    2.2220    1.7074
DIM:ROT:     145         1   -0.6443    1.3658    3.8796
DIM:ROT:     145         2   -0.7294    2.3825    2.0567
DIM:ROT:     145         3   -0.8205    1.3615    3.7571
DIM:ROT:     146         1   -0.6847    3.3762    2.1384
DIM:ROT:     146         2   -0.7913    1.5882    3.8857
DIM:ROT:     146         3   -0.8798    2.2580    2.2857
DIM:ROT:     147         1    0.7450    3.0217    5.0140
DIM:ROT:     147         2    0.5589    2.0244    5.3146
DIM:ROT:     147         3    0.4044    2.2907    3.7471
DIM:ROT:     148         1   -0.4356    1.0525    3.6573
DIM:ROT:     148         2   -0.4884    1.8870    1.5700
DIM:ROT:     148         3   -0.5319    0.8680    2.8574
DIM:ROT:     149         1   -0.8392    4.3472    1.6310
DIM:ROT:     149         2   -0.9208    1.3258    3.5574
DIM:ROT:     149         3   -0.9733    1.5120    1.9593
DIM:ROT:     150         1   -0.3092    1.2572    2.4935
DIM:ROT:     150         2   -0.3524    1.1076    2.1631
DIM:ROT:     150         3   -0.3855    1.0061    1.9333
DIM:ROT:     151         1    0.3540    7.7461    4.8909
DIM:ROT:     151         2    0.1374    2.3775    5.3342
DIM:ROT:     151         3    0.0305    2.4952    2.4180
DIM:ROT:     152         1   -0.0784    1.1688    2.7921
DIM:ROT:     152         2   -0.1132    1.5829    1.2238
DIM:ROT:     152         3   -0.1350    0.7647    1.7172
DIM:ROT:     153         1   -0.2361    1.1470    1.0537
DIM:ROT:     153         2   -0.2469    0.5358    1.1540
DIM:ROT:     153         3   -0.2559    0.6521    0.7557
DIM:ROT:     154         1   -0.2122    0.4727    1.3489
DIM:ROT:     154         2   -0.2223    0.7171    0.7839
DIM:ROT:     154         3   -0.2303    0.4108    1.1657
DIM:ROT:     155         1    0.0848    2.6972    1.6124
DIM:ROT:     155         2    0.0504    0.7896    2.5666
DIM:ROT:     155         3    0.0277    1.1558    1.0740
DIM:ROT:     156         1    0.0232    0.6350    1.6760
DIM:ROT:     156         2    0.0115    0.6289    1.0472
DIM:ROT:     156         3    0.0031    0.4525    1.0916
DIM:ROT:     157         1    0.0648    0.7028    1.2313
DIM:ROT:     157         2    0.0557    0.4650    1.1349
DIM:ROT:     157         3    0.0474    0.5309    0.8588
DIM:ROT:     158         1    0.1235    0.9451    1.1989
DIM:ROT:     158         2    0.1113    0.5055    1.3621
DIM:ROT:     158         3    0.1006    0.7017    0.8880
DIM:ROT:     159         1    0.0969    0.7621    1.7299
DIM:ROT:     159         2    0.0810    0.6996    1.3145
DIM:ROT:     159         3    0.0656    0.6395    1.3382
DIM:ROT:     160         1    0.0031    1.2835    1.5385
DIM:ROT:     160         2   -0.0223    0.7306    1.9687
DIM:ROT:     160         3   -0.0460    1.0536    1.3075
