MinModeTranslate: STEP      TIME          ENERGY    MAX-FORCE     STEPSIZE    CURVATURE  ROT-STEPS
MinModeTranslate:    0  16:55:42    -6225.649241       3.8416     --------   -14.286288          3
MinModeTranslate:    0  16:55:42    -6225.649241       3.8416     0.100000   -14.286288          3
MinModeTranslate:    1  16:55:43    -6225.838434       3.6195     --------   -16.830437          3
MinModeTranslate:    1  16:55:43    -6225.838434       3.6195     0.100000   -16.830437          3
MinModeTranslate:    2  16:55:43    -6225.944205       3.3679     --------   -10.030528          3
MinModeTranslate:    2  16:55:43    -6225.944205       3.3679     0.100000   -10.030528          3
MinModeTranslate:    3  16:55:43    -6225.850509       3.0230     --------    -7.593894          3
MinModeTranslate:    3  16:55:43    -6225.850509       3.0230     0.100000    -7.593894          3
MinModeTranslate:    4  16:55:43    -6225.741460       2.0215     --------    -8.528317          3
MinModeTranslate:    4  16:55:43    -6225.741460       2.0215     0.100000    -8.528317          3
MinModeTranslate:    5  16:55:43    -6225.699015       1.8610     --------    -9.199905          3
MinModeTranslate:    5  16:55:43    -6225.699015       1.8610     0.100000    -9.199905          3
MinModeTranslate:    6  16:55:43    -6225.715275       2.2076     --------   -27.052158          3
MinModeTranslate:    6  16:55:43    -6225.715275       2.2076     0.051283   -27.052158          3
MinModeTranslate:    7  16:55:43    -6225.846781       2.0787     --------   -18.844527          3
MinModeTranslate:    7  16:55:43    -6225.846781       2.0787     0.100000   -18.844527          3
MinModeTranslate:    8  16:55:43    -6225.913198       2.8094     --------   -20.920482          3
MinModeTranslate:    8  16:55:43    -6225.913198       2.8094     0.100000   -20.920482          3
MinModeTranslate:    9  16:55:43    -6226.054064       1.1955     --------   -22.531918          3
MinModeTranslate:    9  16:55:43    -6226.054064       1.1955     0.100000   -22.531918          3
MinModeTranslate:   10  16:55:43    -6226.172160       1.2594     --------   -26.213751          3
MinModeTranslate:   10  16:55:43    -6226.172160       1.2594     0.070285   -26.213751          3
MinModeTranslate:   11  16:55:43    -6226.150040       1.5159     --------   -28.059789          3
MinModeTranslate:   11  16:55:43    -6226.150040       1.5159     0.075906   -28.059789          3
MinModeTranslate:   12  16:55:43    -6226.199628       1.0457     --------   -25.103469          3
MinModeTranslate:   12  16:55:43    -6226.199628       1.0457     0.100000   -25.103469          3
MinModeTranslate:   13  16:55:43    -6226.294929       1.1145     --------   -24.810537          3
MinModeTranslate:   13  16:55:43    -6226.294929       1.1145     0.082970   -24.810537          3
MinModeTranslate:   14  16:55:43    -6226.312555       1.1304     --------   -42.393568          3
MinModeTranslate:   14  16:55:44    -6226.312555       1.1304     0.043203   -42.393568          3
MinModeTranslate:   15  16:55:44    -6226.338622       0.7789     --------   -39.913043          3
MinModeTranslate:   15  16:55:44    -6226.338622       0.7789     0.032068   -39.913043          3
MinModeTranslate:   16  16:55:44    -6226.350882       0.5265     --------   -31.506726          3
MinModeTranslate:   16  16:55:44    -6226.350882       0.5265     0.017439   -31.506726          3
MinModeTranslate:   17  16:55:44    -6226.356677       0.3478     --------   -27.374486          3
MinModeTranslate:   17  16:55:44    -6226.356677       0.3478     0.013185   -27.374486          3
MinModeTranslate:   18  16:55:44    -6226.359945       0.2725     --------   -27.272280          3
MinModeTranslate:   18  16:55:44    -6226.359945       0.2725     0.019394   -27.272280          3
MinModeTranslate:   19  16:55:44    -6226.363387       0.2499     --------   -26.616462          3
MinModeTranslate:   19  16:55:44    -6226.363387       0.2499     0.016357   -26.616462          3
MinModeTranslate:   20  16:55:44    -6226.365509       0.2526     --------   -26.291865          3
MinModeTranslate:   20  16:55:44    -6226.365509       0.2526     0.053512   -26.291865          3
MinModeTranslate:   21  16:55:44    -6226.371797       0.2922     --------   -25.094485          3
MinModeTranslate:   21  16:55:44    -6226.371797       0.2922     0.017435   -25.094485          3
MinModeTranslate:   22  16:55:44    -6226.373548       0.2989     --------   -25.371196          3
MinModeTranslate:   22  16:55:44    -6226.373548       0.2989     0.041204   -25.371196          3
MinModeTranslate:   23  16:55:44    -6226.377566       0.1750     --------   -27.699892          3
MinModeTranslate:   23  16:55:44    -6226.377566       0.1750     0.024790   -27.699892          3
MinModeTranslate:   24  16:55:44    -6226.379798       0.2872     --------   -27.061247          3
MinModeTranslate:   24  16:55:44    -6226.379798       0.2872     0.043443   -27.061247          3
MinModeTranslate:   25  16:55:44    -6226.382855       0.2191     --------   -24.748060          3
MinModeTranslate:   25  16:55:44    -6226.382855       0.2191     0.015248   -24.748060          3
MinModeTranslate:   26  16:55:44    -6226.384163       0.1950     --------   -24.851197          3
MinModeTranslate:   26  16:55:44    -6226.384163       0.1950     0.011411   -24.851197          3
MinModeTranslate:   27  16:55:44    -6226.384990       0.1146     --------   -25.432553          3
MinModeTranslate:   27  16:55:44    -6226.384990       0.1146     0.007600   -25.432553          3
MinModeTranslate:   28  16:55:44    -6226.385492       0.0892     --------   -25.743119          3
MinModeTranslate:   28  16:55:44    -6226.385492       0.0892     0.017556   -25.743119          3
MinModeTranslate:   29  16:55:45    -6226.386394       0.1410     --------   -26.025024          3
MinModeTranslate:   29  16:55:45    -6226.386394       0.1410     0.012760   -26.025024          3
MinModeTranslate:   30  16:55:45    -6226.386972       0.1398     --------   -26.248506          3
MinModeTranslate:   30  16:55:45    -6226.386972       0.1398     0.023834   -26.248506          3
MinModeTranslate:   31  16:55:45    -6226.388040       0.0616     --------   -25.866436          3
MinModeTranslate:   31  16:55:45    -6226.388040       0.0616     0.007004   -25.866436          3
MinModeTranslate:   32  16:55:45    -6226.388273       0.0984     --------   -25.805966          3
MinModeTranslate:   32  16:55:45    -6226.388273       0.0984     0.013372   -25.805966          3
MinModeTranslate:   33  16:55:45    -6226.388761       0.0971     --------   -26.158159          3
MinModeTranslate:   33  16:55:45    -6226.388761       0.0971     0.010779   -26.158159          3
MinModeTranslate:   34  16:55:45    -6226.389102       0.1111     --------   -26.271076          3
MinModeTranslate:   34  16:55:45    -6226.389102       0.1111     0.013331   -26.271076          3
MinModeTranslate:   35  16:55:45    -6226.389459       0.0734     --------   -26.217944          3
MinModeTranslate:   35  16:55:45    -6226.389459       0.0734     0.005257   -26.217944          3
MinModeTranslate:   36  16:55:45    -6226.389587       0.0602     --------   -26.133993          2
MinModeTranslate:   36  16:55:45    -6226.389587       0.0602     0.006583   -26.133993          2
MinModeTranslate:   37  16:55:45    -6226.389751       0.0616     --------   -26.020926          3
MinModeTranslate:   37  16:55:45    -6226.389751       0.0616     0.004976   -26.020926          3
MinModeTranslate:   38  16:55:45    -6226.389869       0.0574     --------   -25.942470          2
MinModeTranslate:   38  16:55:45    -6226.389869       0.0574     0.009929   -25.942470          2
MinModeTranslate:   39  16:55:45    -6226.390051       0.0466     --------   -25.712459          3
MinModeTranslate:   39  16:55:45    -6226.390051       0.0466     0.006074   -25.712459          3
MinModeTranslate:   40  16:55:45    -6226.390154       0.0729     --------   -25.626464          3
MinModeTranslate:   40  16:55:45    -6226.390154       0.0729     0.006045   -25.626464          3
MinModeTranslate:   41  16:55:45    -6226.390265       0.0356     --------   -25.507380          2
MinModeTranslate:   41  16:55:45    -6226.390265       0.0356     0.005951   -25.507380          2
MinModeTranslate:   42  16:55:45    -6226.390336       0.0520     --------   -25.677625          3
MinModeTranslate:   42  16:55:45    -6226.390336       0.0520     0.005984   -25.677625          3
MinModeTranslate:   43  16:55:45    -6226.390433       0.0457     --------   -25.887800          2
MinModeTranslate:   43  16:55:45    -6226.390433       0.0457     0.008906   -25.887800          2
MinModeTranslate:   44  16:55:46    -6226.390547       0.0656     --------   -25.769340          3
MinModeTranslate:   44  16:55:46    -6226.390547       0.0656     0.032956   -25.769340          3
MinModeTranslate:   45  16:55:46    -6226.390942       0.1102     --------   -25.364264          3
MinModeTranslate:   45  16:55:46    -6226.390942       0.1102     0.090523   -25.364264          3
MinModeTranslate:   46  16:55:46    -6226.392702       0.2157     --------   -25.951455          3
MinModeTranslate:   46  16:55:46    -6226.392702       0.2157     0.100000   -25.951455          3
MinModeTranslate:   47  16:55:46    -6226.394875       0.2434     --------   -27.227846          3
MinModeTranslate:   47  16:55:46    -6226.394875       0.2434     0.020947   -27.227846          3
MinModeTranslate:   48  16:55:46    -6226.394625       0.2180     --------   -26.860635          3
MinModeTranslate:   48  16:55:46    -6226.394625       0.2180     0.009420   -26.860635          3
MinModeTranslate:   49  16:55:46    -6226.395027       0.2340     --------   -27.237995          3
MinModeTranslate:   49  16:55:46    -6226.395027       0.2340     0.013377   -27.237995          3
MinModeTranslate:   50  16:55:46    -6226.396911       0.1042     --------   -27.438012          3
MinModeTranslate:   50  16:55:46    -6226.396911       0.1042     0.016045   -27.438012          3
MinModeTranslate:   51  16:55:46    -6226.398521       0.1991     --------   -27.509815          3
MinModeTranslate:   51  16:55:46    -6226.398521       0.1991     0.019155   -27.509815          3
MinModeTranslate:   52  16:55:46    -6226.399857       0.2052     --------   -27.079534          3
MinModeTranslate:   52  16:55:46    -6226.399857       0.2052     0.022438   -27.079534          3
MinModeTranslate:   53  16:55:46    -6226.401745       0.1299     --------   -26.990741          3
MinModeTranslate:   53  16:55:46    -6226.401745       0.1299     0.033971   -26.990741          3
MinModeTranslate:   54  16:55:46    -6226.403852       0.3583     --------   -27.906205          3
MinModeTranslate:   54  16:55:46    -6226.403852       0.3583     0.100000   -27.906205          3
MinModeTranslate:   55  16:55:46    -6226.409650       0.3597     --------   -30.023193          3
MinModeTranslate:   55  16:55:46    -6226.409650       0.3597     0.071776   -30.023193          3
MinModeTranslate:   56  16:55:46    -6226.413920       0.2771     --------   -31.254475          3
MinModeTranslate:   56  16:55:46    -6226.413920       0.2771     0.026685   -31.254475          3
MinModeTranslate:   57  16:55:46    -6226.417156       0.3850     --------   -29.851249          3
MinModeTranslate:   57  16:55:46    -6226.417156       0.3850     0.025337   -29.851249          3
MinModeTranslate:   58  16:55:46    -6226.420022       0.2756     --------   -28.534394          3
MinModeTranslate:   58  16:55:46    -6226.420022       0.2756     0.037316   -28.534394          3
MinModeTranslate:   59  16:55:47    -6226.424117       0.2817     --------   -29.917334          3
MinModeTranslate:   59  16:55:47    -6226.424117       0.2817     0.040134   -29.917334          3
MinModeTranslate:   60  16:55:47    -6226.427739       0.3107     --------   -32.749236          3
MinModeTranslate:   60  16:55:47    -6226.427739       0.3107     0.040818   -32.749236          3
MinModeTranslate:   61  16:55:47    -6226.431500       0.3427     --------   -34.648356          3
MinModeTranslate:   61  16:55:47    -6226.431500       0.3427     0.032868   -34.648356          3
MinModeTranslate:   62  16:55:47    -6226.434801       0.2142     --------   -35.304468          3
MinModeTranslate:   62  16:55:47    -6226.434801       0.2142     0.017194   -35.304468          3
MinModeTranslate:   63  16:55:47    -6226.436471       0.1497     --------   -35.157110          3
MinModeTranslate:   63  16:55:47    -6226.436471       0.1497     0.004658   -35.157110          3
MinModeTranslate:   64  16:55:47    -6226.436847       0.0962     --------   -34.966889          3
MinModeTranslate:   64  16:55:47    -6226.436847       0.0962     0.011541   -34.966889          3
MinModeTranslate:   65  16:55:47    -6226.437579       0.0784     --------   -34.929072          3
MinModeTranslate:   65  16:55:47    -6226.437579       0.0784     0.007590   -34.929072          3
MinModeTranslate:   66  16:55:47    -6226.437884       0.0902     --------   -35.109625          3
MinModeTranslate:   66  16:55:47    -6226.437884       0.0902     0.005420   -35.109625          3
MinModeTranslate:   67  16:55:47    -6226.438084       0.0554     --------   -34.992324          3
MinModeTranslate:   67  16:55:47    -6226.438084       0.0554     0.005254   -34.992324          3
MinModeTranslate:   68  16:55:47    -6226.438251       0.0457     --------   -34.979961          2
MinModeTranslate:   68  16:55:47    -6226.438251       0.0457     0.003440   -34.979961          2
MinModeTranslate:   69  16:55:47    -6226.438327       0.0379     --------   -34.972388          2
MinModeTranslate:   69  16:55:47    -6226.438327       0.0379     0.005247   -34.972388          2
MinModeTranslate:   70  16:55:47    -6226.438446       0.0616     --------   -35.056702          3
MinModeTranslate:   70  16:55:47    -6226.438446       0.0616     0.004346   -35.056702          3
MinModeTranslate:   71  16:55:47    -6226.438534       0.0324     --------   -35.185218          2
MinModeTranslate:   71  16:55:47    -6226.438534       0.0324     0.007634   -35.185218          2
MinModeTranslate:   72  16:55:47    -6226.438643       0.0322     --------   -35.158280          3
MinModeTranslate:   72  16:55:47    -6226.438643       0.0322     0.004655   -35.158280          3
MinModeTranslate:   73  16:55:48    -6226.438712       0.0359     --------   -35.162939          2
MinModeTranslate:   73  16:55:48    -6226.438712       0.0359     0.003129   -35.162939          2
MinModeTranslate:   74  16:55:48    -6226.438749       0.0319     --------   -35.146658          2
MinModeTranslate:   74  16:55:48    -6226.438749       0.0319     0.002986   -35.146658          2
MinModeTranslate:   75  16:55:48    -6226.438782       0.0188     --------   -35.045201          2
MinModeTranslate:   75  16:55:48    -6226.438782       0.0188     0.001973   -35.045201          2
MinModeTranslate:   76  16:55:48    -6226.438799       0.0222     --------   -34.940338          2
MinModeTranslate:   76  16:55:48    -6226.438799       0.0222     0.001205   -34.940338          2
MinModeTranslate:   77  16:55:48    -6226.438809       0.0086     --------   -34.894812          1
MinModeTranslate:   77  16:55:48    -6226.438809       0.0086     0.000918   -34.894812          1
MinModeTranslate:   78  16:55:48    -6226.438812       0.0137     --------   -34.848578          1
MinModeTranslate:   78  16:55:48    -6226.438812       0.0137     0.001643   -34.848578          1
MinModeTranslate:   79  16:55:48    -6226.438822       0.0085     --------   -34.838559          1
MinModeTranslate:   79  16:55:48    -6226.438822       0.0085     0.000954   -34.838559          1
MinModeTranslate:   80  16:55:48    -6226.438826       0.0092     --------   -34.902961          2
MinModeTranslate:   80  16:55:48    -6226.438826       0.0092     0.000692   -34.902961          2
MinModeTranslate:   81  16:55:48    -6226.438828       0.0052     --------   -34.920111          1
MinModeTranslate:   81  16:55:48    -6226.438828       0.0052     0.000700   -34.920111          1
MinModeTranslate:   82  16:55:48    -6226.438829       0.0037     --------   -34.883975          1
