MinModeTranslate: STEP      TIME          ENERGY    MAX-FORCE     STEPSIZE    CURVATURE  ROT-STEPS
MinModeTranslate:    0  15:50:24    -9343.599403       7.4379     --------    -1.809393          3
MinModeTranslate:    0  15:50:24    -9343.599403       7.4379     0.100000    -1.809393          3
MinModeTranslate:    1  15:50:25    -9344.123045       5.6934     --------    -1.639116          3
MinModeTranslate:    1  15:50:25    -9344.123045       5.6934     0.100000    -1.639116          3
MinModeTranslate:    2  15:50:25    -9344.362758       5.2978     --------    -0.732570          3
MinModeTranslate:    2  15:50:25    -9344.362758       5.2978     0.100000    -0.732570          3
MinModeTranslate:    3  15:50:25    -9344.495888       4.9438     --------    -1.905607          3
MinModeTranslate:    3  15:50:25    -9344.495888       4.9438     0.100000    -1.905607          3
MinModeTranslate:    4  15:50:25    -9344.632684       4.4733     --------    -3.562197          3
MinModeTranslate:    4  15:50:25    -9344.632684       4.4733     0.100000    -3.562197          3
MinModeTranslate:    5  15:50:25    -9344.639402       3.7927     --------    -7.829327          3
MinModeTranslate:    5  15:50:25    -9344.639402       3.7927     0.100000    -7.829327          3
MinModeTranslate:    6  15:50:25    -9344.494134       3.1431     --------    -8.131560          3
MinModeTranslate:    6  15:50:25    -9344.494134       3.1431     0.100000    -8.131560          3
MinModeTranslate:    7  15:50:25    -9344.346819       2.7224     --------    -7.986164          3
MinModeTranslate:    7  15:50:25    -9344.346819       2.7224     0.100000    -7.986164          3
MinModeTranslate:    8  15:50:25    -9344.303553       2.3406     --------    -1.487036          3
MinModeTranslate:    8  15:50:25    -9344.303553       2.3406     0.100000    -1.487036          3
MinModeTranslate:    9  15:50:25    -9344.277636       1.8358     --------   -11.240746          3
MinModeTranslate:    9  15:50:25    -9344.277636       1.8358     0.100000   -11.240746          3
MinModeTranslate:   10  15:50:25    -9344.277252       1.4906     --------   -10.801012          3
MinModeTranslate:   10  15:50:25    -9344.277252       1.4906     0.092689   -10.801012          3
MinModeTranslate:   11  15:50:25    -9344.278624       1.8174     --------    -8.803792          3
MinModeTranslate:   11  15:50:25    -9344.278624       1.8174     0.100000    -8.803792          3
MinModeTranslate:   12  15:50:26    -9344.274801       0.9716     --------    -3.308927          3
MinModeTranslate:   12  15:50:26    -9344.274801       0.9716     0.023807    -3.308927          3
MinModeTranslate:   13  15:50:26    -9344.290410       0.7226     --------    -3.664337          3
MinModeTranslate:   13  15:50:26    -9344.290410       0.7226     0.072334    -3.664337          3
MinModeTranslate:   14  15:50:26    -9344.288021       1.0964     --------    -2.994292          3
MinModeTranslate:   14  15:50:26    -9344.288021       1.0964     0.032561    -2.994292          3
MinModeTranslate:   15  15:50:26    -9344.287522       0.7468     --------    -1.935401          3
MinModeTranslate:   15  15:50:26    -9344.287522       0.7468     0.074095    -1.935401          3
MinModeTranslate:   16  15:50:26    -9344.269719       1.0981     --------    -0.049481          3
MinModeTranslate:   16  15:50:26    -9344.269719       1.0981     0.077384    -0.049481          3
MinModeTranslate:   17  15:50:26    -9344.233334       1.6903     --------    -1.283926          3
MinModeTranslate:   17  15:50:26    -9344.233334       1.6903     0.100000    -1.283926          3
MinModeTranslate:   18  15:50:26    -9344.242844       0.5418     --------    -3.004488          3
MinModeTranslate:   18  15:50:26    -9344.242844       0.5418     0.021303    -3.004488          3
MinModeTranslate:   19  15:50:26    -9344.245654       0.4257     --------    -3.324654          3
MinModeTranslate:   19  15:50:26    -9344.245654       0.4257     0.029375    -3.324654          3
MinModeTranslate:   20  15:50:26    -9344.245738       0.4345     --------    -3.089886          3
MinModeTranslate:   20  15:50:26    -9344.245738       0.4345     0.024284    -3.089886          3
MinModeTranslate:   21  15:50:26    -9344.247179       0.3928     --------    -2.625253          3
MinModeTranslate:   21  15:50:26    -9344.247179       0.3928     0.020348    -2.625253          3
MinModeTranslate:   22  15:50:26    -9344.248322       0.2107     --------    -2.229807          3
MinModeTranslate:   22  15:50:26    -9344.248322       0.2107     0.017870    -2.229807          3
MinModeTranslate:   23  15:50:27    -9344.249325       0.2787     --------    -1.782665          3
MinModeTranslate:   23  15:50:27    -9344.249325       0.2787     0.028360    -1.782665          3
MinModeTranslate:   24  15:50:27    -9344.251506       0.2579     --------    -1.234641          3
MinModeTranslate:   24  15:50:27    -9344.251506       0.2579     0.024571    -1.234641          3
MinModeTranslate:   25  15:50:27    -9344.253919       0.3194     --------    -0.974271          3
MinModeTranslate:   25  15:50:27    -9344.253919       0.3194     0.058038    -0.974271          3
MinModeTranslate:   26  15:50:27    -9344.260955       0.2759     --------    -0.594498          3
MinModeTranslate:   26  15:50:27    -9344.260955       0.2759     0.042975    -0.594498          3
MinModeTranslate:   27  15:50:27    -9344.267323       0.3308     --------    -0.588244          3
MinModeTranslate:   27  15:50:27    -9344.267323       0.3308     0.063075    -0.588244          3
MinModeTranslate:   28  15:50:27    -9344.278020       0.4230     --------    -0.606823          3
MinModeTranslate:   28  15:50:27    -9344.278020       0.4230     0.100000    -0.606823          3
MinModeTranslate:   29  15:50:27    -9344.302306       0.3163     --------    -0.711632          3
MinModeTranslate:   29  15:50:27    -9344.302306       0.3163     0.041498    -0.711632          3
MinModeTranslate:   30  15:50:27    -9344.314799       0.4844     --------    -0.873643          3
MinModeTranslate:   30  15:50:27    -9344.314799       0.4844     0.072960    -0.873643          3
MinModeTranslate:   31  15:50:27    -9344.331316       0.6653     --------    -1.082696          3
MinModeTranslate:   31  15:50:27    -9344.331316       0.6653     0.100000    -1.082696          3
MinModeTranslate:   32  15:50:27    -9344.366035       0.6298     --------    -1.139872          3
MinModeTranslate:   32  15:50:27    -9344.366035       0.6298     0.054568    -1.139872          3
MinModeTranslate:   33  15:50:27    -9344.387907       0.6366     --------    -1.080947          3
MinModeTranslate:   33  15:50:27    -9344.387907       0.6366     0.076756    -1.080947          3
MinModeTranslate:   34  15:50:27    -9344.396811       0.8878     --------    -1.002715          3
MinModeTranslate:   34  15:50:27    -9344.396811       0.8878     0.100000    -1.002715          3
MinModeTranslate:   35  15:50:28    -9344.424250       0.8151     --------    -1.074185          3
MinModeTranslate:   35  15:50:28    -9344.424250       0.8151     0.076351    -1.074185          3
MinModeTranslate:   36  15:50:28    -9344.451286       0.9504     --------    -1.346182          3
MinModeTranslate:   36  15:50:28    -9344.451286       0.9504     0.086652    -1.346182          3
MinModeTranslate:   37  15:50:28    -9344.452483       1.2749     --------    -1.634606          3
MinModeTranslate:   37  15:50:28    -9344.452483       1.2749     0.100000    -1.634606          3
MinModeTranslate:   38  15:50:28    -9344.477804       0.8525     --------    -1.834187          3
MinModeTranslate:   38  15:50:28    -9344.477804       0.8525     0.078018    -1.834187          3
MinModeTranslate:   39  15:50:28    -9344.500492       1.0010     --------    -2.232222          3
MinModeTranslate:   39  15:50:28    -9344.500492       1.0010     0.072790    -2.232222          3
MinModeTranslate:   40  15:50:28    -9344.495092       0.9743     --------    -2.750959          3
MinModeTranslate:   40  15:50:28    -9344.495092       0.9743     0.093459    -2.750959          3
MinModeTranslate:   41  15:50:28    -9344.500791       1.2222     --------    -3.281159          3
MinModeTranslate:   41  15:50:28    -9344.500791       1.2222     0.100000    -3.281159          3
MinModeTranslate:   42  15:50:28    -9344.505077       0.8875     --------    -3.618677          3
MinModeTranslate:   42  15:50:28    -9344.505077       0.8875     0.056817    -3.618677          3
MinModeTranslate:   43  15:50:28    -9344.507053       1.1668     --------    -3.688639          3
MinModeTranslate:   43  15:50:28    -9344.507053       1.1668     0.080089    -3.688639          3
MinModeTranslate:   44  15:50:28    -9344.511441       0.6761     --------    -3.517859          3
MinModeTranslate:   44  15:50:28    -9344.511441       0.6761     0.057905    -3.517859          3
MinModeTranslate:   45  15:50:28    -9344.514226       0.8365     --------    -3.564967          3
MinModeTranslate:   45  15:50:28    -9344.514226       0.8365     0.068993    -3.564967          3
MinModeTranslate:   46  15:50:29    -9344.515372       0.7852     --------    -3.457717          3
MinModeTranslate:   46  15:50:29    -9344.515372       0.7852     0.097743    -3.457717          3
MinModeTranslate:   47  15:50:29    -9344.517701       0.8198     --------    -3.100966          3
MinModeTranslate:   47  15:50:29    -9344.517701       0.8198     0.080516    -3.100966          3
MinModeTranslate:   48  15:50:29    -9344.522156       0.7615     --------    -2.711840          3
MinModeTranslate:   48  15:50:29    -9344.522156       0.7615     0.052513    -2.711840          3
MinModeTranslate:   49  15:50:29    -9344.526315       0.4731     --------    -2.482051          3
MinModeTranslate:   49  15:50:29    -9344.526315       0.4731     0.046542    -2.482051          3
MinModeTranslate:   50  15:50:29    -9344.531446       0.6377     --------    -2.602206          3
MinModeTranslate:   50  15:50:29    -9344.531446       0.6377     0.049653    -2.602206          3
MinModeTranslate:   51  15:50:29    -9344.538311       0.5489     --------    -2.792522          3
MinModeTranslate:   51  15:50:29    -9344.538311       0.5489     0.058710    -2.792522          3
MinModeTranslate:   52  15:50:29    -9344.546908       0.4601     --------    -2.586097          3
MinModeTranslate:   52  15:50:29    -9344.546908       0.4601     0.039291    -2.586097          3
MinModeTranslate:   53  15:50:29    -9344.553630       0.2667     --------    -2.496917          3
MinModeTranslate:   53  15:50:29    -9344.553630       0.2667     0.025328    -2.496917          3
MinModeTranslate:   54  15:50:29    -9344.557726       0.2483     --------    -2.589745          3
MinModeTranslate:   54  15:50:29    -9344.557726       0.2483     0.023419    -2.589745          3
MinModeTranslate:   55  15:50:29    -9344.561106       0.3441     --------    -2.634116          3
MinModeTranslate:   55  15:50:29    -9344.561106       0.3441     0.031821    -2.634116          3
MinModeTranslate:   56  15:50:29    -9344.565383       0.2334     --------    -2.762962          3
MinModeTranslate:   56  15:50:29    -9344.565383       0.2334     0.040349    -2.762962          3
MinModeTranslate:   57  15:50:29    -9344.570333       0.3096     --------    -2.932424          3
MinModeTranslate:   57  15:50:30    -9344.570333       0.3096     0.050768    -2.932424          3
MinModeTranslate:   58  15:50:30    -9344.576043       0.3224     --------    -2.935947          3
MinModeTranslate:   58  15:50:30    -9344.576043       0.3224     0.046521    -2.935947          3
MinModeTranslate:   59  15:50:30    -9344.580496       0.3059     --------    -2.999358          3
MinModeTranslate:   59  15:50:30    -9344.580496       0.3059     0.060198    -2.999358          3
MinModeTranslate:   60  15:50:30    -9344.585954       0.3514     --------    -3.158050          3
MinModeTranslate:   60  15:50:30    -9344.585954       0.3514     0.079978    -3.158050          3
MinModeTranslate:   61  15:50:30    -9344.592905       0.4868     --------    -3.128474          3
MinModeTranslate:   61  15:50:30    -9344.592905       0.4868     0.100000    -3.128474          3
MinModeTranslate:   62  15:50:30    -9344.601718       0.4069     --------    -2.993960          3
MinModeTranslate:   62  15:50:30    -9344.601718       0.4069     0.088652    -2.993960          3
MinModeTranslate:   63  15:50:30    -9344.610290       0.3820     --------    -2.819718          3
MinModeTranslate:   63  15:50:30    -9344.610290       0.3820     0.072952    -2.819718          3
MinModeTranslate:   64  15:50:30    -9344.616953       0.5184     --------    -2.618633          3
MinModeTranslate:   64  15:50:30    -9344.616953       0.5184     0.100000    -2.618633          3
MinModeTranslate:   65  15:50:30    -9344.625901       0.4067     --------    -2.497842          3
MinModeTranslate:   65  15:50:30    -9344.625901       0.4067     0.041466    -2.497842          3
MinModeTranslate:   66  15:50:30    -9344.630663       0.3272     --------    -2.487065          3
MinModeTranslate:   66  15:50:30    -9344.630663       0.3272     0.049768    -2.487065          3
MinModeTranslate:   67  15:50:30    -9344.635649       0.2926     --------    -2.516645          3
MinModeTranslate:   67  15:50:30    -9344.635649       0.2926     0.045065    -2.516645          3
MinModeTranslate:   68  15:50:30    -9344.639794       0.3357     --------    -2.623511          3
MinModeTranslate:   68  15:50:30    -9344.639794       0.3357     0.070319    -2.623511          3
MinModeTranslate:   69  15:50:31    -9344.645983       0.2551     --------    -2.638447          3
MinModeTranslate:   69  15:50:31    -9344.645983       0.2551     0.034018    -2.638447          3
MinModeTranslate:   70  15:50:31    -9344.648912       0.3747     --------    -2.569356          3
MinModeTranslate:   70  15:50:31    -9344.648912       0.3747     0.062681    -2.569356          3
MinModeTranslate:   71  15:50:31    -9344.653483       0.2386     --------    -2.529266          3
MinModeTranslate:   71  15:50:31    -9344.653483       0.2386     0.044140    -2.529266          3
MinModeTranslate:   72  15:50:31    -9344.657089       0.3152     --------    -2.503553          3
MinModeTranslate:   72  15:50:31    -9344.657089       0.3152     0.034177    -2.503553          3
MinModeTranslate:   73  15:50:31    -9344.659933       0.2757     --------    -2.402589          3
MinModeTranslate:   73  15:50:31    -9344.659933       0.2757     0.032446    -2.402589          3
MinModeTranslate:   74  15:50:31    -9344.662207       0.2491     --------    -2.303123          3
MinModeTranslate:   74  15:50:31    -9344.662207       0.2491     0.030764    -2.303123          3
MinModeTranslate:   75  15:50:31    -9344.664445       0.2166     --------    -2.198391          3
MinModeTranslate:   75  15:50:31    -9344.664445       0.2166     0.024734    -2.198391          3
MinModeTranslate:   76  15:50:31    -9344.666126       0.1912     --------    -2.112320          3
MinModeTranslate:   76  15:50:31    -9344.666126       0.1912     0.035476    -2.112320          3
MinModeTranslate:   77  15:50:31    -9344.668343       0.2655     --------    -2.066798          3
MinModeTranslate:   77  15:50:31    -9344.668343       0.2655     0.024752    -2.066798          3
MinModeTranslate:   78  15:50:31    -9344.669858       0.1473     --------    -2.036929          3
MinModeTranslate:   78  15:50:31    -9344.669858       0.1473     0.013810    -2.036929          3
MinModeTranslate:   79  15:50:31    -9344.670624       0.1564     --------    -2.003376          3
MinModeTranslate:   79  15:50:32    -9344.670624       0.1564     0.017802    -2.003376          3
MinModeTranslate:   80  15:50:32    -9344.671537       0.1510     --------    -1.973877          3
MinModeTranslate:   80  15:50:32    -9344.671537       0.1510     0.039953    -1.973877          3
MinModeTranslate:   81  15:50:32    -9344.673429       0.1930     --------    -1.888043          3
MinModeTranslate:   81  15:50:32    -9344.673429       0.1930     0.028351    -1.888043          3
MinModeTranslate:   82  15:50:32    -9344.674690       0.2378     --------    -1.832603          3
MinModeTranslate:   82  15:50:32    -9344.674690       0.2378     0.035313    -1.832603          3
MinModeTranslate:   83  15:50:32    -9344.676192       0.1316     --------    -1.790250          3
MinModeTranslate:   83  15:50:32    -9344.676192       0.1316     0.020636    -1.790250          3
MinModeTranslate:   84  15:50:32    -9344.677059       0.1111     --------    -1.738411          3
MinModeTranslate:   84  15:50:32    -9344.677059       0.1111     0.017444    -1.738411          3
MinModeTranslate:   85  15:50:32    -9344.677772       0.1609     --------    -1.687452          3
MinModeTranslate:   85  15:50:32    -9344.677772       0.1609     0.025581    -1.687452          3
MinModeTranslate:   86  15:50:32    -9344.678768       0.1719     --------    -1.655669          3
MinModeTranslate:   86  15:50:32    -9344.678768       0.1719     0.030490    -1.655669          3
MinModeTranslate:   87  15:50:32    -9344.679912       0.1310     --------    -1.595250          3
MinModeTranslate:   87  15:50:32    -9344.679912       0.1310     0.015058    -1.595250          3
MinModeTranslate:   88  15:50:32    -9344.680469       0.0942     --------    -1.572390          3
MinModeTranslate:   88  15:50:32    -9344.680469       0.0942     0.007959    -1.572390          3
MinModeTranslate:   89  15:50:33    -9344.680726       0.0774     --------    -1.581371          3
MinModeTranslate:   89  15:50:33    -9344.680726       0.0774     0.013432    -1.581371          3
MinModeTranslate:   90  15:50:33    -9344.681127       0.0968     --------    -1.560366          3
MinModeTranslate:   90  15:50:33    -9344.681127       0.0968     0.014895    -1.560366          3
MinModeTranslate:   91  15:50:33    -9344.681566       0.1044     --------    -1.513995          3
MinModeTranslate:   91  15:50:33    -9344.681566       0.1044     0.014871    -1.513995          3
MinModeTranslate:   92  15:50:33    -9344.681995       0.0807     --------    -1.496455          3
MinModeTranslate:   92  15:50:33    -9344.681995       0.0807     0.013298    -1.496455          3
MinModeTranslate:   93  15:50:33    -9344.682372       0.1043     --------    -1.485931          3
MinModeTranslate:   93  15:50:33    -9344.682372       0.1043     0.013584    -1.485931          3
MinModeTranslate:   94  15:50:33    -9344.682748       0.1243     --------    -1.460928          3
MinModeTranslate:   94  15:50:33    -9344.682748       0.1243     0.011796    -1.460928          3
MinModeTranslate:   95  15:50:33    -9344.683060       0.0736     --------    -1.455518          3
MinModeTranslate:   95  15:50:33    -9344.683060       0.0736     0.017605    -1.455518          3
MinModeTranslate:   96  15:50:33    -9344.683499       0.1090     --------    -1.444058          3
MinModeTranslate:   96  15:50:33    -9344.683499       0.1090     0.023248    -1.444058          3
MinModeTranslate:   97  15:50:33    -9344.684062       0.0978     --------    -1.401417          3
MinModeTranslate:   97  15:50:33    -9344.684062       0.0978     0.013097    -1.401417          3
MinModeTranslate:   98  15:50:33    -9344.684371       0.1112     --------    -1.397655          3
MinModeTranslate:   98  15:50:33    -9344.684371       0.1112     0.024148    -1.397655          3
MinModeTranslate:   99  15:50:33    -9344.684933       0.1108     --------    -1.421169          3
MinModeTranslate:   99  15:50:33    -9344.684933       0.1108     0.020653    -1.421169          3
MinModeTranslate:  100  15:50:34    -9344.685389       0.1355     --------    -1.423219          3
MinModeTranslate:  100  15:50:34    -9344.685389       0.1355     0.024603    -1.423219          3
MinModeTranslate:  101  15:50:34    -9344.685906       0.1000     --------    -1.426510          3
MinModeTranslate:  101  15:50:34    -9344.685906       0.1000     0.028998    -1.426510          3
MinModeTranslate:  102  15:50:34    -9344.686473       0.1282     --------    -1.429610          3
MinModeTranslate:  102  15:50:34    -9344.686473       0.1282     0.042239    -1.429610          3
MinModeTranslate:  103  15:50:34    -9344.687313       0.1573     --------    -1.432159          3
MinModeTranslate:  103  15:50:34    -9344.687313       0.1573     0.034011    -1.432159          3
MinModeTranslate:  104  15:50:34    -9344.687971       0.1290     --------    -1.457742          3
MinModeTranslate:  104  15:50:34    -9344.687971       0.1290     0.045868    -1.457742          3
MinModeTranslate:  105  15:50:34    -9344.688843       0.1331     --------    -1.496796          3
MinModeTranslate:  105  15:50:34    -9344.688843       0.1331     0.043473    -1.496796          3
MinModeTranslate:  106  15:50:34    -9344.689712       0.1430     --------    -1.543080          3
MinModeTranslate:  106  15:50:34    -9344.689712       0.1430     0.044060    -1.543080          3
MinModeTranslate:  107  15:50:34    -9344.690549       0.1186     --------    -1.609366          3
MinModeTranslate:  107  15:50:34    -9344.690549       0.1186     0.034341    -1.609366          3
MinModeTranslate:  108  15:50:34    -9344.691166       0.1020     --------    -1.647265          3
MinModeTranslate:  108  15:50:34    -9344.691166       0.1020     0.062185    -1.647265          3
MinModeTranslate:  109  15:50:34    -9344.692298       0.1931     --------    -1.762923          3
MinModeTranslate:  109  15:50:34    -9344.692298       0.1931     0.044587    -1.762923          3
MinModeTranslate:  110  15:50:35    -9344.693125       0.0916     --------    -1.893767          3
MinModeTranslate:  110  15:50:35    -9344.693125       0.0916     0.042744    -1.893767          3
MinModeTranslate:  111  15:50:35    -9344.693895       0.1288     --------    -1.996901          3
MinModeTranslate:  111  15:50:35    -9344.693895       0.1288     0.028522    -1.996901          3
MinModeTranslate:  112  15:50:35    -9344.694411       0.1235     --------    -2.034855          3
MinModeTranslate:  112  15:50:35    -9344.694411       0.1235     0.022471    -2.034855          3
MinModeTranslate:  113  15:50:35    -9344.694793       0.0605     --------    -2.073126          3
MinModeTranslate:  113  15:50:35    -9344.694793       0.0605     0.012821    -2.073126          3
MinModeTranslate:  114  15:50:35    -9344.694973       0.0721     --------    -2.086186          3
MinModeTranslate:  114  15:50:35    -9344.694973       0.0721     0.012167    -2.086186          3
MinModeTranslate:  115  15:50:35    -9344.695115       0.0982     --------    -2.073817          3
MinModeTranslate:  115  15:50:35    -9344.695115       0.0982     0.014078    -2.073817          3
MinModeTranslate:  116  15:50:35    -9344.695263       0.0645     --------    -2.051884          3
MinModeTranslate:  116  15:50:35    -9344.695263       0.0645     0.008226    -2.051884          3
MinModeTranslate:  117  15:50:35    -9344.695346       0.0501     --------    -2.034504          3
MinModeTranslate:  117  15:50:35    -9344.695346       0.0501     0.006691    -2.034504          3
MinModeTranslate:  118  15:50:35    -9344.695400       0.0442     --------    -2.009536          3
MinModeTranslate:  118  15:50:35    -9344.695400       0.0442     0.005393    -2.009536          3
MinModeTranslate:  119  15:50:35    -9344.695447       0.0437     --------    -1.992040          3
MinModeTranslate:  119  15:50:35    -9344.695447       0.0437     0.004614    -1.992040          3
MinModeTranslate:  120  15:50:35    -9344.695479       0.0317     --------    -1.975782          3
MinModeTranslate:  120  15:50:35    -9344.695479       0.0317     0.004221    -1.975782          3
MinModeTranslate:  121  15:50:35    -9344.695507       0.0458     --------    -1.956817          3
MinModeTranslate:  121  15:50:36    -9344.695507       0.0458     0.004803    -1.956817          3
MinModeTranslate:  122  15:50:36    -9344.695550       0.0376     --------    -1.933491          3
MinModeTranslate:  122  15:50:36    -9344.695550       0.0376     0.003981    -1.933491          3
MinModeTranslate:  123  15:50:36    -9344.695588       0.0226     --------    -1.908528          2
MinModeTranslate:  123  15:50:36    -9344.695588       0.0226     0.001828    -1.908528          2
MinModeTranslate:  124  15:50:36    -9344.695600       0.0183     --------    -1.898496          2
MinModeTranslate:  124  15:50:36    -9344.695600       0.0183     0.002098    -1.898496          2
MinModeTranslate:  125  15:50:36    -9344.695628       0.0205     --------    -1.894001          2
MinModeTranslate:  125  15:50:36    -9344.695628       0.0205     0.003132    -1.894001          2
MinModeTranslate:  126  15:50:36    -9344.695646       0.0235     --------    -1.885294          1
MinModeTranslate:  126  15:50:36    -9344.695646       0.0235     0.002246    -1.885294          1
MinModeTranslate:  127  15:50:36    -9344.695668       0.0136     --------    -1.878851          1
MinModeTranslate:  127  15:50:36    -9344.695668       0.0136     0.001873    -1.878851          1
MinModeTranslate:  128  15:50:36    -9344.695686       0.0185     --------    -1.876950          1
MinModeTranslate:  128  15:50:36    -9344.695686       0.0185     0.001748    -1.876950          1
MinModeTranslate:  129  15:50:36    -9344.695700       0.0138     --------    -1.872070          1
MinModeTranslate:  129  15:50:36    -9344.695700       0.0138     0.001453    -1.872070          1
MinModeTranslate:  130  15:50:36    -9344.695702       0.0167     --------    -1.866734          1
MinModeTranslate:  130  15:50:36    -9344.695702       0.0167     0.002132    -1.866734          1
MinModeTranslate:  131  15:50:36    -9344.695716       0.0147     --------    -1.868092          1
MinModeTranslate:  131  15:50:36    -9344.695716       0.0147     0.003063    -1.868092          1
MinModeTranslate:  132  15:50:36    -9344.695725       0.0228     --------    -1.868919          1
MinModeTranslate:  132  15:50:36    -9344.695725       0.0228     0.003015    -1.868919          1
MinModeTranslate:  133  15:50:36    -9344.695743       0.0146     --------    -1.865482          1
MinModeTranslate:  133  15:50:36    -9344.695743       0.0146     0.003513    -1.865482          1
MinModeTranslate:  134  15:50:36    -9344.695751       0.0278     --------    -1.865526          1
MinModeTranslate:  134  15:50:36    -9344.695751       0.0278     0.006557    -1.865526          1
MinModeTranslate:  135  15:50:36    -9344.695784       0.0303     --------    -1.870859          1
MinModeTranslate:  135  15:50:36    -9344.695784       0.0303     0.006636    -1.870859          1
MinModeTranslate:  136  15:50:36    -9344.695810       0.0239     --------    -1.873483          1
MinModeTranslate:  136  15:50:37    -9344.695810       0.0239     0.005834    -1.873483          1
MinModeTranslate:  137  15:50:37    -9344.695835       0.0182     --------    -1.880823          1
MinModeTranslate:  137  15:50:37    -9344.695835       0.0182     0.003709    -1.880823          1
MinModeTranslate:  138  15:50:37    -9344.695865       0.0211     --------    -1.887146          1
MinModeTranslate:  138  15:50:37    -9344.695865       0.0211     0.004342    -1.887146          1
MinModeTranslate:  139  15:50:37    -9344.695887       0.0210     --------    -1.888264          1
MinModeTranslate:  139  15:50:37    -9344.695887       0.0210     0.003073    -1.888264          1
MinModeTranslate:  140  15:50:37    -9344.695898       0.0156     --------    -1.887032          1
MinModeTranslate:  140  15:50:37    -9344.695898       0.0156     0.003382    -1.887032          1
MinModeTranslate:  141  15:50:37    -9344.695908       0.0259     --------    -1.885386          1
MinModeTranslate:  141  15:50:37    -9344.695908       0.0259     0.002418    -1.885386          1
MinModeTranslate:  142  15:50:37    -9344.695922       0.0143     --------    -1.881896          1
MinModeTranslate:  142  15:50:37    -9344.695922       0.0143     0.002525    -1.881896          1
MinModeTranslate:  143  15:50:37    -9344.695928       0.0124     --------    -1.876335          1
MinModeTranslate:  143  15:50:37    -9344.695928       0.0124     0.001600    -1.876335          1
MinModeTranslate:  144  15:50:37    -9344.695932       0.0151     --------    -1.873642          1
MinModeTranslate:  144  15:50:37    -9344.695932       0.0151     0.004002    -1.873642          1
MinModeTranslate:  145  15:50:37    -9344.695936       0.0192     --------    -1.859979          1
MinModeTranslate:  145  15:50:37    -9344.695936       0.0192     0.003038    -1.859979          1
MinModeTranslate:  146  15:50:37    -9344.695944       0.0149     --------    -1.851232          2
MinModeTranslate:  146  15:50:37    -9344.695944       0.0149     0.002230    -1.851232          2
MinModeTranslate:  147  15:50:37    -9344.695949       0.0132     --------    -1.845217          1
MinModeTranslate:  147  15:50:37    -9344.695949       0.0132     0.002304    -1.845217          1
MinModeTranslate:  148  15:50:37    -9344.695958       0.0145     --------    -1.839275          2
MinModeTranslate:  148  15:50:37    -9344.695958       0.0145     0.001844    -1.839275          2
MinModeTranslate:  149  15:50:37    -9344.695967       0.0115     --------    -1.835250          1
MinModeTranslate:  149  15:50:37    -9344.695967       0.0115     0.002206    -1.835250          1
MinModeTranslate:  150  15:50:37    -9344.695976       0.0127     --------    -1.831191          1
MinModeTranslate:  150  15:50:37    -9344.695976       0.0127     0.002421    -1.831191          1
MinModeTranslate:  151  15:50:37    -9344.695982       0.0134     --------    -1.824993          1
MinModeTranslate:  151  15:50:37    -9344.695982       0.0134     0.003212    -1.824993          1
MinModeTranslate:  152  15:50:37    -9344.695999       0.0169     --------    -1.821829          1
MinModeTranslate:  152  15:50:37    -9344.695999       0.0169     0.001867    -1.821829          1
MinModeTranslate:  153  15:50:37    -9344.695996       0.0113     --------    -1.822237          1
MinModeTranslate:  153  15:50:38    -9344.695996       0.0113     0.002224    -1.822237          1
MinModeTranslate:  154  15:50:38    -9344.696003       0.0123     --------    -1.820363          1
MinModeTranslate:  154  15:50:38    -9344.696003       0.0123     0.003236    -1.820363          1
MinModeTranslate:  155  15:50:38    -9344.696015       0.0149     --------    -1.818741          1
MinModeTranslate:  155  15:50:38    -9344.696015       0.0149     0.002628    -1.818741          1
MinModeTranslate:  156  15:50:38    -9344.696023       0.0176     --------    -1.820914          1
MinModeTranslate:  156  15:50:38    -9344.696023       0.0176     0.004239    -1.820914          1
MinModeTranslate:  157  15:50:38    -9344.696030       0.0141     --------    -1.822785          1
MinModeTranslate:  157  15:50:38    -9344.696030       0.0141     0.004019    -1.822785          1
MinModeTranslate:  158  15:50:38    -9344.696042       0.0221     --------    -1.824489          1
MinModeTranslate:  158  15:50:38    -9344.696042       0.0221     0.005692    -1.824489          1
MinModeTranslate:  159  15:50:38    -9344.696048       0.0114     --------    -1.831613          1
MinModeTranslate:  159  15:50:38    -9344.696048       0.0114     0.003500    -1.831613          1
MinModeTranslate:  160  15:50:38    -9344.696059       0.0173     --------    -1.835594          1
