MINMODE:METHOD: Dimer
DIM:CONTROL: Search Parameters:
DIM:CONTROL: ------------------
DIM:CONTROL: eigenmode_method = dimer
DIM:CONTROL: f_rot_min = 0.01
DIM:CONTROL: f_rot_max = 0.1
DIM:CONTROL: max_num_rot = 3
DIM:CONTROL: trial_angle = 0.7853981633974483
DIM:CONTROL: trial_trans_step = 0.001
DIM:CONTROL: maximum_translation = 0.1
DIM:CONTROL: cg_translation = True
DIM:CONTROL: use_central_forces = True
DIM:CONTROL: dimer_separation = 0.005
DIM:CONTROL: initial_eigenmode_method = gauss
DIM:CONTROL: extrapolate_forces = True
DIM:CONTROL: displacement_method = gauss
DIM:CONTROL: gauss_std = 0.1
DIM:CONTROL: order = 1
DIM:CONTROL: mask = None
DIM:CONTROL: displacement_center = None
DIM:CONTROL: displacement_radius = None
DIM:CONTROL: number_of_displacement_atoms = None
DIM:CONTROL: ------------------
DIM:ROT: OPT-STEP ROT-STEP CURVATURE ROT-ANGLE ROT-FORCE
DIM:ROT:       0         1   21.1348   69.5125   33.5459
DIM:ROT:       0         2 -126.0786   31.0375   66.7901
DIM:ROT:       0         3 -138.2894   11.0334   28.9736
DIM:ROT:       1         1 -609.7372   32.3613  301.5683
DIM:ROT:       1         2 -617.5102    2.6127   31.0950
DIM:ROT:       1         3 -617.4646    0.2262    2.6699
DIM:ROT:       2         1 -378.1794   12.8317  101.7098
DIM:ROT:       2         2 -381.3443    1.5535   11.7571
DIM:ROT:       2         3 -381.6379    0.2133    1.6785
DIM:ROT:       3         1 -370.8265   14.1946   95.3025
DIM:ROT:       3         2 -367.6155    1.2538    9.5067
DIM:ROT:       3         3 -367.4624    0.1575    1.1360
DIM:ROT:       4         1 -418.7142   14.8464  118.3798
DIM:ROT:       4         2 -419.9936    1.0023    8.3470
DIM:ROT:       4         3 -419.9732    0.1028    0.8499
DIM:ROT:       5         1 -358.1492    9.9903   70.4216
DIM:ROT:       5         2 -358.8682    0.8016    5.8633
DIM:ROT:       5         3 -358.8910    0.1041    0.7327
DIM:ROT:       6         1 -216.7924    8.2331   35.5884
DIM:ROT:       6         2 -215.9309    1.3462    7.0001
DIM:ROT:       6         3 -215.8471    0.2638    1.1741
DIM:ROT:       7         1 -254.7593   17.1365   88.3058
DIM:ROT:       7         2 -257.2178    2.3238   12.6624
DIM:ROT:       7         3 -257.4285    0.4160    2.2941
DIM:ROT:       8         1 -248.5526   10.0070   47.5954
DIM:ROT:       8         2 -247.7374    1.2792    7.4421
DIM:ROT:       8         3 -247.6881    0.2266    1.1387
DIM:ROT:       9         1 -296.3019    7.5587   44.0973
DIM:ROT:       9         2 -296.7262    0.8581    5.1888
DIM:ROT:       9         3 -296.7512    0.1375    0.8376
DIM:ROT:      10         1 -214.5358    7.2514   30.7381
DIM:ROT:      10         2 -213.8888    1.1388    5.8520
DIM:ROT:      10         3 -213.8178    0.2467    1.1224
DIM:ROT:      11         1 -269.7013    5.3954   29.8677
DIM:ROT:      11         2 -269.5583    0.6200    3.3505
DIM:ROT:      11         3 -269.5390    0.0989    0.5407
DIM:ROT:      12         1 -261.3171    6.6552   34.0797
DIM:ROT:      12         2 -262.0673    0.9376    5.3795
DIM:ROT:      12         3 -262.1182    0.1811    0.9852
DIM:ROT:      13         1 -180.6538    4.9902   19.4081
DIM:ROT:      13         2 -180.5975    0.5051    2.3255
DIM:ROT:      13         3 -180.6091    0.1201    0.5118
DIM:ROT:      14         1 -130.4780   10.3673   36.0518
DIM:ROT:      14         2 -130.1362    2.5660    9.6736
DIM:ROT:      14         3 -130.1369    0.8303    2.8909
DIM:ROT:      15         1 -102.3307    8.5057   32.5677
DIM:ROT:      15         2 -102.8236    1.7680    5.8092
DIM:ROT:      15         3 -102.8507    0.5750    1.9130
DIM:ROT:      16         1 -112.5778    6.6893   18.3276
DIM:ROT:      16         2 -112.7153    1.0745    3.7880
DIM:ROT:      16         3 -112.7327    0.3978    1.3166
DIM:ROT:      17         1  -88.3504    6.1651   16.9923
DIM:ROT:      17         2  -88.2626    1.6985    5.1938
DIM:ROT:      17         3  -88.2647    0.6442    1.7428
DIM:ROT:      18         1  -99.6703    4.9708   12.5853
DIM:ROT:      18         2  -99.6299    0.5650    1.6855
DIM:ROT:      18         3  -99.6169    0.1328    0.3388
DIM:ROT:      19         1 -124.4704    7.5882   26.0083
DIM:ROT:      19         2 -124.7314    1.2297    4.5384
DIM:ROT:      19         3 -124.7305    0.3495    1.2062
DIM:ROT:      20         1 -132.9969    4.3554   13.0768
DIM:ROT:      20         2 -132.9249    0.5259    1.6225
DIM:ROT:      20         3 -132.9149    0.0991    0.3272
DIM:ROT:      21         1 -115.1707    3.8285   12.3959
DIM:ROT:      21         2 -115.0282    0.7220    2.7343
DIM:ROT:      21         3 -115.0158    0.2459    0.7616
DIM:ROT:      22         1 -130.0212    2.2906    7.1664
DIM:ROT:      22         2 -130.0076    0.3719    1.3525
DIM:ROT:      22         3 -129.9986    0.1006    0.3433
DIM:ROT:      23         1 -156.6414    3.6945   13.2777
DIM:ROT:      23         2 -156.6487    0.5956    2.4706
DIM:ROT:      23         3 -156.6352    0.1545    0.6089
DIM:ROT:      24         1 -125.3991    3.9961   13.3649
DIM:ROT:      24         2 -125.2234    0.7180    2.8639
DIM:ROT:      24         3 -125.2077    0.2355    0.7638
DIM:ROT:      25         1 -123.2307    3.3340   10.0562
DIM:ROT:      25         2 -123.1800    0.5716    2.2471
DIM:ROT:      25         3 -123.1644    0.1786    0.5684
DIM:ROT:      26         1 -164.2150    4.6981   18.9237
DIM:ROT:      26         2 -164.3498    0.8700    3.9439
DIM:ROT:      26         3 -164.3396    0.2522    1.0230
DIM:ROT:      27         1 -166.0157    1.3761    4.7816
DIM:ROT:      27         2 -165.9797    0.1082    0.4627
DIM:ROT:      27         3 -165.9772    0.0248    0.1069
DIM:ROT:      28         1 -136.1678    3.2843   11.7883
DIM:ROT:      28         2 -136.0146    0.5676    2.4160
DIM:ROT:      28         3 -136.0006    0.1713    0.5683
DIM:ROT:      29         1 -153.5169    2.8125   10.1374
DIM:ROT:      29         2 -153.4738    0.3476    1.5766
DIM:ROT:      29         3 -153.4632    0.0905    0.3383
DIM:ROT:      30         1 -154.1284    2.0828    6.6079
DIM:ROT:      30         2 -154.0338    0.1517    0.6684
DIM:ROT:      30         3 -154.0298    0.0380    0.1446
DIM:ROT:      31         1 -162.6389    2.1712    8.1106
DIM:ROT:      31         2 -162.5958    0.3162    1.4774
DIM:ROT:      31         3 -162.5834    0.0814    0.3230
DIM:ROT:      32         1 -161.4902    2.7841    9.4091
DIM:ROT:      32         2 -161.4259    0.2729    1.2399
DIM:ROT:      32         3 -161.4158    0.0613    0.2375
DIM:ROT:      33         1 -156.7261    1.7860    6.3701
DIM:ROT:      33         2 -156.6209    0.1811    0.7708
DIM:ROT:      33         3 -156.6178    0.0462    0.1919
DIM:ROT:      34         1 -166.7178    1.7095    6.6394
DIM:ROT:      34         2 -166.7160    0.2845    1.3488
DIM:ROT:      34         3 -166.7085    0.0754    0.2958
DIM:ROT:      35         1 -156.7911    1.3137    4.8993
DIM:ROT:      35         2 -156.7184    0.1559    0.7332
DIM:ROT:      35         3 -156.7146    0.0370    0.1363
DIM:ROT:      36         1 -169.6989    1.7409    7.1874
DIM:ROT:      36         2 -169.6897    0.2566    1.2343
DIM:ROT:      36         3 -169.6828    0.0652    0.2599
DIM:ROT:      37         1 -163.3777    1.5587    5.3227
DIM:ROT:      37         2 -163.2980    0.1443    0.7259
DIM:ROT:      37         3 -163.2957    0.0313    0.1149
DIM:ROT:      38         1 -164.2093    0.5427    1.9672
DIM:ROT:      38         2 -164.1978    0.0523    0.2111
DIM:ROT:      38         3 -164.1961    0.0098    0.0431
DIM:ROT:      39         1 -165.8190    0.5277    1.9498
DIM:ROT:      39         2 -165.8050    0.0426    0.1625
DIM:ROT:      39         3 -165.8043    0.0065    0.0239
DIM:ROT:      40         1 -165.3288    0.7262    2.6497
DIM:ROT:      40         2 -165.2867    0.0647    0.2738
DIM:ROT:      40         3 -165.2853    0.0121    0.0493
DIM:ROT:      41         1 -168.7374    0.6652    2.6336
DIM:ROT:      41         2 -168.7330    0.0977    0.4617
DIM:ROT:      41         3 -168.7299    0.0251    0.1008
DIM:ROT:      42         1 -164.7008    0.4324    1.6886
DIM:ROT:      42         2 -164.6786    0.0591    0.2906
DIM:ROT:      42         3 -164.6771    0.0158    0.0579
DIM:ROT:      43         1 -170.2065    1.1663    4.7312
DIM:ROT:      43         2 -170.1890    0.1467    0.7203
DIM:ROT:      43         3 -170.1847    0.0343    0.1391
DIM:ROT:      44         1 -166.5298    0.7078    2.4714
DIM:ROT:      44         2 -166.4982    0.0768    0.4005
DIM:ROT:      44         3 -166.4969    0.0168    0.0586
DIM:ROT:      45         1 -172.6816    0.3620    1.4075
DIM:ROT:      45         2 -172.6651    0.0548    0.2373
DIM:ROT:      45         3 -172.6636    0.0129    0.0548
DIM:ROT:      46         1 -177.7091    0.5192    2.0926
DIM:ROT:      46         2 -177.7010    0.0700    0.3384
DIM:ROT:      46         3 -177.6985    0.0174    0.0723
DIM:ROT:      47         1 -171.8815    0.5870    2.2575
DIM:ROT:      47         2 -171.8491    0.0877    0.4371
DIM:ROT:      47         3 -171.8469    0.0230    0.0880
DIM:ROT:      48         1 -174.6880    0.8769    3.6068
DIM:ROT:      48         2 -174.6721    0.1001    0.4921
DIM:ROT:      48         3 -174.6689    0.0226    0.0937
DIM:ROT:      49         1 -172.1443    0.4694    1.9318
DIM:ROT:      49         2 -172.1168    0.0587    0.3023
DIM:ROT:      49         3 -172.1152    0.0131    0.0497
DIM:ROT:      50         1 -180.9204    0.6001    2.3715
DIM:ROT:      50         2 -180.8903    0.0801    0.3964
DIM:ROT:      50         3 -180.8877    0.0197    0.0822
DIM:ROT:      51         1 -185.1165    0.3205    1.3690
DIM:ROT:      51         2 -185.1117    0.0471    0.2353
DIM:ROT:      51         3 -185.1101    0.0111    0.0478
DIM:ROT:      52         1 -176.9035    0.7799    3.0620
DIM:ROT:      52         2 -176.8572    0.1148    0.5746
DIM:ROT:      52         3 -176.8538    0.0295    0.1159
DIM:ROT:      53         1 -185.6806    1.2257    5.2370
DIM:ROT:      53         2 -185.6558    0.1470    0.7562
DIM:ROT:      53         3 -185.6504    0.0310    0.1333
DIM:ROT:      54         1 -183.1022    1.0621    3.9477
DIM:ROT:      54         2 -183.0392    0.0749    0.3743
DIM:ROT:      54         3 -183.0377    0.0163    0.0712
DIM:ROT:      55         1 -187.1996    0.7639    2.8977
DIM:ROT:      55         2 -187.1530    0.0497    0.2253
DIM:ROT:      55         3 -187.1516    0.0089    0.0432
DIM:ROT:      56         1 -189.5398    0.1531    0.5854
DIM:ROT:      56         2 -189.5349    0.0178    0.0933
DIM:ROT:      57         1 -186.3486    0.5627    2.2976
DIM:ROT:      57         2 -186.3118    0.0596    0.2961
DIM:ROT:      57         3 -186.3100    0.0120    0.0532
DIM:ROT:      58         1 -190.7068    0.5588    2.4696
DIM:ROT:      58         2 -190.6941    0.0631    0.3385
DIM:ROT:      58         3 -190.6919    0.0122    0.0527
DIM:ROT:      59         1 -186.4091    0.2851    1.2204
DIM:ROT:      59         2 -186.3937    0.0469    0.2396
DIM:ROT:      59         3 -186.3922    0.0119    0.0499
DIM:ROT:      60         1 -185.8847    0.3387    1.2907
DIM:ROT:      60         2 -185.8689    0.0272    0.1196
DIM:ROT:      60         3 -185.8680    0.0045    0.0199
DIM:ROT:      61         1 -187.7898    0.3171    1.2925
DIM:ROT:      61         2 -187.7803    0.0355    0.1782
DIM:ROT:      61         3 -187.7787    0.0070    0.0314
DIM:ROT:      62         1 -185.4054    0.4558    1.8959
DIM:ROT:      62         2 -185.3740    0.0470    0.2450
DIM:ROT:      62         3 -185.3726    0.0097    0.0410
DIM:ROT:      63         1 -189.3653    0.2408    1.0848
DIM:ROT:      63         2 -189.3621    0.0384    0.1950
DIM:ROT:      63         3 -189.3607    0.0093    0.0405
DIM:ROT:      64         1 -187.7360    0.1775    0.7015
DIM:ROT:      64         2 -187.7261    0.0197    0.1074
DIM:ROT:      64         3 -187.7256    0.0040    0.0159
DIM:ROT:      65         1 -184.8006    0.2514    0.9454
DIM:ROT:      65         2 -184.7864    0.0229    0.1248
DIM:ROT:      65         3 -184.7858    0.0049    0.0192
DIM:ROT:      66         1 -187.3325    0.3921    1.6586
DIM:ROT:      66         2 -187.3245    0.0545    0.2728
DIM:ROT:      66         3 -187.3224    0.0121    0.0529
DIM:ROT:      67         1 -182.5050    0.7378    3.0488
DIM:ROT:      67         2 -182.4545    0.0735    0.3894
DIM:ROT:      67         3 -182.4526    0.0159    0.0632
DIM:ROT:      68         1 -183.8289    0.7238    2.7853
DIM:ROT:      68         2 -183.7820    0.0606    0.2498
DIM:ROT:      68         3 -183.7805    0.0099    0.0417
DIM:ROT:      69         1 -186.5904    0.3698    1.5673
DIM:ROT:      69         2 -186.5828    0.0475    0.2385
DIM:ROT:      69         3 -186.5810    0.0106    0.0461
DIM:ROT:      70         1 -182.0650    0.4390    1.8177
DIM:ROT:      70         2 -182.0390    0.0619    0.3179
DIM:ROT:      70         3 -182.0373    0.0148    0.0604
DIM:ROT:      71         1 -183.5830    0.1533    0.6748
DIM:ROT:      71         2 -183.5791    0.0216    0.1112
DIM:ROT:      71         3 -183.5783    0.0048    0.0202
DIM:ROT:      72         1 -184.0833    0.0919    0.3487
DIM:ROT:      72         2 -184.0798    0.0083    0.0377
DIM:ROT:      73         1 -181.8365    0.3497    1.4504
DIM:ROT:      73         2 -181.8134    0.0351    0.1879
DIM:ROT:      73         3 -181.8124    0.0068    0.0274
DIM:ROT:      74         1 -184.3667    0.2201    0.9424
DIM:ROT:      74         2 -184.3631    0.0357    0.1777
DIM:ROT:      74         3 -184.3618    0.0086    0.0371
DIM:ROT:      75         1 -183.6121    0.1184    0.4596
DIM:ROT:      75         2 -183.6052    0.0106    0.0553
DIM:ROT:      76         1 -182.2481    0.1658    0.6726
DIM:ROT:      76         2 -182.2375    0.0189    0.0984
DIM:ROT:      77         1 -184.0785    0.2287    0.9473
DIM:ROT:      77         2 -184.0726    0.0272    0.1384
DIM:ROT:      77         3 -184.0715    0.0060    0.0255
DIM:ROT:      78         1 -183.2690    0.1644    0.6538
DIM:ROT:      78         2 -183.2593    0.0207    0.1087
DIM:ROT:      78         3 -183.2587    0.0045    0.0183
DIM:ROT:      79         1 -183.1016    0.0889    0.3450
DIM:ROT:      79         2 -183.0968    0.0100    0.0488
DIM:ROT:      80         1 -185.7320    0.3402    1.4655
DIM:ROT:      80         2 -185.7240    0.0359    0.1842
DIM:ROT:      80         3 -185.7228    0.0073    0.0316
DIM:ROT:      81         1 -183.3389    0.2191    0.9428
DIM:ROT:      81         2 -183.3265    0.0339    0.1751
DIM:ROT:      81         3 -183.3254    0.0083    0.0340
DIM:ROT:      82         1 -183.4667    0.0842    0.3134
DIM:ROT:      82         2 -183.4627    0.0073    0.0313
DIM:ROT:      83         1 -185.9947    0.4719    1.9926
DIM:ROT:      83         2 -185.9838    0.0532    0.2674
DIM:ROT:      83         3 -185.9817    0.0111    0.0488
DIM:ROT:      84         1 -182.1121    0.4669    1.8862
DIM:ROT:      84         2 -182.0832    0.0570    0.3006
DIM:ROT:      84         3 -182.0816    0.0130    0.0515
DIM:ROT:      85         1 -183.6561    0.3675    1.3625
DIM:ROT:      85         2 -183.6360    0.0233    0.1088
DIM:ROT:      85         3 -183.6352    0.0045    0.0210
DIM:ROT:      86         1 -186.7032    0.3084    1.2883
DIM:ROT:      86         2 -186.6961    0.0394    0.1969
DIM:ROT:      86         3 -186.6945    0.0086    0.0375
DIM:ROT:      87         1 -182.6686    0.4233    1.7688
DIM:ROT:      87         2 -182.6425    0.0580    0.3020
DIM:ROT:      87         3 -182.6407    0.0136    0.0546
DIM:ROT:      88         1 -184.2583    0.2393    1.0238
DIM:ROT:      88         2 -184.2515    0.0283    0.1470
DIM:ROT:      88         3 -184.2505    0.0059    0.0250
DIM:ROT:      89         1 -185.4541    0.2595    1.0899
DIM:ROT:      89         2 -185.4484    0.0234    0.1157
DIM:ROT:      89         3 -185.4475    0.0044    0.0195
DIM:ROT:      90         1 -181.5190    0.4963    2.0791
DIM:ROT:      90         2 -181.4867    0.0560    0.2968
DIM:ROT:      90         3 -181.4851    0.0115    0.0464
DIM:ROT:      91         1 -183.5500    0.3897    1.4903
DIM:ROT:      91         2 -183.5303    0.0422    0.2160
DIM:ROT:      91         3 -183.5290    0.0095    0.0395
DIM:ROT:      92         1 -185.4095    0.3250    1.2671
DIM:ROT:      92         2 -185.4012    0.0401    0.2069
DIM:ROT:      92         3 -185.3995    0.0086    0.0356
DIM:ROT:      93         1 -181.2693    0.4677    1.9243
DIM:ROT:      93         2 -181.2385    0.0517    0.2750
DIM:ROT:      93         3 -181.2371    0.0114    0.0443
DIM:ROT:      94         1 -182.4326    0.1984    0.8659
DIM:ROT:      94         2 -182.4284    0.0259    0.1329
DIM:ROT:      94         3 -182.4275    0.0051    0.0222
DIM:ROT:      95         1 -182.8194    0.3170    1.2975
DIM:ROT:      95         2 -182.8097    0.0276    0.1349
DIM:ROT:      95         3 -182.8086    0.0054    0.0241
DIM:ROT:      96         1 -180.3290    0.2898    1.1957
DIM:ROT:      96         2 -180.3124    0.0415    0.2122
DIM:ROT:      96         3 -180.3113    0.0100    0.0406
DIM:ROT:      97         1 -182.0538    0.1156    0.4916
DIM:ROT:      97         2 -182.0511    0.0174    0.0893
DIM:ROT:      98         1 -183.1849    0.1417    0.6088
DIM:ROT:      98         2 -183.1825    0.0191    0.0965
DIM:ROT:      99         1 -180.9861    0.2196    0.9001
DIM:ROT:      99         2 -180.9721    0.0257    0.1349
DIM:ROT:      99         3 -180.9715    0.0059    0.0232
DIM:ROT:     100         1 -181.1109    0.0620    0.2391
DIM:ROT:     100         2 -181.1086    0.0076    0.0401
DIM:ROT:     101         1 -181.7095    0.0925    0.3895
DIM:ROT:     101         2 -181.7079    0.0111    0.0555
DIM:ROT:     102         1 -180.3267    0.1560    0.6556
DIM:ROT:     102         2 -180.3174    0.0205    0.1063
DIM:ROT:     102         3 -180.3168    0.0047    0.0191
DIM:ROT:     103         1 -180.5751    0.0902    0.3349
DIM:ROT:     103         2 -180.5708    0.0081    0.0419
DIM:ROT:     104         1 -181.5279    0.1206    0.5165
DIM:ROT:     104         2 -181.5259    0.0169    0.0850
DIM:ROT:     105         1 -180.5354    0.1152    0.4798
DIM:ROT:     105         2 -180.5280    0.0126    0.0671
DIM:ROT:     106         1 -180.3176    0.0754    0.2953
DIM:ROT:     106         2 -180.3127    0.0060    0.0294
DIM:ROT:     107         1 -180.8701    0.0753    0.3073
DIM:ROT:     107         2 -180.8686    0.0103    0.0511
DIM:ROT:     108         1 -180.2787    0.0627    0.2587
DIM:ROT:     108         2 -180.2748    0.0071    0.0376
DIM:ROT:     109         1 -179.9741    0.0500    0.2060
DIM:ROT:     109         2 -179.9709    0.0049    0.0256
DIM:ROT:     110         1 -180.6156    0.0586    0.2509
DIM:ROT:     110         2 -180.6147    0.0091    0.0452
DIM:ROT:     111         1 -180.3549    0.0486    0.1924
DIM:ROT:     111         2 -180.3519    0.0053    0.0268
DIM:ROT:     112         1 -180.0379    0.0428    0.1763
DIM:ROT:     112         2 -180.0353    0.0052    0.0268
DIM:ROT:     113         1 -180.3337    0.0376    0.1610
DIM:ROT:     113         2 -180.3330    0.0048    0.0242
DIM:ROT:     114         1 -180.2996    0.0170    0.0694
DIM:ROT:     115         1 -180.0391    0.0333    0.1364
DIM:ROT:     115         2 -180.0372    0.0045    0.0230
DIM:ROT:     116         1 -180.3450    0.0319    0.1333
DIM:ROT:     116         2 -180.3442    0.0040    0.0203
DIM:ROT:     117         1 -180.5006    0.0263    0.1079
DIM:ROT:     117         2 -180.4999    0.0029    0.0147
DIM:ROT:     118         1 -180.2328    0.0310    0.1269
DIM:ROT:     118         2 -180.2311    0.0045    0.0230
DIM:ROT:     119         1 -180.3659    0.0215    0.0904
DIM:ROT:     120         1 -180.5359    0.0401    0.1650
DIM:ROT:     120         2 -180.5349    0.0036    0.0179
DIM:ROT:     121         1 -180.2597    0.0252    0.1061
DIM:ROT:     121         2 -180.2584    0.0038    0.0194
DIM:ROT:     122         1 -180.2907    0.0193    0.0786
DIM:ROT:     123         1 -180.6548    0.0318    0.1389
DIM:ROT:     123         2 -180.6542    0.0045    0.0225
DIM:ROT:     124         1 -180.5528    0.0246    0.0921
DIM:ROT:     125         1 -180.3552    0.0355    0.1313
DIM:ROT:     125         2 -180.3532    0.0030    0.0142
DIM:ROT:     126         1 -180.6511    0.0344    0.1451
DIM:ROT:     126         2 -180.6504    0.0042    0.0214
DIM:ROT:     127         1 -180.6370    0.0103    0.0422
DIM:ROT:     128         1 -180.2216    0.0524    0.2199
DIM:ROT:     128         2 -180.2184    0.0061    0.0321
DIM:ROT:     129         1 -180.5324    0.0366    0.1550
DIM:ROT:     129         2 -180.5317    0.0059    0.0296
DIM:ROT:     130         1 -180.8190    0.0414    0.1759
DIM:ROT:     130         2 -180.8182    0.0054    0.0273
DIM:ROT:     131         1 -180.3141    0.0443    0.1878
DIM:ROT:     131         2 -180.3115    0.0061    0.0317
DIM:ROT:     132         1 -180.2420    0.0213    0.0831
DIM:ROT:     133         1 -180.6911    0.0462    0.1981
DIM:ROT:     133         2 -180.6902    0.0060    0.0303
DIM:ROT:     134         1 -180.5197    0.0265    0.1111
DIM:ROT:     134         2 -180.5181    0.0031    0.0165
DIM:ROT:     135         1 -180.3714    0.0301    0.1262
DIM:ROT:     135         2 -180.3695    0.0035    0.0185
DIM:ROT:     136         1 -180.6298    0.0245    0.1069
DIM:ROT:     136         2 -180.6294    0.0036    0.0181
DIM:ROT:     137         1 -180.6671    0.0273    0.1118
DIM:ROT:     137         2 -180.6664    0.0030    0.0151
DIM:ROT:     138         1 -180.2947    0.0331    0.1346
DIM:ROT:     138         2 -180.2928    0.0043    0.0222
DIM:ROT:     139         1 -180.3512    0.0136    0.0526
DIM:ROT:     140         1 -180.5538    0.0221    0.0909
DIM:ROT:     141         1 -180.4039    0.0210    0.0910
DIM:ROT:     142         1 -180.3692    0.0148    0.0576
