MINMODE:METHOD: Dimer
DIM:CONTROL: Search Parameters:
DIM:CONTROL: ------------------
DIM:CONTROL: eigenmode_method = dimer
DIM:CONTROL: f_rot_min = 0.01
DIM:CONTROL: f_rot_max = 0.1
DIM:CONTROL: max_num_rot = 3
DIM:CONTROL: trial_angle = 0.7853981633974483
DIM:CONTROL: trial_trans_step = 0.001
DIM:CONTROL: maximum_translation = 0.1
DIM:CONTROL: cg_translation = True
DIM:CONTROL: use_central_forces = True
DIM:CONTROL: dimer_separation = 0.005
DIM:CONTROL: initial_eigenmode_method = gauss
DIM:CONTROL: extrapolate_forces = True
DIM:CONTROL: displacement_method = gauss
DIM:CONTROL: gauss_std = 0.1
DIM:CONTROL: order = 1
DIM:CONTROL: mask = None
DIM:CONTROL: displacement_center = None
DIM:CONTROL: displacement_radius = None
DIM:CONTROL: number_of_displacement_atoms = None
DIM:CONTROL: ------------------
DIM:ROT: OPT-STEP ROT-STEP CURVATURE ROT-ANGLE ROT-FORCE
DIM:ROT:       0         1    1.2180   17.5782   57.0128
DIM:ROT:       0         2   -3.3407   14.8262   15.6294
DIM:ROT:       0         3   -5.1560    6.0222   17.0942
DIM:ROT:       1         1    2.3232   13.7349    5.6565
DIM:ROT:       1         2    1.7531    4.4181    7.1866
DIM:ROT:       1         3    1.3937    4.0625    5.0273
DIM:ROT:       2         1    4.5110    7.0145   10.7348
DIM:ROT:       2         2    3.5661    6.6729    7.8540
DIM:ROT:       2         3    2.8108    5.4401    8.0407
DIM:ROT:       3         1    1.2373    6.7149    8.1647
DIM:ROT:       3         2    0.7589    4.2185    6.3872
DIM:ROT:       3         3    0.3488    4.3906    5.2396
DIM:ROT:       4         1   -0.0340    5.5364    7.1456
DIM:ROT:       4         2   -0.3289    3.2797    4.9665
DIM:ROT:       4         3   -0.5470    3.2694    3.8545
DIM:ROT:       5         1    0.0855    4.2414    5.3677
DIM:ROT:       5         2   -0.0883    2.4463    3.8391
DIM:ROT:       5         3   -0.2213    2.5899    2.8775
DIM:ROT:       6         1    0.3869    2.5556    5.5303
DIM:ROT:       6         2    0.2271    3.3014    2.7007
DIM:ROT:       6         3    0.1095    1.8399    3.7266
DIM:ROT:       7         1    0.4529    4.3107    4.2612
DIM:ROT:       7         2    0.3311    2.2095    2.8785
DIM:ROT:       7         3    0.2390    1.9137    2.7519
DIM:ROT:       8         1    0.3953    3.8935    4.2261
DIM:ROT:       8         2    0.2732    2.0025    3.3353
DIM:ROT:       8         3    0.1758    2.2900    2.4265
DIM:ROT:       9         1    0.2600    4.0657    4.1006
DIM:ROT:       9         2    0.1284    1.9899    3.5601
DIM:ROT:       9         3    0.0211    2.5137    2.4058
DIM:ROT:      10         1   -0.0052    3.5599    4.6861
DIM:ROT:      10         2   -0.1659    2.4143    3.6977
DIM:ROT:      10         3   -0.2863    2.4460    2.8316
DIM:ROT:      11         1   -0.3525    3.9485    3.5988
DIM:ROT:      11         2   -0.4994    2.1798    3.7274
DIM:ROT:      11         3   -0.6377    2.9652    2.6114
DIM:ROT:      12         1   -0.8533    1.9244    3.9869
DIM:ROT:      12         2   -0.9279    2.1097    2.0050
DIM:ROT:      12         3   -0.9750    1.2222    2.3032
DIM:ROT:      13         1   -0.0775    5.5452    3.7425
DIM:ROT:      13         2   -0.2522    2.9895    3.2830
DIM:ROT:      13         3   -0.3647    2.4266    2.5524
DIM:ROT:      14         1    0.1721    2.1628    3.0574
DIM:ROT:      14         2    0.0774    2.0027    2.6830
DIM:ROT:      14         3    0.0008    1.7930    2.5035
DIM:ROT:      15         1    0.2711    3.2264    3.7771
DIM:ROT:      15         2    0.1794    1.8055    2.7909
DIM:ROT:      15         3    0.1004    1.9250    2.2983
DIM:ROT:      16         1    0.1678    2.7135    3.6552
DIM:ROT:      16         2    0.0834    1.7491    2.6420
DIM:ROT:      16         3    0.0192    1.7850    2.1240
DIM:ROT:      17         1   -0.1702    2.8110    2.7757
DIM:ROT:      17         2   -0.2272    1.3809    2.2836
DIM:ROT:      17         3   -0.2776    1.6245    1.7326
DIM:ROT:      18         1   -0.5340    1.8071    3.4085
DIM:ROT:      18         2   -0.5865    1.5584    1.8451
DIM:ROT:      18         3   -0.6205    1.1204    1.7953
DIM:ROT:      19         1   -0.9193    1.1218    1.7340
DIM:ROT:      19         2   -0.9401    0.9530    1.2323
DIM:ROT:      19         3   -0.9551    0.7831    1.1346
DIM:ROT:      20         1   -0.6425    1.4952    2.4247
DIM:ROT:      20         2   -0.6619    0.8154    1.3216
DIM:ROT:      20         3   -0.6729    0.7169    0.9206
DIM:ROT:      21         1   -0.9672    1.7804    2.1540
DIM:ROT:      21         2   -0.9974    1.3875    1.3191
DIM:ROT:      21         3   -1.0220    1.0233    1.2848
DIM:ROT:      22         1   -0.9108    1.4643    2.2531
DIM:ROT:      22         2   -0.9186    0.5920    0.8260
DIM:ROT:      22         3   -0.9244    0.4896    0.7123
DIM:ROT:      23         1   -0.3151    1.7002    2.3016
DIM:ROT:      23         2   -0.3266    0.7420    0.9182
DIM:ROT:      23         3   -0.3322    0.5173    0.6204
DIM:ROT:      24         1   -0.1457    1.4073    2.2311
DIM:ROT:      24         2   -0.1529    0.5255    0.7806
DIM:ROT:      24         3   -0.1572    0.4808    0.5365
DIM:ROT:      25         1   -0.7778    1.2537    1.4787
DIM:ROT:      25         2   -0.7925    0.8110    1.1405
DIM:ROT:      25         3   -0.8036    0.6236    0.9605
DIM:ROT:      26         1   -1.1330    2.0842    3.7972
DIM:ROT:      26         2   -1.2219    3.0379    1.7527
DIM:ROT:      26         3   -1.3048    1.5541    2.9060
DIM:ROT:      27         1   -0.1001    1.9502    2.1708
DIM:ROT:      27         2   -0.1333    1.3326    1.3413
DIM:ROT:      27         3   -0.1503    0.9631    1.0766
DIM:ROT:      28         1    0.2374    1.5410    2.3887
DIM:ROT:      28         2    0.2010    1.1524    1.7301
DIM:ROT:      28         3    0.1727    1.0686    1.5862
DIM:ROT:      29         1    0.0203    2.5908    1.8229
DIM:ROT:      29         2   -0.0099    1.1907    1.5086
DIM:ROT:      29         3   -0.0290    0.8369    1.2359
DIM:ROT:      30         1   -0.0305    1.1059    2.1270
DIM:ROT:      30         2   -0.0478    0.8665    1.1049
DIM:ROT:      30         3   -0.0563    0.5418    0.9338
DIM:ROT:      31         1   -0.3068    1.7801    1.1082
DIM:ROT:      31         2   -0.3325    1.0699    1.5010
DIM:ROT:      31         3   -0.3582    1.4223    0.9485
DIM:ROT:      32         1   -0.8088    1.5367    3.1011
DIM:ROT:      32         2   -0.8357    1.2718    1.2617
DIM:ROT:      32         3   -0.8584    0.8556    1.5700
DIM:ROT:      33         1   -0.2418    1.8040    3.1356
DIM:ROT:      33         2   -0.2608    1.3339    0.8120
DIM:ROT:      33         3   -0.2697    0.5929    0.9117
DIM:ROT:      34         1    0.0035    1.3271    2.4152
DIM:ROT:      34         2   -0.0098    0.8549    0.8972
DIM:ROT:      34         3   -0.0184    0.5579    0.9551
DIM:ROT:      35         1    0.3203    1.4679    2.5428
DIM:ROT:      35         2    0.3074    0.9285    0.8158
DIM:ROT:      35         3    0.2977    0.5929    0.9597
DIM:ROT:      36         1    0.2452    1.3624    1.8286
DIM:ROT:      36         2    0.2282    0.8820    1.0564
DIM:ROT:      36         3    0.2189    0.6110    0.8655
DIM:ROT:      37         1    0.2648    1.5644    1.8012
DIM:ROT:      37         2    0.2460    0.8622    1.2001
DIM:ROT:      37         3    0.2367    0.6470    0.8245
DIM:ROT:      38         1    0.3378    1.6055    1.7212
DIM:ROT:      38         2    0.3197    0.8355    1.1966
DIM:ROT:      38         3    0.3108    0.6407    0.7849
DIM:ROT:      39         1    0.4179    1.5822    1.6345
DIM:ROT:      39         2    0.4004    0.8076    1.1940
DIM:ROT:      39         3    0.3917    0.6485    0.7683
DIM:ROT:      40         1    0.4807    1.6029    1.5544
DIM:ROT:      40         2    0.4631    0.7944    1.2130
DIM:ROT:      40         3    0.4543    0.6747    0.7590
DIM:ROT:      41         1    0.4905    1.6178    1.4555
DIM:ROT:      41         2    0.4737    0.7589    1.2134
DIM:ROT:      41         3    0.4653    0.6851    0.7199
DIM:ROT:      42         1    0.4597    1.5539    1.3602
DIM:ROT:      42         2    0.4444    0.7089    1.1781
DIM:ROT:      42         3    0.4368    0.6716    0.6692
DIM:ROT:      43         1    0.4519    1.4417    1.3112
DIM:ROT:      43         2    0.4378    0.6777    1.1360
DIM:ROT:      43         3    0.4307    0.6518    0.6444
DIM:ROT:      44         1    0.5062    1.3883    1.3098
DIM:ROT:      44         2    0.4923    0.6791    1.1255
DIM:ROT:      44         3    0.4850    0.6533    0.6537
DIM:ROT:      45         1    0.6037    1.4410    1.3222
DIM:ROT:      45         2    0.5885    0.7107    1.1800
DIM:ROT:      45         3    0.5802    0.7152    0.6897
DIM:ROT:      46         1    0.6933    1.5349    1.2893
DIM:ROT:      46         2    0.6767    0.7375    1.2482
DIM:ROT:      46         3    0.6669    0.8076    0.7153
DIM:ROT:      47         1    0.7305    1.6167    1.1960
DIM:ROT:      47         2    0.7137    0.7291    1.2786
DIM:ROT:      47         3    0.7033    0.8847    0.6956
DIM:ROT:      48         1    0.7097    1.5200    1.0856
DIM:ROT:      48         2    0.6944    0.6874    1.2312
DIM:ROT:      48         3    0.6844    0.9010    0.6523
DIM:ROT:      49         1    0.6563    1.2602    1.0093
DIM:ROT:      49         2    0.6435    0.6379    1.1146
DIM:ROT:      49         3    0.6350    0.8091    0.6231
DIM:ROT:      50         1    0.6163    1.0457    1.0312
DIM:ROT:      50         2    0.6045    0.6353    1.0251
DIM:ROT:      50         3    0.5969    0.7002    0.6513
DIM:ROT:      51         1    0.6168    0.9917    1.1133
DIM:ROT:      51         2    0.6044    0.6772    1.0130
DIM:ROT:      51         3    0.5964    0.6668    0.7089
DIM:ROT:      52         1    0.6409    1.0264    1.1891
DIM:ROT:      52         2    0.6269    0.7300    1.0581
DIM:ROT:      52         3    0.6179    0.6969    0.7672
DIM:ROT:      53         1    0.6671    1.0919    1.2118
DIM:ROT:      53         2    0.6518    0.7590    1.1173
DIM:ROT:      53         3    0.6417    0.7506    0.7939
DIM:ROT:      54         1    0.6770    1.1174    1.1925
DIM:ROT:      54         2    0.6614    0.7617    1.1327
DIM:ROT:      54         3    0.6511    0.7750    0.7930
DIM:ROT:      55         1    0.6722    1.0924    1.1790
DIM:ROT:      55         2    0.6570    0.7595    1.1079
DIM:ROT:      55         3    0.6468    0.7611    0.7924
DIM:ROT:      56         1    0.6674    1.0460    1.1929
DIM:ROT:      56         2    0.6526    0.7699    1.0701
DIM:ROT:      56         3    0.6425    0.7326    0.8085
DIM:ROT:      57         1    0.6793    1.0135    1.2079
DIM:ROT:      57         2    0.6646    0.7840    1.0419
DIM:ROT:      57         3    0.6546    0.7149    0.8255
DIM:ROT:      58         1    0.6989    0.9924    1.2347
DIM:ROT:      58         2    0.6840    0.8081    1.0221
DIM:ROT:      58         3    0.6738    0.7056    0.8508
DIM:ROT:      59         1    0.7201    0.9926    1.2500
DIM:ROT:      59         2    0.7050    0.8272    1.0207
DIM:ROT:      59         3    0.6944    0.7116    0.8686
DIM:ROT:      60         1    0.7341    1.0067    1.2578
DIM:ROT:      60         2    0.7186    0.8407    1.0305
DIM:ROT:      60         3    0.7078    0.7250    0.8793
DIM:ROT:      61         1    0.7408    1.0197    1.2489
DIM:ROT:      61         2    0.7252    0.8399    1.0381
DIM:ROT:      61         3    0.7143    0.7347    0.8741
DIM:ROT:      62         1    0.7439    1.0289    1.2278
DIM:ROT:      62         2    0.7286    0.8283    1.0407
DIM:ROT:      62         3    0.7177    0.7395    0.8575
DIM:ROT:      63         1    0.7433    1.0346    1.1946
DIM:ROT:      63         2    0.7284    0.8095    1.0384
DIM:ROT:      63         3    0.7179    0.7413    0.8332
DIM:ROT:      64         1    0.7412    1.0305    1.1545
DIM:ROT:      64         2    0.7269    0.7887    1.0283
DIM:ROT:      64         3    0.7166    0.7405    0.8085
DIM:ROT:      65         1    0.7379    1.0281    1.1121
DIM:ROT:      65         2    0.7239    0.7699    1.0214
DIM:ROT:      65         3    0.7138    0.7454    0.7869
DIM:ROT:      66         1    0.7345    1.0397    1.0676
DIM:ROT:      66         2    0.7208    0.7526    1.0227
DIM:ROT:      66         3    0.7109    0.7604    0.7655
DIM:ROT:      67         1    0.7213    1.0380    1.0142
DIM:ROT:      67         2    0.7083    0.7313    1.0121
DIM:ROT:      67         3    0.6985    0.7689    0.7407
DIM:ROT:      68         1    0.7046    1.0399    0.9598
DIM:ROT:      68         2    0.6920    0.7094    1.0022
DIM:ROT:      68         3    0.6825    0.7791    0.7143
DIM:ROT:      69         1    0.6908    1.0573    0.9176
DIM:ROT:      69         2    0.6786    0.6960    1.0026
DIM:ROT:      69         3    0.6690    0.7967    0.6945
DIM:ROT:      70         1    0.6800    1.1151    0.8751
DIM:ROT:      70         2    0.6677    0.6881    1.0213
DIM:ROT:      70         3    0.6580    0.8321    0.6734
DIM:ROT:      71         1    0.6712    1.2426    0.8296
DIM:ROT:      71         2    0.6584    0.6889    1.0629
DIM:ROT:      71         3    0.6484    0.8857    0.6495
DIM:ROT:      72         1    0.6545    1.4555    0.7805
DIM:ROT:      72         2    0.6409    0.7094    1.1015
DIM:ROT:      72         3    0.6311    0.8922    0.6326
DIM:ROT:      73         1    0.6257    1.6250    0.7388
DIM:ROT:      73         2    0.6115    0.7349    1.1066
DIM:ROT:      73         3    0.6023    0.8496    0.6278
DIM:ROT:      74         1    0.5850    1.6946    0.7023
DIM:ROT:      74         2    0.5708    0.7429    1.0916
DIM:ROT:      74         3    0.5621    0.8131    0.6201
DIM:ROT:      75         1    0.5365    1.7301    0.6687
DIM:ROT:      75         2    0.5227    0.7450    1.0632
DIM:ROT:      75         3    0.5145    0.7769    0.6064
DIM:ROT:      76         1    0.4866    1.7763    0.6366
DIM:ROT:      76         2    0.4731    0.7472    1.0331
DIM:ROT:      76         3    0.4655    0.7413    0.5916
DIM:ROT:      77         1    0.4422    1.6897    0.6148
DIM:ROT:      77         2    0.4295    0.7220    0.9938
DIM:ROT:      77         3    0.4225    0.7144    0.5773
DIM:ROT:      78         1    0.4079    1.5180    0.6088
DIM:ROT:      78         2    0.3963    0.7094    0.9219
DIM:ROT:      78         3    0.3895    0.7005    0.5645
DIM:ROT:      79         1    0.3825    1.5426    0.5973
DIM:ROT:      79         2    0.3713    0.6924    0.9063
DIM:ROT:      79         3    0.3650    0.6707    0.5543
DIM:ROT:      80         1    0.3643    1.3413    0.5974
DIM:ROT:      80         2    0.3544    0.6730    0.8324
DIM:ROT:      80         3    0.3482    0.6563    0.5442
DIM:ROT:      81         1    0.3472    1.3245    0.5865
DIM:ROT:      81         2    0.3378    0.6499    0.8153
DIM:ROT:      81         3    0.3320    0.6340    0.5303
DIM:ROT:      82         1    0.3267    1.2074    0.5807
DIM:ROT:      82         2    0.3181    0.6399    0.7536
DIM:ROT:      82         3    0.3126    0.6183    0.5172
DIM:ROT:      83         1    0.3023    1.1688    0.5630
DIM:ROT:      83         2    0.2945    0.6101    0.7228
DIM:ROT:      83         3    0.2895    0.5853    0.4980
DIM:ROT:      84         1    0.2784    1.0281    0.5583
DIM:ROT:      84         2    0.2715    0.5816    0.6655
DIM:ROT:      84         3    0.2668    0.5584    0.4840
DIM:ROT:      85         1    0.2604    0.9617    0.5591
DIM:ROT:      85         2    0.2540    0.5562    0.6384
DIM:ROT:      85         3    0.2496    0.5335    0.4749
DIM:ROT:      86         1    0.2518    0.9002    0.5746
DIM:ROT:      86         2    0.2457    0.5539    0.6102
DIM:ROT:      86         3    0.2414    0.5232    0.4753
DIM:ROT:      87         1    0.2543    0.8558    0.5857
DIM:ROT:      87         2    0.2486    0.5302    0.5998
DIM:ROT:      87         3    0.2445    0.5004    0.4728
DIM:ROT:      88         1    0.2680    0.8232    0.6069
DIM:ROT:      88         2    0.2624    0.5392    0.5750
DIM:ROT:      88         3    0.2584    0.4918    0.4724
DIM:ROT:      89         1    0.2901    0.8175    0.6170
DIM:ROT:      89         2    0.2848    0.5125    0.5879
DIM:ROT:      89         3    0.2809    0.4787    0.4680
DIM:ROT:      90         1    0.3141    0.8497    0.6441
DIM:ROT:      90         2    0.3082    0.5505    0.6017
DIM:ROT:      90         3    0.3040    0.5005    0.4869
DIM:ROT:      91         1    0.3297    0.9509    0.6343
DIM:ROT:      91         2    0.3232    0.5686    0.6544
DIM:ROT:      91         3    0.3186    0.5336    0.4969
DIM:ROT:      92         1    0.3315    1.0654    0.6150
DIM:ROT:      92         2    0.3241    0.6206    0.6834
DIM:ROT:      92         3    0.3189    0.5912    0.5001
DIM:ROT:      93         1    0.3168    1.2890    0.5591
DIM:ROT:      93         2    0.3088    0.6398    0.7197
DIM:ROT:      93         3    0.3037    0.6060    0.4801
DIM:ROT:      94         1    0.2912    1.2705    0.5138
DIM:ROT:      94         2    0.2837    0.6284    0.6958
DIM:ROT:      94         3    0.2784    0.6706    0.4483
DIM:ROT:      95         1    0.2654    0.6698    0.5759
DIM:ROT:      95         2    0.2604    0.5083    0.5611
DIM:ROT:      95         3    0.2562    0.5180    0.4723
DIM:ROT:      96         1    0.2427    0.7542    0.5676
DIM:ROT:      96         2    0.2376    0.5215    0.5679
DIM:ROT:      96         3    0.2334    0.5151    0.4581
DIM:ROT:      97         1    0.2204    0.8040    0.5272
DIM:ROT:      97         2    0.2153    0.4996    0.5806
DIM:ROT:      97         3    0.2114    0.5319    0.4259
DIM:ROT:      98         1    0.2006    0.7652    0.5124
DIM:ROT:      98         2    0.1959    0.4865    0.5505
DIM:ROT:      98         3    0.1922    0.5147    0.4114
DIM:ROT:      99         1    0.1857    0.6534    0.5198
DIM:ROT:      99         2    0.1816    0.4641    0.5042
DIM:ROT:      99         3    0.1783    0.4662    0.4081
DIM:ROT:     100         1    0.1763    0.6652    0.4956
DIM:ROT:     100         2    0.1726    0.4297    0.4964
DIM:ROT:     100         3    0.1697    0.4303    0.3830
DIM:ROT:     101         1    0.1706    0.6873    0.4663
DIM:ROT:     101         2    0.1671    0.4210    0.4739
DIM:ROT:     101         3    0.1645    0.4209    0.3539
DIM:ROT:     102         1    0.1667    0.6499    0.4411
DIM:ROT:     102         2    0.1637    0.3783    0.4534
DIM:ROT:     102         3    0.1615    0.3773    0.3320
DIM:ROT:     103         1    0.1635    0.6326    0.4333
DIM:ROT:     103         2    0.1606    0.3786    0.4240
DIM:ROT:     103         3    0.1586    0.3598    0.3198
DIM:ROT:     104         1    0.1583    0.6426    0.4125
DIM:ROT:     104         2    0.1557    0.3449    0.4267
DIM:ROT:     104         3    0.1539    0.3349    0.3048
DIM:ROT:     105         1    0.1499    0.6461    0.4109
DIM:ROT:     105         2    0.1472    0.3595    0.4153
DIM:ROT:     105         3    0.1455    0.3326    0.3054
DIM:ROT:     106         1    0.1361    0.6996    0.3997
DIM:ROT:     106         2    0.1334    0.3544    0.4313
DIM:ROT:     106         3    0.1317    0.3270    0.3049
DIM:ROT:     107         1    0.1185    0.7179    0.3938
DIM:ROT:     107         2    0.1156    0.3754    0.4316
DIM:ROT:     107         3    0.1138    0.3422    0.3065
DIM:ROT:     108         1    0.0994    0.7957    0.3727
DIM:ROT:     108         2    0.0965    0.3845    0.4310
DIM:ROT:     108         3    0.0947    0.3291    0.3017
DIM:ROT:     109         1    0.0825    0.7504    0.3499
DIM:ROT:     109         2    0.0799    0.3637    0.4116
DIM:ROT:     109         3    0.0783    0.3250    0.2850
DIM:ROT:     110         1    0.0746    0.7149    0.3236
DIM:ROT:     110         2    0.0725    0.3293    0.3726
DIM:ROT:     110         3    0.0713    0.2734    0.2641
DIM:ROT:     111         1    0.0755    0.5528    0.3103
DIM:ROT:     111         2    0.0738    0.2782    0.3352
DIM:ROT:     111         3    0.0728    0.2600    0.2354
DIM:ROT:     112         1    0.0808    0.5180    0.3060
DIM:ROT:     112         2    0.0795    0.2457    0.3161
DIM:ROT:     112         3    0.0786    0.2283    0.2197
DIM:ROT:     113         1    0.0874    0.4740    0.3100
DIM:ROT:     113         2    0.0862    0.2366    0.3026
DIM:ROT:     113         3    0.0854    0.2203    0.2119
DIM:ROT:     114         1    0.0869    0.4706    0.3083
DIM:ROT:     114         2    0.0857    0.2267    0.2980
DIM:ROT:     114         3    0.0850    0.2123    0.2064
DIM:ROT:     115         1    0.0804    0.4631    0.3070
DIM:ROT:     115         2    0.0792    0.2267    0.2885
DIM:ROT:     115         3    0.0785    0.2044    0.2050
DIM:ROT:     116         1    0.0685    0.4571    0.3108
DIM:ROT:     116         2    0.0673    0.2242    0.2919
DIM:ROT:     116         3    0.0666    0.2055    0.2061
DIM:ROT:     117         1    0.0551    0.4733    0.3079
DIM:ROT:     117         2    0.0539    0.2352    0.2892
DIM:ROT:     117         3    0.0532    0.2024    0.2099
DIM:ROT:     118         1    0.0459    0.4663    0.3004
DIM:ROT:     118         2    0.0447    0.2368    0.2848
DIM:ROT:     118         3    0.0440    0.1994    0.2090
DIM:ROT:     119         1    0.0460    0.4490    0.2905
DIM:ROT:     119         2    0.0449    0.2352    0.2705
DIM:ROT:     119         3    0.0442    0.1921    0.2030
DIM:ROT:     120         1    0.0573    0.4248    0.2839
DIM:ROT:     120         2    0.0562    0.2304    0.2608
DIM:ROT:     120         3    0.0556    0.1852    0.1983
DIM:ROT:     121         1    0.0768    0.4236    0.2874
DIM:ROT:     121         2    0.0757    0.2273    0.2701
DIM:ROT:     121         3    0.0751    0.1872    0.2020
DIM:ROT:     122         1    0.1002    0.4368    0.2927
DIM:ROT:     122         2    0.0990    0.2424    0.2780
DIM:ROT:     122         3    0.0983    0.1956    0.2120
DIM:ROT:     123         1    0.1211    0.4456    0.2926
DIM:ROT:     123         2    0.1199    0.2496    0.2879
DIM:ROT:     123         3    0.1191    0.2036    0.2205
DIM:ROT:     124         1    0.1363    0.4364    0.2931
DIM:ROT:     124         2    0.1350    0.2536    0.2879
DIM:ROT:     124         3    0.1342    0.2069    0.2272
DIM:ROT:     125         1    0.1442    0.4168    0.2917
DIM:ROT:     125         2    0.1430    0.2440    0.2860
DIM:ROT:     125         3    0.1422    0.2055    0.2288
DIM:ROT:     126         1    0.1470    0.4031    0.2949
DIM:ROT:     126         2    0.1458    0.2375    0.2858
DIM:ROT:     126         3    0.1450    0.2050    0.2295
DIM:ROT:     127         1    0.1468    0.4067    0.2954
DIM:ROT:     127         2    0.1456    0.2370    0.2871
DIM:ROT:     127         3    0.1448    0.2041    0.2297
DIM:ROT:     128         1    0.1452    0.4176    0.2969
DIM:ROT:     128         2    0.1440    0.2325    0.2973
DIM:ROT:     128         3    0.1432    0.2076    0.2279
DIM:ROT:     129         1    0.1420    0.4379    0.2973
DIM:ROT:     129         2    0.1407    0.2440    0.2934
DIM:ROT:     129         3    0.1399    0.2023    0.2292
DIM:ROT:     130         1    0.1374    0.4367    0.2929
DIM:ROT:     130         2    0.1362    0.2321    0.2992
DIM:ROT:     130         3    0.1354    0.2026    0.2237
DIM:ROT:     131         1    0.1303    0.4512    0.2882
DIM:ROT:     131         2    0.1290    0.2407    0.2912
DIM:ROT:     131         3    0.1283    0.1951    0.2219
DIM:ROT:     132         1    0.1197    0.4315    0.2871
DIM:ROT:     132         2    0.1186    0.2248    0.2945
DIM:ROT:     132         3    0.1178    0.1962    0.2173
DIM:ROT:     133         1    0.1099    0.4326    0.2885
DIM:ROT:     133         2    0.1087    0.2264    0.2938
DIM:ROT:     133         3    0.1080    0.1947    0.2178
DIM:ROT:     134         1    0.1055    0.4294    0.2905
DIM:ROT:     134         2    0.1044    0.2239    0.2955
DIM:ROT:     134         3    0.1036    0.1956    0.2178
DIM:ROT:     135         1    0.1076    0.4394    0.2937
DIM:ROT:     135         2    0.1064    0.2237    0.3030
DIM:ROT:     135         3    0.1057    0.1986    0.2178
DIM:ROT:     136         1    0.1132    0.4544    0.2885
DIM:ROT:     136         2    0.1120    0.2241    0.3057
DIM:ROT:     136         3    0.1112    0.1974    0.2160
DIM:ROT:     137         1    0.1170    0.4470    0.2860
DIM:ROT:     137         2    0.1158    0.2187    0.3038
DIM:ROT:     137         3    0.1151    0.1964    0.2126
DIM:ROT:     138         1    0.1160    0.4402    0.2784
DIM:ROT:     138         2    0.1149    0.2105    0.3032
DIM:ROT:     138         3    0.1142    0.1963    0.2067
DIM:ROT:     139         1    0.1110    0.4341    0.2748
DIM:ROT:     139         2    0.1099    0.2043    0.3019
DIM:ROT:     139         3    0.1092    0.1972    0.2025
DIM:ROT:     140         1    0.1019    0.4261    0.2719
DIM:ROT:     140         2    0.1009    0.2005    0.3048
DIM:ROT:     140         3    0.1002    0.2015    0.2001
DIM:ROT:     141         1    0.0891    0.4515    0.2723
DIM:ROT:     141         2    0.0880    0.2044    0.3101
DIM:ROT:     141         3    0.0873    0.2009    0.2019
DIM:ROT:     142         1    0.0760    0.4527    0.2709
DIM:ROT:     142         2    0.0748    0.2058    0.3181
DIM:ROT:     142         3    0.0741    0.2084    0.2045
DIM:ROT:     143         1    0.0650    0.4758    0.2761
DIM:ROT:     143         2    0.0637    0.2168    0.3265
DIM:ROT:     143         3    0.0630    0.2095    0.2135
DIM:ROT:     144         1    0.0573    0.5036    0.2758
DIM:ROT:     144         2    0.0560    0.2242    0.3408
DIM:ROT:     144         3    0.0552    0.2161    0.2194
DIM:ROT:     145         1    0.0507    0.5235    0.2774
DIM:ROT:     145         2    0.0493    0.2371    0.3501
DIM:ROT:     145         3    0.0484    0.2184    0.2289
DIM:ROT:     146         1    0.0453    0.5449    0.2761
DIM:ROT:     146         2    0.0438    0.2477    0.3612
DIM:ROT:     146         3    0.0429    0.2217    0.2356
DIM:ROT:     147         1    0.0401    0.5868    0.2640
DIM:ROT:     147         2    0.0385    0.2528    0.3719
DIM:ROT:     147         3    0.0376    0.2207    0.2342
DIM:ROT:     148         1    0.0360    0.5832    0.2458
DIM:ROT:     148         2    0.0344    0.2424    0.3691
DIM:ROT:     148         3    0.0336    0.2183    0.2242
DIM:ROT:     149         1    0.0369    0.5546    0.2303
DIM:ROT:     149         2    0.0355    0.2321    0.3450
DIM:ROT:     149         3    0.0348    0.2037    0.2134
DIM:ROT:     150         1    0.0421    0.4948    0.2179
DIM:ROT:     150         2    0.0409    0.2090    0.3256
DIM:ROT:     150         3    0.0402    0.2000    0.1988
DIM:ROT:     151         1    0.0468    0.4766    0.2126
DIM:ROT:     151         2    0.0457    0.2064    0.3077
DIM:ROT:     151         3    0.0450    0.1881    0.1943
DIM:ROT:     152         1    0.0473    0.4017    0.2075
DIM:ROT:     152         2    0.0464    0.1840    0.3045
DIM:ROT:     152         3    0.0457    0.2055    0.1823
DIM:ROT:     153         1    0.0417    0.4357    0.2072
DIM:ROT:     153         2    0.0407    0.2031    0.2853
DIM:ROT:     153         3    0.0401    0.1747    0.1884
DIM:ROT:     154         1    0.0342    0.3612    0.2010
DIM:ROT:     154         2    0.0333    0.1746    0.2876
DIM:ROT:     154         3    0.0327    0.1962    0.1757
DIM:ROT:     155         1    0.0288    0.3808    0.2000
DIM:ROT:     155         2    0.0280    0.1828    0.2733
DIM:ROT:     155         3    0.0275    0.1716    0.1775
DIM:ROT:     156         1    0.0282    0.3125    0.1958
DIM:ROT:     156         2    0.0275    0.1606    0.2645
DIM:ROT:     156         3    0.0269    0.1874    0.1663
DIM:ROT:     157         1    0.0306    0.3574    0.1890
DIM:ROT:     157         2    0.0298    0.1674    0.2600
DIM:ROT:     157         3    0.0293    0.1669    0.1646
DIM:ROT:     158         1    0.0356    0.3144    0.1887
DIM:ROT:     158         2    0.0349    0.1550    0.2610
DIM:ROT:     158         3    0.0344    0.1877    0.1593
DIM:ROT:     159         1    0.0413    0.3796    0.1887
DIM:ROT:     159         2    0.0405    0.1718    0.2718
DIM:ROT:     159         3    0.0400    0.1744    0.1687
DIM:ROT:     160         1    0.0469    0.3809    0.1874
DIM:ROT:     160         2    0.0461    0.1759    0.2807
DIM:ROT:     160         3    0.0455    0.1816    0.1727
