MINMODE:METHOD: Dimer
DIM:CONTROL: Search Parameters:
DIM:CONTROL: ------------------
DIM:CONTROL: eigenmode_method = dimer
DIM:CONTROL: f_rot_min = 0.01
DIM:CONTROL: f_rot_max = 0.1
DIM:CONTROL: max_num_rot = 3
DIM:CONTROL: trial_angle = 0.7853981633974483
DIM:CONTROL: trial_trans_step = 0.001
DIM:CONTROL: maximum_translation = 0.1
DIM:CONTROL: cg_translation = True
DIM:CONTROL: use_central_forces = True
DIM:CONTROL: dimer_separation = 0.005
DIM:CONTROL: initial_eigenmode_method = gauss
DIM:CONTROL: extrapolate_forces = True
DIM:CONTROL: displacement_method = gauss
DIM:CONTROL: gauss_std = 0.1
DIM:CONTROL: order = 1
DIM:CONTROL: mask = None
DIM:CONTROL: displacement_center = None
DIM:CONTROL: displacement_radius = None
DIM:CONTROL: number_of_displacement_atoms = None
DIM:CONTROL: ------------------
DIM:ROT: OPT-STEP ROT-STEP CURVATURE ROT-ANGLE ROT-FORCE
DIM:ROT:       0         1   41.1141   76.4527  317.0690
DIM:ROT:       0         2 -1521.8318   13.3252  365.6307
DIM:ROT:       0         3 -1509.1640    0.6578   17.7880
DIM:ROT:       1         1 -1693.3618    2.6077   84.3532
DIM:ROT:       1         2 -1699.5124    0.2246    6.8914
DIM:ROT:       1         3 -1699.9721    0.0187    0.5522
DIM:ROT:       2         1 -2779.4971    1.8368   91.1498
DIM:ROT:       2         2 -2779.1220    0.0355    1.7568
DIM:ROT:       2         3 -2779.1148    0.0009    0.0434
DIM:ROT:       3         1 -2690.4163    0.5296   26.1392
DIM:ROT:       3         2 -2690.8388    0.0139    0.6605
DIM:ROT:       3         3 -2690.8499    0.0003    0.0162
DIM:ROT:       4         1 -1456.9152    5.2247  144.2152
DIM:ROT:       4         2 -1462.6084    0.3338    8.3761
DIM:ROT:       4         3 -1462.9440    0.0195    0.4871
DIM:ROT:       5         1 -1268.4672    7.9021  191.2831
DIM:ROT:       5         2 -1275.5203    0.4566   10.3324
DIM:ROT:       5         3 -1275.8886    0.0262    0.5707
DIM:ROT:       6         1 -2005.3092    5.1017  171.5096
DIM:ROT:       6         2 -2004.5559    0.0674    2.3868
DIM:ROT:       6         3 -2004.5567    0.0009    0.0315
DIM:ROT:       7         1 -1343.9916    7.5516  184.4903
DIM:ROT:       7         2 -1345.7391    0.3863    9.7948
DIM:ROT:       7         3 -1345.7412    0.0206    0.5166
DIM:ROT:       8         1 -290.4033    9.6333   79.6141
DIM:ROT:       8         2 -294.6323    2.3436   13.9718
DIM:ROT:       8         3 -295.3459    0.3381    2.5642
DIM:ROT:       9         1 -375.2869   14.9020  124.7675
DIM:ROT:       9         2 -375.1803    1.7448   15.8921
DIM:ROT:       9         3 -375.5196    0.3770    2.9334
DIM:ROT:      10         1 -625.9920    9.3217  131.6642
DIM:ROT:      10         2 -625.2829    0.7885    9.2321
DIM:ROT:      10         3 -625.2279    0.0726    1.0171
DIM:ROT:      11         1 -652.4652    1.8954   22.7165
DIM:ROT:      11         2 -652.4073    0.1225    1.7063
DIM:ROT:      11         3 -652.3962    0.0150    0.2037
DIM:ROT:      12         1 -572.6491    3.5480   48.9918
DIM:ROT:      12         2 -573.7744    0.3946    4.2017
DIM:ROT:      12         3 -573.8533    0.0235    0.2786
DIM:ROT:      13         1 -605.1495    3.7665   47.1468
DIM:ROT:      13         2 -606.4289    0.4989    6.2342
DIM:ROT:      13         3 -606.5249    0.0757    0.9563
DIM:ROT:      14         1 -712.4248    2.9346   45.3006
DIM:ROT:      14         2 -712.5892    0.3443    4.7020
DIM:ROT:      14         3 -712.6305    0.0381    0.5793
DIM:ROT:      15         1 -551.2810    4.2458   53.1203
DIM:ROT:      15         2 -552.4729    0.6681    7.0319
DIM:ROT:      15         3 -552.6108    0.0720    0.8971
DIM:ROT:      16         1 -572.5084    3.3445   35.7006
DIM:ROT:      16         2 -573.5623    0.2741    3.4470
DIM:ROT:      16         3 -573.6385    0.0441    0.4925
DIM:ROT:      17         1 -721.0174    1.8153   27.8864
DIM:ROT:      17         2 -721.2313    0.1961    2.7132
DIM:ROT:      17         3 -721.2645    0.0196    0.2961
DIM:ROT:      18         1 -626.2090    2.2100   32.8125
DIM:ROT:      18         2 -626.9014    0.2544    3.0175
DIM:ROT:      18         3 -626.9898    0.0189    0.2490
DIM:ROT:      19         1 -448.3021    1.4423   12.3922
DIM:ROT:      19         2 -448.8678    0.1272    1.1456
DIM:ROT:      19         3 -448.9105    0.0179    0.1749
DIM:ROT:      20         1 -629.9221    3.3169   41.6834
DIM:ROT:      20         2 -630.5588    0.4107    5.4128
DIM:ROT:      20         3 -630.6349    0.0595    0.7518
DIM:ROT:      21         1 -529.3094    4.4791   46.1062
DIM:ROT:      21         2 -530.6699    0.6283    7.5807
DIM:ROT:      21         3 -530.8048    0.1179    1.2451
DIM:ROT:      22         1 -639.2721    4.5058   51.7184
DIM:ROT:      22         2 -640.0881    0.2141    3.0862
DIM:ROT:      22         3 -640.1164    0.0254    0.3034
DIM:ROT:      23         1 -378.0304    5.8323   44.0182
DIM:ROT:      23         2 -380.0085    0.9659    8.9090
DIM:ROT:      23         3 -380.1694    0.2387    1.9768
DIM:ROT:      24         1 -209.4893    6.1455   38.6709
DIM:ROT:      24         2 -211.9716    2.6711   14.0148
DIM:ROT:      24         3 -212.4320    0.8740    5.7348
DIM:ROT:      25         1 -249.5566    8.0387   38.0287
DIM:ROT:      25         2 -250.9158    1.3053   10.5686
DIM:ROT:      25         3 -251.2982    0.4603    2.2865
DIM:ROT:      26         1 -557.8510    5.8333   74.6653
DIM:ROT:      26         2 -558.3105    0.6565    7.1500
DIM:ROT:      26         3 -558.4142    0.0744    0.9047
DIM:ROT:      27         1 -566.8291    0.2738    3.4298
DIM:ROT:      27         2 -566.8690    0.0246    0.2970
DIM:ROT:      27         3 -566.8725    0.0031    0.0360
DIM:ROT:      28         1 -453.0963    1.5866   18.1624
DIM:ROT:      28         2 -453.6150    0.2085    1.9837
DIM:ROT:      28         3 -453.6775    0.0241    0.2374
DIM:ROT:      29         1 -512.0862    2.4731   30.4301
DIM:ROT:      29         2 -512.2783    0.2556    2.5031
DIM:ROT:      29         3 -512.3365    0.0234    0.2646
DIM:ROT:      30         1 -458.4377    1.9378   23.3762
DIM:ROT:      30         2 -459.0086    0.1789    1.5571
DIM:ROT:      30         3 -459.0667    0.0117    0.1214
DIM:ROT:      31         1 -502.1834    0.7648    9.2444
DIM:ROT:      31         2 -502.2588    0.0872    0.9012
DIM:ROT:      31         3 -502.2818    0.0111    0.1209
DIM:ROT:      32         1 -515.0922    0.9949   12.3134
DIM:ROT:      32         2 -515.1873    0.1171    1.1552
DIM:ROT:      32         3 -515.2217    0.0126    0.1430
DIM:ROT:      33         1 -487.2651    0.5808    7.0731
DIM:ROT:      33         2 -487.4352    0.0643    0.6220
DIM:ROT:      33         3 -487.4563    0.0056    0.0544
DIM:ROT:      34         1 -508.9023    0.3702    3.9502
DIM:ROT:      34         2 -508.9768    0.0466    0.5029
DIM:ROT:      34         3 -508.9898    0.0083    0.0888
DIM:ROT:      35         1 -523.8689    1.5230   15.0932
DIM:ROT:      35         2 -524.1725    0.1558    1.8340
DIM:ROT:      35         3 -524.2027    0.0261    0.2700
DIM:ROT:      36         1 -494.6661    0.6600    7.8951
DIM:ROT:      36         2 -494.8167    0.1032    0.9796
DIM:ROT:      36         3 -494.8432    0.0112    0.1267
DIM:ROT:      37         1 -510.5601    0.4149    4.3812
DIM:ROT:      37         2 -510.6450    0.0410    0.4196
DIM:ROT:      37         3 -510.6527    0.0062    0.0703
DIM:ROT:      38         1 -482.5975    0.4298    4.1569
DIM:ROT:      38         2 -482.7232    0.0583    0.6113
DIM:ROT:      38         3 -482.7334    0.0109    0.1134
DIM:ROT:      39         1 -511.2595    0.8456   10.2728
DIM:ROT:      39         2 -511.3406    0.1235    1.2174
DIM:ROT:      39         3 -511.3653    0.0151    0.1755
DIM:ROT:      40         1 -503.0507    0.9033    9.7299
DIM:ROT:      40         2 -503.2558    0.1244    1.3199
DIM:ROT:      40         3 -503.2839    0.0216    0.2317
DIM:ROT:      41         1 -528.2958    0.4633    4.5676
DIM:ROT:      41         2 -528.4008    0.0382    0.4553
DIM:ROT:      41         3 -528.4075    0.0064    0.0666
DIM:ROT:      42         1 -510.2820    0.6077    7.0334
DIM:ROT:      42         2 -510.4550    0.0868    0.9168
DIM:ROT:      42         3 -510.4755    0.0127    0.1414
DIM:ROT:      43         1 -534.9168    1.0433   10.9128
DIM:ROT:      43         2 -535.1598    0.1297    1.5334
DIM:ROT:      43         3 -535.1877    0.0225    0.2397
DIM:ROT:      44         1 -512.9693    0.6040    6.5052
DIM:ROT:      44         2 -513.1359    0.0675    0.7053
DIM:ROT:      44         3 -513.1549    0.0109    0.1208
DIM:ROT:      45         1 -534.2197    0.7906   10.0496
DIM:ROT:      45         2 -534.2858    0.0884    0.8807
DIM:ROT:      45         3 -534.3060    0.0074    0.0890
DIM:ROT:      46         1 -507.0538    0.6442    6.3759
DIM:ROT:      46         2 -507.2423    0.0634    0.6175
DIM:ROT:      46         3 -507.2578    0.0066    0.0693
DIM:ROT:      47         1 -528.6807    0.5794    6.2490
DIM:ROT:      47         2 -528.7714    0.0842    0.9530
DIM:ROT:      47         3 -528.7867    0.0142    0.1533
DIM:ROT:      48         1 -502.9352    1.3200   13.3909
DIM:ROT:      48         2 -503.3429    0.1550    1.6465
DIM:ROT:      48         3 -503.3716    0.0258    0.2774
DIM:ROT:      49         1 -544.5887    1.5217   17.9595
DIM:ROT:      49         2 -544.7757    0.2355    2.5684
DIM:ROT:      49         3 -544.8087    0.0332    0.3875
DIM:ROT:      50         1 -493.7375    3.1479   33.5491
DIM:ROT:      50         2 -494.4066    0.4431    4.4880
DIM:ROT:      50         3 -494.4963    0.0702    0.7436
DIM:ROT:      51         1 -466.8266    2.8152   27.8563
DIM:ROT:      51         2 -467.3171    0.4540    4.4267
DIM:ROT:      51         3 -467.3643    0.0763    0.7627
DIM:ROT:      52         1 -478.8803    1.7835   18.7653
DIM:ROT:      52         2 -478.6328    0.1898    1.9103
DIM:ROT:      52         3 -478.6319    0.0313    0.3125
DIM:ROT:      53         1 -472.7315    0.6801    6.8219
DIM:ROT:      53         2 -472.8257    0.0931    0.9043
DIM:ROT:      53         3 -472.8277    0.0136    0.1409
DIM:ROT:      54         1 -424.0590    2.0197   20.8244
DIM:ROT:      54         2 -424.3963    0.1805    1.6520
DIM:ROT:      54         3 -424.4226    0.0241    0.2139
DIM:ROT:      55         1 -408.3948    2.1726   19.3063
DIM:ROT:      55         2 -408.0817    0.2977    2.6572
DIM:ROT:      55         3 -408.0761    0.0550    0.4763
DIM:ROT:      56         1 -431.1262    1.4229   13.7288
DIM:ROT:      56         2 -430.8772    0.1712    1.5698
DIM:ROT:      56         3 -430.8789    0.0303    0.2734
DIM:ROT:      57         1 -436.9569    2.4119   24.4657
DIM:ROT:      57         2 -437.3431    0.3034    2.6553
DIM:ROT:      57         3 -437.3582    0.0398    0.3948
DIM:ROT:      58         1 -345.7101    1.5720   11.7092
DIM:ROT:      58         2 -345.7754    0.2440    1.9091
DIM:ROT:      58         3 -345.7626    0.0491    0.3816
DIM:ROT:      59         1 -287.5434    3.4928   25.3828
DIM:ROT:      59         2 -287.0131    0.7073    4.6841
DIM:ROT:      59         3 -286.9721    0.1663    1.1589
DIM:ROT:      60         1 -332.2526    3.3899   24.9624
DIM:ROT:      60         2 -332.6094    0.6138    4.6454
DIM:ROT:      60         3 -332.5598    0.1197    0.9276
DIM:ROT:      61         1 -324.8015    1.9232   15.3427
DIM:ROT:      61         2 -324.9764    0.2709    1.9492
DIM:ROT:      61         3 -324.9685    0.0506    0.4007
DIM:ROT:      62         1 -306.3528    2.1043   16.2519
DIM:ROT:      62         2 -306.0131    0.3740    2.5824
DIM:ROT:      62         3 -305.9922    0.0834    0.6125
DIM:ROT:      63         1 -323.1715    2.2469   18.4224
DIM:ROT:      63         2 -323.4083    0.4011    2.7208
DIM:ROT:      63         3 -323.4041    0.0670    0.5453
DIM:ROT:      64         1 -318.6896    1.0446    8.1549
DIM:ROT:      64         2 -318.7675    0.1548    1.0744
DIM:ROT:      64         3 -318.7643    0.0303    0.2336
DIM:ROT:      65         1 -314.7040    1.8210   14.1984
DIM:ROT:      65         2 -314.4429    0.3057    2.1396
DIM:ROT:      65         3 -314.4327    0.0657    0.4861
DIM:ROT:      66         1 -320.6436    2.6984   21.5475
DIM:ROT:      66         2 -321.0024    0.4110    2.8092
DIM:ROT:      66         3 -321.0149    0.0711    0.5576
DIM:ROT:      67         1 -272.6661    2.1029   14.1505
DIM:ROT:      67         2 -272.8261    0.3938    2.3378
DIM:ROT:      67         3 -272.8303    0.0802    0.5561
DIM:ROT:      68         1 -277.2995    1.7155   10.8213
DIM:ROT:      68         2 -277.2195    0.3123    2.0172
DIM:ROT:      68         3 -277.2284    0.0703    0.4452
DIM:ROT:      69         1 -264.3754    2.8270   19.8311
DIM:ROT:      69         2 -264.7368    0.3449    2.0415
DIM:ROT:      69         3 -264.7650    0.0654    0.4192
DIM:ROT:      70         1 -247.1196    1.6418   10.3074
DIM:ROT:      70         2 -247.2771    0.2945    1.5699
DIM:ROT:      70         3 -247.2898    0.0576    0.3741
DIM:ROT:      71         1 -252.2469    1.2909    7.9639
DIM:ROT:      71         2 -252.2320    0.2640    1.5376
DIM:ROT:      71         3 -252.2479    0.0618    0.3725
DIM:ROT:      72         1 -229.1447    2.4134   15.1116
DIM:ROT:      72         2 -229.4607    0.3102    1.5922
DIM:ROT:      72         3 -229.4878    0.0632    0.3725
DIM:ROT:      73         1 -204.6688    2.1098   11.9154
DIM:ROT:      73         2 -204.9173    0.3818    1.7083
DIM:ROT:      73         3 -204.9467    0.0743    0.4336
DIM:ROT:      74         1 -212.9835    0.8212    4.2640
DIM:ROT:      74         2 -212.9895    0.1654    0.8558
DIM:ROT:      74         3 -213.0043    0.0431    0.2243
DIM:ROT:      75         1 -205.7529    0.9098    5.2907
DIM:ROT:      75         2 -205.8670    0.1311    0.6101
DIM:ROT:      75         3 -205.8783    0.0266    0.1499
DIM:ROT:      76         1 -198.0282    0.7525    4.2177
DIM:ROT:      76         2 -198.1160    0.1156    0.5008
DIM:ROT:      76         3 -198.1256    0.0223    0.1263
DIM:ROT:      77         1 -205.6499    0.7531    4.1334
DIM:ROT:      77         2 -205.6496    0.1423    0.6721
DIM:ROT:      77         3 -205.6608    0.0341    0.1862
DIM:ROT:      78         1 -194.4758    1.2312    6.8700
DIM:ROT:      78         2 -194.6123    0.2197    0.9626
DIM:ROT:      78         3 -194.6306    0.0465    0.2570
DIM:ROT:      79         1 -192.2814    0.5121    2.7761
DIM:ROT:      79         2 -192.3331    0.1114    0.4834
DIM:ROT:      79         3 -192.3407    0.0243    0.1343
DIM:ROT:      80         1 -200.5469    0.6086    3.1088
DIM:ROT:      80         2 -200.5468    0.1281    0.6104
DIM:ROT:      80         3 -200.5584    0.0326    0.1679
DIM:ROT:      81         1 -187.8188    1.3633    7.3425
DIM:ROT:      81         2 -187.9693    0.2516    1.0647
DIM:ROT:      81         3 -187.9900    0.0526    0.2876
DIM:ROT:      82         1 -181.2134    0.6901    3.2006
DIM:ROT:      82         2 -181.2743    0.1507    0.6697
DIM:ROT:      82         3 -181.2840    0.0372    0.1823
DIM:ROT:      83         1 -188.9449    0.6166    3.2070
DIM:ROT:      83         2 -188.9451    0.1228    0.5361
DIM:ROT:      83         3 -188.9547    0.0298    0.1565
DIM:ROT:      84         1 -183.9512    0.8872    4.8924
DIM:ROT:      84         2 -184.0515    0.1416    0.6093
DIM:ROT:      84         3 -184.0633    0.0330    0.1717
DIM:ROT:      85         1 -170.8224    1.2614    6.3690
DIM:ROT:      85         2 -170.9557    0.2579    1.0073
DIM:ROT:      85         3 -170.9763    0.0560    0.2914
DIM:ROT:      86         1 -179.4211    0.9574    4.8518
DIM:ROT:      86         2 -179.4195    0.2023    0.8750
DIM:ROT:      86         3 -179.4354    0.0542    0.2710
DIM:ROT:      87         1 -178.3109    0.5621    2.8803
DIM:ROT:      87         2 -178.3768    0.1388    0.5462
DIM:ROT:      87         3 -178.3851    0.0307    0.1649
DIM:ROT:      88         1 -163.2044    1.4668    7.1211
DIM:ROT:      88         2 -163.3609    0.3312    1.2380
DIM:ROT:      88         3 -163.3865    0.0756    0.3799
DIM:ROT:      89         1 -168.7132    1.1513    5.9947
DIM:ROT:      89         2 -168.7258    0.2334    0.9720
DIM:ROT:      89         3 -168.7402    0.0671    0.3283
DIM:ROT:      90         1 -169.1008    0.7253    2.3070
DIM:ROT:      90         2 -169.1491    0.0748    0.3391
DIM:ROT:      90         3 -169.1535    0.0170    0.0687
DIM:ROT:      91         1 -154.5249    1.6767    8.1792
DIM:ROT:      91         2 -154.7064    0.3833    1.3871
DIM:ROT:      91         3 -154.7347    0.0951    0.4693
DIM:ROT:      92         1 -156.0439    0.5868    2.7358
DIM:ROT:      92         2 -156.0651    0.1796    0.7044
DIM:ROT:      92         3 -156.0791    0.0566    0.2631
DIM:ROT:      93         1 -161.1193    0.6023    2.7707
DIM:ROT:      93         2 -161.1190    0.1478    0.5768
DIM:ROT:      93         3 -161.1313    0.0421    0.1967
DIM:ROT:      94         1 -154.0553    0.8575    3.9985
DIM:ROT:      94         2 -154.1402    0.2459    0.9085
DIM:ROT:      94         3 -154.1567    0.0665    0.3205
DIM:ROT:      95         1 -149.9152    0.8685    3.3106
DIM:ROT:      95         2 -149.9734    0.2535    1.1425
DIM:ROT:      95         3 -149.9964    0.1002    0.3833
DIM:ROT:      96         1 -160.0466    1.5935    7.6819
DIM:ROT:      96         2 -160.0402    0.3774    1.5230
DIM:ROT:      96         3 -160.0672    0.1157    0.5429
DIM:ROT:      97         1 -160.3039    0.8850    3.4500
DIM:ROT:      97         2 -160.3906    0.2629    1.2132
DIM:ROT:      97         3 -160.4003    0.0942    0.3895
DIM:ROT:      98         1 -150.8465    1.1710    4.6353
DIM:ROT:      98         2 -150.9479    0.3352    1.2853
DIM:ROT:      98         3 -150.9641    0.0979    0.4243
DIM:ROT:      99         1 -153.5134    1.2965    6.3115
DIM:ROT:      99         2 -153.5428    0.3854    1.4510
DIM:ROT:      99         3 -153.5683    0.1191    0.5658
DIM:ROT:     100         1 -159.6702    0.9422    3.6075
DIM:ROT:     100         2 -159.6745    0.2347    1.0436
DIM:ROT:     100         3 -159.6967    0.0798    0.3213
DIM:ROT:     101         1 -154.9699    0.9293    4.7050
DIM:ROT:     101         2 -155.0678    0.2275    0.8446
DIM:ROT:     101         3 -155.0806    0.0615    0.2995
DIM:ROT:     102         1 -150.4728    0.5244    1.9204
DIM:ROT:     102         2 -150.5048    0.1352    0.5502
DIM:ROT:     102         3 -150.5111    0.0419    0.1700
DIM:ROT:     103         1 -152.3200    0.5827    2.7266
DIM:ROT:     103         2 -152.3277    0.1857    0.7337
DIM:ROT:     103         3 -152.3408    0.0619    0.2804
DIM:ROT:     104         1 -152.1208    0.4026    2.0093
DIM:ROT:     104         2 -152.1637    0.1178    0.4190
DIM:ROT:     104         3 -152.1691    0.0313    0.1556
DIM:ROT:     105         1 -148.1696    0.5251    2.1053
DIM:ROT:     105         2 -148.2074    0.1439    0.5067
DIM:ROT:     105         3 -148.2137    0.0367    0.1552
DIM:ROT:     106         1 -149.3568    0.5435    2.8131
DIM:ROT:     106         2 -149.3671    0.1261    0.4776
DIM:ROT:     106         3 -149.3722    0.0379    0.1736
DIM:ROT:     107         1 -150.4124    0.1919    0.6414
DIM:ROT:     107         2 -150.4216    0.0362    0.1277
DIM:ROT:     107         3 -150.4231    0.0083    0.0326
DIM:ROT:     108         1 -147.7818    0.4302    2.0919
DIM:ROT:     108         2 -147.8224    0.1006    0.3731
DIM:ROT:     108         3 -147.8272    0.0281    0.1342
DIM:ROT:     109         1 -146.4746    0.1571    0.7269
DIM:ROT:     109         2 -146.4829    0.0553    0.2165
DIM:ROT:     109         3 -146.4867    0.0183    0.0813
DIM:ROT:     110         1 -147.8496    0.3342    1.6590
DIM:ROT:     110         2 -147.8550    0.0921    0.3424
DIM:ROT:     110         3 -147.8599    0.0283    0.1318
DIM:ROT:     111         1 -147.3170    0.2833    1.3970
DIM:ROT:     111         2 -147.3462    0.0796    0.2830
DIM:ROT:     111         3 -147.3497    0.0220    0.1066
DIM:ROT:     112         1 -144.2165    0.4475    1.9136
DIM:ROT:     112         2 -144.2521    0.1248    0.4428
DIM:ROT:     112         3 -144.2580    0.0340    0.1574
DIM:ROT:     113         1 -144.1236    0.4091    1.9621
DIM:ROT:     113         2 -144.1384    0.1496    0.5302
DIM:ROT:     113         3 -144.1476    0.0461    0.2167
DIM:ROT:     114         1 -145.7471    0.2460    0.7771
DIM:ROT:     114         2 -145.7506    0.0473    0.2043
DIM:ROT:     114         3 -145.7545    0.0153    0.0563
DIM:ROT:     115         1 -144.4406    0.3742    1.7881
DIM:ROT:     115         2 -144.4779    0.1072    0.3817
DIM:ROT:     115         3 -144.4828    0.0308    0.1466
DIM:ROT:     116         1 -142.8139    0.2338    0.9586
DIM:ROT:     116         2 -142.8267    0.0762    0.3221
DIM:ROT:     116         3 -142.8324    0.0301    0.1197
DIM:ROT:     117         1 -143.6616    0.3981    1.9369
DIM:ROT:     117         2 -143.6709    0.1105    0.4024
DIM:ROT:     117         3 -143.6764    0.0353    0.1622
DIM:ROT:     118         1 -143.9960    0.1881    0.9324
DIM:ROT:     118         2 -144.0169    0.0641    0.2166
DIM:ROT:     118         3 -144.0192    0.0172    0.0845
DIM:ROT:     119         1 -142.6608    0.2371    1.1039
DIM:ROT:     119         2 -142.6828    0.0649    0.2323
DIM:ROT:     119         3 -142.6858    0.0189    0.0891
DIM:ROT:     120         1 -142.5131    0.1894    0.9647
DIM:ROT:     120         2 -142.5202    0.0458    0.1669
DIM:ROT:     120         3 -142.5222    0.0144    0.0643
DIM:ROT:     121         1 -143.5067    0.1482    0.6779
DIM:ROT:     121         2 -143.5075    0.0344    0.1310
DIM:ROT:     121         3 -143.5096    0.0112    0.0500
DIM:ROT:     122         1 -143.3702    0.1289    0.6743
DIM:ROT:     122         2 -143.3847    0.0268    0.0998
DIM:ROT:     123         1 -142.6490    0.0898    0.3876
DIM:ROT:     123         2 -142.6559    0.0243    0.0896
DIM:ROT:     124         1 -142.7459    0.1314    0.6662
DIM:ROT:     124         2 -142.7495    0.0270    0.1047
DIM:ROT:     124         3 -142.7504    0.0090    0.0385
DIM:ROT:     125         1 -143.0601    0.0317    0.1245
DIM:ROT:     125         2 -143.0614    0.0085    0.0373
DIM:ROT:     126         1 -142.7071    0.1063    0.5388
DIM:ROT:     126         2 -142.7184    0.0230    0.0866
DIM:ROT:     127         1 -142.4096    0.0316    0.1421
DIM:ROT:     127         2 -142.4113    0.0099    0.0401
DIM:ROT:     128         1 -142.7476    0.0900    0.4482
DIM:ROT:     128         2 -142.7491    0.0181    0.0726
DIM:ROT:     129         1 -142.7905    0.0437    0.2235
DIM:ROT:     129         2 -142.7955    0.0101    0.0370
DIM:ROT:     130         1 -142.2133    0.0948    0.4550
DIM:ROT:     130         2 -142.2222    0.0222    0.0828
DIM:ROT:     131         1 -141.9286    0.0467    0.2437
DIM:ROT:     131         2 -141.9310    0.0123    0.0434
DIM:ROT:     132         1 -142.2073    0.0672    0.3286
DIM:ROT:     132         2 -142.2082    0.0160    0.0619
DIM:ROT:     133         1 -142.0722    0.0614    0.3112
DIM:ROT:     133         2 -142.0788    0.0126    0.0479
DIM:ROT:     134         1 -141.7100    0.0483    0.2161
DIM:ROT:     134         2 -141.7140    0.0125    0.0459
DIM:ROT:     135         1 -141.6932    0.0348    0.1807
DIM:ROT:     135         2 -141.6944    0.0065    0.0256
DIM:ROT:     136         1 -141.8880    0.0230    0.0997
