      Step     Time          Energy          fmax
BFGS:    0 22:13:25   -49578.870011        1.481957
BFGS:    1 22:13:25   -49578.927925        0.926050
BFGS:    2 22:13:25   -49578.958460        0.514137
BFGS:    3 22:13:25   -49578.968203        0.457982
BFGS:    4 22:13:25   -49578.994112        0.476508
BFGS:    5 22:13:25   -49579.005579        0.389422
BFGS:    6 22:13:25   -49579.017968        0.248202
BFGS:    7 22:13:25   -49579.026965        0.293373
BFGS:    8 22:13:25   -49579.043724        0.428007
BFGS:    9 22:13:25   -49579.124336        1.761712
BFGS:   10 22:13:25   -49579.436698        2.300656
BFGS:   11 22:13:25   -49579.551449        3.196779
BFGS:   12 22:13:25   -49579.578463        3.108853
BFGS:   13 22:13:25   -49579.597656        3.220046
BFGS:   14 22:13:25   -49579.637453        3.447561
BFGS:   15 22:13:25   -49579.660059        3.342568
BFGS:   16 22:13:25   -49579.714330        3.032530
BFGS:   17 22:13:25   -49579.756785        2.754444
BFGS:   18 22:13:25   -49579.838038        2.049959
BFGS:   19 22:13:25   -49579.935873        1.860159
BFGS:   20 22:13:25   -49580.036936        1.613103
BFGS:   21 22:13:25   -49580.123580        1.182467
BFGS:   22 22:13:25   -49580.229582        0.999715
BFGS:   23 22:13:25   -49580.297936        0.941515
BFGS:   24 22:13:25   -49580.353493        0.778259
BFGS:   25 22:13:25   -49580.406336        0.735794
BFGS:   26 22:13:25   -49580.460666        0.680595
BFGS:   27 22:13:25   -49580.510440        0.624671
BFGS:   28 22:13:25   -49580.547210        1.075723
BFGS:   29 22:13:25   -49580.575237        1.007339
BFGS:   30 22:13:26   -49580.608238        1.131626
BFGS:   31 22:13:26   -49580.644647        0.938538
BFGS:   32 22:13:26   -49580.686184        0.700226
BFGS:   33 22:13:26   -49580.726038        0.452511
BFGS:   34 22:13:26   -49580.766732        0.440104
BFGS:   35 22:13:26   -49580.803465        0.480363
BFGS:   36 22:13:26   -49580.835935        0.393596
BFGS:   37 22:13:26   -49580.858928        0.438922
BFGS:   38 22:13:26   -49580.881136        0.412672
BFGS:   39 22:13:26   -49580.899791        0.380510
BFGS:   40 22:13:26   -49580.916485        0.266152
BFGS:   41 22:13:26   -49580.928674        0.228851
BFGS:   42 22:13:26   -49580.939670        0.213586
BFGS:   43 22:13:26   -49580.947945        0.161736
BFGS:   44 22:13:26   -49580.954217        0.144602
BFGS:   45 22:13:26   -49580.958730        0.145680
BFGS:   46 22:13:26   -49580.963348        0.153838
BFGS:   47 22:13:26   -49580.968184        0.179762
BFGS:   48 22:13:26   -49580.973925        0.145095
BFGS:   49 22:13:26   -49580.980052        0.170566
BFGS:   50 22:13:26   -49580.986620        0.193891
BFGS:   51 22:13:26   -49580.993136        0.168456
BFGS:   52 22:13:26   -49580.999133        0.164920
BFGS:   53 22:13:26   -49581.003963        0.156286
BFGS:   54 22:13:26   -49581.008131        0.157837
BFGS:   55 22:13:26   -49581.012602        0.162706
BFGS:   56 22:13:26   -49581.018077        0.151763
BFGS:   57 22:13:26   -49581.023741        0.156681
BFGS:   58 22:13:26   -49581.028080        0.119405
BFGS:   59 22:13:26   -49581.031082        0.108196
BFGS:   60 22:13:26   -49581.033808        0.107020
BFGS:   61 22:13:26   -49581.036714        0.132229
BFGS:   62 22:13:26   -49581.039813        0.170318
BFGS:   63 22:13:26   -49581.043026        0.153019
BFGS:   64 22:13:26   -49581.046501        0.149709
BFGS:   65 22:13:26   -49581.050492        0.110421
BFGS:   66 22:13:26   -49581.054660        0.127234
BFGS:   67 22:13:26   -49581.058506        0.107308
BFGS:   68 22:13:26   -49581.061532        0.098721
BFGS:   69 22:13:26   -49581.064124        0.108413
BFGS:   70 22:13:27   -49581.066587        0.106122
BFGS:   71 22:13:27   -49581.069142        0.115096
BFGS:   72 22:13:27   -49581.071372        0.088674
BFGS:   73 22:13:27   -49581.073045        0.090101
BFGS:   74 22:13:27   -49581.074184        0.081788
BFGS:   75 22:13:27   -49581.075125        0.085781
BFGS:   76 22:13:27   -49581.076173        0.103159
BFGS:   77 22:13:27   -49581.077606        0.103931
BFGS:   78 22:13:27   -49581.079216        0.076453
BFGS:   79 22:13:27   -49581.080815        0.099619
BFGS:   80 22:13:27   -49581.082310        0.086104
BFGS:   81 22:13:27   -49581.083622        0.063200
BFGS:   82 22:13:27   -49581.084672        0.065603
BFGS:   83 22:13:27   -49581.085362        0.064669
BFGS:   84 22:13:27   -49581.085934        0.071216
BFGS:   85 22:13:27   -49581.086488        0.063967
BFGS:   86 22:13:27   -49581.087012        0.047637
BFGS:   87 22:13:27   -49581.087411        0.039474
BFGS:   88 22:13:27   -49581.087770        0.037792
BFGS:   89 22:13:27   -49581.088169        0.040876
BFGS:   90 22:13:27   -49581.088720        0.053910
BFGS:   91 22:13:27   -49581.089419        0.064613
BFGS:   92 22:13:27   -49581.090323        0.068062
BFGS:   93 22:13:27   -49581.091432        0.070425
BFGS:   94 22:13:27   -49581.092810        0.078822
BFGS:   95 22:13:27   -49581.094379        0.078421
BFGS:   96 22:13:27   -49581.095872        0.073785
BFGS:   97 22:13:27   -49581.096795        0.061492
BFGS:   98 22:13:27   -49581.097394        0.051591
BFGS:   99 22:13:27   -49581.097881        0.039258
BFGS:  100 22:13:27   -49581.098454        0.037503
BFGS:  101 22:13:27   -49581.098758        0.038925
BFGS:  102 22:13:27   -49581.099177        0.033018
BFGS:  103 22:13:27   -49581.099544        0.036643
BFGS:  104 22:13:27   -49581.099995        0.042756
BFGS:  105 22:13:27   -49581.100488        0.044680
BFGS:  106 22:13:27   -49581.101003        0.043407
BFGS:  107 22:13:28   -49581.101503        0.038820
BFGS:  108 22:13:28   -49581.102022        0.055850
BFGS:  109 22:13:28   -49581.102616        0.066484
BFGS:  110 22:13:28   -49581.103361        0.069785
BFGS:  111 22:13:28   -49581.104194        0.062722
BFGS:  112 22:13:28   -49581.104935        0.049740
BFGS:  113 22:13:28   -49581.105559        0.051101
BFGS:  114 22:13:28   -49581.106184        0.048925
BFGS:  115 22:13:28   -49581.106950        0.053582
BFGS:  116 22:13:28   -49581.107788        0.062367
BFGS:  117 22:13:28   -49581.108553        0.076836
BFGS:  118 22:13:28   -49581.109268        0.101284
BFGS:  119 22:13:28   -49581.110179        0.116700
BFGS:  120 22:13:28   -49581.111354        0.113822
BFGS:  121 22:13:28   -49581.112713        0.100734
BFGS:  122 22:13:28   -49581.113915        0.074027
BFGS:  123 22:13:28   -49581.114628        0.078053
BFGS:  124 22:13:28   -49581.115346        0.087158
BFGS:  125 22:13:28   -49581.115778        0.107274
BFGS:  126 22:13:28   -49581.116586        0.051999
BFGS:  127 22:13:28   -49581.117259        0.060741
BFGS:  128 22:13:28   -49581.117925        0.065945
BFGS:  129 22:13:28   -49581.118430        0.069385
BFGS:  130 22:13:28   -49581.118864        0.054280
BFGS:  131 22:13:28   -49581.119280        0.043232
BFGS:  132 22:13:28   -49581.119631        0.037682
BFGS:  133 22:13:28   -49581.119966        0.039331
BFGS:  134 22:13:28   -49581.120278        0.046182
BFGS:  135 22:13:28   -49581.120570        0.038067
BFGS:  136 22:13:28   -49581.120812        0.034112
BFGS:  137 22:13:28   -49581.121024        0.032616
BFGS:  138 22:13:28   -49581.121210        0.027378
BFGS:  139 22:13:28   -49581.121363        0.032696
BFGS:  140 22:13:28   -49581.121499        0.024435
BFGS:  141 22:13:28   -49581.121614        0.027144
BFGS:  142 22:13:28   -49581.121779        0.037448
BFGS:  143 22:13:28   -49581.121988        0.049061
BFGS:  144 22:13:28   -49581.122242        0.046528
BFGS:  145 22:13:28   -49581.122511        0.033381
BFGS:  146 22:13:28   -49581.122788        0.037018
BFGS:  147 22:13:29   -49581.123066        0.038838
BFGS:  148 22:13:29   -49581.123330        0.040230
BFGS:  149 22:13:29   -49581.123584        0.031663
BFGS:  150 22:13:29   -49581.123770        0.022872
BFGS:  151 22:13:29   -49581.123939        0.025913
BFGS:  152 22:13:29   -49581.124148        0.046324
BFGS:  153 22:13:29   -49581.124496        0.057624
BFGS:  154 22:13:29   -49581.124908        0.056123
BFGS:  155 22:13:29   -49581.125296        0.033216
BFGS:  156 22:13:29   -49581.125555        0.027815
BFGS:  157 22:13:29   -49581.125790        0.033721
BFGS:  158 22:13:29   -49581.126004        0.029117
BFGS:  159 22:13:29   -49581.126283        0.039099
BFGS:  160 22:13:29   -49581.126599        0.045808
BFGS:  161 22:13:29   -49581.127073        0.086454
BFGS:  162 22:13:29   -49581.127855        0.074028
BFGS:  163 22:13:29   -49581.128884        0.090042
BFGS:  164 22:13:29   -49581.129900        0.089594
BFGS:  165 22:13:29   -49581.130621        0.061007
BFGS:  166 22:13:29   -49581.131518        0.061006
BFGS:  167 22:13:29   -49581.132518        0.061561
BFGS:  168 22:13:29   -49581.134221        0.079565
BFGS:  169 22:13:29   -49581.135258        0.078547
BFGS:  170 22:13:29   -49581.136005        0.051626
BFGS:  171 22:13:29   -49581.136722        0.064611
BFGS:  172 22:13:29   -49581.137429        0.066284
BFGS:  173 22:13:29   -49581.138217        0.048761
BFGS:  174 22:13:29   -49581.138680        0.042704
BFGS:  175 22:13:29   -49581.139139        0.046339
BFGS:  176 22:13:29   -49581.139672        0.038432
BFGS:  177 22:13:29   -49581.140222        0.066933
BFGS:  178 22:13:29   -49581.140736        0.067562
BFGS:  179 22:13:29   -49581.141369        0.078298
BFGS:  180 22:13:29   -49581.142395        0.117828
BFGS:  181 22:13:29   -49581.143282        0.110095
BFGS:  182 22:13:29   -49581.144126        0.107348
BFGS:  183 22:13:29   -49581.144803        0.097227
BFGS:  184 22:13:30   -49581.145411        0.062935
BFGS:  185 22:13:30   -49581.145977        0.075981
BFGS:  186 22:13:30   -49581.146586        0.059479
BFGS:  187 22:13:30   -49581.147273        0.052259
BFGS:  188 22:13:30   -49581.147440        0.053073
BFGS:  189 22:13:30   -49581.147590        0.053242
BFGS:  190 22:13:30   -49581.147684        0.055934
BFGS:  191 22:13:30   -49581.147804        0.054765
BFGS:  192 22:13:30   -49581.147917        0.052222
BFGS:  193 22:13:30   -49581.148008        0.046080
BFGS:  194 22:13:30   -49581.148083        0.041876
BFGS:  195 22:13:30   -49581.148138        0.039085
BFGS:  196 22:13:30   -49581.148217        0.041085
BFGS:  197 22:13:30   -49581.148281        0.044050
BFGS:  198 22:13:30   -49581.148375        0.048778
BFGS:  199 22:13:30   -49581.148540        0.053371
BFGS:  200 22:13:30   -49581.148757        0.055975
BFGS:  201 22:13:30   -49581.148934        0.055035
BFGS:  202 22:13:30   -49581.149059        0.050514
BFGS:  203 22:13:30   -49581.149119        0.048118
BFGS:  204 22:13:30   -49581.149200        0.044939
BFGS:  205 22:13:30   -49581.149339        0.041059
BFGS:  206 22:13:30   -49581.149519        0.037088
BFGS:  207 22:13:30   -49581.149720        0.036781
BFGS:  208 22:13:30   -49581.149876        0.037310
BFGS:  209 22:13:30   -49581.149994        0.034600
BFGS:  210 22:13:30   -49581.150066        0.037574
BFGS:  211 22:13:30   -49581.150122        0.039441
BFGS:  212 22:13:30   -49581.150190        0.044554
BFGS:  213 22:13:30   -49581.150279        0.045023
BFGS:  214 22:13:30   -49581.150390        0.047983
BFGS:  215 22:13:30   -49581.150516        0.043420
BFGS:  216 22:13:30   -49581.150636        0.039423
BFGS:  217 22:13:30   -49581.150763        0.032783
BFGS:  218 22:13:30   -49581.150938        0.036523
BFGS:  219 22:13:30   -49581.151160        0.044764
BFGS:  220 22:13:30   -49581.151450        0.051251
BFGS:  221 22:13:30   -49581.151779        0.047074
BFGS:  222 22:13:30   -49581.152098        0.054207
BFGS:  223 22:13:30   -49581.152409        0.066496
BFGS:  224 22:13:31   -49581.152647        0.064991
BFGS:  225 22:13:31   -49581.152822        0.060632
BFGS:  226 22:13:31   -49581.152957        0.047483
BFGS:  227 22:13:31   -49581.153106        0.041215
BFGS:  228 22:13:31   -49581.153268        0.035803
BFGS:  229 22:13:31   -49581.153447        0.041576
BFGS:  230 22:13:31   -49581.153620        0.038515
BFGS:  231 22:13:31   -49581.153809        0.038573
BFGS:  232 22:13:31   -49581.154011        0.036071
BFGS:  233 22:13:31   -49581.154268        0.043585
BFGS:  234 22:13:31   -49581.154529        0.049424
BFGS:  235 22:13:31   -49581.154759        0.037135
BFGS:  236 22:13:31   -49581.154942        0.027608
BFGS:  237 22:13:31   -49581.155051        0.022270
BFGS:  238 22:13:31   -49581.155137        0.026822
BFGS:  239 22:13:31   -49581.155229        0.031197
BFGS:  240 22:13:31   -49581.155355        0.023816
BFGS:  241 22:13:31   -49581.155470        0.024423
BFGS:  242 22:13:31   -49581.155564        0.024248
BFGS:  243 22:13:31   -49581.155636        0.020985
BFGS:  244 22:13:31   -49581.155695        0.017212
BFGS:  245 22:13:31   -49581.155765        0.017618
BFGS:  246 22:13:31   -49581.155825        0.016975
BFGS:  247 22:13:31   -49581.155884        0.016813
BFGS:  248 22:13:31   -49581.155953        0.026535
BFGS:  249 22:13:31   -49581.156013        0.024654
BFGS:  250 22:13:31   -49581.156068        0.025727
BFGS:  251 22:13:31   -49581.156117        0.018515
BFGS:  252 22:13:31   -49581.156166        0.013907
BFGS:  253 22:13:31   -49581.156221        0.017665
BFGS:  254 22:13:31   -49581.156314        0.023430
BFGS:  255 22:13:31   -49581.156412        0.029147
BFGS:  256 22:13:31   -49581.156514        0.030771
BFGS:  257 22:13:31   -49581.156601        0.024429
BFGS:  258 22:13:31   -49581.156703        0.029997
BFGS:  259 22:13:31   -49581.156793        0.023302
BFGS:  260 22:13:31   -49581.156897        0.027517
BFGS:  261 22:13:31   -49581.156968        0.016202
BFGS:  262 22:13:31   -49581.157019        0.013331
BFGS:  263 22:13:31   -49581.157049        0.010697
BFGS:  264 22:13:31   -49581.157096        0.015466
BFGS:  265 22:13:32   -49581.157148        0.017081
BFGS:  266 22:13:32   -49581.157230        0.018656
BFGS:  267 22:13:32   -49581.157359        0.026241
BFGS:  268 22:13:32   -49581.157509        0.033625
BFGS:  269 22:13:32   -49581.157652        0.032734
BFGS:  270 22:13:32   -49581.157789        0.034556
BFGS:  271 22:13:32   -49581.157901        0.038700
BFGS:  272 22:13:32   -49581.158004        0.022954
BFGS:  273 22:13:32   -49581.158098        0.023209
BFGS:  274 22:13:32   -49581.158164        0.017758
BFGS:  275 22:13:32   -49581.158219        0.024826
BFGS:  276 22:13:32   -49581.158266        0.022503
BFGS:  277 22:13:32   -49581.158299        0.013957
BFGS:  278 22:13:32   -49581.158324        0.010423
BFGS:  279 22:13:32   -49581.158351        0.012231
BFGS:  280 22:13:32   -49581.158385        0.015200
BFGS:  281 22:13:32   -49581.158441        0.017247
BFGS:  282 22:13:32   -49581.158503        0.018130
BFGS:  283 22:13:32   -49581.158587        0.024113
BFGS:  284 22:13:32   -49581.158632        0.024877
BFGS:  285 22:13:32   -49581.158696        0.055343
BFGS:  286 22:13:32   -49581.158751        0.019696
BFGS:  287 22:13:32   -49581.158827        0.022620
BFGS:  288 22:13:32   -49581.158920        0.031348
BFGS:  289 22:13:32   -49581.159031        0.032205
BFGS:  290 22:13:32   -49581.159085        0.013936
BFGS:  291 22:13:32   -49581.159129        0.024074
BFGS:  292 22:13:32   -49581.159151        0.018725
BFGS:  293 22:13:32   -49581.159175        0.019790
BFGS:  294 22:13:32   -49581.159198        0.016680
BFGS:  295 22:13:32   -49581.159236        0.018425
BFGS:  296 22:13:32   -49581.159254        0.018588
BFGS:  297 22:13:32   -49581.159282        0.015903
BFGS:  298 22:13:32   -49581.159305        0.012678
BFGS:  299 22:13:32   -49581.159325        0.011922
BFGS:  300 22:13:32   -49581.159355        0.014727
BFGS:  301 22:13:32   -49581.159373        0.018113
BFGS:  302 22:13:32   -49581.159410        0.015047
BFGS:  303 22:13:32   -49581.159466        0.010805
BFGS:  304 22:13:32   -49581.159525        0.014029
BFGS:  305 22:13:32   -49581.159560        0.014612
BFGS:  306 22:13:33   -49581.159575        0.013534
BFGS:  307 22:13:33   -49581.159598        0.010542
BFGS:  308 22:13:33   -49581.159633        0.009833
BFGS:  309 22:13:33   -49581.159659        0.013195
BFGS:  310 22:13:33   -49581.159693        0.013305
BFGS:  311 22:13:33   -49581.159728        0.016298
BFGS:  312 22:13:33   -49581.159761        0.017489
BFGS:  313 22:13:33   -49581.159805        0.013068
BFGS:  314 22:13:33   -49581.159833        0.010333
BFGS:  315 22:13:33   -49581.159847        0.007107
BFGS:  316 22:13:33   -49581.159856        0.006193
BFGS:  317 22:13:33   -49581.159872        0.006110
BFGS:  318 22:13:33   -49581.159885        0.009177
BFGS:  319 22:13:33   -49581.159916        0.010815
BFGS:  320 22:13:33   -49581.159951        0.012913
BFGS:  321 22:13:33   -49581.159995        0.011880
BFGS:  322 22:13:33   -49581.160040        0.012276
BFGS:  323 22:13:33   -49581.160082        0.012802
BFGS:  324 22:13:33   -49581.160094        0.007629
BFGS:  325 22:13:33   -49581.160107        0.007249
BFGS:  326 22:13:33   -49581.160109        0.006154
BFGS:  327 22:13:33   -49581.160143        0.006832
BFGS:  328 22:13:33   -49581.160144        0.005667
BFGS:  329 22:13:33   -49581.160163        0.006542
BFGS:  330 22:13:33   -49581.160174        0.008058
BFGS:  331 22:13:33   -49581.160193        0.006646
BFGS:  332 22:13:33   -49581.160199        0.007876
BFGS:  333 22:13:33   -49581.160230        0.010984
BFGS:  334 22:13:33   -49581.160274        0.013180
BFGS:  335 22:13:33   -49581.160325        0.011421
BFGS:  336 22:13:33   -49581.160365        0.011233
BFGS:  337 22:13:33   -49581.160366        0.012121
BFGS:  338 22:13:33   -49581.160383        0.009547
BFGS:  339 22:13:33   -49581.160385        0.008325
BFGS:  340 22:13:33   -49581.160402        0.005535
BFGS:  341 22:13:33   -49581.160422        0.004915
