MinModeTranslate: STEP      TIME          ENERGY    MAX-FORCE     STEPSIZE    CURVATURE  ROT-STEPS
MinModeTranslate:    0  16:28:34    -9343.410461       2.9579     --------     4.065411          3
MinModeTranslate:    0  16:28:34    -9343.410461       2.9579     0.100000     4.065411          3
MinModeTranslate:    1  16:28:35    -9342.996958       2.7299     --------     2.153262          3
MinModeTranslate:    1  16:28:35    -9342.996958       2.7299     0.100000     2.153262          3
MinModeTranslate:    2  16:28:35    -9342.597754       5.3740     --------    -2.770075          3
MinModeTranslate:    2  16:28:35    -9342.597754       5.3740     0.100000    -2.770075          3
MinModeTranslate:    3  16:28:35    -9342.448215       6.7291     --------   -15.425836          3
MinModeTranslate:    3  16:28:35    -9342.448215       6.7291     0.100000   -15.425836          3
MinModeTranslate:    4  16:28:35    -9342.149532       5.6435     --------   -26.607496          3
MinModeTranslate:    4  16:28:35    -9342.149532       5.6435     0.100000   -26.607496          3
MinModeTranslate:    5  16:28:35    -9341.781085       4.2119     --------   -10.386479          3
MinModeTranslate:    5  16:28:35    -9341.781085       4.2119     0.100000   -10.386479          3
MinModeTranslate:    6  16:28:35    -9341.487944       3.5081     --------    -2.069593          3
MinModeTranslate:    6  16:28:35    -9341.487944       3.5081     0.100000    -2.069593          3
MinModeTranslate:    7  16:28:35    -9341.272712       3.1613     --------    -8.609690          3
MinModeTranslate:    7  16:28:35    -9341.272712       3.1613     0.100000    -8.609690          3
MinModeTranslate:    8  16:28:35    -9341.120445       2.9754     --------   -21.479540          3
MinModeTranslate:    8  16:28:35    -9341.120445       2.9754     0.100000   -21.479540          3
MinModeTranslate:    9  16:28:35    -9341.174231       2.4173     --------   -24.281137          3
MinModeTranslate:    9  16:28:35    -9341.174231       2.4173     0.100000   -24.281137          3
MinModeTranslate:   10  16:28:35    -9341.346990       2.2130     --------   -25.308519          3
MinModeTranslate:   10  16:28:35    -9341.346990       2.2130     0.098023   -25.308519          3
MinModeTranslate:   11  16:28:35    -9341.480989       1.6764     --------   -25.698905          3
MinModeTranslate:   11  16:28:35    -9341.480989       1.6764     0.094105   -25.698905          3
MinModeTranslate:   12  16:28:35    -9341.573609       2.1035     --------   -20.830421          3
MinModeTranslate:   12  16:28:35    -9341.573609       2.1035     0.061500   -20.830421          3
MinModeTranslate:   13  16:28:35    -9341.622721       2.1772     --------   -21.934492          3
MinModeTranslate:   13  16:28:35    -9341.622721       2.1772     0.076882   -21.934492          3
MinModeTranslate:   14  16:28:35    -9341.670412       0.9605     --------   -21.918046          3
MinModeTranslate:   14  16:28:35    -9341.670412       0.9605     0.076742   -21.918046          3
MinModeTranslate:   15  16:28:35    -9341.728030       1.0480     --------   -24.788831          3
MinModeTranslate:   15  16:28:35    -9341.728030       1.0480     0.100000   -24.788831          3
MinModeTranslate:   16  16:28:36    -9341.795332       1.2171     --------   -26.050703          3
MinModeTranslate:   16  16:28:36    -9341.795332       1.2171     0.058983   -26.050703          3
MinModeTranslate:   17  16:28:36    -9341.807385       1.1394     --------   -27.576099          3
MinModeTranslate:   17  16:28:36    -9341.807385       1.1394     0.071727   -27.576099          3
MinModeTranslate:   18  16:28:36    -9341.819395       0.4122     --------   -25.359397          3
MinModeTranslate:   18  16:28:36    -9341.819395       0.4122     0.034820   -25.359397          3
MinModeTranslate:   19  16:28:36    -9341.833037       0.3891     --------   -25.040372          3
MinModeTranslate:   19  16:28:36    -9341.833037       0.3891     0.028259   -25.040372          3
MinModeTranslate:   20  16:28:36    -9341.840665       0.4915     --------   -24.984158          3
MinModeTranslate:   20  16:28:36    -9341.840665       0.4915     0.032422   -24.984158          3
MinModeTranslate:   21  16:28:36    -9341.845761       0.3576     --------   -25.793117          3
MinModeTranslate:   21  16:28:36    -9341.845761       0.3576     0.040330   -25.793117          3
MinModeTranslate:   22  16:28:36    -9341.853482       0.2634     --------   -27.253172          3
MinModeTranslate:   22  16:28:36    -9341.853482       0.2634     0.046230   -27.253172          3
MinModeTranslate:   23  16:28:36    -9341.862529       0.4326     --------   -28.220031          3
MinModeTranslate:   23  16:28:36    -9341.862529       0.4326     0.100000   -28.220031          3
MinModeTranslate:   24  16:28:36    -9341.878033       0.6471     --------   -29.955528          3
MinModeTranslate:   24  16:28:36    -9341.878033       0.6471     0.100000   -29.955528          3
MinModeTranslate:   25  16:28:36    -9341.892690       0.5655     --------   -30.756706          3
MinModeTranslate:   25  16:28:36    -9341.892690       0.5655     0.100000   -30.756706          3
MinModeTranslate:   26  16:28:36    -9341.909785       0.3844     --------   -30.276623          3
MinModeTranslate:   26  16:28:36    -9341.909785       0.3844     0.024675   -30.276623          3
MinModeTranslate:   27  16:28:36    -9341.918148       0.3338     --------   -30.322043          3
MinModeTranslate:   27  16:28:36    -9341.918148       0.3338     0.022154   -30.322043          3
MinModeTranslate:   28  16:28:36    -9341.923285       0.3559     --------   -29.876457          3
MinModeTranslate:   28  16:28:36    -9341.923285       0.3559     0.021686   -29.876457          3
MinModeTranslate:   29  16:28:36    -9341.927528       0.2838     --------   -29.428893          3
MinModeTranslate:   29  16:28:36    -9341.927528       0.2838     0.037851   -29.428893          3
MinModeTranslate:   30  16:28:36    -9341.933377       0.2270     --------   -29.035699          3
MinModeTranslate:   30  16:28:37    -9341.933377       0.2270     0.034916   -29.035699          3
MinModeTranslate:   31  16:28:37    -9341.937913       0.3266     --------   -27.920451          3
MinModeTranslate:   31  16:28:37    -9341.937913       0.3266     0.047613   -27.920451          3
MinModeTranslate:   32  16:28:37    -9341.944195       0.4947     --------   -26.016005          3
MinModeTranslate:   32  16:28:37    -9341.944195       0.4947     0.033139   -26.016005          3
MinModeTranslate:   33  16:28:37    -9341.948277       0.2706     --------   -24.979288          3
MinModeTranslate:   33  16:28:37    -9341.948277       0.2706     0.065570   -24.979288          3
MinModeTranslate:   34  16:28:37    -9341.955088       0.2444     --------   -23.974776          3
MinModeTranslate:   34  16:28:37    -9341.955088       0.2444     0.032672   -23.974776          3
MinModeTranslate:   35  16:28:37    -9341.957964       0.2427     --------   -24.582157          3
MinModeTranslate:   35  16:28:37    -9341.957964       0.2427     0.035479   -24.582157          3
MinModeTranslate:   36  16:28:37    -9341.962277       0.3338     --------   -24.646160          3
MinModeTranslate:   36  16:28:37    -9341.962277       0.3338     0.026032   -24.646160          3
MinModeTranslate:   37  16:28:37    -9341.965011       0.3024     --------   -24.703564          3
MinModeTranslate:   37  16:28:37    -9341.965011       0.3024     0.050422   -24.703564          3
MinModeTranslate:   38  16:28:37    -9341.969825       0.2140     --------   -24.751312          3
MinModeTranslate:   38  16:28:37    -9341.969825       0.2140     0.047183   -24.751312          3
MinModeTranslate:   39  16:28:37    -9341.974057       0.2508     --------   -24.526407          3
MinModeTranslate:   39  16:28:37    -9341.974057       0.2508     0.057964   -24.526407          3
MinModeTranslate:   40  16:28:37    -9341.978630       0.4593     --------   -25.477051          3
MinModeTranslate:   40  16:28:37    -9341.978630       0.4593     0.060352   -25.477051          3
MinModeTranslate:   41  16:28:37    -9341.983827       0.2070     --------   -26.515734          3
MinModeTranslate:   41  16:28:37    -9341.983827       0.2070     0.036990   -26.515734          3
MinModeTranslate:   42  16:28:37    -9341.987063       0.2347     --------   -26.539271          3
MinModeTranslate:   42  16:28:37    -9341.987063       0.2347     0.060077   -26.539271          3
MinModeTranslate:   43  16:28:37    -9341.991801       0.1771     --------   -26.889812          3
MinModeTranslate:   43  16:28:37    -9341.991801       0.1771     0.081710   -26.889812          3
MinModeTranslate:   44  16:28:37    -9341.997205       0.3680     --------   -25.984362          3
MinModeTranslate:   44  16:28:37    -9341.997205       0.3680     0.100000   -25.984362          3
MinModeTranslate:   45  16:28:37    -9342.005356       0.3479     --------   -25.821701          3
MinModeTranslate:   45  16:28:38    -9342.005356       0.3479     0.055168   -25.821701          3
MinModeTranslate:   46  16:28:38    -9342.015142       0.3353     --------   -26.448550          3
MinModeTranslate:   46  16:28:38    -9342.015142       0.3353     0.031676   -26.448550          3
MinModeTranslate:   47  16:28:38    -9342.019108       0.2890     --------   -27.042756          3
MinModeTranslate:   47  16:28:38    -9342.019108       0.2890     0.052200   -27.042756          3
MinModeTranslate:   48  16:28:38    -9342.024800       0.3804     --------   -26.848663          3
MinModeTranslate:   48  16:28:38    -9342.024800       0.3804     0.052470   -26.848663          3
MinModeTranslate:   49  16:28:38    -9342.030290       0.2105     --------   -26.500903          3
MinModeTranslate:   49  16:28:38    -9342.030290       0.2105     0.020884   -26.500903          3
MinModeTranslate:   50  16:28:38    -9342.032434       0.2545     --------   -26.462147          3
MinModeTranslate:   50  16:28:38    -9342.032434       0.2545     0.028300   -26.462147          3
MinModeTranslate:   51  16:28:38    -9342.035351       0.2210     --------   -26.266342          3
MinModeTranslate:   51  16:28:38    -9342.035351       0.2210     0.021246   -26.266342          3
MinModeTranslate:   52  16:28:38    -9342.037248       0.1440     --------   -26.618363          3
MinModeTranslate:   52  16:28:38    -9342.037248       0.1440     0.033354   -26.618363          3
MinModeTranslate:   53  16:28:38    -9342.039651       0.1525     --------   -26.899128          3
MinModeTranslate:   53  16:28:38    -9342.039651       0.1525     0.021276   -26.899128          3
MinModeTranslate:   54  16:28:38    -9342.041105       0.1487     --------   -26.888379          3
MinModeTranslate:   54  16:28:38    -9342.041105       0.1487     0.025555   -26.888379          3
MinModeTranslate:   55  16:28:38    -9342.042741       0.2462     --------   -26.994100          3
MinModeTranslate:   55  16:28:38    -9342.042741       0.2462     0.030959   -26.994100          3
MinModeTranslate:   56  16:28:38    -9342.044612       0.1702     --------   -26.545492          3
MinModeTranslate:   56  16:28:38    -9342.044612       0.1702     0.028270   -26.545492          3
MinModeTranslate:   57  16:28:38    -9342.046190       0.1443     --------   -25.855507          3
MinModeTranslate:   57  16:28:38    -9342.046190       0.1443     0.014406   -25.855507          3
MinModeTranslate:   58  16:28:38    -9342.046907       0.1337     --------   -25.819698          3
MinModeTranslate:   58  16:28:39    -9342.046907       0.1337     0.037899   -25.819698          3
MinModeTranslate:   59  16:28:39    -9342.048640       0.2441     --------   -25.820381          3
MinModeTranslate:   59  16:28:39    -9342.048640       0.2441     0.039519   -25.820381          3
MinModeTranslate:   60  16:28:39    -9342.050378       0.2502     --------   -26.225453          3
MinModeTranslate:   60  16:28:39    -9342.050378       0.2502     0.066505   -26.225453          3
MinModeTranslate:   61  16:28:39    -9342.053355       0.2372     --------   -26.981205          3
MinModeTranslate:   61  16:28:39    -9342.053355       0.2372     0.060948   -26.981205          3
MinModeTranslate:   62  16:28:39    -9342.055988       0.2370     --------   -27.721779          3
MinModeTranslate:   62  16:28:39    -9342.055988       0.2370     0.057509   -27.721779          3
MinModeTranslate:   63  16:28:39    -9342.058600       0.1546     --------   -27.060800          3
MinModeTranslate:   63  16:28:39    -9342.058600       0.1546     0.044496   -27.060800          3
MinModeTranslate:   64  16:28:39    -9342.060385       0.1938     --------   -26.995087          3
MinModeTranslate:   64  16:28:39    -9342.060385       0.1938     0.084704   -26.995087          3
MinModeTranslate:   65  16:28:39    -9342.062989       0.2576     --------   -26.416423          3
MinModeTranslate:   65  16:28:39    -9342.062989       0.2576     0.065607   -26.416423          3
MinModeTranslate:   66  16:28:39    -9342.065087       0.2215     --------   -25.840534          3
MinModeTranslate:   66  16:28:39    -9342.065087       0.2215     0.041366   -25.840534          3
MinModeTranslate:   67  16:28:39    -9342.066976       0.1694     --------   -26.214914          3
MinModeTranslate:   67  16:28:39    -9342.066976       0.1694     0.027763   -26.214914          3
MinModeTranslate:   68  16:28:39    -9342.068160       0.1473     --------   -26.361232          3
MinModeTranslate:   68  16:28:39    -9342.068160       0.1473     0.044984   -26.361232          3
MinModeTranslate:   69  16:28:39    -9342.069930       0.1821     --------   -26.652115          3
MinModeTranslate:   69  16:28:39    -9342.069930       0.1821     0.045634   -26.652115          3
MinModeTranslate:   70  16:28:39    -9342.071653       0.1427     --------   -26.849508          3
MinModeTranslate:   70  16:28:39    -9342.071653       0.1427     0.054578   -26.849508          3
MinModeTranslate:   71  16:28:39    -9342.073822       0.1470     --------   -26.466031          3
MinModeTranslate:   71  16:28:39    -9342.073822       0.1470     0.030336   -26.466031          3
MinModeTranslate:   72  16:28:40    -9342.075104       0.2018     --------   -25.865101          3
MinModeTranslate:   72  16:28:40    -9342.075104       0.2018     0.049311   -25.865101          3
MinModeTranslate:   73  16:28:40    -9342.076824       0.1708     --------   -25.598080          3
MinModeTranslate:   73  16:28:40    -9342.076824       0.1708     0.073296   -25.598080          3
MinModeTranslate:   74  16:28:40    -9342.079180       0.1684     --------   -25.611848          3
MinModeTranslate:   74  16:28:40    -9342.079180       0.1684     0.079376   -25.611848          3
MinModeTranslate:   75  16:28:40    -9342.081995       0.2210     --------   -25.544326          3
MinModeTranslate:   75  16:28:40    -9342.081995       0.2210     0.041649   -25.544326          3
MinModeTranslate:   76  16:28:40    -9342.084143       0.2329     --------   -26.032275          3
MinModeTranslate:   76  16:28:40    -9342.084143       0.2329     0.036046   -26.032275          3
MinModeTranslate:   77  16:28:40    -9342.085806       0.1879     --------   -26.061947          3
MinModeTranslate:   77  16:28:40    -9342.085806       0.1879     0.053486   -26.061947          3
MinModeTranslate:   78  16:28:40    -9342.088128       0.1164     --------   -25.903411          3
MinModeTranslate:   78  16:28:40    -9342.088128       0.1164     0.013918   -25.903411          3
MinModeTranslate:   79  16:28:40    -9342.088625       0.1079     --------   -26.084377          3
MinModeTranslate:   79  16:28:40    -9342.088625       0.1079     0.020626   -26.084377          3
MinModeTranslate:   80  16:28:40    -9342.089352       0.1209     --------   -25.759873          3
MinModeTranslate:   80  16:28:40    -9342.089352       0.1209     0.023693   -25.759873          3
MinModeTranslate:   81  16:28:40    -9342.090138       0.1441     --------   -25.431096          3
MinModeTranslate:   81  16:28:40    -9342.090138       0.1441     0.026025   -25.431096          3
MinModeTranslate:   82  16:28:40    -9342.090977       0.0691     --------   -25.754831          3
MinModeTranslate:   82  16:28:40    -9342.090977       0.0691     0.010168   -25.754831          3
MinModeTranslate:   83  16:28:40    -9342.091279       0.1045     --------   -25.712779          3
MinModeTranslate:   83  16:28:40    -9342.091279       0.1045     0.013415   -25.712779          3
MinModeTranslate:   84  16:28:40    -9342.091655       0.0772     --------   -25.769477          3
MinModeTranslate:   84  16:28:40    -9342.091655       0.0772     0.009081   -25.769477          3
MinModeTranslate:   85  16:28:40    -9342.091905       0.0397     --------   -25.807164          2
MinModeTranslate:   85  16:28:40    -9342.091905       0.0397     0.005652   -25.807164          2
MinModeTranslate:   86  16:28:41    -9342.092027       0.0411     --------   -25.783167          3
MinModeTranslate:   86  16:28:41    -9342.092027       0.0411     0.003158   -25.783167          3
MinModeTranslate:   87  16:28:41    -9342.092091       0.0368     --------   -25.815448          1
MinModeTranslate:   87  16:28:41    -9342.092091       0.0368     0.002806   -25.815448          1
MinModeTranslate:   88  16:28:41    -9342.092138       0.0335     --------   -25.794059          1
MinModeTranslate:   88  16:28:41    -9342.092138       0.0335     0.004011   -25.794059          1
MinModeTranslate:   89  16:28:41    -9342.092196       0.0270     --------   -25.746915          2
MinModeTranslate:   89  16:28:41    -9342.092196       0.0270     0.004630   -25.746915          2
MinModeTranslate:   90  16:28:41    -9342.092258       0.0274     --------   -25.687226          3
MinModeTranslate:   90  16:28:41    -9342.092258       0.0274     0.001987   -25.687226          3
MinModeTranslate:   91  16:28:41    -9342.092283       0.0235     --------   -25.655873          1
MinModeTranslate:   91  16:28:41    -9342.092283       0.0235     0.004694   -25.655873          1
MinModeTranslate:   92  16:28:41    -9342.092331       0.0316     --------   -25.663969          2
MinModeTranslate:   92  16:28:41    -9342.092331       0.0316     0.005035   -25.663969          2
MinModeTranslate:   93  16:28:41    -9342.092382       0.0195     --------   -25.585010          2
MinModeTranslate:   93  16:28:41    -9342.092382       0.0195     0.002642   -25.585010          2
MinModeTranslate:   94  16:28:41    -9342.092406       0.0240     --------   -25.578764          1
MinModeTranslate:   94  16:28:41    -9342.092406       0.0240     0.003252   -25.578764          1
MinModeTranslate:   95  16:28:41    -9342.092437       0.0242     --------   -25.604173          1
MinModeTranslate:   95  16:28:41    -9342.092437       0.0242     0.004225   -25.604173          1
MinModeTranslate:   96  16:28:41    -9342.092469       0.0218     --------   -25.563690          1
MinModeTranslate:   96  16:28:41    -9342.092469       0.0218     0.003484   -25.563690          1
MinModeTranslate:   97  16:28:41    -9342.092499       0.0146     --------   -25.626324          2
MinModeTranslate:   97  16:28:41    -9342.092499       0.0146     0.001662   -25.626324          2
MinModeTranslate:   98  16:28:41    -9342.092508       0.0200     --------   -25.627450          1
MinModeTranslate:   98  16:28:41    -9342.092508       0.0200     0.002706   -25.627450          1
MinModeTranslate:   99  16:28:41    -9342.092523       0.0199     --------   -25.548626          1
MinModeTranslate:   99  16:28:41    -9342.092523       0.0199     0.002597   -25.548626          1
MinModeTranslate:  100  16:28:41    -9342.092534       0.0133     --------   -25.524278          1
MinModeTranslate:  100  16:28:41    -9342.092534       0.0133     0.002202   -25.524278          1
MinModeTranslate:  101  16:28:41    -9342.092550       0.0200     --------   -25.514434          2
MinModeTranslate:  101  16:28:41    -9342.092550       0.0200     0.003035   -25.514434          2
MinModeTranslate:  102  16:28:41    -9342.092568       0.0181     --------   -25.501281          2
MinModeTranslate:  102  16:28:41    -9342.092568       0.0181     0.003677   -25.501281          2
MinModeTranslate:  103  16:28:42    -9342.092585       0.0194     --------   -25.536667          1
MinModeTranslate:  103  16:28:42    -9342.092585       0.0194     0.008656   -25.536667          1
MinModeTranslate:  104  16:28:42    -9342.092625       0.0250     --------   -25.440029          3
MinModeTranslate:  104  16:28:42    -9342.092625       0.0250     0.005758   -25.440029          3
MinModeTranslate:  105  16:28:42    -9342.092656       0.0342     --------   -25.354931          2
MinModeTranslate:  105  16:28:42    -9342.092656       0.0342     0.003936   -25.354931          2
MinModeTranslate:  106  16:28:42    -9342.092672       0.0164     --------   -25.343603          2
MinModeTranslate:  106  16:28:42    -9342.092672       0.0164     0.005659   -25.343603          2
MinModeTranslate:  107  16:28:42    -9342.092695       0.0198     --------   -25.303780          2
MinModeTranslate:  107  16:28:42    -9342.092695       0.0198     0.004560   -25.303780          2
MinModeTranslate:  108  16:28:42    -9342.092713       0.0151     --------   -25.247669          1
MinModeTranslate:  108  16:28:42    -9342.092713       0.0151     0.002881   -25.247669          1
MinModeTranslate:  109  16:28:42    -9342.092727       0.0184     --------   -25.263297          1
MinModeTranslate:  109  16:28:42    -9342.092727       0.0184     0.003111   -25.263297          1
MinModeTranslate:  110  16:28:42    -9342.092735       0.0133     --------   -25.266111          1
MinModeTranslate:  110  16:28:42    -9342.092735       0.0133     0.004664   -25.266111          1
MinModeTranslate:  111  16:28:42    -9342.092758       0.0115     --------   -25.271856          1
MinModeTranslate:  111  16:28:42    -9342.092758       0.0115     0.002599   -25.271856          1
MinModeTranslate:  112  16:28:42    -9342.092771       0.0129     --------   -25.309004          1
MinModeTranslate:  112  16:28:42    -9342.092771       0.0129     0.001980   -25.309004          1
MinModeTranslate:  113  16:28:42    -9342.092774       0.0150     --------   -25.295219          1
MinModeTranslate:  113  16:28:42    -9342.092774       0.0150     0.002808   -25.295219          1
MinModeTranslate:  114  16:28:42    -9342.092778       0.0091     --------   -25.271186          1
MinModeTranslate:  114  16:28:42    -9342.092778       0.0091     0.001196   -25.271186          1
MinModeTranslate:  115  16:28:42    -9342.092785       0.0072     --------   -25.289276          1
MinModeTranslate:  115  16:28:42    -9342.092785       0.0072     0.001166   -25.289276          1
MinModeTranslate:  116  16:28:42    -9342.092792       0.0097     --------   -25.270805          1
MinModeTranslate:  116  16:28:42    -9342.092792       0.0097     0.000834   -25.270805          1
MinModeTranslate:  117  16:28:42    -9342.092793       0.0059     --------   -25.273889          1
MinModeTranslate:  117  16:28:42    -9342.092793       0.0059     0.000617   -25.273889          1
MinModeTranslate:  118  16:28:42    -9342.092796       0.0049     --------   -25.275511          1
