MinModeTranslate: STEP      TIME          ENERGY    MAX-FORCE     STEPSIZE    CURVATURE  ROT-STEPS
MinModeTranslate:    0  17:25:57   -12457.108973       3.0870     --------     3.149402          3
MinModeTranslate:    0  17:25:57   -12457.108973       3.0870     0.100000     3.149402          3
MinModeTranslate:    1  17:25:57   -12456.641439       2.4075     --------     0.152983          3
MinModeTranslate:    1  17:25:57   -12456.641439       2.4075     0.100000     0.152983          3
MinModeTranslate:    2  17:25:57   -12456.242196       7.2445     --------    -5.559806          3
MinModeTranslate:    2  17:25:57   -12456.242196       7.2445     0.100000    -5.559806          3
MinModeTranslate:    3  17:25:57   -12456.170118       7.7910     --------    -5.178362          3
MinModeTranslate:    3  17:25:57   -12456.170118       7.7910     0.100000    -5.178362          3
MinModeTranslate:    4  17:25:57   -12456.866606       3.2496     --------   -11.679821          3
MinModeTranslate:    4  17:25:57   -12456.866606       3.2496     0.100000   -11.679821          3
MinModeTranslate:    5  17:25:57   -12457.180646       2.0103     --------   -20.493183          3
MinModeTranslate:    5  17:25:57   -12457.180646       2.0103     0.100000   -20.493183          3
MinModeTranslate:    6  17:25:57   -12457.214308       1.6426     --------    -4.974366          3
MinModeTranslate:    6  17:25:57   -12457.214308       1.6426     0.100000    -4.974366          3
MinModeTranslate:    7  17:25:57   -12457.234306       3.0825     --------    -0.812942          3
MinModeTranslate:    7  17:25:57   -12457.234306       3.0825     0.100000    -0.812942          3
MinModeTranslate:    8  17:25:57   -12457.287763       0.5937     --------     0.534768          3
MinModeTranslate:    8  17:25:57   -12457.287763       0.5937     0.100000     0.534768          3
MinModeTranslate:    9  17:25:57   -12457.179964       0.3641     --------     0.794958          3
MinModeTranslate:    9  17:25:57   -12457.179964       0.3641     0.100000     0.794958          3
MinModeTranslate:   10  17:25:57   -12457.113947       2.6438     --------    -0.991886          3
MinModeTranslate:   10  17:25:57   -12457.113947       2.6438     0.100000    -0.991886          3
MinModeTranslate:   11  17:25:57   -12457.097963       1.5393     --------    -2.193872          3
MinModeTranslate:   11  17:25:57   -12457.097963       1.5393     0.063706    -2.193872          3
MinModeTranslate:   12  17:25:57   -12457.172788       1.7177     --------    -1.914943          3
MinModeTranslate:   12  17:25:57   -12457.172788       1.7177     0.100000    -1.914943          3
MinModeTranslate:   13  17:25:57   -12457.289900       1.2786     --------    -0.854384          3
MinModeTranslate:   13  17:25:57   -12457.289900       1.2786     0.068345    -0.854384          3
MinModeTranslate:   14  17:25:58   -12457.320912       0.8805     --------    -0.491230          3
MinModeTranslate:   14  17:25:58   -12457.320912       0.8805     0.100000    -0.491230          3
MinModeTranslate:   15  17:25:58   -12457.329242       0.3881     --------     0.376409          3
MinModeTranslate:   15  17:25:58   -12457.329242       0.3881     0.100000     0.376409          3
MinModeTranslate:   16  17:25:58   -12457.259290       1.4945     --------    -1.357722          3
MinModeTranslate:   16  17:25:58   -12457.259290       1.4945     0.100000    -1.357722          3
MinModeTranslate:   17  17:25:58   -12457.242507       0.6066     --------    -0.676448          3
MinModeTranslate:   17  17:25:58   -12457.242507       0.6066     0.047426    -0.676448          3
MinModeTranslate:   18  17:25:58   -12457.251153       0.7754     --------    -0.622949          3
MinModeTranslate:   18  17:25:58   -12457.251153       0.7754     0.100000    -0.622949          3
MinModeTranslate:   19  17:25:58   -12457.255116       0.7318     --------    -0.679456          3
MinModeTranslate:   19  17:25:58   -12457.255116       0.7318     0.083622    -0.679456          3
MinModeTranslate:   20  17:25:58   -12457.259665       0.9671     --------    -0.838801          3
MinModeTranslate:   20  17:25:58   -12457.259665       0.9671     0.100000    -0.838801          3
MinModeTranslate:   21  17:25:58   -12457.249831       0.9244     --------    -0.450554          3
MinModeTranslate:   21  17:25:58   -12457.249831       0.9244     0.052495    -0.450554          3
MinModeTranslate:   22  17:25:58   -12457.259867       0.7115     --------    -0.467714          3
MinModeTranslate:   22  17:25:58   -12457.259867       0.7115     0.062056    -0.467714          3
MinModeTranslate:   23  17:25:58   -12457.261259       0.8128     --------    -0.563367          3
MinModeTranslate:   23  17:25:58   -12457.261259       0.8128     0.088222    -0.563367          3
MinModeTranslate:   24  17:25:58   -12457.261235       1.1701     --------    -0.614730          3
MinModeTranslate:   24  17:25:58   -12457.261235       1.1701     0.100000    -0.614730          3
MinModeTranslate:   25  17:25:58   -12457.264707       0.6307     --------    -0.759917          3
MinModeTranslate:   25  17:25:58   -12457.264707       0.6307     0.083638    -0.759917          3
MinModeTranslate:   26  17:25:58   -12457.267741       0.7703     --------    -0.713089          3
MinModeTranslate:   26  17:25:58   -12457.267741       0.7703     0.100000    -0.713089          3
MinModeTranslate:   27  17:25:58   -12457.277743       0.6167     --------    -0.639013          3
MinModeTranslate:   27  17:25:59   -12457.277743       0.6167     0.043368    -0.639013          3
MinModeTranslate:   28  17:25:59   -12457.291233       0.7553     --------    -0.590554          3
MinModeTranslate:   28  17:25:59   -12457.291233       0.7553     0.033003    -0.590554          3
MinModeTranslate:   29  17:25:59   -12457.296270       0.3787     --------    -0.467469          3
MinModeTranslate:   29  17:25:59   -12457.296270       0.3787     0.038005    -0.467469          3
MinModeTranslate:   30  17:25:59   -12457.301737       0.5793     --------    -0.334802          3
MinModeTranslate:   30  17:25:59   -12457.301737       0.5793     0.043778    -0.334802          3
MinModeTranslate:   31  17:25:59   -12457.306560       0.4705     --------    -0.260773          3
MinModeTranslate:   31  17:25:59   -12457.306560       0.4705     0.046217    -0.260773          3
MinModeTranslate:   32  17:25:59   -12457.311011       0.4936     --------    -0.172917          3
MinModeTranslate:   32  17:25:59   -12457.311011       0.4936     0.068960    -0.172917          3
MinModeTranslate:   33  17:25:59   -12457.316406       0.4750     --------    -0.023026          3
MinModeTranslate:   33  17:25:59   -12457.316406       0.4750     0.045087    -0.023026          3
MinModeTranslate:   34  17:25:59   -12457.319053       0.0710     --------     0.067527          3
MinModeTranslate:   34  17:25:59   -12457.319053       0.0710     0.100000     0.067527          3
MinModeTranslate:   35  17:25:59   -12457.307240       0.0879     --------     0.378385          3
MinModeTranslate:   35  17:25:59   -12457.307240       0.0879     0.100000     0.378385          3
MinModeTranslate:   36  17:25:59   -12457.291690       0.1099     --------     0.447326          3
MinModeTranslate:   36  17:25:59   -12457.291690       0.1099     0.100000     0.447326          3
MinModeTranslate:   37  17:25:59   -12457.272100       0.1369     --------     0.442621          3
MinModeTranslate:   37  17:25:59   -12457.272100       0.1369     0.100000     0.442621          3
MinModeTranslate:   38  17:25:59   -12457.248334       0.1511     --------     0.345563          3
MinModeTranslate:   38  17:25:59   -12457.248334       0.1511     0.100000     0.345563          3
MinModeTranslate:   39  17:25:59   -12457.222441       0.1641     --------     0.216607          3
MinModeTranslate:   39  17:25:59   -12457.222441       0.1641     0.100000     0.216607          3
MinModeTranslate:   40  17:25:59   -12457.195024       0.1622     --------     0.083600          3
MinModeTranslate:   40  17:25:59   -12457.195024       0.1622     0.100000     0.083600          3
MinModeTranslate:   41  17:25:59   -12457.168330       0.4654     --------    -0.032007          3
MinModeTranslate:   41  17:25:59   -12457.168330       0.4654     0.100000    -0.032007          3
MinModeTranslate:   42  17:25:59   -12457.147449       0.7256     --------    -0.162683          3
MinModeTranslate:   42  17:25:59   -12457.147449       0.7256     0.100000    -0.162683          3
MinModeTranslate:   43  17:26:00   -12457.122539       0.6685     --------    -0.268306          3
MinModeTranslate:   43  17:26:00   -12457.122539       0.6685     0.062132    -0.268306          3
MinModeTranslate:   44  17:26:00   -12457.120417       0.8251     --------    -0.320294          3
MinModeTranslate:   44  17:26:00   -12457.120417       0.8251     0.070907    -0.320294          3
MinModeTranslate:   45  17:26:00   -12457.108396       0.7331     --------    -0.365140          3
MinModeTranslate:   45  17:26:00   -12457.108396       0.7331     0.045635    -0.365140          3
MinModeTranslate:   46  17:26:00   -12457.109148       0.6046     --------    -0.441346          3
MinModeTranslate:   46  17:26:00   -12457.109148       0.6046     0.039165    -0.441346          3
MinModeTranslate:   47  17:26:00   -12457.110383       0.5371     --------    -0.544663          3
MinModeTranslate:   47  17:26:00   -12457.110383       0.5371     0.043795    -0.544663          3
MinModeTranslate:   48  17:26:00   -12457.111903       0.5250     --------    -0.647169          3
MinModeTranslate:   48  17:26:00   -12457.111903       0.5250     0.042029    -0.647169          3
MinModeTranslate:   49  17:26:00   -12457.115647       0.5334     --------    -0.653361          3
MinModeTranslate:   49  17:26:00   -12457.115647       0.5334     0.071646    -0.653361          3
MinModeTranslate:   50  17:26:00   -12457.127705       0.4461     --------    -0.382562          3
MinModeTranslate:   50  17:26:00   -12457.127705       0.4461     0.047143    -0.382562          3
MinModeTranslate:   51  17:26:00   -12457.137032       0.6644     --------    -0.158198          3
MinModeTranslate:   51  17:26:00   -12457.137032       0.6644     0.065912    -0.158198          3
MinModeTranslate:   52  17:26:00   -12457.148796       0.0013     --------     0.065897          3
MinModeTranslate:   52  17:26:00   -12457.148796       0.0013     0.100000     0.065897          3
MinModeTranslate:   53  17:26:00   -12457.148654       0.4147     --------    -0.186908          3
MinModeTranslate:   53  17:26:00   -12457.148654       0.4147     0.040895    -0.186908          3
MinModeTranslate:   54  17:26:00   -12457.148550       0.4096     --------    -0.100706          3
MinModeTranslate:   54  17:26:00   -12457.148550       0.4096     0.013222    -0.100706          3
MinModeTranslate:   55  17:26:00   -12457.154050       0.1751     --------    -0.133813          3
MinModeTranslate:   55  17:26:00   -12457.154050       0.1751     0.016715    -0.133813          3
MinModeTranslate:   56  17:26:00   -12457.157017       0.2692     --------    -0.116630          3
MinModeTranslate:   56  17:26:00   -12457.157017       0.2692     0.092614    -0.116630          3
MinModeTranslate:   57  17:26:01   -12457.171498       0.5997     --------    -0.047784          3
MinModeTranslate:   57  17:26:01   -12457.171498       0.5997     0.077035    -0.047784          3
MinModeTranslate:   58  17:26:01   -12457.183333       0.0100     --------     0.012923          3
MinModeTranslate:   58  17:26:01   -12457.183333       0.0100     0.100000     0.012923          3
MinModeTranslate:   59  17:26:01   -12457.181381       0.0135     --------     0.042641          3
MinModeTranslate:   59  17:26:01   -12457.181381       0.0135     0.100000     0.042641          3
MinModeTranslate:   60  17:26:01   -12457.178718       0.0122     --------     0.050435          3
MinModeTranslate:   60  17:26:01   -12457.178718       0.0122     0.100000     0.050435          3
MinModeTranslate:   61  17:26:01   -12457.176313       0.0146     --------     0.082155          3
MinModeTranslate:   61  17:26:01   -12457.176313       0.0146     0.100000     0.082155          3
MinModeTranslate:   62  17:26:01   -12457.173202       0.0134     --------     0.140021          3
MinModeTranslate:   62  17:26:01   -12457.173202       0.0134     0.100000     0.140021          3
MinModeTranslate:   63  17:26:01   -12457.170064       0.0186     --------     0.195790          3
MinModeTranslate:   63  17:26:01   -12457.170064       0.0186     0.100000     0.195790          3
MinModeTranslate:   64  17:26:01   -12457.165466       0.0201     --------     0.225529          3
MinModeTranslate:   64  17:26:01   -12457.165466       0.0201     0.100000     0.225529          3
MinModeTranslate:   65  17:26:01   -12457.160468       0.0265     --------     0.238434          3
MinModeTranslate:   65  17:26:01   -12457.160468       0.0265     0.100000     0.238434          3
MinModeTranslate:   66  17:26:01   -12457.154060       0.0278     --------     0.250160          3
MinModeTranslate:   66  17:26:01   -12457.154060       0.0278     0.100000     0.250160          3
MinModeTranslate:   67  17:26:01   -12457.147581       0.0343     --------     0.272851          3
MinModeTranslate:   67  17:26:01   -12457.147581       0.0343     0.100000     0.272851          3
MinModeTranslate:   68  17:26:01   -12457.139603       0.0368     --------     0.295453          3
MinModeTranslate:   68  17:26:01   -12457.139603       0.0368     0.100000     0.295453          3
MinModeTranslate:   69  17:26:01   -12457.131143       0.0446     --------     0.317253          3
MinModeTranslate:   69  17:26:01   -12457.131143       0.0446     0.100000     0.317253          3
MinModeTranslate:   70  17:26:01   -12457.120990       0.0483     --------     0.322980          3
MinModeTranslate:   70  17:26:01   -12457.120990       0.0483     0.100000     0.322980          3
MinModeTranslate:   71  17:26:01   -12457.110203       0.0557     --------     0.319243          3
MinModeTranslate:   71  17:26:01   -12457.110203       0.0557     0.100000     0.319243          3
MinModeTranslate:   72  17:26:01   -12457.098038       0.0582     --------     0.305925          3
MinModeTranslate:   72  17:26:01   -12457.098038       0.0582     0.100000     0.305925          3
MinModeTranslate:   73  17:26:01   -12457.085613       0.0638     --------     0.312599          3
MinModeTranslate:   73  17:26:01   -12457.085613       0.0638     0.100000     0.312599          3
MinModeTranslate:   74  17:26:01   -12457.071950       0.0660     --------     0.343061          3
MinModeTranslate:   74  17:26:01   -12457.071950       0.0660     0.100000     0.343061          3
MinModeTranslate:   75  17:26:02   -12457.057716       0.0740     --------     0.393951          3
MinModeTranslate:   75  17:26:02   -12457.057716       0.0740     0.100000     0.393951          3
MinModeTranslate:   76  17:26:02   -12457.041465       0.0801     --------     0.438973          3
MinModeTranslate:   76  17:26:02   -12457.041465       0.0801     0.100000     0.438973          3
MinModeTranslate:   77  17:26:02   -12457.023669       0.0923     --------     0.478424          3
MinModeTranslate:   77  17:26:02   -12457.023669       0.0923     0.100000     0.478424          3
MinModeTranslate:   78  17:26:02   -12457.003175       0.1011     --------     0.502932          3
MinModeTranslate:   78  17:26:02   -12457.003175       0.1011     0.100000     0.502932          3
MinModeTranslate:   79  17:26:02   -12456.980676       0.1151     --------     0.522078          3
MinModeTranslate:   79  17:26:02   -12456.980676       0.1151     0.100000     0.522078          3
MinModeTranslate:   80  17:26:02   -12456.955274       0.1242     --------     0.522797          3
MinModeTranslate:   80  17:26:02   -12456.955274       0.1242     0.100000     0.522797          3
MinModeTranslate:   81  17:26:02   -12456.927903       0.1374     --------     0.513227          3
MinModeTranslate:   81  17:26:02   -12456.927903       0.1374     0.100000     0.513227          3
MinModeTranslate:   82  17:26:02   -12456.897826       0.1449     --------     0.480600          3
MinModeTranslate:   82  17:26:02   -12456.897826       0.1449     0.100000     0.480600          3
MinModeTranslate:   83  17:26:02   -12456.866130       0.1551     --------     0.436479          3
MinModeTranslate:   83  17:26:02   -12456.866130       0.1551     0.100000     0.436479          3
MinModeTranslate:   84  17:26:02   -12456.832328       0.1595     --------     0.359135          3
MinModeTranslate:   84  17:26:02   -12456.832328       0.1595     0.100000     0.359135          3
MinModeTranslate:   85  17:26:02   -12456.797521       0.1641     --------     0.259391          3
MinModeTranslate:   85  17:26:02   -12456.797521       0.1641     0.100000     0.259391          3
MinModeTranslate:   86  17:26:02   -12456.761881       0.1615     --------     0.098069          3
MinModeTranslate:   86  17:26:02   -12456.761881       0.1615     0.100000     0.098069          3
MinModeTranslate:   87  17:26:02   -12456.726907       0.9458     --------    -0.067738          3
MinModeTranslate:   87  17:26:02   -12456.726907       0.9458     0.100000    -0.067738          3
MinModeTranslate:   88  17:26:02   -12456.721538       0.7094     --------    -0.323211          3
MinModeTranslate:   88  17:26:02   -12456.721538       0.7094     0.077946    -0.323211          3
MinModeTranslate:   89  17:26:02   -12456.766712       0.8512     --------    -0.755437          3
MinModeTranslate:   89  17:26:02   -12456.766712       0.8512     0.065648    -0.755437          3
MinModeTranslate:   90  17:26:02   -12456.786330       0.8550     --------    -0.916401          3
MinModeTranslate:   90  17:26:03   -12456.786330       0.8550     0.073217    -0.916401          3
MinModeTranslate:   91  17:26:03   -12456.803285       0.8470     --------    -1.051270          3
MinModeTranslate:   91  17:26:03   -12456.803285       0.8470     0.100000    -1.051270          3
MinModeTranslate:   92  17:26:03   -12456.827476       0.9228     --------    -1.178343          3
MinModeTranslate:   92  17:26:03   -12456.827476       0.9228     0.067270    -1.178343          3
MinModeTranslate:   93  17:26:03   -12456.851175       0.4964     --------    -1.301202          3
MinModeTranslate:   93  17:26:03   -12456.851175       0.4964     0.066442    -1.301202          3
MinModeTranslate:   94  17:26:03   -12456.853007       1.0053     --------    -1.429104          3
MinModeTranslate:   94  17:26:03   -12456.853007       1.0053     0.100000    -1.429104          3
MinModeTranslate:   95  17:26:03   -12456.857112       0.7478     --------    -1.277889          3
MinModeTranslate:   95  17:26:03   -12456.857112       0.7478     0.099428    -1.277889          3
MinModeTranslate:   96  17:26:03   -12456.865329       0.9190     --------    -1.059543          3
MinModeTranslate:   96  17:26:03   -12456.865329       0.9190     0.100000    -1.059543          3
MinModeTranslate:   97  17:26:03   -12456.875832       0.7297     --------    -0.856627          3
MinModeTranslate:   97  17:26:03   -12456.875832       0.7297     0.028312    -0.856627          3
MinModeTranslate:   98  17:26:03   -12456.891814       0.4391     --------    -0.861153          3
MinModeTranslate:   98  17:26:03   -12456.891814       0.4391     0.028770    -0.861153          3
MinModeTranslate:   99  17:26:03   -12456.893626       0.4307     --------    -0.880309          3
MinModeTranslate:   99  17:26:03   -12456.893626       0.4307     0.037293    -0.880309          3
MinModeTranslate:  100  17:26:03   -12456.891095       0.5511     --------    -0.802695          3
MinModeTranslate:  100  17:26:03   -12456.891095       0.5511     0.100000    -0.802695          3
MinModeTranslate:  101  17:26:03   -12456.883935       0.6152     --------    -0.531570          3
MinModeTranslate:  101  17:26:03   -12456.883935       0.6152     0.090664    -0.531570          3
MinModeTranslate:  102  17:26:03   -12456.876191       0.8595     --------    -0.351968          3
MinModeTranslate:  102  17:26:03   -12456.876191       0.8595     0.100000    -0.351968          3
MinModeTranslate:  103  17:26:03   -12456.872999       0.5621     --------    -0.145977          3
MinModeTranslate:  103  17:26:03   -12456.872999       0.5621     0.047812    -0.145977          3
MinModeTranslate:  104  17:26:04   -12456.880553       0.4432     --------    -0.049756          3
MinModeTranslate:  104  17:26:04   -12456.880553       0.4432     0.065330    -0.049756          3
MinModeTranslate:  105  17:26:04   -12456.873840       0.1285     --------     0.016676          3
MinModeTranslate:  105  17:26:04   -12456.873840       0.1285     0.100000     0.016676          3
MinModeTranslate:  106  17:26:04   -12456.848909       0.1343     --------     0.198141          3
MinModeTranslate:  106  17:26:04   -12456.848909       0.1343     0.100000     0.198141          3
MinModeTranslate:  107  17:26:04   -12456.822222       0.1443     --------     0.115394          3
MinModeTranslate:  107  17:26:04   -12456.822222       0.1443     0.100000     0.115394          3
MinModeTranslate:  108  17:26:04   -12456.794428       0.6011     --------    -0.168789          3
MinModeTranslate:  108  17:26:04   -12456.794428       0.6011     0.100000    -0.168789          3
MinModeTranslate:  109  17:26:04   -12456.777192       0.3027     --------    -0.408758          3
MinModeTranslate:  109  17:26:04   -12456.777192       0.3027     0.100000    -0.408758          3
MinModeTranslate:  110  17:26:04   -12456.753204       0.4823     --------    -0.382897          3
MinModeTranslate:  110  17:26:04   -12456.753204       0.4823     0.100000    -0.382897          3
MinModeTranslate:  111  17:26:04   -12456.736510       0.3990     --------    -0.231053          3
MinModeTranslate:  111  17:26:04   -12456.736510       0.3990     0.019455    -0.231053          3
MinModeTranslate:  112  17:26:04   -12456.739731       0.3009     --------    -0.216823          3
MinModeTranslate:  112  17:26:04   -12456.739731       0.3009     0.015089    -0.216823          3
MinModeTranslate:  113  17:26:04   -12456.738822       0.2211     --------    -0.173534          3
MinModeTranslate:  113  17:26:04   -12456.738822       0.2211     0.023829    -0.173534          3
MinModeTranslate:  114  17:26:04   -12456.735786       0.2947     --------    -0.149741          3
MinModeTranslate:  114  17:26:04   -12456.735786       0.2947     0.057762    -0.149741          3
MinModeTranslate:  115  17:26:04   -12456.726874       0.3279     --------    -0.147357          3
MinModeTranslate:  115  17:26:04   -12456.726874       0.3279     0.069244    -0.147357          3
MinModeTranslate:  116  17:26:04   -12456.715765       0.4329     --------    -0.134594          3
MinModeTranslate:  116  17:26:04   -12456.715765       0.4329     0.069150    -0.134594          3
MinModeTranslate:  117  17:26:04   -12456.704295       0.3011     --------    -0.208513          3
MinModeTranslate:  117  17:26:04   -12456.704295       0.3011     0.055862    -0.208513          3
MinModeTranslate:  118  17:26:05   -12456.695215       0.3567     --------    -0.294953          3
MinModeTranslate:  118  17:26:05   -12456.695215       0.3567     0.041376    -0.294953          3
MinModeTranslate:  119  17:26:05   -12456.688404       0.2592     --------    -0.349507          3
MinModeTranslate:  119  17:26:05   -12456.688404       0.2592     0.073804    -0.349507          3
MinModeTranslate:  120  17:26:05   -12456.678387       0.3888     --------    -0.453194          3
MinModeTranslate:  120  17:26:05   -12456.678387       0.3888     0.045431    -0.453194          3
MinModeTranslate:  121  17:26:05   -12456.673779       0.2852     --------    -0.434933          3
MinModeTranslate:  121  17:26:05   -12456.673779       0.2852     0.082350    -0.434933          3
MinModeTranslate:  122  17:26:05   -12456.668537       0.3054     --------    -0.256644          3
MinModeTranslate:  122  17:26:05   -12456.668537       0.3054     0.058934    -0.256644          3
MinModeTranslate:  123  17:26:05   -12456.666573       0.2901     --------    -0.135211          3
MinModeTranslate:  123  17:26:05   -12456.666573       0.2901     0.063191    -0.135211          3
MinModeTranslate:  124  17:26:05   -12456.664500       0.3121     --------    -0.050991          3
MinModeTranslate:  124  17:26:05   -12456.664500       0.3121     0.067206    -0.050991          3
MinModeTranslate:  125  17:26:05   -12456.662311       0.1891     --------    -0.023926          3
MinModeTranslate:  125  17:26:05   -12456.662311       0.1891     0.079382    -0.023926          3
MinModeTranslate:  126  17:26:05   -12456.659820       0.3984     --------    -0.018473          3
MinModeTranslate:  126  17:26:05   -12456.659820       0.3984     0.088069    -0.018473          3
MinModeTranslate:  127  17:26:05   -12456.658194       0.2378     --------    -0.073200          3
MinModeTranslate:  127  17:26:05   -12456.658194       0.2378     0.077266    -0.073200          3
MinModeTranslate:  128  17:26:05   -12456.658599       0.3442     --------    -0.109916          3
MinModeTranslate:  128  17:26:05   -12456.658599       0.3442     0.072989    -0.109916          3
MinModeTranslate:  129  17:26:05   -12456.661127       0.2146     --------    -0.075350          3
MinModeTranslate:  129  17:26:05   -12456.661127       0.2146     0.037166    -0.075350          3
MinModeTranslate:  130  17:26:05   -12456.662828       0.2043     --------    -0.035387          3
MinModeTranslate:  130  17:26:05   -12456.662828       0.2043     0.039640    -0.035387          3
MinModeTranslate:  131  17:26:05   -12456.664655       0.0066     --------     0.017603          3
MinModeTranslate:  131  17:26:05   -12456.664655       0.0066     0.100000     0.017603          3
MinModeTranslate:  132  17:26:05   -12456.663208       0.0095     --------     0.083530          3
MinModeTranslate:  132  17:26:05   -12456.663208       0.0095     0.100000     0.083530          3
MinModeTranslate:  133  17:26:06   -12456.661000       0.0127     --------     0.060186          3
MinModeTranslate:  133  17:26:06   -12456.661000       0.0127     0.100000     0.060186          3
MinModeTranslate:  134  17:26:06   -12456.658297       0.0143     --------     0.024974          3
MinModeTranslate:  134  17:26:06   -12456.658297       0.0143     0.100000     0.024974          3
MinModeTranslate:  135  17:26:06   -12456.655427       0.0148     --------     0.048946          3
MinModeTranslate:  135  17:26:06   -12456.655427       0.0148     0.100000     0.048946          3
MinModeTranslate:  136  17:26:06   -12456.652341       0.0170     --------     0.083363          3
MinModeTranslate:  136  17:26:06   -12456.652341       0.0170     0.100000     0.083363          3
MinModeTranslate:  137  17:26:06   -12456.648689       0.0194     --------     0.085071          3
MinModeTranslate:  137  17:26:06   -12456.648689       0.0194     0.100000     0.085071          3
MinModeTranslate:  138  17:26:06   -12456.644545       0.0218     --------     0.066429          3
MinModeTranslate:  138  17:26:06   -12456.644545       0.0218     0.100000     0.066429          3
MinModeTranslate:  139  17:26:06   -12456.640109       0.0221     --------     0.019039          3
MinModeTranslate:  139  17:26:06   -12456.640109       0.0221     0.100000     0.019039          3
MinModeTranslate:  140  17:26:06   -12456.635913       0.3582     --------    -0.021811          3
MinModeTranslate:  140  17:26:06   -12456.635913       0.3582     0.100000    -0.021811          3
MinModeTranslate:  141  17:26:06   -12456.634657       0.1728     --------    -0.042390          3
MinModeTranslate:  141  17:26:06   -12456.634657       0.1728     0.011330    -0.042390          3
MinModeTranslate:  142  17:26:06   -12456.636390       0.1979     --------    -0.068610          3
MinModeTranslate:  142  17:26:06   -12456.636390       0.1979     0.017015    -0.068610          3
MinModeTranslate:  143  17:26:06   -12456.638329       0.1737     --------    -0.082034          3
MinModeTranslate:  143  17:26:06   -12456.638329       0.1737     0.032693    -0.082034          3
MinModeTranslate:  144  17:26:06   -12456.641544       0.1984     --------    -0.076053          3
MinModeTranslate:  144  17:26:06   -12456.641544       0.1984     0.025265    -0.076053          3
MinModeTranslate:  145  17:26:06   -12456.643664       0.1846     --------    -0.070596          3
MinModeTranslate:  145  17:26:06   -12456.643664       0.1846     0.028757    -0.070596          3
MinModeTranslate:  146  17:26:06   -12456.645834       0.2118     --------    -0.071888          3
MinModeTranslate:  146  17:26:06   -12456.645834       0.2118     0.034578    -0.071888          3
MinModeTranslate:  147  17:26:06   -12456.648200       0.1050     --------    -0.065601          3
MinModeTranslate:  147  17:26:06   -12456.648200       0.1050     0.028078    -0.065601          3
MinModeTranslate:  148  17:26:07   -12456.649824       0.1296     --------    -0.058308          3
MinModeTranslate:  148  17:26:07   -12456.649824       0.1296     0.016940    -0.058308          3
MinModeTranslate:  149  17:26:07   -12456.650721       0.1217     --------    -0.061703          3
MinModeTranslate:  149  17:26:07   -12456.650721       0.1217     0.034447    -0.061703          3
MinModeTranslate:  150  17:26:07   -12456.652349       0.1365     --------    -0.058099          3
MinModeTranslate:  150  17:26:07   -12456.652349       0.1365     0.019060    -0.058099          3
MinModeTranslate:  151  17:26:07   -12456.653180       0.1012     --------    -0.058509          3
MinModeTranslate:  151  17:26:07   -12456.653180       0.1012     0.015973    -0.058509          3
MinModeTranslate:  152  17:26:07   -12456.653806       0.0979     --------    -0.055578          3
MinModeTranslate:  152  17:26:07   -12456.653806       0.0979     0.021314    -0.055578          3
MinModeTranslate:  153  17:26:07   -12456.654568       0.1296     --------    -0.053628          3
MinModeTranslate:  153  17:26:07   -12456.654568       0.1296     0.045830    -0.053628          3
MinModeTranslate:  154  17:26:07   -12456.656015       0.1208     --------    -0.045102          3
MinModeTranslate:  154  17:26:07   -12456.656015       0.1208     0.038279    -0.045102          3
MinModeTranslate:  155  17:26:07   -12456.657157       0.1286     --------    -0.027449          3
MinModeTranslate:  155  17:26:07   -12456.657157       0.1286     0.035929    -0.027449          3
MinModeTranslate:  156  17:26:07   -12456.658315       0.1229     --------    -0.017873          3
MinModeTranslate:  156  17:26:07   -12456.658315       0.1229     0.022842    -0.017873          3
MinModeTranslate:  157  17:26:07   -12456.659095       0.0882     --------    -0.017993          3
MinModeTranslate:  157  17:26:07   -12456.659095       0.0882     0.015209    -0.017993          3
MinModeTranslate:  158  17:26:07   -12456.659561       0.1749     --------    -0.025907          3
MinModeTranslate:  158  17:26:07   -12456.659561       0.1749     0.019469    -0.025907          3
MinModeTranslate:  159  17:26:07   -12456.660110       0.0551     --------    -0.027774          3
MinModeTranslate:  159  17:26:07   -12456.660110       0.0551     0.015541    -0.027774          3
MinModeTranslate:  160  17:26:07   -12456.660488       0.0653     --------    -0.026799          3
