MINMODE:METHOD: Dimer
DIM:CONTROL: Search Parameters:
DIM:CONTROL: ------------------
DIM:CONTROL: eigenmode_method = dimer
DIM:CONTROL: f_rot_min = 0.01
DIM:CONTROL: f_rot_max = 0.1
DIM:CONTROL: max_num_rot = 3
DIM:CONTROL: trial_angle = 0.7853981633974483
DIM:CONTROL: trial_trans_step = 0.001
DIM:CONTROL: maximum_translation = 0.1
DIM:CONTROL: cg_translation = True
DIM:CONTROL: use_central_forces = True
DIM:CONTROL: dimer_separation = 0.005
DIM:CONTROL: initial_eigenmode_method = gauss
DIM:CONTROL: extrapolate_forces = True
DIM:CONTROL: displacement_method = gauss
DIM:CONTROL: gauss_std = 0.1
DIM:CONTROL: order = 1
DIM:CONTROL: mask = None
DIM:CONTROL: displacement_center = None
DIM:CONTROL: displacement_radius = None
DIM:CONTROL: number_of_displacement_atoms = None
DIM:CONTROL: ------------------
DIM:ROT: OPT-STEP ROT-STEP CURVATURE ROT-ANGLE ROT-FORCE
DIM:ROT:       0         1    1.9697   21.0577   10.8726
DIM:ROT:       0         2   -1.6050   12.7040   15.7446
DIM:ROT:       0         3   -4.4436   14.0680   11.3373
DIM:ROT:       1         1  -11.6925   12.8452   17.5352
DIM:ROT:       1         2  -14.4648   10.7108   14.5449
DIM:ROT:       1         3  -16.2989    8.2524   12.4936
DIM:ROT:       2         1  -27.8900   11.3912   14.6263
DIM:ROT:       2         2  -29.1058    5.8394   11.5625
DIM:ROT:       2         3  -29.5879    4.5538    6.2131
DIM:ROT:       3         1  -29.9684    4.7663    7.2182
DIM:ROT:       3         2  -30.2020    2.5551    4.8787
DIM:ROT:       3         3  -30.3192    1.9610    3.1645
DIM:ROT:       4         1  -24.5489    9.2487    8.9638
DIM:ROT:       4         2  -24.9465    3.4087    6.3547
DIM:ROT:       4         3  -25.1515    3.0121    3.6937
DIM:ROT:       5         1  -25.3525    6.5814    7.0660
DIM:ROT:       5         2  -25.8598    3.4610    8.0119
DIM:ROT:       5         3  -26.1930    4.0566    4.4785
DIM:ROT:       6         1  -28.6507    3.2786    6.1818
DIM:ROT:       6         2  -28.7981    2.3862    3.4378
DIM:ROT:       6         3  -28.8678    1.4579    2.7062
DIM:ROT:       7         1  -31.8718    4.2355    5.3195
DIM:ROT:       7         2  -31.9657    1.5314    3.6148
DIM:ROT:       7         3  -31.9993    1.0838    1.6179
DIM:ROT:       8         1  -33.2329    3.9086    3.9345
DIM:ROT:       8         2  -33.2891    1.1696    2.5738
DIM:ROT:       8         3  -33.3045    0.7436    1.0160
DIM:ROT:       9         1  -33.2578    4.2630    4.1802
DIM:ROT:       9         2  -33.3292    1.3171    2.7434
DIM:ROT:       9         3  -33.3482    0.7770    1.2287
DIM:ROT:      10         1  -31.4704    4.0248    4.1315
DIM:ROT:      10         2  -31.5383    1.3357    2.4266
DIM:ROT:      10         3  -31.5555    0.7684    1.1555
DIM:ROT:      11         1  -28.2189    3.2405    3.5984
DIM:ROT:      11         2  -28.2695    1.1336    2.0528
DIM:ROT:      11         3  -28.2854    0.6563    1.0982
DIM:ROT:      12         1  -26.4807    2.8360    3.0410
DIM:ROT:      12         2  -26.5172    0.9953    1.5805
DIM:ROT:      12         3  -26.5272    0.5873    0.8048
DIM:ROT:      13         1  -26.2850    3.3128    3.2270
DIM:ROT:      13         2  -26.3318    1.0418    1.9072
DIM:ROT:      13         3  -26.3454    0.6716    1.0339
DIM:ROT:      14         1  -27.5397    3.4585    2.5628
DIM:ROT:      14         2  -27.5781    1.0131    1.5588
DIM:ROT:      14         3  -27.5839    0.6070    0.6553
DIM:ROT:      15         1  -26.5183    2.2190    2.4773
DIM:ROT:      15         2  -26.5433    0.7239    1.5365
DIM:ROT:      15         3  -26.5528    0.5079    0.7578
DIM:ROT:      16         1  -25.2638    1.4189    1.5129
DIM:ROT:      16         2  -25.2769    0.5301    1.1948
DIM:ROT:      16         3  -25.2828    0.4374    0.5512
DIM:ROT:      17         1  -18.5170    8.6608    5.9053
DIM:ROT:      17         2  -18.6332    1.7721    3.5122
DIM:ROT:      17         3  -18.6724    1.1611    1.6570
DIM:ROT:      18         1  -15.7302    6.3136    4.1291
DIM:ROT:      18         2  -15.8177    1.7455    2.9052
DIM:ROT:      18         3  -15.8430    1.1318    1.1991
DIM:ROT:      19         1  -14.7764    1.8787    2.5350
DIM:ROT:      19         2  -14.8115    1.0651    1.9230
DIM:ROT:      19         3  -14.8323    0.8783    1.3171
DIM:ROT:      20         1  -14.2844    1.3366    1.4568
DIM:ROT:      20         2  -14.3009    0.6942    1.3377
DIM:ROT:      20         3  -14.3097    0.6408    0.7925
DIM:ROT:      21         1  -14.5843    1.0264    1.4874
DIM:ROT:      21         2  -14.5956    0.6201    0.9682
DIM:ROT:      21         3  -14.6017    0.4566    0.7140
DIM:ROT:      22         1  -15.2887    2.1696    2.4684
DIM:ROT:      22         2  -15.3196    1.2199    1.4010
DIM:ROT:      22         3  -15.3319    0.7575    0.9105
DIM:ROT:      23         1  -16.0778    2.4071    2.0321
DIM:ROT:      23         2  -16.1012    0.9171    1.2646
DIM:ROT:      23         3  -16.1075    0.5508    0.7158
DIM:ROT:      24         1  -16.7599    2.1905    2.1380
DIM:ROT:      24         2  -16.7927    0.9431    1.8244
DIM:ROT:      24         3  -16.8085    0.8649    0.9982
DIM:ROT:      25         1  -16.6561    2.6525    2.3573
DIM:ROT:      25         2  -16.7046    1.1124    2.2611
DIM:ROT:      25         3  -16.7243    1.0202    1.1816
DIM:ROT:      26         1  -15.7410    1.0895    1.9072
DIM:ROT:      26         2  -15.7605    0.9861    1.1721
DIM:ROT:      26         3  -15.7731    0.6346    1.1014
DIM:ROT:      27         1  -13.2315    2.6213    2.1686
DIM:ROT:      27         2  -13.2663    1.1906    1.6632
DIM:ROT:      27         3  -13.2804    0.8588    0.9884
DIM:ROT:      28         1  -12.9340    1.1752    1.1139
DIM:ROT:      28         2  -12.9428    0.5374    1.0733
DIM:ROT:      28         3  -12.9487    0.5605    0.5808
DIM:ROT:      29         1  -12.6310    0.4699    0.8040
DIM:ROT:      29         2  -12.6344    0.3824    0.4967
DIM:ROT:      29         3  -12.6363    0.2585    0.4366
DIM:ROT:      30         1  -12.7495    0.4360    0.6553
DIM:ROT:      30         2  -12.7517    0.2769    0.2835
DIM:ROT:      30         3  -12.7523    0.1436    0.2487
DIM:ROT:      31         1  -12.8300    0.9438    0.6697
DIM:ROT:      31         2  -12.8317    0.3061    0.3681
DIM:ROT:      31         3  -12.8323    0.1929    0.1962
DIM:ROT:      32         1  -12.5548    1.4915    1.1439
DIM:ROT:      32         2  -12.5615    0.4347    0.8557
DIM:ROT:      32         3  -12.5641    0.3749    0.4052
DIM:ROT:      33         1  -12.5607    0.4461    0.6023
DIM:ROT:      33         2  -12.5625    0.2342    0.3890
DIM:ROT:      33         3  -12.5634    0.1902    0.2574
DIM:ROT:      34         1  -12.6269    0.3885    0.5724
DIM:ROT:      34         2  -12.6282    0.1970    0.2886
DIM:ROT:      34         3  -12.6288    0.1359    0.2139
DIM:ROT:      35         1  -12.1121    0.5775    0.6552
DIM:ROT:      35         2  -12.1138    0.3168    0.3652
DIM:ROT:      35         3  -12.1146    0.1926    0.2565
DIM:ROT:      36         1  -11.7720    0.5037    0.5091
DIM:ROT:      36         2  -11.7733    0.2721    0.3214
DIM:ROT:      36         3  -11.7740    0.1939    0.2139
DIM:ROT:      37         1  -11.4247    0.3595    0.5194
DIM:ROT:      37         2  -11.4258    0.2432    0.3411
DIM:ROT:      37         3  -11.4266    0.1835    0.2759
DIM:ROT:      38         1  -11.2830    0.4310    0.4987
DIM:ROT:      38         2  -11.2838    0.2419    0.3290
DIM:ROT:      38         3  -11.2845    0.1732    0.2442
DIM:ROT:      39         1  -11.3170    0.4615    0.4757
DIM:ROT:      39         2  -11.3176    0.2522    0.2847
DIM:ROT:      39         3  -11.3181    0.1767    0.1884
DIM:ROT:      40         1  -11.3806    0.4327    0.6667
DIM:ROT:      40         2  -11.3817    0.2464    0.3607
DIM:ROT:      40         3  -11.3823    0.1807    0.2752
DIM:ROT:      41         1  -11.5144    0.5476    0.6325
DIM:ROT:      41         2  -11.5162    0.2921    0.3557
DIM:ROT:      41         3  -11.5171    0.1831    0.2705
DIM:ROT:      42         1  -11.4903    0.6704    0.7560
DIM:ROT:      42         2  -11.4922    0.3495    0.3429
DIM:ROT:      42         3  -11.4933    0.1988    0.2565
DIM:ROT:      43         1  -11.3899    0.7784    1.0261
DIM:ROT:      43         2  -11.3927    0.3434    0.4931
DIM:ROT:      43         3  -11.3943    0.2466    0.3722
DIM:ROT:      44         1  -11.9969    0.8108    0.9768
DIM:ROT:      44         2  -12.0006    0.4360    0.4549
DIM:ROT:      44         3  -12.0019    0.2330    0.3540
DIM:ROT:      45         1  -12.4095    0.8128    0.9360
DIM:ROT:      45         2  -12.4126    0.4541    0.4202
DIM:ROT:      45         3  -12.4138    0.2484    0.2982
DIM:ROT:      46         1  -12.5468    0.6813    1.0343
DIM:ROT:      46         2  -12.5488    0.3042    0.4862
DIM:ROT:      46         3  -12.5503    0.2304    0.3467
DIM:ROT:      47         1  -12.4443    0.4049    0.2784
DIM:ROT:      47         2  -12.4447    0.1429    0.2599
DIM:ROT:      47         3  -12.4450    0.1130    0.1298
DIM:ROT:      48         1  -12.1967    0.2314    0.4014
DIM:ROT:      48         2  -12.1970    0.1535    0.2166
DIM:ROT:      48         3  -12.1973    0.1017    0.1716
DIM:ROT:      49         1  -12.0594    0.3435    0.3314
DIM:ROT:      49         2  -12.0596    0.1555    0.2631
DIM:ROT:      49         3  -12.0599    0.1233    0.1573
DIM:ROT:      50         1  -11.9377    0.4891    0.4369
DIM:ROT:      50         2  -11.9378    0.2227    0.3012
DIM:ROT:      50         3  -11.9384    0.1606    0.1794
DIM:ROT:      51         1  -11.6143    0.4094    0.4313
DIM:ROT:      51         2  -11.6145    0.1994    0.2305
DIM:ROT:      51         3  -11.6148    0.1216    0.1639
DIM:ROT:      52         1  -11.4048    0.3476    0.4109
DIM:ROT:      52         2  -11.4057    0.1952    0.2487
DIM:ROT:      52         3  -11.4061    0.1232    0.1872
DIM:ROT:      53         1  -10.9345    0.5941    0.5024
DIM:ROT:      53         2  -10.9366    0.2794    0.4045
DIM:ROT:      53         3  -10.9373    0.2014    0.2341
DIM:ROT:      54         1  -11.0034    0.7240    0.7549
DIM:ROT:      54         2  -11.0069    0.3459    0.5280
DIM:ROT:      54         3  -11.0084    0.2563    0.3359
DIM:ROT:      55         1  -11.1524    0.6184    0.6544
DIM:ROT:      55         2  -11.1548    0.2850    0.4272
DIM:ROT:      55         3  -11.1558    0.2063    0.2809
DIM:ROT:      56         1  -11.3249    0.5249    0.4081
DIM:ROT:      56         2  -11.3263    0.2085    0.3586
DIM:ROT:      56         3  -11.3269    0.1637    0.1914
DIM:ROT:      57         1  -11.5600    0.3578    0.5163
DIM:ROT:      57         2  -11.5610    0.2023    0.2876
DIM:ROT:      57         3  -11.5616    0.1438    0.2284
DIM:ROT:      58         1  -11.4895    0.4206    0.4769
DIM:ROT:      58         2  -11.4900    0.2046    0.2667
DIM:ROT:      58         3  -11.4905    0.1302    0.1945
DIM:ROT:      59         1  -11.1649    0.6356    0.7789
DIM:ROT:      59         2  -11.1666    0.3460    0.3891
DIM:ROT:      59         3  -11.1675    0.2147    0.2796
DIM:ROT:      60         1  -10.4127    0.6359    0.8283
DIM:ROT:      60         2  -10.4153    0.4242    0.4017
DIM:ROT:      60         3  -10.4167    0.2434    0.3548
DIM:ROT:      61         1  -10.2169    0.3652    0.4533
DIM:ROT:      61         2  -10.2180    0.2383    0.3291
DIM:ROT:      61         3  -10.2188    0.1871    0.2695
DIM:ROT:      62         1  -10.2028    0.5850    0.6706
DIM:ROT:      62         2  -10.2053    0.4070    0.4111
DIM:ROT:      62         3  -10.2066    0.2692    0.3294
DIM:ROT:      63         1  -10.2614    0.6025    0.7906
DIM:ROT:      63         2  -10.2643    0.3697    0.5232
DIM:ROT:      63         3  -10.2661    0.2895    0.4233
DIM:ROT:      64         1  -10.1849    0.5295    0.6733
DIM:ROT:      64         2  -10.1873    0.3742    0.3943
DIM:ROT:      64         3  -10.1888    0.2323    0.3757
DIM:ROT:      65         1  -10.0320    0.4052    0.4993
DIM:ROT:      65         2  -10.0335    0.2479    0.3635
DIM:ROT:      65         3  -10.0346    0.2081    0.2906
DIM:ROT:      66         1  -10.0045    0.4468    0.4627
DIM:ROT:      66         2  -10.0059    0.2307    0.3592
DIM:ROT:      66         3  -10.0068    0.1921    0.2553
DIM:ROT:      67         1  -10.0178    0.4059    0.5101
DIM:ROT:      67         2  -10.0194    0.2275    0.3757
DIM:ROT:      67         3  -10.0203    0.2069    0.2637
DIM:ROT:      68         1  -10.0970    0.4081    0.3616
DIM:ROT:      68         2  -10.0980    0.2447    0.2395
DIM:ROT:      68         3  -10.0987    0.1733    0.1789
DIM:ROT:      69         1  -10.1395    0.2169    0.3859
DIM:ROT:      69         2  -10.1403    0.1720    0.2157
DIM:ROT:      69         3  -10.1406    0.1176    0.1946
DIM:ROT:      70         1  -10.2268    0.2459    0.2672
DIM:ROT:      70         2  -10.2270    0.1249    0.2189
DIM:ROT:      70         3  -10.2274    0.1191    0.1420
DIM:ROT:      71         1  -10.3631    0.3052    0.3137
DIM:ROT:      71         2  -10.3633    0.1438    0.2726
DIM:ROT:      71         3  -10.3637    0.1447    0.1558
DIM:ROT:      72         1  -10.3594    0.4569    0.5093
DIM:ROT:      72         2  -10.3599    0.2154    0.3981
DIM:ROT:      72         3  -10.3606    0.1953    0.2312
DIM:ROT:      73         1  -10.1801    0.2958    0.3722
DIM:ROT:      73         2  -10.1805    0.1690    0.2329
DIM:ROT:      73         3  -10.1808    0.1236    0.1846
DIM:ROT:      74         1   -9.9498    0.3424    0.5678
DIM:ROT:      74         2   -9.9505    0.1717    0.2720
DIM:ROT:      74         3   -9.9510    0.1409    0.1925
DIM:ROT:      75         1   -9.9838    0.3067    0.3182
DIM:ROT:      75         2   -9.9843    0.1482    0.1908
DIM:ROT:      75         3   -9.9846    0.1010    0.1520
DIM:ROT:      76         1  -10.0052    0.2653    0.3893
DIM:ROT:      76         2  -10.0058    0.1221    0.2134
DIM:ROT:      76         3  -10.0060    0.1078    0.1358
DIM:ROT:      77         1  -10.0482    0.2431    0.3007
DIM:ROT:      77         2  -10.0486    0.1083    0.1939
DIM:ROT:      77         3  -10.0489    0.1028    0.1248
DIM:ROT:      78         1  -10.1363    0.2241    0.3098
DIM:ROT:      78         2  -10.1368    0.1095    0.1900
DIM:ROT:      78         3  -10.1370    0.0964    0.1223
DIM:ROT:      79         1  -10.1861    0.2073    0.2520
DIM:ROT:      79         2  -10.1865    0.0975    0.1617
DIM:ROT:      79         3  -10.1867    0.0872    0.1118
DIM:ROT:      80         1  -10.1561    0.1912    0.1553
DIM:ROT:      80         2  -10.1563    0.0848    0.1139
DIM:ROT:      80         3  -10.1564    0.0555    0.0853
DIM:ROT:      81         1  -10.0888    0.1649    0.2161
DIM:ROT:      81         2  -10.0891    0.0815    0.1269
DIM:ROT:      81         3  -10.0892    0.0691    0.0948
DIM:ROT:      82         1  -10.1436    0.1654    0.1722
DIM:ROT:      82         2  -10.1437    0.0875    0.1153
DIM:ROT:      82         3  -10.1438    0.0613    0.0884
DIM:ROT:      83         1  -10.2110    0.2071    0.2251
DIM:ROT:      83         2  -10.2109    0.0896    0.1661
DIM:ROT:      83         3  -10.2110    0.0851    0.0969
DIM:ROT:      84         1  -10.2436    0.2913    0.1902
DIM:ROT:      84         2  -10.2432    0.1044    0.1440
DIM:ROT:      84         3  -10.2434    0.0731    0.0806
DIM:ROT:      85         1  -10.2950    0.2228    0.2838
DIM:ROT:      85         2  -10.2952    0.1324    0.2270
DIM:ROT:      85         3  -10.2954    0.1203    0.1523
DIM:ROT:      86         1  -10.2803    0.2983    0.1895
DIM:ROT:      86         2  -10.2803    0.1056    0.2017
DIM:ROT:      86         3  -10.2805    0.0903    0.1017
DIM:ROT:      87         1  -10.2792    0.1896    0.1312
DIM:ROT:      87         2  -10.2793    0.0750    0.1341
DIM:ROT:      87         3  -10.2794    0.0652    0.0789
DIM:ROT:      88         1  -10.2758    0.1563    0.1570
DIM:ROT:      88         2  -10.2761    0.0779    0.1321
DIM:ROT:      88         3  -10.2762    0.0728    0.0879
DIM:ROT:      89         1  -10.3118    0.1701    0.1346
DIM:ROT:      89         2  -10.3121    0.0744    0.1193
DIM:ROT:      89         3  -10.3122    0.0602    0.0743
DIM:ROT:      90         1  -10.3078    0.1420    0.0960
DIM:ROT:      91         1  -10.2908    0.1724    0.2573
DIM:ROT:      91         2  -10.2911    0.1076    0.1740
DIM:ROT:      91         3  -10.2913    0.0868    0.1229
DIM:ROT:      92         1  -10.2826    0.2082    0.1897
DIM:ROT:      92         2  -10.2829    0.1030    0.1312
DIM:ROT:      92         3  -10.2830    0.0800    0.0839
DIM:ROT:      93         1  -10.1954    0.1588    0.1859
DIM:ROT:      93         2  -10.1956    0.0809    0.1406
DIM:ROT:      93         3  -10.1957    0.0749    0.0913
DIM:ROT:      94         1  -10.1008    0.1577    0.1514
DIM:ROT:      94         2  -10.1011    0.0837    0.1259
DIM:ROT:      94         3  -10.1012    0.0663    0.0863
DIM:ROT:      95         1   -9.9563    0.1490    0.1392
DIM:ROT:      95         2   -9.9563    0.0700    0.1178
DIM:ROT:      95         3   -9.9564    0.0631    0.0774
DIM:ROT:      96         1   -9.9051    0.1563    0.1277
DIM:ROT:      96         2   -9.9049    0.0638    0.0893
DIM:ROT:      97         1   -9.8844    0.0839    0.1269
DIM:ROT:      97         2   -9.8844    0.0595    0.0861
DIM:ROT:      98         1   -9.8953    0.0982    0.1658
DIM:ROT:      98         2   -9.8953    0.0731    0.1020
DIM:ROT:      98         3   -9.8953    0.0525    0.0836
DIM:ROT:      99         1   -9.9231    0.0996    0.1007
DIM:ROT:      99         2   -9.9231    0.0485    0.0836
DIM:ROT:     100         1   -9.9293    0.0809    0.1618
DIM:ROT:     100         2   -9.9294    0.0633    0.0743
DIM:ROT:     101         1   -9.9564    0.0836    0.1596
DIM:ROT:     101         2   -9.9565    0.0667    0.0812
DIM:ROT:     102         1  -10.0015    0.0728    0.1188
DIM:ROT:     102         2  -10.0016    0.0555    0.0767
DIM:ROT:     103         1  -10.0282    0.0622    0.0861
DIM:ROT:     104         1  -10.0411    0.0834    0.0885
DIM:ROT:     105         1  -10.0659    0.0513    0.1020
DIM:ROT:     105         2  -10.0660    0.0539    0.0528
DIM:ROT:     106         1  -10.0716    0.0465    0.0814
DIM:ROT:     107         1  -10.0699    0.0864    0.0707
DIM:ROT:     108         1  -10.0927    0.0893    0.1091
DIM:ROT:     108         2  -10.0927    0.0528    0.0940
DIM:ROT:     109         1  -10.0981    0.0839    0.0766
DIM:ROT:     110         1  -10.1053    0.0646    0.0928
DIM:ROT:     111         1  -10.0958    0.0528    0.0783
DIM:ROT:     112         1  -10.0952    0.0562    0.0778
DIM:ROT:     113         1  -10.1013    0.0553    0.0714
DIM:ROT:     114         1  -10.1176    0.0421    0.0661
DIM:ROT:     115         1  -10.1343    0.0465    0.0578
DIM:ROT:     116         1  -10.1378    0.0350    0.0624
DIM:ROT:     117         1  -10.1269    0.0503    0.0519
DIM:ROT:     118         1  -10.1153    0.0313    0.0532
DIM:ROT:     119         1  -10.1221    0.0338    0.0448
DIM:ROT:     120         1  -10.1291    0.0481    0.0428
DIM:ROT:     121         1  -10.1492    0.0461    0.0633
DIM:ROT:     122         1  -10.1702    0.0575    0.0702
DIM:ROT:     123         1  -10.1815    0.0642    0.0719
DIM:ROT:     124         1  -10.1804    0.0454    0.0729
DIM:ROT:     125         1  -10.1868    0.0673    0.0682
DIM:ROT:     126         1  -10.1944    0.0366    0.0571
DIM:ROT:     127         1  -10.1976    0.0433    0.0567
DIM:ROT:     128         1  -10.2023    0.0356    0.0466
DIM:ROT:     129         1  -10.2048    0.0307    0.0425
DIM:ROT:     130         1  -10.2022    0.0410    0.0410
DIM:ROT:     131         1  -10.1913    0.0212    0.0396
DIM:ROT:     132         1  -10.1786    0.0297    0.0400
DIM:ROT:     133         1  -10.1748    0.0215    0.0322
