MINMODE:METHOD: Dimer
DIM:CONTROL: Search Parameters:
DIM:CONTROL: ------------------
DIM:CONTROL: eigenmode_method = dimer
DIM:CONTROL: f_rot_min = 0.01
DIM:CONTROL: f_rot_max = 0.1
DIM:CONTROL: max_num_rot = 3
DIM:CONTROL: trial_angle = 0.7853981633974483
DIM:CONTROL: trial_trans_step = 0.001
DIM:CONTROL: maximum_translation = 0.1
DIM:CONTROL: cg_translation = True
DIM:CONTROL: use_central_forces = True
DIM:CONTROL: dimer_separation = 0.005
DIM:CONTROL: initial_eigenmode_method = gauss
DIM:CONTROL: extrapolate_forces = True
DIM:CONTROL: displacement_method = gauss
DIM:CONTROL: gauss_std = 0.1
DIM:CONTROL: order = 1
DIM:CONTROL: mask = None
DIM:CONTROL: displacement_center = None
DIM:CONTROL: displacement_radius = None
DIM:CONTROL: number_of_displacement_atoms = None
DIM:CONTROL: ------------------
DIM:ROT: OPT-STEP ROT-STEP CURVATURE ROT-ANGLE ROT-FORCE
DIM:ROT:       0         1    4.2068    4.8182   12.2887
DIM:ROT:       0         2    3.6887    8.3997    3.6438
DIM:ROT:       0         3    3.2210    3.3665    7.5885
DIM:ROT:       1         1    0.9641    4.9610    6.3770
DIM:ROT:       1         2    0.4046    4.5032    7.0106
DIM:ROT:       1         3   -0.1091    4.8005    6.2566
DIM:ROT:       2         1   -0.4481    7.3182    4.3205
DIM:ROT:       2         2   -0.8331    3.6512    5.9087
DIM:ROT:       2         3   -1.0960    4.4587    3.2757
DIM:ROT:       3         1   -1.7741    2.7401    4.8876
DIM:ROT:       3         2   -1.8863    2.2628    2.8730
DIM:ROT:       3         3   -1.9724    1.7076    2.8657
DIM:ROT:       4         1   -1.6627    3.5201    2.8878
DIM:ROT:       4         2   -1.7613    1.7119    3.2780
DIM:ROT:       4         3   -1.8279    2.1536    1.7845
DIM:ROT:       5         1   -0.5420    1.6748    2.8219
DIM:ROT:       5         2   -0.5919    1.4656    1.9749
DIM:ROT:       5         3   -0.6339    1.2333    1.9372
DIM:ROT:       6         1   -3.0400   13.2558    4.2547
DIM:ROT:       6         2   -3.5897    4.0620    7.6388
DIM:ROT:       6         3   -3.8256    4.1006    3.3549
DIM:ROT:       7         1   -4.0386    3.0312    6.0266
DIM:ROT:       7         2   -4.1821    2.4885    3.3404
DIM:ROT:       7         3   -4.3046    1.9832    3.4523
DIM:ROT:       8         1   -5.8864    3.5256    2.4868
DIM:ROT:       8         2   -5.9996    1.9605    3.2646
DIM:ROT:       8         3   -6.0783    2.3783    1.9091
DIM:ROT:       9         1   -1.4421    4.8708    3.6520
DIM:ROT:       9         2   -1.6153    2.1087    4.6325
DIM:ROT:       9         3   -1.7375    2.9398    2.2818
DIM:ROT:      10         1   -2.5045    2.2626    3.3864
DIM:ROT:      10         2   -2.5944    2.3243    2.2000
DIM:ROT:      10         3   -2.6687    1.7580    2.4668
DIM:ROT:      11         1   -6.3036    7.9909    3.7391
DIM:ROT:      11         2   -6.4479    1.9012    4.2467
DIM:ROT:      11         3   -6.5040    1.7360    1.7828
DIM:ROT:      12         1   -1.7752    3.1083    2.9669
DIM:ROT:      12         2   -1.8844    2.1127    2.8738
DIM:ROT:      12         3   -1.9703    2.2422    2.1685
DIM:ROT:      13         1    0.9900    2.2005    2.9216
DIM:ROT:      13         2    0.9274    1.5228    2.3837
DIM:ROT:      13         3    0.8779    1.4845    1.8816
DIM:ROT:      14         1   -1.6647    2.8994    2.9175
DIM:ROT:      14         2   -1.7929    2.1050    3.4084
DIM:ROT:      14         3   -1.9065    2.4685    2.6701
DIM:ROT:      15         1   -4.7459    2.1477    2.7815
DIM:ROT:      15         2   -4.8097    1.7666    2.0832
DIM:ROT:      15         3   -4.8605    1.5023    1.8832
DIM:ROT:      16         1   -5.4196    1.7440    2.6839
DIM:ROT:      16         2   -5.4745    1.5129    1.9838
DIM:ROT:      16         3   -5.5131    1.2153    1.8361
DIM:ROT:      17         1   -3.2186   13.8484    2.6650
DIM:ROT:      17         2   -3.5724    3.5499    5.6680
DIM:ROT:      17         3   -3.7169    3.2076    2.5346
DIM:ROT:      18         1   -2.3083    2.8246    4.2861
DIM:ROT:      18         2   -2.4931    3.1741    3.3002
DIM:ROT:      18         3   -2.6528    2.4836    3.7708
DIM:ROT:      19         1    1.5308    8.3941    3.2844
DIM:ROT:      19         2    1.2195    3.4941    4.7591
DIM:ROT:      19         3    1.0637    3.4653    2.5094
DIM:ROT:      20         1   -1.0676    2.2501    3.8252
DIM:ROT:      20         2   -1.1358    2.3113    1.6672
DIM:ROT:      20         3   -1.1760    1.2089    1.9369
DIM:ROT:      21         1    1.1955    3.3001    3.0588
DIM:ROT:      21         2    1.0944    2.0732    2.7660
DIM:ROT:      21         3    1.0205    1.7545    2.4245
DIM:ROT:      22         1   -0.0457    2.2913    2.5895
DIM:ROT:      22         2   -0.1295    1.6616    2.8839
DIM:ROT:      22         3   -0.2030    1.9492    2.2177
DIM:ROT:      23         1   -4.1236    9.3766    3.9055
DIM:ROT:      23         2   -4.6406    4.0682    7.0191
DIM:ROT:      23         3   -5.0354    6.1059    3.6414
DIM:ROT:      24         1   -5.7002    2.8253    5.5209
DIM:ROT:      24         2   -5.8908    4.4419    2.4295
DIM:ROT:      24         3   -6.0646    2.3494    4.2481
DIM:ROT:      25         1   -5.3277    1.6480    3.1205
DIM:ROT:      25         2   -5.3945    1.5122    2.5637
DIM:ROT:      25         3   -5.4568    1.3797    2.5432
DIM:ROT:      26         1   -7.0930    2.4682    3.3906
DIM:ROT:      26         2   -7.2199    1.8097    3.9486
DIM:ROT:      26         3   -7.3339    2.1754    3.0454
DIM:ROT:      27         1   -7.4098    4.1268    3.3645
DIM:ROT:      27         2   -7.6492    2.7611    4.8960
DIM:ROT:      27         3   -7.8923    4.0683    3.3709
DIM:ROT:      28         1   -4.8878    4.5102    6.1900
DIM:ROT:      28         2   -5.3268    4.5073    5.4865
DIM:ROT:      28         3   -5.7256    4.0215    5.7264
DIM:ROT:      29         1   -4.0004    4.5195    5.9029
DIM:ROT:      29         2   -4.3805    3.7035    5.8962
DIM:ROT:      29         3   -4.7339    3.8538    5.1999
DIM:ROT:      30         1   -4.0112    3.1038    4.6691
DIM:ROT:      30         2   -4.2115    3.3871    3.3649
DIM:ROT:      30         3   -4.3664    2.4773    3.7218
DIM:ROT:      31         1   -2.2974    1.3008    2.1102
DIM:ROT:      31         2   -2.3272    1.2232    1.3538
DIM:ROT:      31         3   -2.3499    0.8861    1.3775
DIM:ROT:      32         1    0.3424    2.4773    2.4536
DIM:ROT:      32         2    0.2740    1.4621    2.6701
DIM:ROT:      32         3    0.2204    1.6795    1.8545
DIM:ROT:      33         1   -2.6348    2.9834    2.9804
DIM:ROT:      33         2   -2.7190    1.5659    3.0892
DIM:ROT:      33         3   -2.7845    1.8136    2.0465
DIM:ROT:      34         1   -1.5419    1.5421    2.7527
DIM:ROT:      34         2   -1.5774    1.4746    1.3236
DIM:ROT:      34         3   -1.6041    0.9752    1.5693
DIM:ROT:      35         1   -0.2053    1.2927    1.7634
DIM:ROT:      35         2   -0.2267    1.0707    1.1587
DIM:ROT:      35         3   -0.2449    0.8492    1.2291
DIM:ROT:      36         1   -2.7646    4.8032    2.1768
DIM:ROT:      36         2   -2.8665    1.7934    3.2803
DIM:ROT:      36         3   -2.9158    1.6857    1.6938
DIM:ROT:      37         1   -2.8262    1.1270    1.7824
DIM:ROT:      37         2   -2.8550    1.3239    1.2560
DIM:ROT:      37         3   -2.8811    0.9649    1.5184
DIM:ROT:      38         1   -2.5892    0.7669    1.2262
DIM:ROT:      38         2   -2.6031    0.8064    0.9507
DIM:ROT:      38         3   -2.6140    0.6352    0.9989
DIM:ROT:      39         1   -1.6611    1.7745    1.1203
DIM:ROT:      39         2   -1.6786    0.8557    1.1506
DIM:ROT:      39         3   -1.6876    0.6342    0.7894
DIM:ROT:      40         1   -1.1726    1.0622    1.1599
DIM:ROT:      40         2   -1.1901    0.8379    1.1795
DIM:ROT:      40         3   -1.2042    0.8625    0.9474
DIM:ROT:      41         1   -1.0605    1.2037    1.0304
DIM:ROT:      41         2   -1.0766    0.7338    1.2526
DIM:ROT:      41         3   -1.0903    0.9237    0.8332
DIM:ROT:      42         1   -1.0491    0.6924    1.2623
DIM:ROT:      42         2   -1.0621    0.8786    0.8295
DIM:ROT:      42         3   -1.0726    0.5808    1.0459
DIM:ROT:      43         1   -0.8072    1.9704    0.8314
DIM:ROT:      43         2   -0.8267    0.7526    1.4543
DIM:ROT:      43         3   -0.8374    0.8964    0.6670
DIM:ROT:      44         1   -0.3448    0.7150    1.2009
DIM:ROT:      44         2   -0.3561    0.8650    0.7318
DIM:ROT:      44         3   -0.3655    0.5696    0.9420
DIM:ROT:      45         1    0.0625    1.0568    0.8050
DIM:ROT:      45         2    0.0509    0.6054    1.0788
DIM:ROT:      45         3    0.0413    0.7529    0.7064
DIM:ROT:      46         1    1.2669    2.0682    2.1324
DIM:ROT:      46         2    1.2030    1.5643    2.3242
DIM:ROT:      46         3    1.1480    1.6645    1.9115
DIM:ROT:      47         1    1.6029    1.8681    2.6680
DIM:ROT:      47         2    1.5332    1.8257    2.1999
DIM:ROT:      47         3    1.4644    1.6386    2.3618
DIM:ROT:      48         1    0.9688    1.6476    2.2982
DIM:ROT:      48         2    0.9267    1.3198    1.8230
DIM:ROT:      48         3    0.8942    1.1653    1.6170
DIM:ROT:      49         1   -0.6883    2.3311    1.6699
DIM:ROT:      49         2   -0.7317    1.1349    2.1749
DIM:ROT:      49         3   -0.7632    1.4042    1.2668
DIM:ROT:      50         1   -1.3160    1.7279    2.7792
DIM:ROT:      50         2   -1.3835    1.8491    2.0608
DIM:ROT:      50         3   -1.4428    1.4609    2.3584
DIM:ROT:      51         1   -1.2717    2.1000    2.1434
DIM:ROT:      51         2   -1.3293    1.4230    2.3238
DIM:ROT:      51         3   -1.3786    1.6633    1.6780
DIM:ROT:      52         1   -1.4180    1.1810    1.9301
DIM:ROT:      52         2   -1.4542    1.4547    1.4219
DIM:ROT:      52         3   -1.4857    1.0612    1.7241
DIM:ROT:      53         1   -1.4792    1.1866    1.3026
DIM:ROT:      53         2   -1.5033    0.9733    1.4197
DIM:ROT:      53         3   -1.5263    1.0913    1.1935
DIM:ROT:      54         1   -1.4421    0.7942    1.2978
DIM:ROT:      54         2   -1.4594    0.9798    1.0046
DIM:ROT:      54         3   -1.4750    0.7450    1.2163
DIM:ROT:      55         1   -1.4239    0.8532    0.9042
DIM:ROT:      55         2   -1.4363    0.6975    1.0152
DIM:ROT:      55         3   -1.4484    0.8024    0.8499
DIM:ROT:      56         1   -1.3064    0.5582    0.9302
DIM:ROT:      56         2   -1.3152    0.7339    0.6725
DIM:ROT:      56         3   -1.3231    0.5243    0.8714
DIM:ROT:      57         1   -1.1282    0.5709    0.6272
DIM:ROT:      57         2   -1.1340    0.4750    0.6898
DIM:ROT:      57         3   -1.1397    0.5357    0.5920
DIM:ROT:      58         1   -0.7384    0.4886    0.6715
DIM:ROT:      58         2   -0.7436    0.4977    0.5761
DIM:ROT:      58         3   -0.7483    0.4345    0.6115
DIM:ROT:      59         1   -0.3256    0.6585    0.7596
DIM:ROT:      59         2   -0.3332    0.5701    0.7526
DIM:ROT:      59         3   -0.3407    0.5880    0.7140
DIM:ROT:      60         1   -0.1768    0.8165    0.8034
DIM:ROT:      60         2   -0.1879    0.6574    0.9530
DIM:ROT:      60         3   -0.1982    0.7671    0.7774
DIM:ROT:      61         1   -0.0909    0.7763    1.0871
DIM:ROT:      61         2   -0.1039    0.7961    0.9378
DIM:ROT:      61         3   -0.1170    0.7249    1.0158
DIM:ROT:      62         1   -0.1502    0.9846    0.9500
DIM:ROT:      62         2   -0.1656    0.7689    1.1364
DIM:ROT:      62         3   -0.1795    0.9096    0.8923
DIM:ROT:      63         1   -0.3008    0.8077    1.1863
DIM:ROT:      63         2   -0.3144    0.8534    0.9253
DIM:ROT:      63         3   -0.3273    0.7047    1.0296
DIM:ROT:      64         1   -0.6234    0.9735    0.9396
DIM:ROT:      64         2   -0.6360    0.6732    1.0707
DIM:ROT:      64         3   -0.6460    0.7665    0.7612
DIM:ROT:      65         1   -1.0541    0.8088    1.0891
DIM:ROT:      65         2   -1.0656    0.7255    0.9088
DIM:ROT:      65         3   -1.0754    0.6375    0.8552
DIM:ROT:      66         1   -1.4523    1.0511    0.9793
DIM:ROT:      66         2   -1.4672    0.6961    1.2062
DIM:ROT:      66         3   -1.4790    0.8504    0.8043
DIM:ROT:      67         1   -1.8863    0.9729    1.2276
DIM:ROT:      67         2   -1.9038    0.8834    1.1337
DIM:ROT:      67         3   -1.9199    0.8456    1.0642
DIM:ROT:      68         1   -2.0785    0.9895    1.1111
DIM:ROT:      68         2   -2.0962    0.8364    1.1934
DIM:ROT:      68         3   -2.1114    0.8857    1.0008
DIM:ROT:      69         1   -2.1503    0.7912    1.0752
DIM:ROT:      69         2   -2.1636    0.7818    0.9762
DIM:ROT:      69         3   -2.1764    0.7267    0.9862
DIM:ROT:      70         1   -2.1086    0.7329    0.8903
DIM:ROT:      70         2   -2.1195    0.6880    0.8921
DIM:ROT:      70         3   -2.1292    0.6771    0.8239
DIM:ROT:      71         1   -2.0470    0.6289    0.7907
DIM:ROT:      71         2   -2.0549    0.5856    0.7736
DIM:ROT:      71         3   -2.0627    0.5863    0.7369
DIM:ROT:      72         1   -1.9705    0.5280    0.6971
DIM:ROT:      72         2   -1.9768    0.5356    0.6479
DIM:ROT:      72         3   -1.9823    0.4899    0.6476
DIM:ROT:      73         1   -1.9056    0.4617    0.6092
DIM:ROT:      73         2   -1.9100    0.4560    0.5541
DIM:ROT:      73         3   -1.9144    0.4269    0.5621
DIM:ROT:      74         1   -1.9195    0.4056    0.5420
DIM:ROT:      74         2   -1.9233    0.4091    0.5115
DIM:ROT:      74         3   -1.9267    0.3790    0.5063
DIM:ROT:      75         1   -1.9500    0.3991    0.5011
DIM:ROT:      75         2   -1.9532    0.3771    0.4801
DIM:ROT:      75         3   -1.9563    0.3704    0.4652
DIM:ROT:      76         1   -1.9893    0.3681    0.4631
DIM:ROT:      76         2   -1.9921    0.3480    0.4533
DIM:ROT:      76         3   -1.9946    0.3370    0.4253
DIM:ROT:      77         1   -2.0175    0.3639    0.4460
DIM:ROT:      77         2   -2.0201    0.3281    0.4395
DIM:ROT:      77         3   -2.0225    0.3325    0.4087
DIM:ROT:      78         1   -2.0068    0.3299    0.4141
DIM:ROT:      78         2   -2.0090    0.3168    0.3983
DIM:ROT:      78         3   -2.0110    0.3005    0.3783
DIM:ROT:      79         1   -1.9415    0.3356    0.3861
DIM:ROT:      79         2   -1.9434    0.2784    0.3925
DIM:ROT:      79         3   -1.9452    0.2927    0.3419
DIM:ROT:      80         1   -1.8344    0.3487    0.4149
DIM:ROT:      80         2   -1.8363    0.2907    0.4032
DIM:ROT:      80         3   -1.8380    0.2892    0.3456
DIM:ROT:      81         1   -1.7690    0.3129    0.3769
DIM:ROT:      81         2   -1.7706    0.2672    0.3667
DIM:ROT:      81         3   -1.7722    0.2723    0.3267
DIM:ROT:      82         1   -1.7452    0.2596    0.3540
DIM:ROT:      82         2   -1.7466    0.2609    0.3198
DIM:ROT:      82         3   -1.7479    0.2343    0.3182
DIM:ROT:      83         1   -1.7356    0.2701    0.3089
DIM:ROT:      83         2   -1.7368    0.2290    0.3204
DIM:ROT:      83         3   -1.7380    0.2450    0.2811
DIM:ROT:      84         1   -1.7338    0.2204    0.3160
DIM:ROT:      84         2   -1.7349    0.2394    0.2706
DIM:ROT:      84         3   -1.7359    0.2027    0.2907
DIM:ROT:      85         1   -1.7769    0.2721    0.2819
DIM:ROT:      85         2   -1.7780    0.2115    0.3076
DIM:ROT:      85         3   -1.7790    0.2339    0.2564
DIM:ROT:      86         1   -1.8185    0.2250    0.3101
DIM:ROT:      86         2   -1.8196    0.2344    0.2703
DIM:ROT:      86         3   -1.8206    0.2037    0.2816
DIM:ROT:      87         1   -1.8883    0.2630    0.2681
DIM:ROT:      87         2   -1.8894    0.1993    0.3065
DIM:ROT:      87         3   -1.8904    0.2325    0.2436
DIM:ROT:      88         1   -2.0716    0.2901    0.3501
DIM:ROT:      88         2   -2.0730    0.2506    0.3215
DIM:ROT:      88         3   -2.0742    0.2327    0.2951
DIM:ROT:      89         1   -2.1386    0.3110    0.3600
DIM:ROT:      89         2   -2.1402    0.2589    0.3524
DIM:ROT:      89         3   -2.1417    0.2634    0.3118
DIM:ROT:      90         1   -2.1727    0.4085    0.4206
DIM:ROT:      90         2   -2.1752    0.3094    0.4556
DIM:ROT:      90         3   -2.1773    0.3277    0.3645
DIM:ROT:      91         1   -2.1351    0.4121    0.5549
DIM:ROT:      91         2   -2.1384    0.3932    0.4659
DIM:ROT:      91         3   -2.1413    0.3481    0.4748
DIM:ROT:      92         1   -2.0714    0.4659    0.4506
DIM:ROT:      92         2   -2.0747    0.3469    0.5232
DIM:ROT:      92         3   -2.0775    0.3955    0.3971
DIM:ROT:      93         1   -2.0852    0.3160    0.4590
DIM:ROT:      93         2   -2.0875    0.3377    0.3852
DIM:ROT:      93         3   -2.0898    0.2903    0.4210
DIM:ROT:      94         1   -2.1596    0.3257    0.3689
DIM:ROT:      94         2   -2.1616    0.2794    0.3935
DIM:ROT:      94         3   -2.1633    0.2939    0.3349
DIM:ROT:      95         1   -2.2095    0.2602    0.3333
DIM:ROT:      95         2   -2.2108    0.2429    0.3142
DIM:ROT:      95         3   -2.2121    0.2359    0.3027
DIM:ROT:      96         1   -2.2474    0.2229    0.3164
DIM:ROT:      96         2   -2.2485    0.2330    0.2703
DIM:ROT:      96         3   -2.2495    0.1986    0.2816
DIM:ROT:      97         1   -2.2702    0.2456    0.2454
DIM:ROT:      97         2   -2.2711    0.1826    0.2817
DIM:ROT:      97         3   -2.2720    0.2174    0.2171
DIM:ROT:      98         1   -2.2884    0.1721    0.2981
DIM:ROT:      98         2   -2.2892    0.2238    0.2017
DIM:ROT:      98         3   -2.2899    0.1512    0.2594
DIM:ROT:      99         1   -2.3263    0.3255    0.1896
DIM:ROT:      99         2   -2.3272    0.1585    0.3040
DIM:ROT:      99         3   -2.3279    0.2390    0.1622
DIM:ROT:     100         1   -2.3161    0.1674    0.2982
DIM:ROT:     100         2   -2.3169    0.2293    0.1881
DIM:ROT:     100         3   -2.3175    0.1463    0.2575
DIM:ROT:     101         1   -2.3162    0.3985    0.1917
DIM:ROT:     101         2   -2.3172    0.1725    0.3568
DIM:ROT:     101         3   -2.3181    0.2915    0.1675
DIM:ROT:     102         1   -2.3363    0.1882    0.3276
DIM:ROT:     102         2   -2.3372    0.2536    0.2096
DIM:ROT:     102         3   -2.3380    0.1658    0.2849
DIM:ROT:     103         1   -2.3294    0.4664    0.2303
DIM:ROT:     103         2   -2.3309    0.2094    0.4184
DIM:ROT:     103         3   -2.3320    0.3272    0.2073
DIM:ROT:     104         1   -2.2249    0.2716    0.4658
DIM:ROT:     104         2   -2.2261    0.2655    0.2605
DIM:ROT:     104         3   -2.2270    0.1822    0.3008
DIM:ROT:     105         1   -2.0791    0.8857    0.5830
DIM:ROT:     105         2   -2.0860    0.5528    0.7209
DIM:ROT:     105         3   -2.0914    0.5973    0.5081
DIM:ROT:     106         1   -2.0416    0.4590    0.6724
DIM:ROT:     106         2   -2.0465    0.5040    0.5621
DIM:ROT:     106         3   -2.0510    0.4174    0.6166
DIM:ROT:     107         1   -1.9590    0.6429    0.5755
DIM:ROT:     107         2   -1.9645    0.4488    0.6783
DIM:ROT:     107         3   -1.9693    0.5307    0.5092
DIM:ROT:     108         1   -1.7738    0.3715    0.6747
DIM:ROT:     108         2   -1.7774    0.4872    0.4119
DIM:ROT:     108         3   -1.7804    0.3043    0.5408
DIM:ROT:     109         1   -1.6663    0.5302    0.3511
DIM:ROT:     109         2   -1.6688    0.2569    0.5057
DIM:ROT:     109         3   -1.6707    0.3942    0.2658
DIM:ROT:     110         1   -1.5944    0.2693    0.4216
DIM:ROT:     110         2   -1.5959    0.2829    0.2919
DIM:ROT:     110         3   -1.5970    0.1999    0.3064
DIM:ROT:     111         1   -1.4850    0.5070    0.3287
DIM:ROT:     111         2   -1.4869    0.2222    0.4505
DIM:ROT:     111         3   -1.4883    0.3397    0.2214
DIM:ROT:     112         1   -1.4465    0.2874    0.4182
DIM:ROT:     112         2   -1.4484    0.2949    0.3416
DIM:ROT:     112         3   -1.4499    0.2411    0.3479
DIM:ROT:     113         1   -1.4737    0.4579    0.3224
DIM:ROT:     113         2   -1.4760    0.2597    0.4697
DIM:ROT:     113         3   -1.4779    0.3912    0.2758
DIM:ROT:     114         1   -1.4781    0.2808    0.5000
DIM:ROT:     114         2   -1.4805    0.3958    0.3251
DIM:ROT:     114         3   -1.4826    0.2556    0.4526
DIM:ROT:     115         1   -1.4810    1.1459    0.3725
DIM:ROT:     115         2   -1.4872    0.4048    0.8361
DIM:ROT:     115         3   -1.4908    0.5642    0.3454
DIM:ROT:     116         1   -1.3924    0.5579    0.7232
DIM:ROT:     116         2   -1.3987    0.5528    0.6363
DIM:ROT:     116         3   -1.4043    0.4954    0.6455
DIM:ROT:     117         1   -1.1499    1.2031    0.7995
DIM:ROT:     117         2   -1.1641    0.6496    1.2278
DIM:ROT:     117         3   -1.1769    1.0032    0.7154
DIM:ROT:     118         1   -0.5920    0.7827    1.2751
DIM:ROT:     118         2   -0.6060    0.8928    0.8793
DIM:ROT:     118         3   -0.6173    0.6397    1.0148
DIM:ROT:     119         1    0.0345    1.5177    0.9614
DIM:ROT:     119         2    0.0183    0.7133    1.3019
DIM:ROT:     119         3    0.0058    1.0005    0.7014
DIM:ROT:     120         1    0.3748    1.6601    1.2444
DIM:ROT:     120         2    0.3449    1.0297    1.6508
DIM:ROT:     120         3    0.3201    1.3246    1.0830
DIM:ROT:     121         1   -0.2132    1.5801    1.8071
DIM:ROT:     121         2   -0.2546    1.3362    1.7775
DIM:ROT:     121         3   -0.2937    1.4030    1.5715
DIM:ROT:     122         1   -0.7216    1.4683    2.1626
DIM:ROT:     122         2   -0.7613    1.3476    1.6706
DIM:ROT:     122         3   -0.7910    1.1034    1.5700
DIM:ROT:     123         1   -0.7561    2.3628    1.7898
DIM:ROT:     123         2   -0.7907    1.0639    1.8547
DIM:ROT:     123         3   -0.8126    1.2095    1.0144
DIM:ROT:     124         1   -0.6529    0.7846    1.3314
DIM:ROT:     124         2   -0.6663    0.9307    0.8037
DIM:ROT:     124         3   -0.6762    0.5924    0.9725
DIM:ROT:     125         1   -0.6662    0.8013    0.6203
DIM:ROT:     125         2   -0.6736    0.4772    0.8725
DIM:ROT:     125         3   -0.6803    0.6974    0.5371
DIM:ROT:     126         1   -0.6536    0.4307    0.7642
DIM:ROT:     126         2   -0.6590    0.6347    0.4740
DIM:ROT:     126         3   -0.6637    0.3888    0.6877
DIM:ROT:     127         1   -0.6254    0.6944    0.4245
DIM:ROT:     127         2   -0.6300    0.3739    0.6980
DIM:ROT:     127         3   -0.6343    0.6193    0.3862
DIM:ROT:     128         1   -0.5931    0.3436    0.6611
DIM:ROT:     128         2   -0.5969    0.5854    0.3630
DIM:ROT:     128         3   -0.6003    0.3165    0.6081
DIM:ROT:     129         1   -0.5633    0.6857    0.3450
DIM:ROT:     129         2   -0.5671    0.3292    0.6452
DIM:ROT:     129         3   -0.5707    0.6110    0.3194
DIM:ROT:     130         1   -0.5454    0.3121    0.6157
DIM:ROT:     130         2   -0.5486    0.5808    0.3116
DIM:ROT:     130         3   -0.5516    0.2905    0.5715
DIM:ROT:     131         1   -0.5476    0.6523    0.2924
DIM:ROT:     131         2   -0.5508    0.2920    0.5962
DIM:ROT:     131         3   -0.5537    0.6004    0.2734
DIM:ROT:     132         1   -0.5449    0.2801    0.5646
DIM:ROT:     132         2   -0.5476    0.5747    0.2622
DIM:ROT:     132         3   -0.5502    0.2630    0.5294
DIM:ROT:     133         1   -0.5478    0.6551    0.2422
DIM:ROT:     133         2   -0.5504    0.2610    0.5566
DIM:ROT:     133         3   -0.5529    0.6014    0.2276
DIM:ROT:     134         1   -0.5502    0.2462    0.5185
DIM:ROT:     134         2   -0.5524    0.5610    0.2145
DIM:ROT:     134         3   -0.5544    0.2304    0.4834
DIM:ROT:     135         1   -0.5552    0.7064    0.1958
DIM:ROT:     135         2   -0.5575    0.2394    0.5253
DIM:ROT:     135         3   -0.5594    0.5667    0.1858
DIM:ROT:     136         1   -0.5702    0.2168    0.4594
DIM:ROT:     136         2   -0.5716    0.4187    0.1820
DIM:ROT:     136         3   -0.5728    0.1851    0.3740
DIM:ROT:     137         1   -0.5700    0.4387    0.1758
DIM:ROT:     137         2   -0.5713    0.1864    0.3837
DIM:ROT:     137         3   -0.5725    0.4016    0.1687
DIM:ROT:     138         1   -0.5646    0.1821    0.3755
DIM:ROT:     138         2   -0.5658    0.3774    0.1714
DIM:ROT:     138         3   -0.5668    0.1719    0.3520
DIM:ROT:     139         1   -0.5557    0.4618    0.1796
DIM:ROT:     139         2   -0.5571    0.1917    0.3913
DIM:ROT:     139         3   -0.5582    0.3703    0.1730
DIM:ROT:     140         1   -0.5530    0.1781    0.3553
DIM:ROT:     140         2   -0.5541    0.3365    0.1731
DIM:ROT:     140         3   -0.5551    0.1665    0.3278
DIM:ROT:     141         1   -0.5088    0.4019    0.2083
DIM:ROT:     141         2   -0.5101    0.1969    0.3738
DIM:ROT:     141         3   -0.5113    0.3208    0.1987
DIM:ROT:     142         1   -0.4864    0.1988    0.3393
DIM:ROT:     142         2   -0.4875    0.2936    0.2201
DIM:ROT:     142         3   -0.4886    0.1891    0.3215
DIM:ROT:     143         1   -0.4680    0.3975    0.2218
DIM:ROT:     143         2   -0.4694    0.2060    0.3936
DIM:ROT:     143         3   -0.4708    0.3609    0.2119
DIM:ROT:     144         1   -0.4467    0.2147    0.3817
DIM:ROT:     144         2   -0.4481    0.3317    0.2367
DIM:ROT:     144         3   -0.4494    0.2041    0.3614
DIM:ROT:     145         1   -0.4393    0.3987    0.2292
DIM:ROT:     145         2   -0.4408    0.2118    0.4044
DIM:ROT:     145         3   -0.4423    0.3808    0.2198
DIM:ROT:     146         1   -0.3993    0.2300    0.4207
DIM:ROT:     146         2   -0.4010    0.3798    0.2482
DIM:ROT:     146         3   -0.4026    0.2210    0.4035
DIM:ROT:     147         1   -0.3711    0.5238    0.2523
DIM:ROT:     147         2   -0.3733    0.2496    0.4954
DIM:ROT:     147         3   -0.3755    0.4935    0.2421
DIM:ROT:     148         1   -0.3520    0.2506    0.4994
DIM:ROT:     148         2   -0.3542    0.4906    0.2492
DIM:ROT:     148         3   -0.3562    0.2409    0.4794
DIM:ROT:     149         1   -0.3321    0.6748    0.2525
DIM:ROT:     149         2   -0.3349    0.2751    0.5767
DIM:ROT:     149         3   -0.3377    0.6218    0.2416
DIM:ROT:     150         1   -0.3062    0.2806    0.5729
DIM:ROT:     150         2   -0.3089    0.5819    0.2636
DIM:ROT:     150         3   -0.3115    0.2663    0.5407
DIM:ROT:     151         1   -0.2862    0.8675    0.2703
DIM:ROT:     151         2   -0.2900    0.3159    0.6846
DIM:ROT:     151         3   -0.2936    0.7706    0.2572
DIM:ROT:     152         1   -0.2607    0.3145    0.6520
DIM:ROT:     152         2   -0.2641    0.6708    0.2823
DIM:ROT:     152         3   -0.2672    0.2933    0.6019
DIM:ROT:     153         1   -0.2188    1.1993    0.2939
DIM:ROT:     153         2   -0.2244    0.3780    0.8427
DIM:ROT:     153         3   -0.2290    0.9351    0.2773
DIM:ROT:     154         1   -0.2015    0.3481    0.7305
DIM:ROT:     154         2   -0.2051    0.6882    0.2945
DIM:ROT:     154         3   -0.2084    0.3051    0.6137
DIM:ROT:     155         1   -0.1983    0.8743    0.2858
DIM:ROT:     155         2   -0.2023    0.3275    0.7065
DIM:ROT:     155         3   -0.2061    0.7616    0.2739
DIM:ROT:     156         1   -0.1799    0.3195    0.6597
DIM:ROT:     156         2   -0.1834    0.6697    0.2919
DIM:ROT:     156         3   -0.1865    0.2998    0.6117
DIM:ROT:     157         1   -0.1291    0.8547    0.3150
DIM:ROT:     157         2   -0.1334    0.3446    0.7108
DIM:ROT:     157         3   -0.1371    0.6659    0.3056
DIM:ROT:     158         1   -0.1032    0.3261    0.6352
DIM:ROT:     158         2   -0.1066    0.5983    0.3242
DIM:ROT:     158         3   -0.1098    0.3077    0.5952
DIM:ROT:     159         1   -0.0933    0.7192    0.3168
DIM:ROT:     159         2   -0.0971    0.3238    0.6626
DIM:ROT:     159         3   -0.1009    0.6887    0.3052
DIM:ROT:     160         1   -0.0406    0.3454    0.6507
DIM:ROT:     160         2   -0.0444    0.5925    0.3589
DIM:ROT:     160         3   -0.0478    0.3264    0.6096
