MINMODE:METHOD: Dimer
DIM:CONTROL: Search Parameters:
DIM:CONTROL: ------------------
DIM:CONTROL: eigenmode_method = dimer
DIM:CONTROL: f_rot_min = 0.01
DIM:CONTROL: f_rot_max = 0.1
DIM:CONTROL: max_num_rot = 3
DIM:CONTROL: trial_angle = 0.7853981633974483
DIM:CONTROL: trial_trans_step = 0.001
DIM:CONTROL: maximum_translation = 0.1
DIM:CONTROL: cg_translation = True
DIM:CONTROL: use_central_forces = True
DIM:CONTROL: dimer_separation = 0.005
DIM:CONTROL: initial_eigenmode_method = gauss
DIM:CONTROL: extrapolate_forces = True
DIM:CONTROL: displacement_method = gauss
DIM:CONTROL: gauss_std = 0.1
DIM:CONTROL: order = 1
DIM:CONTROL: mask = None
DIM:CONTROL: displacement_center = None
DIM:CONTROL: displacement_radius = None
DIM:CONTROL: number_of_displacement_atoms = None
DIM:CONTROL: ------------------
DIM:ROT: OPT-STEP ROT-STEP CURVATURE ROT-ANGLE ROT-FORCE
DIM:ROT:       0         1    4.9694   13.1961   90.5429
DIM:ROT:       0         2  -13.9436   22.9696   44.1889
DIM:ROT:       0         3  -26.7007   10.0496   74.8134
DIM:ROT:       1         1   -7.5518   23.8944   15.1025
DIM:ROT:       1         2   -9.0552    5.6895   14.6666
DIM:ROT:       1         3   -9.8629    5.8413    8.7463
DIM:ROT:       2         1    2.2696   12.5505    4.9016
DIM:ROT:       2         2    1.6947    4.9467    6.6446
DIM:ROT:       2         3    1.2593    6.6131    3.6102
DIM:ROT:       3         1    1.9289    8.2227   12.1686
DIM:ROT:       3         2    1.1651   12.8798    3.0651
DIM:ROT:       3         3    0.7093    4.2351    6.2557
DIM:ROT:       4         1    0.9575    5.2612    6.6447
DIM:ROT:       4         2    0.5406    7.9422    2.8228
DIM:ROT:       4         3    0.2390    3.4788    5.0517
DIM:ROT:       5         1    0.5191    5.0838    5.9493
DIM:ROT:       5         2    0.2224    5.7561    2.7766
DIM:ROT:       5         3    0.0047    3.0005    4.2139
DIM:ROT:       6         1    0.1136    4.8874    5.3961
DIM:ROT:       6         2   -0.1371    5.0471    2.7003
DIM:ROT:       6         3   -0.3200    2.7957    3.8044
DIM:ROT:       7         1   -0.1280    4.7436    4.7935
DIM:ROT:       7         2   -0.3046    3.5745    2.7154
DIM:ROT:       7         3   -0.4421    2.5216    3.1409
DIM:ROT:       8         1   -0.2788    3.1507    3.3939
DIM:ROT:       8         2   -0.3855    3.0401    1.9522
DIM:ROT:       8         3   -0.4644    1.9444    2.3567
DIM:ROT:       9         1   -2.1065    3.8463    4.4395
DIM:ROT:       9         2   -2.2869    3.0747    3.5996
DIM:ROT:       9         3   -2.4514    2.7768    3.0993
DIM:ROT:      10         1    0.0709    2.1530    1.3810
DIM:ROT:      10         2    0.0349    1.4779    1.3823
DIM:ROT:      10         3    0.0056    1.5658    1.0593
DIM:ROT:      11         1    0.0929    2.8346    3.8297
DIM:ROT:      11         2    0.0623    2.1428    0.9643
DIM:ROT:      11         3    0.0398    1.0059    1.2861
DIM:ROT:      12         1    0.3767    2.9250    3.7263
DIM:ROT:      12         2    0.3312    3.0599    0.9617
DIM:ROT:      12         3    0.3010    1.2458    1.3878
DIM:ROT:      13         1    0.7527    2.6747    2.9782
DIM:ROT:      13         2    0.7002    3.0474    1.0677
DIM:ROT:      13         3    0.6613    1.3976    1.6044
DIM:ROT:      14         1    1.0835    2.9815    2.6181
DIM:ROT:      14         2    1.0180    2.8495    1.3864
DIM:ROT:      14         3    0.9678    1.6321    1.7711
DIM:ROT:      15         1    1.2787    3.4693    2.4201
DIM:ROT:      15         2    1.2095    2.1316    1.9202
DIM:ROT:      15         3    1.1544    1.8285    1.7338
DIM:ROT:      16         1    1.3799    3.4770    2.3889
DIM:ROT:      16         2    1.2970    2.0471    2.3397
DIM:ROT:      16         3    1.2261    2.3608    1.7143
DIM:ROT:      17         1    1.3914    2.9230    2.5102
DIM:ROT:      17         2    1.3039    2.1905    2.2931
DIM:ROT:      17         3    1.2297    2.2807    1.8722
DIM:ROT:      18         1    1.2746    2.8633    2.4024
DIM:ROT:      18         2    1.1889    2.1570    2.2793
DIM:ROT:      18         3    1.1134    2.3106    1.8610
DIM:ROT:      19         1    1.0640    2.5234    2.2880
DIM:ROT:      19         2    0.9869    2.1073    2.0919
DIM:ROT:      19         3    0.9199    2.0979    1.8345
DIM:ROT:      20         1    0.8410    2.3148    2.0485
DIM:ROT:      20         2    0.7763    1.9239    1.9245
DIM:ROT:      20         3    0.7180    1.9649    1.6903
DIM:ROT:      21         1    0.6677    2.0071    1.8657
DIM:ROT:      21         2    0.6138    1.7950    1.7142
DIM:ROT:      21         3    0.5661    1.7390    1.5819
DIM:ROT:      22         1    0.5550    1.8826    1.6545
DIM:ROT:      22         2    0.5098    1.6185    1.6054
DIM:ROT:      22         3    0.4681    1.6561    1.4337
DIM:ROT:      23         1    0.4800    1.7037    1.5524
DIM:ROT:      23         2    0.4399    1.5449    1.4821
DIM:ROT:      23         3    0.4041    1.5143    1.3661
DIM:ROT:      24         1    0.4196    1.6077    1.4450
DIM:ROT:      24         2    0.3848    1.4391    1.3923
DIM:ROT:      24         3    0.3527    1.4312    1.2760
DIM:ROT:      25         1    0.3598    1.5036    1.3138
DIM:ROT:      25         2    0.3296    1.3158    1.3098
DIM:ROT:      25         3    0.3029    1.3328    1.1584
DIM:ROT:      26         1    0.3058    1.2978    1.2753
DIM:ROT:      26         2    0.2812    1.2614    1.1247
DIM:ROT:      26         3    0.2588    1.1420    1.1134
DIM:ROT:      27         1    0.2537    1.3467    1.0289
DIM:ROT:      27         2    0.2332    1.0286    1.1407
DIM:ROT:      27         3    0.2152    1.1647    0.8872
DIM:ROT:      28         1    0.2111    0.9954    1.1266
DIM:ROT:      28         2    0.1950    1.1042    0.8400
DIM:ROT:      28         3    0.1808    0.8505    0.9505
DIM:ROT:      29         1    0.1714    1.3344    0.7554
DIM:ROT:      29         2    0.1577    0.7789    1.0061
DIM:ROT:      29         3    0.1462    1.0634    0.6222
DIM:ROT:      30         1    0.1421    0.7639    1.0071
DIM:ROT:      30         2    0.1318    0.9900    0.5962
DIM:ROT:      30         3    0.1232    0.6182    0.7953
DIM:ROT:      31         1    0.1163    1.4303    0.5543
DIM:ROT:      31         2    0.1074    0.6169    0.8316
DIM:ROT:      31         3    0.1011    0.8126    0.4410
DIM:ROT:      32         1    0.1011    0.5977    0.8098
DIM:ROT:      32         2    0.0952    0.7486    0.4521
DIM:ROT:      32         3    0.0905    0.4578    0.5939
DIM:ROT:      33         1    0.0884    1.2982    0.4489
DIM:ROT:      33         2    0.0829    0.5068    0.6209
DIM:ROT:      33         3    0.0795    0.5556    0.3506
DIM:ROT:      34         1    0.0834    0.4900    0.6195
DIM:ROT:      34         2    0.0797    0.5394    0.3887
DIM:ROT:      34         3    0.0768    0.3733    0.4493
DIM:ROT:      35         1    0.0792    1.0743    0.4103
DIM:ROT:      35         2    0.0755    0.4273    0.5065
DIM:ROT:      35         3    0.0730    0.4562    0.3034
DIM:ROT:      36         1    0.0792    0.4499    0.5485
DIM:ROT:      36         2    0.0763    0.4553    0.3615
DIM:ROT:      36         3    0.0741    0.3341    0.3854
DIM:ROT:      37         1    0.0782    0.9790    0.3888
DIM:ROT:      37         2    0.0752    0.3835    0.4525
DIM:ROT:      37         3    0.0732    0.4017    0.2767
DIM:ROT:      38         1    0.0804    0.4247    0.5073
DIM:ROT:      38         2    0.0779    0.4097    0.3439
DIM:ROT:      38         3    0.0760    0.3108    0.3501
DIM:ROT:      39         1    0.0809    0.9046    0.3731
DIM:ROT:      39         2    0.0783    0.3541    0.4203
DIM:ROT:      39         3    0.0766    0.3717    0.2588
DIM:ROT:      40         1    0.0834    0.4062    0.4810
DIM:ROT:      40         2    0.0812    0.3804    0.3299
DIM:ROT:      40         3    0.0795    0.2938    0.3269
DIM:ROT:      41         1    0.0842    0.8815    0.3609
DIM:ROT:      41         2    0.0819    0.3373    0.3939
DIM:ROT:      41         3    0.0804    0.3469    0.2477
DIM:ROT:      42         1    0.0862    0.3925    0.4568
DIM:ROT:      42         2    0.0842    0.3595    0.3221
DIM:ROT:      42         3    0.0826    0.2852    0.3119
DIM:ROT:      43         1    0.0865    0.8706    0.3522
DIM:ROT:      43         2    0.0843    0.3250    0.3946
DIM:ROT:      43         3    0.0828    0.3475    0.2434
DIM:ROT:      44         1    0.0877    0.3896    0.4613
DIM:ROT:      44         2    0.0857    0.3650    0.3213
DIM:ROT:      44         3    0.0841    0.2855    0.3178
DIM:ROT:      45         1    0.0856    0.9093    0.3536
DIM:ROT:      45         2    0.0833    0.3353    0.4077
DIM:ROT:      45         3    0.0817    0.3613    0.2533
DIM:ROT:      46         1    0.0842    0.3996    0.4745
DIM:ROT:      46         2    0.0819    0.3878    0.3360
DIM:ROT:      46         3    0.0801    0.3051    0.3421
DIM:ROT:      47         1    0.0772    1.0594    0.3723
DIM:ROT:      47         2    0.0742    0.3776    0.4636
DIM:ROT:      47         3    0.0721    0.4089    0.2906
DIM:ROT:      48         1    0.0687    0.4480    0.5346
DIM:ROT:      48         2    0.0656    0.4606    0.3862
DIM:ROT:      48         3    0.0630    0.3650    0.4139
DIM:ROT:      49         1    0.0496    1.3942    0.4337
DIM:ROT:      49         2    0.0443    0.4877    0.6461
DIM:ROT:      49         3    0.0403    0.5890    0.3837
DIM:ROT:      50         1    0.0231    0.5928    0.7263
DIM:ROT:      50         2    0.0169    0.6816    0.5263
DIM:ROT:      50         3    0.0112    0.5289    0.6236
DIM:ROT:      51         1   -0.0344    2.3952    0.6130
DIM:ROT:      51         2   -0.0517    0.8333    1.2298
DIM:ROT:      51         3   -0.0654    1.2148    0.6370
DIM:ROT:      52         1   -0.1210    0.9886    1.2887
DIM:ROT:      52         2   -0.1417    1.3510    0.8844
DIM:ROT:      52         3   -0.1624    0.9681    1.2333
DIM:ROT:      53         1   -0.2272    1.4512    1.2748
DIM:ROT:      53         2   -0.2597    1.2994    1.4148
DIM:ROT:      53         3   -0.2916    1.4501    1.2826
DIM:ROT:      54         1   -0.2153    1.1793    1.1307
DIM:ROT:      54         2   -0.2364    1.1296    1.0778
DIM:ROT:      54         3   -0.2575    1.1218    1.0692
DIM:ROT:      55         1    0.1855    3.0338    1.7686
DIM:ROT:      55         2    0.1512    1.2547    1.6530
DIM:ROT:      55         3    0.1297    1.3480    0.9057
DIM:ROT:      56         1    0.0067    0.8226    1.3078
DIM:ROT:      56         2   -0.0020    1.0086    0.4940
DIM:ROT:      56         3   -0.0076    0.4827    0.6726
DIM:ROT:      57         1   -0.1028    1.5969    0.6169
DIM:ROT:      57         2   -0.1123    0.6857    0.8704
DIM:ROT:      57         3   -0.1209    0.9107    0.5214
DIM:ROT:      58         1    0.0226    1.0224    1.2483
DIM:ROT:      58         2    0.0064    0.9720    0.9539
DIM:ROT:      58         3   -0.0065    0.7993    0.9533
DIM:ROT:      59         1    0.1941    5.1797    2.1190
DIM:ROT:      59         2    0.1427    1.5092    2.1642
DIM:ROT:      59         3    0.1087    1.7461    1.1205
DIM:ROT:      60         1    0.0686    0.9955    1.4295
DIM:ROT:      60         2    0.0512    1.2720    0.8036
DIM:ROT:      60         3    0.0364    0.7697    1.0795
DIM:ROT:      61         1    0.0135    0.9227    0.7539
DIM:ROT:      61         2    0.0045    0.6726    0.7697
DIM:ROT:      61         3   -0.0032    0.7317    0.5982
DIM:ROT:      62         1    0.0084    0.6683    0.6341
DIM:ROT:      62         2    0.0033    0.5591    0.5406
DIM:ROT:      62         3   -0.0013    0.5239    0.4866
DIM:ROT:      63         1    0.0589    2.3540    1.1068
DIM:ROT:      63         2    0.0421    1.1094    0.9367
DIM:ROT:      63         3    0.0319    0.9782    0.6202
DIM:ROT:      64         1    0.0283    0.7233    0.7445
DIM:ROT:      64         2    0.0220    0.6534    0.5654
DIM:ROT:      64         3    0.0165    0.5470    0.5647
DIM:ROT:      65         1    0.0211    0.6831    0.5941
DIM:ROT:      65         2    0.0161    0.5198    0.5607
DIM:ROT:      65         3    0.0118    0.5334    0.4571
DIM:ROT:      66         1    0.0193    0.6525    0.5554
DIM:ROT:      66         2    0.0151    0.4799    0.5236
DIM:ROT:      66         3    0.0112    0.5057    0.4199
DIM:ROT:      67         1    0.0205    0.6054    0.5436
DIM:ROT:      67         2    0.0165    0.4613    0.4967
DIM:ROT:      67         3    0.0132    0.4663    0.4083
DIM:ROT:      68         1    0.0240    0.5767    0.5536
DIM:ROT:      68         2    0.0204    0.4617    0.4691
DIM:ROT:      68         3    0.0170    0.4406    0.4097
DIM:ROT:      69         1    0.0273    0.5808    0.5277
DIM:ROT:      69         2    0.0239    0.4345    0.4750
DIM:ROT:      69         3    0.0208    0.4388    0.3887
DIM:ROT:      70         1    0.0301    0.5584    0.5265
DIM:ROT:      70         2    0.0269    0.4318    0.4533
DIM:ROT:      70         3    0.0238    0.4208    0.3863
DIM:ROT:      71         1    0.0320    0.5343    0.5292
DIM:ROT:      71         2    0.0289    0.4265    0.4413
DIM:ROT:      71         3    0.0260    0.4019    0.3858
DIM:ROT:      72         1    0.0323    0.5201    0.5592
DIM:ROT:      72         2    0.0291    0.4483    0.4266
DIM:ROT:      72         3    0.0262    0.3890    0.4032
DIM:ROT:      73         1    0.0304    0.5177    0.5899
DIM:ROT:      73         2    0.0270    0.4761    0.4276
DIM:ROT:      73         3    0.0239    0.3911    0.4285
DIM:ROT:      74         1    0.0251    0.5441    0.6396
DIM:ROT:      74         2    0.0212    0.5311    0.4503
DIM:ROT:      74         3    0.0174    0.4221    0.4775
DIM:ROT:      75         1    0.0140    0.6058    0.6820
DIM:ROT:      75         2    0.0089    0.5928    0.5160
DIM:ROT:      75         3    0.0039    0.5000    0.5454
DIM:ROT:      76         1   -0.0073    0.7575    0.7245
DIM:ROT:      76         2   -0.0147    0.6713    0.6670
DIM:ROT:      76         3   -0.0226    0.6747    0.6358
DIM:ROT:      77         1   -0.0386    1.3115    0.7214
DIM:ROT:      77         2   -0.0525    0.7921    1.0453
DIM:ROT:      77         3   -0.0673    1.1803    0.6948
DIM:ROT:      78         1   -0.1430    1.2221    1.1560
DIM:ROT:      78         2   -0.1686    1.1874    1.2089
DIM:ROT:      78         3   -0.1932    1.2392    1.1773
DIM:ROT:      79         1   -0.0479    1.4190    1.4806
DIM:ROT:      79         2   -0.0800    1.4236    1.3115
DIM:ROT:      79         3   -0.1149    1.3932    1.4096
DIM:ROT:      80         1    0.1486    3.5396    1.9782
DIM:ROT:      80         2    0.0963    1.4208    2.1997
DIM:ROT:      80         3    0.0648    1.8316    1.0097
DIM:ROT:      81         1    0.0631    1.3110    2.3018
DIM:ROT:      81         2    0.0404    2.0722    0.6489
DIM:ROT:      81         3    0.0258    0.7105    1.1735
DIM:ROT:      82         1    0.0319    0.7119    1.0902
DIM:ROT:      82         2    0.0235    1.0430    0.4848
DIM:ROT:      82         3    0.0161    0.5195    0.7722
DIM:ROT:      83         1    0.0258    0.7141    1.1135
DIM:ROT:      83         2    0.0187    0.9428    0.4607
DIM:ROT:      83         3    0.0126    0.4760    0.6935
DIM:ROT:      84         1    0.0249    0.7372    1.1692
DIM:ROT:      84         2    0.0177    0.9629    0.4550
DIM:ROT:      84         3    0.0117    0.4726    0.6889
DIM:ROT:      85         1    0.0257    0.7681    1.2298
DIM:ROT:      85         2    0.0181    1.0035    0.4619
DIM:ROT:      85         3    0.0118    0.4853    0.7072
DIM:ROT:      86         1    0.0279    0.8016    1.2865
DIM:ROT:      86         2    0.0197    1.0530    0.4758
DIM:ROT:      86         3    0.0129    0.5065    0.7371
DIM:ROT:      87         1    0.0317    0.8319    1.3342
DIM:ROT:      87         2    0.0230    1.0954    0.4900
DIM:ROT:      87         3    0.0156    0.5266    0.7635
DIM:ROT:      88         1    0.0380    0.8609    1.3788
DIM:ROT:      88         2    0.0288    1.1211    0.4997
DIM:ROT:      88         3    0.0212    0.5390    0.7762
DIM:ROT:      89         1    0.1089    0.8432    1.2923
DIM:ROT:      89         2    0.1005    1.0297    0.4861
DIM:ROT:      89         3    0.0943    0.5048    0.7040
DIM:ROT:      90         1    0.3375    1.3234    1.1272
DIM:ROT:      90         2    0.3170    1.1557    0.9802
DIM:ROT:      90         3    0.3006    1.0609    0.9178
DIM:ROT:      91         1    0.3375    1.2887    1.6732
DIM:ROT:      91         2    0.3119    1.8683    0.7922
DIM:ROT:      91         3    0.2895    0.9806    1.2691
DIM:ROT:      92         1    0.2806    1.2820    0.8298
DIM:ROT:      92         2    0.2659    0.9415    0.9241
DIM:ROT:      92         3    0.2530    0.9822    0.7385
DIM:ROT:      93         1    0.2523    0.8694    0.8615
DIM:ROT:      93         2    0.2416    0.7918    0.7826
DIM:ROT:      93         3    0.2316    0.7609    0.7486
DIM:ROT:      94         1    0.2369    0.9082    0.8499
DIM:ROT:      94         2    0.2262    0.8068    0.7709
DIM:ROT:      94         3    0.2166    0.7513    0.7323
DIM:ROT:      95         1    0.2228    0.8422    0.8290
DIM:ROT:      95         2    0.2129    0.7641    0.7526
DIM:ROT:      95         3    0.2038    0.7255    0.7156
DIM:ROT:      96         1    0.2090    0.8879    0.7517
DIM:ROT:      96         2    0.1994    0.7094    0.7825
DIM:ROT:      96         3    0.1908    0.7566    0.6521
DIM:ROT:      97         1    0.1966    0.7502    0.8022
DIM:ROT:      97         2    0.1878    0.7398    0.6825
DIM:ROT:      97         3    0.1798    0.6559    0.6940
DIM:ROT:      98         1    0.1846    0.8644    0.6685
DIM:ROT:      98         2    0.1762    0.6356    0.7600
DIM:ROT:      98         3    0.1687    0.7422    0.5778
DIM:ROT:      99         1    0.1742    0.6679    0.7564
DIM:ROT:      99         2    0.1668    0.6983    0.6074
DIM:ROT:      99         3    0.1601    0.5841    0.6512
DIM:ROT:     100         1    0.1650    0.8322    0.5908
DIM:ROT:     100         2    0.1579    0.5660    0.7175
DIM:ROT:     100         3    0.1516    0.7118    0.5050
DIM:ROT:     101         1    0.1576    0.5941    0.7104
DIM:ROT:     101         2    0.1515    0.6568    0.5332
DIM:ROT:     101         3    0.1460    0.5150    0.6043
DIM:ROT:     102         1    0.1516    0.8116    0.5268
DIM:ROT:     102         2    0.1456    0.5096    0.6747
DIM:ROT:     102         3    0.1403    0.6815    0.4433
DIM:ROT:     103         1    0.1469    0.5393    0.6675
DIM:ROT:     103         2    0.1417    0.6168    0.4767
DIM:ROT:     103         3    0.1372    0.4629    0.5604
DIM:ROT:     104         1    0.1437    0.7874    0.4827
DIM:ROT:     104         2    0.1384    0.4703    0.6312
DIM:ROT:     104         3    0.1340    0.6427    0.4008
DIM:ROT:     105         1    0.1414    0.5056    0.6288
DIM:ROT:     105         2    0.1368    0.5778    0.4430
DIM:ROT:     105         3    0.1329    0.4309    0.5223
DIM:ROT:     106         1    0.1396    0.7895    0.4563
DIM:ROT:     106         2    0.1347    0.4517    0.6104
DIM:ROT:     106         3    0.1306    0.6284    0.3775
DIM:ROT:     107         1    0.1382    0.4918    0.6136
DIM:ROT:     107         2    0.1339    0.5664    0.4279
DIM:ROT:     107         3    0.1302    0.4200    0.5097
DIM:ROT:     108         1    0.1407    0.7626    0.4490
DIM:ROT:     108         2    0.1360    0.4445    0.5924
DIM:ROT:     108         3    0.1320    0.6105    0.3735
DIM:ROT:     109         1    0.1512    0.4840    0.5884
DIM:ROT:     109         2    0.1471    0.5437    0.4270
DIM:ROT:     109         3    0.1434    0.4206    0.4972
DIM:ROT:     110         1    0.1537    0.4058    0.4682
DIM:ROT:     110         2    0.1508    0.4462    0.3632
DIM:ROT:     110         3    0.1482    0.3639    0.4185
DIM:ROT:     111         1    0.1472    0.5653    0.3680
DIM:ROT:     111         2    0.1443    0.3587    0.4544
DIM:ROT:     111         3    0.1416    0.4735    0.3248
DIM:ROT:     112         1    0.1416    0.3972    0.5272
DIM:ROT:     112         2    0.1385    0.5008    0.3523
DIM:ROT:     112         3    0.1357    0.3581    0.4585
DIM:ROT:     113         1    0.1332    0.7531    0.3888
DIM:ROT:     113         2    0.1291    0.4256    0.5577
DIM:ROT:     113         3    0.1252    0.5950    0.3675
DIM:ROT:     114         1    0.1230    0.4821    0.6449
DIM:ROT:     114         2    0.1179    0.6648    0.4407
DIM:ROT:     114         3    0.1129    0.4722    0.6182
DIM:ROT:     115         1    0.1053    1.0983    0.5042
DIM:ROT:     115         2    0.0965    0.6133    0.8423
DIM:ROT:     115         3    0.0876    0.9350    0.5304
DIM:ROT:     116         1    0.0758    0.7192    0.9816
DIM:ROT:     116         2    0.0629    1.1014    0.6710
DIM:ROT:     116         3    0.0492    0.7641    1.0335
DIM:ROT:     117         1    0.0198    1.9138    0.7868
DIM:ROT:     117         2   -0.0079    1.0434    1.5331
DIM:ROT:     117         3   -0.0373    1.8421    0.9021
DIM:ROT:     118         1   -0.0739    1.2123    1.7641
DIM:ROT:     118         2   -0.1158    2.1931    1.0903
DIM:ROT:     118         3   -0.1622    1.3584    1.9716
DIM:ROT:     119         1   -0.2149    2.0496    1.2634
DIM:ROT:     119         2   -0.2635    1.4681    1.8911
DIM:ROT:     119         3   -0.3155    2.1405    1.3900
DIM:ROT:     120         1   -0.1927    1.2020    1.9891
DIM:ROT:     120         2   -0.2255    2.0947    0.8933
DIM:ROT:     120         3   -0.2564    1.0423    1.6998
DIM:ROT:     121         1    0.1042    1.1076    0.9209
DIM:ROT:     121         2    0.0938    0.7751    0.7950
DIM:ROT:     121         3    0.0866    0.6536    0.6235
DIM:ROT:     122         1   -0.1579    0.9921    1.0801
DIM:ROT:     122         2   -0.1707    0.9642    0.7812
DIM:ROT:     122         3   -0.1827    0.7748    0.8955
DIM:ROT:     123         1   -0.3641    2.1435    1.1256
DIM:ROT:     123         2   -0.4029    1.3272    1.7154
DIM:ROT:     123         3   -0.4404    1.7971    1.1732
DIM:ROT:     124         1   -0.1657    1.1705    1.8615
DIM:ROT:     124         2   -0.1903    1.4277    0.9722
DIM:ROT:     124         3   -0.2096    0.8499    1.2900
DIM:ROT:     125         1    0.4955    3.3133    1.8673
DIM:ROT:     125         2    0.4369    1.8249    1.9462
DIM:ROT:     125         3    0.4004    1.7039    1.2439
DIM:ROT:     126         1    0.0907    1.0839    1.7193
DIM:ROT:     126         2    0.0836    0.6948    0.6015
DIM:ROT:     126         3    0.0790    0.4683    0.5918
DIM:ROT:     127         1   -0.1661    1.2993    1.2222
DIM:ROT:     127         2   -0.1833    1.1232    0.9145
DIM:ROT:     127         3   -0.1988    0.9442    0.9222
DIM:ROT:     128         1   -0.4128    2.1882    1.1871
DIM:ROT:     128         2   -0.4507    1.2711    1.7543
DIM:ROT:     128         3   -0.4866    1.7004    1.1822
DIM:ROT:     129         1   -0.4133    1.2443    1.7157
DIM:ROT:     129         2   -0.4465    1.4912    1.2670
DIM:ROT:     129         3   -0.4794    1.1657    1.5906
DIM:ROT:     130         1    0.2121    1.2927    1.5271
DIM:ROT:     130         2    0.1908    1.1833    1.0597
DIM:ROT:     130         3    0.1721    0.9250    1.0954
DIM:ROT:     131         1   -0.2131    1.2767    1.3730
DIM:ROT:     131         2   -0.2281    1.0841    0.8337
DIM:ROT:     131         3   -0.2425    0.8516    0.9354
DIM:ROT:     132         1   -0.5475    1.9029    1.4695
DIM:ROT:     132         2   -0.5813    1.4174    1.4251
DIM:ROT:     132         3   -0.6155    1.4261    1.3246
DIM:ROT:     133         1   -0.7521    1.8061    1.6279
DIM:ROT:     133         2   -0.7947    1.4688    1.7230
DIM:ROT:     133         3   -0.8393    1.5846    1.5547
DIM:ROT:     134         1   -0.4084    1.4810    2.1693
DIM:ROT:     134         2   -0.4490    1.9248    1.2358
DIM:ROT:     134         3   -0.4886    1.2380    1.8495
DIM:ROT:     135         1   -0.1860    1.8305    2.1848
DIM:ROT:     135         2   -0.2385    2.0862    1.5191
DIM:ROT:     135         3   -0.2932    1.5931    1.8678
DIM:ROT:     136         1   -0.2942    3.6489    2.6629
DIM:ROT:     136         2   -0.4396    2.8820    3.0084
DIM:ROT:     136         3   -0.5976    3.3959    2.5705
DIM:ROT:     137         1    0.0079    4.0174    2.6958
DIM:ROT:     137         2   -0.1327    2.4862    3.3757
DIM:ROT:     137         3   -0.2612    3.0429    2.3673
DIM:ROT:     138         1   -0.0624    5.8199    4.6618
DIM:ROT:     138         2   -0.3740    4.0656    4.5297
DIM:ROT:     138         3   -0.6307    4.0772    3.5529
DIM:ROT:     139         1    0.2389    4.2006    4.8025
DIM:ROT:     139         2    0.0329    3.3052    3.7305
DIM:ROT:     139         3   -0.1264    2.8349    3.2095
DIM:ROT:     140         1   -0.1317    2.2466    2.9843
DIM:ROT:     140         2   -0.2214    2.4059    2.1606
DIM:ROT:     140         3   -0.2916    1.7633    2.3614
DIM:ROT:     141         1   -1.0061    2.4586    2.5273
DIM:ROT:     141         2   -1.0953    2.0583    2.6484
DIM:ROT:     141         3   -1.1863    2.2110    2.2764
DIM:ROT:     142         1   -0.7483    1.7024    2.9754
DIM:ROT:     142         2   -0.8132    2.6773    1.3910
DIM:ROT:     142         3   -0.8635    1.3234    2.2713
DIM:ROT:     143         1   -0.9910    2.8009    1.2988
DIM:ROT:     143         2   -1.0420    1.4395    1.9690
DIM:ROT:     143         3   -1.0782    1.9430    1.1452
DIM:ROT:     144         1   -1.5692    2.1512    1.5915
DIM:ROT:     144         2   -1.6212    1.5800    1.8572
DIM:ROT:     144         3   -1.6658    1.7424    1.4959
DIM:ROT:     145         1   -0.9902    1.7608    2.4941
DIM:ROT:     145         2   -1.0413    2.2576    1.2412
DIM:ROT:     145         3   -1.0850    1.3854    1.8545
DIM:ROT:     146         1   -1.8514    2.1166    2.2623
DIM:ROT:     146         2   -1.9155    1.8460    1.8026
DIM:ROT:     146         3   -1.9596    1.5714    1.7908
DIM:ROT:     147         1   -2.8349    2.8489    3.2267
DIM:ROT:     147         2   -2.9532    2.6106    2.4034
DIM:ROT:     147         3   -3.0380    2.0873    2.4820
DIM:ROT:     148         1   -2.6646    2.4316    3.0972
DIM:ROT:     148         2   -2.7436    2.2273    1.8539
DIM:ROT:     148         3   -2.7990    1.6583    2.0480
DIM:ROT:     149         1   -2.8983    3.0480    4.8382
DIM:ROT:     149         2   -2.9887    2.3466    1.9388
DIM:ROT:     149         3   -3.0406    1.4847    2.0501
DIM:ROT:     150         1   -4.0828    2.6985    3.0269
DIM:ROT:     150         2   -4.1920    2.6640    2.1485
DIM:ROT:     150         3   -4.2663    2.0234    2.2477
DIM:ROT:     151         1   -3.4396    1.7693    1.8448
DIM:ROT:     151         2   -3.4743    1.1851    1.4511
DIM:ROT:     151         3   -3.4962    1.1033    1.2032
DIM:ROT:     152         1   -3.1126    1.2329    1.3208
DIM:ROT:     152         2   -3.1344    0.9699    1.0991
DIM:ROT:     152         3   -3.1487    0.8883    0.9848
DIM:ROT:     153         1   -3.9398    1.0493    1.7595
DIM:ROT:     153         2   -3.9613    1.1588    0.8806
DIM:ROT:     153         3   -3.9754    0.7016    1.1537
DIM:ROT:     154         1   -3.2060    1.4324    2.2704
DIM:ROT:     154         2   -3.2258    1.1044    0.7556
DIM:ROT:     154         3   -3.2354    0.6299    0.8244
DIM:ROT:     155         1   -2.3084    0.9629    0.9940
DIM:ROT:     155         2   -2.3190    0.6939    0.6837
DIM:ROT:     155         3   -2.3253    0.5931    0.6108
DIM:ROT:     156         1   -2.5346    0.8286    1.3397
DIM:ROT:     156         2   -2.5445    0.6719    0.5697
DIM:ROT:     156         3   -2.5491    0.4343    0.6274
DIM:ROT:     157         1   -2.5395    0.4609    0.6185
DIM:ROT:     157         2   -2.5440    0.4551    0.4066
DIM:ROT:     157         3   -2.5467    0.3333    0.4554
DIM:ROT:     158         1   -2.1536    0.4135    0.4892
DIM:ROT:     158         2   -2.1575    0.3921    0.4164
DIM:ROT:     158         3   -2.1600    0.3465    0.4122
DIM:ROT:     159         1   -2.4281    0.3645    0.4349
DIM:ROT:     159         2   -2.4299    0.3073    0.3472
DIM:ROT:     159         3   -2.4321    0.2814    0.3231
DIM:ROT:     160         1   -2.4315    0.3744    0.4817
DIM:ROT:     160         2   -2.4329    0.3856    0.2680
DIM:ROT:     160         3   -2.4351    0.2597    0.3148
