      Step     Time          Energy          fmax
BFGS:    0 16:38:35    -9342.745907        2.481800
BFGS:    1 16:38:35    -9342.975146        3.451604
BFGS:    2 16:38:35    -9343.119194       10.707451
BFGS:    3 16:38:35    -9343.370045        3.494703
BFGS:    4 16:38:35    -9343.471297        3.718736
BFGS:    5 16:38:35    -9343.511003        3.819921
BFGS:    6 16:38:35    -9343.538667        3.814453
BFGS:    7 16:38:35    -9343.640715        3.830319
BFGS:    8 16:38:35    -9343.656425        3.824026
BFGS:    9 16:38:35    -9343.688796        3.789713
BFGS:   10 16:38:35    -9343.708905        3.748840
BFGS:   11 16:38:35    -9343.738061        3.686100
BFGS:   12 16:38:35    -9343.772122        3.621056
BFGS:   13 16:38:35    -9343.821226        3.457614
BFGS:   14 16:38:35    -9343.876057        3.225188
BFGS:   15 16:38:35    -9343.938969        3.048406
BFGS:   16 16:38:35    -9344.011786        2.874231
BFGS:   17 16:38:35    -9344.100457        2.748683
BFGS:   18 16:38:35    -9344.184060        2.685754
BFGS:   19 16:38:35    -9344.296112        2.700678
BFGS:   20 16:38:35    -9344.360566        2.578603
BFGS:   21 16:38:35    -9344.444986        2.363308
BFGS:   22 16:38:35    -9344.542158        2.001564
BFGS:   23 16:38:35    -9344.644609        1.550938
BFGS:   24 16:38:35    -9344.746863        1.174722
BFGS:   25 16:38:35    -9344.852591        1.096323
BFGS:   26 16:38:35    -9344.938378        0.937118
BFGS:   27 16:38:35    -9344.994315        2.330812
BFGS:   28 16:38:35    -9345.035787        0.725655
BFGS:   29 16:38:35    -9345.063188        0.611699
BFGS:   30 16:38:35    -9345.099751        0.394313
BFGS:   31 16:38:35    -9345.118944        0.280245
BFGS:   32 16:38:35    -9345.136349        0.247361
BFGS:   33 16:38:35    -9345.143736        0.255336
BFGS:   34 16:38:35    -9345.147782        0.276907
BFGS:   35 16:38:35    -9345.152584        0.324329
BFGS:   36 16:38:35    -9345.161538        0.418590
BFGS:   37 16:38:35    -9345.173235        0.406248
BFGS:   38 16:38:35    -9345.184210        0.288265
BFGS:   39 16:38:35    -9345.192237        0.213319
BFGS:   40 16:38:35    -9345.197177        0.186625
BFGS:   41 16:38:35    -9345.201037        0.160490
BFGS:   42 16:38:35    -9345.203795        0.135964
BFGS:   43 16:38:35    -9345.205624        0.144293
BFGS:   44 16:38:35    -9345.207212        0.159511
BFGS:   45 16:38:35    -9345.208894        0.150643
BFGS:   46 16:38:35    -9345.210540        0.117540
BFGS:   47 16:38:35    -9345.211929        0.115905
BFGS:   48 16:38:35    -9345.213165        0.112787
BFGS:   49 16:38:35    -9345.214523        0.109399
BFGS:   50 16:38:35    -9345.216228        0.129540
BFGS:   51 16:38:35    -9345.218632        0.147412
BFGS:   52 16:38:35    -9345.222369        0.192279
BFGS:   53 16:38:35    -9345.227850        0.253633
BFGS:   54 16:38:36    -9345.234151        0.318200
BFGS:   55 16:38:36    -9345.237284        0.541843
BFGS:   56 16:38:36    -9345.237943        0.480815
BFGS:   57 16:38:36    -9345.243570        0.239311
BFGS:   58 16:38:36    -9345.245397        0.201347
BFGS:   59 16:38:36    -9345.249545        0.321858
BFGS:   60 16:38:36    -9345.252140        0.155750
BFGS:   61 16:38:36    -9345.255263        0.150067
BFGS:   62 16:38:36    -9345.257956        0.154703
BFGS:   63 16:38:36    -9345.259842        0.135430
BFGS:   64 16:38:36    -9345.262383        0.174649
BFGS:   65 16:38:36    -9345.263969        0.112596
BFGS:   66 16:38:36    -9345.265052        0.159881
BFGS:   67 16:38:36    -9345.265776        0.079100
BFGS:   68 16:38:36    -9345.266370        0.069704
BFGS:   69 16:38:36    -9345.266676        0.067826
BFGS:   70 16:38:36    -9345.267029        0.069714
BFGS:   71 16:38:36    -9345.267260        0.060176
BFGS:   72 16:38:36    -9345.267460        0.040733
BFGS:   73 16:38:36    -9345.267602        0.033360
BFGS:   74 16:38:36    -9345.267713        0.035046
BFGS:   75 16:38:36    -9345.267829        0.037467
BFGS:   76 16:38:36    -9345.268012        0.049720
BFGS:   77 16:38:36    -9345.268294        0.060133
BFGS:   78 16:38:36    -9345.268728        0.064852
BFGS:   79 16:38:36    -9345.269346        0.078718
BFGS:   80 16:38:36    -9345.270219        0.097716
BFGS:   81 16:38:36    -9345.271376        0.111047
BFGS:   82 16:38:36    -9345.272690        0.127020
BFGS:   83 16:38:36    -9345.273786        0.109124
BFGS:   84 16:38:36    -9345.274554        0.079304
BFGS:   85 16:38:36    -9345.275001        0.146188
BFGS:   86 16:38:36    -9345.275300        0.055983
BFGS:   87 16:38:36    -9345.275590        0.044149
BFGS:   88 16:38:36    -9345.275901        0.035827
BFGS:   89 16:38:36    -9345.276064        0.045626
BFGS:   90 16:38:36    -9345.276248        0.040135
BFGS:   91 16:38:36    -9345.276406        0.036335
BFGS:   92 16:38:36    -9345.276533        0.031320
BFGS:   93 16:38:36    -9345.276631        0.032368
BFGS:   94 16:38:36    -9345.276698        0.032499
BFGS:   95 16:38:36    -9345.276765        0.032751
BFGS:   96 16:38:36    -9345.276834        0.031000
BFGS:   97 16:38:36    -9345.276910        0.038149
BFGS:   98 16:38:36    -9345.277009        0.036529
BFGS:   99 16:38:36    -9345.277168        0.043014
BFGS:  100 16:38:36    -9345.277402        0.045918
BFGS:  101 16:38:36    -9345.277672        0.051495
BFGS:  102 16:38:36    -9345.277901        0.048261
BFGS:  103 16:38:36    -9345.278051        0.047247
BFGS:  104 16:38:36    -9345.278210        0.060743
BFGS:  105 16:38:36    -9345.278587        0.083959
BFGS:  106 16:38:36    -9345.279382        0.106137
BFGS:  107 16:38:36    -9345.280481        0.152049
BFGS:  108 16:38:36    -9345.281712        0.123994
BFGS:  109 16:38:36    -9345.282625        0.116467
BFGS:  110 16:38:36    -9345.282472        0.127735
BFGS:  111 16:38:36    -9345.283365        0.038306
BFGS:  112 16:38:36    -9345.283548        0.050135
BFGS:  113 16:38:36    -9345.283846        0.053806
BFGS:  114 16:38:36    -9345.284043        0.043213
BFGS:  115 16:38:36    -9345.284127        0.021864
BFGS:  116 16:38:37    -9345.284186        0.013689
BFGS:  117 16:38:37    -9345.284202        0.012563
BFGS:  118 16:38:37    -9345.284207        0.006714
BFGS:  119 16:38:37    -9345.284212        0.005742
BFGS:  120 16:38:37    -9345.284216        0.006225
BFGS:  121 16:38:37    -9345.284221        0.004425
