MinModeTranslate: STEP      TIME          ENERGY    MAX-FORCE     STEPSIZE    CURVATURE  ROT-STEPS
MinModeTranslate:    0  15:47:21    -9342.408201       4.7481     --------   -12.156621          3
MinModeTranslate:    0  15:47:21    -9342.408201       4.7481     0.100000   -12.156621          3
MinModeTranslate:    1  15:47:21    -9342.272188       5.1600     --------   -11.156656          3
MinModeTranslate:    1  15:47:21    -9342.272188       5.1600     0.100000   -11.156656          3
MinModeTranslate:    2  15:47:21    -9342.120404       2.4474     --------   -17.897585          3
MinModeTranslate:    2  15:47:21    -9342.120404       2.4474     0.100000   -17.897585          3
MinModeTranslate:    3  15:47:21    -9341.988784       2.3551     --------   -34.240822          3
MinModeTranslate:    3  15:47:21    -9341.988784       2.3551     0.068784   -34.240822          3
MinModeTranslate:    4  15:47:21    -9342.002672       1.9398     --------   -37.694080          3
MinModeTranslate:    4  15:47:21    -9342.002672       1.9398     0.058989   -37.694080          3
MinModeTranslate:    5  15:47:21    -9342.076883       0.8886     --------   -40.052596          3
MinModeTranslate:    5  15:47:21    -9342.076883       0.8886     0.100000   -40.052596          3
MinModeTranslate:    6  15:47:22    -9342.149797       1.4675     --------   -39.502530          3
MinModeTranslate:    6  15:47:22    -9342.149797       1.4675     0.100000   -39.502530          3
MinModeTranslate:    7  15:47:22    -9342.204711       0.9707     --------   -36.626176          3
MinModeTranslate:    7  15:47:22    -9342.204711       0.9707     0.031286   -36.626176          3
MinModeTranslate:    8  15:47:22    -9342.219680       1.0578     --------   -36.536415          3
MinModeTranslate:    8  15:47:22    -9342.219680       1.0578     0.100000   -36.536415          3
MinModeTranslate:    9  15:47:22    -9342.269376       0.9299     --------   -27.218720          3
MinModeTranslate:    9  15:47:22    -9342.269376       0.9299     0.069191   -27.218720          3
MinModeTranslate:   10  15:47:22    -9342.297924       1.1855     --------   -22.716131          3
MinModeTranslate:   10  15:47:22    -9342.297924       1.1855     0.042547   -22.716131          3
MinModeTranslate:   11  15:47:22    -9342.309384       0.7777     --------   -22.610650          3
MinModeTranslate:   11  15:47:22    -9342.309384       0.7777     0.048649   -22.610650          3
MinModeTranslate:   12  15:47:22    -9342.326761       0.4094     --------   -20.557226          3
MinModeTranslate:   12  15:47:22    -9342.326761       0.4094     0.027117   -20.557226          3
MinModeTranslate:   13  15:47:22    -9342.336220       0.7736     --------   -18.361866          3
MinModeTranslate:   13  15:47:22    -9342.336220       0.7736     0.044033   -18.361866          3
MinModeTranslate:   14  15:47:22    -9342.350186       0.5880     --------   -17.905923          3
MinModeTranslate:   14  15:47:22    -9342.350186       0.5880     0.085077   -17.905923          3
MinModeTranslate:   15  15:47:22    -9342.371542       0.6060     --------   -16.063628          3
MinModeTranslate:   15  15:47:22    -9342.371542       0.6060     0.088347   -16.063628          3
MinModeTranslate:   16  15:47:22    -9342.389917       1.1606     --------   -13.702398          3
MinModeTranslate:   16  15:47:22    -9342.389917       1.1606     0.097178   -13.702398          3
MinModeTranslate:   17  15:47:22    -9342.408468       0.7727     --------   -13.709038          3
MinModeTranslate:   17  15:47:22    -9342.408468       0.7727     0.100000   -13.709038          3
MinModeTranslate:   18  15:47:23    -9342.433847       0.5388     --------   -12.469282          3
MinModeTranslate:   18  15:47:23    -9342.433847       0.5388     0.028972   -12.469282          3
MinModeTranslate:   19  15:47:23    -9342.443618       0.9079     --------   -11.386228          3
MinModeTranslate:   19  15:47:23    -9342.443618       0.9079     0.055167   -11.386228          3
MinModeTranslate:   20  15:47:23    -9342.458178       0.7019     --------   -11.929885          3
MinModeTranslate:   20  15:47:23    -9342.458178       0.7019     0.034933   -11.929885          3
MinModeTranslate:   21  15:47:23    -9342.469106       0.6458     --------   -12.109738          3
MinModeTranslate:   21  15:47:23    -9342.469106       0.6458     0.021595   -12.109738          3
MinModeTranslate:   22  15:47:23    -9342.474910       0.3585     --------   -11.202141          3
MinModeTranslate:   22  15:47:23    -9342.474910       0.3585     0.043888   -11.202141          3
MinModeTranslate:   23  15:47:23    -9342.484243       0.5114     --------   -11.579708          3
MinModeTranslate:   23  15:47:23    -9342.484243       0.5114     0.056086   -11.579708          3
MinModeTranslate:   24  15:47:23    -9342.496665       0.7198     --------   -12.709476          3
MinModeTranslate:   24  15:47:23    -9342.496665       0.7198     0.036625   -12.709476          3
MinModeTranslate:   25  15:47:23    -9342.504811       0.3311     --------   -11.879237          3
MinModeTranslate:   25  15:47:23    -9342.504811       0.3311     0.021698   -11.879237          3
MinModeTranslate:   26  15:47:23    -9342.507666       0.2264     --------   -11.782529          3
MinModeTranslate:   26  15:47:23    -9342.507666       0.2264     0.013129   -11.782529          3
MinModeTranslate:   27  15:47:23    -9342.509775       0.4262     --------   -12.066328          3
MinModeTranslate:   27  15:47:23    -9342.509775       0.4262     0.021793   -12.066328          3
MinModeTranslate:   28  15:47:23    -9342.512671       0.3511     --------   -11.265541          3
MinModeTranslate:   28  15:47:23    -9342.512671       0.3511     0.028026   -11.265541          3
MinModeTranslate:   29  15:47:23    -9342.515720       0.2940     --------   -10.419970          3
MinModeTranslate:   29  15:47:23    -9342.515720       0.2940     0.012127   -10.419970          3
MinModeTranslate:   30  15:47:23    -9342.517260       0.2763     --------   -10.763223          3
MinModeTranslate:   30  15:47:24    -9342.517260       0.2763     0.021125   -10.763223          3
MinModeTranslate:   31  15:47:24    -9342.519715       0.2127     --------   -10.827184          3
MinModeTranslate:   31  15:47:24    -9342.519715       0.2127     0.026432   -10.827184          3
MinModeTranslate:   32  15:47:24    -9342.521887       0.2031     --------   -11.273151          3
MinModeTranslate:   32  15:47:24    -9342.521887       0.2031     0.009889   -11.273151          3
MinModeTranslate:   33  15:47:24    -9342.522638       0.1996     --------   -11.798624          3
MinModeTranslate:   33  15:47:24    -9342.522638       0.1996     0.013682   -11.798624          3
MinModeTranslate:   34  15:47:24    -9342.523485       0.1578     --------   -11.949691          3
MinModeTranslate:   34  15:47:24    -9342.523485       0.1578     0.032155   -11.949691          3
MinModeTranslate:   35  15:47:24    -9342.525504       0.1278     --------   -12.739262          3
MinModeTranslate:   35  15:47:24    -9342.525504       0.1278     0.014867   -12.739262          3
MinModeTranslate:   36  15:47:24    -9342.526546       0.2130     --------   -13.025979          3
MinModeTranslate:   36  15:47:24    -9342.526546       0.2130     0.016223   -13.025979          3
MinModeTranslate:   37  15:47:24    -9342.527550       0.2143     --------   -12.581780          3
MinModeTranslate:   37  15:47:24    -9342.527550       0.2143     0.046567   -12.581780          3
MinModeTranslate:   38  15:47:24    -9342.530084       0.2371     --------   -12.002433          3
MinModeTranslate:   38  15:47:24    -9342.530084       0.2371     0.037857   -12.002433          3
MinModeTranslate:   39  15:47:24    -9342.532126       0.2100     --------   -11.432069          3
MinModeTranslate:   39  15:47:24    -9342.532126       0.2100     0.032332   -11.432069          3
MinModeTranslate:   40  15:47:24    -9342.533874       0.3178     --------   -10.446510          3
MinModeTranslate:   40  15:47:24    -9342.533874       0.3178     0.053829   -10.446510          3
MinModeTranslate:   41  15:47:24    -9342.536864       0.3449     --------    -9.956837          3
MinModeTranslate:   41  15:47:24    -9342.536864       0.3449     0.062554    -9.956837          3
MinModeTranslate:   42  15:47:25    -9342.541167       0.2098     --------    -9.636090          3
MinModeTranslate:   42  15:47:25    -9342.541167       0.2098     0.038665    -9.636090          3
MinModeTranslate:   43  15:47:25    -9342.543668       0.3922     --------    -9.156902          3
MinModeTranslate:   43  15:47:25    -9342.543668       0.3922     0.070049    -9.156902          3
MinModeTranslate:   44  15:47:25    -9342.547825       0.2768     --------    -9.708657          3
MinModeTranslate:   44  15:47:25    -9342.547825       0.2768     0.025846    -9.708657          3
MinModeTranslate:   45  15:47:25    -9342.549486       0.2173     --------   -10.159834          3
MinModeTranslate:   45  15:47:25    -9342.549486       0.2173     0.017123   -10.159834          3
MinModeTranslate:   46  15:47:25    -9342.550300       0.2212     --------   -10.061224          3
MinModeTranslate:   46  15:47:25    -9342.550300       0.2212     0.030155   -10.061224          3
MinModeTranslate:   47  15:47:25    -9342.551809       0.2372     --------   -10.877134          3
MinModeTranslate:   47  15:47:25    -9342.551809       0.2372     0.018150   -10.877134          3
MinModeTranslate:   48  15:47:25    -9342.553076       0.1119     --------   -11.349501          3
MinModeTranslate:   48  15:47:25    -9342.553076       0.1119     0.009039   -11.349501          3
MinModeTranslate:   49  15:47:25    -9342.553693       0.1972     --------   -11.252419          3
MinModeTranslate:   49  15:47:25    -9342.553693       0.1972     0.022029   -11.252419          3
MinModeTranslate:   50  15:47:25    -9342.555182       0.2472     --------   -11.707217          3
MinModeTranslate:   50  15:47:25    -9342.555182       0.2472     0.027319   -11.707217          3
MinModeTranslate:   51  15:47:25    -9342.556799       0.1487     --------   -11.932050          3
MinModeTranslate:   51  15:47:25    -9342.556799       0.1487     0.006405   -11.932050          3
MinModeTranslate:   52  15:47:25    -9342.557035       0.1240     --------   -11.700698          3
MinModeTranslate:   52  15:47:25    -9342.557035       0.1240     0.014480   -11.700698          3
MinModeTranslate:   53  15:47:26    -9342.557329       0.1187     --------   -11.540997          3
MinModeTranslate:   53  15:47:26    -9342.557329       0.1187     0.012654   -11.540997          3
MinModeTranslate:   54  15:47:26    -9342.557767       0.0912     --------   -11.286837          3
MinModeTranslate:   54  15:47:26    -9342.557767       0.0912     0.004230   -11.286837          3
MinModeTranslate:   55  15:47:26    -9342.557929       0.0770     --------   -11.060538          3
MinModeTranslate:   55  15:47:26    -9342.557929       0.0770     0.005557   -11.060538          3
MinModeTranslate:   56  15:47:26    -9342.558141       0.0754     --------   -11.063840          3
MinModeTranslate:   56  15:47:26    -9342.558141       0.0754     0.008133   -11.063840          3
MinModeTranslate:   57  15:47:26    -9342.558426       0.0667     --------   -11.067189          3
MinModeTranslate:   57  15:47:26    -9342.558426       0.0667     0.004297   -11.067189          3
MinModeTranslate:   58  15:47:26    -9342.558528       0.0919     --------   -10.964092          3
MinModeTranslate:   58  15:47:26    -9342.558528       0.0919     0.008199   -10.964092          3
MinModeTranslate:   59  15:47:26    -9342.558702       0.0792     --------   -11.107993          2
MinModeTranslate:   59  15:47:26    -9342.558702       0.0792     0.010561   -11.107993          2
MinModeTranslate:   60  15:47:26    -9342.558921       0.0625     --------   -11.326719          3
MinModeTranslate:   60  15:47:26    -9342.558921       0.0625     0.003918   -11.326719          3
MinModeTranslate:   61  15:47:26    -9342.559008       0.0500     --------   -11.290303          3
MinModeTranslate:   61  15:47:26    -9342.559008       0.0500     0.004857   -11.290303          3
MinModeTranslate:   62  15:47:26    -9342.559108       0.0576     --------   -11.380165          1
MinModeTranslate:   62  15:47:26    -9342.559108       0.0576     0.009139   -11.380165          1
MinModeTranslate:   63  15:47:26    -9342.559293       0.0576     --------   -11.408359          1
MinModeTranslate:   63  15:47:26    -9342.559293       0.0576     0.006024   -11.408359          1
MinModeTranslate:   64  15:47:26    -9342.559405       0.0785     --------   -11.295660          3
MinModeTranslate:   64  15:47:26    -9342.559405       0.0785     0.010618   -11.295660          3
MinModeTranslate:   65  15:47:26    -9342.559584       0.0870     --------   -11.336516          3
MinModeTranslate:   65  15:47:27    -9342.559584       0.0870     0.031031   -11.336516          3
MinModeTranslate:   66  15:47:27    -9342.560080       0.0858     --------   -11.131885          3
MinModeTranslate:   66  15:47:27    -9342.560080       0.0858     0.012272   -11.131885          3
MinModeTranslate:   67  15:47:27    -9342.560272       0.0862     --------   -10.940543          3
MinModeTranslate:   67  15:47:27    -9342.560272       0.0862     0.012063   -10.940543          3
MinModeTranslate:   68  15:47:27    -9342.560477       0.0795     --------   -11.066458          3
MinModeTranslate:   68  15:47:27    -9342.560477       0.0795     0.031419   -11.066458          3
MinModeTranslate:   69  15:47:27    -9342.561009       0.0926     --------   -11.320376          3
MinModeTranslate:   69  15:47:27    -9342.561009       0.0926     0.016296   -11.320376          3
MinModeTranslate:   70  15:47:27    -9342.561277       0.1133     --------   -11.267766          3
MinModeTranslate:   70  15:47:27    -9342.561277       0.1133     0.013303   -11.267766          3
MinModeTranslate:   71  15:47:27    -9342.561475       0.0531     --------   -11.434219          3
MinModeTranslate:   71  15:47:27    -9342.561475       0.0531     0.026451   -11.434219          3
MinModeTranslate:   72  15:47:27    -9342.561906       0.1072     --------   -11.574760          3
MinModeTranslate:   72  15:47:27    -9342.561906       0.1072     0.029537   -11.574760          3
MinModeTranslate:   73  15:47:27    -9342.562418       0.1582     --------   -11.366989          3
MinModeTranslate:   73  15:47:27    -9342.562418       0.1582     0.034211   -11.366989          3
MinModeTranslate:   74  15:47:27    -9342.562979       0.1023     --------   -11.424504          3
MinModeTranslate:   74  15:47:27    -9342.562979       0.1023     0.014527   -11.424504          3
MinModeTranslate:   75  15:47:27    -9342.563301       0.1336     --------   -11.478500          3
MinModeTranslate:   75  15:47:27    -9342.563301       0.1336     0.018393   -11.478500          3
MinModeTranslate:   76  15:47:27    -9342.563713       0.1401     --------   -11.233479          3
MinModeTranslate:   76  15:47:27    -9342.563713       0.1401     0.036760   -11.233479          3
MinModeTranslate:   77  15:47:28    -9342.564440       0.1469     --------   -11.233024          3
MinModeTranslate:   77  15:47:28    -9342.564440       0.1469     0.027121   -11.233024          3
MinModeTranslate:   78  15:47:28    -9342.564987       0.1964     --------   -11.360282          3
MinModeTranslate:   78  15:47:28    -9342.564987       0.1964     0.024645   -11.360282          3
MinModeTranslate:   79  15:47:28    -9342.565533       0.1069     --------   -11.147246          3
MinModeTranslate:   79  15:47:28    -9342.565533       0.1069     0.019640   -11.147246          3
MinModeTranslate:   80  15:47:28    -9342.565963       0.0615     --------   -11.261392          3
MinModeTranslate:   80  15:47:28    -9342.565963       0.0615     0.005303   -11.261392          3
MinModeTranslate:   81  15:47:28    -9342.566057       0.0773     --------   -11.427052          3
MinModeTranslate:   81  15:47:28    -9342.566057       0.0773     0.010146   -11.427052          3
MinModeTranslate:   82  15:47:28    -9342.566229       0.0936     --------   -11.508497          3
MinModeTranslate:   82  15:47:28    -9342.566229       0.0936     0.016145   -11.508497          3
MinModeTranslate:   83  15:47:28    -9342.566524       0.0638     --------   -11.810760          3
MinModeTranslate:   83  15:47:28    -9342.566524       0.0638     0.004466   -11.810760          3
MinModeTranslate:   84  15:47:28    -9342.566607       0.0679     --------   -11.949686          3
MinModeTranslate:   84  15:47:28    -9342.566607       0.0679     0.006031   -11.949686          3
MinModeTranslate:   85  15:47:28    -9342.566727       0.0674     --------   -11.884439          3
MinModeTranslate:   85  15:47:28    -9342.566727       0.0674     0.010682   -11.884439          3
MinModeTranslate:   86  15:47:28    -9342.566888       0.0563     --------   -11.731127          3
MinModeTranslate:   86  15:47:28    -9342.566888       0.0563     0.005854   -11.731127          3
MinModeTranslate:   87  15:47:28    -9342.566986       0.0619     --------   -11.727441          3
MinModeTranslate:   87  15:47:28    -9342.566986       0.0619     0.004741   -11.727441          3
MinModeTranslate:   88  15:47:29    -9342.567047       0.0342     --------   -11.584684          3
MinModeTranslate:   88  15:47:29    -9342.567047       0.0342     0.004262   -11.584684          3
MinModeTranslate:   89  15:47:29    -9342.567098       0.0390     --------   -11.487593          3
MinModeTranslate:   89  15:47:29    -9342.567098       0.0390     0.005186   -11.487593          3
MinModeTranslate:   90  15:47:29    -9342.567170       0.0555     --------   -11.488415          3
MinModeTranslate:   90  15:47:29    -9342.567170       0.0555     0.005531   -11.488415          3
MinModeTranslate:   91  15:47:29    -9342.567246       0.0324     --------   -11.387558          3
MinModeTranslate:   91  15:47:29    -9342.567246       0.0324     0.007908   -11.387558          3
MinModeTranslate:   92  15:47:29    -9342.567341       0.0740     --------   -11.376554          3
MinModeTranslate:   92  15:47:29    -9342.567341       0.0740     0.007205   -11.376554          3
MinModeTranslate:   93  15:47:29    -9342.567415       0.0404     --------   -11.523171          3
MinModeTranslate:   93  15:47:29    -9342.567415       0.0404     0.003983   -11.523171          3
MinModeTranslate:   94  15:47:29    -9342.567462       0.0317     --------   -11.558183          1
MinModeTranslate:   94  15:47:29    -9342.567462       0.0317     0.003430   -11.558183          1
MinModeTranslate:   95  15:47:29    -9342.567480       0.0434     --------   -11.578510          3
MinModeTranslate:   95  15:47:29    -9342.567480       0.0434     0.003191   -11.578510          3
MinModeTranslate:   96  15:47:29    -9342.567506       0.0269     --------   -11.689459          3
MinModeTranslate:   96  15:47:29    -9342.567506       0.0269     0.003457   -11.689459          3
MinModeTranslate:   97  15:47:29    -9342.567533       0.0258     --------   -11.726781          1
MinModeTranslate:   97  15:47:29    -9342.567533       0.0258     0.005175   -11.726781          1
MinModeTranslate:   98  15:47:29    -9342.567585       0.0582     --------   -11.710302          3
MinModeTranslate:   98  15:47:29    -9342.567585       0.0582     0.005119   -11.710302          3
MinModeTranslate:   99  15:47:29    -9342.567643       0.0271     --------   -11.787329          1
MinModeTranslate:   99  15:47:29    -9342.567643       0.0271     0.004413   -11.787329          1
MinModeTranslate:  100  15:47:30    -9342.567671       0.0359     --------   -11.766899          3
MinModeTranslate:  100  15:47:30    -9342.567671       0.0359     0.004684   -11.766899          3
MinModeTranslate:  101  15:47:30    -9342.567698       0.0456     --------   -11.667113          3
MinModeTranslate:  101  15:47:30    -9342.567698       0.0456     0.004585   -11.667113          3
MinModeTranslate:  102  15:47:30    -9342.567720       0.0240     --------   -11.653165          3
MinModeTranslate:  102  15:47:30    -9342.567720       0.0240     0.002274   -11.653165          3
MinModeTranslate:  103  15:47:30    -9342.567730       0.0148     --------   -11.625765          1
MinModeTranslate:  103  15:47:30    -9342.567730       0.0148     0.001521   -11.625765          1
MinModeTranslate:  104  15:47:30    -9342.567739       0.0264     --------   -11.586661          1
MinModeTranslate:  104  15:47:30    -9342.567739       0.0264     0.002882   -11.586661          1
MinModeTranslate:  105  15:47:30    -9342.567763       0.0192     --------   -11.607926          1
MinModeTranslate:  105  15:47:30    -9342.567763       0.0192     0.002950   -11.607926          1
MinModeTranslate:  106  15:47:30    -9342.567776       0.0173     --------   -11.628492          1
MinModeTranslate:  106  15:47:30    -9342.567776       0.0173     0.001214   -11.628492          1
MinModeTranslate:  107  15:47:30    -9342.567787       0.0156     --------   -11.616617          1
MinModeTranslate:  107  15:47:30    -9342.567787       0.0156     0.002263   -11.616617          1
MinModeTranslate:  108  15:47:30    -9342.567801       0.0204     --------   -11.672987          1
MinModeTranslate:  108  15:47:30    -9342.567801       0.0204     0.006448   -11.672987          1
MinModeTranslate:  109  15:47:30    -9342.567824       0.0341     --------   -11.811337          2
MinModeTranslate:  109  15:47:30    -9342.567824       0.0341     0.002464   -11.811337          2
MinModeTranslate:  110  15:47:30    -9342.567841       0.0160     --------   -11.808419          1
MinModeTranslate:  110  15:47:30    -9342.567841       0.0160     0.002874   -11.808419          1
MinModeTranslate:  111  15:47:30    -9342.567853       0.0231     --------   -11.812760          1
MinModeTranslate:  111  15:47:31    -9342.567853       0.0231     0.004785   -11.812760          1
MinModeTranslate:  112  15:47:31    -9342.567872       0.0378     --------   -11.813150          2
MinModeTranslate:  112  15:47:31    -9342.567872       0.0378     0.003992   -11.813150          2
MinModeTranslate:  113  15:47:31    -9342.567892       0.0221     --------   -11.739412          3
MinModeTranslate:  113  15:47:31    -9342.567892       0.0221     0.006053   -11.739412          3
MinModeTranslate:  114  15:47:31    -9342.567913       0.0300     --------   -11.669627          3
MinModeTranslate:  114  15:47:31    -9342.567913       0.0300     0.003539   -11.669627          3
MinModeTranslate:  115  15:47:31    -9342.567920       0.0237     --------   -11.659816          2
MinModeTranslate:  115  15:47:31    -9342.567920       0.0237     0.001639   -11.659816          2
MinModeTranslate:  116  15:47:31    -9342.567934       0.0138     --------   -11.632489          1
MinModeTranslate:  116  15:47:31    -9342.567934       0.0138     0.003363   -11.632489          1
MinModeTranslate:  117  15:47:31    -9342.567943       0.0196     --------   -11.648394          1
MinModeTranslate:  117  15:47:31    -9342.567943       0.0196     0.002664   -11.648394          1
MinModeTranslate:  118  15:47:31    -9342.567955       0.0233     --------   -11.703444          1
MinModeTranslate:  118  15:47:31    -9342.567955       0.0233     0.002784   -11.703444          1
MinModeTranslate:  119  15:47:31    -9342.567961       0.0119     --------   -11.710578          1
MinModeTranslate:  119  15:47:31    -9342.567961       0.0119     0.001845   -11.710578          1
MinModeTranslate:  120  15:47:31    -9342.567966       0.0150     --------   -11.715266          1
MinModeTranslate:  120  15:47:31    -9342.567966       0.0150     0.001830   -11.715266          1
MinModeTranslate:  121  15:47:31    -9342.567970       0.0159     --------   -11.752003          1
MinModeTranslate:  121  15:47:31    -9342.567970       0.0159     0.003753   -11.752003          1
MinModeTranslate:  122  15:47:31    -9342.567991       0.0173     --------   -11.743521          2
MinModeTranslate:  122  15:47:31    -9342.567991       0.0173     0.002218   -11.743521          2
MinModeTranslate:  123  15:47:31    -9342.567996       0.0136     --------   -11.727614          1
MinModeTranslate:  123  15:47:31    -9342.567996       0.0136     0.001178   -11.727614          1
MinModeTranslate:  124  15:47:31    -9342.568003       0.0117     --------   -11.740017          1
MinModeTranslate:  124  15:47:31    -9342.568003       0.0117     0.004679   -11.740017          1
MinModeTranslate:  125  15:47:31    -9342.568009       0.0206     --------   -11.684557          2
MinModeTranslate:  125  15:47:32    -9342.568009       0.0206     0.004115   -11.684557          2
MinModeTranslate:  126  15:47:32    -9342.568024       0.0250     --------   -11.617269          3
MinModeTranslate:  126  15:47:32    -9342.568024       0.0250     0.003647   -11.617269          3
MinModeTranslate:  127  15:47:32    -9342.568037       0.0172     --------   -11.613603          1
MinModeTranslate:  127  15:47:32    -9342.568037       0.0172     0.005508   -11.613603          1
MinModeTranslate:  128  15:47:32    -9342.568055       0.0133     --------   -11.584352          1
MinModeTranslate:  128  15:47:32    -9342.568055       0.0133     0.002691   -11.584352          1
MinModeTranslate:  129  15:47:32    -9342.568061       0.0205     --------   -11.570201          1
MinModeTranslate:  129  15:47:32    -9342.568061       0.0205     0.002603   -11.570201          1
MinModeTranslate:  130  15:47:32    -9342.568064       0.0160     --------   -11.611072          1
MinModeTranslate:  130  15:47:32    -9342.568064       0.0160     0.004248   -11.611072          1
MinModeTranslate:  131  15:47:32    -9342.568080       0.0113     --------   -11.657137          1
MinModeTranslate:  131  15:47:32    -9342.568080       0.0113     0.001157   -11.657137          1
MinModeTranslate:  132  15:47:32    -9342.568083       0.0113     --------   -11.653468          1
MinModeTranslate:  132  15:47:32    -9342.568083       0.0113     0.001824   -11.653468          1
MinModeTranslate:  133  15:47:32    -9342.568087       0.0166     --------   -11.691301          1
MinModeTranslate:  133  15:47:32    -9342.568087       0.0166     0.004272   -11.691301          1
MinModeTranslate:  134  15:47:32    -9342.568094       0.0181     --------   -11.740997          1
MinModeTranslate:  134  15:47:32    -9342.568094       0.0181     0.003271   -11.740997          1
MinModeTranslate:  135  15:47:32    -9342.568108       0.0169     --------   -11.725763          2
MinModeTranslate:  135  15:47:32    -9342.568108       0.0169     0.003523   -11.725763          2
MinModeTranslate:  136  15:47:32    -9342.568121       0.0120     --------   -11.748941          1
MinModeTranslate:  136  15:47:32    -9342.568121       0.0120     0.002132   -11.748941          1
MinModeTranslate:  137  15:47:32    -9342.568121       0.0147     --------   -11.744006          1
MinModeTranslate:  137  15:47:32    -9342.568121       0.0147     0.001911   -11.744006          1
MinModeTranslate:  138  15:47:32    -9342.568131       0.0127     --------   -11.702357          1
MinModeTranslate:  138  15:47:32    -9342.568131       0.0127     0.003685   -11.702357          1
MinModeTranslate:  139  15:47:32    -9342.568135       0.0140     --------   -11.654957          1
MinModeTranslate:  139  15:47:32    -9342.568135       0.0140     0.001878   -11.654957          1
MinModeTranslate:  140  15:47:32    -9342.568144       0.0166     --------   -11.645777          1
MinModeTranslate:  140  15:47:32    -9342.568144       0.0166     0.001823   -11.645777          1
MinModeTranslate:  141  15:47:32    -9342.568149       0.0108     --------   -11.612170          1
MinModeTranslate:  141  15:47:32    -9342.568149       0.0108     0.001451   -11.612170          1
MinModeTranslate:  142  15:47:33    -9342.568154       0.0084     --------   -11.615273          1
MinModeTranslate:  142  15:47:33    -9342.568154       0.0084     0.001340   -11.615273          1
MinModeTranslate:  143  15:47:33    -9342.568158       0.0174     --------   -11.637627          1
MinModeTranslate:  143  15:47:33    -9342.568158       0.0174     0.001865   -11.637627          1
MinModeTranslate:  144  15:47:33    -9342.568154       0.0099     --------   -11.643045          1
MinModeTranslate:  144  15:47:33    -9342.568154       0.0099     0.001330   -11.643045          1
MinModeTranslate:  145  15:47:33    -9342.568159       0.0064     --------   -11.661478          1
MinModeTranslate:  145  15:47:33    -9342.568159       0.0064     0.000589   -11.661478          1
MinModeTranslate:  146  15:47:33    -9342.568159       0.0104     --------   -11.673240          1
MinModeTranslate:  146  15:47:33    -9342.568159       0.0104     0.001368   -11.673240          1
MinModeTranslate:  147  15:47:33    -9342.568160       0.0075     --------   -11.669916          1
MinModeTranslate:  147  15:47:33    -9342.568160       0.0075     0.001123   -11.669916          1
MinModeTranslate:  148  15:47:33    -9342.568158       0.0067     --------   -11.660367          1
MinModeTranslate:  148  15:47:33    -9342.568158       0.0067     0.000898   -11.660367          1
MinModeTranslate:  149  15:47:33    -9342.568161       0.0102     --------   -11.663319          1
MinModeTranslate:  149  15:47:33    -9342.568161       0.0102     0.001897   -11.663319          1
MinModeTranslate:  150  15:47:33    -9342.568165       0.0116     --------   -11.628149          1
MinModeTranslate:  150  15:47:33    -9342.568165       0.0116     0.001545   -11.628149          1
MinModeTranslate:  151  15:47:33    -9342.568167       0.0098     --------   -11.597542          1
MinModeTranslate:  151  15:47:33    -9342.568167       0.0098     0.000862   -11.597542          1
MinModeTranslate:  152  15:47:33    -9342.568166       0.0080     --------   -11.597163          1
MinModeTranslate:  152  15:47:33    -9342.568166       0.0080     0.001507   -11.597163          1
MinModeTranslate:  153  15:47:33    -9342.568176       0.0072     --------   -11.580745          1
MinModeTranslate:  153  15:47:33    -9342.568176       0.0072     0.001556   -11.580745          1
MinModeTranslate:  154  15:47:33    -9342.568180       0.0112     --------   -11.567134          1
MinModeTranslate:  154  15:47:33    -9342.568180       0.0112     0.001185   -11.567134          1
MinModeTranslate:  155  15:47:33    -9342.568178       0.0085     --------   -11.583175          1
MinModeTranslate:  155  15:47:33    -9342.568178       0.0085     0.001074   -11.583175          1
MinModeTranslate:  156  15:47:34    -9342.568179       0.0069     --------   -11.584965          1
MinModeTranslate:  156  15:47:34    -9342.568179       0.0069     0.000745   -11.584965          1
MinModeTranslate:  157  15:47:34    -9342.568180       0.0071     --------   -11.582721          1
MinModeTranslate:  157  15:47:34    -9342.568180       0.0071     0.000386   -11.582721          1
MinModeTranslate:  158  15:47:34    -9342.568181       0.0037     --------   -11.597573          1
