MinModeTranslate: STEP      TIME          ENERGY    MAX-FORCE     STEPSIZE    CURVATURE  ROT-STEPS
MinModeTranslate:    0  17:21:47   -12455.693901       0.8666     --------     8.620373          3
MinModeTranslate:    0  17:21:47   -12455.693901       0.8666     0.100000     8.620373          3
MinModeTranslate:    1  17:21:47   -12455.496910       1.5202     --------     9.637693          3
MinModeTranslate:    1  17:21:47   -12455.496910       1.5202     0.100000     9.637693          3
MinModeTranslate:    2  17:21:47   -12455.132681       1.4992     --------     7.661277          3
MinModeTranslate:    2  17:21:47   -12455.132681       1.4992     0.100000     7.661277          3
MinModeTranslate:    3  17:21:47   -12454.766917       1.3710     --------     3.714763          3
MinModeTranslate:    3  17:21:47   -12454.766917       1.3710     0.100000     3.714763          3
MinModeTranslate:    4  17:21:47   -12454.463347       1.2787     --------     3.507313          3
MinModeTranslate:    4  17:21:47   -12454.463347       1.2787     0.100000     3.507313          3
MinModeTranslate:    5  17:21:47   -12454.178535       1.1487     --------     4.166479          3
MinModeTranslate:    5  17:21:47   -12454.178535       1.1487     0.100000     4.166479          3
MinModeTranslate:    6  17:21:47   -12453.909311       0.9232     --------     3.540413          3
MinModeTranslate:    6  17:21:47   -12453.909311       0.9232     0.100000     3.540413          3
MinModeTranslate:    7  17:21:47   -12453.671637       0.8322     --------     3.175099          3
MinModeTranslate:    7  17:21:47   -12453.671637       0.8322     0.100000     3.175099          3
MinModeTranslate:    8  17:21:47   -12453.449817       0.9006     --------     2.788967          3
MinModeTranslate:    8  17:21:47   -12453.449817       0.9006     0.100000     2.788967          3
MinModeTranslate:    9  17:21:47   -12453.204763       0.8918     --------     2.530928          3
MinModeTranslate:    9  17:21:48   -12453.204763       0.8918     0.100000     2.530928          3
MinModeTranslate:   10  17:21:48   -12452.962069       0.9717     --------     1.627763          3
MinModeTranslate:   10  17:21:48   -12452.962069       0.9717     0.100000     1.627763          3
MinModeTranslate:   11  17:21:48   -12452.702477       6.8297     --------    -0.293757          3
MinModeTranslate:   11  17:21:48   -12452.702477       6.8297     0.100000    -0.293757          3
MinModeTranslate:   12  17:21:48   -12452.629848       5.3782     --------    -2.587586          3
MinModeTranslate:   12  17:21:48   -12452.629848       5.3782     0.100000    -2.587586          3
MinModeTranslate:   13  17:21:48   -12453.261353       3.8322     --------    -8.788058          3
MinModeTranslate:   13  17:21:48   -12453.261353       3.8322     0.100000    -8.788058          3
MinModeTranslate:   14  17:21:48   -12453.839323       3.6250     --------   -13.774379          3
MinModeTranslate:   14  17:21:48   -12453.839323       3.6250     0.100000   -13.774379          3
MinModeTranslate:   15  17:21:48   -12454.416002       3.3267     --------   -16.353914          3
MinModeTranslate:   15  17:21:48   -12454.416002       3.3267     0.100000   -16.353914          3
MinModeTranslate:   16  17:21:48   -12454.879966       1.9968     --------   -13.682361          3
MinModeTranslate:   16  17:21:48   -12454.879966       1.9968     0.100000   -13.682361          3
MinModeTranslate:   17  17:21:48   -12455.243828       1.6737     --------   -11.945552          3
MinModeTranslate:   17  17:21:48   -12455.243828       1.6737     0.100000   -11.945552          3
MinModeTranslate:   18  17:21:48   -12455.514461       1.7152     --------    -9.947374          3
MinModeTranslate:   18  17:21:48   -12455.514461       1.7152     0.100000    -9.947374          3
MinModeTranslate:   19  17:21:48   -12455.680627       2.9110     --------    -8.625570          3
MinModeTranslate:   19  17:21:48   -12455.680627       2.9110     0.100000    -8.625570          3
MinModeTranslate:   20  17:21:49   -12455.849701       2.2948     --------    -7.524858          3
MinModeTranslate:   20  17:21:49   -12455.849701       2.2948     0.027013    -7.524858          3
MinModeTranslate:   21  17:21:49   -12455.901548       0.5337     --------    -7.909554          3
MinModeTranslate:   21  17:21:49   -12455.901548       0.5337     0.100000    -7.909554          3
MinModeTranslate:   22  17:21:49   -12456.016116       1.1240     --------    -8.462687          3
MinModeTranslate:   22  17:21:49   -12456.016116       1.1240     0.088251    -8.462687          3
MinModeTranslate:   23  17:21:49   -12456.091052       1.6046     --------    -6.474499          3
MinModeTranslate:   23  17:21:49   -12456.091052       1.6046     0.100000    -6.474499          3
MinModeTranslate:   24  17:21:49   -12456.171151       1.7681     --------    -6.144500          3
MinModeTranslate:   24  17:21:49   -12456.171151       1.7681     0.056339    -6.144500          3
MinModeTranslate:   25  17:21:49   -12456.233230       0.9318     --------    -8.244347          3
MinModeTranslate:   25  17:21:49   -12456.233230       0.9318     0.100000    -8.244347          3
MinModeTranslate:   26  17:21:49   -12456.289834       1.6226     --------   -10.024800          3
MinModeTranslate:   26  17:21:49   -12456.289834       1.6226     0.100000   -10.024800          3
MinModeTranslate:   27  17:21:49   -12456.394541       0.9948     --------    -9.099082          3
MinModeTranslate:   27  17:21:49   -12456.394541       0.9948     0.100000    -9.099082          3
MinModeTranslate:   28  17:21:49   -12456.464475       0.7284     --------    -8.139335          3
MinModeTranslate:   28  17:21:49   -12456.464475       0.7284     0.100000    -8.139335          3
MinModeTranslate:   29  17:21:49   -12456.525661       1.0433     --------    -9.010322          3
MinModeTranslate:   29  17:21:49   -12456.525661       1.0433     0.100000    -9.010322          3
MinModeTranslate:   30  17:21:50   -12456.592275       0.7512     --------   -10.212899          3
MinModeTranslate:   30  17:21:50   -12456.592275       0.7512     0.028009   -10.212899          3
MinModeTranslate:   31  17:21:50   -12456.613321       0.6637     --------    -9.425225          3
MinModeTranslate:   31  17:21:50   -12456.613321       0.6637     0.092077    -9.425225          3
MinModeTranslate:   32  17:21:50   -12456.646139       1.3661     --------    -6.737175          3
MinModeTranslate:   32  17:21:50   -12456.646139       1.3661     0.100000    -6.737175          3
MinModeTranslate:   33  17:21:50   -12456.736196       1.4859     --------    -4.033434          3
MinModeTranslate:   33  17:21:50   -12456.736196       1.4859     0.042248    -4.033434          3
MinModeTranslate:   34  17:21:50   -12456.795386       0.8961     --------    -5.550563          3
MinModeTranslate:   34  17:21:50   -12456.795386       0.8961     0.063633    -5.550563          3
MinModeTranslate:   35  17:21:50   -12456.835247       1.3058     --------    -7.526855          3
MinModeTranslate:   35  17:21:50   -12456.835247       1.3058     0.100000    -7.526855          3
MinModeTranslate:   36  17:21:50   -12456.935034       1.0085     --------    -9.903195          3
MinModeTranslate:   36  17:21:50   -12456.935034       1.0085     0.030109    -9.903195          3
MinModeTranslate:   37  17:21:50   -12456.963286       0.9539     --------   -11.340105          3
MinModeTranslate:   37  17:21:50   -12456.963286       0.9539     0.056157   -11.340105          3
MinModeTranslate:   38  17:21:50   -12456.995083       1.0018     --------   -13.652230          3
MinModeTranslate:   38  17:21:50   -12456.995083       1.0018     0.100000   -13.652230          3
MinModeTranslate:   39  17:21:50   -12457.076053       0.9494     --------   -15.699944          3
MinModeTranslate:   39  17:21:50   -12457.076053       0.9494     0.087446   -15.699944          3
MinModeTranslate:   40  17:21:51   -12457.134645       1.7472     --------   -13.992152          3
MinModeTranslate:   40  17:21:51   -12457.134645       1.7472     0.100000   -13.992152          3
MinModeTranslate:   41  17:21:51   -12457.180542       1.1523     --------   -10.270615          3
MinModeTranslate:   41  17:21:51   -12457.180542       1.1523     0.062670   -10.270615          3
MinModeTranslate:   42  17:21:51   -12457.233297       1.2832     --------    -8.341296          3
MinModeTranslate:   42  17:21:51   -12457.233297       1.2832     0.074178    -8.341296          3
MinModeTranslate:   43  17:21:51   -12457.277416       0.8423     --------    -7.961349          3
MinModeTranslate:   43  17:21:51   -12457.277416       0.8423     0.066921    -7.961349          3
MinModeTranslate:   44  17:21:51   -12457.304363       0.9736     --------    -6.440845          3
MinModeTranslate:   44  17:21:51   -12457.304363       0.9736     0.100000    -6.440845          3
MinModeTranslate:   45  17:21:51   -12457.340983       0.8338     --------    -2.596381          3
MinModeTranslate:   45  17:21:51   -12457.340983       0.8338     0.054788    -2.596381          3
MinModeTranslate:   46  17:21:51   -12457.358754       0.4958     --------    -1.171111          3
MinModeTranslate:   46  17:21:51   -12457.358754       0.4958     0.054649    -1.171111          3
MinModeTranslate:   47  17:21:51   -12457.362388       0.1797     --------     0.097711          3
MinModeTranslate:   47  17:21:51   -12457.362388       0.1797     0.100000     0.097711          3
MinModeTranslate:   48  17:21:51   -12457.317797       0.1526     --------     1.386706          3
MinModeTranslate:   48  17:21:51   -12457.317797       0.1526     0.100000     1.386706          3
MinModeTranslate:   49  17:21:51   -12457.277889       0.1837     --------     1.886620          3
MinModeTranslate:   49  17:21:51   -12457.277889       0.1837     0.100000     1.886620          3
MinModeTranslate:   50  17:21:52   -12457.226483       0.2350     --------     3.087519          3
MinModeTranslate:   50  17:21:52   -12457.226483       0.2350     0.100000     3.087519          3
MinModeTranslate:   51  17:21:52   -12457.155076       0.2787     --------     3.240236          3
MinModeTranslate:   51  17:21:52   -12457.155076       0.2787     0.100000     3.240236          3
MinModeTranslate:   52  17:21:52   -12457.070820       0.3460     --------     2.767915          3
MinModeTranslate:   52  17:21:52   -12457.070820       0.3460     0.100000     2.767915          3
MinModeTranslate:   53  17:21:52   -12456.976349       0.4013     --------     2.090682          3
MinModeTranslate:   53  17:21:52   -12456.976349       0.4013     0.100000     2.090682          3
MinModeTranslate:   54  17:21:52   -12456.876179       0.4346     --------     1.620379          3
MinModeTranslate:   54  17:21:52   -12456.876179       0.4346     0.100000     1.620379          3
MinModeTranslate:   55  17:21:52   -12456.772663       0.4087     --------     0.859743          3
MinModeTranslate:   55  17:21:52   -12456.772663       0.4087     0.100000     0.859743          3
MinModeTranslate:   56  17:21:52   -12456.683080       0.3529     --------     0.085824          3
MinModeTranslate:   56  17:21:52   -12456.683080       0.3529     0.100000     0.085824          3
MinModeTranslate:   57  17:21:52   -12456.607828       2.0933     --------    -0.643566          3
MinModeTranslate:   57  17:21:52   -12456.607828       2.0933     0.100000    -0.643566          3
MinModeTranslate:   58  17:21:52   -12456.600693       1.5658     --------    -1.239788          3
MinModeTranslate:   58  17:21:52   -12456.600693       1.5658     0.100000    -1.239788          3
MinModeTranslate:   59  17:21:52   -12456.765140       1.2242     --------    -3.393245          3
MinModeTranslate:   59  17:21:52   -12456.765140       1.2242     0.100000    -3.393245          3
MinModeTranslate:   60  17:21:52   -12456.900878       1.6274     --------    -4.269183          3
MinModeTranslate:   60  17:21:52   -12456.900878       1.6274     0.100000    -4.269183          3
MinModeTranslate:   61  17:21:52   -12457.054555       1.1572     --------    -4.538761          3
MinModeTranslate:   61  17:21:52   -12457.054555       1.1572     0.055145    -4.538761          3
MinModeTranslate:   62  17:21:53   -12457.106951       1.1975     --------    -6.273490          3
MinModeTranslate:   62  17:21:53   -12457.106951       1.1975     0.100000    -6.273490          3
MinModeTranslate:   63  17:21:53   -12457.202725       1.2180     --------    -5.094015          3
MinModeTranslate:   63  17:21:53   -12457.202725       1.2180     0.047494    -5.094015          3
MinModeTranslate:   64  17:21:53   -12457.246212       0.8984     --------    -2.488566          3
MinModeTranslate:   64  17:21:53   -12457.246212       0.8984     0.099679    -2.488566          3
MinModeTranslate:   65  17:21:53   -12457.290153       1.1748     --------    -2.726890          3
MinModeTranslate:   65  17:21:53   -12457.290153       1.1748     0.074679    -2.726890          3
MinModeTranslate:   66  17:21:53   -12457.325131       0.5947     --------    -3.295358          3
MinModeTranslate:   66  17:21:53   -12457.325131       0.5947     0.054079    -3.295358          3
MinModeTranslate:   67  17:21:53   -12457.345780       0.4890     --------    -2.102409          3
MinModeTranslate:   67  17:21:53   -12457.345780       0.4890     0.027467    -2.102409          3
MinModeTranslate:   68  17:21:53   -12457.351643       0.3123     --------    -1.675671          3
MinModeTranslate:   68  17:21:53   -12457.351643       0.3123     0.031120    -1.675671          3
MinModeTranslate:   69  17:21:53   -12457.357541       0.4932     --------    -2.002674          3
MinModeTranslate:   69  17:21:53   -12457.357541       0.4932     0.031203    -2.002674          3
MinModeTranslate:   70  17:21:53   -12457.363488       0.3613     --------    -1.933310          3
MinModeTranslate:   70  17:21:53   -12457.363488       0.3613     0.044831    -1.933310          3
MinModeTranslate:   71  17:21:53   -12457.369547       0.3897     --------    -1.721727          3
MinModeTranslate:   71  17:21:54   -12457.369547       0.3897     0.056987    -1.721727          3
MinModeTranslate:   72  17:21:54   -12457.376542       0.3080     --------    -2.046547          3
MinModeTranslate:   72  17:21:54   -12457.376542       0.3080     0.031979    -2.046547          3
MinModeTranslate:   73  17:21:54   -12457.382008       0.2565     --------    -2.105059          3
MinModeTranslate:   73  17:21:54   -12457.382008       0.2565     0.028966    -2.105059          3
MinModeTranslate:   74  17:21:54   -12457.386350       0.2243     --------    -1.981452          3
MinModeTranslate:   74  17:21:54   -12457.386350       0.2243     0.023561    -1.981452          3
MinModeTranslate:   75  17:21:54   -12457.389287       0.2205     --------    -1.891112          3
MinModeTranslate:   75  17:21:54   -12457.389287       0.2205     0.036936    -1.891112          3
MinModeTranslate:   76  17:21:54   -12457.393666       0.2882     --------    -2.110761          3
MinModeTranslate:   76  17:21:54   -12457.393666       0.2882     0.046258    -2.110761          3
MinModeTranslate:   77  17:21:54   -12457.398876       0.2599     --------    -2.441009          3
MinModeTranslate:   77  17:21:54   -12457.398876       0.2599     0.033427    -2.441009          3
MinModeTranslate:   78  17:21:54   -12457.401944       0.1572     --------    -2.481827          3
MinModeTranslate:   78  17:21:54   -12457.401944       0.1572     0.028563    -2.481827          3
MinModeTranslate:   79  17:21:54   -12457.404198       0.2458     --------    -2.411661          3
MinModeTranslate:   79  17:21:54   -12457.404198       0.2458     0.020039    -2.411661          3
MinModeTranslate:   80  17:21:54   -12457.405507       0.1275     --------    -2.372667          3
MinModeTranslate:   80  17:21:54   -12457.405507       0.1275     0.024423    -2.372667          3
MinModeTranslate:   81  17:21:54   -12457.406540       0.1942     --------    -2.356806          3
MinModeTranslate:   81  17:21:54   -12457.406540       0.1942     0.036157    -2.356806          3
MinModeTranslate:   82  17:21:55   -12457.407862       0.2280     --------    -2.115763          3
MinModeTranslate:   82  17:21:55   -12457.407862       0.2280     0.039973    -2.115763          3
MinModeTranslate:   83  17:21:55   -12457.409399       0.2340     --------    -1.701560          3
MinModeTranslate:   83  17:21:55   -12457.409399       0.2340     0.044428    -1.701560          3
MinModeTranslate:   84  17:21:55   -12457.411082       0.1836     --------    -1.415532          3
MinModeTranslate:   84  17:21:55   -12457.411082       0.1836     0.021846    -1.415532          3
MinModeTranslate:   85  17:21:55   -12457.412050       0.1795     --------    -1.580084          3
MinModeTranslate:   85  17:21:55   -12457.412050       0.1795     0.039074    -1.580084          3
MinModeTranslate:   86  17:21:55   -12457.413957       0.1398     --------    -2.636415          3
MinModeTranslate:   86  17:21:55   -12457.413957       0.1398     0.025042    -2.636415          3
MinModeTranslate:   87  17:21:55   -12457.415371       0.1568     --------    -3.447276          3
MinModeTranslate:   87  17:21:55   -12457.415371       0.1568     0.062800    -3.447276          3
MinModeTranslate:   88  17:21:55   -12457.419903       0.2378     --------    -4.772935          3
MinModeTranslate:   88  17:21:55   -12457.419903       0.2378     0.045992    -4.772935          3
MinModeTranslate:   89  17:21:55   -12457.424791       0.2009     --------    -6.056457          3
MinModeTranslate:   89  17:21:55   -12457.424791       0.2009     0.078675    -6.056457          3
MinModeTranslate:   90  17:21:55   -12457.432074       0.5915     --------    -8.516459          3
MinModeTranslate:   90  17:21:55   -12457.432074       0.5915     0.100000    -8.516459          3
MinModeTranslate:   91  17:21:55   -12457.446941       0.5910     --------    -9.717893          3
MinModeTranslate:   91  17:21:55   -12457.446941       0.5910     0.039424    -9.717893          3
MinModeTranslate:   92  17:21:56   -12457.454461       0.5345     --------    -7.702015          3
MinModeTranslate:   92  17:21:56   -12457.454461       0.5345     0.100000    -7.702015          3
MinModeTranslate:   93  17:21:56   -12457.458803       0.6517     --------    -2.980166          3
MinModeTranslate:   93  17:21:56   -12457.458803       0.6517     0.078925    -2.980166          3
MinModeTranslate:   94  17:21:56   -12457.470188       0.6289     --------    -1.992768          3
MinModeTranslate:   94  17:21:56   -12457.470188       0.6289     0.057093    -1.992768          3
MinModeTranslate:   95  17:21:56   -12457.483407       0.3309     --------    -2.421903          3
MinModeTranslate:   95  17:21:56   -12457.483407       0.3309     0.018974    -2.421903          3
MinModeTranslate:   96  17:21:56   -12457.488908       0.1676     --------    -2.373943          3
MinModeTranslate:   96  17:21:56   -12457.488908       0.1676     0.014416    -2.373943          3
MinModeTranslate:   97  17:21:56   -12457.491121       0.1700     --------    -2.534595          3
MinModeTranslate:   97  17:21:56   -12457.491121       0.1700     0.027688    -2.534595          3
MinModeTranslate:   98  17:21:56   -12457.494336       0.2090     --------    -2.891024          3
MinModeTranslate:   98  17:21:56   -12457.494336       0.2090     0.022696    -2.891024          3
MinModeTranslate:   99  17:21:56   -12457.496545       0.1897     --------    -3.325334          3
MinModeTranslate:   99  17:21:56   -12457.496545       0.1897     0.043634    -3.325334          3
MinModeTranslate:  100  17:21:56   -12457.500038       0.2756     --------    -5.095776          3
MinModeTranslate:  100  17:21:56   -12457.500038       0.2756     0.024880    -5.095776          3
MinModeTranslate:  101  17:21:56   -12457.502137       0.1704     --------    -6.597164          3
MinModeTranslate:  101  17:21:56   -12457.502137       0.1704     0.013879    -6.597164          3
MinModeTranslate:  102  17:21:57   -12457.503501       0.1058     --------    -7.453421          3
MinModeTranslate:  102  17:21:57   -12457.503501       0.1058     0.023150    -7.453421          3
MinModeTranslate:  103  17:21:57   -12457.505478       0.1383     --------    -8.380521          3
MinModeTranslate:  103  17:21:57   -12457.505478       0.1383     0.019842    -8.380521          3
MinModeTranslate:  104  17:21:57   -12457.506892       0.1564     --------    -8.741203          3
MinModeTranslate:  104  17:21:57   -12457.506892       0.1564     0.031589    -8.741203          3
MinModeTranslate:  105  17:21:57   -12457.508582       0.2056     --------    -8.810805          3
MinModeTranslate:  105  17:21:57   -12457.508582       0.2056     0.047415    -8.810805          3
MinModeTranslate:  106  17:21:57   -12457.510962       0.2465     --------    -9.013472          3
MinModeTranslate:  106  17:21:57   -12457.510962       0.2465     0.074796    -9.013472          3
MinModeTranslate:  107  17:21:57   -12457.515030       0.3218     --------    -8.548723          3
MinModeTranslate:  107  17:21:57   -12457.515030       0.3218     0.100000    -8.548723          3
MinModeTranslate:  108  17:21:57   -12457.524619       0.2778     --------    -8.243387          3
MinModeTranslate:  108  17:21:57   -12457.524619       0.2778     0.096182    -8.243387          3
MinModeTranslate:  109  17:21:57   -12457.536744       0.5792     --------    -9.186534          3
MinModeTranslate:  109  17:21:57   -12457.536744       0.5792     0.100000    -9.186534          3
MinModeTranslate:  110  17:21:57   -12457.544056       0.8597     --------   -10.049028          3
MinModeTranslate:  110  17:21:57   -12457.544056       0.8597     0.062444   -10.049028          3
MinModeTranslate:  111  17:21:57   -12457.561560       0.3274     --------   -10.055764          3
MinModeTranslate:  111  17:21:58   -12457.561560       0.3274     0.036850   -10.055764          3
MinModeTranslate:  112  17:21:58   -12457.570158       0.3776     --------    -9.900158          3
MinModeTranslate:  112  17:21:58   -12457.570158       0.3776     0.047696    -9.900158          3
MinModeTranslate:  113  17:21:58   -12457.578311       0.3972     --------    -9.506351          3
MinModeTranslate:  113  17:21:58   -12457.578311       0.3972     0.035609    -9.506351          3
MinModeTranslate:  114  17:21:58   -12457.584440       0.3251     --------    -8.994270          3
MinModeTranslate:  114  17:21:58   -12457.584440       0.3251     0.070061    -8.994270          3
MinModeTranslate:  115  17:21:58   -12457.594589       0.3819     --------    -7.593119          3
MinModeTranslate:  115  17:21:58   -12457.594589       0.3819     0.044965    -7.593119          3
MinModeTranslate:  116  17:21:58   -12457.600579       0.2526     --------    -6.873152          3
MinModeTranslate:  116  17:21:58   -12457.600579       0.2526     0.035286    -6.873152          3
MinModeTranslate:  117  17:21:58   -12457.604517       0.2469     --------    -6.486964          3
MinModeTranslate:  117  17:21:58   -12457.604517       0.2469     0.055777    -6.486964          3
MinModeTranslate:  118  17:21:58   -12457.609826       0.5383     --------    -5.955823          3
MinModeTranslate:  118  17:21:58   -12457.609826       0.5383     0.100000    -5.955823          3
MinModeTranslate:  119  17:21:58   -12457.618545       0.4767     --------    -6.211410          3
MinModeTranslate:  119  17:21:58   -12457.618545       0.4767     0.082827    -6.211410          3
MinModeTranslate:  120  17:21:58   -12457.628035       0.4303     --------    -6.287847          3
MinModeTranslate:  120  17:21:58   -12457.628035       0.4303     0.083920    -6.287847          3
MinModeTranslate:  121  17:21:58   -12457.636711       0.4760     --------    -6.057158          3
MinModeTranslate:  121  17:21:58   -12457.636711       0.4760     0.086243    -6.057158          3
MinModeTranslate:  122  17:21:59   -12457.648137       0.3245     --------    -6.022739          3
MinModeTranslate:  122  17:21:59   -12457.648137       0.3245     0.045143    -6.022739          3
MinModeTranslate:  123  17:21:59   -12457.656086       0.3008     --------    -6.172778          3
MinModeTranslate:  123  17:21:59   -12457.656086       0.3008     0.039110    -6.172778          3
MinModeTranslate:  124  17:21:59   -12457.661775       0.4148     --------    -5.830799          3
MinModeTranslate:  124  17:21:59   -12457.661775       0.4148     0.037484    -5.830799          3
MinModeTranslate:  125  17:21:59   -12457.667582       0.2541     --------    -5.469657          3
MinModeTranslate:  125  17:21:59   -12457.667582       0.2541     0.027322    -5.469657          3
MinModeTranslate:  126  17:21:59   -12457.671290       0.1979     --------    -5.314113          3
MinModeTranslate:  126  17:21:59   -12457.671290       0.1979     0.051136    -5.314113          3
MinModeTranslate:  127  17:21:59   -12457.677770       0.2368     --------    -4.975883          3
MinModeTranslate:  127  17:21:59   -12457.677770       0.2368     0.046418    -4.975883          3
MinModeTranslate:  128  17:21:59   -12457.682705       0.1901     --------    -5.188454          3
MinModeTranslate:  128  17:21:59   -12457.682705       0.1901     0.031232    -5.188454          3
MinModeTranslate:  129  17:21:59   -12457.685744       0.3645     --------    -5.202211          3
MinModeTranslate:  129  17:21:59   -12457.685744       0.3645     0.041171    -5.202211          3
MinModeTranslate:  130  17:21:59   -12457.689371       0.2278     --------    -5.199988          3
MinModeTranslate:  130  17:21:59   -12457.689371       0.2278     0.030592    -5.199988          3
MinModeTranslate:  131  17:21:59   -12457.692210       0.1840     --------    -5.372743          3
MinModeTranslate:  131  17:21:59   -12457.692210       0.1840     0.020935    -5.372743          3
MinModeTranslate:  132  17:21:59   -12457.693904       0.1120     --------    -5.536473          3
MinModeTranslate:  132  17:21:59   -12457.693904       0.1120     0.010895    -5.536473          3
MinModeTranslate:  133  17:22:00   -12457.694689       0.0796     --------    -5.479924          3
MinModeTranslate:  133  17:22:00   -12457.694689       0.0796     0.012715    -5.479924          3
MinModeTranslate:  134  17:22:00   -12457.695438       0.0810     --------    -5.489346          3
MinModeTranslate:  134  17:22:00   -12457.695438       0.0810     0.009229    -5.489346          3
MinModeTranslate:  135  17:22:00   -12457.695892       0.1083     --------    -5.488876          3
MinModeTranslate:  135  17:22:00   -12457.695892       0.1083     0.009341    -5.488876          3
MinModeTranslate:  136  17:22:00   -12457.696306       0.0545     --------    -5.485505          3
MinModeTranslate:  136  17:22:00   -12457.696306       0.0545     0.007133    -5.485505          3
MinModeTranslate:  137  17:22:00   -12457.696569       0.0844     --------    -5.471488          3
MinModeTranslate:  137  17:22:00   -12457.696569       0.0844     0.012333    -5.471488          3
MinModeTranslate:  138  17:22:00   -12457.696988       0.0513     --------    -5.305992          3
MinModeTranslate:  138  17:22:00   -12457.696988       0.0513     0.009064    -5.305992          3
MinModeTranslate:  139  17:22:00   -12457.697244       0.0505     --------    -5.280075          3
MinModeTranslate:  139  17:22:00   -12457.697244       0.0505     0.009496    -5.280075          3
MinModeTranslate:  140  17:22:00   -12457.697515       0.0886     --------    -5.278375          3
MinModeTranslate:  140  17:22:00   -12457.697515       0.0886     0.005300    -5.278375          3
MinModeTranslate:  141  17:22:00   -12457.697638       0.0421     --------    -5.242971          3
MinModeTranslate:  141  17:22:00   -12457.697638       0.0421     0.007131    -5.242971          3
MinModeTranslate:  142  17:22:00   -12457.697794       0.0384     --------    -5.128103          3
MinModeTranslate:  142  17:22:00   -12457.697794       0.0384     0.012572    -5.128103          3
MinModeTranslate:  143  17:22:00   -12457.698037       0.0350     --------    -5.059443          3
MinModeTranslate:  143  17:22:00   -12457.698037       0.0350     0.007548    -5.059443          3
MinModeTranslate:  144  17:22:01   -12457.698176       0.0379     --------    -5.049598          3
MinModeTranslate:  144  17:22:01   -12457.698176       0.0379     0.006819    -5.049598          3
MinModeTranslate:  145  17:22:01   -12457.698294       0.0481     --------    -5.042917          1
MinModeTranslate:  145  17:22:01   -12457.698294       0.0481     0.007345    -5.042917          1
MinModeTranslate:  146  17:22:01   -12457.698410       0.0414     --------    -4.992040          3
MinModeTranslate:  146  17:22:01   -12457.698410       0.0414     0.005049    -4.992040          3
MinModeTranslate:  147  17:22:01   -12457.698485       0.0259     --------    -4.959063          2
MinModeTranslate:  147  17:22:01   -12457.698485       0.0259     0.006090    -4.959063          2
MinModeTranslate:  148  17:22:01   -12457.698568       0.0270     --------    -4.970210          3
MinModeTranslate:  148  17:22:01   -12457.698568       0.0270     0.004814    -4.970210          3
MinModeTranslate:  149  17:22:01   -12457.698629       0.0294     --------    -4.942173          2
MinModeTranslate:  149  17:22:01   -12457.698629       0.0294     0.005295    -4.942173          2
MinModeTranslate:  150  17:22:01   -12457.698694       0.0251     --------    -4.921484          2
MinModeTranslate:  150  17:22:01   -12457.698694       0.0251     0.003534    -4.921484          2
MinModeTranslate:  151  17:22:01   -12457.698731       0.0256     --------    -4.905453          1
MinModeTranslate:  151  17:22:01   -12457.698731       0.0256     0.001649    -4.905453          1
MinModeTranslate:  152  17:22:01   -12457.698748       0.0154     --------    -4.902461          1
MinModeTranslate:  152  17:22:01   -12457.698748       0.0154     0.001679    -4.902461          1
MinModeTranslate:  153  17:22:01   -12457.698769       0.0102     --------    -4.902345          1
MinModeTranslate:  153  17:22:01   -12457.698769       0.0102     0.001792    -4.902345          1
MinModeTranslate:  154  17:22:01   -12457.698772       0.0094     --------    -4.883257          1
MinModeTranslate:  154  17:22:01   -12457.698772       0.0094     0.001384    -4.883257          1
MinModeTranslate:  155  17:22:01   -12457.698777       0.0130     --------    -4.863754          1
MinModeTranslate:  155  17:22:01   -12457.698777       0.0130     0.001219    -4.863754          1
MinModeTranslate:  156  17:22:01   -12457.698787       0.0155     --------    -4.849678          1
MinModeTranslate:  156  17:22:01   -12457.698787       0.0155     0.001729    -4.849678          1
MinModeTranslate:  157  17:22:01   -12457.698796       0.0058     --------    -4.842932          1
MinModeTranslate:  157  17:22:01   -12457.698796       0.0058     0.001452    -4.842932          1
MinModeTranslate:  158  17:22:02   -12457.698802       0.0107     --------    -4.832912          1
MinModeTranslate:  158  17:22:02   -12457.698802       0.0107     0.002267    -4.832912          1
MinModeTranslate:  159  17:22:02   -12457.698809       0.0076     --------    -4.820816          1
MinModeTranslate:  159  17:22:02   -12457.698809       0.0076     0.001824    -4.820816          1
MinModeTranslate:  160  17:22:02   -12457.698816       0.0170     --------    -4.828576          1
