      Step     Time          Energy          fmax
BFGS:    0 16:47:56   -12457.808951        2.111071
BFGS:    1 16:47:56   -12457.969031        2.494847
BFGS:    2 16:47:56   -12458.329379        2.502280
BFGS:    3 16:47:56   -12458.716019        4.202624
BFGS:    4 16:47:56   -12459.176678        4.671320
BFGS:    5 16:47:56   -12459.540475        4.184206
BFGS:    6 16:47:56   -12459.799245        1.843409
BFGS:    7 16:47:56   -12459.905373        1.121246
BFGS:    8 16:47:56   -12459.973571        0.776874
BFGS:    9 16:47:56   -12460.000258        0.541709
BFGS:   10 16:47:56   -12460.021082        0.497918
BFGS:   11 16:47:57   -12460.040727        0.413371
BFGS:   12 16:47:57   -12460.063734        0.658613
BFGS:   13 16:47:57   -12460.080063        0.526019
BFGS:   14 16:47:57   -12460.093647        0.300262
BFGS:   15 16:47:57   -12460.101711        0.205732
BFGS:   16 16:47:57   -12460.108276        0.263390
BFGS:   17 16:47:57   -12460.114621        0.234470
BFGS:   18 16:47:57   -12460.120915        0.226923
BFGS:   19 16:47:57   -12460.126639        0.237945
BFGS:   20 16:47:57   -12460.131666        0.195356
BFGS:   21 16:47:57   -12460.135332        0.148218
BFGS:   22 16:47:57   -12460.137815        0.113396
BFGS:   23 16:47:57   -12460.139758        0.105859
BFGS:   24 16:47:57   -12460.141570        0.116533
BFGS:   25 16:47:57   -12460.143319        0.122386
BFGS:   26 16:47:57   -12460.144917        0.101726
BFGS:   27 16:47:57   -12460.146261        0.091801
BFGS:   28 16:47:57   -12460.147464        0.092597
BFGS:   29 16:47:57   -12460.148749        0.099783
BFGS:   30 16:47:57   -12460.150357        0.129286
BFGS:   31 16:47:57   -12460.152412        0.125725
BFGS:   32 16:47:57   -12460.154780        0.149906
BFGS:   33 16:47:57   -12460.157074        0.126965
BFGS:   34 16:47:57   -12460.158842        0.085631
BFGS:   35 16:47:57   -12460.160044        0.088048
BFGS:   36 16:47:57   -12460.160731        0.098262
BFGS:   37 16:47:57   -12460.161391        0.080191
BFGS:   38 16:47:57   -12460.161941        0.057529
BFGS:   39 16:47:57   -12460.162850        0.079126
BFGS:   40 16:47:57   -12460.163352        0.089065
BFGS:   41 16:47:57   -12460.164317        0.074982
BFGS:   42 16:47:57   -12460.165044        0.062491
BFGS:   43 16:47:57   -12460.165807        0.072116
BFGS:   44 16:47:57   -12460.166525        0.080711
BFGS:   45 16:47:57   -12460.167418        0.089391
BFGS:   46 16:47:57   -12460.168501        0.101256
BFGS:   47 16:47:57   -12460.169757        0.090557
BFGS:   48 16:47:57   -12460.170938        0.083750
BFGS:   49 16:47:57   -12460.171935        0.091533
BFGS:   50 16:47:57   -12460.172856        0.090226
BFGS:   51 16:47:57   -12460.173989        0.088123
BFGS:   52 16:47:58   -12460.175530        0.117413
BFGS:   53 16:47:58   -12460.177835        0.132664
BFGS:   54 16:47:58   -12460.180528        0.136577
BFGS:   55 16:47:58   -12460.183639        0.168366
BFGS:   56 16:47:58   -12460.186881        0.189953
BFGS:   57 16:47:58   -12460.192178        0.247270
BFGS:   58 16:47:58   -12460.199350        0.298709
BFGS:   59 16:47:58   -12460.214325        0.367303
BFGS:   60 16:47:58   -12460.234249        0.401206
BFGS:   61 16:47:58   -12460.248164        0.386638
BFGS:   62 16:47:58   -12460.243068        0.745733
BFGS:   63 16:47:58   -12460.267026        0.639521
BFGS:   64 16:47:58   -12460.278644        0.249404
BFGS:   65 16:47:58   -12460.286840        0.201761
BFGS:   66 16:47:58   -12460.299375        0.218488
BFGS:   67 16:47:58   -12460.304309        0.193839
BFGS:   68 16:47:58   -12460.309736        0.155365
BFGS:   69 16:47:58   -12460.314559        0.113343
BFGS:   70 16:47:58   -12460.315943        0.133139
BFGS:   71 16:47:58   -12460.317162        0.078278
BFGS:   72 16:47:58   -12460.317985        0.073667
BFGS:   73 16:47:58   -12460.318526        0.052787
BFGS:   74 16:47:58   -12460.318849        0.050246
BFGS:   75 16:47:58   -12460.319094        0.049415
BFGS:   76 16:47:58   -12460.319303        0.033925
BFGS:   77 16:47:58   -12460.319475        0.034199
BFGS:   78 16:47:58   -12460.319634        0.028910
BFGS:   79 16:47:58   -12460.319805        0.037711
BFGS:   80 16:47:58   -12460.319972        0.041533
BFGS:   81 16:47:58   -12460.320162        0.039884
BFGS:   82 16:47:58   -12460.320416        0.038415
BFGS:   83 16:47:58   -12460.320711        0.037755
BFGS:   84 16:47:58   -12460.321013        0.042548
BFGS:   85 16:47:58   -12460.321282        0.055238
BFGS:   86 16:47:58   -12460.321509        0.062238
BFGS:   87 16:47:58   -12460.321756        0.053628
BFGS:   88 16:47:58   -12460.322010        0.041178
BFGS:   89 16:47:58   -12460.322254        0.051732
BFGS:   90 16:47:58   -12460.322432        0.057109
BFGS:   91 16:47:58   -12460.322614        0.049746
BFGS:   92 16:47:58   -12460.322771        0.034677
BFGS:   93 16:47:58   -12460.322964        0.042731
BFGS:   94 16:47:58   -12460.323169        0.045230
BFGS:   95 16:47:58   -12460.323424        0.045716
BFGS:   96 16:47:58   -12460.323683        0.039255
BFGS:   97 16:47:58   -12460.323888        0.034337
BFGS:   98 16:47:59   -12460.324034        0.033668
BFGS:   99 16:47:59   -12460.324123        0.061488
BFGS:  100 16:47:59   -12460.324307        0.032229
BFGS:  101 16:47:59   -12460.324512        0.045358
BFGS:  102 16:47:59   -12460.324825        0.032875
BFGS:  103 16:47:59   -12460.324954        0.028098
BFGS:  104 16:47:59   -12460.325096        0.028680
BFGS:  105 16:47:59   -12460.325271        0.031072
BFGS:  106 16:47:59   -12460.325514        0.037619
BFGS:  107 16:47:59   -12460.325835        0.064848
BFGS:  108 16:47:59   -12460.326340        0.086275
BFGS:  109 16:47:59   -12460.326848        0.163647
BFGS:  110 16:47:59   -12460.328128        0.084306
BFGS:  111 16:47:59   -12460.329455        0.108756
BFGS:  112 16:47:59   -12460.330425        0.104541
BFGS:  113 16:47:59   -12460.330674        0.250270
BFGS:  114 16:47:59   -12460.331589        0.034543
BFGS:  115 16:47:59   -12460.331781        0.028319
BFGS:  116 16:47:59   -12460.331967        0.049190
BFGS:  117 16:47:59   -12460.332053        0.045880
BFGS:  118 16:47:59   -12460.332249        0.029532
BFGS:  119 16:47:59   -12460.332335        0.028959
BFGS:  120 16:47:59   -12460.332502        0.029873
BFGS:  121 16:47:59   -12460.332646        0.026194
BFGS:  122 16:47:59   -12460.332777        0.027881
BFGS:  123 16:47:59   -12460.332860        0.016744
BFGS:  124 16:47:59   -12460.332908        0.014043
BFGS:  125 16:47:59   -12460.332945        0.019381
BFGS:  126 16:47:59   -12460.332962        0.015945
BFGS:  127 16:47:59   -12460.332989        0.018182
BFGS:  128 16:47:59   -12460.333015        0.014427
BFGS:  129 16:47:59   -12460.333030        0.009818
BFGS:  130 16:47:59   -12460.333031        0.006029
BFGS:  131 16:47:59   -12460.333041        0.004339
