MinModeTranslate: STEP      TIME          ENERGY    MAX-FORCE     STEPSIZE    CURVATURE  ROT-STEPS
MinModeTranslate:    0  16:25:26    -9338.162012       5.5393     --------     0.099344          3
MinModeTranslate:    0  16:25:26    -9338.162012       5.5393     0.100000     0.099344          3
MinModeTranslate:    1  16:25:26    -9337.265300      24.4848     --------    -6.711626          3
MinModeTranslate:    1  16:25:26    -9337.265300      24.4848     0.100000    -6.711626          3
MinModeTranslate:    2  16:25:26    -9337.069727      22.1027     --------   -20.471801          3
MinModeTranslate:    2  16:25:26    -9337.069727      22.1027     0.100000   -20.471801          3
MinModeTranslate:    3  16:25:26    -9339.323321       9.7984     --------    -0.871888          3
MinModeTranslate:    3  16:25:26    -9339.323321       9.7984     0.100000    -0.871888          3
MinModeTranslate:    4  16:25:26    -9340.825848       2.0066     --------     2.921790          3
MinModeTranslate:    4  16:25:26    -9340.825848       2.0066     0.100000     2.921790          3
MinModeTranslate:    5  16:25:26    -9340.571917       2.0646     --------     2.251739          3
MinModeTranslate:    5  16:25:26    -9340.571917       2.0646     0.100000     2.251739          3
MinModeTranslate:    6  16:25:26    -9340.298045       2.0089     --------     1.830700          3
MinModeTranslate:    6  16:25:26    -9340.298045       2.0089     0.100000     1.830700          3
MinModeTranslate:    7  16:25:26    -9340.015327       1.9103     --------     1.365112          3
MinModeTranslate:    7  16:25:26    -9340.015327       1.9103     0.100000     1.365112          3
MinModeTranslate:    8  16:25:27    -9339.726081       1.8793     --------     0.811894          3
MinModeTranslate:    8  16:25:27    -9339.726081       1.8793     0.100000     0.811894          3
MinModeTranslate:    9  16:25:27    -9339.421565       2.0633     --------     0.089078          3
MinModeTranslate:    9  16:25:27    -9339.421565       2.0633     0.100000     0.089078          3
MinModeTranslate:   10  16:25:27    -9339.078604       6.7433     --------    -0.979819          3
MinModeTranslate:   10  16:25:27    -9339.078604       6.7433     0.100000    -0.979819          3
MinModeTranslate:   11  16:25:27    -9339.011562       6.8712     --------    -2.433927          3
MinModeTranslate:   11  16:25:27    -9339.011562       6.8712     0.100000    -2.433927          3
MinModeTranslate:   12  16:25:27    -9339.994652       6.5461     --------    -2.287309          3
MinModeTranslate:   12  16:25:27    -9339.994652       6.5461     0.100000    -2.287309          3
MinModeTranslate:   13  16:25:27    -9340.810459       6.2096     --------    -2.515334          3
MinModeTranslate:   13  16:25:27    -9340.810459       6.2096     0.100000    -2.515334          3
MinModeTranslate:   14  16:25:27    -9341.331890       5.5721     --------    -3.194324          3
MinModeTranslate:   14  16:25:27    -9341.331890       5.5721     0.100000    -3.194324          3
MinModeTranslate:   15  16:25:27    -9341.737162       5.8358     --------    -4.565634          3
MinModeTranslate:   15  16:25:27    -9341.737162       5.8358     0.100000    -4.565634          3
MinModeTranslate:   16  16:25:27    -9342.042750       4.4393     --------    -6.879835          3
MinModeTranslate:   16  16:25:27    -9342.042750       4.4393     0.100000    -6.879835          3
MinModeTranslate:   17  16:25:27    -9342.036192       3.5521     --------   -10.912429          3
MinModeTranslate:   17  16:25:27    -9342.036192       3.5521     0.100000   -10.912429          3
MinModeTranslate:   18  16:25:27    -9341.808454       3.3771     --------   -13.114961          3
MinModeTranslate:   18  16:25:27    -9341.808454       3.3771     0.100000   -13.114961          3
MinModeTranslate:   19  16:25:28    -9341.554613       2.3795     --------    -8.255774          3
MinModeTranslate:   19  16:25:28    -9341.554613       2.3795     0.100000    -8.255774          3
MinModeTranslate:   20  16:25:28    -9341.349282       2.4685     --------    -1.492689          3
MinModeTranslate:   20  16:25:28    -9341.349282       2.4685     0.100000    -1.492689          3
MinModeTranslate:   21  16:25:28    -9341.235830       2.2742     --------    -1.177750          3
MinModeTranslate:   21  16:25:28    -9341.235830       2.2742     0.100000    -1.177750          3
MinModeTranslate:   22  16:25:28    -9341.196440       1.9872     --------    -2.054713          3
MinModeTranslate:   22  16:25:28    -9341.196440       1.9872     0.100000    -2.054713          3
MinModeTranslate:   23  16:25:28    -9341.142613       1.7545     --------    -1.969489          3
MinModeTranslate:   23  16:25:28    -9341.142613       1.7545     0.100000    -1.969489          3
MinModeTranslate:   24  16:25:28    -9341.074315       1.7662     --------    -2.750267          3
MinModeTranslate:   24  16:25:28    -9341.074315       1.7662     0.100000    -2.750267          3
MinModeTranslate:   25  16:25:28    -9341.016355       1.0200     --------    -1.879973          3
MinModeTranslate:   25  16:25:28    -9341.016355       1.0200     0.100000    -1.879973          3
MinModeTranslate:   26  16:25:28    -9340.929230       1.4436     --------    -1.537481          3
MinModeTranslate:   26  16:25:28    -9340.929230       1.4436     0.098867    -1.537481          3
MinModeTranslate:   27  16:25:28    -9340.816180       2.7433     --------    -2.149345          3
MinModeTranslate:   27  16:25:28    -9340.816180       2.7433     0.100000    -2.149345          3
MinModeTranslate:   28  16:25:28    -9340.690060       3.6623     --------    -2.461014          3
MinModeTranslate:   28  16:25:28    -9340.690060       3.6623     0.075536    -2.461014          3
MinModeTranslate:   29  16:25:29    -9340.739600       0.9364     --------    -2.939853          3
MinModeTranslate:   29  16:25:29    -9340.739600       0.9364     0.100000    -2.939853          3
MinModeTranslate:   30  16:25:29    -9340.661763       1.4400     --------    -4.807446          3
MinModeTranslate:   30  16:25:29    -9340.661763       1.4400     0.100000    -4.807446          3
MinModeTranslate:   31  16:25:29    -9340.635091       0.9896     --------    -5.120001          3
MinModeTranslate:   31  16:25:29    -9340.635091       0.9896     0.032482    -5.120001          3
MinModeTranslate:   32  16:25:29    -9340.649462       0.6085     --------    -6.797863          3
MinModeTranslate:   32  16:25:29    -9340.649462       0.6085     0.064579    -6.797863          3
MinModeTranslate:   33  16:25:29    -9340.667660       0.8020     --------    -9.571905          3
MinModeTranslate:   33  16:25:29    -9340.667660       0.8020     0.100000    -9.571905          3
MinModeTranslate:   34  16:25:29    -9340.724755       0.4123     --------    -3.274846          3
MinModeTranslate:   34  16:25:29    -9340.724755       0.4123     0.026736    -3.274846          3
MinModeTranslate:   35  16:25:29    -9340.736077       0.3886     --------    -3.445184          3
MinModeTranslate:   35  16:25:29    -9340.736077       0.3886     0.072832    -3.445184          3
MinModeTranslate:   36  16:25:29    -9340.755140       0.7239     --------    -2.120635          3
MinModeTranslate:   36  16:25:29    -9340.755140       0.7239     0.055212    -2.120635          3
MinModeTranslate:   37  16:25:29    -9340.772396       0.5586     --------    -1.322004          3
MinModeTranslate:   37  16:25:29    -9340.772396       0.5586     0.067816    -1.322004          3
MinModeTranslate:   38  16:25:29    -9340.794934       0.8237     --------    -1.263836          3
MinModeTranslate:   38  16:25:29    -9340.794934       0.8237     0.100000    -1.263836          3
MinModeTranslate:   39  16:25:29    -9340.831450       0.5462     --------    -8.839019          3
MinModeTranslate:   39  16:25:29    -9340.831450       0.5462     0.017220    -8.839019          3
MinModeTranslate:   40  16:25:30    -9340.840248       0.4192     --------    -8.366793          3
MinModeTranslate:   40  16:25:30    -9340.840248       0.4192     0.044239    -8.366793          3
MinModeTranslate:   41  16:25:30    -9340.853643       0.6145     --------    -4.748170          3
MinModeTranslate:   41  16:25:30    -9340.853643       0.6145     0.040444    -4.748170          3
MinModeTranslate:   42  16:25:30    -9340.863738       0.4346     --------    -4.629174          3
MinModeTranslate:   42  16:25:30    -9340.863738       0.4346     0.019127    -4.629174          3
MinModeTranslate:   43  16:25:30    -9340.867424       0.2331     --------    -4.469898          3
MinModeTranslate:   43  16:25:30    -9340.867424       0.2331     0.028905    -4.469898          3
MinModeTranslate:   44  16:25:30    -9340.871701       0.3301     --------    -4.084086          3
MinModeTranslate:   44  16:25:30    -9340.871701       0.3301     0.019713    -4.084086          3
MinModeTranslate:   45  16:25:30    -9340.874151       0.2237     --------    -3.836827          3
MinModeTranslate:   45  16:25:30    -9340.874151       0.2237     0.068462    -3.836827          3
MinModeTranslate:   46  16:25:30    -9340.880664       0.3471     --------    -2.379114          3
MinModeTranslate:   46  16:25:30    -9340.880664       0.3471     0.054948    -2.379114          3
MinModeTranslate:   47  16:25:30    -9340.885184       0.4953     --------    -2.443527          3
MinModeTranslate:   47  16:25:30    -9340.885184       0.4953     0.083732    -2.443527          3
MinModeTranslate:   48  16:25:30    -9340.893283       0.5138     --------    -2.222491          3
MinModeTranslate:   48  16:25:30    -9340.893283       0.5138     0.053197    -2.222491          3
MinModeTranslate:   49  16:25:30    -9340.897389       0.2462     --------    -2.315434          3
MinModeTranslate:   49  16:25:30    -9340.897389       0.2462     0.036639    -2.315434          3
MinModeTranslate:   50  16:25:30    -9340.899700       0.2575     --------    -2.103189          3
MinModeTranslate:   50  16:25:30    -9340.899700       0.2575     0.051118    -2.103189          3
MinModeTranslate:   51  16:25:31    -9340.902794       0.2666     --------    -1.242811          3
MinModeTranslate:   51  16:25:31    -9340.902794       0.2666     0.032125    -1.242811          3
MinModeTranslate:   52  16:25:31    -9340.903947       0.1605     --------    -0.887697          3
MinModeTranslate:   52  16:25:31    -9340.903947       0.1605     0.031427    -0.887697          3
MinModeTranslate:   53  16:25:31    -9340.904781       0.2776     --------    -0.358844          3
MinModeTranslate:   53  16:25:31    -9340.904781       0.2776     0.020226    -0.358844          3
MinModeTranslate:   54  16:25:31    -9340.905003       0.1709     --------    -0.107533          3
MinModeTranslate:   54  16:25:31    -9340.905003       0.1709     0.039727    -0.107533          3
MinModeTranslate:   55  16:25:31    -9340.903738       0.0928     --------     0.047377          3
MinModeTranslate:   55  16:25:31    -9340.903738       0.0928     0.100000     0.047377          3
MinModeTranslate:   56  16:25:31    -9340.890604       0.3926     --------    -1.769083          3
MinModeTranslate:   56  16:25:31    -9340.890604       0.3926     0.042284    -1.769083          3
MinModeTranslate:   57  16:25:31    -9340.891216       0.1669     --------    -3.754666          3
MinModeTranslate:   57  16:25:31    -9340.891216       0.1669     0.011274    -3.754666          3
MinModeTranslate:   58  16:25:31    -9340.892452       0.1635     --------    -4.307548          3
MinModeTranslate:   58  16:25:31    -9340.892452       0.1635     0.007190    -4.307548          3
MinModeTranslate:   59  16:25:31    -9340.893276       0.1694     --------    -4.281836          3
MinModeTranslate:   59  16:25:31    -9340.893276       0.1694     0.019327    -4.281836          3
MinModeTranslate:   60  16:25:31    -9340.894848       0.1923     --------    -4.023322          3
MinModeTranslate:   60  16:25:31    -9340.894848       0.1923     0.011222    -4.023322          3
MinModeTranslate:   61  16:25:31    -9340.895745       0.1672     --------    -3.794984          3
MinModeTranslate:   61  16:25:31    -9340.895745       0.1672     0.040153    -3.794984          3
MinModeTranslate:   62  16:25:32    -9340.898869       0.2481     --------    -2.781300          3
MinModeTranslate:   62  16:25:32    -9340.898869       0.2481     0.020688    -2.781300          3
MinModeTranslate:   63  16:25:32    -9340.900540       0.1409     --------    -2.399669          3
MinModeTranslate:   63  16:25:32    -9340.900540       0.1409     0.068637    -2.399669          3
MinModeTranslate:   64  16:25:32    -9340.905715       0.5273     --------    -1.827946          3
MinModeTranslate:   64  16:25:32    -9340.905715       0.5273     0.100000    -1.827946          3
MinModeTranslate:   65  16:25:32    -9340.912234       0.6574     --------    -1.057940          3
MinModeTranslate:   65  16:25:32    -9340.912234       0.6574     0.074655    -1.057940          3
MinModeTranslate:   66  16:25:32    -9340.921772       0.7194     --------    -0.584767          3
MinModeTranslate:   66  16:25:32    -9340.921772       0.7194     0.033948    -0.584767          3
MinModeTranslate:   67  16:25:32    -9340.931772       0.4205     --------    -0.879390          3
MinModeTranslate:   67  16:25:32    -9340.931772       0.4205     0.051077    -0.879390          3
MinModeTranslate:   68  16:25:32    -9340.942862       0.5841     --------    -1.026509          3
MinModeTranslate:   68  16:25:32    -9340.942862       0.5841     0.094211    -1.026509          3
MinModeTranslate:   69  16:25:32    -9340.958961       0.4616     --------    -1.717525          3
MinModeTranslate:   69  16:25:32    -9340.958961       0.4616     0.063101    -1.717525          3
MinModeTranslate:   70  16:25:32    -9340.972214       0.6625     --------    -2.373261          3
MinModeTranslate:   70  16:25:32    -9340.972214       0.6625     0.100000    -2.373261          3
MinModeTranslate:   71  16:25:32    -9340.993807       0.6708     --------    -3.239278          3
MinModeTranslate:   71  16:25:32    -9340.993807       0.6708     0.064153    -3.239278          3
MinModeTranslate:   72  16:25:32    -9341.003343       0.4045     --------    -3.945966          3
MinModeTranslate:   72  16:25:32    -9341.003343       0.4045     0.046208    -3.945966          3
MinModeTranslate:   73  16:25:33    -9341.012806       0.4190     --------    -4.262221          3
MinModeTranslate:   73  16:25:33    -9341.012806       0.4190     0.051237    -4.262221          3
MinModeTranslate:   74  16:25:33    -9341.022300       0.4560     --------    -4.498835          3
MinModeTranslate:   74  16:25:33    -9341.022300       0.4560     0.054620    -4.498835          3
MinModeTranslate:   75  16:25:33    -9341.029841       0.4329     --------    -4.955559          3
MinModeTranslate:   75  16:25:33    -9341.029841       0.4329     0.061694    -4.955559          3
MinModeTranslate:   76  16:25:33    -9341.041452       0.4625     --------    -5.655919          3
MinModeTranslate:   76  16:25:33    -9341.041452       0.4625     0.092933    -5.655919          3
MinModeTranslate:   77  16:25:33    -9341.057392       0.5853     --------    -6.160490          3
MinModeTranslate:   77  16:25:33    -9341.057392       0.5853     0.096864    -6.160490          3
MinModeTranslate:   78  16:25:33    -9341.072754       0.6590     --------    -6.677176          3
MinModeTranslate:   78  16:25:33    -9341.072754       0.6590     0.100000    -6.677176          3
MinModeTranslate:   79  16:25:33    -9341.102464       0.7978     --------    -8.055310          3
MinModeTranslate:   79  16:25:33    -9341.102464       0.7978     0.100000    -8.055310          3
MinModeTranslate:   80  16:25:33    -9341.155629       0.8885     --------    -7.544628          3
MinModeTranslate:   80  16:25:33    -9341.155629       0.8885     0.067003    -7.544628          3
MinModeTranslate:   81  16:25:33    -9341.184563       1.3054     --------   -11.508290          3
MinModeTranslate:   81  16:25:33    -9341.184563       1.3054     0.100000   -11.508290          3
MinModeTranslate:   82  16:25:33    -9341.227733       1.4126     --------   -11.055583          3
MinModeTranslate:   82  16:25:33    -9341.227733       1.4126     0.037112   -11.055583          3
MinModeTranslate:   83  16:25:33    -9341.259136       0.5960     --------   -12.093922          3
MinModeTranslate:   83  16:25:34    -9341.259136       0.5960     0.047974   -12.093922          3
MinModeTranslate:   84  16:25:34    -9341.266687       0.7018     --------    -6.768242          3
MinModeTranslate:   84  16:25:34    -9341.266687       0.7018     0.065673    -6.768242          3
MinModeTranslate:   85  16:25:34    -9341.276458       1.0273     --------    -5.965022          3
MinModeTranslate:   85  16:25:34    -9341.276458       1.0273     0.100000    -5.965022          3
MinModeTranslate:   86  16:25:34    -9341.310537       0.8927     --------    -5.530074          3
MinModeTranslate:   86  16:25:34    -9341.310537       0.8927     0.055326    -5.530074          3
MinModeTranslate:   87  16:25:34    -9341.336060       0.7317     --------    -6.212489          3
MinModeTranslate:   87  16:25:34    -9341.336060       0.7317     0.093669    -6.212489          3
MinModeTranslate:   88  16:25:34    -9341.372152       0.5824     --------    -7.074372          3
MinModeTranslate:   88  16:25:34    -9341.372152       0.5824     0.069359    -7.074372          3
MinModeTranslate:   89  16:25:34    -9341.397060       0.8133     --------    -8.467232          3
MinModeTranslate:   89  16:25:34    -9341.397060       0.8133     0.100000    -8.467232          3
MinModeTranslate:   90  16:25:34    -9341.436675       0.7839     --------    -9.083817          3
MinModeTranslate:   90  16:25:34    -9341.436675       0.7839     0.069965    -9.083817          3
MinModeTranslate:   91  16:25:34    -9341.465789       0.4804     --------    -8.779814          3
MinModeTranslate:   91  16:25:34    -9341.465789       0.4804     0.059936    -8.779814          3
MinModeTranslate:   92  16:25:34    -9341.475138       0.4609     --------    -9.610459          3
MinModeTranslate:   92  16:25:34    -9341.475138       0.4609     0.019261    -9.610459          3
MinModeTranslate:   93  16:25:35    -9341.481321       0.2291     --------   -10.346828          3
MinModeTranslate:   93  16:25:35    -9341.481321       0.2291     0.021680   -10.346828          3
MinModeTranslate:   94  16:25:35    -9341.485476       0.4300     --------   -10.344859          3
MinModeTranslate:   94  16:25:35    -9341.485476       0.4300     0.022101   -10.344859          3
MinModeTranslate:   95  16:25:35    -9341.489254       0.1983     --------   -10.159851          3
MinModeTranslate:   95  16:25:35    -9341.489254       0.1983     0.011756   -10.159851          3
MinModeTranslate:   96  16:25:35    -9341.490839       0.1341     --------    -9.911146          3
MinModeTranslate:   96  16:25:35    -9341.490839       0.1341     0.013614    -9.911146          3
MinModeTranslate:   97  16:25:35    -9341.492199       0.1322     --------   -10.130782          3
MinModeTranslate:   97  16:25:35    -9341.492199       0.1322     0.009401   -10.130782          3
MinModeTranslate:   98  16:25:35    -9341.492940       0.0957     --------   -10.375088          3
MinModeTranslate:   98  16:25:35    -9341.492940       0.0957     0.005480   -10.375088          3
MinModeTranslate:   99  16:25:35    -9341.493247       0.0631     --------   -10.535303          3
MinModeTranslate:   99  16:25:35    -9341.493247       0.0631     0.014689   -10.535303          3
MinModeTranslate:  100  16:25:35    -9341.493894       0.1432     --------   -10.758755          3
MinModeTranslate:  100  16:25:35    -9341.493894       0.1432     0.025149   -10.758755          3
MinModeTranslate:  101  16:25:35    -9341.495036       0.1202     --------   -11.234853          3
MinModeTranslate:  101  16:25:35    -9341.495036       0.1202     0.039398   -11.234853          3
MinModeTranslate:  102  16:25:36    -9341.496844       0.2105     --------   -11.622088          3
MinModeTranslate:  102  16:25:36    -9341.496844       0.2105     0.100000   -11.622088          3
MinModeTranslate:  103  16:25:36    -9341.503694       0.1877     --------   -12.888035          3
MinModeTranslate:  103  16:25:36    -9341.503694       0.1877     0.013799   -12.888035          3
MinModeTranslate:  104  16:25:36    -9341.505649       0.2287     --------   -13.251832          3
MinModeTranslate:  104  16:25:36    -9341.505649       0.2287     0.063199   -13.251832          3
MinModeTranslate:  105  16:25:36    -9341.512557       0.6478     --------   -13.615597          3
MinModeTranslate:  105  16:25:36    -9341.512557       0.6478     0.100000   -13.615597          3
MinModeTranslate:  106  16:25:36    -9341.535775       0.5219     --------   -13.867754          3
MinModeTranslate:  106  16:25:36    -9341.535775       0.5219     0.100000   -13.867754          3
MinModeTranslate:  107  16:25:36    -9341.566233       1.0144     --------   -15.483931          3
MinModeTranslate:  107  16:25:36    -9341.566233       1.0144     0.100000   -15.483931          3
MinModeTranslate:  108  16:25:36    -9341.607072       0.9379     --------   -17.319573          3
MinModeTranslate:  108  16:25:36    -9341.607072       0.9379     0.100000   -17.319573          3
MinModeTranslate:  109  16:25:36    -9341.664205       1.3129     --------   -21.889905          3
MinModeTranslate:  109  16:25:36    -9341.664205       1.3129     0.100000   -21.889905          3
MinModeTranslate:  110  16:25:36    -9341.734198       1.6798     --------   -26.807675          3
MinModeTranslate:  110  16:25:36    -9341.734198       1.6798     0.100000   -26.807675          3
MinModeTranslate:  111  16:25:36    -9341.860419       1.1642     --------   -28.855253          3
MinModeTranslate:  111  16:25:37    -9341.860419       1.1642     0.100000   -28.855253          3
MinModeTranslate:  112  16:25:37    -9342.002388       1.2608     --------   -29.020387          3
MinModeTranslate:  112  16:25:37    -9342.002388       1.2608     0.100000   -29.020387          3
MinModeTranslate:  113  16:25:37    -9342.163657       1.4618     --------   -28.090873          3
MinModeTranslate:  113  16:25:37    -9342.163657       1.4618     0.100000   -28.090873          3
MinModeTranslate:  114  16:25:37    -9342.389668       1.5644     --------   -23.084544          3
MinModeTranslate:  114  16:25:37    -9342.389668       1.5644     0.100000   -23.084544          3
MinModeTranslate:  115  16:25:37    -9342.601785       1.9399     --------   -16.498180          3
MinModeTranslate:  115  16:25:37    -9342.601785       1.9399     0.100000   -16.498180          3
MinModeTranslate:  116  16:25:37    -9342.871134       2.0876     --------   -10.946315          3
MinModeTranslate:  116  16:25:37    -9342.871134       2.0876     0.094902   -10.946315          3
MinModeTranslate:  117  16:25:37    -9343.029375       1.9124     --------    -7.429459          3
MinModeTranslate:  117  16:25:37    -9343.029375       1.9124     0.100000    -7.429459          3
MinModeTranslate:  118  16:25:37    -9343.140576       1.4884     --------    -5.621607          3
MinModeTranslate:  118  16:25:37    -9343.140576       1.4884     0.085011    -5.621607          3
MinModeTranslate:  119  16:25:37    -9343.128645       1.8031     --------    -5.312551          3
MinModeTranslate:  119  16:25:37    -9343.128645       1.8031     0.100000    -5.312551          3
MinModeTranslate:  120  16:25:37    -9343.077998       1.5579     --------    -2.190262          3
MinModeTranslate:  120  16:25:37    -9343.077998       1.5579     0.055697    -2.190262          3
MinModeTranslate:  121  16:25:37    -9343.087916       0.9260     --------    -1.353317          3
MinModeTranslate:  121  16:25:37    -9343.087916       0.9260     0.100000    -1.353317          3
MinModeTranslate:  122  16:25:38    -9343.024466       0.6673     --------     0.505794          3
MinModeTranslate:  122  16:25:38    -9343.024466       0.6673     0.100000     0.505794          3
MinModeTranslate:  123  16:25:38    -9342.891362       0.6464     --------     0.753524          3
MinModeTranslate:  123  16:25:38    -9342.891362       0.6464     0.100000     0.753524          3
MinModeTranslate:  124  16:25:38    -9342.755818       0.9203     --------    -0.336979          3
MinModeTranslate:  124  16:25:38    -9342.755818       0.9203     0.100000    -0.336979          3
MinModeTranslate:  125  16:25:38    -9342.668035       0.9670     --------    -1.313006          3
MinModeTranslate:  125  16:25:38    -9342.668035       0.9670     0.100000    -1.313006          3
MinModeTranslate:  126  16:25:38    -9342.599187       0.7219     --------    -2.502826          3
MinModeTranslate:  126  16:25:38    -9342.599187       0.7219     0.100000    -2.502826          3
MinModeTranslate:  127  16:25:38    -9342.537850       1.2979     --------    -3.038644          3
MinModeTranslate:  127  16:25:38    -9342.537850       1.2979     0.100000    -3.038644          3
MinModeTranslate:  128  16:25:38    -9342.508027       0.9333     --------    -2.929623          3
MinModeTranslate:  128  16:25:38    -9342.508027       0.9333     0.036186    -2.929623          3
MinModeTranslate:  129  16:25:38    -9342.536088       0.4932     --------    -3.012745          3
MinModeTranslate:  129  16:25:38    -9342.536088       0.4932     0.046283    -3.012745          3
MinModeTranslate:  130  16:25:38    -9342.526099       1.0378     --------    -2.649817          3
MinModeTranslate:  130  16:25:38    -9342.526099       1.0378     0.100000    -2.649817          3
MinModeTranslate:  131  16:25:38    -9342.533811       0.8732     --------    -2.190592          3
MinModeTranslate:  131  16:25:38    -9342.533811       0.8732     0.025070    -2.190592          3
MinModeTranslate:  132  16:25:39    -9342.547294       0.5193     --------    -2.377395          3
MinModeTranslate:  132  16:25:39    -9342.547294       0.5193     0.034926    -2.377395          3
MinModeTranslate:  133  16:25:39    -9342.550474       0.5441     --------    -2.274540          3
MinModeTranslate:  133  16:25:39    -9342.550474       0.5441     0.100000    -2.274540          3
MinModeTranslate:  134  16:25:39    -9342.562271       0.9804     --------    -1.985463          3
MinModeTranslate:  134  16:25:39    -9342.562271       0.9804     0.100000    -1.985463          3
MinModeTranslate:  135  16:25:39    -9342.595749       0.5577     --------    -1.631798          3
MinModeTranslate:  135  16:25:39    -9342.595749       0.5577     0.023244    -1.631798          3
MinModeTranslate:  136  16:25:39    -9342.605304       0.2954     --------    -1.477918          3
MinModeTranslate:  136  16:25:39    -9342.605304       0.2954     0.030783    -1.477918          3
MinModeTranslate:  137  16:25:39    -9342.609697       0.4267     --------    -1.355678          3
MinModeTranslate:  137  16:25:39    -9342.609697       0.4267     0.064381    -1.355678          3
MinModeTranslate:  138  16:25:39    -9342.618279       0.5341     --------    -1.105716          3
MinModeTranslate:  138  16:25:39    -9342.618279       0.5341     0.040889    -1.105716          3
MinModeTranslate:  139  16:25:39    -9342.623417       0.5132     --------    -0.966832          3
MinModeTranslate:  139  16:25:39    -9342.623417       0.5132     0.065313    -0.966832          3
MinModeTranslate:  140  16:25:39    -9342.632869       0.5156     --------    -0.917562          3
MinModeTranslate:  140  16:25:39    -9342.632869       0.5156     0.049091    -0.917562          3
MinModeTranslate:  141  16:25:39    -9342.638560       0.1992     --------    -0.823199          3
MinModeTranslate:  141  16:25:39    -9342.638560       0.1992     0.016978    -0.823199          3
MinModeTranslate:  142  16:25:39    -9342.639923       0.2017     --------    -0.779993          3
MinModeTranslate:  142  16:25:39    -9342.639923       0.2017     0.011836    -0.779993          3
MinModeTranslate:  143  16:25:40    -9342.640718       0.1515     --------    -0.757826          3
MinModeTranslate:  143  16:25:40    -9342.640718       0.1515     0.019084    -0.757826          3
MinModeTranslate:  144  16:25:40    -9342.641623       0.1665     --------    -0.689870          3
MinModeTranslate:  144  16:25:40    -9342.641623       0.1665     0.010009    -0.689870          3
MinModeTranslate:  145  16:25:40    -9342.642003       0.1212     --------    -0.686919          3
MinModeTranslate:  145  16:25:40    -9342.642003       0.1212     0.019086    -0.686919          3
MinModeTranslate:  146  16:25:40    -9342.642606       0.1295     --------    -0.684590          3
MinModeTranslate:  146  16:25:40    -9342.642606       0.1295     0.027819    -0.684590          3
MinModeTranslate:  147  16:25:40    -9342.643425       0.1959     --------    -0.601978          3
MinModeTranslate:  147  16:25:40    -9342.643425       0.1959     0.022141    -0.601978          3
MinModeTranslate:  148  16:25:40    -9342.644199       0.1475     --------    -0.576610          3
MinModeTranslate:  148  16:25:40    -9342.644199       0.1475     0.016358    -0.576610          3
MinModeTranslate:  149  16:25:40    -9342.644898       0.1148     --------    -0.558737          3
MinModeTranslate:  149  16:25:40    -9342.644898       0.1148     0.012121    -0.558737          3
MinModeTranslate:  150  16:25:40    -9342.645308       0.0771     --------    -0.473782          3
MinModeTranslate:  150  16:25:40    -9342.645308       0.0771     0.009931    -0.473782          3
MinModeTranslate:  151  16:25:40    -9342.645598       0.0861     --------    -0.426874          3
MinModeTranslate:  151  16:25:40    -9342.645598       0.0861     0.016302    -0.426874          3
MinModeTranslate:  152  16:25:40    -9342.646075       0.1317     --------    -0.432317          3
MinModeTranslate:  152  16:25:40    -9342.646075       0.1317     0.020004    -0.432317          3
MinModeTranslate:  153  16:25:41    -9342.646686       0.0859     --------    -0.399815          3
MinModeTranslate:  153  16:25:41    -9342.646686       0.0859     0.013886    -0.399815          3
MinModeTranslate:  154  16:25:41    -9342.647063       0.1028     --------    -0.359203          3
MinModeTranslate:  154  16:25:41    -9342.647063       0.1028     0.021537    -0.359203          3
MinModeTranslate:  155  16:25:41    -9342.647666       0.1008     --------    -0.363277          3
MinModeTranslate:  155  16:25:41    -9342.647666       0.1008     0.010967    -0.363277          3
MinModeTranslate:  156  16:25:41    -9342.648014       0.0624     --------    -0.359450          3
MinModeTranslate:  156  16:25:41    -9342.648014       0.0624     0.007892    -0.359450          3
MinModeTranslate:  157  16:25:41    -9342.648240       0.0600     --------    -0.330640          3
MinModeTranslate:  157  16:25:41    -9342.648240       0.0600     0.011213    -0.330640          3
MinModeTranslate:  158  16:25:41    -9342.648528       0.0901     --------    -0.310769          3
MinModeTranslate:  158  16:25:41    -9342.648528       0.0901     0.015083    -0.310769          3
MinModeTranslate:  159  16:25:41    -9342.648911       0.1043     --------    -0.317997          3
MinModeTranslate:  159  16:25:41    -9342.648911       0.1043     0.012003    -0.317997          3
MinModeTranslate:  160  16:25:41    -9342.649223       0.0540     --------    -0.325573          3
