MinModeTranslate: STEP      TIME          ENERGY    MAX-FORCE     STEPSIZE    CURVATURE  ROT-STEPS
MinModeTranslate:    0  14:23:28    -6362.172479      13.9481     --------   -30.771575          3
MinModeTranslate:    0  14:23:29    -6362.172479      13.9481     0.100000   -30.771575          3
MinModeTranslate:    1  14:23:29    -6364.378388      12.1252     --------   -29.781171          3
MinModeTranslate:    1  14:23:29    -6364.378388      12.1252     0.100000   -29.781171          3
MinModeTranslate:    2  14:23:29    -6366.264215       9.9036     --------   -16.315228          3
MinModeTranslate:    2  14:23:29    -6366.264215       9.9036     0.100000   -16.315228          3
MinModeTranslate:    3  14:23:29    -6367.746393       7.3761     --------    -9.556225          3
MinModeTranslate:    3  14:23:29    -6367.746393       7.3761     0.100000    -9.556225          3
MinModeTranslate:    4  14:23:29    -6368.906156       4.7732     --------    -9.219831          3
MinModeTranslate:    4  14:23:29    -6368.906156       4.7732     0.100000    -9.219831          3
MinModeTranslate:    5  14:23:29    -6369.837273       3.1256     --------    -9.092440          3
MinModeTranslate:    5  14:23:29    -6369.837273       3.1256     0.100000    -9.092440          3
MinModeTranslate:    6  14:23:29    -6370.619128       2.6251     --------    -8.659680          3
MinModeTranslate:    6  14:23:29    -6370.619128       2.6251     0.100000    -8.659680          3
MinModeTranslate:    7  14:23:29    -6371.306301       2.6479     --------    -8.473759          3
MinModeTranslate:    7  14:23:29    -6371.306301       2.6479     0.100000    -8.473759          3
MinModeTranslate:    8  14:23:29    -6371.934384       2.8983     --------    -9.091020          3
MinModeTranslate:    8  14:23:29    -6371.934384       2.8983     0.100000    -9.091020          3
MinModeTranslate:    9  14:23:30    -6372.507565       2.9326     --------    -9.829611          3
MinModeTranslate:    9  14:23:30    -6372.507565       2.9326     0.100000    -9.829611          3
MinModeTranslate:   10  14:23:30    -6373.031532       2.5510     --------   -10.363036          3
MinModeTranslate:   10  14:23:30    -6373.031532       2.5510     0.100000   -10.363036          3
MinModeTranslate:   11  14:23:30    -6373.498293       2.1928     --------   -10.269621          3
MinModeTranslate:   11  14:23:30    -6373.498293       2.1928     0.100000   -10.269621          3
MinModeTranslate:   12  14:23:30    -6373.927920       2.2502     --------    -9.894208          3
MinModeTranslate:   12  14:23:30    -6373.927920       2.2502     0.100000    -9.894208          3
MinModeTranslate:   13  14:23:30    -6374.340188       2.3664     --------    -9.884560          3
MinModeTranslate:   13  14:23:30    -6374.340188       2.3664     0.100000    -9.884560          3
MinModeTranslate:   14  14:23:30    -6374.735607       2.3127     --------   -11.483816          3
MinModeTranslate:   14  14:23:30    -6374.735607       2.3127     0.100000   -11.483816          3
MinModeTranslate:   15  14:23:30    -6375.099820       2.1672     --------   -14.495675          3
MinModeTranslate:   15  14:23:30    -6375.099820       2.1672     0.100000   -14.495675          3
MinModeTranslate:   16  14:23:30    -6375.423077       2.0046     --------   -16.953105          3
MinModeTranslate:   16  14:23:30    -6375.423077       2.0046     0.100000   -16.953105          3
MinModeTranslate:   17  14:23:30    -6375.709835       1.8655     --------   -18.830833          3
MinModeTranslate:   17  14:23:30    -6375.709835       1.8655     0.100000   -18.830833          3
MinModeTranslate:   18  14:23:30    -6376.002537       1.7542     --------   -18.386540          3
MinModeTranslate:   18  14:23:30    -6376.002537       1.7542     0.100000   -18.386540          3
MinModeTranslate:   19  14:23:31    -6376.283793       1.6535     --------   -15.306798          3
MinModeTranslate:   19  14:23:31    -6376.283793       1.6535     0.100000   -15.306798          3
MinModeTranslate:   20  14:23:31    -6376.541514       1.4863     --------   -10.295577          3
MinModeTranslate:   20  14:23:31    -6376.541514       1.4863     0.100000   -10.295577          3
MinModeTranslate:   21  14:23:31    -6376.768072       1.2807     --------    -6.615099          3
MinModeTranslate:   21  14:23:31    -6376.768072       1.2807     0.100000    -6.615099          3
MinModeTranslate:   22  14:23:31    -6376.979422       1.0340     --------    -5.565639          3
MinModeTranslate:   22  14:23:31    -6376.979422       1.0340     0.100000    -5.565639          3
MinModeTranslate:   23  14:23:31    -6377.138825       1.0379     --------    -4.786206          3
MinModeTranslate:   23  14:23:31    -6377.138825       1.0379     0.100000    -4.786206          3
MinModeTranslate:   24  14:23:31    -6377.282079       0.8346     --------    -5.421060          3
MinModeTranslate:   24  14:23:31    -6377.282079       0.8346     0.100000    -5.421060          3
MinModeTranslate:   25  14:23:31    -6377.414653       0.6516     --------    -4.881331          3
MinModeTranslate:   25  14:23:31    -6377.414653       0.6516     0.100000    -4.881331          3
MinModeTranslate:   26  14:23:31    -6377.511493       0.7253     --------    -5.078323          3
MinModeTranslate:   26  14:23:31    -6377.511493       0.7253     0.100000    -5.078323          3
MinModeTranslate:   27  14:23:31    -6377.584847       1.0371     --------    -3.964777          3
MinModeTranslate:   27  14:23:31    -6377.584847       1.0371     0.100000    -3.964777          3
MinModeTranslate:   28  14:23:32    -6377.634594       1.2270     --------    -3.684916          3
MinModeTranslate:   28  14:23:32    -6377.634594       1.2270     0.047868    -3.684916          3
MinModeTranslate:   29  14:23:32    -6377.684534       0.3999     --------    -4.127710          3
MinModeTranslate:   29  14:23:32    -6377.684534       0.3999     0.068860    -4.127710          3
MinModeTranslate:   30  14:23:32    -6377.703359       0.9301     --------    -4.475877          3
MinModeTranslate:   30  14:23:32    -6377.703359       0.9301     0.100000    -4.475877          3
MinModeTranslate:   31  14:23:32    -6377.732609       0.5111     --------    -3.713134          3
MinModeTranslate:   31  14:23:32    -6377.732609       0.5111     0.043433    -3.713134          3
MinModeTranslate:   32  14:23:32    -6377.741948       0.3673     --------    -3.421745          3
MinModeTranslate:   32  14:23:32    -6377.741948       0.3673     0.048651    -3.421745          3
MinModeTranslate:   33  14:23:32    -6377.750785       0.3494     --------    -3.098903          3
MinModeTranslate:   33  14:23:32    -6377.750785       0.3494     0.067318    -3.098903          3
MinModeTranslate:   34  14:23:32    -6377.763111       0.5079     --------    -2.575853          3
MinModeTranslate:   34  14:23:32    -6377.763111       0.5079     0.100000    -2.575853          3
MinModeTranslate:   35  14:23:32    -6377.781560       0.4181     --------    -1.775342          3
MinModeTranslate:   35  14:23:32    -6377.781560       0.4181     0.059224    -1.775342          3
MinModeTranslate:   36  14:23:32    -6377.792626       0.4548     --------    -1.357070          3
MinModeTranslate:   36  14:23:32    -6377.792626       0.4548     0.061987    -1.357070          3
MinModeTranslate:   37  14:23:32    -6377.801557       0.4641     --------    -1.131076          3
MinModeTranslate:   37  14:23:32    -6377.801557       0.4641     0.049121    -1.131076          3
MinModeTranslate:   38  14:23:33    -6377.808716       0.3859     --------    -1.159943          3
MinModeTranslate:   38  14:23:33    -6377.808716       0.3859     0.040398    -1.159943          3
MinModeTranslate:   39  14:23:33    -6377.814424       0.3333     --------    -1.063210          3
MinModeTranslate:   39  14:23:33    -6377.814424       0.3333     0.033965    -1.063210          3
MinModeTranslate:   40  14:23:33    -6377.818755       0.2937     --------    -0.841946          3
MinModeTranslate:   40  14:23:33    -6377.818755       0.2937     0.039263    -0.841946          3
MinModeTranslate:   41  14:23:33    -6377.823065       0.3161     --------    -0.803309          3
MinModeTranslate:   41  14:23:33    -6377.823065       0.3161     0.064138    -0.803309          3
MinModeTranslate:   42  14:23:33    -6377.830006       0.3264     --------    -0.782149          3
MinModeTranslate:   42  14:23:33    -6377.830006       0.3264     0.046026    -0.782149          3
MinModeTranslate:   43  14:23:33    -6377.834988       0.3659     --------    -0.747776          3
MinModeTranslate:   43  14:23:33    -6377.834988       0.3659     0.061338    -0.747776          3
MinModeTranslate:   44  14:23:33    -6377.840680       0.3656     --------    -0.973866          3
MinModeTranslate:   44  14:23:33    -6377.840680       0.3656     0.038226    -0.973866          3
MinModeTranslate:   45  14:23:33    -6377.844553       0.2770     --------    -1.291144          3
MinModeTranslate:   45  14:23:33    -6377.844553       0.2770     0.034381    -1.291144          3
MinModeTranslate:   46  14:23:33    -6377.847470       0.2857     --------    -1.449879          3
MinModeTranslate:   46  14:23:33    -6377.847470       0.2857     0.062442    -1.449879          3
MinModeTranslate:   47  14:23:33    -6377.851785       0.2546     --------    -1.574930          3
MinModeTranslate:   47  14:23:33    -6377.851785       0.2546     0.047781    -1.574930          3
MinModeTranslate:   48  14:23:34    -6377.855479       0.2379     --------    -1.809774          3
MinModeTranslate:   48  14:23:34    -6377.855479       0.2379     0.036288    -1.809774          3
MinModeTranslate:   49  14:23:34    -6377.859385       0.3081     --------    -2.048763          3
MinModeTranslate:   49  14:23:34    -6377.859385       0.3081     0.041663    -2.048763          3
MinModeTranslate:   50  14:23:34    -6377.864372       0.3661     --------    -2.261950          3
MinModeTranslate:   50  14:23:34    -6377.864372       0.3661     0.052380    -2.261950          3
MinModeTranslate:   51  14:23:34    -6377.870898       0.2065     --------    -2.364310          3
MinModeTranslate:   51  14:23:34    -6377.870898       0.2065     0.037608    -2.364310          3
MinModeTranslate:   52  14:23:34    -6377.875261       0.2076     --------    -2.413563          3
MinModeTranslate:   52  14:23:34    -6377.875261       0.2076     0.038786    -2.413563          3
MinModeTranslate:   53  14:23:34    -6377.878847       0.2529     --------    -2.324703          3
MinModeTranslate:   53  14:23:34    -6377.878847       0.2529     0.046497    -2.324703          3
MinModeTranslate:   54  14:23:34    -6377.882354       0.2846     --------    -2.217478          3
MinModeTranslate:   54  14:23:34    -6377.882354       0.2846     0.090631    -2.217478          3
MinModeTranslate:   55  14:23:34    -6377.888650       0.2766     --------    -2.325846          3
MinModeTranslate:   55  14:23:34    -6377.888650       0.2766     0.059838    -2.325846          3
MinModeTranslate:   56  14:23:34    -6377.892574       0.2531     --------    -2.347658          3
MinModeTranslate:   56  14:23:34    -6377.892574       0.2531     0.092372    -2.347658          3
MinModeTranslate:   57  14:23:34    -6377.897854       0.3992     --------    -2.183601          3
MinModeTranslate:   57  14:23:34    -6377.897854       0.3992     0.100000    -2.183601          3
MinModeTranslate:   58  14:23:35    -6377.907786       0.3064     --------    -1.775160          3
MinModeTranslate:   58  14:23:35    -6377.907786       0.3064     0.053037    -1.775160          3
MinModeTranslate:   59  14:23:35    -6377.918951       0.5778     --------    -1.555256          3
MinModeTranslate:   59  14:23:35    -6377.918951       0.5778     0.100000    -1.555256          3
MinModeTranslate:   60  14:23:35    -6377.941837       0.6718     --------    -1.130432          3
MinModeTranslate:   60  14:23:35    -6377.941837       0.6718     0.054917    -1.130432          3
MinModeTranslate:   61  14:23:35    -6377.963456       0.5641     --------    -1.180817          3
MinModeTranslate:   61  14:23:35    -6377.963456       0.5641     0.095308    -1.180817          3
MinModeTranslate:   62  14:23:35    -6377.986721       0.7635     --------    -1.516721          3
MinModeTranslate:   62  14:23:35    -6377.986721       0.7635     0.059067    -1.516721          3
MinModeTranslate:   63  14:23:35    -6378.005381       0.4677     --------    -1.660452          3
MinModeTranslate:   63  14:23:35    -6378.005381       0.4677     0.066676    -1.660452          3
MinModeTranslate:   64  14:23:35    -6378.022982       0.3985     --------    -1.614128          3
MinModeTranslate:   64  14:23:35    -6378.022982       0.3985     0.057999    -1.614128          3
MinModeTranslate:   65  14:23:35    -6378.031736       0.5053     --------    -1.649851          3
MinModeTranslate:   65  14:23:35    -6378.031736       0.5053     0.079790    -1.649851          3
MinModeTranslate:   66  14:23:35    -6378.038611       0.5443     --------    -1.815182          3
MinModeTranslate:   66  14:23:35    -6378.038611       0.5443     0.100000    -1.815182          3
MinModeTranslate:   67  14:23:35    -6378.044301       0.5080     --------    -2.099703          3
MinModeTranslate:   67  14:23:35    -6378.044301       0.5080     0.092306    -2.099703          3
MinModeTranslate:   68  14:23:36    -6378.051552       0.7577     --------    -2.264054          3
MinModeTranslate:   68  14:23:36    -6378.051552       0.7577     0.100000    -2.264054          3
MinModeTranslate:   69  14:23:36    -6378.058683       0.4399     --------    -2.364087          3
MinModeTranslate:   69  14:23:36    -6378.058683       0.4399     0.100000    -2.364087          3
MinModeTranslate:   70  14:23:36    -6378.077144       0.7121     --------    -2.520732          3
MinModeTranslate:   70  14:23:36    -6378.077144       0.7121     0.100000    -2.520732          3
MinModeTranslate:   71  14:23:36    -6378.093383       0.4923     --------    -2.440938          3
MinModeTranslate:   71  14:23:36    -6378.093383       0.4923     0.099923    -2.440938          3
MinModeTranslate:   72  14:23:36    -6378.119029       0.5699     --------    -1.960830          3
MinModeTranslate:   72  14:23:36    -6378.119029       0.5699     0.100000    -1.960830          3
MinModeTranslate:   73  14:23:36    -6378.144311       0.5499     --------    -1.771566          3
MinModeTranslate:   73  14:23:36    -6378.144311       0.5499     0.057117    -1.771566          3
MinModeTranslate:   74  14:23:36    -6378.170785       0.6356     --------    -2.290418          3
MinModeTranslate:   74  14:23:36    -6378.170785       0.6356     0.100000    -2.290418          3
MinModeTranslate:   75  14:23:36    -6378.195647       0.6548     --------    -2.968912          3
MinModeTranslate:   75  14:23:36    -6378.195647       0.6548     0.100000    -2.968912          3
MinModeTranslate:   76  14:23:36    -6378.238602       0.5641     --------    -3.035202          3
MinModeTranslate:   76  14:23:36    -6378.238602       0.5641     0.033511    -3.035202          3
MinModeTranslate:   77  14:23:36    -6378.262251       0.4121     --------    -2.723051          3
MinModeTranslate:   77  14:23:36    -6378.262251       0.4121     0.051349    -2.723051          3
MinModeTranslate:   78  14:23:37    -6378.272306       0.5639     --------    -2.669109          3
MinModeTranslate:   78  14:23:37    -6378.272306       0.5639     0.100000    -2.669109          3
MinModeTranslate:   79  14:23:37    -6378.301094       0.8408     --------    -3.019831          3
MinModeTranslate:   79  14:23:37    -6378.301094       0.8408     0.057433    -3.019831          3
MinModeTranslate:   80  14:23:37    -6378.321012       0.6570     --------    -3.252228          3
MinModeTranslate:   80  14:23:37    -6378.321012       0.6570     0.100000    -3.252228          3
MinModeTranslate:   81  14:23:37    -6378.346053       0.6048     --------    -3.475695          3
MinModeTranslate:   81  14:23:37    -6378.346053       0.6048     0.080151    -3.475695          3
MinModeTranslate:   82  14:23:37    -6378.377872       0.7038     --------    -3.463619          3
MinModeTranslate:   82  14:23:37    -6378.377872       0.7038     0.054218    -3.463619          3
MinModeTranslate:   83  14:23:37    -6378.394541       0.5936     --------    -3.475439          3
MinModeTranslate:   83  14:23:37    -6378.394541       0.5936     0.034305    -3.475439          3
MinModeTranslate:   84  14:23:37    -6378.406440       0.3890     --------    -3.613331          3
MinModeTranslate:   84  14:23:37    -6378.406440       0.3890     0.031090    -3.613331          3
MinModeTranslate:   85  14:23:37    -6378.413062       0.3002     --------    -3.689463          3
MinModeTranslate:   85  14:23:37    -6378.413062       0.3002     0.033757    -3.689463          3
MinModeTranslate:   86  14:23:37    -6378.416379       0.4841     --------    -3.630827          3
MinModeTranslate:   86  14:23:37    -6378.416379       0.4841     0.051394    -3.630827          3
MinModeTranslate:   87  14:23:37    -6378.419947       0.4086     --------    -3.610140          3
MinModeTranslate:   87  14:23:37    -6378.419947       0.4086     0.046822    -3.610140          3
MinModeTranslate:   88  14:23:37    -6378.423437       0.3405     --------    -3.764740          3
MinModeTranslate:   88  14:23:38    -6378.423437       0.3405     0.045966    -3.764740          3
MinModeTranslate:   89  14:23:38    -6378.428124       0.3221     --------    -3.993284          3
MinModeTranslate:   89  14:23:38    -6378.428124       0.3221     0.021043    -3.993284          3
MinModeTranslate:   90  14:23:38    -6378.430627       0.1865     --------    -4.055170          3
MinModeTranslate:   90  14:23:38    -6378.430627       0.1865     0.016549    -4.055170          3
MinModeTranslate:   91  14:23:38    -6378.432499       0.1220     --------    -4.041631          3
MinModeTranslate:   91  14:23:38    -6378.432499       0.1220     0.010990    -4.041631          3
MinModeTranslate:   92  14:23:38    -6378.433506       0.1149     --------    -4.113869          3
MinModeTranslate:   92  14:23:38    -6378.433506       0.1149     0.008635    -4.113869          3
MinModeTranslate:   93  14:23:38    -6378.434150       0.0942     --------    -4.186251          3
MinModeTranslate:   93  14:23:38    -6378.434150       0.0942     0.011370    -4.186251          3
MinModeTranslate:   94  14:23:38    -6378.434829       0.1409     --------    -4.217594          3
MinModeTranslate:   94  14:23:38    -6378.434829       0.1409     0.022762    -4.217594          3
MinModeTranslate:   95  14:23:38    -6378.436021       0.1074     --------    -4.245989          3
MinModeTranslate:   95  14:23:38    -6378.436021       0.1074     0.048196    -4.245989          3
MinModeTranslate:   96  14:23:38    -6378.438329       0.2927     --------    -4.397745          3
MinModeTranslate:   96  14:23:38    -6378.438329       0.2927     0.050310    -4.397745          3
MinModeTranslate:   97  14:23:38    -6378.440733       0.3061     --------    -4.495382          3
MinModeTranslate:   97  14:23:38    -6378.440733       0.3061     0.100000    -4.495382          3
MinModeTranslate:   98  14:23:38    -6378.447511       0.3036     --------    -4.457642          3
MinModeTranslate:   98  14:23:39    -6378.447511       0.3036     0.065569    -4.457642          3
MinModeTranslate:   99  14:23:39    -6378.453655       0.3905     --------    -4.327278          3
MinModeTranslate:   99  14:23:39    -6378.453655       0.3905     0.100000    -4.327278          3
MinModeTranslate:  100  14:23:39    -6378.462028       0.6270     --------    -4.037528          3
MinModeTranslate:  100  14:23:39    -6378.462028       0.6270     0.079574    -4.037528          3
MinModeTranslate:  101  14:23:39    -6378.473167       0.4127     --------    -3.869724          3
MinModeTranslate:  101  14:23:39    -6378.473167       0.4127     0.090862    -3.869724          3
MinModeTranslate:  102  14:23:39    -6378.480028       0.7613     --------    -3.634676          3
MinModeTranslate:  102  14:23:39    -6378.480028       0.7613     0.100000    -3.634676          3
MinModeTranslate:  103  14:23:39    -6378.494918       0.5299     --------    -3.336587          3
MinModeTranslate:  103  14:23:39    -6378.494918       0.5299     0.015109    -3.336587          3
MinModeTranslate:  104  14:23:39    -6378.500669       0.3100     --------    -3.333734          3
MinModeTranslate:  104  14:23:39    -6378.500669       0.3100     0.021521    -3.333734          3
MinModeTranslate:  105  14:23:39    -6378.505168       0.2989     --------    -3.354797          3
MinModeTranslate:  105  14:23:39    -6378.505168       0.2989     0.045526    -3.354797          3
MinModeTranslate:  106  14:23:39    -6378.513070       0.3148     --------    -3.384583          3
MinModeTranslate:  106  14:23:39    -6378.513070       0.3148     0.036086    -3.384583          3
MinModeTranslate:  107  14:23:39    -6378.518587       0.3433     --------    -3.333658          3
MinModeTranslate:  107  14:23:39    -6378.518587       0.3433     0.047896    -3.333658          3
MinModeTranslate:  108  14:23:39    -6378.524920       0.4973     --------    -3.246255          3
MinModeTranslate:  108  14:23:40    -6378.524920       0.4973     0.100000    -3.246255          3
MinModeTranslate:  109  14:23:40    -6378.541935       0.3820     --------    -2.871224          3
MinModeTranslate:  109  14:23:40    -6378.541935       0.3820     0.035176    -2.871224          3
MinModeTranslate:  110  14:23:40    -6378.549572       0.3140     --------    -2.778013          3
MinModeTranslate:  110  14:23:40    -6378.549572       0.3140     0.065983    -2.778013          3
MinModeTranslate:  111  14:23:40    -6378.558714       0.5164     --------    -2.769923          3
MinModeTranslate:  111  14:23:40    -6378.558714       0.5164     0.100000    -2.769923          3
MinModeTranslate:  112  14:23:40    -6378.577025       0.4896     --------    -2.645569          3
MinModeTranslate:  112  14:23:40    -6378.577025       0.4896     0.067470    -2.645569          3
MinModeTranslate:  113  14:23:40    -6378.590850       0.5746     --------    -2.427540          3
MinModeTranslate:  113  14:23:40    -6378.590850       0.5746     0.100000    -2.427540          3
MinModeTranslate:  114  14:23:40    -6378.609721       0.5516     --------    -2.387507          3
MinModeTranslate:  114  14:23:40    -6378.609721       0.5516     0.100000    -2.387507          3
MinModeTranslate:  115  14:23:40    -6378.633864       0.5767     --------    -2.424804          3
MinModeTranslate:  115  14:23:40    -6378.633864       0.5767     0.048089    -2.424804          3
MinModeTranslate:  116  14:23:40    -6378.643626       0.4117     --------    -2.301855          3
MinModeTranslate:  116  14:23:40    -6378.643626       0.4117     0.100000    -2.301855          3
MinModeTranslate:  117  14:23:40    -6378.658071       0.4703     --------    -2.399660          3
MinModeTranslate:  117  14:23:40    -6378.658071       0.4703     0.068122    -2.399660          3
MinModeTranslate:  118  14:23:40    -6378.672093       0.6832     --------    -2.633071          3
MinModeTranslate:  118  14:23:40    -6378.672093       0.6832     0.100000    -2.633071          3
MinModeTranslate:  119  14:23:41    -6378.688511       0.6041     --------    -2.571001          3
MinModeTranslate:  119  14:23:41    -6378.688511       0.6041     0.063663    -2.571001          3
MinModeTranslate:  120  14:23:41    -6378.703746       0.5466     --------    -2.446382          3
MinModeTranslate:  120  14:23:41    -6378.703746       0.5466     0.054259    -2.446382          3
MinModeTranslate:  121  14:23:41    -6378.715092       0.4824     --------    -2.532748          3
MinModeTranslate:  121  14:23:41    -6378.715092       0.4824     0.046550    -2.532748          3
MinModeTranslate:  122  14:23:41    -6378.724962       0.3400     --------    -2.630151          3
MinModeTranslate:  122  14:23:41    -6378.724962       0.3400     0.042259    -2.630151          3
MinModeTranslate:  123  14:23:41    -6378.732296       0.4671     --------    -2.616805          3
MinModeTranslate:  123  14:23:41    -6378.732296       0.4671     0.063817    -2.616805          3
MinModeTranslate:  124  14:23:41    -6378.741823       0.3821     --------    -2.686773          3
MinModeTranslate:  124  14:23:41    -6378.741823       0.3821     0.073344    -2.686773          3
MinModeTranslate:  125  14:23:41    -6378.750816       0.4925     --------    -2.773206          3
MinModeTranslate:  125  14:23:41    -6378.750816       0.4925     0.081249    -2.773206          3
MinModeTranslate:  126  14:23:41    -6378.760019       0.4288     --------    -2.695502          3
MinModeTranslate:  126  14:23:41    -6378.760019       0.4288     0.100000    -2.695502          3
MinModeTranslate:  127  14:23:41    -6378.772222       0.5960     --------    -2.610659          3
MinModeTranslate:  127  14:23:41    -6378.772222       0.5960     0.100000    -2.610659          3
MinModeTranslate:  128  14:23:41    -6378.795524       0.4349     --------    -2.448139          3
MinModeTranslate:  128  14:23:41    -6378.795524       0.4349     0.051360    -2.448139          3
MinModeTranslate:  129  14:23:42    -6378.809167       0.6287     --------    -2.287010          3
MinModeTranslate:  129  14:23:42    -6378.809167       0.6287     0.100000    -2.287010          3
MinModeTranslate:  130  14:23:42    -6378.828514       1.2233     --------    -2.188090          3
MinModeTranslate:  130  14:23:42    -6378.828514       1.2233     0.100000    -2.188090          3
MinModeTranslate:  131  14:23:42    -6378.871748       0.7576     --------    -2.320521          3
MinModeTranslate:  131  14:23:42    -6378.871748       0.7576     0.098466    -2.320521          3
MinModeTranslate:  132  14:23:42    -6378.896372       0.8818     --------    -2.074466          3
MinModeTranslate:  132  14:23:42    -6378.896372       0.8818     0.086862    -2.074466          3
MinModeTranslate:  133  14:23:42    -6378.918996       0.7215     --------    -1.864846          3
MinModeTranslate:  133  14:23:42    -6378.918996       0.7215     0.078491    -1.864846          3
MinModeTranslate:  134  14:23:42    -6378.940080       0.6904     --------    -1.976086          3
MinModeTranslate:  134  14:23:42    -6378.940080       0.6904     0.076260    -1.976086          3
MinModeTranslate:  135  14:23:42    -6378.957799       0.5570     --------    -2.007254          3
MinModeTranslate:  135  14:23:42    -6378.957799       0.5570     0.070737    -2.007254          3
MinModeTranslate:  136  14:23:42    -6378.972590       0.7685     --------    -1.920099          3
MinModeTranslate:  136  14:23:42    -6378.972590       0.7685     0.100000    -1.920099          3
MinModeTranslate:  137  14:23:42    -6378.993108       0.6745     --------    -2.034537          3
MinModeTranslate:  137  14:23:42    -6378.993108       0.6745     0.100000    -2.034537          3
MinModeTranslate:  138  14:23:42    -6379.012126       0.8557     --------    -2.096591          3
MinModeTranslate:  138  14:23:43    -6379.012126       0.8557     0.100000    -2.096591          3
MinModeTranslate:  139  14:23:43    -6379.035053       0.7266     --------    -2.047842          3
MinModeTranslate:  139  14:23:43    -6379.035053       0.7266     0.039099    -2.047842          3
MinModeTranslate:  140  14:23:43    -6379.049450       0.5539     --------    -2.070192          3
MinModeTranslate:  140  14:23:43    -6379.049450       0.5539     0.064063    -2.070192          3
MinModeTranslate:  141  14:23:43    -6379.057825       0.8782     --------    -2.019124          3
MinModeTranslate:  141  14:23:43    -6379.057825       0.8782     0.100000    -2.019124          3
MinModeTranslate:  142  14:23:43    -6379.090623       0.7936     --------    -1.771159          3
MinModeTranslate:  142  14:23:43    -6379.090623       0.7936     0.054511    -1.771159          3
MinModeTranslate:  143  14:23:43    -6379.117628       0.6146     --------    -1.714771          3
MinModeTranslate:  143  14:23:43    -6379.117628       0.6146     0.100000    -1.714771          3
MinModeTranslate:  144  14:23:43    -6379.136153       1.0313     --------    -1.548988          3
MinModeTranslate:  144  14:23:43    -6379.136153       1.0313     0.100000    -1.548988          3
MinModeTranslate:  145  14:23:43    -6379.171579       0.7702     --------    -1.384978          3
MinModeTranslate:  145  14:23:43    -6379.171579       0.7702     0.066550    -1.384978          3
MinModeTranslate:  146  14:23:43    -6379.190155       0.5907     --------    -1.486937          3
MinModeTranslate:  146  14:23:43    -6379.190155       0.5907     0.078198    -1.486937          3
MinModeTranslate:  147  14:23:43    -6379.200057       0.6933     --------    -1.539114          3
MinModeTranslate:  147  14:23:43    -6379.200057       0.6933     0.060897    -1.539114          3
MinModeTranslate:  148  14:23:43    -6379.211256       0.5005     --------    -1.645038          3
MinModeTranslate:  148  14:23:44    -6379.211256       0.5005     0.053060    -1.645038          3
MinModeTranslate:  149  14:23:44    -6379.219638       0.3217     --------    -1.716023          3
MinModeTranslate:  149  14:23:44    -6379.219638       0.3217     0.043957    -1.716023          3
MinModeTranslate:  150  14:23:44    -6379.226060       0.4858     --------    -1.614837          3
MinModeTranslate:  150  14:23:44    -6379.226060       0.4858     0.046391    -1.614837          3
MinModeTranslate:  151  14:23:44    -6379.232742       0.3717     --------    -1.638388          3
MinModeTranslate:  151  14:23:44    -6379.232742       0.3717     0.074629    -1.638388          3
MinModeTranslate:  152  14:23:44    -6379.243345       0.4015     --------    -1.616201          3
MinModeTranslate:  152  14:23:44    -6379.243345       0.4015     0.052634    -1.616201          3
MinModeTranslate:  153  14:23:44    -6379.251090       0.5462     --------    -1.524445          3
MinModeTranslate:  153  14:23:44    -6379.251090       0.5462     0.074239    -1.524445          3
MinModeTranslate:  154  14:23:44    -6379.262421       0.4763     --------    -1.600994          3
MinModeTranslate:  154  14:23:44    -6379.262421       0.4763     0.063733    -1.600994          3
MinModeTranslate:  155  14:23:44    -6379.271633       0.5428     --------    -1.686513          3
MinModeTranslate:  155  14:23:44    -6379.271633       0.5428     0.055589    -1.686513          3
MinModeTranslate:  156  14:23:44    -6379.279564       0.3788     --------    -1.758049          3
MinModeTranslate:  156  14:23:44    -6379.279564       0.3788     0.063332    -1.758049          3
MinModeTranslate:  157  14:23:44    -6379.287467       0.3827     --------    -1.888627          3
MinModeTranslate:  157  14:23:44    -6379.287467       0.3827     0.039836    -1.888627          3
MinModeTranslate:  158  14:23:44    -6379.291900       0.3244     --------    -1.843206          3
MinModeTranslate:  158  14:23:44    -6379.291900       0.3244     0.041392    -1.843206          3
MinModeTranslate:  159  14:23:45    -6379.296497       0.2255     --------    -1.833880          3
MinModeTranslate:  159  14:23:45    -6379.296497       0.2255     0.034945    -1.833880          3
MinModeTranslate:  160  14:23:45    -6379.299694       0.3062     --------    -1.903759          3
