MinModeTranslate: STEP      TIME          ENERGY    MAX-FORCE     STEPSIZE    CURVATURE  ROT-STEPS
MinModeTranslate:    0  15:15:04    -8285.494561      31.9458     -------- -1163.353043          3
MinModeTranslate:    0  15:15:04    -8285.494561      31.9458     0.059135 -1163.353043          3
MinModeTranslate:    1  15:15:04    -8287.188578      12.5341     --------  -827.109503          3
MinModeTranslate:    1  15:15:04    -8287.188578      12.5341     0.100000  -827.109503          3
MinModeTranslate:    2  15:15:04    -8288.737522       9.0013     --------  -507.135574          3
MinModeTranslate:    2  15:15:04    -8288.737522       9.0013     0.053339  -507.135574          3
MinModeTranslate:    3  15:15:04    -8289.101138       6.6875     --------  -562.376982          3
MinModeTranslate:    3  15:15:04    -8289.101138       6.6875     0.080955  -562.376982          3
MinModeTranslate:    4  15:15:04    -8289.534280       6.0609     --------  -333.819658          3
MinModeTranslate:    4  15:15:04    -8289.534280       6.0609     0.100000  -333.819658          3
MinModeTranslate:    5  15:15:04    -8289.840996       3.1347     --------  -320.010087          3
MinModeTranslate:    5  15:15:04    -8289.840996       3.1347     0.051704  -320.010087          3
MinModeTranslate:    6  15:15:04    -8290.101970       6.8128     --------  -534.002545          3
MinModeTranslate:    6  15:15:04    -8290.101970       6.8128     0.100000  -534.002545          3
MinModeTranslate:    7  15:15:04    -8290.313343       5.6147     --------  -574.819934          3
MinModeTranslate:    7  15:15:04    -8290.313343       5.6147     0.016475  -574.819934          3
MinModeTranslate:    8  15:15:04    -8290.305984       2.1418     --------  -454.249716          3
MinModeTranslate:    8  15:15:04    -8290.305984       2.1418     0.100000  -454.249716          3
MinModeTranslate:    9  15:15:04    -8290.496150       1.3696     --------  -397.537524          3
MinModeTranslate:    9  15:15:04    -8290.496150       1.3696     0.100000  -397.537524          3
MinModeTranslate:   10  15:15:05    -8290.655308       1.2883     --------  -355.955628          3
MinModeTranslate:   10  15:15:05    -8290.655308       1.2883     0.043578  -355.955628          3
MinModeTranslate:   11  15:15:05    -8290.734179       2.8865     --------  -441.719591          3
MinModeTranslate:   11  15:15:05    -8290.734179       2.8865     0.084919  -441.719591          3
MinModeTranslate:   12  15:15:05    -8290.765320       1.3769     --------  -372.480817          3
MinModeTranslate:   12  15:15:05    -8290.765320       1.3769     0.033732  -372.480817          3
MinModeTranslate:   13  15:15:05    -8290.841083       2.3830     --------  -269.020712          3
MinModeTranslate:   13  15:15:05    -8290.841083       2.3830     0.057330  -269.020712          3
MinModeTranslate:   14  15:15:05    -8290.876969       1.2879     --------  -306.436039          3
MinModeTranslate:   14  15:15:05    -8290.876969       1.2879     0.100000  -306.436039          3
MinModeTranslate:   15  15:15:05    -8291.024368       1.9183     --------  -279.464792          3
MinModeTranslate:   15  15:15:05    -8291.024368       1.9183     0.100000  -279.464792          3
MinModeTranslate:   16  15:15:05    -8291.270621       1.9310     --------  -293.297488          3
MinModeTranslate:   16  15:15:05    -8291.270621       1.9310     0.073193  -293.297488          3
MinModeTranslate:   17  15:15:05    -8291.428823       3.7481     --------  -362.148389          3
MinModeTranslate:   17  15:15:05    -8291.428823       3.7481     0.071783  -362.148389          3
MinModeTranslate:   18  15:15:05    -8291.437174       1.8080     --------  -325.348854          3
MinModeTranslate:   18  15:15:05    -8291.437174       1.8080     0.019236  -325.348854          3
MinModeTranslate:   19  15:15:05    -8291.468223       1.4766     --------  -276.565291          3
MinModeTranslate:   19  15:15:05    -8291.468223       1.4766     0.032685  -276.565291          3
MinModeTranslate:   20  15:15:06    -8291.489071       0.7434     --------  -304.010999          3
MinModeTranslate:   20  15:15:06    -8291.489071       0.7434     0.079837  -304.010999          3
MinModeTranslate:   21  15:15:06    -8291.538968       1.5845     --------  -262.718807          3
MinModeTranslate:   21  15:15:06    -8291.538968       1.5845     0.074189  -262.718807          3
MinModeTranslate:   22  15:15:06    -8291.586555       2.0411     --------  -304.575829          3
MinModeTranslate:   22  15:15:06    -8291.586555       2.0411     0.069030  -304.575829          3
MinModeTranslate:   23  15:15:06    -8291.605822       0.6745     --------  -267.214018          3
MinModeTranslate:   23  15:15:06    -8291.605822       0.6745     0.052401  -267.214018          3
MinModeTranslate:   24  15:15:06    -8291.633764       0.9750     --------  -287.438001          3
MinModeTranslate:   24  15:15:06    -8291.633764       0.9750     0.034023  -287.438001          3
MinModeTranslate:   25  15:15:06    -8291.648124       0.9097     --------  -258.944165          3
MinModeTranslate:   25  15:15:06    -8291.648124       0.9097     0.041104  -258.944165          3
MinModeTranslate:   26  15:15:06    -8291.657106       0.3746     --------  -275.378597          3
MinModeTranslate:   26  15:15:06    -8291.657106       0.3746     0.027477  -275.378597          3
MinModeTranslate:   27  15:15:06    -8291.666716       0.5586     --------  -285.764233          3
MinModeTranslate:   27  15:15:06    -8291.666716       0.5586     0.013551  -285.764233          3
MinModeTranslate:   28  15:15:06    -8291.670168       0.4976     --------  -269.553768          3
MinModeTranslate:   28  15:15:06    -8291.670168       0.4976     0.049712  -269.553768          3
MinModeTranslate:   29  15:15:06    -8291.679916       0.4098     --------  -277.993870          3
MinModeTranslate:   29  15:15:06    -8291.679916       0.4098     0.037081  -277.993870          3
MinModeTranslate:   30  15:15:06    -8291.687000       0.3575     --------  -289.075305          3
MinModeTranslate:   30  15:15:06    -8291.687000       0.3575     0.019694  -289.075305          3
MinModeTranslate:   31  15:15:07    -8291.692282       0.7036     --------  -274.741447          3
MinModeTranslate:   31  15:15:07    -8291.692282       0.7036     0.033353  -274.741447          3
MinModeTranslate:   32  15:15:07    -8291.695972       0.4032     --------  -287.374325          3
MinModeTranslate:   32  15:15:07    -8291.695972       0.4032     0.073353  -287.374325          3
MinModeTranslate:   33  15:15:07    -8291.707097       0.5574     --------  -296.130659          3
MinModeTranslate:   33  15:15:07    -8291.707097       0.5574     0.100000  -296.130659          3
MinModeTranslate:   34  15:15:07    -8291.734892       1.0995     --------  -277.629756          3
MinModeTranslate:   34  15:15:07    -8291.734892       1.0995     0.066366  -277.629756          3
MinModeTranslate:   35  15:15:07    -8291.746493       1.0168     --------  -308.807993          3
MinModeTranslate:   35  15:15:07    -8291.746493       1.0168     0.100000  -308.807993          3
MinModeTranslate:   36  15:15:07    -8291.760962       1.1920     --------  -308.624618          3
MinModeTranslate:   36  15:15:07    -8291.760962       1.1920     0.018887  -308.624618          3
MinModeTranslate:   37  15:15:07    -8291.765641       0.6585     --------  -284.225056          3
MinModeTranslate:   37  15:15:07    -8291.765641       0.6585     0.044558  -284.225056          3
MinModeTranslate:   38  15:15:07    -8291.779807       0.7729     --------  -299.647454          3
MinModeTranslate:   38  15:15:07    -8291.779807       0.7729     0.082593  -299.647454          3
MinModeTranslate:   39  15:15:07    -8291.806487       0.7153     --------  -295.557106          3
MinModeTranslate:   39  15:15:07    -8291.806487       0.7153     0.035200  -295.557106          3
MinModeTranslate:   40  15:15:07    -8291.819280       0.9871     --------  -276.293507          3
MinModeTranslate:   40  15:15:07    -8291.819280       0.9871     0.031485  -276.293507          3
MinModeTranslate:   41  15:15:07    -8291.823953       0.4334     --------  -295.360909          3
MinModeTranslate:   41  15:15:07    -8291.823953       0.4334     0.029482  -295.360909          3
MinModeTranslate:   42  15:15:07    -8291.830069       0.3098     --------  -285.898634          3
MinModeTranslate:   42  15:15:08    -8291.830069       0.3098     0.024323  -285.898634          3
MinModeTranslate:   43  15:15:08    -8291.836640       0.6424     --------  -296.350955          3
MinModeTranslate:   43  15:15:08    -8291.836640       0.6424     0.022794  -296.350955          3
MinModeTranslate:   44  15:15:08    -8291.838242       0.2374     --------  -287.014633          3
MinModeTranslate:   44  15:15:08    -8291.838242       0.2374     0.026160  -287.014633          3
MinModeTranslate:   45  15:15:08    -8291.842196       0.3346     --------  -294.180541          3
MinModeTranslate:   45  15:15:08    -8291.842196       0.3346     0.021143  -294.180541          3
MinModeTranslate:   46  15:15:08    -8291.845662       0.4502     --------  -283.819941          3
MinModeTranslate:   46  15:15:08    -8291.845662       0.4502     0.018526  -283.819941          3
MinModeTranslate:   47  15:15:08    -8291.847862       0.5016     --------  -293.243342          3
MinModeTranslate:   47  15:15:08    -8291.847862       0.5016     0.036298  -293.243342          3
MinModeTranslate:   48  15:15:08    -8291.851468       0.2492     --------  -289.628784          3
MinModeTranslate:   48  15:15:08    -8291.851468       0.2492     0.028211  -289.628784          3
MinModeTranslate:   49  15:15:08    -8291.854556       0.1670     --------  -292.031163          3
MinModeTranslate:   49  15:15:08    -8291.854556       0.1670     0.012087  -292.031163          3
MinModeTranslate:   50  15:15:08    -8291.856180       0.3509     --------  -284.889000          3
MinModeTranslate:   50  15:15:08    -8291.856180       0.3509     0.015584  -284.889000          3
MinModeTranslate:   51  15:15:08    -8291.856910       0.2169     --------  -292.178542          3
MinModeTranslate:   51  15:15:08    -8291.856910       0.2169     0.018003  -292.178542          3
MinModeTranslate:   52  15:15:08    -8291.858175       0.2465     --------  -292.626103          3
MinModeTranslate:   52  15:15:08    -8291.858175       0.2465     0.020291  -292.626103          3
MinModeTranslate:   53  15:15:08    -8291.859777       0.2262     --------  -296.449526          3
MinModeTranslate:   53  15:15:09    -8291.859777       0.2262     0.007507  -296.449526          3
MinModeTranslate:   54  15:15:09    -8291.860068       0.1446     --------  -290.836669          2
MinModeTranslate:   54  15:15:09    -8291.860068       0.1446     0.016269  -290.836669          2
MinModeTranslate:   55  15:15:09    -8291.860943       0.1088     --------  -294.061558          3
MinModeTranslate:   55  15:15:09    -8291.860943       0.1088     0.016813  -294.061558          3
MinModeTranslate:   56  15:15:09    -8291.862067       0.2286     --------  -290.419836          3
MinModeTranslate:   56  15:15:09    -8291.862067       0.2286     0.013901  -290.419836          3
MinModeTranslate:   57  15:15:09    -8291.862653       0.1876     --------  -295.906259          3
MinModeTranslate:   57  15:15:09    -8291.862653       0.1876     0.026213  -295.906259          3
MinModeTranslate:   58  15:15:09    -8291.863777       0.1712     --------  -289.413379          3
MinModeTranslate:   58  15:15:09    -8291.863777       0.1712     0.016074  -289.413379          3
MinModeTranslate:   59  15:15:09    -8291.864569       0.1400     --------  -293.178109          3
MinModeTranslate:   59  15:15:09    -8291.864569       0.1400     0.008192  -293.178109          3
MinModeTranslate:   60  15:15:09    -8291.864992       0.1948     --------  -288.669410          2
MinModeTranslate:   60  15:15:09    -8291.864992       0.1948     0.022210  -288.669410          2
MinModeTranslate:   61  15:15:09    -8291.865817       0.1378     --------  -291.155643          3
MinModeTranslate:   61  15:15:09    -8291.865817       0.1378     0.029416  -291.155643          3
MinModeTranslate:   62  15:15:09    -8291.867141       0.1929     --------  -286.721439          3
MinModeTranslate:   62  15:15:09    -8291.867141       0.1929     0.010979  -286.721439          3
MinModeTranslate:   63  15:15:09    -8291.867512       0.1730     --------  -291.908725          2
MinModeTranslate:   63  15:15:09    -8291.867512       0.1730     0.031235  -291.908725          2
MinModeTranslate:   64  15:15:09    -8291.868613       0.1940     --------  -288.790336          3
MinModeTranslate:   64  15:15:09    -8291.868613       0.1940     0.032031  -288.790336          3
MinModeTranslate:   65  15:15:10    -8291.869920       0.1978     --------  -290.614619          3
MinModeTranslate:   65  15:15:10    -8291.869920       0.1978     0.018302  -290.614619          3
MinModeTranslate:   66  15:15:10    -8291.870692       0.1929     --------  -284.886527          3
MinModeTranslate:   66  15:15:10    -8291.870692       0.1929     0.021757  -284.886527          3
MinModeTranslate:   67  15:15:10    -8291.871305       0.1352     --------  -290.316682          3
MinModeTranslate:   67  15:15:10    -8291.871305       0.1352     0.037010  -290.316682          3
MinModeTranslate:   68  15:15:10    -8291.872786       0.2476     --------  -285.179080          3
MinModeTranslate:   68  15:15:10    -8291.872786       0.2476     0.012007  -285.179080          3
MinModeTranslate:   69  15:15:10    -8291.873027       0.1183     --------  -289.121594          3
MinModeTranslate:   69  15:15:10    -8291.873027       0.1183     0.018374  -289.121594          3
MinModeTranslate:   70  15:15:10    -8291.873810       0.1738     --------  -284.296591          3
MinModeTranslate:   70  15:15:10    -8291.873810       0.1738     0.019343  -284.296591          3
MinModeTranslate:   71  15:15:10    -8291.874742       0.2592     --------  -289.783251          3
MinModeTranslate:   71  15:15:10    -8291.874742       0.2592     0.020026  -289.783251          3
MinModeTranslate:   72  15:15:10    -8291.875185       0.1078     --------  -285.440418          3
MinModeTranslate:   72  15:15:10    -8291.875185       0.1078     0.010581  -285.440418          3
MinModeTranslate:   73  15:15:10    -8291.875595       0.0937     --------  -286.618989          3
MinModeTranslate:   73  15:15:10    -8291.875595       0.0937     0.013299  -286.618989          3
MinModeTranslate:   74  15:15:10    -8291.876393       0.2297     --------  -281.618872          3
MinModeTranslate:   74  15:15:10    -8291.876393       0.2297     0.020205  -281.618872          3
MinModeTranslate:   75  15:15:10    -8291.876856       0.1017     --------  -286.557722          3
MinModeTranslate:   75  15:15:10    -8291.876856       0.1017     0.022206  -286.557722          3
MinModeTranslate:   76  15:15:10    -8291.877705       0.1452     --------  -282.645044          3
MinModeTranslate:   76  15:15:11    -8291.877705       0.1452     0.012307  -282.645044          3
MinModeTranslate:   77  15:15:11    -8291.878191       0.1723     --------  -287.016435          3
MinModeTranslate:   77  15:15:11    -8291.878191       0.1723     0.027874  -287.016435          3
MinModeTranslate:   78  15:15:11    -8291.878991       0.1197     --------  -282.541323          3
MinModeTranslate:   78  15:15:11    -8291.878991       0.1197     0.030694  -282.541323          3
MinModeTranslate:   79  15:15:11    -8291.880365       0.2701     --------  -287.654441          3
MinModeTranslate:   79  15:15:11    -8291.880365       0.2701     0.030105  -287.654441          3
MinModeTranslate:   80  15:15:11    -8291.881111       0.1918     --------  -280.020588          3
MinModeTranslate:   80  15:15:11    -8291.881111       0.1918     0.041276  -280.020588          3
MinModeTranslate:   81  15:15:11    -8291.882321       0.1696     --------  -281.447074          3
MinModeTranslate:   81  15:15:11    -8291.882321       0.1696     0.031861  -281.447074          3
MinModeTranslate:   82  15:15:11    -8291.883450       0.2151     --------  -277.195756          3
MinModeTranslate:   82  15:15:11    -8291.883450       0.2151     0.028402  -277.195756          3
MinModeTranslate:   83  15:15:11    -8291.884424       0.2613     --------  -284.093880          3
MinModeTranslate:   83  15:15:11    -8291.884424       0.2613     0.061818  -284.093880          3
MinModeTranslate:   84  15:15:11    -8291.885948       0.1295     --------  -277.764935          3
MinModeTranslate:   84  15:15:11    -8291.885948       0.1295     0.041164  -277.764935          3
MinModeTranslate:   85  15:15:11    -8291.887607       0.3159     --------  -282.769897          3
MinModeTranslate:   85  15:15:11    -8291.887607       0.3159     0.034282  -282.769897          3
MinModeTranslate:   86  15:15:11    -8291.888308       0.1788     --------  -275.483117          3
MinModeTranslate:   86  15:15:11    -8291.888308       0.1788     0.075819  -275.483117          3
MinModeTranslate:   87  15:15:11    -8291.890528       0.2175     --------  -279.784928          3
MinModeTranslate:   87  15:15:11    -8291.890528       0.2175     0.047579  -279.784928          3
MinModeTranslate:   88  15:15:12    -8291.892256       0.3299     --------  -270.935485          3
MinModeTranslate:   88  15:15:12    -8291.892256       0.3299     0.042723  -270.935485          3
MinModeTranslate:   89  15:15:12    -8291.893540       0.2704     --------  -277.674047          3
MinModeTranslate:   89  15:15:12    -8291.893540       0.2704     0.046647  -277.674047          3
MinModeTranslate:   90  15:15:12    -8291.894838       0.1765     --------  -272.836828          3
MinModeTranslate:   90  15:15:12    -8291.894838       0.1765     0.048220  -272.836828          3
MinModeTranslate:   91  15:15:12    -8291.896957       0.3347     --------  -279.553861          3
MinModeTranslate:   91  15:15:12    -8291.896957       0.3347     0.038370  -279.553861          3
MinModeTranslate:   92  15:15:12    -8291.897692       0.1934     --------  -271.501424          3
MinModeTranslate:   92  15:15:12    -8291.897692       0.1934     0.067272  -271.501424          3
MinModeTranslate:   93  15:15:12    -8291.899984       0.1993     --------  -275.211084          3
MinModeTranslate:   93  15:15:12    -8291.899984       0.1993     0.020145  -275.211084          3
MinModeTranslate:   94  15:15:12    -8291.900797       0.2196     --------  -269.551047          3
MinModeTranslate:   94  15:15:12    -8291.900797       0.2196     0.032436  -269.551047          3
MinModeTranslate:   95  15:15:12    -8291.901601       0.1689     --------  -274.887873          3
MinModeTranslate:   95  15:15:12    -8291.901601       0.1689     0.038198  -274.887873          3
MinModeTranslate:   96  15:15:12    -8291.902907       0.2480     --------  -269.453168          3
MinModeTranslate:   96  15:15:12    -8291.902907       0.2480     0.064335  -269.453168          3
MinModeTranslate:   97  15:15:12    -8291.905661       0.3740     --------  -278.125320          3
MinModeTranslate:   97  15:15:12    -8291.905661       0.3740     0.044590  -278.125320          3
MinModeTranslate:   98  15:15:12    -8291.906272       0.1214     --------  -271.760301          3
MinModeTranslate:   98  15:15:12    -8291.906272       0.1214     0.022773  -271.760301          3
MinModeTranslate:   99  15:15:12    -8291.907168       0.1091     --------  -273.948955          3
MinModeTranslate:   99  15:15:12    -8291.907168       0.1091     0.019547  -273.948955          3
MinModeTranslate:  100  15:15:13    -8291.908555       0.3196     --------  -267.523682          3
MinModeTranslate:  100  15:15:13    -8291.908555       0.3196     0.053876  -267.523682          3
MinModeTranslate:  101  15:15:13    -8291.909783       0.1757     --------  -274.783388          3
MinModeTranslate:  101  15:15:13    -8291.909783       0.1757     0.030831  -274.783388          3
MinModeTranslate:  102  15:15:13    -8291.910886       0.1126     --------  -274.087919          3
MinModeTranslate:  102  15:15:13    -8291.910886       0.1126     0.025924  -274.087919          3
MinModeTranslate:  103  15:15:13    -8291.912297       0.2753     --------  -277.613354          3
MinModeTranslate:  103  15:15:13    -8291.912297       0.2753     0.020224  -277.613354          3
MinModeTranslate:  104  15:15:13    -8291.912894       0.1850     --------  -271.121011          3
MinModeTranslate:  104  15:15:13    -8291.912894       0.1850     0.021150  -271.121011          3
MinModeTranslate:  105  15:15:13    -8291.913566       0.1723     --------  -275.417742          3
MinModeTranslate:  105  15:15:13    -8291.913566       0.1723     0.020757  -275.417742          3
MinModeTranslate:  106  15:15:13    -8291.914316       0.1064     --------  -272.737338          3
MinModeTranslate:  106  15:15:13    -8291.914316       0.1064     0.031505  -272.737338          3
MinModeTranslate:  107  15:15:13    -8291.915685       0.2069     --------  -276.584525          3
MinModeTranslate:  107  15:15:13    -8291.915685       0.2069     0.010585  -276.584525          3
MinModeTranslate:  108  15:15:13    -8291.915821       0.0985     --------  -271.802149          3
MinModeTranslate:  108  15:15:13    -8291.915821       0.0985     0.030163  -271.802149          3
MinModeTranslate:  109  15:15:13    -8291.916832       0.1190     --------  -273.240493          3
MinModeTranslate:  109  15:15:13    -8291.916832       0.1190     0.026573  -273.240493          3
MinModeTranslate:  110  15:15:13    -8291.917764       0.1598     --------  -270.682628          3
MinModeTranslate:  110  15:15:13    -8291.917764       0.1598     0.006920  -270.682628          3
MinModeTranslate:  111  15:15:13    -8291.917998       0.1711     --------  -274.497551          2
MinModeTranslate:  111  15:15:14    -8291.917998       0.1711     0.028190  -274.497551          2
MinModeTranslate:  112  15:15:14    -8291.918766       0.1478     --------  -271.749249          2
MinModeTranslate:  112  15:15:14    -8291.918766       0.1478     0.030110  -271.749249          2
MinModeTranslate:  113  15:15:14    -8291.919769       0.1709     --------  -275.151529          3
MinModeTranslate:  113  15:15:14    -8291.919769       0.1709     0.011101  -275.151529          3
MinModeTranslate:  114  15:15:14    -8291.920019       0.1224     --------  -270.480682          3
MinModeTranslate:  114  15:15:14    -8291.920019       0.1224     0.018940  -270.480682          3
MinModeTranslate:  115  15:15:14    -8291.920453       0.0883     --------  -271.932564          3
MinModeTranslate:  115  15:15:14    -8291.920453       0.0883     0.012646  -271.932564          3
MinModeTranslate:  116  15:15:14    -8291.920799       0.1217     --------  -272.048841          3
MinModeTranslate:  116  15:15:14    -8291.920799       0.1217     0.024394  -272.048841          3
MinModeTranslate:  117  15:15:14    -8291.921559       0.1655     --------  -274.857197          3
MinModeTranslate:  117  15:15:14    -8291.921559       0.1655     0.006302  -274.857197          3
MinModeTranslate:  118  15:15:14    -8291.921584       0.0576     --------  -271.571210          2
MinModeTranslate:  118  15:15:14    -8291.921584       0.0576     0.013956  -271.571210          2
MinModeTranslate:  119  15:15:14    -8291.921904       0.0821     --------  -273.302125          2
MinModeTranslate:  119  15:15:14    -8291.921904       0.0821     0.021322  -273.302125          2
MinModeTranslate:  120  15:15:14    -8291.922428       0.1036     --------  -270.625304          3
MinModeTranslate:  120  15:15:14    -8291.922428       0.1036     0.004976  -270.625304          3
MinModeTranslate:  121  15:15:14    -8291.922498       0.0680     --------  -273.287191          2
MinModeTranslate:  121  15:15:14    -8291.922498       0.0680     0.011066  -273.287191          2
MinModeTranslate:  122  15:15:14    -8291.922709       0.1173     --------  -272.469169          2
MinModeTranslate:  122  15:15:14    -8291.922709       0.1173     0.018767  -272.469169          2
MinModeTranslate:  123  15:15:14    -8291.923097       0.0719     --------  -271.741984          3
MinModeTranslate:  123  15:15:14    -8291.923097       0.0719     0.020717  -271.741984          3
MinModeTranslate:  124  15:15:15    -8291.923556       0.0992     --------  -270.779166          3
MinModeTranslate:  124  15:15:15    -8291.923556       0.0992     0.010301  -270.779166          3
MinModeTranslate:  125  15:15:15    -8291.923851       0.1333     --------  -273.748847          3
MinModeTranslate:  125  15:15:15    -8291.923851       0.1333     0.016740  -273.748847          3
MinModeTranslate:  126  15:15:15    -8291.924047       0.0580     --------  -270.840409          3
MinModeTranslate:  126  15:15:15    -8291.924047       0.0580     0.016785  -270.840409          3
MinModeTranslate:  127  15:15:15    -8291.924370       0.1109     --------  -272.312646          3
MinModeTranslate:  127  15:15:15    -8291.924370       0.1109     0.016426  -272.312646          3
MinModeTranslate:  128  15:15:15    -8291.924693       0.0647     --------  -270.700294          3
MinModeTranslate:  128  15:15:15    -8291.924693       0.0647     0.016739  -270.700294          3
MinModeTranslate:  129  15:15:15    -8291.925009       0.0735     --------  -272.137809          3
MinModeTranslate:  129  15:15:15    -8291.925009       0.0735     0.016543  -272.137809          3
MinModeTranslate:  130  15:15:15    -8291.925471       0.1727     --------  -268.496062          3
MinModeTranslate:  130  15:15:15    -8291.925471       0.1727     0.015017  -268.496062          3
MinModeTranslate:  131  15:15:15    -8291.925579       0.0541     --------  -271.031581          3
MinModeTranslate:  131  15:15:15    -8291.925579       0.0541     0.018070  -271.031581          3
MinModeTranslate:  132  15:15:15    -8291.925888       0.1138     --------  -271.388673          3
MinModeTranslate:  132  15:15:15    -8291.925888       0.1138     0.016484  -271.388673          3
MinModeTranslate:  133  15:15:15    -8291.926192       0.0888     --------  -270.137830          2
MinModeTranslate:  133  15:15:15    -8291.926192       0.0888     0.015291  -270.137830          2
MinModeTranslate:  134  15:15:15    -8291.926453       0.0704     --------  -271.789614          3
MinModeTranslate:  134  15:15:15    -8291.926453       0.0704     0.010501  -271.789614          3
MinModeTranslate:  135  15:15:16    -8291.926735       0.1383     --------  -269.093403          2
MinModeTranslate:  135  15:15:16    -8291.926735       0.1383     0.015597  -269.093403          2
MinModeTranslate:  136  15:15:16    -8291.926851       0.0512     --------  -271.216730          3
MinModeTranslate:  136  15:15:16    -8291.926851       0.0512     0.018176  -271.216730          3
MinModeTranslate:  137  15:15:16    -8291.927146       0.0752     --------  -272.171910          3
MinModeTranslate:  137  15:15:16    -8291.927146       0.0752     0.011227  -272.171910          3
MinModeTranslate:  138  15:15:16    -8291.927359       0.0807     --------  -269.805492          2
MinModeTranslate:  138  15:15:16    -8291.927359       0.0807     0.008950  -269.805492          2
MinModeTranslate:  139  15:15:16    -8291.927517       0.0973     --------  -272.119187          3
MinModeTranslate:  139  15:15:16    -8291.927517       0.0973     0.010476  -272.119187          3
MinModeTranslate:  140  15:15:16    -8291.927627       0.0542     --------  -271.347886          3
MinModeTranslate:  140  15:15:16    -8291.927627       0.0542     0.011176  -271.347886          3
MinModeTranslate:  141  15:15:16    -8291.927803       0.0585     --------  -270.295936          2
MinModeTranslate:  141  15:15:16    -8291.927803       0.0585     0.006168  -270.295936          2
MinModeTranslate:  142  15:15:16    -8291.927947       0.1129     --------  -272.607760          2
MinModeTranslate:  142  15:15:16    -8291.927947       0.1129     0.012769  -272.607760          2
MinModeTranslate:  143  15:15:16    -8291.928069       0.0786     --------  -271.397435          3
MinModeTranslate:  143  15:15:16    -8291.928069       0.0786     0.008987  -271.397435          3
MinModeTranslate:  144  15:15:16    -8291.928189       0.0618     --------  -270.610657          3
MinModeTranslate:  144  15:15:16    -8291.928189       0.0618     0.007198  -270.610657          3
MinModeTranslate:  145  15:15:16    -8291.928328       0.0822     --------  -272.609196          2
MinModeTranslate:  145  15:15:16    -8291.928328       0.0822     0.004766  -272.609196          2
MinModeTranslate:  146  15:15:16    -8291.928348       0.0441     --------  -271.308394          2
MinModeTranslate:  146  15:15:16    -8291.928348       0.0441     0.009770  -271.308394          2
MinModeTranslate:  147  15:15:16    -8291.928486       0.0462     --------  -270.878240          2
MinModeTranslate:  147  15:15:17    -8291.928486       0.0462     0.009856  -270.878240          2
MinModeTranslate:  148  15:15:17    -8291.928684       0.1207     --------  -273.366465          2
MinModeTranslate:  148  15:15:17    -8291.928684       0.1207     0.012922  -273.366465          2
MinModeTranslate:  149  15:15:17    -8291.928768       0.0669     --------  -271.350583          3
MinModeTranslate:  149  15:15:17    -8291.928768       0.0669     0.010907  -271.350583          3
MinModeTranslate:  150  15:15:17    -8291.928903       0.0545     --------  -270.705251          2
MinModeTranslate:  150  15:15:17    -8291.928903       0.0545     0.003772  -270.705251          2
MinModeTranslate:  151  15:15:17    -8291.928963       0.0584     --------  -272.156520          2
MinModeTranslate:  151  15:15:17    -8291.928963       0.0584     0.002995  -272.156520          2
MinModeTranslate:  152  15:15:17    -8291.928981       0.0333     --------  -271.246276          2
MinModeTranslate:  152  15:15:17    -8291.928981       0.0333     0.008985  -271.246276          2
MinModeTranslate:  153  15:15:17    -8291.929088       0.0535     --------  -270.727699          2
MinModeTranslate:  153  15:15:17    -8291.929088       0.0535     0.004618  -270.727699          2
MinModeTranslate:  154  15:15:17    -8291.929163       0.0696     --------  -272.549649          2
MinModeTranslate:  154  15:15:17    -8291.929163       0.0696     0.004189  -272.549649          2
MinModeTranslate:  155  15:15:17    -8291.929175       0.0285     --------  -271.857083          2
MinModeTranslate:  155  15:15:17    -8291.929175       0.0285     0.002578  -271.857083          2
MinModeTranslate:  156  15:15:17    -8291.929210       0.0351     --------  -271.132013          2
MinModeTranslate:  156  15:15:17    -8291.929210       0.0351     0.001699  -271.132013          2
MinModeTranslate:  157  15:15:17    -8291.929230       0.0421     --------  -272.098571          2
MinModeTranslate:  157  15:15:17    -8291.929230       0.0421     0.003282  -272.098571          2
MinModeTranslate:  158  15:15:17    -8291.929253       0.0321     --------  -271.926650          2
MinModeTranslate:  158  15:15:17    -8291.929253       0.0321     0.005320  -271.926650          2
MinModeTranslate:  159  15:15:17    -8291.929325       0.0581     --------  -270.852512          2
MinModeTranslate:  159  15:15:17    -8291.929325       0.0581     0.002237  -270.852512          2
MinModeTranslate:  160  15:15:17    -8291.929326       0.0219     --------  -271.907397          2
