MINMODE:METHOD: Dimer
DIM:CONTROL: Search Parameters:
DIM:CONTROL: ------------------
DIM:CONTROL: eigenmode_method = dimer
DIM:CONTROL: f_rot_min = 0.01
DIM:CONTROL: f_rot_max = 0.1
DIM:CONTROL: max_num_rot = 3
DIM:CONTROL: trial_angle = 0.7853981633974483
DIM:CONTROL: trial_trans_step = 0.001
DIM:CONTROL: maximum_translation = 0.1
DIM:CONTROL: cg_translation = True
DIM:CONTROL: use_central_forces = True
DIM:CONTROL: dimer_separation = 0.005
DIM:CONTROL: initial_eigenmode_method = gauss
DIM:CONTROL: extrapolate_forces = True
DIM:CONTROL: displacement_method = gauss
DIM:CONTROL: gauss_std = 0.1
DIM:CONTROL: order = 1
DIM:CONTROL: mask = None
DIM:CONTROL: displacement_center = None
DIM:CONTROL: displacement_radius = None
DIM:CONTROL: number_of_displacement_atoms = None
DIM:CONTROL: ------------------
DIM:ROT: OPT-STEP ROT-STEP CURVATURE ROT-ANGLE ROT-FORCE
DIM:ROT:       0         1    3.1774    8.8150   11.6041
DIM:ROT:       0         2    2.3095    7.2885    6.7785
DIM:ROT:       0         3    1.7598    4.9450    6.4751
DIM:ROT:       1         1   -6.7443   15.9022    9.5395
DIM:ROT:       1         2   -8.8712    8.4956   13.8230
DIM:ROT:       1         3  -10.2286   10.1866    7.5929
DIM:ROT:       2         1   -8.8785    4.1737    8.1703
DIM:ROT:       2         2   -9.2133    4.9480    3.8105
DIM:ROT:       2         3   -9.4238    2.4827    5.0901
DIM:ROT:       3         1   -4.8623    5.0532    4.1033
DIM:ROT:       3         2   -5.0330    2.3503    4.2758
DIM:ROT:       3         3   -5.1236    2.0732    2.5576
DIM:ROT:       4         1  -11.5132    4.5023    4.7830
DIM:ROT:       4         2  -11.6997    2.5618    4.0760
DIM:ROT:       4         3  -11.7924    2.0140    2.7482
DIM:ROT:       5         1  -11.2158    3.6228    4.6591
DIM:ROT:       5         2  -11.3501    1.9334    3.9094
DIM:ROT:       5         3  -11.4380    1.8908    2.5548
DIM:ROT:       6         1   -2.2486    7.3074    5.2860
DIM:ROT:       6         2   -2.6495    3.8429    5.7008
DIM:ROT:       6         3   -2.8816    3.7565    3.4558
DIM:ROT:       7         1   -3.3023    5.1407    6.0711
DIM:ROT:       7         2   -3.6634    3.1546    6.4629
DIM:ROT:       7         3   -3.9370    3.5171    4.2987
DIM:ROT:       8         1   -3.6697   13.3922    8.3899
DIM:ROT:       8         2   -4.8898    6.1153   11.1938
DIM:ROT:       8         3   -5.5311    6.2864    5.8446
DIM:ROT:       9         1   -6.4093    9.1415    9.9863
DIM:ROT:       9         2   -7.2105    4.7264    9.5031
DIM:ROT:       9         3   -7.7232    4.9177    5.7856
DIM:ROT:      10         1   -4.9014    9.4258    8.7281
DIM:ROT:      10         2   -5.7551    5.3796    8.8728
DIM:ROT:      10         3   -6.2510    5.3707    5.3503
DIM:ROT:      11         1   -4.3032   10.6948   11.7002
DIM:ROT:      11         2   -5.2823    4.8551   11.4831
DIM:ROT:      11         3   -5.9143    5.6375    6.1441
DIM:ROT:      12         1   -2.0125   13.7874   17.0147
DIM:ROT:      12         2   -2.9967    6.0179    9.9967
DIM:ROT:      12         3   -3.6289    5.4532    6.5745
DIM:ROT:      13         1   -7.2211   10.5908    9.0837
DIM:ROT:      13         2   -7.8358    4.5772    7.8465
DIM:ROT:      13         3   -8.2768    5.5108    4.4396
DIM:ROT:      14         1  -12.2224    5.2952    8.0798
DIM:ROT:      14         2  -12.6364    3.7717    6.4037
DIM:ROT:      14         3  -12.8685    3.0541    4.6046
DIM:ROT:      15         1  -17.5060   11.7212    8.1314
DIM:ROT:      15         2  -18.4231    4.7755   11.4266
DIM:ROT:      15         3  -18.9285    5.5797    5.0923
DIM:ROT:      16         1  -21.1788    3.8952    7.7987
DIM:ROT:      16         2  -21.3962    2.8903    4.2705
DIM:ROT:      16         3  -21.4931    1.7281    3.3558
DIM:ROT:      17         1  -24.8700    4.1052    4.9456
DIM:ROT:      17         2  -24.9867    1.6583    3.7135
DIM:ROT:      17         3  -25.0302    1.3037    1.8718
DIM:ROT:      18         1  -26.7048    2.5749    3.3243
DIM:ROT:      18         2  -26.7358    0.8719    1.7475
DIM:ROT:      18         3  -26.7438    0.5797    0.7300
DIM:ROT:      19         1  -26.3479    3.3560    3.7004
DIM:ROT:      19         2  -26.3891    1.0305    2.1658
DIM:ROT:      19         3  -26.4028    0.7857    0.9993
DIM:ROT:      20         1  -25.6012    1.1491    1.9870
DIM:ROT:      20         2  -25.6076    0.5032    1.1458
DIM:ROT:      20         3  -25.6099    0.3379    0.5930
DIM:ROT:      21         1  -20.8839    4.9554    6.2921
DIM:ROT:      21         2  -20.9233    1.4268    2.4799
DIM:ROT:      21         3  -20.9350    0.8120    1.0457
DIM:ROT:      22         1  -15.9795    3.8792    3.7805
DIM:ROT:      22         2  -16.0385    1.4876    2.6478
DIM:ROT:      22         3  -16.0613    1.0298    1.3437
DIM:ROT:      23         1  -16.4982    2.3217    2.5302
DIM:ROT:      23         2  -16.5330    1.0100    2.2465
DIM:ROT:      23         3  -16.5498    0.8522    1.1599
DIM:ROT:      24         1  -17.5858    1.7728    2.1812
DIM:ROT:      24         2  -17.6011    0.9203    1.3901
DIM:ROT:      24         3  -17.6103    0.6338    0.8578
DIM:ROT:      25         1  -18.6666    0.9516    1.1557
DIM:ROT:      25         2  -18.6758    0.4803    0.9793
DIM:ROT:      25         3  -18.6798    0.4154    0.5712
DIM:ROT:      26         1  -19.8996    1.9584    2.2088
DIM:ROT:      26         2  -19.9185    0.6470    1.3477
DIM:ROT:      26         3  -19.9252    0.5222    0.7539
DIM:ROT:      27         1  -19.7955    0.7229    1.1176
DIM:ROT:      27         2  -19.7998    0.4390    0.6852
DIM:ROT:      27         3  -19.8027    0.3061    0.5330
DIM:ROT:      28         1  -19.6462    2.4515    3.4884
DIM:ROT:      28         2  -19.6752    1.0875    1.5868
DIM:ROT:      28         3  -19.6877    0.6807    1.1149
DIM:ROT:      29         1  -20.3285    2.8162    3.5785
DIM:ROT:      29         2  -20.3690    1.3228    2.0589
DIM:ROT:      29         3  -20.3884    0.8512    1.3788
DIM:ROT:      30         1  -22.8379    3.3202    3.6135
DIM:ROT:      30         2  -22.8736    1.2684    2.2087
DIM:ROT:      30         3  -22.8897    0.7643    1.2361
DIM:ROT:      31         1  -23.4496    1.7735    1.9313
DIM:ROT:      31         2  -23.4684    0.6984    1.4578
DIM:ROT:      31         3  -23.4754    0.5495    0.7568
DIM:ROT:      32         1  -22.8796    2.3736    3.0830
DIM:ROT:      32         2  -22.9158    1.0009    2.0931
DIM:ROT:      32         3  -22.9308    0.7522    1.1764
DIM:ROT:      33         1  -22.8781    1.2632    1.5596
DIM:ROT:      33         2  -22.8906    0.5883    1.1773
DIM:ROT:      33         3  -22.8957    0.4484    0.6635
DIM:ROT:      34         1  -23.6452    0.9817    1.4547
DIM:ROT:      34         2  -23.6538    0.5285    0.9219
DIM:ROT:      34         3  -23.6572    0.3335    0.6039
DIM:ROT:      35         1  -24.5781    1.3570    2.0995
DIM:ROT:      35         2  -24.5916    0.8029    1.1147
DIM:ROT:      35         3  -24.5970    0.4184    0.7557
DIM:ROT:      36         1  -24.3559    1.2316    2.0359
DIM:ROT:      36         2  -24.3656    0.7283    0.9260
DIM:ROT:      36         3  -24.3690    0.3508    0.6461
DIM:ROT:      37         1  -23.6293    1.1217    1.7467
DIM:ROT:      37         2  -23.6399    0.6914    0.8954
DIM:ROT:      37         3  -23.6431    0.3392    0.6197
DIM:ROT:      38         1  -23.8755    0.9383    1.5609
DIM:ROT:      38         2  -23.8833    0.5983    0.7326
DIM:ROT:      38         3  -23.8855    0.2701    0.5317
DIM:ROT:      39         1  -24.0986    1.1450    1.9305
DIM:ROT:      39         2  -24.1105    0.7089    0.8502
DIM:ROT:      39         3  -24.1139    0.3370    0.5782
DIM:ROT:      40         1  -24.5272    0.7477    0.9744
DIM:ROT:      40         2  -24.5318    0.3653    0.5501
DIM:ROT:      40         3  -24.5330    0.2127    0.3033
DIM:ROT:      41         1  -24.8299    0.6982    1.0924
DIM:ROT:      41         2  -24.8347    0.4093    0.5270
DIM:ROT:      41         3  -24.8361    0.2095    0.3441
DIM:ROT:      42         1  -24.2694    0.6233    0.9051
DIM:ROT:      42         2  -24.2735    0.3705    0.5250
DIM:ROT:      42         3  -24.2744    0.2227    0.3410
DIM:ROT:      43         1  -23.8130    0.3897    0.6469
DIM:ROT:      43         2  -23.8143    0.2260    0.3011
DIM:ROT:      43         3  -23.8146    0.1162    0.2275
DIM:ROT:      44         1  -23.5044    0.2066    0.3438
DIM:ROT:      44         2  -23.5048    0.1355    0.1684
DIM:ROT:      44         3  -23.5049    0.0680    0.1323
DIM:ROT:      45         1  -23.5741    0.5612    0.7803
DIM:ROT:      45         2  -23.5777    0.3492    0.4654
DIM:ROT:      45         3  -23.5787    0.2143    0.3086
DIM:ROT:      46         1  -23.7136    0.6937    0.7019
DIM:ROT:      46         2  -23.7170    0.2613    0.4801
DIM:ROT:      46         3  -23.7175    0.1651    0.2581
DIM:ROT:      47         1  -23.2145    0.5247    0.5593
DIM:ROT:      47         2  -23.2159    0.1795    0.3390
DIM:ROT:      47         3  -23.2163    0.1198    0.1936
DIM:ROT:      48         1  -22.9131    0.4401    0.4601
DIM:ROT:      48         2  -22.9141    0.1469    0.3278
DIM:ROT:      48         3  -22.9144    0.1127    0.1624
DIM:ROT:      49         1  -22.9590    0.4742    0.4350
DIM:ROT:      49         2  -22.9605    0.1623    0.3108
DIM:ROT:      49         3  -22.9608    0.1024    0.1732
DIM:ROT:      50         1  -23.1157    0.3449    0.3130
DIM:ROT:      50         2  -23.1164    0.1165    0.2967
DIM:ROT:      50         3  -23.1167    0.1102    0.1066
DIM:ROT:      51         1  -23.2679    0.1591    0.2564
DIM:ROT:      51         2  -23.2678    0.0843    0.1682
DIM:ROT:      51         3  -23.2680    0.0653    0.1065
DIM:ROT:      52         1  -23.3433    0.1992    0.2519
DIM:ROT:      52         2  -23.3432    0.0903    0.1597
DIM:ROT:      52         3  -23.3434    0.0640    0.0992
DIM:ROT:      53         1  -23.3288    0.0884    0.1434
DIM:ROT:      53         2  -23.3289    0.0528    0.0770
DIM:ROT:      54         1  -23.3709    0.1714    0.3003
DIM:ROT:      54         2  -23.3712    0.1044    0.1238
DIM:ROT:      54         3  -23.3713    0.0469    0.1001
DIM:ROT:      55         1  -23.3207    0.2286    0.3882
DIM:ROT:      55         2  -23.3211    0.1524    0.1627
DIM:ROT:      55         3  -23.3214    0.0694    0.1273
DIM:ROT:      56         1  -23.2469    0.1520    0.2227
DIM:ROT:      56         2  -23.2471    0.0860    0.1198
DIM:ROT:      56         3  -23.2472    0.0484    0.0822
DIM:ROT:      57         1  -23.2839    0.2130    0.3419
DIM:ROT:      57         2  -23.2844    0.1191    0.1555
DIM:ROT:      57         3  -23.2845    0.0587    0.1130
DIM:ROT:      58         1  -23.2737    0.1288    0.1776
DIM:ROT:      58         2  -23.2738    0.0741    0.1097
DIM:ROT:      58         3  -23.2739    0.0445    0.0750
DIM:ROT:      59         1  -23.1686    0.1547    0.2243
DIM:ROT:      59         2  -23.1686    0.0937    0.1263
DIM:ROT:      59         3  -23.1688    0.0536    0.0894
DIM:ROT:      60         1  -23.0320    0.1705    0.2988
DIM:ROT:      60         2  -23.0321    0.0924    0.1193
DIM:ROT:      60         3  -23.0322    0.0474    0.0968
DIM:ROT:      61         1  -23.0266    0.0953    0.1373
DIM:ROT:      61         2  -23.0266    0.0534    0.0753
DIM:ROT:      62         1  -23.1065    0.1229    0.2051
DIM:ROT:      62         2  -23.1064    0.0775    0.0881
DIM:ROT:      63         1  -23.1593    0.0904    0.1729
DIM:ROT:      63         2  -23.1593    0.0560    0.0582
DIM:ROT:      64         1  -23.1567    0.0797    0.1594
DIM:ROT:      64         2  -23.1568    0.0407    0.0474
DIM:ROT:      65         1  -23.1739    0.0681    0.1309
DIM:ROT:      65         2  -23.1740    0.0350    0.0502
DIM:ROT:      66         1  -23.1553    0.0649    0.1198
DIM:ROT:      66         2  -23.1554    0.0357    0.0498
DIM:ROT:      67         1  -23.1136    0.0426    0.0775
DIM:ROT:      68         1  -23.1198    0.0676    0.0976
DIM:ROT:      69         1  -23.1395    0.0784    0.0833
DIM:ROT:      70         1  -23.1748    0.0629    0.1062
DIM:ROT:      70         2  -23.1748    0.0359    0.0699
DIM:ROT:      71         1  -23.2121    0.1284    0.1200
DIM:ROT:      71         2  -23.2120    0.0363    0.0841
DIM:ROT:      72         1  -23.1831    0.0962    0.0828
DIM:ROT:      73         1  -23.1656    0.0481    0.0824
DIM:ROT:      74         1  -23.2059    0.0451    0.0802
DIM:ROT:      75         1  -23.2402    0.0784    0.0813
DIM:ROT:      76         1  -23.2458    0.0416    0.0941
DIM:ROT:      77         1  -23.2061    0.0899    0.0768
DIM:ROT:      78         1  -23.1386    0.0560    0.1008
DIM:ROT:      78         2  -23.1387    0.0379    0.0693
DIM:ROT:      79         1  -23.1749    0.0960    0.1316
DIM:ROT:      79         2  -23.1750    0.0454    0.1026
DIM:ROT:      79         3  -23.1750    0.0368    0.0530
DIM:ROT:      80         1  -23.2402    0.1464    0.1404
DIM:ROT:      80         2  -23.2404    0.0486    0.1038
DIM:ROT:      80         3  -23.2404    0.0318    0.0421
DIM:ROT:      81         1  -23.2706    0.0953    0.1009
DIM:ROT:      81         2  -23.2706    0.0369    0.0895
DIM:ROT:      82         1  -23.2597    0.0490    0.0773
DIM:ROT:      83         1  -23.2149    0.0608    0.0755
DIM:ROT:      84         1  -23.1840    0.0472    0.0923
DIM:ROT:      85         1  -23.2038    0.0512    0.0671
DIM:ROT:      86         1  -23.2106    0.0543    0.0916
DIM:ROT:      87         1  -23.1925    0.0709    0.0893
DIM:ROT:      88         1  -23.1589    0.0581    0.1017
DIM:ROT:      88         2  -23.1590    0.0379    0.0714
DIM:ROT:      89         1  -23.1045    0.0825    0.0907
DIM:ROT:      90         1  -23.1038    0.0344    0.0731
DIM:ROT:      91         1  -23.1080    0.0316    0.0510
DIM:ROT:      92         1  -23.1186    0.0316    0.0432
DIM:ROT:      93         1  -23.1250    0.0211    0.0457
DIM:ROT:      94         1  -23.1139    0.0202    0.0289
DIM:ROT:      95         1  -23.1027    0.0386    0.0417
DIM:ROT:      96         1  -23.1083    0.0325    0.0459
DIM:ROT:      97         1  -23.0986    0.0361    0.0572
DIM:ROT:      98         1  -23.1017    0.0358    0.0494
DIM:ROT:      99         1  -23.1081    0.0300    0.0488
DIM:ROT:     100         1  -23.0956    0.0484    0.0547
DIM:ROT:     101         1  -23.0803    0.0378    0.0687
DIM:ROT:     102         1  -23.0657    0.0495    0.0631
DIM:ROT:     103         1  -23.0715    0.0321    0.0654
DIM:ROT:     104         1  -23.0896    0.0345    0.0438
DIM:ROT:     105         1  -23.1016    0.0216    0.0352
DIM:ROT:     106         1  -23.1031    0.0238    0.0312
DIM:ROT:     107         1  -23.1050    0.0235    0.0336
DIM:ROT:     108         1  -23.1005    0.0159    0.0267
