MinModeTranslate: STEP      TIME          ENERGY    MAX-FORCE     STEPSIZE    CURVATURE  ROT-STEPS
MinModeTranslate:    0  16:39:50   -12455.951370       7.7659     --------    -2.527259          3
MinModeTranslate:    0  16:39:50   -12455.951370       7.7659     0.097553    -2.527259          3
MinModeTranslate:    1  16:39:50   -12456.549223       1.7747     --------     2.312624          3
MinModeTranslate:    1  16:39:50   -12456.549223       1.7747     0.100000     2.312624          3
MinModeTranslate:    2  16:39:50   -12456.269720       1.2182     --------     0.259926          3
MinModeTranslate:    2  16:39:50   -12456.269720       1.2182     0.100000     0.259926          3
MinModeTranslate:    3  16:39:51   -12456.075351       4.2926     --------    -0.669043          3
MinModeTranslate:    3  16:39:51   -12456.075351       4.2926     0.100000    -0.669043          3
MinModeTranslate:    4  16:39:51   -12456.059918       4.4384     --------    -1.050446          3
MinModeTranslate:    4  16:39:51   -12456.059918       4.4384     0.100000    -1.050446          3
MinModeTranslate:    5  16:39:51   -12456.618273       4.1472     --------    -1.501882          3
MinModeTranslate:    5  16:39:51   -12456.618273       4.1472     0.100000    -1.501882          3
MinModeTranslate:    6  16:39:51   -12457.075942       3.0929     --------    -0.534646          3
MinModeTranslate:    6  16:39:51   -12457.075942       3.0929     0.100000    -0.534646          3
MinModeTranslate:    7  16:39:51   -12457.426313       2.5833     --------    -0.919516          3
MinModeTranslate:    7  16:39:51   -12457.426313       2.5833     0.100000    -0.919516          3
MinModeTranslate:    8  16:39:51   -12457.643816       0.1181     --------     0.415867          3
MinModeTranslate:    8  16:39:51   -12457.643816       0.1181     0.100000     0.415867          3
MinModeTranslate:    9  16:39:51   -12457.625197       0.0843     --------     0.242210          3
MinModeTranslate:    9  16:39:51   -12457.625197       0.0843     0.100000     0.242210          3
MinModeTranslate:   10  16:39:51   -12457.611887       0.0629     --------     0.147056          3
MinModeTranslate:   10  16:39:51   -12457.611887       0.0629     0.100000     0.147056          3
MinModeTranslate:   11  16:39:51   -12457.601928       0.0458     --------     0.078228          3
MinModeTranslate:   11  16:39:51   -12457.601928       0.0458     0.100000     0.078228          3
MinModeTranslate:   12  16:39:51   -12457.594678       0.0397     --------     0.039432          3
MinModeTranslate:   12  16:39:51   -12457.594678       0.0397     0.100000     0.039432          3
MinModeTranslate:   13  16:39:51   -12457.588430       0.0336     --------     0.013404          3
MinModeTranslate:   13  16:39:51   -12457.588430       0.0336     0.100000     0.013404          3
MinModeTranslate:   14  16:39:51   -12457.583156       0.0322     --------     0.004134          3
MinModeTranslate:   14  16:39:51   -12457.583156       0.0322     0.100000     0.004134          3
MinModeTranslate:   15  16:39:51   -12457.578105       2.1297     --------    -0.006234          3
MinModeTranslate:   15  16:39:51   -12457.578105       2.1297     0.100000    -0.006234          3
MinModeTranslate:   16  16:39:51   -12457.577367       0.0332     --------     0.001357          3
MinModeTranslate:   16  16:39:51   -12457.577367       0.0332     0.100000     0.001357          3
MinModeTranslate:   17  16:39:52   -12457.572681       2.1512     --------    -0.001830          3
MinModeTranslate:   17  16:39:52   -12457.572681       2.1512     0.100000    -0.001830          3
MinModeTranslate:   18  16:39:52   -12457.571389       0.0398     --------     0.011257          3
MinModeTranslate:   18  16:39:52   -12457.571389       0.0398     0.100000     0.011257          3
MinModeTranslate:   19  16:39:52   -12457.566017       0.0429     --------     0.013318          3
MinModeTranslate:   19  16:39:52   -12457.566017       0.0429     0.100000     0.013318          3
MinModeTranslate:   20  16:39:52   -12457.559202       0.0480     --------     0.013258          3
MinModeTranslate:   20  16:39:52   -12457.559202       0.0480     0.100000     0.013258          3
MinModeTranslate:   21  16:39:52   -12457.551544       0.0518     --------     0.011253          3
MinModeTranslate:   21  16:39:52   -12457.551544       0.0518     0.100000     0.011253          3
MinModeTranslate:   22  16:39:52   -12457.543232       0.0555     --------     0.013464          3
MinModeTranslate:   22  16:39:52   -12457.543232       0.0555     0.100000     0.013464          3
MinModeTranslate:   23  16:39:52   -12457.534271       0.0589     --------     0.017309          3
MinModeTranslate:   23  16:39:52   -12457.534271       0.0589     0.100000     0.017309          3
MinModeTranslate:   24  16:39:52   -12457.524699       0.0610     --------     0.026290          3
MinModeTranslate:   24  16:39:52   -12457.524699       0.0610     0.100000     0.026290          3
MinModeTranslate:   25  16:39:52   -12457.514664       0.0631     --------     0.035035          3
MinModeTranslate:   25  16:39:52   -12457.514664       0.0631     0.100000     0.035035          3
MinModeTranslate:   26  16:39:52   -12457.504189       0.0640     --------     0.036098          3
MinModeTranslate:   26  16:39:52   -12457.504189       0.0640     0.100000     0.036098          3
MinModeTranslate:   27  16:39:52   -12457.493482       0.0647     --------     0.033862          3
MinModeTranslate:   27  16:39:52   -12457.493482       0.0647     0.100000     0.033862          3
MinModeTranslate:   28  16:39:52   -12457.482594       0.0641     --------     0.029163          3
MinModeTranslate:   28  16:39:52   -12457.482594       0.0641     0.100000     0.029163          3
MinModeTranslate:   29  16:39:52   -12457.471740       0.0633     --------     0.029753          3
MinModeTranslate:   29  16:39:52   -12457.471740       0.0633     0.100000     0.029753          3
MinModeTranslate:   30  16:39:52   -12457.460923       0.0616     --------     0.032181          3
MinModeTranslate:   30  16:39:52   -12457.460923       0.0616     0.100000     0.032181          3
MinModeTranslate:   31  16:39:52   -12457.450294       0.0604     --------     0.027291          3
MinModeTranslate:   31  16:39:52   -12457.450294       0.0604     0.100000     0.027291          3
MinModeTranslate:   32  16:39:52   -12457.439843       0.0576     --------     0.013721          3
MinModeTranslate:   32  16:39:52   -12457.439843       0.0576     0.100000     0.013721          3
MinModeTranslate:   33  16:39:53   -12457.429839       0.0543     --------     0.005672          3
MinModeTranslate:   33  16:39:53   -12457.429839       0.0543     0.100000     0.005672          3
MinModeTranslate:   34  16:39:53   -12457.420367       0.0493     --------     0.007187          3
MinModeTranslate:   34  16:39:53   -12457.420367       0.0493     0.100000     0.007187          3
MinModeTranslate:   35  16:39:53   -12457.411665       0.0452     --------     0.010078          3
MinModeTranslate:   35  16:39:53   -12457.411665       0.0452     0.100000     0.010078          3
MinModeTranslate:   36  16:39:53   -12457.403607       0.0406     --------     0.008995          3
MinModeTranslate:   36  16:39:53   -12457.403607       0.0406     0.100000     0.008995          3
MinModeTranslate:   37  16:39:53   -12457.396304       0.0382     --------     0.005204          3
MinModeTranslate:   37  16:39:53   -12457.396304       0.0382     0.100000     0.005204          3
MinModeTranslate:   38  16:39:53   -12457.389378       0.0364     --------     0.000870          3
MinModeTranslate:   38  16:39:53   -12457.389378       0.0364     0.100000     0.000870          3
MinModeTranslate:   39  16:39:53   -12457.382714       2.0998     --------    -0.000483          3
MinModeTranslate:   39  16:39:53   -12457.382714       2.0998     0.100000    -0.000483          3
MinModeTranslate:   40  16:39:53   -12457.382049       0.0400     --------     0.003791          3
MinModeTranslate:   40  16:39:53   -12457.382049       0.0400     0.100000     0.003791          3
MinModeTranslate:   41  16:39:53   -12457.375352       1.9378     --------    -0.052242          3
MinModeTranslate:   41  16:39:53   -12457.375352       1.9378     0.100000    -0.052242          3
MinModeTranslate:   42  16:39:53   -12457.374421       1.8015     --------    -0.180964          3
MinModeTranslate:   42  16:39:53   -12457.374421       1.8015     0.052000    -0.180964          3
MinModeTranslate:   43  16:39:53   -12457.449394       1.1993     --------    -0.404193          3
MinModeTranslate:   43  16:39:53   -12457.449394       1.1993     0.100000    -0.404193          3
MinModeTranslate:   44  16:39:53   -12457.528121       1.2600     --------    -1.229369          3
MinModeTranslate:   44  16:39:53   -12457.528121       1.2600     0.049154    -1.229369          3
MinModeTranslate:   45  16:39:53   -12457.579034       1.1398     --------    -2.849859          3
MinModeTranslate:   45  16:39:53   -12457.579034       1.1398     0.074950    -2.849859          3
MinModeTranslate:   46  16:39:53   -12457.632109       0.8616     --------   -11.431572          3
MinModeTranslate:   46  16:39:53   -12457.632109       0.8616     0.100000   -11.431572          3
MinModeTranslate:   47  16:39:53   -12457.696681       0.9818     --------   -18.107550          3
MinModeTranslate:   47  16:39:53   -12457.696681       0.9818     0.069503   -18.107550          3
MinModeTranslate:   48  16:39:54   -12457.723503       1.0245     --------   -15.692161          3
MinModeTranslate:   48  16:39:54   -12457.723503       1.0245     0.100000   -15.692161          3
MinModeTranslate:   49  16:39:54   -12457.746022       1.0671     --------    -6.647191          3
MinModeTranslate:   49  16:39:54   -12457.746022       1.0671     0.040536    -6.647191          3
MinModeTranslate:   50  16:39:54   -12457.772286       0.7575     --------    -4.755302          3
MinModeTranslate:   50  16:39:54   -12457.772286       0.7575     0.048309    -4.755302          3
MinModeTranslate:   51  16:39:54   -12457.788327       0.5791     --------    -3.822184          3
MinModeTranslate:   51  16:39:54   -12457.788327       0.5791     0.060874    -3.822184          3
MinModeTranslate:   52  16:39:54   -12457.808037       0.7603     --------    -3.774422          3
MinModeTranslate:   52  16:39:54   -12457.808037       0.7603     0.085553    -3.774422          3
MinModeTranslate:   53  16:39:54   -12457.836773       0.6592     --------    -2.692428          3
MinModeTranslate:   53  16:39:54   -12457.836773       0.6592     0.089697    -2.692428          3
MinModeTranslate:   54  16:39:54   -12457.868384       0.5213     --------    -1.433115          3
MinModeTranslate:   54  16:39:54   -12457.868384       0.5213     0.078287    -1.433115          3
MinModeTranslate:   55  16:39:54   -12457.887707       0.5550     --------    -1.160124          3
MinModeTranslate:   55  16:39:54   -12457.887707       0.5550     0.100000    -1.160124          3
MinModeTranslate:   56  16:39:54   -12457.912217       0.7082     --------    -1.838890          3
MinModeTranslate:   56  16:39:54   -12457.912217       0.7082     0.069109    -1.838890          3
MinModeTranslate:   57  16:39:54   -12457.933637       0.4260     --------    -3.284747          3
MinModeTranslate:   57  16:39:54   -12457.933637       0.4260     0.077691    -3.284747          3
MinModeTranslate:   58  16:39:54   -12457.945265       0.7012     --------    -5.154233          3
MinModeTranslate:   58  16:39:54   -12457.945265       0.7012     0.100000    -5.154233          3
MinModeTranslate:   59  16:39:54   -12457.959655       0.6127     --------    -9.803310          3
MinModeTranslate:   59  16:39:54   -12457.959655       0.6127     0.046283    -9.803310          3
MinModeTranslate:   60  16:39:54   -12457.974113       0.4830     --------   -14.077718          3
MinModeTranslate:   60  16:39:54   -12457.974113       0.4830     0.036555   -14.077718          3
MinModeTranslate:   61  16:39:54   -12457.983304       0.3784     --------   -16.982673          3
MinModeTranslate:   61  16:39:54   -12457.983304       0.3784     0.045797   -16.982673          3
MinModeTranslate:   62  16:39:54   -12457.992630       0.4276     --------   -17.553286          3
MinModeTranslate:   62  16:39:54   -12457.992630       0.4276     0.070752   -17.553286          3
MinModeTranslate:   63  16:39:55   -12458.004846       0.3454     --------   -16.911595          3
MinModeTranslate:   63  16:39:55   -12458.004846       0.3454     0.044373   -16.911595          3
MinModeTranslate:   64  16:39:55   -12458.012127       0.2547     --------   -16.395449          3
MinModeTranslate:   64  16:39:55   -12458.012127       0.2547     0.045599   -16.395449          3
MinModeTranslate:   65  16:39:55   -12458.018629       0.2877     --------   -15.095015          3
MinModeTranslate:   65  16:39:55   -12458.018629       0.2877     0.035219   -15.095015          3
MinModeTranslate:   66  16:39:55   -12458.023312       0.2083     --------   -13.591013          3
MinModeTranslate:   66  16:39:55   -12458.023312       0.2083     0.051208   -13.591013          3
MinModeTranslate:   67  16:39:55   -12458.029536       0.3736     --------   -11.611489          3
MinModeTranslate:   67  16:39:55   -12458.029536       0.3736     0.058744   -11.611489          3
MinModeTranslate:   68  16:39:55   -12458.035981       0.2197     --------   -10.144834          3
MinModeTranslate:   68  16:39:55   -12458.035981       0.2197     0.039965   -10.144834          3
MinModeTranslate:   69  16:39:55   -12458.039880       0.2536     --------   -10.033084          3
MinModeTranslate:   69  16:39:55   -12458.039880       0.2536     0.042640   -10.033084          3
MinModeTranslate:   70  16:39:55   -12458.043770       0.2178     --------   -10.516096          3
MinModeTranslate:   70  16:39:55   -12458.043770       0.2178     0.040382   -10.516096          3
MinModeTranslate:   71  16:39:55   -12458.047288       0.2045     --------   -11.420895          3
MinModeTranslate:   71  16:39:55   -12458.047288       0.2045     0.057068   -11.420895          3
MinModeTranslate:   72  16:39:55   -12458.052126       0.2541     --------   -12.608327          3
MinModeTranslate:   72  16:39:55   -12458.052126       0.2541     0.090935   -12.608327          3
MinModeTranslate:   73  16:39:55   -12458.059460       0.3527     --------   -13.866439          3
MinModeTranslate:   73  16:39:55   -12458.059460       0.3527     0.095618   -13.866439          3
MinModeTranslate:   74  16:39:55   -12458.066247       0.3874     --------   -14.458483          3
MinModeTranslate:   74  16:39:55   -12458.066247       0.3874     0.100000   -14.458483          3
MinModeTranslate:   75  16:39:55   -12458.076705       0.2777     --------   -14.024479          3
MinModeTranslate:   75  16:39:55   -12458.076705       0.2777     0.008012   -14.024479          3
MinModeTranslate:   76  16:39:55   -12458.078984       0.1291     --------   -13.408770          3
MinModeTranslate:   76  16:39:55   -12458.078984       0.1291     0.017542   -13.408770          3
MinModeTranslate:   77  16:39:55   -12458.081229       0.1829     --------   -11.211188          3
MinModeTranslate:   77  16:39:55   -12458.081229       0.1829     0.021687   -11.211188          3
MinModeTranslate:   78  16:39:55   -12458.083580       0.1301     --------    -9.156717          3
MinModeTranslate:   78  16:39:56   -12458.083580       0.1301     0.012793    -9.156717          3
MinModeTranslate:   79  16:39:56   -12458.084718       0.1533     --------    -9.148136          3
MinModeTranslate:   79  16:39:56   -12458.084718       0.1533     0.029761    -9.148136          3
MinModeTranslate:   80  16:39:56   -12458.087003       0.2591     --------   -10.127415          3
MinModeTranslate:   80  16:39:56   -12458.087003       0.2591     0.031482   -10.127415          3
MinModeTranslate:   81  16:39:56   -12458.089233       0.1810     --------   -11.230533          3
MinModeTranslate:   81  16:39:56   -12458.089233       0.1810     0.028577   -11.230533          3
MinModeTranslate:   82  16:39:56   -12458.091013       0.1673     --------   -11.590645          3
MinModeTranslate:   82  16:39:56   -12458.091013       0.1673     0.042035   -11.590645          3
MinModeTranslate:   83  16:39:56   -12458.093606       0.1536     --------   -12.624441          3
MinModeTranslate:   83  16:39:56   -12458.093606       0.1536     0.049846   -12.624441          3
MinModeTranslate:   84  16:39:56   -12458.096390       0.1404     --------   -14.827324          3
MinModeTranslate:   84  16:39:56   -12458.096390       0.1404     0.039947   -14.827324          3
MinModeTranslate:   85  16:39:56   -12458.098720       0.1581     --------   -16.132296          3
MinModeTranslate:   85  16:39:56   -12458.098720       0.1581     0.026065   -16.132296          3
MinModeTranslate:   86  16:39:56   -12458.100136       0.1745     --------   -16.490525          3
MinModeTranslate:   86  16:39:56   -12458.100136       0.1745     0.037463   -16.490525          3
MinModeTranslate:   87  16:39:56   -12458.101974       0.1387     --------   -16.008135          3
MinModeTranslate:   87  16:39:56   -12458.101974       0.1387     0.022834   -16.008135          3
MinModeTranslate:   88  16:39:56   -12458.103143       0.1431     --------   -15.519208          3
MinModeTranslate:   88  16:39:56   -12458.103143       0.1431     0.065502   -15.519208          3
MinModeTranslate:   89  16:39:56   -12458.106470       0.1409     --------   -13.549443          3
MinModeTranslate:   89  16:39:56   -12458.106470       0.1409     0.042636   -13.549443          3
MinModeTranslate:   90  16:39:56   -12458.108431       0.1562     --------   -13.058878          3
MinModeTranslate:   90  16:39:56   -12458.108431       0.1562     0.050592   -13.058878          3
MinModeTranslate:   91  16:39:56   -12458.110589       0.1910     --------   -13.212792          3
MinModeTranslate:   91  16:39:56   -12458.110589       0.1910     0.041686   -13.212792          3
MinModeTranslate:   92  16:39:56   -12458.112357       0.2268     --------   -13.309510          3
MinModeTranslate:   92  16:39:56   -12458.112357       0.2268     0.064376   -13.309510          3
MinModeTranslate:   93  16:39:56   -12458.115290       0.2254     --------   -13.489166          3
MinModeTranslate:   93  16:39:56   -12458.115290       0.2254     0.071896   -13.489166          3
MinModeTranslate:   94  16:39:57   -12458.118529       0.1568     --------   -12.762038          3
MinModeTranslate:   94  16:39:57   -12458.118529       0.1568     0.047747   -12.762038          3
MinModeTranslate:   95  16:39:57   -12458.120423       0.0947     --------   -11.649634          3
MinModeTranslate:   95  16:39:57   -12458.120423       0.0947     0.024168   -11.649634          3
MinModeTranslate:   96  16:39:57   -12458.121222       0.1111     --------   -10.009655          3
MinModeTranslate:   96  16:39:57   -12458.121222       0.1111     0.037698   -10.009655          3
MinModeTranslate:   97  16:39:57   -12458.122690       0.1297     --------    -7.264500          3
MinModeTranslate:   97  16:39:57   -12458.122690       0.1297     0.031328    -7.264500          3
MinModeTranslate:   98  16:39:57   -12458.124265       0.0915     --------    -5.556823          3
MinModeTranslate:   98  16:39:57   -12458.124265       0.0915     0.031734    -5.556823          3
MinModeTranslate:   99  16:39:57   -12458.125648       0.1199     --------    -5.084006          3
MinModeTranslate:   99  16:39:57   -12458.125648       0.1199     0.049295    -5.084006          3
MinModeTranslate:  100  16:39:57   -12458.127628       0.2466     --------    -4.966619          3
MinModeTranslate:  100  16:39:57   -12458.127628       0.2466     0.039840    -4.966619          3
MinModeTranslate:  101  16:39:57   -12458.129043       0.1055     --------    -5.335048          3
MinModeTranslate:  101  16:39:57   -12458.129043       0.1055     0.040457    -5.335048          3
MinModeTranslate:  102  16:39:57   -12458.130091       0.1201     --------    -5.920597          3
MinModeTranslate:  102  16:39:57   -12458.130091       0.1201     0.029364    -5.920597          3
MinModeTranslate:  103  16:39:57   -12458.130713       0.0757     --------    -6.639118          3
MinModeTranslate:  103  16:39:57   -12458.130713       0.0757     0.023455    -6.639118          3
MinModeTranslate:  104  16:39:57   -12458.131215       0.0899     --------    -7.985909          3
MinModeTranslate:  104  16:39:57   -12458.131215       0.0899     0.016875    -7.985909          3
MinModeTranslate:  105  16:39:57   -12458.131707       0.0803     --------    -9.456444          3
MinModeTranslate:  105  16:39:57   -12458.131707       0.0803     0.014735    -9.456444          3
MinModeTranslate:  106  16:39:57   -12458.132230       0.1061     --------   -10.923722          3
MinModeTranslate:  106  16:39:57   -12458.132230       0.1061     0.015988   -10.923722          3
MinModeTranslate:  107  16:39:57   -12458.132837       0.0702     --------   -11.994320          3
MinModeTranslate:  107  16:39:57   -12458.132837       0.0702     0.020868   -11.994320          3
MinModeTranslate:  108  16:39:57   -12458.133439       0.0967     --------   -12.240346          3
MinModeTranslate:  108  16:39:57   -12458.133439       0.0967     0.016822   -12.240346          3
MinModeTranslate:  109  16:39:58   -12458.133780       0.0512     --------   -11.622424          3
MinModeTranslate:  109  16:39:58   -12458.133780       0.0512     0.010811   -11.622424          3
MinModeTranslate:  110  16:39:58   -12458.133893       0.0441     --------   -10.457016          3
MinModeTranslate:  110  16:39:58   -12458.133893       0.0441     0.009193   -10.457016          3
MinModeTranslate:  111  16:39:58   -12458.134053       0.0432     --------    -9.547695          3
MinModeTranslate:  111  16:39:58   -12458.134053       0.0432     0.003662    -9.547695          3
MinModeTranslate:  112  16:39:58   -12458.134135       0.0169     --------    -9.396087          3
MinModeTranslate:  112  16:39:58   -12458.134135       0.0169     0.001988    -9.396087          3
MinModeTranslate:  113  16:39:58   -12458.134164       0.0192     --------    -9.503134          2
MinModeTranslate:  113  16:39:58   -12458.134164       0.0192     0.002452    -9.503134          2
MinModeTranslate:  114  16:39:58   -12458.134189       0.0258     --------    -9.735277          2
MinModeTranslate:  114  16:39:58   -12458.134189       0.0258     0.002088    -9.735277          2
MinModeTranslate:  115  16:39:58   -12458.134210       0.0145     --------    -9.994060          3
MinModeTranslate:  115  16:39:58   -12458.134210       0.0145     0.002879    -9.994060          3
MinModeTranslate:  116  16:39:58   -12458.134231       0.0110     --------   -10.345849          3
MinModeTranslate:  116  16:39:58   -12458.134231       0.0110     0.001815   -10.345849          3
MinModeTranslate:  117  16:39:58   -12458.134248       0.0133     --------   -10.548874          3
MinModeTranslate:  117  16:39:58   -12458.134248       0.0133     0.001984   -10.548874          3
MinModeTranslate:  118  16:39:58   -12458.134263       0.0102     --------   -10.694604          3
MinModeTranslate:  118  16:39:58   -12458.134263       0.0102     0.003166   -10.694604          3
MinModeTranslate:  119  16:39:58   -12458.134278       0.0126     --------   -10.661952          1
MinModeTranslate:  119  16:39:58   -12458.134278       0.0126     0.002262   -10.661952          1
MinModeTranslate:  120  16:39:58   -12458.134290       0.0114     --------   -10.536253          1
MinModeTranslate:  120  16:39:58   -12458.134290       0.0114     0.002552   -10.536253          1
MinModeTranslate:  121  16:39:58   -12458.134306       0.0170     --------   -10.371402          3
MinModeTranslate:  121  16:39:58   -12458.134306       0.0170     0.003012   -10.371402          3
MinModeTranslate:  122  16:39:58   -12458.134325       0.0137     --------   -10.196495          3
MinModeTranslate:  122  16:39:58   -12458.134325       0.0137     0.002193   -10.196495          3
MinModeTranslate:  123  16:39:58   -12458.134331       0.0119     --------   -10.145282          1
MinModeTranslate:  123  16:39:58   -12458.134331       0.0119     0.004860   -10.145282          1
MinModeTranslate:  124  16:39:58   -12458.134357       0.0157     --------   -10.127497          1
MinModeTranslate:  124  16:39:58   -12458.134357       0.0157     0.004326   -10.127497          1
MinModeTranslate:  125  16:39:58   -12458.134374       0.0083     --------   -10.164757          1
MinModeTranslate:  125  16:39:58   -12458.134374       0.0083     0.002595   -10.164757          1
MinModeTranslate:  126  16:39:59   -12458.134379       0.0079     --------   -10.247949          1
MinModeTranslate:  126  16:39:59   -12458.134379       0.0079     0.002911   -10.247949          1
MinModeTranslate:  127  16:39:59   -12458.134389       0.0130     --------   -10.429986          3
MinModeTranslate:  127  16:39:59   -12458.134389       0.0130     0.002507   -10.429986          3
MinModeTranslate:  128  16:39:59   -12458.134403       0.0077     --------   -10.582502          3
MinModeTranslate:  128  16:39:59   -12458.134403       0.0077     0.002467   -10.582502          3
MinModeTranslate:  129  16:39:59   -12458.134409       0.0080     --------   -10.617379          1
MinModeTranslate:  129  16:39:59   -12458.134409       0.0080     0.002321   -10.617379          1
MinModeTranslate:  130  16:39:59   -12458.134416       0.0156     --------   -10.514444          1
MinModeTranslate:  130  16:39:59   -12458.134416       0.0156     0.003569   -10.514444          1
MinModeTranslate:  131  16:39:59   -12458.134428       0.0108     --------   -10.304217          3
MinModeTranslate:  131  16:39:59   -12458.134428       0.0108     0.002839   -10.304217          3
MinModeTranslate:  132  16:39:59   -12458.134436       0.0142     --------   -10.143440          3
MinModeTranslate:  132  16:39:59   -12458.134436       0.0142     0.009153   -10.143440          3
MinModeTranslate:  133  16:39:59   -12458.134472       0.0117     --------    -9.747987          3
MinModeTranslate:  133  16:39:59   -12458.134472       0.0117     0.005876    -9.747987          3
MinModeTranslate:  134  16:39:59   -12458.134493       0.0132     --------    -9.662544          2
MinModeTranslate:  134  16:39:59   -12458.134493       0.0132     0.005815    -9.662544          2
MinModeTranslate:  135  16:39:59   -12458.134500       0.0149     --------    -9.750774          1
MinModeTranslate:  135  16:39:59   -12458.134500       0.0149     0.007197    -9.750774          1
MinModeTranslate:  136  16:39:59   -12458.134517       0.0153     --------    -9.988271          2
MinModeTranslate:  136  16:39:59   -12458.134517       0.0153     0.005290    -9.988271          2
MinModeTranslate:  137  16:39:59   -12458.134533       0.0084     --------   -10.206184          2
MinModeTranslate:  137  16:39:59   -12458.134533       0.0084     0.003717   -10.206184          2
MinModeTranslate:  138  16:39:59   -12458.134548       0.0072     --------   -10.351999          2
MinModeTranslate:  138  16:39:59   -12458.134548       0.0072     0.002556   -10.351999          2
MinModeTranslate:  139  16:39:59   -12458.134554       0.0099     --------   -10.412926          1
MinModeTranslate:  139  16:39:59   -12458.134554       0.0099     0.003777   -10.412926          1
MinModeTranslate:  140  16:39:59   -12458.134562       0.0147     --------   -10.411889          1
MinModeTranslate:  140  16:39:59   -12458.134562       0.0147     0.004510   -10.411889          1
MinModeTranslate:  141  16:39:59   -12458.134568       0.0100     --------   -10.369989          1
MinModeTranslate:  141  16:39:59   -12458.134568       0.0100     0.002926   -10.369989          1
MinModeTranslate:  142  16:39:59   -12458.134580       0.0070     --------   -10.299833          1
MinModeTranslate:  142  16:39:59   -12458.134580       0.0070     0.003629   -10.299833          1
MinModeTranslate:  143  16:40:00   -12458.134589       0.0097     --------   -10.210120          1
MinModeTranslate:  143  16:40:00   -12458.134589       0.0097     0.005302   -10.210120          1
MinModeTranslate:  144  16:40:00   -12458.134599       0.0081     --------   -10.136008          1
MinModeTranslate:  144  16:40:00   -12458.134599       0.0081     0.002300   -10.136008          1
MinModeTranslate:  145  16:40:00   -12458.134602       0.0109     --------   -10.180439          1
MinModeTranslate:  145  16:40:00   -12458.134602       0.0109     0.003997   -10.180439          1
MinModeTranslate:  146  16:40:00   -12458.134617       0.0075     --------   -10.364142          2
MinModeTranslate:  146  16:40:00   -12458.134617       0.0075     0.003077   -10.364142          2
MinModeTranslate:  147  16:40:00   -12458.134619       0.0070     --------   -10.500376          1
MinModeTranslate:  147  16:40:00   -12458.134619       0.0070     0.003365   -10.500376          1
MinModeTranslate:  148  16:40:00   -12458.134627       0.0140     --------   -10.605330          1
MinModeTranslate:  148  16:40:00   -12458.134627       0.0140     0.003749   -10.605330          1
MinModeTranslate:  149  16:40:00   -12458.134633       0.0144     --------   -10.678711          1
MinModeTranslate:  149  16:40:00   -12458.134633       0.0144     0.005933   -10.678711          1
MinModeTranslate:  150  16:40:00   -12458.134654       0.0115     --------   -10.769825          2
MinModeTranslate:  150  16:40:00   -12458.134654       0.0115     0.004504   -10.769825          2
MinModeTranslate:  151  16:40:00   -12458.134660       0.0089     --------   -10.766142          1
MinModeTranslate:  151  16:40:00   -12458.134660       0.0089     0.006016   -10.766142          1
MinModeTranslate:  152  16:40:00   -12458.134673       0.0064     --------   -10.635485          1
MinModeTranslate:  152  16:40:00   -12458.134673       0.0064     0.002966   -10.635485          1
MinModeTranslate:  153  16:40:00   -12458.134674       0.0082     --------   -10.455451          2
MinModeTranslate:  153  16:40:00   -12458.134674       0.0082     0.002434   -10.455451          2
MinModeTranslate:  154  16:40:00   -12458.134681       0.0059     --------   -10.280734          2
MinModeTranslate:  154  16:40:00   -12458.134681       0.0059     0.001739   -10.280734          2
MinModeTranslate:  155  16:40:00   -12458.134681       0.0063     --------   -10.176879          1
MinModeTranslate:  155  16:40:00   -12458.134681       0.0063     0.001174   -10.176879          1
MinModeTranslate:  156  16:40:00   -12458.134682       0.0076     --------   -10.146308          2
MinModeTranslate:  156  16:40:00   -12458.134682       0.0076     0.001876   -10.146308          2
MinModeTranslate:  157  16:40:00   -12458.134689       0.0068     --------   -10.143804          1
MinModeTranslate:  157  16:40:00   -12458.134689       0.0068     0.002733   -10.143804          1
MinModeTranslate:  158  16:40:00   -12458.134690       0.0042     --------   -10.182171          1
