MINMODE:METHOD: Dimer
DIM:CONTROL: Search Parameters:
DIM:CONTROL: ------------------
DIM:CONTROL: eigenmode_method = dimer
DIM:CONTROL: f_rot_min = 0.01
DIM:CONTROL: f_rot_max = 0.1
DIM:CONTROL: max_num_rot = 3
DIM:CONTROL: trial_angle = 0.7853981633974483
DIM:CONTROL: trial_trans_step = 0.001
DIM:CONTROL: maximum_translation = 0.1
DIM:CONTROL: cg_translation = True
DIM:CONTROL: use_central_forces = True
DIM:CONTROL: dimer_separation = 0.005
DIM:CONTROL: initial_eigenmode_method = gauss
DIM:CONTROL: extrapolate_forces = True
DIM:CONTROL: displacement_method = gauss
DIM:CONTROL: gauss_std = 0.1
DIM:CONTROL: order = 1
DIM:CONTROL: mask = None
DIM:CONTROL: displacement_center = None
DIM:CONTROL: displacement_radius = None
DIM:CONTROL: number_of_displacement_atoms = None
DIM:CONTROL: ------------------
DIM:ROT: OPT-STEP ROT-STEP CURVATURE ROT-ANGLE ROT-FORCE
DIM:ROT:       0         1  -13.9096   13.4061   42.9332
DIM:ROT:       0         2  -17.0397   10.3779   17.6420
DIM:ROT:       0         3  -19.2214    6.0185   19.9048
DIM:ROT:       1         1   -6.4323    6.6750    9.0095
DIM:ROT:       1         2   -7.0269    4.6735    7.1098
DIM:ROT:       1         3   -7.3770    3.9055    5.2592
DIM:ROT:       2         1   -4.0058    5.8619    4.1286
DIM:ROT:       2         2   -4.1995    2.3433    4.7962
DIM:ROT:       2         3   -4.2936    2.2635    2.3352
DIM:ROT:       3         1   -2.6639    2.7374    4.7533
DIM:ROT:       3         2   -2.7623    1.9781    2.6426
DIM:ROT:       3         3   -2.8294    1.4944    2.5482
DIM:ROT:       4         1    0.1823    4.0416    4.4005
DIM:ROT:       4         2    0.0241    2.8954    2.8360
DIM:ROT:       4         3   -0.0658    1.7443    2.8854
DIM:ROT:       5         1    3.8014    4.4835    5.0985
DIM:ROT:       5         2    3.5700    3.1845    3.8551
DIM:ROT:       5         3    3.3904    2.6607    3.8343
DIM:ROT:       6         1    7.1891    9.1563    6.2981
DIM:ROT:       6         2    6.4191    6.0782    7.0042
DIM:ROT:       6         3    5.8332    5.1372    6.5462
DIM:ROT:       7         1    3.5135    4.3442    7.3462
DIM:ROT:       7         2    3.2670    3.3867    3.9716
DIM:ROT:       7         3    3.0525    3.0176    4.1214
DIM:ROT:       8         1   -4.7055   14.1078   10.3725
DIM:ROT:       8         2   -6.5024    8.2868   11.4755
DIM:ROT:       8         3   -7.8652    7.5003   10.3396
DIM:ROT:       9         1  -16.9564   10.9104   13.5905
DIM:ROT:       9         2  -18.7634    7.2548   14.0615
DIM:ROT:       9         3  -19.9275    7.0362    9.5343
DIM:ROT:      10         1  -12.8124    5.4014    9.6632
DIM:ROT:      10         2  -13.1498    3.2072    5.8382
DIM:ROT:      10         3  -13.3593    2.6309    4.3219
DIM:ROT:      11         1   -9.0423    4.3351    5.1672
DIM:ROT:      11         2   -9.1842    2.2915    3.3147
DIM:ROT:      11         3   -9.2726    1.9529    2.5770
DIM:ROT:      12         1   -9.0668    4.4389    4.5833
DIM:ROT:      12         2   -9.2371    2.1809    4.4801
DIM:ROT:      12         3   -9.3537    2.0986    3.1130
DIM:ROT:      13         1   -8.7897    4.6910    4.9419
DIM:ROT:      13         2   -9.0022    2.8481    4.1971
DIM:ROT:      13         3   -9.1255    2.3210    3.0520
DIM:ROT:      14         1   -6.1509    3.8601    4.5731
DIM:ROT:      14         2   -6.3105    2.1744    4.0669
DIM:ROT:      14         3   -6.4261    2.1441    2.9777
DIM:ROT:      15         1   -3.7318    4.4287    4.6925
DIM:ROT:      15         2   -3.8940    2.5736    3.4275
DIM:ROT:      15         3   -3.9887    2.0516    2.6194
DIM:ROT:      16         1   -2.3389    3.1489    4.0979
DIM:ROT:      16         2   -2.4083    1.4794    2.4456
DIM:ROT:      16         3   -2.4514    1.3689    1.7528
DIM:ROT:      17         1   -2.7725    2.7800    4.0021
DIM:ROT:      17         2   -2.8303    1.2301    2.3409
DIM:ROT:      17         3   -2.8620    1.1194    1.6267
DIM:ROT:      18         1   -2.2858    2.8905    3.4568
DIM:ROT:      18         2   -2.3463    1.5848    1.9491
DIM:ROT:      18         3   -2.3803    1.1615    1.6545
DIM:ROT:      19         1   -1.1452    2.2815    2.7559
DIM:ROT:      19         2   -1.1890    1.2698    1.9561
DIM:ROT:      19         3   -1.2244    1.1923    1.7080
DIM:ROT:      20         1   -0.3611    2.1242    2.5299
DIM:ROT:      20         2   -0.4119    1.3961    2.1096
DIM:ROT:      20         3   -0.4596    1.4208    1.8866
DIM:ROT:      21         1   -0.4931    1.6172    2.1373
DIM:ROT:      21         2   -0.5376    1.3911    1.7905
DIM:ROT:      21         3   -0.5742    1.2596    1.6520
DIM:ROT:      22         1   -0.4710    3.4432    3.0978
DIM:ROT:      22         2   -0.5560    1.4764    3.0401
DIM:ROT:      22         3   -0.6161    1.8901    1.7738
DIM:ROT:      23         1    0.0227    3.8039    4.8776
DIM:ROT:      23         2   -0.0806    1.7885    3.1484
DIM:ROT:      23         3   -0.1439    1.6897    2.1399
DIM:ROT:      24         1    0.4292    2.5881    2.6476
DIM:ROT:      24         2    0.3543    1.6594    2.5766
DIM:ROT:      24         3    0.2883    1.9233    1.9225
DIM:ROT:      25         1    1.0768    4.8950    4.4441
DIM:ROT:      25         2    0.9067    2.4932    3.8821
DIM:ROT:      25         3    0.7777    2.7821    2.6833
DIM:ROT:      26         1    0.9271    3.7586    4.2354
DIM:ROT:      26         2    0.7664    2.4763    3.7422
DIM:ROT:      26         3    0.6304    2.6712    2.8591
DIM:ROT:      27         1    0.5821    2.9240    3.7593
DIM:ROT:      27         2    0.4509    2.3685    3.1497
DIM:ROT:      27         3    0.3492    2.1983    2.6929
DIM:ROT:      28         1    0.4023    2.7931    3.0930
DIM:ROT:      28         2    0.2975    2.0377    2.9455
DIM:ROT:      28         3    0.2076    2.1391    2.3703
DIM:ROT:      29         1    0.2697    2.3517    3.0408
DIM:ROT:      29         2    0.1795    2.0060    2.5447
DIM:ROT:      29         3    0.1088    1.8029    2.2859
DIM:ROT:      30         1    0.0523    2.7163    2.6746
DIM:ROT:      30         2   -0.0305    1.7371    2.7325
DIM:ROT:      30         3   -0.0992    1.9748    1.9567
DIM:ROT:      31         1   -0.2002    2.1869    2.9515
DIM:ROT:      31         2   -0.2846    1.8906    2.5409
DIM:ROT:      31         3   -0.3513    1.7092    2.2743
DIM:ROT:      32         1   -0.4874    1.4760    2.6777
DIM:ROT:      32         2   -0.5173    1.0612    1.6581
DIM:ROT:      32         3   -0.5435    0.9662    1.5352
DIM:ROT:      33         1   -0.6633    2.8861    3.8435
DIM:ROT:      33         2   -0.7459    2.3608    2.1043
DIM:ROT:      33         3   -0.8210    1.6330    2.6219
DIM:ROT:      34         1   -0.2308    2.5378    2.1631
DIM:ROT:      34         2   -0.3083    1.5640    2.7881
DIM:ROT:      34         3   -0.3746    2.0290    1.8379
DIM:ROT:      35         1   -0.3445    1.8660    3.1837
DIM:ROT:      35         2   -0.4261    1.8905    2.4334
DIM:ROT:      35         3   -0.4926    1.5061    2.5646
DIM:ROT:      36         1   -0.6627    2.7562    2.5537
DIM:ROT:      36         2   -0.7524    1.7028    2.9357
DIM:ROT:      36         3   -0.8234    1.9872    2.0268
DIM:ROT:      37         1   -0.8527    1.2903    2.4608
DIM:ROT:      37         2   -0.8999    1.7318    1.5442
DIM:ROT:      37         3   -0.9394    1.1066    2.0735
DIM:ROT:      38         1   -1.2374    1.7017    1.4282
DIM:ROT:      38         2   -1.2686    0.9844    1.8562
DIM:ROT:      38         3   -1.2977    1.3393    1.2183
DIM:ROT:      39         1   -1.2692    0.8335    1.6449
DIM:ROT:      39         2   -1.2848    1.0379    0.8663
DIM:ROT:      39         3   -1.2975    0.6429    1.1689
DIM:ROT:      40         1   -1.2029    0.7866    0.8818
DIM:ROT:      40         2   -1.2095    0.5116    0.7925
DIM:ROT:      40         3   -1.2159    0.5412    0.6668
DIM:ROT:      41         1   -1.0630    1.4376    1.9444
DIM:ROT:      41         2   -1.0713    0.6132    0.9139
DIM:ROT:      41         3   -1.0765    0.4860    0.6573
DIM:ROT:      42         1   -0.7751    1.5159    1.7752
DIM:ROT:      42         2   -0.7905    0.8710    1.0566
DIM:ROT:      42         3   -0.8007    0.6492    0.9224
DIM:ROT:      43         1   -0.8086    0.7339    0.9835
DIM:ROT:      43         2   -0.8165    0.5469    0.8287
DIM:ROT:      43         3   -0.8222    0.5062    0.6841
DIM:ROT:      44         1   -0.7493    1.3761    1.9641
DIM:ROT:      44         2   -0.7639    0.9596    0.9386
DIM:ROT:      44         3   -0.7736    0.6169    0.9197
DIM:ROT:      45         1   -0.5713    1.2823    1.3945
DIM:ROT:      45         2   -0.5883    0.8620    1.1391
DIM:ROT:      45         3   -0.6002    0.7093    0.9897
DIM:ROT:      46         1   -0.3657    1.3732    1.6219
DIM:ROT:      46         2   -0.3877    0.9860    1.2926
DIM:ROT:      46         3   -0.4048    0.8274    1.1870
DIM:ROT:      47         1   -0.4019    0.9138    1.2539
DIM:ROT:      47         2   -0.4161    0.7986    1.0283
DIM:ROT:      47         3   -0.4274    0.6811    0.9763
DIM:ROT:      48         1   -0.4364    0.8244    1.0171
DIM:ROT:      48         2   -0.4469    0.6401    0.9578
DIM:ROT:      48         3   -0.4561    0.6359    0.8255
DIM:ROT:      49         1   -0.4497    0.6653    0.9082
DIM:ROT:      49         2   -0.4589    0.6146    0.8557
DIM:ROT:      49         3   -0.4666    0.5758    0.7853
DIM:ROT:      50         1   -0.4708    0.5899    0.7475
DIM:ROT:      50         2   -0.4773    0.5077    0.7433
DIM:ROT:      50         3   -0.4833    0.5201    0.6596
DIM:ROT:      51         1   -0.4912    0.4531    0.6986
DIM:ROT:      51         2   -0.4962    0.4839    0.5938
DIM:ROT:      51         3   -0.5005    0.4071    0.6252
DIM:ROT:      52         1   -0.5256    0.4924    0.5304
DIM:ROT:      52         2   -0.5295    0.3705    0.6136
DIM:ROT:      52         3   -0.5332    0.4444    0.4771
DIM:ROT:      53         1   -0.6047    0.3373    0.5920
DIM:ROT:      53         2   -0.6077    0.4136    0.4178
DIM:ROT:      53         3   -0.6104    0.2986    0.5138
DIM:ROT:      54         1   -0.6296    0.4210    0.4089
DIM:ROT:      54         2   -0.6319    0.2715    0.4808
DIM:ROT:      54         3   -0.6340    0.3512    0.3473
DIM:ROT:      55         1   -0.6097    0.3660    0.5499
DIM:ROT:      55         2   -0.6118    0.2969    0.4096
DIM:ROT:      55         3   -0.6135    0.2687    0.3684
DIM:ROT:      56         1   -0.5915    0.6668    0.6536
DIM:ROT:      56         2   -0.5940    0.2827    0.5133
DIM:ROT:      56         3   -0.5959    0.3228    0.3349
DIM:ROT:      57         1   -0.6138    0.9376    0.9456
DIM:ROT:      57         2   -0.6188    0.3904    0.7097
DIM:ROT:      57         3   -0.6218    0.4017    0.4340
DIM:ROT:      58         1   -0.6118    1.2331    1.1331
DIM:ROT:      58         2   -0.6200    0.5098    0.8792
DIM:ROT:      58         3   -0.6250    0.4924    0.5657
DIM:ROT:      59         1   -0.6300    0.5115    0.7413
DIM:ROT:      59         2   -0.6344    0.4059    0.6112
DIM:ROT:      59         3   -0.6375    0.3609    0.5071
DIM:ROT:      60         1   -0.6463    1.0389    1.0197
DIM:ROT:      60         2   -0.6537    0.4972    0.8084
DIM:ROT:      60         3   -0.6582    0.4343    0.5771
DIM:ROT:      61         1   -0.6488    0.7810    0.8580
DIM:ROT:      61         2   -0.6548    0.4493    0.7406
DIM:ROT:      61         3   -0.6587    0.4348    0.5139
DIM:ROT:      62         1   -0.6078    0.5162    0.6585
DIM:ROT:      62         2   -0.6114    0.3508    0.5740
DIM:ROT:      62         3   -0.6141    0.3490    0.4411
DIM:ROT:      63         1   -0.5091    0.4383    0.5565
DIM:ROT:      63         2   -0.5120    0.3206    0.5024
DIM:ROT:      63         3   -0.5141    0.3105    0.3916
DIM:ROT:      64         1   -0.4429    0.4177    0.4773
DIM:ROT:      64         2   -0.4453    0.2882    0.4635
DIM:ROT:      64         3   -0.4472    0.3056    0.3545
DIM:ROT:      65         1   -0.4694    0.2941    0.4536
DIM:ROT:      65         2   -0.4710    0.2673    0.3517
DIM:ROT:      65         3   -0.4724    0.2240    0.3390
DIM:ROT:      66         1   -0.5717    0.4613    0.5358
DIM:ROT:      66         2   -0.5739    0.3045    0.4086
DIM:ROT:      66         3   -0.5756    0.2560    0.3626
DIM:ROT:      67         1   -0.5975    0.6299    0.7418
DIM:ROT:      67         2   -0.6015    0.4399    0.5063
DIM:ROT:      67         3   -0.6041    0.3179    0.4686
DIM:ROT:      68         1   -0.5932    0.6097    0.7379
DIM:ROT:      68         2   -0.5968    0.3819    0.5310
DIM:ROT:      68         3   -0.5994    0.3124    0.4562
DIM:ROT:      69         1   -0.5968    0.9178    1.1215
DIM:ROT:      69         2   -0.6040    0.5781    0.6806
DIM:ROT:      69         3   -0.6078    0.3804    0.5985
DIM:ROT:      70         1   -0.5860    0.9788    1.1528
DIM:ROT:      70         2   -0.5933    0.5890    0.6851
DIM:ROT:      70         3   -0.5974    0.3948    0.5883
DIM:ROT:      71         1   -0.5795    1.0081    1.0785
DIM:ROT:      71         2   -0.5880    0.5756    0.8133
DIM:ROT:      71         3   -0.5933    0.4552    0.6646
DIM:ROT:      72         1   -0.5438    1.0697    1.1741
DIM:ROT:      72         2   -0.5538    0.6051    0.9210
DIM:ROT:      72         3   -0.5609    0.5374    0.7433
DIM:ROT:      73         1   -0.4513    0.7186    0.9654
DIM:ROT:      73         2   -0.4567    0.4730    0.6444
DIM:ROT:      73         3   -0.4603    0.3856    0.5305
DIM:ROT:      74         1   -0.3000    1.0442    1.1840
DIM:ROT:      74         2   -0.3097    0.6688    0.8336
DIM:ROT:      74         3   -0.3160    0.4945    0.7327
DIM:ROT:      75         1   -0.2684    1.0145    1.2420
DIM:ROT:      75         2   -0.2793    0.6783    0.9221
DIM:ROT:      75         3   -0.2876    0.5599    0.8585
DIM:ROT:      76         1   -0.4037    0.8635    0.8706
DIM:ROT:      76         2   -0.4135    0.6121    0.9487
DIM:ROT:      76         3   -0.4227    0.6856    0.7506
DIM:ROT:      77         1   -0.7233    1.0846    1.2761
DIM:ROT:      77         2   -0.7416    0.8636    1.2410
DIM:ROT:      77         3   -0.7575    0.8520    1.0721
DIM:ROT:      78         1   -0.7915    0.8787    1.3275
DIM:ROT:      78         2   -0.8045    0.7266    1.0288
DIM:ROT:      78         3   -0.8165    0.6746    1.0051
DIM:ROT:      79         1   -0.7148    1.0696    1.1751
DIM:ROT:      79         2   -0.7306    0.7705    1.1785
DIM:ROT:      79         3   -0.7437    0.8150    0.9366
DIM:ROT:      80         1   -0.7045    1.3229    1.3547
DIM:ROT:      80         2   -0.7274    0.9352    1.4267
DIM:ROT:      80         3   -0.7490    1.0569    1.1506
DIM:ROT:      81         1   -0.8135    0.9483    1.5593
DIM:ROT:      81         2   -0.8377    1.0459    1.3179
DIM:ROT:      81         3   -0.8596    0.8868    1.4445
DIM:ROT:      82         1   -1.0221    2.0363    1.7070
DIM:ROT:      82         2   -1.0712    1.1291    2.5077
DIM:ROT:      82         3   -1.1181    1.7258    1.5309
DIM:ROT:      83         1   -1.2536    1.7235    2.5155
DIM:ROT:      83         2   -1.3219    1.7401    2.2360
DIM:ROT:      83         3   -1.3825    1.5646    2.2596
DIM:ROT:      84         1   -1.2474    1.8647    2.1289
DIM:ROT:      84         2   -1.3048    1.4296    2.2966
DIM:ROT:      84         3   -1.3594    1.6531    1.8567
DIM:ROT:      85         1   -1.4304    1.4592    2.4165
DIM:ROT:      85         2   -1.4837    1.5673    1.9238
DIM:ROT:      85         3   -1.5308    1.2955    2.1108
DIM:ROT:      86         1   -1.6057    2.2404    2.0505
DIM:ROT:      86         2   -1.6707    1.5071    2.4453
DIM:ROT:      86         3   -1.7304    1.8560    1.8218
DIM:ROT:      87         1   -1.6667    1.6783    2.7335
DIM:ROT:      87         2   -1.7320    1.7605    2.0955
DIM:ROT:      87         3   -1.7890    1.4438    2.2994
DIM:ROT:      88         1   -1.7444    2.0048    2.2963
DIM:ROT:      88         2   -1.8007    1.4290    2.2240
DIM:ROT:      88         3   -1.8500    1.5152    1.8409
DIM:ROT:      89         1   -1.7257    2.1626    3.0594
DIM:ROT:      89         2   -1.7900    1.5933    2.2443
DIM:ROT:      89         3   -1.8362    1.3525    1.9752
DIM:ROT:      90         1   -1.9577    1.8989    2.0552
DIM:ROT:      90         2   -2.0102    1.2882    2.3135
DIM:ROT:      90         3   -2.0570    1.5640    1.6849
DIM:ROT:      91         1   -2.1381    1.4960    2.2952
DIM:ROT:      91         2   -2.1864    1.4915    1.8274
DIM:ROT:      91         3   -2.2272    1.2460    1.8975
DIM:ROT:      92         1   -2.1272    2.1707    3.2577
DIM:ROT:      92         2   -2.1748    1.5646    1.6446
DIM:ROT:      92         3   -2.2088    1.0623    1.8197
DIM:ROT:      93         1   -2.0430    1.6663    1.8773
DIM:ROT:      93         2   -2.0778    1.1884    1.6523
DIM:ROT:      93         3   -2.1044    1.0926    1.4049
DIM:ROT:      94         1   -1.5616    2.0202    2.4628
DIM:ROT:      94         2   -1.5979    1.1752    1.6968
DIM:ROT:      94         3   -1.6235    1.0212    1.4151
DIM:ROT:      95         1   -1.5630    1.0636    1.6386
DIM:ROT:      95         2   -1.5803    0.8196    1.1802
DIM:ROT:      95         3   -1.5932    0.7082    1.0581
DIM:ROT:      96         1   -1.6813    0.9532    1.4166
DIM:ROT:      96         2   -1.6906    0.6092    0.7710
DIM:ROT:      96         3   -1.6966    0.4690    0.7222
DIM:ROT:      97         1   -1.4852    0.7873    1.0191
DIM:ROT:      97         2   -1.4924    0.5209    0.7212
DIM:ROT:      97         3   -1.4972    0.4403    0.6265
DIM:ROT:      98         1   -1.2983    0.7704    0.7182
DIM:ROT:      98         2   -1.3052    0.4654    0.8639
DIM:ROT:      98         3   -1.3113    0.5922    0.5690
DIM:ROT:      99         1   -1.2316    0.5636    0.8840
DIM:ROT:      99         2   -1.2376    0.5254    0.6446
DIM:ROT:      99         3   -1.2424    0.4250    0.6510
DIM:ROT:     100         1   -1.1969    0.6167    0.6586
DIM:ROT:     100         2   -1.2018    0.4068    0.6949
DIM:ROT:     100         3   -1.2062    0.4619    0.5229
DIM:ROT:     101         1   -1.1250    0.6448    0.8578
DIM:ROT:     101         2   -1.1311    0.4749    0.7111
DIM:ROT:     101         3   -1.1358    0.4509    0.6066
DIM:ROT:     102         1   -1.1581    0.5982    0.7452
DIM:ROT:     102         2   -1.1631    0.4272    0.6423
DIM:ROT:     102         3   -1.1673    0.4232    0.5468
DIM:ROT:     103         1   -1.1771    0.5417    0.7348
DIM:ROT:     103         2   -1.1817    0.4128    0.6024
DIM:ROT:     103         3   -1.1852    0.3840    0.5266
DIM:ROT:     104         1   -1.1162    0.5083    0.5905
DIM:ROT:     104         2   -1.1200    0.3686    0.5834
DIM:ROT:     104         3   -1.1234    0.3964    0.4726
DIM:ROT:     105         1   -1.0790    0.3991    0.5905
DIM:ROT:     105         2   -1.0822    0.3753    0.4894
DIM:ROT:     105         3   -1.0849    0.3276    0.4809
DIM:ROT:     106         1   -1.1121    0.6301    0.8182
DIM:ROT:     106         2   -1.1156    0.3680    0.4930
DIM:ROT:     106         3   -1.1182    0.3082    0.4616
DIM:ROT:     107         1   -1.1141    0.4294    0.5239
DIM:ROT:     107         2   -1.1169    0.3147    0.4721
DIM:ROT:     107         3   -1.1190    0.3128    0.3989
DIM:ROT:     108         1   -1.0581    0.4350    0.5167
DIM:ROT:     108         2   -1.0608    0.3240    0.4956
DIM:ROT:     108         3   -1.0634    0.3414    0.4239
DIM:ROT:     109         1   -1.0435    0.4926    0.6560
DIM:ROT:     109         2   -1.0470    0.3785    0.5339
DIM:ROT:     109         3   -1.0501    0.3557    0.4897
DIM:ROT:     110         1   -1.0577    0.5222    0.5900
DIM:ROT:     110         2   -1.0617    0.3792    0.5917
DIM:ROT:     110         3   -1.0653    0.4110    0.4888
DIM:ROT:     111         1   -1.0550    0.5079    0.6942
DIM:ROT:     111         2   -1.0597    0.4353    0.6108
DIM:ROT:     111         3   -1.0638    0.4101    0.5657
DIM:ROT:     112         1   -1.0562    0.5998    0.6913
DIM:ROT:     112         2   -1.0616    0.4369    0.6787
DIM:ROT:     112         3   -1.0664    0.4639    0.5725
DIM:ROT:     113         1   -1.0799    0.7238    0.9163
DIM:ROT:     113         2   -1.0871    0.5349    0.7385
DIM:ROT:     113         3   -1.0930    0.4923    0.6748
DIM:ROT:     114         1   -1.0345    1.3605    1.6265
DIM:ROT:     114         2   -1.0496    0.8385    1.0051
DIM:ROT:     114         3   -1.0615    0.6380    1.0237
DIM:ROT:     115         1   -0.9091    1.8981    2.1900
DIM:ROT:     115         2   -0.9358    1.1612    1.3062
DIM:ROT:     115         3   -0.9550    0.8071    1.3236
DIM:ROT:     116         1   -1.0189    1.7751    2.0670
DIM:ROT:     116         2   -1.0465    1.1623    1.3528
DIM:ROT:     116         3   -1.0682    0.8831    1.3542
DIM:ROT:     117         1   -1.1035    1.3735    1.7242
DIM:ROT:     117         2   -1.1255    0.9222    1.3508
DIM:ROT:     117         3   -1.1434    0.8571    1.1876
DIM:ROT:     118         1   -1.0222    1.9156    2.4193
DIM:ROT:     118         2   -1.0452    0.9999    1.3219
DIM:ROT:     118         3   -1.0652    0.8762    1.2825
DIM:ROT:     119         1   -0.9571    1.4698    1.9069
DIM:ROT:     119         2   -0.9771    0.9054    1.2461
DIM:ROT:     119         3   -0.9941    0.8420    1.1591
DIM:ROT:     120         1   -1.0331    1.0584    1.4899
DIM:ROT:     120         2   -1.0476    0.7816    1.0606
DIM:ROT:     120         3   -1.0611    0.7182    1.0503
DIM:ROT:     121         1   -1.0638    0.9971    1.3290
DIM:ROT:     121         2   -1.0773    0.8038    0.9468
DIM:ROT:     121         3   -1.0890    0.6757    0.9909
DIM:ROT:     122         1   -0.9182    1.9394    2.4059
DIM:ROT:     122         2   -0.9404    1.1561    1.0849
DIM:ROT:     122         3   -0.9601    0.8222    1.3726
DIM:ROT:     123         1   -0.7804    1.6165    1.9782
DIM:ROT:     123         2   -0.8016    0.9522    1.2350
DIM:ROT:     123         3   -0.8196    0.8280    1.2500
DIM:ROT:     124         1   -0.6854    1.2088    1.7179
DIM:ROT:     124         2   -0.7009    0.9006    0.9564
DIM:ROT:     124         3   -0.7149    0.7122    1.1144
DIM:ROT:     125         1   -0.6842    0.7815    1.0686
DIM:ROT:     125         2   -0.6954    0.6776    0.9325
DIM:ROT:     125         3   -0.7053    0.6354    0.9091
DIM:ROT:     126         1   -0.5861    1.0000    1.2658
DIM:ROT:     126         2   -0.5984    0.7314    0.9503
DIM:ROT:     126         3   -0.6093    0.6659    0.9471
DIM:ROT:     127         1   -0.4362    0.9642    1.2209
DIM:ROT:     127         2   -0.4482    0.6793    1.0025
DIM:ROT:     127         3   -0.4581    0.6708    0.8717
DIM:ROT:     128         1   -0.4154    1.4132    1.5275
DIM:ROT:     128         2   -0.4305    0.7569    1.1781
DIM:ROT:     128         3   -0.4427    0.7664    0.9013
DIM:ROT:     129         1   -0.4258    1.5487    1.8766
DIM:ROT:     129         2   -0.4446    0.8442    1.3227
DIM:ROT:     129         3   -0.4588    0.8240    1.0107
DIM:ROT:     130         1   -0.3312    1.9332    2.0315
DIM:ROT:     130         2   -0.3570    0.9833    1.5465
DIM:ROT:     130         3   -0.3774    0.9888    1.1662
DIM:ROT:     131         1   -0.3970    0.8011    1.3131
DIM:ROT:     131         2   -0.4135    0.9063    1.0339
DIM:ROT:     131         3   -0.4276    0.7147    1.1627
DIM:ROT:     132         1   -0.5160    1.0204    0.9410
DIM:ROT:     132         2   -0.5306    0.6831    1.2299
DIM:ROT:     132         3   -0.5445    0.9278    0.8498
DIM:ROT:     133         1   -0.7069    0.7102    1.3077
DIM:ROT:     133         2   -0.7213    0.8785    0.9391
DIM:ROT:     133         3   -0.7339    0.6365    1.1578
DIM:ROT:     134         1   -0.9169    1.7325    1.3098
DIM:ROT:     134         2   -0.9405    0.8967    1.5633
DIM:ROT:     134         3   -0.9599    1.0322    1.0543
DIM:ROT:     135         1   -0.8905    1.2836    1.7217
DIM:ROT:     135         2   -0.9159    0.9793    1.4919
DIM:ROT:     135         3   -0.9365    0.9660    1.2475
DIM:ROT:     136         1   -0.9557    1.1674    1.4160
DIM:ROT:     136         2   -0.9772    0.8950    1.3892
DIM:ROT:     136         3   -0.9967    0.9621    1.1517
DIM:ROT:     137         1   -1.0624    1.1682    1.5415
DIM:ROT:     137         2   -1.0854    0.9539    1.4027
DIM:ROT:     137         3   -1.1052    0.9393    1.2254
DIM:ROT:     138         1   -1.1161    1.1412    1.3635
DIM:ROT:     138         2   -1.1376    0.8968    1.4025
DIM:ROT:     138         3   -1.1579    0.9825    1.1671
DIM:ROT:     139         1   -1.0962    0.8017    1.3477
DIM:ROT:     139         2   -1.1135    0.9285    1.0611
DIM:ROT:     139         3   -1.1285    0.7250    1.2138
DIM:ROT:     140         1   -1.1584    0.9901    0.9579
DIM:ROT:     140         2   -1.1727    0.6789    1.2141
DIM:ROT:     140         3   -1.1861    0.8870    0.8558
DIM:ROT:     141         1   -1.4976    0.7799    1.3987
DIM:ROT:     141         2   -1.5099    0.7513    0.8920
DIM:ROT:     141         3   -1.5201    0.5882    0.9876
DIM:ROT:     142         1   -1.5836    0.8122    0.8834
DIM:ROT:     142         2   -1.5939    0.5954    0.9347
DIM:ROT:     142         3   -1.6027    0.6587    0.7672
DIM:ROT:     143         1   -1.2677    0.4973    0.8752
DIM:ROT:     143         2   -1.2739    0.5687    0.6154
DIM:ROT:     143         3   -1.2789    0.4127    0.7125
DIM:ROT:     144         1   -1.2552    0.5110    0.6208
DIM:ROT:     144         2   -1.2584    0.3474    0.5135
DIM:ROT:     144         3   -1.2613    0.3483    0.4537
DIM:ROT:     145         1   -1.2430    0.4812    0.6954
DIM:ROT:     145         2   -1.2459    0.3216    0.4444
DIM:ROT:     145         3   -1.2478    0.2795    0.3986
DIM:ROT:     146         1   -1.1759    0.3461    0.4302
DIM:ROT:     146         2   -1.1776    0.2477    0.3855
DIM:ROT:     146         3   -1.1792    0.2578    0.3254
DIM:ROT:     147         1   -1.1171    0.3342    0.4141
DIM:ROT:     147         2   -1.1189    0.2572    0.3928
DIM:ROT:     147         3   -1.1204    0.2644    0.3226
DIM:ROT:     148         1   -1.0995    0.3364    0.4301
DIM:ROT:     148         2   -1.1012    0.2445    0.3724
DIM:ROT:     148         3   -1.1026    0.2489    0.3194
DIM:ROT:     149         1   -1.1213    0.5062    0.6314
DIM:ROT:     149         2   -1.1243    0.3182    0.4487
DIM:ROT:     149         3   -1.1262    0.2751    0.3887
DIM:ROT:     150         1   -1.0898    0.4452    0.4827
DIM:ROT:     150         2   -1.0924    0.2833    0.4721
DIM:ROT:     150         3   -1.0944    0.3146    0.3572
DIM:ROT:     151         1   -1.0787    0.2850    0.4572
DIM:ROT:     151         2   -1.0806    0.2887    0.3591
DIM:ROT:     151         3   -1.0822    0.2375    0.3731
DIM:ROT:     152         1   -1.0277    0.5320    0.5799
DIM:ROT:     152         2   -1.0306    0.3251    0.4388
DIM:ROT:     152         3   -1.0326    0.2830    0.3967
DIM:ROT:     153         1   -0.9815    0.4336    0.5189
DIM:ROT:     153         2   -0.9842    0.3074    0.4757
DIM:ROT:     153         3   -0.9864    0.3161    0.3925
DIM:ROT:     154         1   -0.9737    0.3797    0.4897
DIM:ROT:     154         2   -0.9761    0.2978    0.4438
DIM:ROT:     154         3   -0.9783    0.3062    0.3937
DIM:ROT:     155         1   -1.0055    0.2947    0.4378
DIM:ROT:     155         2   -1.0076    0.2920    0.3768
DIM:ROT:     155         3   -1.0093    0.2583    0.3791
DIM:ROT:     156         1   -1.0079    0.3105    0.3647
DIM:ROT:     156         2   -1.0096    0.2445    0.3918
DIM:ROT:     156         3   -1.0113    0.2755    0.3254
DIM:ROT:     157         1   -0.9897    0.2656    0.4140
DIM:ROT:     157         2   -0.9914    0.2774    0.3389
DIM:ROT:     157         3   -0.9929    0.2338    0.3603
DIM:ROT:     158         1   -1.0008    0.3004    0.3137
DIM:ROT:     158         2   -1.0023    0.2203    0.3763
DIM:ROT:     158         3   -1.0037    0.2731    0.2870
DIM:ROT:     159         1   -1.0144    0.2276    0.3758
DIM:ROT:     159         2   -1.0158    0.2600    0.2955
DIM:ROT:     159         3   -1.0170    0.2059    0.3376
DIM:ROT:     160         1   -1.0199    0.3127    0.3032
DIM:ROT:     160         2   -1.0212    0.2087    0.3621
DIM:ROT:     160         3   -1.0225    0.2571    0.2665
