MinModeTranslate: STEP      TIME          ENERGY    MAX-FORCE     STEPSIZE    CURVATURE  ROT-STEPS
MinModeTranslate:    0  15:45:30    -9339.470942       7.2027     --------    -7.053036          3
MinModeTranslate:    0  15:45:30    -9339.470942       7.2027     0.100000    -7.053036          3
MinModeTranslate:    1  15:45:30    -9340.307123       4.2951     --------    -1.299421          3
MinModeTranslate:    1  15:45:30    -9340.307123       4.2951     0.100000    -1.299421          3
MinModeTranslate:    2  15:45:30    -9340.993343       3.9214     --------    -1.170860          3
MinModeTranslate:    2  15:45:30    -9340.993343       3.9214     0.100000    -1.170860          3
MinModeTranslate:    3  15:45:30    -9341.627961       3.5717     --------    -0.943278          3
MinModeTranslate:    3  15:45:30    -9341.627961       3.5717     0.100000    -0.943278          3
MinModeTranslate:    4  15:45:30    -9342.159548       2.7249     --------    -0.749969          3
MinModeTranslate:    4  15:45:30    -9342.159548       2.7249     0.100000    -0.749969          3
MinModeTranslate:    5  15:45:30    -9342.566156       1.9684     --------    -0.618164          3
MinModeTranslate:    5  15:45:30    -9342.566156       1.9684     0.100000    -0.618164          3
MinModeTranslate:    6  15:45:30    -9342.803673       3.6971     --------    -0.386165          3
MinModeTranslate:    6  15:45:30    -9342.803673       3.6971     0.100000    -0.386165          3
MinModeTranslate:    7  15:45:31    -9343.093949       1.4904     --------    -0.219670          3
MinModeTranslate:    7  15:45:31    -9343.093949       1.4904     0.046535    -0.219670          3
MinModeTranslate:    8  15:45:31    -9343.155809       1.8581     --------    -0.189240          3
MinModeTranslate:    8  15:45:31    -9343.155809       1.8581     0.100000    -0.189240          3
MinModeTranslate:    9  15:45:31    -9343.329034       0.0788     --------     0.142519          3
MinModeTranslate:    9  15:45:31    -9343.329034       0.0788     0.100000     0.142519          3
MinModeTranslate:   10  15:45:31    -9343.319493       0.9316     --------    -0.265245          3
MinModeTranslate:   10  15:45:31    -9343.319493       0.9316     0.100000    -0.265245          3
MinModeTranslate:   11  15:45:31    -9343.315511       0.9367     --------    -0.102729          3
MinModeTranslate:   11  15:45:31    -9343.315511       0.9367     0.100000    -0.102729          3
MinModeTranslate:   12  15:45:31    -9343.343481       0.0318     --------     0.090317          3
MinModeTranslate:   12  15:45:31    -9343.343481       0.0318     0.100000     0.090317          3
MinModeTranslate:   13  15:45:31    -9343.343499       1.2656     --------    -0.047311          3
MinModeTranslate:   13  15:45:31    -9343.343499       1.2656     0.100000    -0.047311          3
MinModeTranslate:   14  15:45:31    -9343.344535       0.1032     --------     0.497115          3
MinModeTranslate:   14  15:45:31    -9343.344535       0.1032     0.100000     0.497115          3
MinModeTranslate:   15  15:45:31    -9343.321722       0.0745     --------     1.373003          3
MinModeTranslate:   15  15:45:31    -9343.321722       0.0745     0.100000     1.373003          3
MinModeTranslate:   16  15:45:31    -9343.306396       0.1150     --------     0.527961          3
MinModeTranslate:   16  15:45:31    -9343.306396       0.1150     0.100000     0.527961          3
MinModeTranslate:   17  15:45:31    -9343.287409       0.0534     --------     0.052888          3
MinModeTranslate:   17  15:45:31    -9343.287409       0.0534     0.100000     0.052888          3
MinModeTranslate:   18  15:45:32    -9343.279618       0.0362     --------     0.410390          3
MinModeTranslate:   18  15:45:32    -9343.279618       0.0362     0.100000     0.410390          3
MinModeTranslate:   19  15:45:32    -9343.271811       0.0158     --------     0.829899          3
MinModeTranslate:   19  15:45:32    -9343.271811       0.0158     0.100000     0.829899          3
MinModeTranslate:   20  15:45:32    -9343.218207       0.0402     --------     1.441228          3
MinModeTranslate:   20  15:45:32    -9343.218207       0.0402     0.100000     1.441228          3
MinModeTranslate:   21  15:45:32    -9343.162201       0.0752     --------     1.585757          3
MinModeTranslate:   21  15:45:32    -9343.162201       0.0752     0.100000     1.585757          3
MinModeTranslate:   22  15:45:32    -9343.098751       0.2213     --------     1.500796          3
MinModeTranslate:   22  15:45:32    -9343.098751       0.2213     0.100000     1.500796          3
MinModeTranslate:   23  15:45:32    -9343.017112       0.2810     --------     1.025278          3
MinModeTranslate:   23  15:45:32    -9343.017112       0.2810     0.100000     1.025278          3
MinModeTranslate:   24  15:45:32    -9342.930846       3.4040     --------    -0.575587          3
MinModeTranslate:   24  15:45:32    -9342.930846       3.4040     0.100000    -0.575587          3
MinModeTranslate:   25  15:45:32    -9342.852451       3.3616     --------    -0.109545          3
MinModeTranslate:   25  15:45:32    -9342.852451       3.3616     0.092374    -0.109545          3
MinModeTranslate:   26  15:45:32    -9343.079023       2.6260     --------    -0.092362          3
MinModeTranslate:   26  15:45:32    -9343.079023       2.6260     0.100000    -0.092362          3
MinModeTranslate:   27  15:45:32    -9343.321724       0.1580     --------     0.344124          3
MinModeTranslate:   27  15:45:32    -9343.321724       0.1580     0.100000     0.344124          3
MinModeTranslate:   28  15:45:32    -9343.291462       0.1619     --------     1.105527          3
MinModeTranslate:   28  15:45:32    -9343.291462       0.1619     0.100000     1.105527          3
MinModeTranslate:   29  15:45:32    -9343.252292       0.1229     --------     1.958197          3
MinModeTranslate:   29  15:45:33    -9343.252292       0.1229     0.100000     1.958197          3
MinModeTranslate:   30  15:45:33    -9343.213802       0.1035     --------     1.354561          3
MinModeTranslate:   30  15:45:33    -9343.213802       0.1035     0.100000     1.354561          3
MinModeTranslate:   31  15:45:33    -9343.184244       0.0592     --------     0.594165          3
MinModeTranslate:   31  15:45:33    -9343.184244       0.0592     0.100000     0.594165          3
MinModeTranslate:   32  15:45:33    -9343.168323       0.0148     --------     0.221027          3
MinModeTranslate:   32  15:45:33    -9343.168323       0.0148     0.100000     0.221027          3
MinModeTranslate:   33  15:45:33    -9343.163918       0.0155     --------     0.043857          3
MinModeTranslate:   33  15:45:33    -9343.163918       0.0155     0.100000     0.043857          3
MinModeTranslate:   34  15:45:33    -9343.145562       1.6915     --------    -0.048308          3
MinModeTranslate:   34  15:45:33    -9343.145562       1.6915     0.100000    -0.048308          3
MinModeTranslate:   35  15:45:33    -9343.121836       1.8007     --------    -0.151948          3
MinModeTranslate:   35  15:45:33    -9343.121836       1.8007     0.100000    -0.151948          3
MinModeTranslate:   36  15:45:33    -9343.180966       1.9580     --------    -0.196414          3
MinModeTranslate:   36  15:45:33    -9343.180966       1.9580     0.100000    -0.196414          3
MinModeTranslate:   37  15:45:33    -9343.409490       1.4497     --------    -0.126227          3
MinModeTranslate:   37  15:45:33    -9343.409490       1.4497     0.078273    -0.126227          3
MinModeTranslate:   38  15:45:33    -9343.511728       1.6457     --------    -0.179425          3
MinModeTranslate:   38  15:45:33    -9343.511728       1.6457     0.100000    -0.179425          3
MinModeTranslate:   39  15:45:33    -9343.650047       1.6358     --------    -0.139745          3
MinModeTranslate:   39  15:45:33    -9343.650047       1.6358     0.032400    -0.139745          3
MinModeTranslate:   40  15:45:33    -9343.692682       0.6790     --------    -0.102923          3
MinModeTranslate:   40  15:45:33    -9343.692682       0.6790     0.078164    -0.102923          3
MinModeTranslate:   41  15:45:33    -9343.742647       1.3000     --------    -0.061297          3
MinModeTranslate:   41  15:45:33    -9343.742647       1.3000     0.100000    -0.061297          3
MinModeTranslate:   42  15:45:34    -9343.832548       0.0554     --------     0.019742          3
MinModeTranslate:   42  15:45:34    -9343.832548       0.0554     0.100000     0.019742          3
MinModeTranslate:   43  15:45:34    -9343.822000       0.0506     --------     0.002881          3
MinModeTranslate:   43  15:45:34    -9343.822000       0.0506     0.100000     0.002881          3
MinModeTranslate:   44  15:45:34    -9343.812463       1.1466     --------    -0.007170          3
MinModeTranslate:   44  15:45:34    -9343.812463       1.1466     0.100000    -0.007170          3
MinModeTranslate:   45  15:45:34    -9343.811859       1.0326     --------    -0.022696          3
MinModeTranslate:   45  15:45:34    -9343.811859       1.0326     0.030594    -0.022696          3
MinModeTranslate:   46  15:45:34    -9343.834027       0.5569     --------    -0.111086          3
MinModeTranslate:   46  15:45:34    -9343.834027       0.5569     0.036894    -0.111086          3
MinModeTranslate:   47  15:45:34    -9343.848303       1.0063     --------    -0.102093          3
MinModeTranslate:   47  15:45:34    -9343.848303       1.0063     0.100000    -0.102093          3
MinModeTranslate:   48  15:45:34    -9343.913199       0.6424     --------    -0.057819          3
MinModeTranslate:   48  15:45:34    -9343.913199       0.6424     0.021812    -0.057819          3
MinModeTranslate:   49  15:45:34    -9343.924706       0.5717     --------    -0.076406          3
MinModeTranslate:   49  15:45:34    -9343.924706       0.5717     0.066530    -0.076406          3
MinModeTranslate:   50  15:45:34    -9343.943693       0.7540     --------    -0.022215          3
MinModeTranslate:   50  15:45:34    -9343.943693       0.7540     0.081280    -0.022215          3
MinModeTranslate:   51  15:45:34    -9343.971565       0.0362     --------     0.053482          3
MinModeTranslate:   51  15:45:34    -9343.971565       0.0362     0.100000     0.053482          3
MinModeTranslate:   52  15:45:34    -9343.964524       0.0350     --------     0.044023          3
MinModeTranslate:   52  15:45:34    -9343.964524       0.0350     0.100000     0.044023          3
MinModeTranslate:   53  15:45:34    -9343.957744       0.0340     --------     0.038050          3
MinModeTranslate:   53  15:45:34    -9343.957744       0.0340     0.100000     0.038050          3
MinModeTranslate:   54  15:45:35    -9343.951158       0.0328     --------     0.034840          3
MinModeTranslate:   54  15:45:35    -9343.951158       0.0328     0.100000     0.034840          3
MinModeTranslate:   55  15:45:35    -9343.944807       0.0317     --------     0.033249          3
MinModeTranslate:   55  15:45:35    -9343.944807       0.0317     0.100000     0.033249          3
MinModeTranslate:   56  15:45:35    -9343.938644       0.0307     --------     0.033342          3
MinModeTranslate:   56  15:45:35    -9343.938644       0.0307     0.100000     0.033342          3
MinModeTranslate:   57  15:45:35    -9343.932656       0.0297     --------     0.034017          3
MinModeTranslate:   57  15:45:35    -9343.932656       0.0297     0.100000     0.034017          3
MinModeTranslate:   58  15:45:35    -9343.926832       0.0288     --------     0.035237          3
MinModeTranslate:   58  15:45:35    -9343.926832       0.0288     0.100000     0.035237          3
MinModeTranslate:   59  15:45:35    -9343.921166       0.0277     --------     0.035545          3
MinModeTranslate:   59  15:45:35    -9343.921166       0.0277     0.100000     0.035545          3
MinModeTranslate:   60  15:45:35    -9343.915681       0.0265     --------     0.035123          3
MinModeTranslate:   60  15:45:35    -9343.915681       0.0265     0.100000     0.035123          3
MinModeTranslate:   61  15:45:35    -9343.910403       0.0250     --------     0.033455          3
MinModeTranslate:   61  15:45:35    -9343.910403       0.0250     0.100000     0.033455          3
MinModeTranslate:   62  15:45:35    -9343.905394       0.0232     --------     0.030280          3
MinModeTranslate:   62  15:45:35    -9343.905394       0.0232     0.100000     0.030280          3
MinModeTranslate:   63  15:45:35    -9343.900741       0.0208     --------     0.025521          3
MinModeTranslate:   63  15:45:35    -9343.900741       0.0208     0.100000     0.025521          3
MinModeTranslate:   64  15:45:35    -9343.896553       0.0180     --------     0.019872          3
MinModeTranslate:   64  15:45:35    -9343.896553       0.0180     0.100000     0.019872          3
MinModeTranslate:   65  15:45:35    -9343.892918       0.0148     --------     0.015531          3
MinModeTranslate:   65  15:45:35    -9343.892918       0.0148     0.100000     0.015531          3
MinModeTranslate:   66  15:45:35    -9343.889915       0.0114     --------     0.013339          3
MinModeTranslate:   66  15:45:35    -9343.889915       0.0114     0.100000     0.013339          3
MinModeTranslate:   67  15:45:36    -9343.887575       0.0081     --------     0.015933          3
MinModeTranslate:   67  15:45:36    -9343.887575       0.0081     0.100000     0.015933          3
MinModeTranslate:   68  15:45:36    -9343.885851       0.0053     --------     0.023091          3
MinModeTranslate:   68  15:45:36    -9343.885851       0.0053     0.100000     0.023091          3
MinModeTranslate:   69  15:45:36    -9343.884652       0.0030     --------     0.033111          3
MinModeTranslate:   69  15:45:36    -9343.884652       0.0030     0.100000     0.033111          3
MinModeTranslate:   70  15:45:36    -9343.883853       0.0016     --------     0.041008          3
MinModeTranslate:   70  15:45:36    -9343.883853       0.0016     0.100000     0.041008          3
MinModeTranslate:   71  15:45:36    -9343.883313       0.0007     --------     0.042176          3
MinModeTranslate:   71  15:45:36    -9343.883313       0.0007     0.100000     0.042176          3
MinModeTranslate:   72  15:45:36    -9343.882967       0.0000     --------     0.033230          3
MinModeTranslate:   72  15:45:36    -9343.882967       0.0000     0.100000     0.033230          3
MinModeTranslate:   73  15:45:36    -9343.869012       0.0008     --------     0.051889          3
MinModeTranslate:   73  15:45:36    -9343.869012       0.0008     0.100000     0.051889          3
MinModeTranslate:   74  15:45:36    -9343.733761       0.0098     --------     0.148128          3
MinModeTranslate:   74  15:45:36    -9343.733761       0.0098     0.100000     0.148128          3
MinModeTranslate:   75  15:45:36    -9343.448958       0.0353     --------     0.183651          3
MinModeTranslate:   75  15:45:36    -9343.448958       0.0353     0.100000     0.183651          3
MinModeTranslate:   76  15:45:36    -9343.021603       0.0215     --------     0.206294          3
MinModeTranslate:   76  15:45:36    -9343.021603       0.0215     0.100000     0.206294          3
MinModeTranslate:   77  15:45:36    -9343.015823       0.0255     --------     0.228984          3
MinModeTranslate:   77  15:45:36    -9343.015823       0.0255     0.100000     0.228984          3
MinModeTranslate:   78  15:45:36    -9343.008747       0.0245     --------     0.250517          3
MinModeTranslate:   78  15:45:36    -9343.008747       0.0245     0.100000     0.250517          3
MinModeTranslate:   79  15:45:36    -9343.001987       0.0275     --------     0.261124          3
MinModeTranslate:   79  15:45:36    -9343.001987       0.0275     0.100000     0.261124          3
MinModeTranslate:   80  15:45:36    -9342.994206       0.0273     --------     0.262526          3
MinModeTranslate:   80  15:45:36    -9342.994206       0.0273     0.100000     0.262526          3
MinModeTranslate:   81  15:45:37    -9342.986593       0.0297     --------     0.256859          3
MinModeTranslate:   81  15:45:37    -9342.986593       0.0297     0.100000     0.256859          3
MinModeTranslate:   82  15:45:37    -9342.978227       0.0303     --------     0.247122          3
MinModeTranslate:   82  15:45:37    -9342.978227       0.0303     0.100000     0.247122          3
MinModeTranslate:   83  15:45:37    -9342.969827       0.0326     --------     0.226708          3
MinModeTranslate:   83  15:45:37    -9342.969827       0.0326     0.100000     0.226708          3
MinModeTranslate:   84  15:45:37    -9342.960873       0.0337     --------     0.194920          3
MinModeTranslate:   84  15:45:37    -9342.960873       0.0337     0.100000     0.194920          3
MinModeTranslate:   85  15:45:37    -9342.951885       0.0363     --------     0.146497          3
MinModeTranslate:   85  15:45:37    -9342.951885       0.0363     0.100000     0.146497          3
MinModeTranslate:   86  15:45:37    -9342.942461       0.0356     --------     0.089029          3
MinModeTranslate:   86  15:45:37    -9342.942461       0.0356     0.100000     0.089029          3
MinModeTranslate:   87  15:45:37    -9342.933587       0.0376     --------     0.021736          3
MinModeTranslate:   87  15:45:37    -9342.933587       0.0376     0.100000     0.021736          3
MinModeTranslate:   88  15:45:37    -9342.924511       6.5062     --------    -0.046806          3
MinModeTranslate:   88  15:45:37    -9342.924511       6.5062     0.100000    -0.046806          3
MinModeTranslate:   89  15:45:37    -9342.924150       6.4648     --------    -0.115321          3
MinModeTranslate:   89  15:45:37    -9342.924150       6.4648     0.100000    -0.115321          3
MinModeTranslate:   90  15:45:37    -9343.545095       2.0840     --------    -0.098819          3
MinModeTranslate:   90  15:45:37    -9343.545095       2.0840     0.100000    -0.098819          3
MinModeTranslate:   91  15:45:37    -9343.782332       1.4798     --------    -0.104882          3
MinModeTranslate:   91  15:45:37    -9343.782332       1.4798     0.045523    -0.104882          3
MinModeTranslate:   92  15:45:37    -9343.837447       1.0366     --------    -0.094675          3
MinModeTranslate:   92  15:45:37    -9343.837447       1.0366     0.031528    -0.094675          3
MinModeTranslate:   93  15:45:37    -9343.854255       0.6768     --------    -0.087773          3
MinModeTranslate:   93  15:45:38    -9343.854255       0.6768     0.044801    -0.087773          3
MinModeTranslate:   94  15:45:38    -9343.872867       0.6386     --------    -0.071552          3
MinModeTranslate:   94  15:45:38    -9343.872867       0.6386     0.059894    -0.071552          3
MinModeTranslate:   95  15:45:38    -9343.892079       0.5938     --------    -0.044461          3
MinModeTranslate:   95  15:45:38    -9343.892079       0.5938     0.036459    -0.044461          3
MinModeTranslate:   96  15:45:38    -9343.901661       0.4668     --------    -0.030920          3
MinModeTranslate:   96  15:45:38    -9343.901661       0.4668     0.076030    -0.030920          3
MinModeTranslate:   97  15:45:38    -9343.920889       0.5627     --------    -0.007541          3
MinModeTranslate:   97  15:45:38    -9343.920889       0.5627     0.067884    -0.007541          3
MinModeTranslate:   98  15:45:38    -9343.936154       0.0227     --------     0.010661          3
MinModeTranslate:   98  15:45:38    -9343.936154       0.0227     0.100000     0.010661          3
MinModeTranslate:   99  15:45:38    -9343.930638       0.5583     --------    -0.009927          3
MinModeTranslate:   99  15:45:38    -9343.930638       0.5583     0.100000    -0.009927          3
MinModeTranslate:  100  15:45:38    -9343.929395       0.3015     --------    -0.024510          3
MinModeTranslate:  100  15:45:38    -9343.929395       0.3015     0.015783    -0.024510          3
MinModeTranslate:  101  15:45:38    -9343.934241       0.4688     --------    -0.027849          3
MinModeTranslate:  101  15:45:38    -9343.934241       0.4688     0.031553    -0.027849          3
MinModeTranslate:  102  15:45:38    -9343.941582       0.3572     --------    -0.022553          3
MinModeTranslate:  102  15:45:38    -9343.941582       0.3572     0.024289    -0.022553          3
MinModeTranslate:  103  15:45:38    -9343.945447       0.3755     --------    -0.023116          3
MinModeTranslate:  103  15:45:38    -9343.945447       0.3755     0.034145    -0.023116          3
MinModeTranslate:  104  15:45:38    -9343.950307       0.3729     --------    -0.021512          3
MinModeTranslate:  104  15:45:38    -9343.950307       0.3729     0.058286    -0.021512          3
MinModeTranslate:  105  15:45:39    -9343.957304       0.2993     --------    -0.019172          3
MinModeTranslate:  105  15:45:39    -9343.957304       0.2993     0.076061    -0.019172          3
MinModeTranslate:  106  15:45:39    -9343.965973       0.5364     --------    -0.012337          3
MinModeTranslate:  106  15:45:39    -9343.965973       0.5364     0.059172    -0.012337          3
MinModeTranslate:  107  15:45:39    -9343.972266       0.0280     --------     0.000729          3
MinModeTranslate:  107  15:45:39    -9343.972266       0.0280     0.100000     0.000729          3
MinModeTranslate:  108  15:45:39    -9343.965443       0.5052     --------    -0.019711          3
MinModeTranslate:  108  15:45:39    -9343.965443       0.5052     0.100000    -0.019711          3
MinModeTranslate:  109  15:45:39    -9343.962898       0.3137     --------    -0.029953          3
MinModeTranslate:  109  15:45:39    -9343.962898       0.3137     0.100000    -0.029953          3
MinModeTranslate:  110  15:45:39    -9343.963499       0.3120     --------    -0.028244          3
MinModeTranslate:  110  15:45:39    -9343.963499       0.3120     0.098558    -0.028244          3
MinModeTranslate:  111  15:45:39    -9343.959942       0.6945     --------    -0.035622          3
MinModeTranslate:  111  15:45:39    -9343.959942       0.6945     0.100000    -0.035622          3
MinModeTranslate:  112  15:45:39    -9343.952051       0.9391     --------    -0.040276          3
MinModeTranslate:  112  15:45:39    -9343.952051       0.9391     0.054426    -0.040276          3
MinModeTranslate:  113  15:45:39    -9343.953660       0.4886     --------    -0.034624          3
MinModeTranslate:  113  15:45:39    -9343.953660       0.4886     0.100000    -0.034624          3
MinModeTranslate:  114  15:45:39    -9343.956523       0.4246     --------    -0.053967          3
MinModeTranslate:  114  15:45:39    -9343.956523       0.4246     0.030706    -0.053967          3
MinModeTranslate:  115  15:45:39    -9343.957830       0.4920     --------    -0.062876          3
MinModeTranslate:  115  15:45:39    -9343.957830       0.4920     0.035881    -0.062876          3
MinModeTranslate:  116  15:45:39    -9343.958405       0.3668     --------    -0.061559          3
MinModeTranslate:  116  15:45:39    -9343.958405       0.3668     0.068994    -0.061559          3
MinModeTranslate:  117  15:45:40    -9343.960901       0.5137     --------    -0.071861          3
MinModeTranslate:  117  15:45:40    -9343.960901       0.5137     0.081372    -0.071861          3
MinModeTranslate:  118  15:45:40    -9343.964558       0.7986     --------    -0.090070          3
MinModeTranslate:  118  15:45:40    -9343.964558       0.7986     0.100000    -0.090070          3
MinModeTranslate:  119  15:45:40    -9343.977089       0.4800     --------    -0.091865          3
MinModeTranslate:  119  15:45:40    -9343.977089       0.4800     0.016394    -0.091865          3
MinModeTranslate:  120  15:45:40    -9343.983262       0.3906     --------    -0.103332          3
MinModeTranslate:  120  15:45:40    -9343.983262       0.3906     0.016184    -0.103332          3
MinModeTranslate:  121  15:45:40    -9343.986352       0.2504     --------    -0.115358          3
MinModeTranslate:  121  15:45:40    -9343.986352       0.2504     0.018607    -0.115358          3
MinModeTranslate:  122  15:45:40    -9343.989677       0.2551     --------    -0.116038          3
MinModeTranslate:  122  15:45:40    -9343.989677       0.2551     0.031684    -0.116038          3
MinModeTranslate:  123  15:45:40    -9343.994403       0.5530     --------    -0.123845          3
MinModeTranslate:  123  15:45:40    -9343.994403       0.5530     0.067213    -0.123845          3
MinModeTranslate:  124  15:45:40    -9344.004184       0.4885     --------    -0.131438          3
MinModeTranslate:  124  15:45:40    -9344.004184       0.4885     0.085803    -0.131438          3
MinModeTranslate:  125  15:45:40    -9344.015209       0.4572     --------    -0.105502          3
MinModeTranslate:  125  15:45:40    -9344.015209       0.4572     0.093313    -0.105502          3
MinModeTranslate:  126  15:45:40    -9344.026048       0.6436     --------    -0.120728          3
MinModeTranslate:  126  15:45:40    -9344.026048       0.6436     0.087641    -0.120728          3
MinModeTranslate:  127  15:45:40    -9344.043206       0.3927     --------    -0.149484          3
MinModeTranslate:  127  15:45:40    -9344.043206       0.3927     0.041954    -0.149484          3
MinModeTranslate:  128  15:45:40    -9344.049256       0.5375     --------    -0.156864          3
MinModeTranslate:  128  15:45:41    -9344.049256       0.5375     0.061367    -0.156864          3
MinModeTranslate:  129  15:45:41    -9344.056220       0.2978     --------    -0.154441          3
MinModeTranslate:  129  15:45:41    -9344.056220       0.2978     0.033787    -0.154441          3
MinModeTranslate:  130  15:45:41    -9344.060183       0.2531     --------    -0.136928          3
MinModeTranslate:  130  15:45:41    -9344.060183       0.2531     0.028875    -0.136928          3
MinModeTranslate:  131  15:45:41    -9344.063058       0.2953     --------    -0.119294          3
MinModeTranslate:  131  15:45:41    -9344.063058       0.2953     0.035663    -0.119294          3
MinModeTranslate:  132  15:45:41    -9344.066396       0.3244     --------    -0.116032          3
MinModeTranslate:  132  15:45:41    -9344.066396       0.3244     0.049098    -0.116032          3
MinModeTranslate:  133  15:45:41    -9344.070881       0.4162     --------    -0.085800          3
MinModeTranslate:  133  15:45:41    -9344.070881       0.4162     0.100000    -0.085800          3
MinModeTranslate:  134  15:45:41    -9344.079735       0.3365     --------    -0.029699          3
MinModeTranslate:  134  15:45:41    -9344.079735       0.3365     0.036244    -0.029699          3
MinModeTranslate:  135  15:45:41    -9344.083573       0.3769     --------    -0.027302          3
MinModeTranslate:  135  15:45:41    -9344.083573       0.3769     0.046723    -0.027302          3
MinModeTranslate:  136  15:45:41    -9344.087452       0.0157     --------     0.005506          3
MinModeTranslate:  136  15:45:41    -9344.087452       0.0157     0.100000     0.005506          3
MinModeTranslate:  137  15:45:41    -9344.084037       0.3525     --------    -0.081767          3
MinModeTranslate:  137  15:45:41    -9344.084037       0.3525     0.100000    -0.081767          3
MinModeTranslate:  138  15:45:41    -9344.083331       0.1221     --------    -0.082496          3
MinModeTranslate:  138  15:45:41    -9344.083331       0.1221     0.012621    -0.082496          3
MinModeTranslate:  139  15:45:42    -9344.083944       0.1432     --------    -0.083910          3
MinModeTranslate:  139  15:45:42    -9344.083944       0.1432     0.022116    -0.083910          3
MinModeTranslate:  140  15:45:42    -9344.084553       0.1517     --------    -0.077272          3
MinModeTranslate:  140  15:45:42    -9344.084553       0.1517     0.021479    -0.077272          3
MinModeTranslate:  141  15:45:42    -9344.085336       0.1168     --------    -0.047086          3
MinModeTranslate:  141  15:45:42    -9344.085336       0.1168     0.012832    -0.047086          3
MinModeTranslate:  142  15:45:42    -9344.085725       0.1178     --------    -0.052833          3
MinModeTranslate:  142  15:45:42    -9344.085725       0.1178     0.021750    -0.052833          3
MinModeTranslate:  143  15:45:42    -9344.086282       0.1612     --------    -0.045765          3
MinModeTranslate:  143  15:45:42    -9344.086282       0.1612     0.030751    -0.045765          3
MinModeTranslate:  144  15:45:42    -9344.086928       0.1570     --------    -0.028851          3
MinModeTranslate:  144  15:45:42    -9344.086928       0.1570     0.047739    -0.028851          3
MinModeTranslate:  145  15:45:42    -9344.087683       0.0122     --------     0.012365          3
MinModeTranslate:  145  15:45:42    -9344.087683       0.0122     0.100000     0.012365          3
MinModeTranslate:  146  15:45:42    -9344.084786       0.0141     --------     0.092910          3
MinModeTranslate:  146  15:45:42    -9344.084786       0.0141     0.100000     0.092910          3
MinModeTranslate:  147  15:45:42    -9344.081135       0.0187     --------     0.126078          3
MinModeTranslate:  147  15:45:42    -9344.081135       0.0187     0.100000     0.126078          3
MinModeTranslate:  148  15:45:42    -9344.076359       0.0234     --------     0.094819          3
MinModeTranslate:  148  15:45:42    -9344.076359       0.0234     0.100000     0.094819          3
MinModeTranslate:  149  15:45:42    -9344.070750       0.0257     --------     0.017495          3
MinModeTranslate:  149  15:45:42    -9344.070750       0.0257     0.100000     0.017495          3
MinModeTranslate:  150  15:45:42    -9344.065058       0.2187     --------    -0.058687          3
MinModeTranslate:  150  15:45:43    -9344.065058       0.2187     0.100000    -0.058687          3
MinModeTranslate:  151  15:45:43    -9344.060758       0.3164     --------    -0.102212          3
MinModeTranslate:  151  15:45:43    -9344.060758       0.3164     0.100000    -0.102212          3
MinModeTranslate:  152  15:45:43    -9344.055275       0.3406     --------    -0.064221          3
MinModeTranslate:  152  15:45:43    -9344.055275       0.3406     0.094660    -0.064221          3
MinModeTranslate:  153  15:45:43    -9344.053121       0.0166     --------     0.019805          3
MinModeTranslate:  153  15:45:43    -9344.053121       0.0166     0.100000     0.019805          3
MinModeTranslate:  154  15:45:43    -9344.049326       0.0170     --------     0.044970          3
MinModeTranslate:  154  15:45:43    -9344.049326       0.0170     0.100000     0.044970          3
MinModeTranslate:  155  15:45:43    -9344.045340       0.0176     --------     0.029672          3
MinModeTranslate:  155  15:45:43    -9344.045340       0.0176     0.100000     0.029672          3
MinModeTranslate:  156  15:45:43    -9344.041298       0.0171     --------     0.006723          3
MinModeTranslate:  156  15:45:43    -9344.041298       0.0171     0.100000     0.006723          3
MinModeTranslate:  157  15:45:43    -9344.037441       0.0160     --------     0.010741          3
MinModeTranslate:  157  15:45:43    -9344.037441       0.0160     0.100000     0.010741          3
MinModeTranslate:  158  15:45:43    -9344.033728       0.0155     --------     0.043205          3
MinModeTranslate:  158  15:45:43    -9344.033728       0.0155     0.100000     0.043205          3
MinModeTranslate:  159  15:45:43    -9344.029922       0.0164     --------     0.066924          3
MinModeTranslate:  159  15:45:43    -9344.029922       0.0164     0.100000     0.066924          3
MinModeTranslate:  160  15:45:43    -9344.025778       0.0177     --------     0.054339          3
