MINMODE:METHOD: Dimer
DIM:CONTROL: Search Parameters:
DIM:CONTROL: ------------------
DIM:CONTROL: eigenmode_method = dimer
DIM:CONTROL: f_rot_min = 0.01
DIM:CONTROL: f_rot_max = 0.1
DIM:CONTROL: max_num_rot = 3
DIM:CONTROL: trial_angle = 0.7853981633974483
DIM:CONTROL: trial_trans_step = 0.001
DIM:CONTROL: maximum_translation = 0.1
DIM:CONTROL: cg_translation = True
DIM:CONTROL: use_central_forces = True
DIM:CONTROL: dimer_separation = 0.005
DIM:CONTROL: initial_eigenmode_method = gauss
DIM:CONTROL: extrapolate_forces = True
DIM:CONTROL: displacement_method = gauss
DIM:CONTROL: gauss_std = 0.1
DIM:CONTROL: order = 1
DIM:CONTROL: mask = None
DIM:CONTROL: displacement_center = None
DIM:CONTROL: displacement_radius = None
DIM:CONTROL: number_of_displacement_atoms = None
DIM:CONTROL: ------------------
DIM:ROT: OPT-STEP ROT-STEP CURVATURE ROT-ANGLE ROT-FORCE
DIM:ROT:       0         1    2.5681   15.8124   14.8805
DIM:ROT:       0         2    0.7792   10.4522    9.6975
DIM:ROT:       0         3   -0.3195    6.9929    8.9385
DIM:ROT:       1         1   -1.5154    5.7881    7.0437
DIM:ROT:       1         2   -2.0490    4.9723    6.2385
DIM:ROT:       1         3   -2.5215    4.6629    5.7741
DIM:ROT:       2         1   -4.5193    7.4652    7.2072
DIM:ROT:       2         2   -5.2899    5.2919    8.5205
DIM:ROT:       2         3   -5.9467    6.2113    6.2269
DIM:ROT:       3         1   -3.5032    2.9886    6.5809
DIM:ROT:       3         2   -3.7130    4.4059    2.6902
DIM:ROT:       3         3   -3.8741    2.0574    4.2649
DIM:ROT:       4         1   -0.9002    9.3874    3.8391
DIM:ROT:       4         2   -1.1527    2.6345    5.2029
DIM:ROT:       4         3   -1.2712    2.8917    2.3051
DIM:ROT:       5         1   -0.5869    2.3076    3.3818
DIM:ROT:       5         2   -0.6848    2.0266    2.7094
DIM:ROT:       5         3   -0.7660    1.7528    2.5308
DIM:ROT:       6         1    0.7570    5.1128    2.9279
DIM:ROT:       6         2    0.5761    2.3350    4.3236
DIM:ROT:       6         3    0.4484    3.2393    2.2473
DIM:ROT:       7         1    0.1756    3.4581    3.9039
DIM:ROT:       7         2    0.0048    2.6458    3.6657
DIM:ROT:       7         3   -0.1370    2.6748    2.9857
DIM:ROT:       8         1   -3.9527    4.7755    5.3030
DIM:ROT:       8         2   -4.2687    3.3725    5.1577
DIM:ROT:       8         3   -4.4845    3.3246    3.7681
DIM:ROT:       9         1  -10.3991    9.1152    7.1274
DIM:ROT:       9         2  -11.1049    4.5414    8.5404
DIM:ROT:       9         3  -11.5103    4.9258    4.6325
DIM:ROT:      10         1  -21.2173    7.4140    9.7630
DIM:ROT:      10         2  -21.8794    4.8607    7.6113
DIM:ROT:      10         3  -22.1992    3.6806    5.0732
DIM:ROT:      11         1  -22.8778    3.9484    5.9243
DIM:ROT:      11         2  -23.0349    2.2200    3.8362
DIM:ROT:      11         3  -23.1121    1.4967    2.7646
DIM:ROT:      12         1  -20.2183    5.3375    4.3887
DIM:ROT:      12         2  -20.3115    1.8643    2.5086
DIM:ROT:      12         3  -20.3346    1.1369    1.1793
DIM:ROT:      13         1  -15.7761    4.6730    6.0155
DIM:ROT:      13         2  -15.9608    2.8193    3.2556
DIM:ROT:      13         3  -16.0296    1.6688    2.1534
DIM:ROT:      14         1  -16.6216    3.0072    3.9646
DIM:ROT:      14         2  -16.6814    1.4354    2.1262
DIM:ROT:      14         3  -16.7054    0.7520    1.6215
DIM:ROT:      15         1  -13.5103    2.3283    2.2958
DIM:ROT:      15         2  -13.5463    0.8153    2.1428
DIM:ROT:      15         3  -13.5637    0.7870    1.0554
DIM:ROT:      16         1  -13.5292    1.0019    0.8946
DIM:ROT:      16         2  -13.5389    0.4873    0.7219
DIM:ROT:      16         3  -13.5433    0.3584    0.4498
DIM:ROT:      17         1  -12.6119    1.2649    1.8220
DIM:ROT:      17         2  -12.6332    0.9176    0.9121
DIM:ROT:      17         3  -12.6427    0.5317    0.7465
DIM:ROT:      18         1  -11.0102    2.2486    2.7892
DIM:ROT:      18         2  -11.0471    1.1216    1.3682
DIM:ROT:      18         3  -11.0634    0.6730    1.0535
DIM:ROT:      19         1   -9.6861    2.5323    2.1777
DIM:ROT:      19         2   -9.7249    1.0640    1.7473
DIM:ROT:      19         3   -9.7456    0.9660    0.9578
DIM:ROT:      20         1   -8.5451    2.9796    2.5423
DIM:ROT:      20         2   -8.6018    1.2129    2.2731
DIM:ROT:      20         3   -8.6275    1.1803    1.0851
DIM:ROT:      21         1   -7.6509    2.5476    2.3411
DIM:ROT:      21         2   -7.6918    1.1261    1.7028
DIM:ROT:      21         3   -7.7119    0.8696    1.0355
DIM:ROT:      22         1   -7.1150    3.1822    2.3573
DIM:ROT:      22         2   -7.1706    1.2272    2.1555
DIM:ROT:      22         3   -7.1937    1.1370    0.9819
DIM:ROT:      23         1   -6.4969    4.2704    3.2301
DIM:ROT:      23         2   -6.5473    1.2478    2.3408
DIM:ROT:      23         3   -6.5740    1.0389    1.2294
DIM:ROT:      24         1   -5.3623    4.7442    3.4238
DIM:ROT:      24         2   -5.4142    1.3556    2.4672
DIM:ROT:      24         3   -5.4420    1.3013    1.1167
DIM:ROT:      25         1   -4.2574    2.0564    2.2362
DIM:ROT:      25         2   -4.2832    1.0288    1.2905
DIM:ROT:      25         3   -4.3007    0.8279    1.0693
DIM:ROT:      26         1   -3.3463    2.0848    1.8983
DIM:ROT:      26         2   -3.3806    1.2550    1.3776
DIM:ROT:      26         3   -3.4014    0.9910    1.0700
DIM:ROT:      27         1   -3.3025    1.6945    1.4163
DIM:ROT:      27         2   -3.3218    0.9097    1.2020
DIM:ROT:      27         3   -3.3357    0.8255    0.8396
DIM:ROT:      28         1   -3.4709    0.8823    1.2901
DIM:ROT:      28         2   -3.4838    0.8123    0.7255
DIM:ROT:      28         3   -3.4923    0.5298    0.7967
DIM:ROT:      29         1   -2.2585    3.5179    2.4979
DIM:ROT:      29         2   -2.2851    1.3589    1.5196
DIM:ROT:      29         3   -2.3095    1.1394    1.1127
DIM:ROT:      30         1   -2.0645    1.4209    1.7930
DIM:ROT:      30         2   -2.0832    0.9919    1.0367
DIM:ROT:      30         3   -2.0976    0.7658    0.9915
DIM:ROT:      31         1   -2.8399    3.1968    2.0776
DIM:ROT:      31         2   -2.8401    0.8738    1.2250
DIM:ROT:      31         3   -2.8522    0.8328    0.7452
DIM:ROT:      32         1   -2.8512    1.6218    2.2539
DIM:ROT:      32         2   -2.8837    1.4210    1.1694
DIM:ROT:      32         3   -2.9045    0.8733    1.2611
DIM:ROT:      33         1   -1.8338    3.8016    2.8574
DIM:ROT:      33         2   -1.8688    1.4218    1.7829
DIM:ROT:      33         3   -1.9013    1.2741    1.3358
DIM:ROT:      34         1   -1.4645    1.9365    1.8380
DIM:ROT:      34         2   -1.4996    1.2496    1.4907
DIM:ROT:      34         3   -1.5249    1.1541    1.1917
DIM:ROT:      35         1   -3.0645    3.8636    2.4755
DIM:ROT:      35         2   -3.0858    1.2749    1.6862
DIM:ROT:      35         3   -3.1170    1.3600    1.2423
DIM:ROT:      36         1   -4.2847    2.3184    2.3166
DIM:ROT:      36         2   -4.3371    1.5211    2.1078
DIM:ROT:      36         3   -4.3793    1.5927    1.5008
DIM:ROT:      37         1   -3.3959    2.7839    2.8915
DIM:ROT:      37         2   -3.4360    1.1979    1.8385
DIM:ROT:      37         3   -3.4650    1.3194    1.1310
DIM:ROT:      38         1   -1.9379    3.1574    2.9043
DIM:ROT:      38         2   -1.9844    1.5131    1.7873
DIM:ROT:      38         3   -2.0188    1.3582    1.3257
DIM:ROT:      39         1   -0.9151    1.9461    1.8345
DIM:ROT:      39         2   -0.9589    1.5029    1.5501
DIM:ROT:      39         3   -0.9916    1.3191    1.3395
DIM:ROT:      40         1   -0.2450    1.8194    1.7274
DIM:ROT:      40         2   -0.2855    1.3569    1.6073
DIM:ROT:      40         3   -0.3164    1.3156    1.2925
DIM:ROT:      41         1    0.0361    1.8707    1.5866
DIM:ROT:      41         2    0.0024    1.2227    1.5691
DIM:ROT:      41         3   -0.0249    1.2989    1.1678
DIM:ROT:      42         1    0.4391    2.5961    2.4558
DIM:ROT:      42         2    0.4054    1.4042    1.6351
DIM:ROT:      42         3    0.3762    1.4053    1.1680
DIM:ROT:      43         1   -0.8713    3.3365    4.4649
DIM:ROT:      43         2   -0.9739    2.7985    2.0358
DIM:ROT:      43         3   -1.0378    1.7019    2.1764
DIM:ROT:      44         1   -1.8929    4.1385    4.2474
DIM:ROT:      44         2   -2.0554    3.3281    2.8472
DIM:ROT:      44         3   -2.1717    2.3930    2.7760
DIM:ROT:      45         1   -2.2714    2.3997    2.1516
DIM:ROT:      45         2   -2.3444    1.8364    2.2657
DIM:ROT:      45         3   -2.4086    1.9787    1.8057
DIM:ROT:      46         1   -2.5620    1.6500    1.8749
DIM:ROT:      46         2   -2.6048    1.6297    1.4733
DIM:ROT:      46         3   -2.6396    1.3339    1.5134
DIM:ROT:      47         1   -2.7741    1.6678    1.2920
DIM:ROT:      47         2   -2.8008    1.1148    1.4484
DIM:ROT:      47         3   -2.8254    1.2638    1.0640
DIM:ROT:      48         1   -2.7560    1.0034    1.2970
DIM:ROT:      48         2   -2.7720    1.0603    0.8361
DIM:ROT:      48         3   -2.7843    0.7579    0.9434
DIM:ROT:      49         1   -2.8239    1.5611    1.6331
DIM:ROT:      49         2   -2.8399    1.1961    0.9638
DIM:ROT:      49         3   -2.8566    0.8965    0.9944
DIM:ROT:      50         1   -2.6791    1.3111    1.1083
DIM:ROT:      50         2   -2.6930    0.9860    0.8697
DIM:ROT:      50         3   -2.7048    0.8060    0.8090
DIM:ROT:      51         1   -2.6716    0.6877    0.6763
DIM:ROT:      51         2   -2.6779    0.5868    0.6070
DIM:ROT:      51         3   -2.6833    0.5474    0.5433
DIM:ROT:      52         1   -2.6376    0.7546    0.8385
DIM:ROT:      52         2   -2.6432    0.6430    0.5230
DIM:ROT:      52         3   -2.6478    0.4708    0.5569
DIM:ROT:      53         1   -2.7672    1.0618    0.9643
DIM:ROT:      53         2   -2.7758    0.8204    0.7602
DIM:ROT:      53         3   -2.7855    0.7029    0.7226
DIM:ROT:      54         1   -2.9224    0.8783    1.2738
DIM:ROT:      54         2   -2.9295    0.8787    0.5046
DIM:ROT:      54         3   -2.9356    0.4983    0.6781
DIM:ROT:      55         1   -2.8252    0.8899    1.2534
DIM:ROT:      55         2   -2.8277    0.5785    0.4167
DIM:ROT:      55         3   -2.8309    0.3745    0.4412
DIM:ROT:      56         1   -2.9131    0.6956    0.8972
DIM:ROT:      56         2   -2.9157    0.5841    0.4017
DIM:ROT:      56         3   -2.9189    0.3699    0.4574
DIM:ROT:      57         1   -2.8579    0.9485    1.0117
DIM:ROT:      57         2   -2.8622    0.7040    0.5241
DIM:ROT:      57         3   -2.8673    0.5265    0.5475
DIM:ROT:      58         1   -2.7869    0.7611    0.5566
DIM:ROT:      58         2   -2.7917    0.4843    0.5820
DIM:ROT:      58         3   -2.7959    0.5319    0.4247
DIM:ROT:      59         1   -2.8483    0.6262    0.6227
DIM:ROT:      59         2   -2.8526    0.5389    0.4785
DIM:ROT:      59         3   -2.8559    0.4319    0.4369
DIM:ROT:      60         1   -2.8044    0.7268    0.6475
DIM:ROT:      60         2   -2.8069    0.5134    0.4593
DIM:ROT:      60         3   -2.8104    0.4168    0.4421
DIM:ROT:      61         1   -2.8072    1.1177    1.0152
DIM:ROT:      61         2   -2.8118    0.8064    0.6200
DIM:ROT:      61         3   -2.8187    0.5550    0.6446
DIM:ROT:      62         1   -2.8356    0.4775    0.6233
DIM:ROT:      62         2   -2.8389    0.5160    0.3756
DIM:ROT:      62         3   -2.8416    0.3434    0.4383
DIM:ROT:      63         1   -2.7385    0.6363    0.6159
DIM:ROT:      63         2   -2.7394    0.4438    0.3391
DIM:ROT:      63         3   -2.7416    0.3212    0.3449
DIM:ROT:      64         1   -2.7677    0.8474    0.8011
DIM:ROT:      64         2   -2.7687    0.4926    0.3478
DIM:ROT:      64         3   -2.7707    0.3083    0.3491
DIM:ROT:      65         1   -2.8486    0.6890    0.6149
DIM:ROT:      65         2   -2.8509    0.4734    0.4954
DIM:ROT:      65         3   -2.8542    0.4204    0.3992
DIM:ROT:      66         1   -2.9405    1.0546    0.9307
DIM:ROT:      66         2   -2.9495    0.7193    0.6997
DIM:ROT:      66         3   -2.9549    0.5931    0.6174
DIM:ROT:      67         1   -2.8046    1.7346    1.9409
DIM:ROT:      67         2   -2.8071    0.5521    0.5790
DIM:ROT:      67         3   -2.8111    0.4778    0.4377
DIM:ROT:      68         1   -2.8462    1.4294    1.4616
DIM:ROT:      68         2   -2.8484    0.4970    0.5122
DIM:ROT:      68         3   -2.8516    0.3979    0.4315
DIM:ROT:      69         1   -3.0151    1.7694    1.3914
DIM:ROT:      69         2   -3.0317    1.1620    1.1025
DIM:ROT:      69         3   -3.0486    0.9560    0.9352
DIM:ROT:      70         1   -3.0176    1.1418    1.0733
DIM:ROT:      70         2   -3.0316    0.8709    0.9357
DIM:ROT:      70         3   -3.0431    0.8201    0.7927
DIM:ROT:      71         1   -2.5379    1.1693    0.9904
DIM:ROT:      71         2   -2.5436    0.6562    0.6768
DIM:ROT:      71         3   -2.5491    0.5491    0.5329
DIM:ROT:      72         1   -2.1794    0.9476    0.9288
DIM:ROT:      72         2   -2.1894    0.7286    0.7584
DIM:ROT:      72         3   -2.1971    0.6461    0.6395
DIM:ROT:      73         1   -2.3594    1.0912    1.0399
DIM:ROT:      73         2   -2.3651    0.6596    0.7337
DIM:ROT:      73         3   -2.3719    0.6242    0.6048
DIM:ROT:      74         1   -2.4874    0.8245    0.9041
DIM:ROT:      74         2   -2.4973    0.7498    0.7259
DIM:ROT:      74         3   -2.5048    0.6236    0.6867
DIM:ROT:      75         1   -2.6312    1.3487    1.1101
DIM:ROT:      75         2   -2.6359    0.7464    0.6204
DIM:ROT:      75         3   -2.6422    0.5738    0.6049
DIM:ROT:      76         1   -3.0307    1.5346    1.3088
DIM:ROT:      76         2   -3.0453    0.9878    1.0625
DIM:ROT:      76         3   -3.0610    0.9535    0.8835
DIM:ROT:      77         1   -3.7350    1.5928    1.2580
DIM:ROT:      77         2   -3.7599    1.0491    1.3840
DIM:ROT:      77         3   -3.7799    1.1920    0.9733
DIM:ROT:      78         1   -4.2345    1.2331    1.6051
DIM:ROT:      78         2   -4.2591    1.3352    1.0510
DIM:ROT:      78         3   -4.2796    0.9232    1.2123
DIM:ROT:      79         1   -4.7387    2.3395    1.6281
DIM:ROT:      79         2   -4.7652    1.3054    1.3642
DIM:ROT:      79         3   -4.7865    1.1462    1.0581
DIM:ROT:      80         1   -4.8432    1.7769    1.5680
DIM:ROT:      80         2   -4.8605    0.9584    1.2910
DIM:ROT:      80         3   -4.8776    1.0567    0.8860
DIM:ROT:      81         1   -4.7256    1.4043    1.3868
DIM:ROT:      81         2   -4.7387    0.8615    1.0107
DIM:ROT:      81         3   -4.7491    0.8008    0.7533
DIM:ROT:      82         1   -4.6043    1.6012    1.5141
DIM:ROT:      82         2   -4.6280    1.1447    1.1678
DIM:ROT:      82         3   -4.6437    0.9497    0.9376
DIM:ROT:      83         1   -4.3289    1.6508    1.4546
DIM:ROT:      83         2   -4.3382    0.7327    0.9802
DIM:ROT:      83         3   -4.3474    0.7539    0.6593
DIM:ROT:      84         1   -3.6702    1.7533    1.4242
DIM:ROT:      84         2   -3.6828    0.8975    0.9649
DIM:ROT:      84         3   -3.6927    0.7301    0.7488
DIM:ROT:      85         1   -2.8090    2.9353    2.3168
DIM:ROT:      85         2   -2.8462    1.8147    1.3699
DIM:ROT:      85         3   -2.8742    1.2033    1.2847
DIM:ROT:      86         1   -2.1361    3.4405    2.6231
DIM:ROT:      86         2   -2.1747    1.5783    1.6870
DIM:ROT:      86         3   -2.2092    1.3463    1.4159
DIM:ROT:      87         1   -1.6472    1.8722    2.0170
DIM:ROT:      87         2   -1.6747    1.2157    1.4021
DIM:ROT:      87         3   -1.6980    1.1419    1.1339
DIM:ROT:      88         1   -1.3073    2.2432    1.8821
DIM:ROT:      88         2   -1.3349    1.3469    1.3046
DIM:ROT:      88         3   -1.3565    1.0867    1.1128
DIM:ROT:      89         1   -1.1505    2.1872    1.4073
DIM:ROT:      89         2   -1.1829    1.2237    1.5396
DIM:ROT:      89         3   -1.2066    1.2685    1.0462
DIM:ROT:      90         1   -0.9398    1.5398    1.5357
DIM:ROT:      90         2   -0.9722    1.3141    1.4066
DIM:ROT:      90         3   -0.9994    1.2266    1.2320
DIM:ROT:      91         1   -0.6799    1.5404    1.4860
DIM:ROT:      91         2   -0.7082    1.2147    1.3131
DIM:ROT:      91         3   -0.7306    1.1448    1.1259
DIM:ROT:      92         1   -0.5410    1.0987    1.1923
DIM:ROT:      92         2   -0.5559    0.9327    0.9040
DIM:ROT:      92         3   -0.5687    0.8134    0.8750
DIM:ROT:      93         1   -0.4085    1.3167    0.8700
DIM:ROT:      93         2   -0.4238    0.8179    1.0639
DIM:ROT:      93         3   -0.4361    0.9851    0.7054
DIM:ROT:      94         1   -0.3110    1.0274    1.2547
DIM:ROT:      94         2   -0.3256    1.0032    0.8737
DIM:ROT:      94         3   -0.3397    0.8074    0.9582
DIM:ROT:      95         1   -0.1938    1.1829    0.7875
DIM:ROT:      95         2   -0.2074    0.7741    0.9927
DIM:ROT:      95         3   -0.2188    0.9511    0.6810
DIM:ROT:      96         1   -0.1354    0.7178    0.8766
DIM:ROT:      96         2   -0.1448    0.8007    0.6654
DIM:ROT:      96         3   -0.1532    0.6261    0.7568
DIM:ROT:      97         1   -0.0890    1.2090    0.6917
DIM:ROT:      97         2   -0.1014    0.6996    1.0135
DIM:ROT:      97         3   -0.1124    1.0354    0.6025
DIM:ROT:      98         1    0.0536    1.0946    1.2267
DIM:ROT:      98         2    0.0336    1.1286    1.0146
DIM:ROT:      98         3    0.0158    0.9541    1.0647
DIM:ROT:      99         1    0.5083    2.6721    1.7482
DIM:ROT:      99         2    0.4491    1.6832    2.0065
DIM:ROT:      99         3    0.4039    1.8242    1.4284
DIM:ROT:     100         1    0.3852    2.0071    1.9449
DIM:ROT:     100         2    0.3402    1.5667    1.6674
DIM:ROT:     100         3    0.3032    1.4654    1.4418
DIM:ROT:     101         1    0.1631    1.6614    1.7310
DIM:ROT:     101         2    0.1350    1.2397    1.2897
DIM:ROT:     101         3    0.1157    1.0319    1.0874
DIM:ROT:     102         1    0.0282    1.4826    1.3942
DIM:ROT:     102         2    0.0111    0.9468    1.0583
DIM:ROT:     102         3    0.0001    0.7865    0.7915
DIM:ROT:     103         1   -0.1315    1.4210    1.3042
DIM:ROT:     103         2   -0.1482    0.9261    1.0013
DIM:ROT:     103         3   -0.1585    0.7773    0.7700
DIM:ROT:     104         1   -0.2335    1.7230    1.2223
DIM:ROT:     104         2   -0.2537    1.0237    1.1068
DIM:ROT:     104         3   -0.2665    0.9340    0.7972
DIM:ROT:     105         1   -0.3622    0.8000    0.9868
DIM:ROT:     105         2   -0.3739    0.9132    0.7390
DIM:ROT:     105         3   -0.3849    0.7141    0.8812
DIM:ROT:     106         1   -0.3537    0.8919    0.6610
DIM:ROT:     106         2   -0.3626    0.6571    0.7928
DIM:ROT:     106         3   -0.3710    0.7569    0.6254
DIM:ROT:     107         1   -0.3926    0.6654    0.8463
DIM:ROT:     107         2   -0.4013    0.8067    0.6058
DIM:ROT:     107         3   -0.4093    0.6052    0.7679
DIM:ROT:     108         1   -0.4483    0.8374    0.8328
DIM:ROT:     108         2   -0.4575    0.9258    0.5961
DIM:ROT:     108         3   -0.4665    0.6755    0.7483
DIM:ROT:     109         1   -0.3758    0.7918    0.6400
DIM:ROT:     109         2   -0.3834    0.6405    0.6854
DIM:ROT:     109         3   -0.3906    0.6811    0.5991
DIM:ROT:     110         1   -0.3483    0.6714    0.6593
DIM:ROT:     110         2   -0.3553    0.6310    0.6347
DIM:ROT:     110         3   -0.3619    0.6149    0.6112
DIM:ROT:     111         1   -0.3974    0.6510    0.7123
DIM:ROT:     111         2   -0.4047    0.6781    0.6230
DIM:ROT:     111         3   -0.4118    0.6073    0.6678
DIM:ROT:     112         1   -0.5114    0.9598    0.6409
DIM:ROT:     112         2   -0.5205    0.6274    0.8230
DIM:ROT:     112         3   -0.5282    0.7704    0.5823
DIM:ROT:     113         1   -0.7291    0.7182    0.9072
DIM:ROT:     113         2   -0.7372    0.7557    0.6070
DIM:ROT:     113         3   -0.7444    0.5736    0.7176
DIM:ROT:     114         1   -0.8924    0.9509    0.7266
DIM:ROT:     114         2   -0.9018    0.6633    0.7796
DIM:ROT:     114         3   -0.9088    0.6927    0.6087
DIM:ROT:     115         1   -0.9746    0.7259    0.8854
DIM:ROT:     115         2   -0.9819    0.6842    0.5885
DIM:ROT:     115         3   -0.9879    0.5247    0.6634
DIM:ROT:     116         1   -0.9491    0.7124    0.8120
DIM:ROT:     116         2   -0.9552    0.6555    0.5153
DIM:ROT:     116         3   -0.9598    0.4624    0.5946
DIM:ROT:     117         1   -0.9252    0.6255    0.5213
DIM:ROT:     117         2   -0.9300    0.4805    0.5454
DIM:ROT:     117         3   -0.9339    0.4894    0.4684
DIM:ROT:     118         1   -0.9243    0.4934    0.5338
DIM:ROT:     118         2   -0.9285    0.4883    0.4831
DIM:ROT:     118         3   -0.9323    0.4468    0.4890
DIM:ROT:     119         1   -0.9338    0.5205    0.5220
DIM:ROT:     119         2   -0.9380    0.4728    0.4957
DIM:ROT:     119         3   -0.9419    0.4586    0.4746
DIM:ROT:     120         1   -0.9742    0.6288    0.4947
DIM:ROT:     120         2   -0.9791    0.4626    0.5927
DIM:ROT:     120         3   -0.9834    0.5484    0.4460
DIM:ROT:     121         1   -0.9917    0.5093    0.6361
DIM:ROT:     121         2   -0.9967    0.5730    0.4973
DIM:ROT:     121         3   -1.0014    0.4590    0.5709
DIM:ROT:     122         1   -0.9983    1.0356    0.5785
DIM:ROT:     122         2   -1.0070    0.5930    0.8225
DIM:ROT:     122         3   -1.0140    0.7906    0.5061
DIM:ROT:     123         1   -1.0744    0.7458    0.9043
DIM:ROT:     123         2   -1.0844    0.7894    0.7149
DIM:ROT:     123         3   -1.0933    0.6482    0.7806
DIM:ROT:     124         1   -1.1294    1.0531    0.7548
DIM:ROT:     124         2   -1.1412    0.7318    0.9104
DIM:ROT:     124         3   -1.1512    0.8590    0.6671
DIM:ROT:     125         1   -1.1961    0.8317    0.9639
DIM:ROT:     125         2   -1.2081    0.8474    0.8043
DIM:ROT:     125         3   -1.2191    0.7366    0.8488
DIM:ROT:     126         1   -1.2876    1.0935    0.8918
DIM:ROT:     126         2   -1.3011    0.7940    0.9678
DIM:ROT:     126         3   -1.3126    0.8595    0.7655
DIM:ROT:     127         1   -1.3133    0.7652    0.9721
DIM:ROT:     127         2   -1.3236    0.8063    0.7301
DIM:ROT:     127         3   -1.3329    0.6495    0.8152
DIM:ROT:     128         1   -1.2289    0.9804    1.0053
DIM:ROT:     128         2   -1.2388    0.7650    0.7624
DIM:ROT:     128         3   -1.2470    0.6489    0.7166
DIM:ROT:     129         1   -1.1791    0.9068    0.8328
DIM:ROT:     129         2   -1.1873    0.6317    0.7420
DIM:ROT:     129         3   -1.1939    0.6126    0.6166
DIM:ROT:     130         1   -1.1407    0.8314    0.9371
DIM:ROT:     130         2   -1.1491    0.6819    0.7126
DIM:ROT:     130         3   -1.1560    0.5885    0.6641
DIM:ROT:     131         1   -1.1109    0.9140    0.7295
DIM:ROT:     131         2   -1.1186    0.5883    0.7599
DIM:ROT:     131         3   -1.1250    0.6473    0.5611
DIM:ROT:     132         1   -1.1968    0.6425    0.8056
DIM:ROT:     132         2   -1.2035    0.6348    0.6123
DIM:ROT:     132         3   -1.2093    0.5206    0.6412
DIM:ROT:     133         1   -1.2478    0.7874    0.6059
DIM:ROT:     133         2   -1.2541    0.5159    0.6968
DIM:ROT:     133         3   -1.2595    0.6138    0.5029
DIM:ROT:     134         1   -1.2633    0.5268    0.6917
DIM:ROT:     134         2   -1.2685    0.5783    0.5195
DIM:ROT:     134         3   -1.2731    0.4545    0.5877
DIM:ROT:     135         1   -1.2931    0.6797    0.5795
DIM:ROT:     135         2   -1.2975    0.4726    0.5379
DIM:ROT:     135         3   -1.3011    0.4580    0.4586
DIM:ROT:     136         1   -1.1992    0.5323    0.6509
DIM:ROT:     136         2   -1.2022    0.4145    0.4272
DIM:ROT:     136         3   -1.2046    0.3410    0.4097
DIM:ROT:     137         1   -1.1133    0.4992    0.4733
DIM:ROT:     137         2   -1.1154    0.3488    0.3781
DIM:ROT:     137         3   -1.1173    0.3100    0.3396
DIM:ROT:     138         1   -1.0705    0.4203    0.4805
DIM:ROT:     138         2   -1.0723    0.3309    0.3312
DIM:ROT:     138         3   -1.0739    0.2769    0.3321
DIM:ROT:     139         1   -1.0367    0.3850    0.3245
DIM:ROT:     139         2   -1.0384    0.2754    0.3577
DIM:ROT:     139         3   -1.0399    0.3127    0.2789
DIM:ROT:     140         1   -0.9764    0.3442    0.4201
DIM:ROT:     140         2   -0.9782    0.3311    0.3153
DIM:ROT:     140         3   -0.9797    0.2749    0.3345
DIM:ROT:     141         1   -0.9477    0.3797    0.3225
DIM:ROT:     141         2   -0.9494    0.2796    0.3501
DIM:ROT:     141         3   -0.9509    0.3095    0.2816
DIM:ROT:     142         1   -0.9080    0.3124    0.3445
DIM:ROT:     142         2   -0.9096    0.2984    0.3162
DIM:ROT:     142         3   -0.9111    0.2782    0.3071
DIM:ROT:     143         1   -0.8469    0.3557    0.3138
DIM:ROT:     143         2   -0.8487    0.2755    0.3519
DIM:ROT:     143         3   -0.8502    0.3162    0.2811
DIM:ROT:     144         1   -0.8222    0.2868    0.3475
DIM:ROT:     144         2   -0.8237    0.3034    0.2920
DIM:ROT:     144         3   -0.8251    0.2588    0.3120
DIM:ROT:     145         1   -0.8000    0.3446    0.2887
DIM:ROT:     145         2   -0.8015    0.2535    0.3254
DIM:ROT:     145         3   -0.8028    0.2932    0.2530
DIM:ROT:     146         1   -0.7698    0.2609    0.3267
DIM:ROT:     146         2   -0.7710    0.2830    0.2548
DIM:ROT:     146         3   -0.7721    0.2287    0.2853
DIM:ROT:     147         1   -0.7585    0.3497    0.3069
DIM:ROT:     147         2   -0.7598    0.2605    0.2885
DIM:ROT:     147         3   -0.7609    0.2486    0.2524
DIM:ROT:     148         1   -0.7629    0.2338    0.2701
DIM:ROT:     148         2   -0.7638    0.2316    0.2301
DIM:ROT:     148         3   -0.7646    0.2037    0.2357
DIM:ROT:     149         1   -0.7601    0.2355    0.2492
DIM:ROT:     149         2   -0.7608    0.2068    0.2150
DIM:ROT:     149         3   -0.7615    0.1889    0.2088
DIM:ROT:     150         1   -0.7703    0.2467    0.2528
DIM:ROT:     150         2   -0.7709    0.2006    0.2011
DIM:ROT:     150         3   -0.7715    0.1718    0.1941
DIM:ROT:     151         1   -0.7774    0.2020    0.2233
DIM:ROT:     151         2   -0.7780    0.1771    0.1872
DIM:ROT:     151         3   -0.7785    0.1609    0.1786
DIM:ROT:     152         1   -0.7953    0.2101    0.2017
DIM:ROT:     152         2   -0.7958    0.1615    0.1780
DIM:ROT:     152         3   -0.7962    0.1490    0.1555
DIM:ROT:     153         1   -0.8110    0.1544    0.1785
DIM:ROT:     153         2   -0.8113    0.1421    0.1408
DIM:ROT:     153         3   -0.8116    0.1225    0.1427
DIM:ROT:     154         1   -0.8261    0.1599    0.1454
DIM:ROT:     154         2   -0.8265    0.1261    0.1512
DIM:ROT:     154         3   -0.8268    0.1334    0.1262
DIM:ROT:     155         1   -0.8512    0.1522    0.1489
DIM:ROT:     155         2   -0.8515    0.1285    0.1478
DIM:ROT:     155         3   -0.8518    0.1323    0.1311
DIM:ROT:     156         1   -0.8678    0.1425    0.1584
DIM:ROT:     156         2   -0.8681    0.1355    0.1402
DIM:ROT:     156         3   -0.8684    0.1241    0.1383
DIM:ROT:     157         1   -0.8728    0.1723    0.1405
DIM:ROT:     157         2   -0.8732    0.1246    0.1560
DIM:ROT:     157         3   -0.8735    0.1402    0.1232
DIM:ROT:     158         1   -0.8764    0.1403    0.1710
DIM:ROT:     158         2   -0.8768    0.1502    0.1391
DIM:ROT:     158         3   -0.8771    0.1254    0.1521
DIM:ROT:     159         1   -0.8855    0.2004    0.1392
DIM:ROT:     159         2   -0.8860    0.1296    0.1861
DIM:ROT:     159         3   -0.8864    0.1762    0.1250
DIM:ROT:     160         1   -0.8910    0.1397    0.1949
DIM:ROT:     160         2   -0.8914    0.1758    0.1347
DIM:ROT:     160         3   -0.8918    0.1248    0.1720
