      Step     Time          Energy          fmax
BFGS:    0 14:22:02    -9341.084770        1.349790
BFGS:    1 14:22:02    -9341.153527        1.850230
BFGS:    2 14:22:02    -9341.120638        7.204243
BFGS:    3 14:22:02    -9341.472561        4.356244
BFGS:    4 14:22:02    -9341.574037        1.667488
BFGS:    5 14:22:02    -9341.607819        1.825247
BFGS:    6 14:22:02    -9341.700612        2.036154
BFGS:    7 14:22:02    -9341.796348        3.663374
BFGS:    8 14:22:02    -9341.853204        2.236827
BFGS:    9 14:22:02    -9341.914651        2.109655
BFGS:   10 14:22:02    -9341.999254        2.100377
BFGS:   11 14:22:02    -9342.077274        1.862019
BFGS:   12 14:22:02    -9342.166684        1.907847
BFGS:   13 14:22:03    -9342.253754        1.587454
BFGS:   14 14:22:03    -9342.315643        1.143663
BFGS:   15 14:22:03    -9342.405255        1.270161
BFGS:   16 14:22:03    -9342.479068        0.926175
BFGS:   17 14:22:03    -9342.547613        0.631987
BFGS:   18 14:22:03    -9342.600503        0.557057
BFGS:   19 14:22:03    -9342.620508        0.449770
BFGS:   20 14:22:03    -9342.633447        0.326368
BFGS:   21 14:22:03    -9342.638737        0.288961
BFGS:   22 14:22:03    -9342.642996        0.359477
BFGS:   23 14:22:03    -9342.644692        0.376666
BFGS:   24 14:22:03    -9342.646122        0.367264
BFGS:   25 14:22:03    -9342.647218        0.353036
BFGS:   26 14:22:03    -9342.648573        0.336103
BFGS:   27 14:22:03    -9342.650293        0.330649
BFGS:   28 14:22:03    -9342.653157        0.335623
BFGS:   29 14:22:03    -9342.657308        0.346365
BFGS:   30 14:22:03    -9342.662238        0.336936
BFGS:   31 14:22:03    -9342.666635        0.279117
BFGS:   32 14:22:03    -9342.669270        0.232720
BFGS:   33 14:22:03    -9342.671349        0.205831
BFGS:   34 14:22:03    -9342.674189        0.230888
BFGS:   35 14:22:03    -9342.677044        0.208809
BFGS:   36 14:22:03    -9342.679915        0.273000
BFGS:   37 14:22:03    -9342.682908        0.286035
BFGS:   38 14:22:03    -9342.685290        0.236969
BFGS:   39 14:22:03    -9342.687069        0.130042
BFGS:   40 14:22:03    -9342.687900        0.121031
BFGS:   41 14:22:03    -9342.688493        0.110555
BFGS:   42 14:22:03    -9342.689302        0.124962
BFGS:   43 14:22:03    -9342.690622        0.156962
BFGS:   44 14:22:03    -9342.692534        0.198620
BFGS:   45 14:22:03    -9342.695253        0.232325
BFGS:   46 14:22:03    -9342.699048        0.272600
BFGS:   47 14:22:03    -9342.703403        0.352614
BFGS:   48 14:22:03    -9342.706437        0.249583
BFGS:   49 14:22:03    -9342.708842        0.112099
BFGS:   50 14:22:03    -9342.710691        0.115494
BFGS:   51 14:22:03    -9342.711970        0.144151
BFGS:   52 14:22:03    -9342.713181        0.210645
BFGS:   53 14:22:03    -9342.714040        0.123347
BFGS:   54 14:22:03    -9342.714732        0.111631
BFGS:   55 14:22:03    -9342.715425        0.103368
BFGS:   56 14:22:03    -9342.715887        0.075028
BFGS:   57 14:22:03    -9342.716479        0.110227
BFGS:   58 14:22:03    -9342.717064        0.088743
BFGS:   59 14:22:03    -9342.717517        0.077849
BFGS:   60 14:22:03    -9342.717705        0.047384
BFGS:   61 14:22:03    -9342.717850        0.036303
BFGS:   62 14:22:03    -9342.717994        0.043382
BFGS:   63 14:22:03    -9342.718140        0.038403
BFGS:   64 14:22:03    -9342.718311        0.045783
BFGS:   65 14:22:03    -9342.718535        0.056328
BFGS:   66 14:22:03    -9342.718857        0.079615
BFGS:   67 14:22:03    -9342.719320        0.082349
BFGS:   68 14:22:03    -9342.719853        0.089932
BFGS:   69 14:22:03    -9342.720369        0.079851
BFGS:   70 14:22:03    -9342.720797        0.083051
BFGS:   71 14:22:03    -9342.721273        0.093935
BFGS:   72 14:22:03    -9342.721917        0.104038
BFGS:   73 14:22:03    -9342.722539        0.098912
BFGS:   74 14:22:03    -9342.723086        0.075739
BFGS:   75 14:22:03    -9342.723538        0.069212
BFGS:   76 14:22:03    -9342.723940        0.079933
BFGS:   77 14:22:04    -9342.724280        0.056872
BFGS:   78 14:22:04    -9342.724679        0.056373
BFGS:   79 14:22:04    -9342.725039        0.092727
BFGS:   80 14:22:04    -9342.725693        0.102500
BFGS:   81 14:22:04    -9342.727279        0.133885
BFGS:   82 14:22:04    -9342.728890        0.162386
BFGS:   83 14:22:04    -9342.730475        0.139166
BFGS:   84 14:22:04    -9342.731644        0.085931
BFGS:   85 14:22:04    -9342.732104        0.057718
BFGS:   86 14:22:04    -9342.732220        0.049779
BFGS:   87 14:22:04    -9342.732322        0.021425
BFGS:   88 14:22:04    -9342.732352        0.013503
BFGS:   89 14:22:04    -9342.732367        0.019445
BFGS:   90 14:22:04    -9342.732384        0.023084
BFGS:   91 14:22:04    -9342.732397        0.028660
BFGS:   92 14:22:04    -9342.732424        0.033341
BFGS:   93 14:22:04    -9342.732484        0.038670
BFGS:   94 14:22:04    -9342.732600        0.043217
BFGS:   95 14:22:04    -9342.732790        0.046833
BFGS:   96 14:22:04    -9342.733019        0.049138
BFGS:   97 14:22:04    -9342.733198        0.049919
BFGS:   98 14:22:04    -9342.733327        0.050278
BFGS:   99 14:22:04    -9342.733418        0.052711
BFGS:  100 14:22:04    -9342.733474        0.055565
BFGS:  101 14:22:04    -9342.733498        0.058577
BFGS:  102 14:22:04    -9342.733509        0.058859
BFGS:  103 14:22:04    -9342.733508        0.059136
BFGS:  104 14:22:04    -9342.733520        0.058859
BFGS:  105 14:22:04    -9342.733521        0.059130
BFGS:  106 14:22:04    -9342.733530        0.059267
BFGS:  107 14:22:04    -9342.733533        0.059917
BFGS:  108 14:22:04    -9342.733543        0.060848
BFGS:  109 14:22:04    -9342.733569        0.062463
BFGS:  110 14:22:04    -9342.733618        0.065069
BFGS:  111 14:22:04    -9342.733745        0.068100
BFGS:  112 14:22:04    -9342.734061        0.062189
BFGS:  113 14:22:04    -9342.734424        0.162807
BFGS:  114 14:22:04    -9342.735086        0.123360
BFGS:  115 14:22:04    -9342.736405        0.186418
BFGS:  116 14:22:04    -9342.736732        0.097926
BFGS:  117 14:22:04    -9342.736517        0.334881
BFGS:  118 14:22:04    -9342.737523        0.077689
BFGS:  119 14:22:04    -9342.737827        0.046231
BFGS:  120 14:22:04    -9342.738133        0.102729
BFGS:  121 14:22:04    -9342.738445        0.122149
BFGS:  122 14:22:04    -9342.738849        0.061147
BFGS:  123 14:22:04    -9342.738997        0.113487
BFGS:  124 14:22:04    -9342.739171        0.073964
BFGS:  125 14:22:04    -9342.739367        0.090554
BFGS:  126 14:22:04    -9342.739556        0.045153
BFGS:  127 14:22:04    -9342.739686        0.047536
BFGS:  128 14:22:04    -9342.739746        0.077002
BFGS:  129 14:22:04    -9342.739785        0.059426
BFGS:  130 14:22:04    -9342.739824        0.018241
BFGS:  131 14:22:04    -9342.739839        0.007776
BFGS:  132 14:22:04    -9342.739840        0.008281
BFGS:  133 14:22:04    -9342.739843        0.010167
BFGS:  134 14:22:04    -9342.739845        0.006834
BFGS:  135 14:22:04    -9342.739846        0.006632
BFGS:  136 14:22:04    -9342.739855        0.008615
BFGS:  137 14:22:04    -9342.739850        0.011185
BFGS:  138 14:22:04    -9342.739859        0.013980
BFGS:  139 14:22:04    -9342.739858        0.015331
BFGS:  140 14:22:05    -9342.739880        0.018040
BFGS:  141 14:22:05    -9342.739910        0.026992
BFGS:  142 14:22:05    -9342.739969        0.040603
BFGS:  143 14:22:05    -9342.740072        0.055135
BFGS:  144 14:22:05    -9342.740241        0.061516
BFGS:  145 14:22:05    -9342.740473        0.046290
BFGS:  146 14:22:05    -9342.740673        0.043175
BFGS:  147 14:22:05    -9342.740823        0.054185
BFGS:  148 14:22:05    -9342.740922        0.096179
BFGS:  149 14:22:05    -9342.741013        0.058748
BFGS:  150 14:22:05    -9342.741137        0.067589
BFGS:  151 14:22:05    -9342.741267        0.023005
BFGS:  152 14:22:05    -9342.741302        0.016889
BFGS:  153 14:22:05    -9342.741343        0.011108
BFGS:  154 14:22:05    -9342.741352        0.008710
BFGS:  155 14:22:05    -9342.741361        0.009538
BFGS:  156 14:22:05    -9342.741358        0.009565
BFGS:  157 14:22:05    -9342.741360        0.009874
BFGS:  158 14:22:05    -9342.741360        0.009692
BFGS:  159 14:22:05    -9342.741358        0.009685
BFGS:  160 14:22:05    -9342.741359        0.009563
BFGS:  161 14:22:05    -9342.741361        0.009614
BFGS:  162 14:22:05    -9342.741359        0.009662
BFGS:  163 14:22:05    -9342.741366        0.009737
BFGS:  164 14:22:05    -9342.741360        0.009822
BFGS:  165 14:22:05    -9342.741366        0.009760
BFGS:  166 14:22:05    -9342.741362        0.009672
BFGS:  167 14:22:05    -9342.741368        0.009432
BFGS:  168 14:22:05    -9342.741364        0.009267
BFGS:  169 14:22:05    -9342.741366        0.009131
BFGS:  170 14:22:05    -9342.741363        0.009176
BFGS:  171 14:22:05    -9342.741357        0.009234
BFGS:  172 14:22:05    -9342.741363        0.009461
BFGS:  173 14:22:05    -9342.741367        0.009815
BFGS:  174 14:22:05    -9342.741370        0.010501
BFGS:  175 14:22:05    -9342.741377        0.011586
BFGS:  176 14:22:05    -9342.741401        0.013462
BFGS:  177 14:22:05    -9342.741431        0.021532
BFGS:  178 14:22:05    -9342.741468        0.019145
BFGS:  179 14:22:05    -9342.741507        0.012483
BFGS:  180 14:22:05    -9342.741511        0.019601
BFGS:  181 14:22:05    -9342.741521        0.009634
BFGS:  182 14:22:05    -9342.741515        0.017988
BFGS:  183 14:22:05    -9342.741523        0.008190
BFGS:  184 14:22:05    -9342.741526        0.003290
