MINMODE:METHOD: Dimer
DIM:CONTROL: Search Parameters:
DIM:CONTROL: ------------------
DIM:CONTROL: eigenmode_method = dimer
DIM:CONTROL: f_rot_min = 0.01
DIM:CONTROL: f_rot_max = 0.1
DIM:CONTROL: max_num_rot = 3
DIM:CONTROL: trial_angle = 0.7853981633974483
DIM:CONTROL: trial_trans_step = 0.001
DIM:CONTROL: maximum_translation = 0.1
DIM:CONTROL: cg_translation = True
DIM:CONTROL: use_central_forces = True
DIM:CONTROL: dimer_separation = 0.005
DIM:CONTROL: initial_eigenmode_method = gauss
DIM:CONTROL: extrapolate_forces = True
DIM:CONTROL: displacement_method = gauss
DIM:CONTROL: gauss_std = 0.1
DIM:CONTROL: order = 1
DIM:CONTROL: mask = None
DIM:CONTROL: displacement_center = None
DIM:CONTROL: displacement_radius = None
DIM:CONTROL: number_of_displacement_atoms = None
DIM:CONTROL: ------------------
DIM:ROT: OPT-STEP ROT-STEP CURVATURE ROT-ANGLE ROT-FORCE
DIM:ROT:       0         1    0.6327   13.5814   10.8873
DIM:ROT:       0         2   -0.5246    7.3869    8.9298
DIM:ROT:       0         3   -1.4883    7.1905    7.6009
DIM:ROT:       1         1   -1.2292    4.7399    7.2469
DIM:ROT:       1         2   -1.7006    5.1595    5.1515
DIM:ROT:       1         3   -2.0816    3.6204    6.0386
DIM:ROT:       2         1    0.0547    6.2158    5.1399
DIM:ROT:       2         2   -0.3761    3.6830    6.6517
DIM:ROT:       2         3   -0.7219    4.5511    4.2918
DIM:ROT:       3         1   -1.5087    3.4946    5.6368
DIM:ROT:       3         2   -1.7358    3.5043    3.6741
DIM:ROT:       3         3   -1.9018    2.4620    3.9779
DIM:ROT:       4         1   -3.3879    3.2488    3.6102
DIM:ROT:       4         2   -3.5076    2.4075    2.7849
DIM:ROT:       4         3   -3.5882    1.8062    2.5768
DIM:ROT:       5         1   -8.0485    5.1761    5.4649
DIM:ROT:       5         2   -8.3740    3.4968    5.2289
DIM:ROT:       5         3   -8.5993    3.3498    3.9152
DIM:ROT:       6         1  -16.0832   13.3036    6.8378
DIM:ROT:       6         2  -16.5719    3.3808    7.9318
DIM:ROT:       6         3  -16.7298    2.4380    3.5475
DIM:ROT:       7         1   -4.8908    5.8808    6.3244
DIM:ROT:       7         2   -5.2234    3.5874    5.0441
DIM:ROT:       7         3   -5.4014    2.8882    3.4134
DIM:ROT:       8         1   -0.0784    5.3483    7.4323
DIM:ROT:       8         2   -0.4562    3.6536    6.0107
DIM:ROT:       8         3   -0.8218    3.7451    5.5005
DIM:ROT:       9         1   -7.5740    5.5920    5.4586
DIM:ROT:       9         2   -8.0083    3.8456    6.3985
DIM:ROT:       9         3   -8.3586    4.5196    4.5307
DIM:ROT:      10         1  -10.3720    5.0985    7.1874
DIM:ROT:      10         2  -10.6755    3.0210    5.4413
DIM:ROT:      10         3  -10.8688    2.7273    3.8681
DIM:ROT:      11         1   -7.4741    4.1046    3.7364
DIM:ROT:      11         2   -7.6314    2.7048    3.2534
DIM:ROT:      11         3   -7.7302    2.4426    2.3117
DIM:ROT:      12         1    1.4895   46.2841    9.6891
DIM:ROT:      12         2  -22.5628   12.5681   20.4951
DIM:ROT:      12         3  -23.5135    6.8660    7.8324
DIM:ROT:      13         1  -19.0795    3.2249    5.8927
DIM:ROT:      13         2  -19.2010    2.3253    2.6684
DIM:ROT:      13         3  -19.2666    1.3325    2.6552
DIM:ROT:      14         1   -9.8142   19.5727   12.6734
DIM:ROT:      14         2  -11.8269    7.9380   14.4344
DIM:ROT:      14         3  -12.5004    5.5063    6.9132
DIM:ROT:      15         1  -15.5542   12.7901    5.9639
DIM:ROT:      15         2  -15.6203    2.0656    2.6969
DIM:ROT:      15         3  -15.6446    1.1359    1.3533
DIM:ROT:      16         1  -18.8331    2.9268    2.8898
DIM:ROT:      16         2  -18.8925    1.5700    2.0537
DIM:ROT:      16         3  -18.9165    1.1462    1.3224
DIM:ROT:      17         1  -11.6980    3.8292    9.3362
DIM:ROT:      17         2  -11.9264    3.2625    3.4557
DIM:ROT:      17         3  -12.0356    1.5647    3.3871
DIM:ROT:      18         1   -0.7877   15.5858    9.9153
DIM:ROT:      18         2   -1.7168    5.8456    8.5849
DIM:ROT:      18         3   -2.2488    4.5693    6.5236
DIM:ROT:      19         1   -2.9572    6.3019    7.8987
DIM:ROT:      19         2   -3.6222    7.2057    5.2455
DIM:ROT:      19         3   -4.1506    4.8555    6.1864
DIM:ROT:      20         1  -15.7099   16.3138   14.1610
DIM:ROT:      20         2  -17.3942    7.7133   11.4773
DIM:ROT:      20         3  -18.0541    5.7902    6.5754
DIM:ROT:      21         1   -2.2558   18.9541   14.7411
DIM:ROT:      21         2   -4.0627    8.1934   11.1557
DIM:ROT:      21         3   -4.7217    5.8370    6.1492
DIM:ROT:      22         1   -5.2864    9.6672   11.0035
DIM:ROT:      22         2   -5.8473    5.9497    5.3440
DIM:ROT:      22         3   -6.0811    3.3560    3.6987
DIM:ROT:      23         1   -6.3138    4.7639    3.9238
DIM:ROT:      23         2   -6.4544    2.4285    3.1984
DIM:ROT:      23         3   -6.5221    2.2072    1.7911
DIM:ROT:      24         1   -7.2195    3.8042    6.3914
DIM:ROT:      24         2   -7.3370    3.1118    1.8391
DIM:ROT:      24         3   -7.3706    1.0931    1.7835
DIM:ROT:      25         1   -5.2913    4.7469    5.2060
DIM:ROT:      25         2   -5.4285    2.5127    3.0686
DIM:ROT:      25         3   -5.5026    2.0138    1.9910
DIM:ROT:      26         1   -1.8111   11.7418    9.6895
DIM:ROT:      26         2   -2.0461    5.6890    2.7595
DIM:ROT:      26         3   -2.1991    2.8391    2.8783
DIM:ROT:      27         1   -2.0721    5.7999    3.6303
DIM:ROT:      27         2   -2.1919    2.4108    2.3657
DIM:ROT:      27         3   -2.2581    2.2288    1.6869
DIM:ROT:      28         1   -1.2953    3.1927    3.4535
DIM:ROT:      28         2   -1.3981    2.4612    2.2155
DIM:ROT:      28         3   -1.4679    1.8219    2.2077
DIM:ROT:      29         1   -0.6172    4.0628    3.9595
DIM:ROT:      29         2   -0.7172    2.3066    2.1326
DIM:ROT:      29         3   -0.7792    1.8992    1.9345
DIM:ROT:      30         1   -0.4075    2.9315    2.3237
DIM:ROT:      30         2   -0.4848    1.8205    2.4522
DIM:ROT:      30         3   -0.5465    2.1002    1.6491
DIM:ROT:      31         1   -0.4837    2.1943    2.7229
DIM:ROT:      31         2   -0.5325    1.5309    1.7709
DIM:ROT:      31         3   -0.5645    1.2909    1.4434
DIM:ROT:      32         1   -1.1844    5.0067    3.2250
DIM:ROT:      32         2   -1.2408    1.2884    1.8190
DIM:ROT:      32         3   -1.2638    1.4104    0.9435
DIM:ROT:      33         1   -0.8001    2.4345    1.5407
DIM:ROT:      33         2   -0.8312    1.1359    1.6184
DIM:ROT:      33         3   -0.8544    1.3148    1.0075
DIM:ROT:      34         1   -0.2537    4.3497    4.1993
DIM:ROT:      34         2   -0.2757    1.1291    1.5688
DIM:ROT:      34         3   -0.2993    1.3023    1.0435
DIM:ROT:      35         1   -0.4327    1.1441    1.6150
DIM:ROT:      35         2   -0.4510    1.1365    0.9149
DIM:ROT:      35         3   -0.4651    0.7955    1.0178
DIM:ROT:      36         1   -0.4851    1.0625    0.9198
DIM:ROT:      36         2   -0.4926    0.5758    0.8071
DIM:ROT:      36         3   -0.4996    0.7105    0.5654
DIM:ROT:      37         1   -0.5251    0.7914    0.9707
DIM:ROT:      37         2   -0.5307    0.5921    0.6240
DIM:ROT:      37         3   -0.5351    0.5049    0.5306
DIM:ROT:      38         1   -0.4303    0.4800    0.6664
DIM:ROT:      38         2   -0.4339    0.5149    0.4301
DIM:ROT:      38         3   -0.4374    0.3856    0.5066
DIM:ROT:      39         1   -0.2700    1.1347    0.9799
DIM:ROT:      39         2   -0.2758    0.6138    0.5681
DIM:ROT:      39         3   -0.2806    0.5241    0.5249
DIM:ROT:      40         1   -0.4150    1.3975    1.3845
DIM:ROT:      40         2   -0.4233    0.6445    0.7810
DIM:ROT:      40         3   -0.4293    0.5591    0.5959
DIM:ROT:      41         1   -0.5924    1.5293    1.3333
DIM:ROT:      41         2   -0.6058    0.7978    0.9479
DIM:ROT:      41         3   -0.6139    0.6958    0.6847
DIM:ROT:      42         1   -0.6390    1.2586    0.8253
DIM:ROT:      42         2   -0.6482    0.5928    0.9047
DIM:ROT:      42         3   -0.6558    0.7804    0.5410
DIM:ROT:      43         1   -0.6661    0.5539    0.8499
DIM:ROT:      43         2   -0.6715    0.6878    0.4461
DIM:ROT:      43         3   -0.6754    0.4000    0.5793
DIM:ROT:      44         1   -0.7001    0.6700    0.5538
DIM:ROT:      44         2   -0.7035    0.3997    0.4981
DIM:ROT:      44         3   -0.7062    0.4142    0.3803
DIM:ROT:      45         1   -0.6843    0.5128    0.5466
DIM:ROT:      45         2   -0.6875    0.4156    0.4374
DIM:ROT:      45         3   -0.6901    0.3827    0.3993
DIM:ROT:      46         1   -0.6754    0.4083    0.4906
DIM:ROT:      46         2   -0.6771    0.3306    0.3134
DIM:ROT:      46         3   -0.6786    0.2654    0.3018
DIM:ROT:      47         1   -0.6074    0.4600    0.4579
DIM:ROT:      47         2   -0.6101    0.3893    0.3829
DIM:ROT:      47         3   -0.6122    0.3476    0.3606
DIM:ROT:      48         1   -0.5196    0.4333    0.5241
DIM:ROT:      48         2   -0.5222    0.4322    0.3370
DIM:ROT:      48         3   -0.5242    0.3086    0.3752
DIM:ROT:      49         1   -0.2576    0.8428    1.1832
DIM:ROT:      49         2   -0.2639    0.8044    0.4529
DIM:ROT:      49         3   -0.2679    0.4265    0.5283
DIM:ROT:      50         1   -0.1228    0.8633    1.2219
DIM:ROT:      50         2   -0.1298    0.8854    0.4700
DIM:ROT:      50         3   -0.1346    0.4537    0.5658
DIM:ROT:      51         1   -0.1108    0.6296    0.4536
DIM:ROT:      51         2   -0.1143    0.4063    0.5067
DIM:ROT:      51         3   -0.1172    0.4677    0.3428
DIM:ROT:      52         1   -0.0038    0.5712    0.7654
DIM:ROT:      52         2   -0.0078    0.6707    0.3442
DIM:ROT:      52         3   -0.0110    0.3757    0.4758
DIM:ROT:      53         1    0.1362    0.7074    0.9815
DIM:ROT:      53         2    0.1313    0.7249    0.3842
DIM:ROT:      53         3    0.1276    0.3981    0.5338
DIM:ROT:      54         1   -0.3363    1.2951    1.0430
DIM:ROT:      54         2   -0.3416    0.5879    0.5505
DIM:ROT:      54         3   -0.3451    0.4411    0.4686
DIM:ROT:      55         1   -0.5685    1.7782    1.3442
DIM:ROT:      55         2   -0.5796    0.8558    0.8035
DIM:ROT:      55         3   -0.5866    0.5991    0.6878
DIM:ROT:      56         1   -0.7454    0.5628    0.6051
DIM:ROT:      56         2   -0.7494    0.4781    0.5155
DIM:ROT:      56         3   -0.7528    0.4265    0.4550
DIM:ROT:      57         1   -0.7388    0.5732    0.4232
DIM:ROT:      57         2   -0.7420    0.3707    0.5013
DIM:ROT:      57         3   -0.7444    0.4490    0.3288
DIM:ROT:      58         1   -0.6720    0.3100    0.4750
DIM:ROT:      58         2   -0.6738    0.4498    0.2561
DIM:ROT:      58         3   -0.6757    0.2593    0.3877
DIM:ROT:      59         1   -0.6451    0.3424    0.3128
DIM:ROT:      59         2   -0.6464    0.2642    0.2903
DIM:ROT:      59         3   -0.6475    0.2733    0.2432
DIM:ROT:      60         1   -0.6751    0.5169    0.3985
DIM:ROT:      60         2   -0.6776    0.3533    0.4042
DIM:ROT:      60         3   -0.6798    0.3800    0.3245
DIM:ROT:      61         1   -0.6552    0.5170    0.6879
DIM:ROT:      61         2   -0.6589    0.5055    0.4179
DIM:ROT:      61         3   -0.6617    0.3601    0.4571
DIM:ROT:      62         1   -0.6125    0.6463    0.3329
DIM:ROT:      62         2   -0.6151    0.3293    0.4607
DIM:ROT:      62         3   -0.6172    0.4613    0.2703
DIM:ROT:      63         1   -0.6483    0.3541    0.5096
DIM:ROT:      63         2   -0.6509    0.4612    0.3098
DIM:ROT:      63         3   -0.6529    0.2973    0.4198
DIM:ROT:      64         1   -0.7233    0.4337    0.4252
DIM:ROT:      64         2   -0.7254    0.3920    0.3002
DIM:ROT:      64         3   -0.7273    0.3306    0.3252
DIM:ROT:      65         1   -0.7266    0.6222    0.2900
DIM:ROT:      65         2   -0.7287    0.3271    0.3710
DIM:ROT:      65         3   -0.7302    0.3384    0.2672
DIM:ROT:      66         1   -0.5697    0.4565    0.3725
DIM:ROT:      66         2   -0.5722    0.4254    0.3278
DIM:ROT:      66         3   -0.5745    0.3958    0.3315
DIM:ROT:      67         1   -0.5599    0.4413    0.6009
DIM:ROT:      67         2   -0.5625    0.4686    0.3220
DIM:ROT:      67         3   -0.5647    0.3073    0.4141
DIM:ROT:      68         1   -0.7576    0.6223    0.6266
DIM:ROT:      68         2   -0.7617    0.5997    0.3985
DIM:ROT:      68         3   -0.7651    0.4244    0.4642
DIM:ROT:      69         1   -0.8279    0.8835    0.6305
DIM:ROT:      69         2   -0.8342    0.6847    0.5470
DIM:ROT:      69         3   -0.8394    0.5864    0.5005
DIM:ROT:      70         1   -0.7049    0.7728    0.4170
DIM:ROT:      70         2   -0.7086    0.4208    0.5314
DIM:ROT:      70         3   -0.7115    0.4495    0.3601
DIM:ROT:      71         1   -0.7109    0.4380    0.5444
DIM:ROT:      71         2   -0.7137    0.4398    0.3763
DIM:ROT:      71         3   -0.7160    0.3361    0.4062
DIM:ROT:      72         1   -0.7835    0.7107    0.4502
DIM:ROT:      72         2   -0.7868    0.3924    0.5341
DIM:ROT:      72         3   -0.7897    0.4555    0.3581
DIM:ROT:      73         1   -0.7458    0.4549    0.5153
DIM:ROT:      73         2   -0.7486    0.4131    0.4058
DIM:ROT:      73         3   -0.7508    0.3493    0.3849
DIM:ROT:      74         1   -0.6586    0.5694    0.4951
DIM:ROT:      74         2   -0.6613    0.3670    0.4630
DIM:ROT:      74         3   -0.6638    0.4107    0.3484
DIM:ROT:      75         1   -0.5851    0.6195    0.5099
DIM:ROT:      75         2   -0.5878    0.3732    0.4711
DIM:ROT:      75         3   -0.5901    0.4096    0.3401
DIM:ROT:      76         1   -0.5059    0.6904    0.7120
DIM:ROT:      76         2   -0.5099    0.4592    0.5347
DIM:ROT:      76         3   -0.5133    0.4495    0.4400
DIM:ROT:      77         1   -0.3841    1.1159    0.6555
DIM:ROT:      77         2   -0.3897    0.5356    0.6780
DIM:ROT:      77         3   -0.3941    0.5616    0.4487
DIM:ROT:      78         1   -0.3257    0.6840    0.7878
DIM:ROT:      78         2   -0.3312    0.5716    0.5820
DIM:ROT:      78         3   -0.3359    0.5035    0.5394
DIM:ROT:      79         1   -0.2635    1.0792    0.6884
DIM:ROT:      79         2   -0.2695    0.5364    0.6906
DIM:ROT:      79         3   -0.2744    0.6264    0.4617
DIM:ROT:      80         1   -0.2661    0.6970    0.7910
DIM:ROT:      80         2   -0.2712    0.5430    0.5655
DIM:ROT:      80         3   -0.2754    0.4866    0.5125
DIM:ROT:      81         1   -0.3050    0.6598    0.5919
DIM:ROT:      81         2   -0.3094    0.4879    0.5606
DIM:ROT:      81         3   -0.3132    0.5079    0.4473
DIM:ROT:      82         1   -0.3198    0.4405    0.5386
DIM:ROT:      82         2   -0.3231    0.4774    0.4044
DIM:ROT:      82         3   -0.3260    0.3786    0.4540
DIM:ROT:      83         1   -0.3037    0.5691    0.3760
DIM:ROT:      83         2   -0.3065    0.3624    0.4867
DIM:ROT:      83         3   -0.3092    0.4864    0.3201
DIM:ROT:      84         1   -0.3249    0.3398    0.4514
DIM:ROT:      84         2   -0.3272    0.4383    0.3035
DIM:ROT:      84         3   -0.3293    0.3063    0.4030
DIM:ROT:      85         1   -0.3568    0.3966    0.3179
DIM:ROT:      85         2   -0.3586    0.3033    0.3642
DIM:ROT:      85         3   -0.3603    0.3548    0.2826
DIM:ROT:      86         1   -0.3861    0.3068    0.3303
DIM:ROT:      86         2   -0.3877    0.3091    0.2929
DIM:ROT:      86         3   -0.3891    0.2830    0.3033
DIM:ROT:      87         1   -0.3824    0.2875    0.3381
DIM:ROT:      87         2   -0.3838    0.3241    0.2695
DIM:ROT:      87         3   -0.3852    0.2613    0.3048
DIM:ROT:      88         1   -0.3889    0.3734    0.2342
DIM:ROT:      88         2   -0.3902    0.2391    0.3293
DIM:ROT:      88         3   -0.3915    0.3439    0.2173
DIM:ROT:      89         1   -0.4035    0.2894    0.4316
DIM:ROT:      89         2   -0.4050    0.3939    0.2328
DIM:ROT:      89         3   -0.4063    0.2375    0.3325
DIM:ROT:      90         1   -0.4077    1.2905    0.2107
DIM:ROT:      90         2   -0.4111    0.3823    0.5128
DIM:ROT:      90         3   -0.4124    0.3138    0.2359
DIM:ROT:      91         1   -0.3876    0.2537    0.3177
DIM:ROT:      91         2   -0.3889    0.3014    0.2324
DIM:ROT:      91         3   -0.3899    0.2326    0.2850
DIM:ROT:      92         1   -0.3676    0.6441    0.2389
DIM:ROT:      92         2   -0.3698    0.2941    0.4335
DIM:ROT:      92         3   -0.3714    0.4215    0.2284
DIM:ROT:      93         1   -0.3607    0.3041    0.4698
DIM:ROT:      93         2   -0.3628    0.5085    0.2432
DIM:ROT:      93         3   -0.3648    0.2725    0.4113
DIM:ROT:      94         1   -0.3618    0.6851    0.3227
DIM:ROT:      94         2   -0.3647    0.3927    0.4191
DIM:ROT:      94         3   -0.3668    0.4276    0.2899
DIM:ROT:      95         1   -0.3203    1.6902    0.3964
DIM:ROT:      95         2   -0.3266    0.6919    0.5426
DIM:ROT:      95         3   -0.3302    0.4868    0.4308
DIM:ROT:      96         1   -0.2713    0.6987    0.7733
DIM:ROT:      96         2   -0.2781    0.6307    0.6178
DIM:ROT:      96         3   -0.2837    0.5688    0.5917
DIM:ROT:      97         1   -0.2641    1.6544    0.7119
DIM:ROT:      97         2   -0.2782    0.8601    0.9372
DIM:ROT:      97         3   -0.2912    1.2344    0.6019
DIM:ROT:      98         1   -0.3526    1.0232    0.8018
DIM:ROT:      98         2   -0.3648    0.8775    0.7918
DIM:ROT:      98         3   -0.3759    0.8402    0.7528
DIM:ROT:      99         1   -0.5456    1.3240    1.0111
DIM:ROT:      99         2   -0.5627    1.0757    0.9245
DIM:ROT:      99         3   -0.5783    1.0361    0.8610
DIM:ROT:     100         1   -0.6703    0.9826    1.0504
DIM:ROT:     100         2   -0.6865    1.0193    0.9136
DIM:ROT:     100         3   -0.7016    0.9048    0.9708
DIM:ROT:     101         1   -0.9452    2.0854    1.0365
DIM:ROT:     101         2   -0.9749    1.2210    1.3798
DIM:ROT:     101         3   -1.0013    1.6485    0.9175
DIM:ROT:     102         1   -1.4491    1.5825    1.6177
DIM:ROT:     102         2   -1.4754    1.1784    1.3188
DIM:ROT:     102         3   -1.4985    1.1696    1.1506
DIM:ROT:     103         1   -1.9997    1.7791    1.4570
DIM:ROT:     103         2   -2.0253    1.2377    1.1185
DIM:ROT:     103         3   -2.0448    1.1740    0.9590
DIM:ROT:     104         1   -1.7342    4.5583    4.1319
DIM:ROT:     104         2   -1.8241    2.0278    1.8295
DIM:ROT:     104         3   -1.8679    1.5017    1.7437
DIM:ROT:     105         1   -2.2137    4.0407    2.4406
DIM:ROT:     105         2   -2.3160    2.3981    2.3526
DIM:ROT:     105         3   -2.3826    2.0325    1.8744
DIM:ROT:     106         1   -2.8595    2.5371    2.5360
DIM:ROT:     106         2   -2.9130    1.6301    1.7448
DIM:ROT:     106         3   -2.9537    1.5556    1.5014
DIM:ROT:     107         1   -3.1967    2.4942    3.3441
DIM:ROT:     107         2   -3.2596    1.6711    2.2368
DIM:ROT:     107         3   -3.3103    1.5581    1.8078
DIM:ROT:     108         1   -3.2036    3.6510    2.9790
DIM:ROT:     108         2   -3.2773    1.8601    2.3356
DIM:ROT:     108         3   -3.3269    1.6447    1.7802
DIM:ROT:     109         1   -3.4176    2.6480    1.7394
DIM:ROT:     109         2   -3.4541    1.3352    1.6053
DIM:ROT:     109         3   -3.4785    1.3111    1.1065
DIM:ROT:     110         1   -3.9850    3.4101    2.4614
DIM:ROT:     110         2   -4.0217    1.7355    1.4029
DIM:ROT:     110         3   -4.0455    1.0380    1.3022
DIM:ROT:     111         1   -4.1438    3.0127    2.4614
DIM:ROT:     111         2   -4.2098    1.8816    2.1393
DIM:ROT:     111         3   -4.2570    1.7897    1.5591
DIM:ROT:     112         1   -2.7627    2.8433    2.2461
DIM:ROT:     112         2   -2.8323    1.9034    1.9927
DIM:ROT:     112         3   -2.8840    1.8751    1.5045
DIM:ROT:     113         1   -2.9230    5.5315    3.6859
DIM:ROT:     113         2   -3.1585    3.3359    4.3270
DIM:ROT:     113         3   -3.3561    4.0303    2.8255
DIM:ROT:     114         1  -11.3268   26.5267    9.4941
DIM:ROT:     114         2  -12.8205    7.4061   12.9141
DIM:ROT:     114         3  -13.5218    7.2001    5.3172
DIM:ROT:     115         1  -11.8697    3.0585    4.8267
DIM:ROT:     115         2  -12.0210    3.0616    2.6326
DIM:ROT:     115         3  -12.1092    1.7519    2.7910
DIM:ROT:     116         1   -9.2519    3.4682    3.8736
DIM:ROT:     116         2   -9.3304    1.9278    2.3232
DIM:ROT:     116         3   -9.3657    1.4525    1.5149
DIM:ROT:     117         1   -8.1827    2.5997    2.7515
DIM:ROT:     117         2   -8.2393    1.5922    1.6873
DIM:ROT:     117         3   -8.2650    1.1008    1.1488
DIM:ROT:     118         1   -2.6924    6.7342    5.5738
DIM:ROT:     118         2   -2.9843    3.5428    4.7654
DIM:ROT:     118         3   -3.1555    3.4966    2.8755
DIM:ROT:     119         1   -2.6316    3.9974    5.6818
DIM:ROT:     119         2   -2.8459    3.5267    3.6242
DIM:ROT:     119         3   -3.0023    2.5690    3.4654
DIM:ROT:     120         1   -3.8456    6.3867    3.1353
DIM:ROT:     120         2   -4.0214    2.6945    3.5617
DIM:ROT:     120         3   -4.1142    2.7669    1.9349
DIM:ROT:     121         1   -4.0134    6.1573    5.3812
DIM:ROT:     121         2   -4.3361    3.8321    4.7430
DIM:ROT:     121         3   -4.5920    3.7964    3.7975
DIM:ROT:     122         1   -6.9065    5.4922    5.5851
DIM:ROT:     122         2   -7.3356    4.0950    5.8549
DIM:ROT:     122         3   -7.6457    4.1264    4.4165
DIM:ROT:     123         1   -9.5239    6.8811    4.7401
DIM:ROT:     123         2   -9.7919    3.3625    4.5210
DIM:ROT:     123         3   -9.9370    2.9343    2.8659
DIM:ROT:     124         1  -10.4758    2.6795    3.8652
DIM:ROT:     124         2  -10.5585    2.1324    2.2588
DIM:ROT:     124         3  -10.6055    1.4377    2.0096
DIM:ROT:     125         1  -11.2918    1.8324    1.7206
DIM:ROT:     125         2  -11.3103    1.0068    1.2367
DIM:ROT:     125         3  -11.3206    0.7412    0.7867
DIM:ROT:     126         1   -8.6599    6.8708    5.6250
DIM:ROT:     126         2   -9.0039    4.2819    4.8439
DIM:ROT:     126         3   -9.2174    3.8001    3.2213
DIM:ROT:     127         1   -8.8780    8.0527    3.5968
DIM:ROT:     127         2   -9.0695    2.7963    4.2014
DIM:ROT:     127         3   -9.1591    3.0453    1.7137
DIM:ROT:     128         1   -9.5342    1.5916    2.1380
DIM:ROT:     128         2   -9.5614    1.5198    1.1489
DIM:ROT:     128         3   -9.5795    0.8996    1.1858
DIM:ROT:     129         1  -12.6652    2.8887    3.2417
DIM:ROT:     129         2  -12.7326    1.7912    1.8438
DIM:ROT:     129         3  -12.7597    1.1472    1.2783
DIM:ROT:     130         1  -15.8012    3.3723    2.6912
DIM:ROT:     130         2  -15.8480    1.3967    2.0053
DIM:ROT:     130         3  -15.8670    1.0886    1.0001
DIM:ROT:     131         1  -16.9523    3.0055    3.4328
DIM:ROT:     131         2  -16.9938    1.5475    1.6769
DIM:ROT:     131         3  -17.0160    0.9820    1.1292
DIM:ROT:     132         1  -16.5158    2.6296    2.4380
DIM:ROT:     132         2  -16.5453    1.1801    1.4352
DIM:ROT:     132         3  -16.5590    0.8028    0.8137
DIM:ROT:     133         1  -14.8782    1.7611    2.1265
DIM:ROT:     133         2  -14.8918    0.7681    1.0192
DIM:ROT:     133         3  -14.8981    0.5291    0.5776
DIM:ROT:     134         1  -13.9993    2.5495    2.6757
DIM:ROT:     134         2  -14.0397    1.2925    1.3621
DIM:ROT:     134         3  -14.0513    0.8233    0.8164
DIM:ROT:     135         1  -12.7683    4.2276    2.4902
DIM:ROT:     135         2  -12.8113    1.1733    1.6122
DIM:ROT:     135         3  -12.8214    0.8702    0.7205
DIM:ROT:     136         1  -12.7170    1.8801    2.2226
DIM:ROT:     136         2  -12.7287    0.9326    1.0960
DIM:ROT:     136         3  -12.7360    0.6245    0.6676
DIM:ROT:     137         1  -12.6993    2.0144    1.9887
DIM:ROT:     137         2  -12.7204    1.0399    1.3153
DIM:ROT:     137         3  -12.7302    0.7578    0.7937
DIM:ROT:     138         1  -12.1571    1.1115    1.0991
DIM:ROT:     138         2  -12.1636    0.5372    0.6712
DIM:ROT:     138         3  -12.1667    0.4325    0.4313
DIM:ROT:     139         1  -11.7624    1.3752    1.5831
DIM:ROT:     139         2  -11.7819    0.8931    0.9390
DIM:ROT:     139         3  -11.7896    0.5621    0.6287
DIM:ROT:     140         1  -11.7373    1.5517    1.8678
DIM:ROT:     140         2  -11.7553    0.8504    0.8562
DIM:ROT:     140         3  -11.7608    0.5042    0.5702
DIM:ROT:     141         1  -11.7007    2.2998    2.1746
DIM:ROT:     141         2  -11.7306    0.9169    1.1353
DIM:ROT:     141         3  -11.7373    0.6249    0.5642
DIM:ROT:     142         1  -11.8330    3.1746    2.4069
DIM:ROT:     142         2  -11.8700    0.9500    1.6376
DIM:ROT:     142         3  -11.8778    0.8186    0.6589
DIM:ROT:     143         1  -11.9169    1.1040    1.4788
DIM:ROT:     143         2  -11.9278    0.6942    0.7442
DIM:ROT:     143         3  -11.9319    0.3983    0.5448
DIM:ROT:     144         1  -11.2791    1.1754    1.7451
DIM:ROT:     144         2  -11.2868    0.6950    0.6365
DIM:ROT:     144         3  -11.2897    0.3567    0.4801
DIM:ROT:     145         1  -11.2387    0.6065    0.8130
DIM:ROT:     145         2  -11.2426    0.3836    0.3359
DIM:ROT:     145         3  -11.2434    0.1995    0.2569
DIM:ROT:     146         1  -11.9399    0.7380    1.1657
DIM:ROT:     146         2  -11.9443    0.5325    0.4825
DIM:ROT:     146         3  -11.9449    0.2665    0.3990
DIM:ROT:     147         1  -12.1451    0.5123    0.7232
DIM:ROT:     147         2  -12.1490    0.3412    0.2866
DIM:ROT:     147         3  -12.1498    0.1702    0.2322
DIM:ROT:     148         1  -11.9222    0.9266    1.1017
DIM:ROT:     148         2  -11.9292    0.5772    0.6622
DIM:ROT:     148         3  -11.9329    0.3921    0.4615
DIM:ROT:     149         1  -12.0443    0.5826    0.6978
DIM:ROT:     149         2  -12.0479    0.3680    0.4471
DIM:ROT:     149         3  -12.0495    0.2564    0.3102
DIM:ROT:     150         1  -13.3842    1.2395    1.8892
DIM:ROT:     150         2  -13.3923    0.7665    0.7001
DIM:ROT:     150         3  -13.3949    0.3926    0.5420
DIM:ROT:     151         1  -14.5144    1.3005    2.0002
DIM:ROT:     151         2  -14.5243    0.8449    0.7821
DIM:ROT:     151         3  -14.5269    0.4304    0.6138
DIM:ROT:     152         1  -14.1681    0.7899    1.3200
DIM:ROT:     152         2  -14.1713    0.4674    0.4264
DIM:ROT:     152         3  -14.1726    0.2685    0.3865
DIM:ROT:     153         1  -13.8149    1.2401    1.9654
DIM:ROT:     153         2  -13.8230    0.7849    0.7190
DIM:ROT:     153         3  -13.8269    0.3879    0.5564
DIM:ROT:     154         1  -13.4192    1.4110    1.9355
DIM:ROT:     154         2  -13.4344    0.8845    0.9060
DIM:ROT:     154         3  -13.4411    0.4869    0.6515
DIM:ROT:     155         1  -13.3034    1.1918    1.8448
DIM:ROT:     155         2  -13.3142    0.8510    0.7295
DIM:ROT:     155         3  -13.3195    0.4097    0.6120
DIM:ROT:     156         1  -14.1301    1.1532    1.6195
DIM:ROT:     156         2  -14.1369    0.6679    0.7660
DIM:ROT:     156         3  -14.1401    0.3713    0.5027
DIM:ROT:     157         1  -14.8821    1.4356    2.0539
DIM:ROT:     157         2  -14.8967    0.8693    0.9497
DIM:ROT:     157         3  -14.9028    0.5036    0.6915
DIM:ROT:     158         1  -14.5963    1.5945    1.8816
DIM:ROT:     158         2  -14.6123    0.8415    1.1923
DIM:ROT:     158         3  -14.6196    0.5920    0.7293
DIM:ROT:     159         1  -13.7683    1.3574    1.7195
DIM:ROT:     159         2  -13.7823    0.8156    1.0783
DIM:ROT:     159         3  -13.7878    0.5585    0.6891
DIM:ROT:     160         1  -12.0827    2.3153    2.0186
DIM:ROT:     160         2  -12.1032    0.9063    1.4165
DIM:ROT:     160         3  -12.1108    0.7004    0.6842
