MINMODE:METHOD: Dimer
DIM:CONTROL: Search Parameters:
DIM:CONTROL: ------------------
DIM:CONTROL: eigenmode_method = dimer
DIM:CONTROL: f_rot_min = 0.01
DIM:CONTROL: f_rot_max = 0.1
DIM:CONTROL: max_num_rot = 3
DIM:CONTROL: trial_angle = 0.7853981633974483
DIM:CONTROL: trial_trans_step = 0.001
DIM:CONTROL: maximum_translation = 0.1
DIM:CONTROL: cg_translation = True
DIM:CONTROL: use_central_forces = True
DIM:CONTROL: dimer_separation = 0.005
DIM:CONTROL: initial_eigenmode_method = gauss
DIM:CONTROL: extrapolate_forces = True
DIM:CONTROL: displacement_method = gauss
DIM:CONTROL: gauss_std = 0.1
DIM:CONTROL: order = 1
DIM:CONTROL: mask = None
DIM:CONTROL: displacement_center = None
DIM:CONTROL: displacement_radius = None
DIM:CONTROL: number_of_displacement_atoms = None
DIM:CONTROL: ------------------
DIM:ROT: OPT-STEP ROT-STEP CURVATURE ROT-ANGLE ROT-FORCE
DIM:ROT:       0         1  -26.9533   17.0055   28.1421
DIM:ROT:       0         2  -33.1230   10.7930   32.5890
DIM:ROT:       0         3  -37.4682   10.9852   22.6749
DIM:ROT:       1         1  -22.9143    9.1430   22.6890
DIM:ROT:       1         2  -24.0097    4.3527   13.7991
DIM:ROT:       1         3  -24.6653    4.2253    8.6451
DIM:ROT:       2         1  -33.1460   10.2507   15.6351
DIM:ROT:       2         2  -34.0552    4.0036   12.1227
DIM:ROT:       2         3  -34.5661    4.0748    7.2592
DIM:ROT:       3         1  -52.2054   14.7981   21.4664
DIM:ROT:       3         2  -54.4191    5.2123   23.7782
DIM:ROT:       3         3  -55.3295    5.5941    8.9191
DIM:ROT:       4         1  -43.3416   17.2377   23.8927
DIM:ROT:       4         2  -44.7796    4.3905   13.9704
DIM:ROT:       4         3  -45.2030    3.7046    6.6038
DIM:ROT:       5         1  -35.4223   14.8040   24.6774
DIM:ROT:       5         2  -37.1959    4.3095   22.5917
DIM:ROT:       5         3  -38.1385    5.7608    8.8640
DIM:ROT:       6         1   -3.9197   11.1956   21.0370
DIM:ROT:       6         2   -6.1386    5.5984   22.8448
DIM:ROT:       6         3   -7.7433    7.5249   12.5384
DIM:ROT:       7         1  -11.8824   10.1274   16.2025
DIM:ROT:       7         2  -14.1682    7.3584   18.3831
DIM:ROT:       7         3  -16.2491    8.4500   13.9278
DIM:ROT:       8         1  -27.4397    8.7591   20.1500
DIM:ROT:       8         2  -29.3650    7.1421   15.7488
DIM:ROT:       8         3  -30.4982    5.4317   12.7337
DIM:ROT:       9         1  -28.7800    6.7349   16.1861
DIM:ROT:       9         2  -29.9665    4.2935   15.7683
DIM:ROT:       9         3  -30.7812    4.3370   10.4043
DIM:ROT:      10         1  -27.2671    8.1633   15.8694
DIM:ROT:      10         2  -28.5301    4.5138   15.6839
DIM:ROT:      10         3  -29.2004    4.4841    8.7342
DIM:ROT:      11         1  -29.0998   11.9189   10.7880
DIM:ROT:      11         2  -29.7370    3.4640   11.0227
DIM:ROT:      11         3  -30.0414    4.1764    3.9552
DIM:ROT:      12         1  -31.6640   10.8052   12.6063
DIM:ROT:      12         2  -32.4708    3.4520   13.0898
DIM:ROT:      12         3  -32.8533    4.1780    5.2240
DIM:ROT:      13         1  -34.0402    7.6217   11.6470
DIM:ROT:      13         2  -34.8093    3.4861   12.1890
DIM:ROT:      13         3  -35.2962    4.2638    6.2346
DIM:ROT:      14         1  -35.8847    1.6821    6.4123
DIM:ROT:      14         2  -35.9532    1.4143    2.6837
DIM:ROT:      14         3  -35.9778    0.6459    2.3113
DIM:ROT:      15         1  -28.7760    4.3000    5.5021
DIM:ROT:      15         2  -28.8213    1.8488    2.3944
DIM:ROT:      15         3  -28.8339    0.7349    1.4058
DIM:ROT:      16         1  -24.4115   29.2338   22.2648
DIM:ROT:      16         2  -25.4680    4.1957   13.0878
DIM:ROT:      16         3  -25.8010    2.3919    8.1873
DIM:ROT:      17         1  -29.2191    4.5371    8.7356
DIM:ROT:      17         2  -29.4919    1.9291    8.0735
DIM:ROT:      17         3  -29.6140    1.9394    3.6587
DIM:ROT:      18         1  -30.9189    1.1896    3.0660
DIM:ROT:      18         2  -30.9485    0.8817    1.9375
DIM:ROT:      18         3  -30.9666    0.6277    1.5484
DIM:ROT:      19         1  -30.9033    4.8726    8.4768
DIM:ROT:      19         2  -30.9628    1.4740    3.5189
DIM:ROT:      19         3  -30.9960    0.7857    2.3771
DIM:ROT:      20         1  -30.7780    2.3012    3.9363
DIM:ROT:      20         2  -30.7907    0.8861    1.5789
DIM:ROT:      20         3  -30.8010    0.4567    1.2280
DIM:ROT:      21         1  -30.6911    2.1926    3.9101
DIM:ROT:      21         2  -30.7006    0.7161    1.4802
DIM:ROT:      21         3  -30.7079    0.3812    1.1609
DIM:ROT:      22         1  -28.0985    4.1540    4.4988
DIM:ROT:      22         2  -28.1536    0.9781    2.8653
DIM:ROT:      22         3  -28.1691    0.6731    1.4464
DIM:ROT:      23         1  -27.6039    1.8398    2.8452
DIM:ROT:      23         2  -27.6346    0.6659    2.2516
DIM:ROT:      23         3  -27.6446    0.5855    1.0471
DIM:ROT:      24         1  -27.5175    1.4345    1.8716
DIM:ROT:      24         2  -27.5311    0.4295    1.4449
DIM:ROT:      24         3  -27.5352    0.3605    0.5906
DIM:ROT:      25         1  -27.5705    0.7427    1.2189
DIM:ROT:      25         2  -27.5776    0.3035    1.0002
DIM:ROT:      25         3  -27.5797    0.2619    0.4414
DIM:ROT:      26         1  -28.0961    0.6866    0.8223
DIM:ROT:      26         2  -28.0985    0.1660    0.6062
DIM:ROT:      26         3  -28.0991    0.1718    0.1938
DIM:ROT:      27         1  -28.9026    0.5678    0.6283
DIM:ROT:      27         2  -28.9036    0.1489    0.5463
DIM:ROT:      27         3  -28.9041    0.1660    0.1822
DIM:ROT:      28         1  -29.4459    0.4680    0.5605
DIM:ROT:      28         2  -29.4467    0.1414    0.5230
DIM:ROT:      28         3  -29.4471    0.1514    0.1800
DIM:ROT:      29         1  -29.2463    0.2614    0.3911
DIM:ROT:      29         2  -29.2466    0.0992    0.3394
DIM:ROT:      29         3  -29.2467    0.0906    0.1412
DIM:ROT:      30         1  -28.7672    0.2738    0.3223
DIM:ROT:      30         2  -28.7674    0.0822    0.2994
DIM:ROT:      30         3  -28.7675    0.0857    0.1091
DIM:ROT:      31         1  -28.0898    0.2523    0.3451
DIM:ROT:      31         2  -28.0904    0.0924    0.3019
DIM:ROT:      31         3  -28.0905    0.0868    0.1369
DIM:ROT:      32         1  -27.9538    0.1224    0.2027
DIM:ROT:      32         2  -27.9541    0.0512    0.1599
DIM:ROT:      32         3  -27.9542    0.0472    0.0829
DIM:ROT:      33         1  -27.8540    0.2749    0.3835
DIM:ROT:      33         2  -27.8549    0.0833    0.2506
DIM:ROT:      33         3  -27.8550    0.0580    0.1225
DIM:ROT:      34         1  -27.8730    0.5331    0.6654
DIM:ROT:      34         2  -27.8754    0.1969    0.3014
DIM:ROT:      34         3  -27.8756    0.0874    0.1221
DIM:ROT:      35         1  -28.1432    0.1845    0.2554
DIM:ROT:      35         2  -28.1440    0.0607    0.1643
DIM:ROT:      35         3  -28.1440    0.0455    0.1023
DIM:ROT:      36         1  -28.6090    0.3043    0.3939
DIM:ROT:      36         2  -28.6094    0.0917    0.2691
DIM:ROT:      36         3  -28.6094    0.0685    0.1381
DIM:ROT:      37         1  -28.5785    0.2160    0.2794
DIM:ROT:      37         2  -28.5782    0.0608    0.2319
DIM:ROT:      37         3  -28.5783    0.0596    0.0732
DIM:ROT:      38         1  -28.4375    0.1252    0.1811
DIM:ROT:      38         2  -28.4375    0.0448    0.1551
DIM:ROT:      38         3  -28.4376    0.0434    0.0592
DIM:ROT:      39         1  -28.1879    0.1988    0.2332
DIM:ROT:      39         2  -28.1882    0.0486    0.1666
DIM:ROT:      39         3  -28.1883    0.0470    0.0723
DIM:ROT:      40         1  -28.0366    0.1910    0.3031
DIM:ROT:      40         2  -28.0371    0.0675    0.1807
DIM:ROT:      40         3  -28.0371    0.0495    0.1084
DIM:ROT:      41         1  -27.8296    0.4077    0.5444
DIM:ROT:      41         2  -27.8312    0.1609    0.2673
DIM:ROT:      41         3  -27.8313    0.0637    0.1761
DIM:ROT:      42         1  -27.4282    0.5228    0.7681
DIM:ROT:      42         2  -27.4308    0.1874    0.4069
DIM:ROT:      42         3  -27.4313    0.1054    0.2823
DIM:ROT:      43         1  -27.4425    0.3524    0.4841
DIM:ROT:      43         2  -27.4439    0.1156    0.2833
DIM:ROT:      43         3  -27.4442    0.0758    0.1874
DIM:ROT:      44         1  -27.7284    0.3877    0.5651
DIM:ROT:      44         2  -27.7296    0.1270    0.3430
DIM:ROT:      44         3  -27.7299    0.0957    0.2022
DIM:ROT:      45         1  -27.9438    0.2511    0.3449
DIM:ROT:      45         2  -27.9442    0.0905    0.2990
DIM:ROT:      45         3  -27.9445    0.0937    0.1442
DIM:ROT:      46         1  -28.1293    0.2482    0.3714
DIM:ROT:      46         2  -28.1298    0.0991    0.3174
DIM:ROT:      46         3  -28.1300    0.0975    0.1488
DIM:ROT:      47         1  -28.2536    0.1679    0.2784
DIM:ROT:      47         2  -28.2541    0.0723    0.2252
DIM:ROT:      47         3  -28.2543    0.0702    0.1227
DIM:ROT:      48         1  -28.2996    0.2570    0.4098
DIM:ROT:      48         2  -28.3006    0.0977    0.2853
DIM:ROT:      48         3  -28.3008    0.0785    0.1533
DIM:ROT:      49         1  -28.1738    0.4909    0.6310
DIM:ROT:      49         2  -28.1760    0.1737    0.3306
DIM:ROT:      49         3  -28.1763    0.0733    0.2087
DIM:ROT:      50         1  -27.7414    0.5289    0.7266
DIM:ROT:      50         2  -27.7440    0.1777    0.4307
DIM:ROT:      50         3  -27.7445    0.1057    0.2649
DIM:ROT:      51         1  -27.0147    0.7697    1.0299
DIM:ROT:      51         2  -27.0191    0.2990    0.5002
DIM:ROT:      51         3  -27.0200    0.1203    0.3402
DIM:ROT:      52         1  -26.4784    0.8433    1.2712
DIM:ROT:      52         2  -26.4835    0.2895    0.5868
DIM:ROT:      52         3  -26.4846    0.1535    0.4176
DIM:ROT:      53         1  -26.2169    0.9685    1.3607
DIM:ROT:      53         2  -26.2229    0.3696    0.6226
DIM:ROT:      53         3  -26.2243    0.1647    0.4674
DIM:ROT:      54         1  -26.9873    0.9465    0.9636
DIM:ROT:      54         2  -26.9928    0.3023    0.7922
DIM:ROT:      54         3  -26.9940    0.1941    0.4502
DIM:ROT:      55         1  -27.4369    0.5338    0.6470
DIM:ROT:      55         2  -27.4390    0.1832    0.5983
DIM:ROT:      55         3  -27.4399    0.1826    0.2681
DIM:ROT:      56         1  -27.6049    0.2476    0.4715
DIM:ROT:      56         2  -27.6059    0.1311    0.3819
DIM:ROT:      56         3  -27.6064    0.1160    0.2180
DIM:ROT:      57         1  -27.4847    0.8817    1.0788
DIM:ROT:      57         2  -27.4870    0.2621    0.5203
DIM:ROT:      57         3  -27.4878    0.1234    0.3384
DIM:ROT:      58         1  -26.6866    0.5113    0.6106
DIM:ROT:      58         2  -26.6887    0.1689    0.5313
DIM:ROT:      58         3  -26.6893    0.1452    0.2453
DIM:ROT:      59         1  -26.4419    0.5962    0.7320
DIM:ROT:      59         2  -26.4437    0.1249    0.4249
DIM:ROT:      59         3  -26.4439    0.0989    0.1724
DIM:ROT:      60         1  -26.3799    0.0833    0.2035
DIM:ROT:      60         2  -26.3801    0.0578    0.1400
DIM:ROT:      60         3  -26.3801    0.0406    0.0964
DIM:ROT:      61         1  -26.0409    0.3392    0.3609
DIM:ROT:      61         2  -26.0406    0.0888    0.1959
DIM:ROT:      61         3  -26.0408    0.0463    0.1234
DIM:ROT:      62         1  -26.1923    0.2225    0.2426
DIM:ROT:      62         2  -26.1928    0.0735    0.2409
DIM:ROT:      62         3  -26.1929    0.0742    0.1039
DIM:ROT:      63         1  -26.3614    0.2494    0.3131
DIM:ROT:      63         2  -26.3617    0.0682    0.2133
DIM:ROT:      63         3  -26.3618    0.0603    0.1076
DIM:ROT:      64         1  -26.4124    0.0732    0.1506
DIM:ROT:      64         2  -26.4126    0.0456    0.1226
DIM:ROT:      64         3  -26.4126    0.0389    0.0777
DIM:ROT:      65         1  -26.6351    0.1602    0.2148
DIM:ROT:      65         2  -26.6349    0.0492    0.1415
DIM:ROT:      65         3  -26.6350    0.0410    0.0807
DIM:ROT:      66         1  -26.6821    0.1051    0.1694
DIM:ROT:      66         2  -26.6821    0.0338    0.0949
DIM:ROT:      67         1  -26.6659    0.1026    0.1128
DIM:ROT:      67         2  -26.6657    0.0267    0.0824
DIM:ROT:      68         1  -26.6064    0.1749    0.1762
DIM:ROT:      68         2  -26.6061    0.0473    0.0946
DIM:ROT:      69         1  -26.6019    0.1758    0.2229
DIM:ROT:      69         2  -26.6017    0.0467    0.1221
DIM:ROT:      69         3  -26.6017    0.0285    0.0685
DIM:ROT:      70         1  -26.5398    0.1176    0.1726
DIM:ROT:      70         2  -26.5397    0.0416    0.0850
DIM:ROT:      71         1  -26.5481    0.0469    0.0917
DIM:ROT:      72         1  -26.6344    0.1008    0.1585
DIM:ROT:      72         2  -26.6347    0.0402    0.1299
DIM:ROT:      72         3  -26.6347    0.0363    0.0582
DIM:ROT:      73         1  -26.6635    0.0715    0.1134
DIM:ROT:      73         2  -26.6635    0.0245    0.0823
DIM:ROT:      74         1  -26.7642    0.0871    0.0961
DIM:ROT:      75         1  -26.7863    0.0356    0.0650
DIM:ROT:      76         1  -26.6761    0.1467    0.2299
DIM:ROT:      76         2  -26.6760    0.0473    0.1145
DIM:ROT:      76         3  -26.6761    0.0329    0.0791
DIM:ROT:      77         1  -26.6666    0.0401    0.0699
DIM:ROT:      78         1  -26.6318    0.0342    0.0821
DIM:ROT:      79         1  -26.6218    0.0356    0.0715
DIM:ROT:      80         1  -26.6826    0.0534    0.1025
DIM:ROT:      80         2  -26.6825    0.0265    0.0770
DIM:ROT:      81         1  -26.7333    0.0550    0.0807
DIM:ROT:      82         1  -26.7331    0.0498    0.0939
DIM:ROT:      83         1  -26.7376    0.0367    0.0851
DIM:ROT:      84         1  -26.7412    0.0554    0.1041
DIM:ROT:      84         2  -26.7413    0.0307    0.0854
DIM:ROT:      85         1  -26.6916    0.0682    0.0813
DIM:ROT:      86         1  -26.6518    0.0536    0.1159
DIM:ROT:      86         2  -26.6518    0.0343    0.0885
DIM:ROT:      87         1  -26.6343    0.0603    0.0816
DIM:ROT:      88         1  -26.6185    0.0663    0.1258
DIM:ROT:      88         2  -26.6186    0.0372    0.1023
DIM:ROT:      88         3  -26.6186    0.0334    0.0637
DIM:ROT:      89         1  -26.7337    0.1114    0.1679
DIM:ROT:      89         2  -26.7338    0.0461    0.1229
DIM:ROT:      89         3  -26.7339    0.0385    0.0798
DIM:ROT:      90         1  -26.7606    0.0513    0.1028
DIM:ROT:      90         2  -26.7607    0.0317    0.0835
DIM:ROT:      91         1  -26.8371    0.1542    0.2068
DIM:ROT:      91         2  -26.8374    0.0624    0.1374
DIM:ROT:      91         3  -26.8374    0.0377    0.0963
DIM:ROT:      92         1  -26.8674    0.1396    0.1780
DIM:ROT:      92         2  -26.8676    0.0542    0.1337
DIM:ROT:      92         3  -26.8676    0.0376    0.0876
DIM:ROT:      93         1  -26.8057    0.1153    0.1645
DIM:ROT:      93         2  -26.8058    0.0462    0.1251
DIM:ROT:      93         3  -26.8058    0.0363    0.0750
DIM:ROT:      94         1  -26.7504    0.0679    0.1049
DIM:ROT:      94         2  -26.7504    0.0292    0.0872
DIM:ROT:      95         1  -26.7537    0.0825    0.0968
DIM:ROT:      96         1  -26.7490    0.0269    0.0738
DIM:ROT:      97         1  -26.7410    0.0670    0.0913
DIM:ROT:      98         1  -26.7717    0.0265    0.0792
DIM:ROT:      99         1  -26.7766    0.0512    0.0627
DIM:ROT:     100         1  -26.7774    0.0179    0.0627
DIM:ROT:     101         1  -26.7703    0.0253    0.0430
DIM:ROT:     102         1  -26.7548    0.0135    0.0404
