MINMODE:METHOD: Dimer
DIM:CONTROL: Search Parameters:
DIM:CONTROL: ------------------
DIM:CONTROL: eigenmode_method = dimer
DIM:CONTROL: f_rot_min = 0.01
DIM:CONTROL: f_rot_max = 0.1
DIM:CONTROL: max_num_rot = 3
DIM:CONTROL: trial_angle = 0.7853981633974483
DIM:CONTROL: trial_trans_step = 0.001
DIM:CONTROL: maximum_translation = 0.1
DIM:CONTROL: cg_translation = True
DIM:CONTROL: use_central_forces = True
DIM:CONTROL: dimer_separation = 0.005
DIM:CONTROL: initial_eigenmode_method = gauss
DIM:CONTROL: extrapolate_forces = True
DIM:CONTROL: displacement_method = gauss
DIM:CONTROL: gauss_std = 0.1
DIM:CONTROL: order = 1
DIM:CONTROL: mask = None
DIM:CONTROL: displacement_center = None
DIM:CONTROL: displacement_radius = None
DIM:CONTROL: number_of_displacement_atoms = None
DIM:CONTROL: ------------------
DIM:ROT: OPT-STEP ROT-STEP CURVATURE ROT-ANGLE ROT-FORCE
DIM:ROT:       0         1    2.8326   20.3145    7.7283
DIM:ROT:       0         2    1.8755    5.9543    9.2800
DIM:ROT:       0         3    1.4105    4.5006    5.8623
DIM:ROT:       1         1   -0.0157    4.0935    5.6471
DIM:ROT:       1         2   -0.3036    3.4751    4.6351
DIM:ROT:       1         3   -0.5132    2.9972    4.0653
DIM:ROT:       2         1   -0.4235    4.8562    4.5341
DIM:ROT:       2         2   -0.7262    3.4147    4.9886
DIM:ROT:       2         3   -0.9783    3.7543    3.7649
DIM:ROT:       3         1    0.7628    2.5745    3.8025
DIM:ROT:       3         2    0.6233    3.0580    2.5804
DIM:ROT:       3         3    0.5061    2.1199    3.1998
DIM:ROT:       4         1   -0.7847    2.1317    2.7390
DIM:ROT:       4         2   -0.8685    2.3681    1.9753
DIM:ROT:       4         3   -0.9373    1.7133    2.3159
DIM:ROT:       5         1   -2.8319    4.9071    3.1930
DIM:ROT:       5         2   -3.0629    3.0008    4.2747
DIM:ROT:       5         3   -3.2302    3.3576    2.8546
DIM:ROT:       6         1   -5.4661    7.8914    6.4399
DIM:ROT:       6         2   -6.2017    5.1285    8.6263
DIM:ROT:       6         3   -6.9035    6.6101    5.9508
DIM:ROT:       7         1   -6.3278    3.8803    6.9302
DIM:ROT:       7         2   -6.6914    5.4093    3.7283
DIM:ROT:       7         3   -6.9461    2.9103    5.2491
DIM:ROT:       8         1   -6.8724    6.9720    3.6940
DIM:ROT:       8         2   -7.1086    2.6315    5.1517
DIM:ROT:       8         3   -7.2440    3.0620    2.5941
DIM:ROT:       9         1   -3.0874    3.0619    4.5798
DIM:ROT:       9         2   -3.2114    2.2327    3.0058
DIM:ROT:       9         3   -3.2994    1.7742    2.6140
DIM:ROT:      10         1    1.6709    7.5341    5.3206
DIM:ROT:      10         2    1.3033    3.6414    5.8893
DIM:ROT:      10         3    1.0562    4.0772    3.5483
DIM:ROT:      11         1  -12.2063    9.2746    9.0882
DIM:ROT:      11         2  -12.5661    4.1394    7.4116
DIM:ROT:      11         3  -12.9008    3.5184    4.2503
DIM:ROT:      12         1    1.4684   14.7881   14.1929
DIM:ROT:      12         2   -0.3934   10.0087   10.3922
DIM:ROT:      12         3   -1.2338    6.8155    6.9844
DIM:ROT:      13         1   -6.7615    6.7421    9.7513
DIM:ROT:      13         2   -7.2567    6.5566    4.0733
DIM:ROT:      13         3   -7.5197    3.0098    4.7936
DIM:ROT:      14         1  -11.5451    8.1693    5.5479
DIM:ROT:      14         2  -11.8228    2.7913    5.7969
DIM:ROT:      14         3  -11.9583    3.0850    2.5557
DIM:ROT:      15         1   -9.3453    4.4557    6.6366
DIM:ROT:      15         2   -9.4727    2.5868    2.6946
DIM:ROT:      15         3   -9.5354    1.4423    2.4528
DIM:ROT:      16         1   -5.6838    6.4291    6.1157
DIM:ROT:      16         2   -6.0255    4.0884    4.6116
DIM:ROT:      16         3   -6.2048    2.6579    3.7897
DIM:ROT:      17         1    1.6118   14.9050   10.9407
DIM:ROT:      17         2    0.3857    7.6719    9.1024
DIM:ROT:      17         3   -0.1603    5.3120    5.7497
DIM:ROT:      18         1    0.9243    6.1743    6.9318
DIM:ROT:      18         2    0.5381    4.0065    5.6089
DIM:ROT:      18         3    0.2714    3.6971    4.1070
DIM:ROT:      19         1   -0.0429    5.6961    6.6425
DIM:ROT:      19         2   -0.2727    3.5553    4.0288
DIM:ROT:      19         3   -0.4330    2.6922    3.4225
DIM:ROT:      20         1   -1.5699    2.7899    3.4938
DIM:ROT:      20         2   -1.6664    2.1782    2.5094
DIM:ROT:      20         3   -1.7337    1.7818    2.1543
DIM:ROT:      21         1   -1.9383    1.7568    2.8699
DIM:ROT:      21         2   -1.9947    1.6502    1.9157
DIM:ROT:      21         3   -2.0314    1.1715    1.8383
DIM:ROT:      22         1   -1.2703    3.0467    2.1649
DIM:ROT:      22         2   -1.3254    1.8660    1.7405
DIM:ROT:      22         3   -1.3579    1.4657    1.2367
DIM:ROT:      23         1   -0.8235    1.6376    1.8464
DIM:ROT:      23         2   -0.8479    1.2611    1.1941
DIM:ROT:      23         3   -0.8656    0.8710    1.1605
DIM:ROT:      24         1   -1.0551    1.2071    1.4733
DIM:ROT:      24         2   -1.0668    0.6965    1.0128
DIM:ROT:      24         3   -1.0753    0.6629    0.7438
DIM:ROT:      25         1   -1.2234    1.4139    1.3314
DIM:ROT:      25         2   -1.2412    0.9265    1.0388
DIM:ROT:      25         3   -1.2515    0.7340    0.8561
DIM:ROT:      26         1   -0.8735    1.2202    1.6348
DIM:ROT:      26         2   -0.8846    0.8550    0.7759
DIM:ROT:      26         3   -0.8918    0.5479    0.7531
DIM:ROT:      27         1   -0.6744    0.9817    0.7820
DIM:ROT:      27         2   -0.6834    0.5881    0.8759
DIM:ROT:      27         3   -0.6902    0.6810    0.5734
DIM:ROT:      28         1   -0.3900    0.8243    1.0516
DIM:ROT:      28         2   -0.3993    0.6992    0.7473
DIM:ROT:      28         3   -0.4069    0.5766    0.7392
DIM:ROT:      29         1   -0.3847    0.9152    1.2273
DIM:ROT:      29         2   -0.3940    0.8009    0.6315
DIM:ROT:      29         3   -0.3997    0.4803    0.6998
DIM:ROT:      30         1   -0.6544    1.1039    1.1968
DIM:ROT:      30         2   -0.6682    0.8276    0.9013
DIM:ROT:      30         3   -0.6777    0.7335    0.7706
DIM:ROT:      31         1   -0.5526    1.0957    1.1402
DIM:ROT:      31         2   -0.5601    0.5759    0.6952
DIM:ROT:      31         3   -0.5652    0.5070    0.5819
DIM:ROT:      32         1   -0.3080    0.8097    0.9194
DIM:ROT:      32         2   -0.3147    0.5654    0.6570
DIM:ROT:      32         3   -0.3197    0.5182    0.5406
DIM:ROT:      33         1   -0.2143    0.9775    0.8753
DIM:ROT:      33         2   -0.2202    0.5200    0.6263
DIM:ROT:      33         3   -0.2244    0.5063    0.4715
DIM:ROT:      34         1   -0.4497    0.5782    0.8669
DIM:ROT:      34         2   -0.4541    0.4487    0.5172
DIM:ROT:      34         3   -0.4570    0.3583    0.4837
DIM:ROT:      35         1   -0.6130    0.8137    0.9284
DIM:ROT:      35         2   -0.6191    0.4752    0.6711
DIM:ROT:      35         3   -0.6234    0.4500    0.5659
DIM:ROT:      36         1   -0.4250    0.7800    0.9523
DIM:ROT:      36         2   -0.4296    0.4066    0.5837
DIM:ROT:      36         3   -0.4322    0.3990    0.3923
DIM:ROT:      37         1   -0.3147    0.6237    0.5884
DIM:ROT:      37         2   -0.3183    0.4011    0.4873
DIM:ROT:      37         3   -0.3208    0.3826    0.3778
DIM:ROT:      38         1   -0.1967    0.8299    0.8766
DIM:ROT:      38         2   -0.2014    0.5750    0.4706
DIM:ROT:      38         3   -0.2048    0.4333    0.4406
DIM:ROT:      39         1   -0.3615    1.2144    0.9384
DIM:ROT:      39         2   -0.3668    0.4749    0.6343
DIM:ROT:      39         3   -0.3700    0.4104    0.4217
DIM:ROT:      40         1   -0.6308    1.0146    1.2516
DIM:ROT:      40         2   -0.6393    0.5605    0.7993
DIM:ROT:      40         3   -0.6438    0.4824    0.5929
DIM:ROT:      41         1   -0.6333    0.9771    1.3698
DIM:ROT:      41         2   -0.6390    0.4842    0.5856
DIM:ROT:      41         3   -0.6410    0.2966    0.3904
DIM:ROT:      42         1   -0.5897    0.4261    0.4336
DIM:ROT:      42         2   -0.5917    0.2947    0.3777
DIM:ROT:      42         3   -0.5932    0.2847    0.2872
DIM:ROT:      43         1   -0.4476    0.9916    1.0368
DIM:ROT:      43         2   -0.4539    0.5004    0.6615
DIM:ROT:      43         3   -0.4573    0.4206    0.4606
DIM:ROT:      44         1   -0.1911    1.1033    1.0017
DIM:ROT:      44         2   -0.1974    0.5102    0.6534
DIM:ROT:      44         3   -0.2011    0.4848    0.4347
DIM:ROT:      45         1   -0.2227    0.3885    0.5319
DIM:ROT:      45         2   -0.2249    0.3675    0.3592
DIM:ROT:      45         3   -0.2268    0.2794    0.3635
DIM:ROT:      46         1   -0.2038    0.3942    0.4807
DIM:ROT:      46         2   -0.2060    0.3804    0.3197
DIM:ROT:      46         3   -0.2077    0.2923    0.3510
DIM:ROT:      47         1   -0.0492    0.7418    0.9927
DIM:ROT:      47         2   -0.0547    0.6262    0.4772
DIM:ROT:      47         3   -0.0587    0.4357    0.5141
DIM:ROT:      48         1   -0.2046    0.8628    0.9906
DIM:ROT:      48         2   -0.2122    0.5780    0.6844
DIM:ROT:      48         3   -0.2164    0.5097    0.5290
DIM:ROT:      49         1   -0.3336    0.7760    1.0253
DIM:ROT:      49         2   -0.3402    0.5868    0.5632
DIM:ROT:      49         3   -0.3433    0.4189    0.4925
DIM:ROT:      50         1   -0.2035    0.9509    0.4016
DIM:ROT:      50         2   -0.2080    0.4411    0.5798
DIM:ROT:      50         3   -0.2106    0.4911    0.3114
DIM:ROT:      51         1   -0.3351    0.6733    1.0013
DIM:ROT:      51         2   -0.3392    0.4683    0.4489
DIM:ROT:      51         3   -0.3414    0.3052    0.3961
DIM:ROT:      52         1   -0.4141    1.1968    1.0532
DIM:ROT:      52         2   -0.4237    0.5786    0.8327
DIM:ROT:      52         3   -0.4296    0.6884    0.5309
DIM:ROT:      53         1   -0.1002    0.9555    0.6185
DIM:ROT:      53         2   -0.1072    0.5029    0.7691
DIM:ROT:      53         3   -0.1117    0.6085    0.4379
DIM:ROT:      54         1    0.1980    0.8647    0.9397
DIM:ROT:      54         2    0.1884    0.7453    0.7449
DIM:ROT:      54         3    0.1808    0.6146    0.6932
DIM:ROT:      55         1    0.4416    1.1594    1.0352
DIM:ROT:      55         2    0.4276    0.8427    0.9552
DIM:ROT:      55         3    0.4166    0.7795    0.8065
DIM:ROT:      56         1    0.3798    0.9782    0.9644
DIM:ROT:      56         2    0.3686    0.8062    0.7988
DIM:ROT:      56         3    0.3592    0.6920    0.7734
DIM:ROT:      57         1    0.1399    0.7855    0.9444
DIM:ROT:      57         2    0.1308    0.7369    0.7010
DIM:ROT:      57         3    0.1226    0.6310    0.7520
DIM:ROT:      58         1   -0.0485    1.1424    0.8990
DIM:ROT:      58         2   -0.0632    0.8360    1.0008
DIM:ROT:      58         3   -0.0769    0.9494    0.8294
DIM:ROT:      59         1   -0.1446    1.1140    1.2804
DIM:ROT:      59         2   -0.1666    1.1330    1.0878
DIM:ROT:      59         3   -0.1887    1.0580    1.2049
DIM:ROT:      60         1   -0.3330    1.3670    1.4781
DIM:ROT:      60         2   -0.3669    1.3043    1.4567
DIM:ROT:      60         3   -0.4009    1.3578    1.4570
DIM:ROT:      61         1   -0.2667    1.2223    1.6967
DIM:ROT:      61         2   -0.3005    1.5513    1.2371
DIM:ROT:      61         3   -0.3382    1.2468    1.7359
DIM:ROT:      62         1   -0.0831    1.1487    1.2105
DIM:ROT:      62         2   -0.1055    1.1667    1.1017
DIM:ROT:      62         3   -0.1282    1.1022    1.1689
DIM:ROT:      63         1    0.2337    1.5590    1.7921
DIM:ROT:      63         2    0.2169    0.9620    1.0463
DIM:ROT:      63         3    0.2061    0.7215    0.8953
DIM:ROT:      64         1    0.1513    0.5556    0.8145
DIM:ROT:      64         2    0.1469    0.5536    0.4466
DIM:ROT:      64         3    0.1435    0.3770    0.5237
DIM:ROT:      65         1   -0.0177    1.3324    1.0240
DIM:ROT:      65         2   -0.0319    0.7335    1.0086
DIM:ROT:      65         3   -0.0413    0.8100    0.6687
DIM:ROT:      66         1    0.0025    1.2552    0.9129
DIM:ROT:      66         2   -0.0156    0.9701    1.0331
DIM:ROT:      66         3   -0.0306    0.9509    0.8998
DIM:ROT:      67         1    0.0903    0.7345    1.2582
DIM:ROT:      67         2    0.0849    0.6497    0.4744
DIM:ROT:      67         3    0.0800    0.4424    0.6272
DIM:ROT:      68         1   -0.2502    2.2071    1.3278
DIM:ROT:      68         2   -0.2950    1.3485    1.8044
DIM:ROT:      68         3   -0.3331    1.7524    1.2495
DIM:ROT:      69         1   -0.5564    2.3033    1.9900
DIM:ROT:      69         2   -0.6384    1.9480    2.3705
DIM:ROT:      69         3   -0.7206    2.3179    2.0300
DIM:ROT:      70         1   -0.9851    2.6233    2.6497
DIM:ROT:      70         2   -1.1077    2.5634    2.7122
DIM:ROT:      70         3   -1.2318    2.6215    2.7040
DIM:ROT:      71         1   -1.4132    2.5281    2.7710
DIM:ROT:      71         2   -1.5336    2.5047    2.7543
DIM:ROT:      71         3   -1.6558    2.5042    2.7783
DIM:ROT:      72         1   -1.8738    2.5385    3.0380
DIM:ROT:      72         2   -2.0056    2.6638    2.8109
DIM:ROT:      72         3   -2.1310    2.4461    2.9739
DIM:ROT:      73         1   -2.3131    3.1110    2.9004
DIM:ROT:      73         2   -2.4648    2.6452    3.2712
DIM:ROT:      73         3   -2.6076    2.9367    2.7922
DIM:ROT:      74         1   -2.9002    3.0781    3.4241
DIM:ROT:      74         2   -3.0597    2.9905    3.0230
DIM:ROT:      74         3   -3.2009    2.6973    3.0112
DIM:ROT:      75         1   -3.2922    2.5286    2.9648
DIM:ROT:      75         2   -3.4050    2.3800    2.6841
DIM:ROT:      75         3   -3.5044    2.1940    2.5827
DIM:ROT:      76         1   -2.6109    2.5885    3.7572
DIM:ROT:      76         2   -2.6960    2.0827    2.3272
DIM:ROT:      76         3   -2.7622    1.6319    2.2851
DIM:ROT:      77         1   -0.6545    4.5512    4.3216
DIM:ROT:      77         2   -0.7902    2.6028    3.0986
DIM:ROT:      77         3   -0.8745    2.1415    2.2020
DIM:ROT:      78         1    1.3241    9.4735    7.8758
DIM:ROT:      78         2    0.9735    5.0003    4.5573
DIM:ROT:      78         3    0.7361    3.8488    3.4600
DIM:ROT:      79         1    1.0433    6.5202    3.9511
DIM:ROT:      79         2    0.7592    3.5830    4.5500
DIM:ROT:      79         3    0.5561    4.1191    2.7658
DIM:ROT:      80         1    0.3839    2.7592    3.4292
DIM:ROT:      80         2    0.2695    2.9372    2.2271
DIM:ROT:      80         3    0.1857    1.9550    2.4554
DIM:ROT:      81         1   -0.0589    2.0534    1.5891
DIM:ROT:      81         2   -0.0978    1.4241    1.5706
DIM:ROT:      81         3   -0.1272    1.4278    1.1858
DIM:ROT:      82         1   -0.2560    1.2299    1.5740
DIM:ROT:      82         2   -0.2778    1.1311    1.1059
DIM:ROT:      82         3   -0.2953    0.9050    1.0949
DIM:ROT:      83         1   -0.1871    1.0011    1.4617
DIM:ROT:      83         2   -0.2026    1.0449    0.8456
DIM:ROT:      83         3   -0.2141    0.6973    0.9609
DIM:ROT:      84         1   -0.1595    1.5005    0.8082
DIM:ROT:      84         2   -0.1712    0.6593    1.0211
DIM:ROT:      84         3   -0.1792    0.8191    0.5549
DIM:ROT:      85         1   -0.1409    0.6489    1.0132
DIM:ROT:      85         2   -0.1462    0.6198    0.4862
DIM:ROT:      85         3   -0.1498    0.3850    0.5441
DIM:ROT:      86         1   -0.2464    0.9025    0.6914
DIM:ROT:      86         2   -0.2515    0.6202    0.5450
DIM:ROT:      86         3   -0.2556    0.5053    0.4585
DIM:ROT:      87         1   -0.3846    0.7565    0.6245
DIM:ROT:      87         2   -0.3899    0.4946    0.6079
DIM:ROT:      87         3   -0.3941    0.4864    0.4744
DIM:ROT:      88         1   -0.4234    0.5075    0.5942
DIM:ROT:      88         2   -0.4272    0.4505    0.4719
DIM:ROT:      88         3   -0.4302    0.3903    0.4532
DIM:ROT:      89         1   -0.4154    0.4633    0.4570
DIM:ROT:      89         2   -0.4183    0.3973    0.4050
DIM:ROT:      89         3   -0.4208    0.3704    0.3824
DIM:ROT:      90         1   -0.1813    1.2140    0.9040
DIM:ROT:      90         2   -0.1880    0.5851    0.6919
DIM:ROT:      90         3   -0.1928    0.5391    0.4948
DIM:ROT:      91         1   -0.0264    1.5541    1.0265
DIM:ROT:      91         2   -0.0390    0.7909    0.9483
DIM:ROT:      91         3   -0.0468    0.6829    0.6482
DIM:ROT:      92         1   -0.0649    0.6761    0.7680
DIM:ROT:      92         2   -0.0709    0.5801    0.5847
DIM:ROT:      92         3   -0.0753    0.4715    0.5305
DIM:ROT:      93         1   -0.0995    0.5391    0.4277
DIM:ROT:      93         2   -0.1022    0.3420    0.4488
DIM:ROT:      93         3   -0.1043    0.3608    0.3167
DIM:ROT:      94         1   -0.1705    0.5147    0.4480
DIM:ROT:      94         2   -0.1731    0.3569    0.3831
DIM:ROT:      94         3   -0.1748    0.3196    0.3155
DIM:ROT:      95         1   -0.2589    0.6568    0.4329
DIM:ROT:      95         2   -0.2622    0.3719    0.4878
DIM:ROT:      95         3   -0.2646    0.4304    0.3185
DIM:ROT:      96         1   -0.3166    0.3298    0.4077
DIM:ROT:      96         2   -0.3185    0.3290    0.3298
DIM:ROT:      96         3   -0.3202    0.2747    0.3363
DIM:ROT:      97         1   -0.3444    0.4092    0.4505
DIM:ROT:      97         2   -0.3468    0.3634    0.3752
DIM:ROT:      97         3   -0.3489    0.3210    0.3559
DIM:ROT:      98         1   -0.3331    0.4303    0.4234
DIM:ROT:      98         2   -0.3352    0.3248    0.3347
DIM:ROT:      98         3   -0.3367    0.2853    0.3116
DIM:ROT:      99         1   -0.2891    0.3088    0.3211
DIM:ROT:      99         2   -0.2901    0.2133    0.2617
DIM:ROT:      99         3   -0.2909    0.2143    0.2071
DIM:ROT:     100         1   -0.2341    0.3126    0.3130
DIM:ROT:     100         2   -0.2349    0.1773    0.2476
DIM:ROT:     100         3   -0.2355    0.1940    0.1675
DIM:ROT:     101         1   -0.2052    0.2460    0.2800
DIM:ROT:     101         2   -0.2058    0.1788    0.2051
DIM:ROT:     101         3   -0.2063    0.1648    0.1753
DIM:ROT:     102         1   -0.1604    0.4819    0.3935
DIM:ROT:     102         2   -0.1614    0.2423    0.2023
DIM:ROT:     102         3   -0.1620    0.1643    0.1872
DIM:ROT:     103         1   -0.1339    0.2985    0.3433
DIM:ROT:     103         2   -0.1348    0.1992    0.2373
DIM:ROT:     103         3   -0.1354    0.1881    0.2022
DIM:ROT:     104         1   -0.1205    0.4676    0.2665
DIM:ROT:     104         2   -0.1217    0.2394    0.2543
DIM:ROT:     104         3   -0.1224    0.1932    0.2070
DIM:ROT:     105         1   -0.1098    0.3808    0.5082
DIM:ROT:     105         2   -0.1112    0.2413    0.3114
DIM:ROT:     105         3   -0.1119    0.1967    0.2246
DIM:ROT:     106         1   -0.1056    0.6909    0.3957
DIM:ROT:     106         2   -0.1066    0.2091    0.2457
DIM:ROT:     106         3   -0.1072    0.1870    0.2041
DIM:ROT:     107         1   -0.0730    0.6197    0.3661
DIM:ROT:     107         2   -0.0739    0.2176    0.2277
DIM:ROT:     107         3   -0.0745    0.1816    0.1942
DIM:ROT:     108         1   -0.0245    0.3886    0.2594
DIM:ROT:     108         2   -0.0252    0.1706    0.2027
DIM:ROT:     108         3   -0.0256    0.1592    0.1531
DIM:ROT:     109         1    0.0644    0.3433    0.4524
DIM:ROT:     109         2    0.0631    0.2530    0.2886
DIM:ROT:     109         3    0.0622    0.2089    0.2430
DIM:ROT:     110         1    0.0989    0.6801    0.3852
DIM:ROT:     110         2    0.0970    0.3518    0.2819
DIM:ROT:     110         3    0.0958    0.3036    0.2391
DIM:ROT:     111         1    0.0623    0.8612    0.3953
DIM:ROT:     111         2    0.0600    0.4156    0.2987
DIM:ROT:     111         3    0.0587    0.2603    0.2983
DIM:ROT:     112         1   -0.0070    0.6862    0.4474
DIM:ROT:     112         2   -0.0093    0.3149    0.4019
DIM:ROT:     112         3   -0.0111    0.3574    0.2717
DIM:ROT:     113         1   -0.0548    0.4330    0.5446
DIM:ROT:     113         2   -0.0571    0.3317    0.3813
DIM:ROT:     113         3   -0.0586    0.2770    0.3218
DIM:ROT:     114         1   -0.0747    0.6855    0.4013
DIM:ROT:     114         2   -0.0764    0.2701    0.3551
DIM:ROT:     114         3   -0.0775    0.2855    0.2295
DIM:ROT:     115         1   -0.0926    0.5432    0.3928
DIM:ROT:     115         2   -0.0942    0.2519    0.3547
DIM:ROT:     115         3   -0.0953    0.2780    0.2289
DIM:ROT:     116         1   -0.0895    0.6663    0.4535
DIM:ROT:     116         2   -0.0915    0.2960    0.3483
DIM:ROT:     116         3   -0.0927    0.2481    0.2683
DIM:ROT:     117         1   -0.0627    0.5031    0.4613
DIM:ROT:     117         2   -0.0648    0.2869    0.3898
DIM:ROT:     117         3   -0.0663    0.3044    0.2811
DIM:ROT:     118         1   -0.0796    0.5960    0.5047
DIM:ROT:     118         2   -0.0824    0.3216    0.4803
DIM:ROT:     118         3   -0.0845    0.3818    0.3151
DIM:ROT:     119         1   -0.1312    0.6703    0.5800
DIM:ROT:     119         2   -0.1352    0.3975    0.5800
DIM:ROT:     119         3   -0.1384    0.4704    0.3834
DIM:ROT:     120         1   -0.1662    0.4518    0.4876
DIM:ROT:     120         2   -0.1691    0.3793    0.4452
DIM:ROT:     120         3   -0.1717    0.3720    0.3917
DIM:ROT:     121         1   -0.1907    0.3502    0.4409
DIM:ROT:     121         2   -0.1930    0.3395    0.3776
DIM:ROT:     121         3   -0.1949    0.3006    0.3703
DIM:ROT:     122         1   -0.2187    0.4009    0.3476
DIM:ROT:     122         2   -0.2206    0.2721    0.4115
DIM:ROT:     122         3   -0.2224    0.3463    0.2937
DIM:ROT:     123         1   -0.2297    0.2800    0.4011
DIM:ROT:     123         2   -0.2314    0.3423    0.2898
DIM:ROT:     123         3   -0.2329    0.2512    0.3541
DIM:ROT:     124         1   -0.2388    0.3531    0.2731
DIM:ROT:     124         2   -0.2402    0.2309    0.3439
DIM:ROT:     124         3   -0.2415    0.3102    0.2414
DIM:ROT:     125         1   -0.2389    0.2245    0.3438
DIM:ROT:     125         2   -0.2400    0.2867    0.2287
DIM:ROT:     125         3   -0.2410    0.2000    0.2968
DIM:ROT:     126         1   -0.2320    0.3422    0.2172
DIM:ROT:     126         2   -0.2331    0.1988    0.3139
DIM:ROT:     126         3   -0.2341    0.3074    0.1969
DIM:ROT:     127         1   -0.2265    0.1935    0.3201
DIM:ROT:     127         2   -0.2275    0.2938    0.1868
DIM:ROT:     127         3   -0.2284    0.1770    0.2856
DIM:ROT:     128         1   -0.1960    0.5018    0.2323
DIM:ROT:     128         2   -0.1970    0.1944    0.2940
DIM:ROT:     128         3   -0.1977    0.2275    0.1865
DIM:ROT:     129         1   -0.1629    0.2172    0.2917
DIM:ROT:     129         2   -0.1638    0.2265    0.2262
DIM:ROT:     129         3   -0.1646    0.1855    0.2402
DIM:ROT:     130         1   -0.1332    0.3505    0.2444
DIM:ROT:     130         2   -0.1342    0.1924    0.3153
DIM:ROT:     130         3   -0.1352    0.2779    0.1972
DIM:ROT:     131         1   -0.0959    0.2750    0.3726
DIM:ROT:     131         2   -0.0971    0.2613    0.2776
DIM:ROT:     131         3   -0.0981    0.2172    0.2761
DIM:ROT:     132         1   -0.0671    0.3867    0.2652
DIM:ROT:     132         2   -0.0683    0.2100    0.3285
DIM:ROT:     132         3   -0.0694    0.3008    0.2040
DIM:ROT:     133         1   -0.0492    0.2044    0.3230
DIM:ROT:     133         2   -0.0500    0.2457    0.1971
DIM:ROT:     133         3   -0.0507    0.1620    0.2432
DIM:ROT:     134         1   -0.0126    0.4944    0.2478
DIM:ROT:     134         2   -0.0132    0.1716    0.2205
DIM:ROT:     134         3   -0.0137    0.1645    0.1752
DIM:ROT:     135         1    0.0186    0.2241    0.2484
DIM:ROT:     135         2    0.0179    0.1777    0.2173
DIM:ROT:     135         3    0.0174    0.1756    0.1823
DIM:ROT:     136         1    0.0848    0.3547    0.2193
DIM:ROT:     136         2    0.0841    0.1599    0.2550
DIM:ROT:     136         3    0.0835    0.2253    0.1514
DIM:ROT:     137         1    0.1288    0.2121    0.3024
DIM:ROT:     137         2    0.1282    0.1760    0.1856
DIM:ROT:     137         3    0.1278    0.1338    0.1699
DIM:ROT:     138         1    0.1289    0.2966    0.2357
DIM:ROT:     138         2    0.1286    0.1137    0.1648
DIM:ROT:     138         3    0.1284    0.1217    0.1031
DIM:ROT:     139         1    0.0647    0.4570    0.3088
DIM:ROT:     139         2    0.0638    0.1912    0.2862
DIM:ROT:     139         3    0.0630    0.2427    0.1817
DIM:ROT:     140         1   -0.0414    0.6251    0.4355
DIM:ROT:     140         2   -0.0439    0.2968    0.4660
DIM:ROT:     140         3   -0.0460    0.4193    0.2888
DIM:ROT:     141         1   -0.1313    0.4426    0.5803
DIM:ROT:     141         2   -0.1341    0.3458    0.4408
DIM:ROT:     141         3   -0.1360    0.3128    0.3704
DIM:ROT:     142         1   -0.1658    0.5082    0.4493
DIM:ROT:     142         2   -0.1677    0.2516    0.4298
DIM:ROT:     142         3   -0.1693    0.3364    0.2664
DIM:ROT:     143         1   -0.1455    0.3559    0.4974
DIM:ROT:     143         2   -0.1469    0.2468    0.3245
DIM:ROT:     143         3   -0.1478    0.2017    0.2458
DIM:ROT:     144         1   -0.1463    0.2281    0.2198
DIM:ROT:     144         2   -0.1470    0.1707    0.2310
DIM:ROT:     144         3   -0.1476    0.1893    0.1788
DIM:ROT:     145         1   -0.1494    0.1465    0.2051
DIM:ROT:     145         2   -0.1499    0.1744    0.1562
DIM:ROT:     145         3   -0.1503    0.1330    0.1847
DIM:ROT:     146         1   -0.1483    0.1898    0.1424
DIM:ROT:     146         2   -0.1487    0.1261    0.1920
DIM:ROT:     146         3   -0.1491    0.1760    0.1317
DIM:ROT:     147         1   -0.1295    0.1284    0.2194
DIM:ROT:     147         2   -0.1299    0.1836    0.1214
DIM:ROT:     147         3   -0.1302    0.1081    0.1774
DIM:ROT:     148         1   -0.1153    0.3475    0.1172
DIM:ROT:     148         2   -0.1157    0.1197    0.1979
DIM:ROT:     148         3   -0.1160    0.1460    0.1087
DIM:ROT:     149         1   -0.1036    0.1168    0.1895
DIM:ROT:     149         2   -0.1039    0.1452    0.1127
DIM:ROT:     149         3   -0.1041    0.0954    0.1455
DIM:ROT:     150         1   -0.0989    0.3411    0.1012
DIM:ROT:     150         2   -0.0994    0.1155    0.2088
DIM:ROT:     150         3   -0.0997    0.1816    0.0965
DIM:ROT:     151         1   -0.0963    0.1377    0.2172
DIM:ROT:     151         2   -0.0966    0.1365    0.1274
DIM:ROT:     151         3   -0.0968    0.0962    0.1355
DIM:ROT:     152         1   -0.0892    0.2428    0.1235
DIM:ROT:     152         2   -0.0895    0.0952    0.1412
DIM:ROT:     152         3   -0.0896    0.1191    0.0950
DIM:ROT:     153         1   -0.0771    0.1076    0.1666
DIM:ROT:     153         2   -0.0772    0.1010    0.0991
DIM:ROT:     154         1   -0.0565    0.1969    0.2009
DIM:ROT:     154         2   -0.0568    0.0965    0.1534
DIM:ROT:     154         3   -0.0569    0.1062    0.0895
DIM:ROT:     155         1   -0.0441    0.1997    0.1677
DIM:ROT:     155         2   -0.0444    0.0879    0.1400
DIM:ROT:     155         3   -0.0445    0.1088    0.0840
DIM:ROT:     156         1   -0.0364    0.1768    0.1889
DIM:ROT:     156         2   -0.0367    0.1095    0.1574
DIM:ROT:     156         3   -0.0369    0.1151    0.1101
DIM:ROT:     157         1   -0.0227    0.2632    0.1823
DIM:ROT:     157         2   -0.0232    0.1220    0.1899
DIM:ROT:     157         3   -0.0235    0.1613    0.1190
DIM:ROT:     158         1   -0.0145    0.2518    0.2997
DIM:ROT:     158         2   -0.0150    0.1438    0.2064
DIM:ROT:     158         3   -0.0153    0.1360    0.1365
DIM:ROT:     159         1   -0.0144    0.1671    0.1298
DIM:ROT:     159         2   -0.0146    0.0928    0.1469
DIM:ROT:     159         3   -0.0149    0.1262    0.0942
DIM:ROT:     160         1   -0.0137    0.1265    0.2150
DIM:ROT:     160         2   -0.0139    0.1324    0.1065
DIM:ROT:     160         3   -0.0141    0.0791    0.1198
