MINMODE:METHOD: Dimer
DIM:CONTROL: Search Parameters:
DIM:CONTROL: ------------------
DIM:CONTROL: eigenmode_method = dimer
DIM:CONTROL: f_rot_min = 0.01
DIM:CONTROL: f_rot_max = 0.1
DIM:CONTROL: max_num_rot = 3
DIM:CONTROL: trial_angle = 0.7853981633974483
DIM:CONTROL: trial_trans_step = 0.001
DIM:CONTROL: maximum_translation = 0.1
DIM:CONTROL: cg_translation = True
DIM:CONTROL: use_central_forces = True
DIM:CONTROL: dimer_separation = 0.005
DIM:CONTROL: initial_eigenmode_method = gauss
DIM:CONTROL: extrapolate_forces = True
DIM:CONTROL: displacement_method = gauss
DIM:CONTROL: gauss_std = 0.1
DIM:CONTROL: order = 1
DIM:CONTROL: mask = None
DIM:CONTROL: displacement_center = None
DIM:CONTROL: displacement_radius = None
DIM:CONTROL: number_of_displacement_atoms = None
DIM:CONTROL: ------------------
DIM:ROT: OPT-STEP ROT-STEP CURVATURE ROT-ANGLE ROT-FORCE
DIM:ROT:       0         1  -17.9093   18.3190   20.2557
DIM:ROT:       0         2  -21.6314    9.6381   21.8484
DIM:ROT:       0         3  -23.9898    9.8340   13.4926
DIM:ROT:       1         1  -26.6315    9.9905   15.9550
DIM:ROT:       1         2  -27.9415    6.9641   10.7763
DIM:ROT:       1         3  -28.5694    4.6232    7.6455
DIM:ROT:       2         1  -24.1989    8.0392    7.0577
DIM:ROT:       2         2  -24.4102    2.3828    4.7518
DIM:ROT:       2         3  -24.4711    1.7390    2.0133
DIM:ROT:       3         1  -21.5243    3.4274    5.2003
DIM:ROT:       3         2  -21.6298    1.8242    3.1215
DIM:ROT:       3         3  -21.6622    1.1393    1.7066
DIM:ROT:       4         1  -19.2344    3.1405    3.4085
DIM:ROT:       4         2  -19.2988    1.2814    2.5278
DIM:ROT:       4         3  -19.3223    1.0420    1.2551
DIM:ROT:       5         1  -15.4933    3.2410    3.0254
DIM:ROT:       5         2  -15.5569    1.4094    2.1605
DIM:ROT:       5         3  -15.5808    0.9862    1.3046
DIM:ROT:       6         1  -13.0988    3.9948    2.6478
DIM:ROT:       6         2  -13.1514    1.1672    2.0594
DIM:ROT:       6         3  -13.1665    0.7528    1.0266
DIM:ROT:       7         1  -11.8515    2.1444    1.9478
DIM:ROT:       7         2  -11.8886    0.9599    1.9134
DIM:ROT:       7         3  -11.9067    0.9075    1.0452
DIM:ROT:       8         1  -11.0302    2.6432    2.3854
DIM:ROT:       8         2  -11.0802    1.1199    2.2122
DIM:ROT:       8         3  -11.1026    1.0878    1.1015
DIM:ROT:       9         1  -11.5087    0.7044    1.3013
DIM:ROT:       9         2  -11.5173    0.6160    0.7139
DIM:ROT:       9         3  -11.5234    0.3950    0.7054
DIM:ROT:      10         1  -13.0480    1.4324    1.8079
DIM:ROT:      10         2  -13.0633    0.8588    0.9622
DIM:ROT:      10         3  -13.0710    0.4580    0.8059
DIM:ROT:      11         1  -13.2403    0.7262    0.7447
DIM:ROT:      11         2  -13.2440    0.3566    0.5926
DIM:ROT:      11         3  -13.2459    0.2788    0.3543
DIM:ROT:      12         1  -16.0051    3.5086    3.3910
DIM:ROT:      12         2  -16.0631    1.5835    2.4476
DIM:ROT:      12         3  -16.0911    1.0963    1.3275
DIM:ROT:      13         1  -18.4383    2.7400    3.5611
DIM:ROT:      13         2  -18.5060    1.6598    2.2020
DIM:ROT:      13         3  -18.5413    1.0563    1.7172
DIM:ROT:      14         1  -20.4261    3.7890    3.6572
DIM:ROT:      14         2  -20.5036    1.5618    2.7504
DIM:ROT:      14         3  -20.5327    1.0239    1.4688
DIM:ROT:      15         1  -21.4647    4.2720    4.9293
DIM:ROT:      15         2  -21.5830    2.0439    3.6309
DIM:ROT:      15         3  -21.6372    1.3617    2.0916
DIM:ROT:      16         1  -20.0589    3.0797    3.5011
DIM:ROT:      16         2  -20.1298    1.4089    2.9472
DIM:ROT:      16         3  -20.1622    1.1582    1.5925
DIM:ROT:      17         1  -16.5257    2.8822    3.5019
DIM:ROT:      17         2  -16.5880    1.4465    2.3061
DIM:ROT:      17         3  -16.6172    1.1113    1.4361
DIM:ROT:      18         1  -15.9022    4.3389    3.0130
DIM:ROT:      18         2  -15.9844    1.6650    3.0022
DIM:ROT:      18         3  -16.0168    1.1313    1.6795
DIM:ROT:      19         1  -17.3269    7.8681    5.1181
DIM:ROT:      19         2  -17.6032    2.7154    6.2408
DIM:ROT:      19         3  -17.7178    2.2523    2.8438
DIM:ROT:      20         1  -18.7718    2.9635    3.8092
DIM:ROT:      20         2  -18.8883    1.9775    3.3179
DIM:ROT:      20         3  -18.9557    1.7310    2.2649
DIM:ROT:      21         1  -20.9639    3.5616    3.3847
DIM:ROT:      21         2  -21.0527    1.4788    3.2921
DIM:ROT:      21         3  -21.0945    1.4398    1.5974
DIM:ROT:      22         1  -22.1091    1.9539    2.6042
DIM:ROT:      22         2  -22.1411    0.9318    2.0231
DIM:ROT:      22         3  -22.1545    0.7703    1.1177
DIM:ROT:      23         1  -21.6073    1.0068    1.3532
DIM:ROT:      23         2  -21.6171    0.6271    1.0839
DIM:ROT:      23         3  -21.6225    0.5268    0.7330
DIM:ROT:      24         1  -18.2013    5.5921    3.7762
DIM:ROT:      24         2  -18.2720    1.6984    2.9448
DIM:ROT:      24         3  -18.2922    1.0222    1.3789
DIM:ROT:      25         1  -13.3214    5.7257    4.8052
DIM:ROT:      25         2  -13.4442    1.9499    3.7608
DIM:ROT:      25         3  -13.4814    1.2487    1.9508
DIM:ROT:      26         1  -12.3513    2.9060    2.8685
DIM:ROT:      26         2  -12.4078    1.3119    2.3920
DIM:ROT:      26         3  -12.4285    1.0627    1.2554
DIM:ROT:      27         1  -11.4658    4.6928    3.6963
DIM:ROT:      27         2  -11.5483    1.4528    2.8601
DIM:ROT:      27         3  -11.5706    1.0006    1.3474
DIM:ROT:      28         1  -11.1135    6.6299    5.5384
DIM:ROT:      28         2  -11.2535    1.9605    3.5469
DIM:ROT:      28         3  -11.2890    1.2074    1.7443
DIM:ROT:      29         1  -11.5145    1.0503    1.4665
DIM:ROT:      29         2  -11.5285    0.7190    1.1481
DIM:ROT:      29         3  -11.5375    0.6079    0.8288
DIM:ROT:      30         1  -12.0588    1.7759    1.6014
DIM:ROT:      30         2  -12.0821    0.6118    1.3407
DIM:ROT:      30         3  -12.0886    0.6141    0.6014
DIM:ROT:      31         1  -13.0373    3.6112    2.9372
DIM:ROT:      31         2  -13.1034    1.1087    2.0014
DIM:ROT:      31         3  -13.1155    0.7165    0.9284
DIM:ROT:      32         1  -15.2898    5.6536    3.8428
DIM:ROT:      32         2  -15.4074    1.4769    2.9173
DIM:ROT:      32         3  -15.4279    1.0006    1.1486
DIM:ROT:      33         1  -16.3033    1.3920    1.8848
DIM:ROT:      33         2  -16.3253    0.7287    1.4720
DIM:ROT:      33         3  -16.3369    0.6238    0.9022
DIM:ROT:      34         1  -16.5848    1.1673    1.7229
DIM:ROT:      34         2  -16.5959    0.5992    1.0964
DIM:ROT:      34         3  -16.6014    0.4463    0.7293
DIM:ROT:      35         1  -16.0391    1.0502    1.1320
DIM:ROT:      35         2  -16.0445    0.4606    0.7585
DIM:ROT:      35         3  -16.0467    0.3251    0.4396
DIM:ROT:      36         1  -15.7115    1.2337    1.2579
DIM:ROT:      36         2  -15.7193    0.5540    0.7908
DIM:ROT:      36         3  -15.7216    0.3515    0.4525
DIM:ROT:      37         1  -15.9067    1.1746    1.4829
DIM:ROT:      37         2  -15.9143    0.5509    0.8718
DIM:ROT:      37         3  -15.9179    0.3677    0.6010
DIM:ROT:      38         1  -15.5818    1.4642    1.6526
DIM:ROT:      38         2  -15.5932    0.7089    0.9443
DIM:ROT:      38         3  -15.5977    0.4304    0.6153
DIM:ROT:      39         1  -15.5582    1.5824    2.0800
DIM:ROT:      39         2  -15.5736    0.9430    1.0537
DIM:ROT:      39         3  -15.5805    0.5118    0.8427
DIM:ROT:      40         1  -17.0481    3.2151    2.2899
DIM:ROT:      40         2  -17.1008    0.8313    1.8266
DIM:ROT:      40         3  -17.1081    0.5840    0.7546
DIM:ROT:      41         1  -19.3723    5.8587    3.8327
DIM:ROT:      41         2  -19.5166    1.6666    3.0964
DIM:ROT:      41         3  -19.5416    1.1175    1.3326
DIM:ROT:      42         1  -25.4357   12.6359    7.7158
DIM:ROT:      42         2  -25.9647    3.4828    6.9819
DIM:ROT:      42         3  -26.0700    2.3779    2.6501
DIM:ROT:      43         1  -32.1303    7.0324    6.5371
DIM:ROT:      43         2  -32.4440    2.4668    6.6769
DIM:ROT:      43         3  -32.5576    2.3502    2.7030
DIM:ROT:      44         1  -35.2525    2.6223    4.1978
DIM:ROT:      44         2  -35.3405    1.4451    3.3953
DIM:ROT:      44         3  -35.3818    1.2113    1.9417
DIM:ROT:      45         1  -36.2193    1.7658    2.4513
DIM:ROT:      45         2  -36.2338    0.6847    1.5036
DIM:ROT:      45         3  -36.2393    0.4715    0.6869
DIM:ROT:      46         1  -34.3263    7.4486    6.1016
DIM:ROT:      46         2  -34.3238    1.2875    2.0954
DIM:ROT:      46         3  -34.3345    0.7267    1.1403
DIM:ROT:      47         1  -30.7945    4.5973    4.1507
DIM:ROT:      47         2  -30.8573    1.4828    3.3261
DIM:ROT:      47         3  -30.8888    1.1759    1.6837
DIM:ROT:      48         1  -26.6903   12.3246    6.5434
DIM:ROT:      48         2  -27.0347    3.3875    5.6855
DIM:ROT:      48         3  -27.1194    2.1028    2.3406
DIM:ROT:      49         1  -23.9662   15.9919   12.9424
DIM:ROT:      49         2  -24.7578    4.7526    9.1726
DIM:ROT:      49         3  -24.9427    2.6827    3.9950
DIM:ROT:      50         1  -26.2492    9.3834   13.9318
DIM:ROT:      50         2  -26.7255    3.9483    7.2244
DIM:ROT:      50         3  -26.8612    2.1802    3.8682
DIM:ROT:      51         1  -31.3896    4.4804    5.3155
DIM:ROT:      51         2  -31.4858    1.4158    2.9632
DIM:ROT:      51         3  -31.5005    0.8104    1.2198
DIM:ROT:      52         1  -33.7538    2.9834    3.5103
DIM:ROT:      52         2  -33.8219    1.1179    2.5515
DIM:ROT:      52         3  -33.8345    0.7786    1.0970
DIM:ROT:      53         1  -34.4203    0.8109    1.3466
DIM:ROT:      53         2  -34.4304    0.4602    0.8506
DIM:ROT:      53         3  -34.4338    0.3008    0.5414
DIM:ROT:      54         1  -35.2853    5.4631    5.1735
DIM:ROT:      54         2  -35.4466    1.9585    3.8470
DIM:ROT:      54         3  -35.4774    1.4485    1.5668
DIM:ROT:      55         1  -33.3977   15.1071   11.7626
DIM:ROT:      55         2  -33.6474    2.6647    5.2455
DIM:ROT:      55         3  -33.6867    1.1514    1.7917
DIM:ROT:      56         1  -27.6503    2.3090    3.0371
DIM:ROT:      56         2  -27.6850    0.8737    1.8464
DIM:ROT:      56         3  -27.6958    0.5845    0.8523
DIM:ROT:      57         1  -29.1772    0.8774    1.2208
DIM:ROT:      57         2  -29.1803    0.3409    0.7553
DIM:ROT:      57         3  -29.1826    0.2516    0.3431
DIM:ROT:      58         1  -31.5293    1.9356    1.9695
DIM:ROT:      58         2  -31.5278    0.3459    0.6628
DIM:ROT:      58         3  -31.5294    0.2090    0.2550
DIM:ROT:      59         1  -32.0535    0.6614    0.7105
DIM:ROT:      59         2  -32.0546    0.1701    0.3595
DIM:ROT:      59         3  -32.0550    0.0901    0.1309
DIM:ROT:      60         1  -30.7534    1.1405    1.4224
DIM:ROT:      60         2  -30.7622    0.3572    0.7107
DIM:ROT:      60         3  -30.7638    0.1894    0.2782
DIM:ROT:      61         1  -28.4264    1.5123    1.6434
DIM:ROT:      61         2  -28.4362    0.3611    0.7347
DIM:ROT:      61         3  -28.4380    0.1837    0.2500
DIM:ROT:      62         1  -27.4515    0.6377    0.6804
DIM:ROT:      62         2  -27.4544    0.1676    0.3368
DIM:ROT:      62         3  -27.4551    0.0904    0.1327
DIM:ROT:      63         1  -28.6624    0.8575    1.1240
DIM:ROT:      63         2  -28.6650    0.3151    0.5462
DIM:ROT:      63         3  -28.6668    0.1903    0.2415
DIM:ROT:      64         1  -29.0332    0.5531    0.8691
DIM:ROT:      64         2  -29.0348    0.2772    0.3916
DIM:ROT:      64         3  -29.0358    0.1375    0.2209
DIM:ROT:      65         1  -28.4142    0.4384    0.6041
DIM:ROT:      65         2  -28.4162    0.1875    0.3354
DIM:ROT:      65         3  -28.4168    0.1145    0.1814
DIM:ROT:      66         1  -28.3901    0.7442    0.8604
DIM:ROT:      66         2  -28.3950    0.2564    0.4431
DIM:ROT:      66         3  -28.3959    0.1332    0.2019
DIM:ROT:      67         1  -27.8343    1.0925    1.2420
DIM:ROT:      67         2  -27.8405    0.2698    0.4891
DIM:ROT:      67         3  -27.8414    0.1350    0.1604
DIM:ROT:      68         1  -26.8291    1.2642    1.3202
DIM:ROT:      68         2  -26.8341    0.2412    0.4714
DIM:ROT:      68         3  -26.8350    0.1318    0.1750
DIM:ROT:      69         1  -27.0127    0.5127    0.7931
DIM:ROT:      69         2  -27.0145    0.2341    0.3653
DIM:ROT:      69         3  -27.0153    0.1261    0.2090
DIM:ROT:      70         1  -27.7344    0.7497    1.0800
DIM:ROT:      70         2  -27.7354    0.2773    0.4937
DIM:ROT:      70         3  -27.7364    0.1469    0.2187
DIM:ROT:      71         1  -28.6807    0.8665    1.2162
DIM:ROT:      71         2  -28.6822    0.3527    0.5945
DIM:ROT:      71         3  -28.6839    0.2122    0.2838
DIM:ROT:      72         1  -28.4909    0.5740    0.6309
DIM:ROT:      72         2  -28.4927    0.2030    0.4107
DIM:ROT:      72         3  -28.4933    0.1316    0.1800
DIM:ROT:      73         1  -27.6974    0.5369    0.6232
DIM:ROT:      73         2  -27.6992    0.1516    0.3279
DIM:ROT:      73         3  -27.6996    0.0881    0.1319
DIM:ROT:      74         1  -26.8306    0.7040    0.7622
DIM:ROT:      74         2  -26.8329    0.1656    0.3414
DIM:ROT:      74         3  -26.8334    0.0938    0.1366
DIM:ROT:      75         1  -26.8029    0.2838    0.4068
DIM:ROT:      75         2  -26.8040    0.1151    0.2333
DIM:ROT:      75         3  -26.8044    0.0801    0.1193
DIM:ROT:      76         1  -26.8204    0.4756    0.6049
DIM:ROT:      76         2  -26.8218    0.1985    0.3014
DIM:ROT:      76         3  -26.8223    0.1038    0.1617
DIM:ROT:      77         1  -26.3494    0.4979    0.5697
DIM:ROT:      77         2  -26.3508    0.2262    0.3407
DIM:ROT:      77         3  -26.3515    0.1397    0.1885
DIM:ROT:      78         1  -26.1040    0.3869    0.5657
DIM:ROT:      78         2  -26.1045    0.1990    0.3362
DIM:ROT:      78         3  -26.1052    0.1303    0.2155
DIM:ROT:      79         1  -25.3953    0.4501    0.5743
DIM:ROT:      79         2  -25.3962    0.1501    0.3083
DIM:ROT:      79         3  -25.3964    0.0937    0.1341
DIM:ROT:      80         1  -24.1224    0.9057    1.0699
DIM:ROT:      80         2  -24.1252    0.2721    0.5436
DIM:ROT:      80         3  -24.1258    0.1468    0.2110
DIM:ROT:      81         1  -23.2479    0.8308    0.8752
DIM:ROT:      81         2  -23.2502    0.2351    0.4281
DIM:ROT:      81         3  -23.2507    0.1340    0.1535
DIM:ROT:      82         1  -22.7353    0.5938    0.5769
DIM:ROT:      82         2  -22.7363    0.1718    0.3054
DIM:ROT:      82         3  -22.7366    0.1000    0.1161
DIM:ROT:      83         1  -22.2614    0.8230    0.8783
DIM:ROT:      83         2  -22.2627    0.2681    0.4837
DIM:ROT:      83         3  -22.2633    0.1466    0.2056
DIM:ROT:      84         1  -21.8275    0.6797    0.5750
DIM:ROT:      84         2  -21.8283    0.1738    0.2975
DIM:ROT:      84         3  -21.8285    0.1078    0.1369
DIM:ROT:      85         1  -21.5784    0.4519    0.5722
DIM:ROT:      85         2  -21.5794    0.1771    0.2984
DIM:ROT:      85         3  -21.5796    0.1031    0.1582
DIM:ROT:      86         1  -21.3287    0.5495    0.5647
DIM:ROT:      86         2  -21.3294    0.1529    0.2578
DIM:ROT:      86         3  -21.3295    0.0787    0.1168
DIM:ROT:      87         1  -20.7195    0.5662    0.6177
DIM:ROT:      87         2  -20.7206    0.1987    0.3141
DIM:ROT:      87         3  -20.7209    0.1150    0.1494
DIM:ROT:      88         1  -20.5301    0.2183    0.2400
DIM:ROT:      88         2  -20.5304    0.0922    0.1541
DIM:ROT:      88         3  -20.5305    0.0597    0.0844
DIM:ROT:      89         1  -20.5446    0.1595    0.2304
DIM:ROT:      89         2  -20.5447    0.0800    0.1143
DIM:ROT:      89         3  -20.5448    0.0462    0.0721
DIM:ROT:      90         1  -20.7112    0.4463    0.5912
DIM:ROT:      90         2  -20.7107    0.1840    0.3082
DIM:ROT:      90         3  -20.7108    0.1070    0.1556
DIM:ROT:      91         1  -20.1801    0.5340    0.7774
DIM:ROT:      91         2  -20.1817    0.2822    0.3863
DIM:ROT:      91         3  -20.1820    0.1536    0.2448
DIM:ROT:      92         1  -20.0862    0.3692    0.5320
DIM:ROT:      92         2  -20.0874    0.2292    0.2698
DIM:ROT:      92         3  -20.0878    0.1305    0.1839
DIM:ROT:      93         1  -20.3573    0.6019    0.7581
DIM:ROT:      93         2  -20.3600    0.2739    0.4044
DIM:ROT:      93         3  -20.3608    0.1646    0.2305
DIM:ROT:      94         1  -20.6325    0.7065    0.9429
DIM:ROT:      94         2  -20.6361    0.3400    0.4598
DIM:ROT:      94         3  -20.6374    0.1973    0.2730
DIM:ROT:      95         1  -20.8356    0.4470    0.6056
DIM:ROT:      95         2  -20.8366    0.2178    0.2964
DIM:ROT:      95         3  -20.8371    0.1276    0.1809
DIM:ROT:      96         1  -21.2714    0.4947    0.6466
DIM:ROT:      96         2  -21.2727    0.2343    0.3206
DIM:ROT:      96         3  -21.2733    0.1447    0.1828
DIM:ROT:      97         1  -22.0433    0.7466    0.8944
DIM:ROT:      97         2  -22.0467    0.3288    0.4933
DIM:ROT:      97         3  -22.0480    0.2126    0.2637
DIM:ROT:      98         1  -21.5883    0.5598    0.6115
DIM:ROT:      98         2  -21.5896    0.1772    0.3211
DIM:ROT:      98         3  -21.5899    0.1028    0.1460
DIM:ROT:      99         1  -20.9936    0.6699    0.7654
DIM:ROT:      99         2  -20.9950    0.2107    0.4026
DIM:ROT:      99         3  -20.9955    0.1316    0.1762
DIM:ROT:     100         1  -21.0578    0.4455    0.5648
DIM:ROT:     100         2  -21.0591    0.2227    0.3258
DIM:ROT:     100         3  -21.0599    0.1456    0.1875
DIM:ROT:     101         1  -21.0815    0.4075    0.4952
DIM:ROT:     101         2  -21.0824    0.1646    0.2731
DIM:ROT:     101         3  -21.0827    0.1012    0.1520
DIM:ROT:     102         1  -21.0565    0.2682    0.3306
DIM:ROT:     102         2  -21.0569    0.1135    0.1530
DIM:ROT:     102         3  -21.0569    0.0607    0.0896
DIM:ROT:     103         1  -21.5921    0.5851    0.6354
DIM:ROT:     103         2  -21.5919    0.1741    0.2489
DIM:ROT:     103         3  -21.5920    0.1053    0.1151
DIM:ROT:     104         1  -21.8450    0.3097    0.3568
DIM:ROT:     104         2  -21.8457    0.1335    0.1875
DIM:ROT:     104         3  -21.8459    0.0778    0.1118
DIM:ROT:     105         1  -21.3858    0.3221    0.3373
DIM:ROT:     105         2  -21.3862    0.0972    0.1721
DIM:ROT:     105         3  -21.3863    0.0545    0.0765
DIM:ROT:     106         1  -20.8351    0.4600    0.4934
DIM:ROT:     106         2  -20.8361    0.1828    0.2901
DIM:ROT:     106         3  -20.8365    0.1151    0.1381
DIM:ROT:     107         1  -20.5025    0.4781    0.5864
DIM:ROT:     107         2  -20.5035    0.2125    0.2986
DIM:ROT:     107         3  -20.5040    0.1177    0.1558
DIM:ROT:     108         1  -20.2436    0.2955    0.3889
DIM:ROT:     108         2  -20.2442    0.1607    0.1985
DIM:ROT:     108         3  -20.2444    0.0940    0.1233
DIM:ROT:     109         1  -20.1092    0.4876    0.5595
DIM:ROT:     109         2  -20.1091    0.1994    0.3319
DIM:ROT:     109         3  -20.1095    0.1283    0.1780
DIM:ROT:     110         1  -20.0281    0.2335    0.2999
DIM:ROT:     110         2  -20.0283    0.1163    0.2056
DIM:ROT:     110         3  -20.0284    0.0879    0.1228
DIM:ROT:     111         1  -20.0149    0.2941    0.3101
DIM:ROT:     111         2  -20.0157    0.1175    0.1507
DIM:ROT:     111         3  -20.0158    0.0676    0.0779
DIM:ROT:     112         1  -20.1888    0.3613    0.4080
DIM:ROT:     112         2  -20.1897    0.1355    0.2268
DIM:ROT:     112         3  -20.1898    0.0802    0.1150
DIM:ROT:     113         1  -20.0839    0.3811    0.3505
DIM:ROT:     113         2  -20.0844    0.1181    0.1916
DIM:ROT:     113         3  -20.0844    0.0755    0.0879
DIM:ROT:     114         1  -19.9333    0.2513    0.2955
DIM:ROT:     114         2  -19.9336    0.0990    0.1707
DIM:ROT:     114         3  -19.9337    0.0652    0.0840
DIM:ROT:     115         1  -20.1353    0.4130    0.6981
DIM:ROT:     115         2  -20.1355    0.2255    0.2803
DIM:ROT:     115         3  -20.1358    0.1123    0.1882
DIM:ROT:     116         1  -20.1985    0.4088    0.4310
DIM:ROT:     116         2  -20.1984    0.1681    0.2613
DIM:ROT:     116         3  -20.1985    0.1278    0.1304
DIM:ROT:     117         1  -20.1776    0.3948    0.4321
DIM:ROT:     117         2  -20.1775    0.1661    0.2604
DIM:ROT:     117         3  -20.1776    0.1203    0.1290
DIM:ROT:     118         1  -20.3296    0.2887    0.4349
DIM:ROT:     118         2  -20.3297    0.1484    0.2061
DIM:ROT:     118         3  -20.3297    0.0817    0.1258
DIM:ROT:     119         1  -20.3458    0.2658    0.3349
DIM:ROT:     119         2  -20.3463    0.1074    0.1809
DIM:ROT:     119         3  -20.3463    0.0675    0.0952
DIM:ROT:     120         1  -20.2032    0.3120    0.4019
DIM:ROT:     120         2  -20.2036    0.1270    0.1962
DIM:ROT:     120         3  -20.2036    0.0735    0.0990
DIM:ROT:     121         1  -20.1811    0.3192    0.5537
DIM:ROT:     121         2  -20.1815    0.1480    0.1838
DIM:ROT:     121         3  -20.1817    0.0661    0.1111
DIM:ROT:     122         1  -20.3498    0.2187    0.3279
DIM:ROT:     122         2  -20.3498    0.1154    0.1562
DIM:ROT:     122         3  -20.3499    0.0699    0.1066
DIM:ROT:     123         1  -20.3614    0.3560    0.4868
DIM:ROT:     123         2  -20.3614    0.1801    0.2532
DIM:ROT:     123         3  -20.3615    0.1112    0.1521
DIM:ROT:     124         1  -20.2923    0.3264    0.4384
DIM:ROT:     124         2  -20.2924    0.1699    0.2450
DIM:ROT:     124         3  -20.2925    0.1072    0.1435
DIM:ROT:     125         1  -20.4075    0.3339    0.3604
DIM:ROT:     125         2  -20.4075    0.1354    0.2159
DIM:ROT:     125         3  -20.4076    0.0956    0.1056
DIM:ROT:     126         1  -20.3854    0.5086    0.4567
DIM:ROT:     126         2  -20.3860    0.1683    0.2710
DIM:ROT:     126         3  -20.3861    0.1185    0.1238
DIM:ROT:     127         1  -20.1935    0.3304    0.4728
DIM:ROT:     127         2  -20.1940    0.1644    0.2200
DIM:ROT:     127         3  -20.1942    0.0894    0.1279
DIM:ROT:     128         1  -19.9006    0.3887    0.6654
DIM:ROT:     128         2  -19.9013    0.2140    0.2366
DIM:ROT:     128         3  -19.9015    0.0967    0.1617
DIM:ROT:     129         1  -19.3172    0.5986    0.8907
DIM:ROT:     129         2  -19.3190    0.3336    0.3857
DIM:ROT:     129         3  -19.3195    0.1712    0.2434
DIM:ROT:     130         1  -19.2557    0.3689    0.4185
DIM:ROT:     130         2  -19.2559    0.1554    0.2393
DIM:ROT:     130         3  -19.2560    0.0957    0.1209
DIM:ROT:     131         1  -19.5389    0.8934    1.1363
DIM:ROT:     131         2  -19.5403    0.3907    0.5749
DIM:ROT:     131         3  -19.5412    0.2161    0.3060
DIM:ROT:     132         1  -19.5679    1.6086    1.6009
DIM:ROT:     132         2  -19.5750    0.5831    0.8846
DIM:ROT:     132         3  -19.5775    0.3889    0.3872
DIM:ROT:     133         1  -19.1860    0.7542    0.7463
DIM:ROT:     133         2  -19.1883    0.2668    0.5096
DIM:ROT:     133         3  -19.1893    0.2074    0.2375
DIM:ROT:     134         1  -19.3316    1.7877    1.8453
DIM:ROT:     134         2  -19.3383    0.7140    1.1023
DIM:ROT:     134         3  -19.3428    0.4600    0.5535
DIM:ROT:     135         1  -20.7297    2.9741    2.6920
DIM:ROT:     135         2  -20.7440    0.9736    1.5880
DIM:ROT:     135         3  -20.7533    0.6139    0.7205
DIM:ROT:     136         1  -21.0666    0.9299    1.0497
DIM:ROT:     136         2  -21.0721    0.4164    0.6873
DIM:ROT:     136         3  -21.0742    0.2835    0.3834
DIM:ROT:     137         1  -21.2605    0.6618    1.0726
DIM:ROT:     137         2  -21.2644    0.3368    0.5359
DIM:ROT:     137         3  -21.2661    0.2107    0.3392
DIM:ROT:     138         1  -21.0993    0.5669    0.6913
DIM:ROT:     138         2  -21.1016    0.3160    0.3388
DIM:ROT:     138         3  -21.1025    0.1701    0.2186
DIM:ROT:     139         1  -19.1059    1.7385    1.8934
DIM:ROT:     139         2  -19.1189    0.6630    1.2278
DIM:ROT:     139         3  -19.1210    0.5003    0.5880
DIM:ROT:     140         1  -13.1281    6.5818    5.9561
DIM:ROT:     140         2  -13.2524    2.1214    3.6565
DIM:ROT:     140         3  -13.2969    1.5783    1.6586
DIM:ROT:     141         1  -13.2044    1.0095    1.7755
DIM:ROT:     141         2  -13.2194    0.9029    0.9809
DIM:ROT:     141         3  -13.2276    0.5294    0.9069
DIM:ROT:     142         1  -13.2008    1.8228    1.2147
DIM:ROT:     142         2  -13.2065    0.4796    0.8477
DIM:ROT:     142         3  -13.2095    0.3955    0.4245
DIM:ROT:     143         1  -13.1280    0.8294    0.9007
DIM:ROT:     143         2  -13.1323    0.4309    0.7820
DIM:ROT:     143         3  -13.1355    0.4028    0.4269
DIM:ROT:     144         1  -13.1829    0.8836    0.7473
DIM:ROT:     144         2  -13.1857    0.3345    0.6788
DIM:ROT:     144         3  -13.1874    0.3345    0.3007
DIM:ROT:     145         1  -13.1448    0.6523    0.7043
DIM:ROT:     145         2  -13.1473    0.3263    0.6040
DIM:ROT:     145         3  -13.1488    0.2991    0.3281
DIM:ROT:     146         1  -13.0683    0.3345    0.4102
DIM:ROT:     146         2  -13.0690    0.1978    0.3279
DIM:ROT:     146         3  -13.0694    0.1708    0.2162
DIM:ROT:     147         1  -12.9628    0.3018    0.3190
DIM:ROT:     147         2  -12.9630    0.1556    0.2335
DIM:ROT:     147         3  -12.9631    0.1135    0.1490
DIM:ROT:     148         1  -12.9431    0.1626    0.2132
DIM:ROT:     148         2  -12.9433    0.0956    0.1517
DIM:ROT:     148         3  -12.9434    0.0764    0.1025
DIM:ROT:     149         1  -12.9524    0.2008    0.1877
DIM:ROT:     149         2  -12.9525    0.0811    0.1492
DIM:ROT:     149         3  -12.9526    0.0676    0.0745
DIM:ROT:     150         1  -12.9626    0.1662    0.1449
DIM:ROT:     150         2  -12.9627    0.0786    0.0979
DIM:ROT:     151         1  -12.9938    0.1540    0.1895
DIM:ROT:     151         2  -12.9941    0.0754    0.0870
DIM:ROT:     152         1  -13.1212    0.2352    0.2501
DIM:ROT:     152         2  -13.1216    0.1047    0.1406
DIM:ROT:     152         3  -13.1216    0.0623    0.0870
DIM:ROT:     153         1  -13.1574    0.2375    0.2408
DIM:ROT:     153         2  -13.1574    0.1335    0.1294
DIM:ROT:     153         3  -13.1573    0.0754    0.0804
DIM:ROT:     154         1  -13.1103    0.2478    0.1709
DIM:ROT:     154         2  -13.1101    0.0688    0.1375
DIM:ROT:     154         3  -13.1101    0.0533    0.0549
DIM:ROT:     155         1  -13.0570    0.1506    0.1178
DIM:ROT:     155         2  -13.0570    0.0544    0.1000
DIM:ROT:     155         3  -13.0570    0.0440    0.0485
DIM:ROT:     156         1  -13.0338    0.0971    0.0841
DIM:ROT:     157         1  -12.8948    0.1298    0.1345
DIM:ROT:     157         2  -12.8948    0.0724    0.1062
DIM:ROT:     157         3  -12.8948    0.0576    0.0696
DIM:ROT:     158         1  -12.7631    0.1252    0.1569
DIM:ROT:     158         2  -12.7632    0.0686    0.1071
DIM:ROT:     158         3  -12.7632    0.0541    0.0694
DIM:ROT:     159         1  -12.7265    0.0788    0.0929
DIM:ROT:     160         1  -12.7294    0.0846    0.0939
DIM:ROT:     161         1  -12.6985    0.0691    0.0886
DIM:ROT:     162         1  -12.6671    0.0895    0.0874
DIM:ROT:     163         1  -12.6555    0.0688    0.1101
DIM:ROT:     163         2  -12.6555    0.0540    0.0703
DIM:ROT:     164         1  -12.6429    0.0552    0.0710
DIM:ROT:     165         1  -12.6159    0.0600    0.0830
DIM:ROT:     166         1  -12.6001    0.0500    0.0687
DIM:ROT:     167         1  -12.5870    0.0522    0.0603
DIM:ROT:     168         1  -12.5910    0.0400    0.0657
DIM:ROT:     169         1  -12.6064    0.0311    0.0475
DIM:ROT:     170         1  -12.6255    0.0418    0.0517
DIM:ROT:     171         1  -12.6597    0.0537    0.0594
DIM:ROT:     172         1  -12.6825    0.0519    0.0615
DIM:ROT:     173         1  -12.6981    0.0420    0.0567
DIM:ROT:     174         1  -12.7039    0.0387    0.0502
DIM:ROT:     175         1  -12.7147    0.0354    0.0512
DIM:ROT:     176         1  -12.7218    0.0322    0.0459
DIM:ROT:     177         1  -12.7254    0.0278    0.0388
DIM:ROT:     178         1  -12.7316    0.0286    0.0365
DIM:ROT:     179         1  -12.7418    0.0404    0.0497
DIM:ROT:     180         1  -12.7507    0.0311    0.0510
DIM:ROT:     181         1  -12.7621    0.0405    0.0417
DIM:ROT:     182         1  -12.7665    0.0253    0.0439
