MINMODE:METHOD: Dimer
DIM:CONTROL: Search Parameters:
DIM:CONTROL: ------------------
DIM:CONTROL: eigenmode_method = dimer
DIM:CONTROL: f_rot_min = 0.01
DIM:CONTROL: f_rot_max = 0.1
DIM:CONTROL: max_num_rot = 3
DIM:CONTROL: trial_angle = 0.7853981633974483
DIM:CONTROL: trial_trans_step = 0.001
DIM:CONTROL: maximum_translation = 0.1
DIM:CONTROL: cg_translation = True
DIM:CONTROL: use_central_forces = True
DIM:CONTROL: dimer_separation = 0.005
DIM:CONTROL: initial_eigenmode_method = gauss
DIM:CONTROL: extrapolate_forces = True
DIM:CONTROL: displacement_method = gauss
DIM:CONTROL: gauss_std = 0.1
DIM:CONTROL: order = 1
DIM:CONTROL: mask = None
DIM:CONTROL: displacement_center = None
DIM:CONTROL: displacement_radius = None
DIM:CONTROL: number_of_displacement_atoms = None
DIM:CONTROL: ------------------
DIM:ROT: OPT-STEP ROT-STEP CURVATURE ROT-ANGLE ROT-FORCE
DIM:ROT:       0         1   -1.3007   20.1776   12.3544
DIM:ROT:       0         2   -2.9981    8.7486   10.6889
DIM:ROT:       0         3   -3.7291    5.6586    7.4903
DIM:ROT:       1         1   -7.7901    3.0853    7.1747
DIM:ROT:       1         2   -7.9134    2.6133    3.1886
DIM:ROT:       1         3   -7.9846    1.5607    3.2657
DIM:ROT:       2         1   -7.7105    3.8323    3.7794
DIM:ROT:       2         2   -7.7703    1.7075    2.0232
DIM:ROT:       2         3   -7.7997    1.0065    1.6466
DIM:ROT:       3         1   -5.7531    2.3330    3.1756
DIM:ROT:       3         2   -5.8103    1.2317    2.7225
DIM:ROT:       3         3   -5.8516    1.3648    1.7367
DIM:ROT:       4         1   -9.4965   13.4880    6.5839
DIM:ROT:       4         2   -9.9437    3.4332    6.4659
DIM:ROT:       4         3  -10.0730    2.7165    2.7771
DIM:ROT:       5         1  -10.7970    9.3186    6.0894
DIM:ROT:       5         2  -11.1578    3.2263    7.3201
DIM:ROT:       5         3  -11.3600    3.4627    3.3353
DIM:ROT:       6         1   -2.6505   12.3858   11.1005
DIM:ROT:       6         2   -3.6376    6.1996    9.2129
DIM:ROT:       6         3   -4.0443    4.8976    4.8372
DIM:ROT:       7         1   -1.3835    7.9672    8.1741
DIM:ROT:       7         2   -1.8069    3.1794    7.8927
DIM:ROT:       7         3   -2.0310    3.4293    3.5895
DIM:ROT:       8         1    0.8906   11.6698   15.5748
DIM:ROT:       8         2    0.4708    3.9853    7.3331
DIM:ROT:       8         3    0.3087    2.4548    3.8718
DIM:ROT:       9         1    0.7937    4.4454    5.7807
DIM:ROT:       9         2    0.5847    2.8408    4.4212
DIM:ROT:       9         3    0.4174    2.4745    3.7978
DIM:ROT:      10         1    0.8165    4.3309    5.1073
DIM:ROT:      10         2    0.5573    2.8303    5.2276
DIM:ROT:      10         3    0.3705    2.9202    3.7346
DIM:ROT:      11         1   -0.8392    3.3901    4.7202
DIM:ROT:      11         2   -1.0451    2.5385    4.6802
DIM:ROT:      11         3   -1.2195    2.6617    3.6642
DIM:ROT:      12         1   -1.4396    3.3743    4.8399
DIM:ROT:      12         2   -1.6139    2.6399    3.7853
DIM:ROT:      12         3   -1.7440    2.2798    3.3173
DIM:ROT:      13         1   -1.7520    4.6447    3.5130
DIM:ROT:      13         2   -1.9477    2.6457    4.2311
DIM:ROT:      13         3   -2.1138    3.3631    2.7762
DIM:ROT:      14         1   -2.0381    2.4329    4.6554
DIM:ROT:      14         2   -2.1948    2.8553    3.1063
DIM:ROT:      14         3   -2.3329    2.0762    3.8668
DIM:ROT:      15         1   -0.2645    3.5223    3.5930
DIM:ROT:      15         2   -0.3633    2.1764    2.7078
DIM:ROT:      15         3   -0.4350    1.7423    2.3130
DIM:ROT:      16         1   -1.0338    2.3253    3.2998
DIM:ROT:      16         2   -1.0922    1.6981    2.0049
DIM:ROT:      16         3   -1.1453    1.4431    2.0015
DIM:ROT:      17         1   -0.8919    1.8419    2.3848
DIM:ROT:      17         2   -0.9444    1.4596    2.0752
DIM:ROT:      17         3   -0.9925    1.4350    1.8850
DIM:ROT:      18         1    0.3728    4.4366    3.8459
DIM:ROT:      18         2    0.2179    2.5021    3.5960
DIM:ROT:      18         3    0.1163    2.2583    2.6459
DIM:ROT:      19         1   -0.4092    1.9565    3.3269
DIM:ROT:      19         2   -0.4692    1.9634    1.7132
DIM:ROT:      19         3   -0.5194    1.2960    2.1685
DIM:ROT:      20         1   -0.0153    1.0762    1.6632
DIM:ROT:      20         2   -0.0360    1.1161    1.0668
DIM:ROT:      20         3   -0.0531    0.7907    1.2579
DIM:ROT:      21         1   -0.3091    1.0266    1.5747
DIM:ROT:      21         2   -0.3221    0.8809    0.9164
DIM:ROT:      21         3   -0.3345    0.6667    1.0827
DIM:ROT:      22         1   -1.0573    2.1936    1.8877
DIM:ROT:      22         2   -1.1185    1.6336    2.1191
DIM:ROT:      22         3   -1.1727    1.7873    1.7723
DIM:ROT:      23         1   -0.0724    3.0489    2.8724
DIM:ROT:      23         2   -0.1659    2.0161    2.7049
DIM:ROT:      23         3   -0.2386    1.9342    2.1248
DIM:ROT:      24         1    0.0625    1.8625    2.3939
DIM:ROT:      24         2   -0.0039    1.6035    2.3759
DIM:ROT:      24         3   -0.0573    1.5631    2.0148
DIM:ROT:      25         1    0.3725    3.5205    2.6436
DIM:ROT:      25         2    0.2621    1.9486    3.2331
DIM:ROT:      25         3    0.1814    2.2818    1.9911
DIM:ROT:      26         1    0.5428    1.8252    2.6478
DIM:ROT:      26         2    0.4754    2.0075    1.9057
DIM:ROT:      26         3    0.4188    1.5165    2.1789
DIM:ROT:      27         1    0.3086    2.8132    2.2197
DIM:ROT:      27         2    0.2214    1.9258    2.5933
DIM:ROT:      27         3    0.1357    2.2222    2.1757
DIM:ROT:      28         1   -0.2161    2.8599    3.2281
DIM:ROT:      28         2   -0.3880    2.9805    3.2788
DIM:ROT:      28         3   -0.5780    3.0953    3.5583
DIM:ROT:      29         1   -1.0580    4.2686    4.1946
DIM:ROT:      29         2   -1.4012    3.8288    5.1348
DIM:ROT:      29         3   -1.8102    4.7761    4.8377
DIM:ROT:      30         1   -2.3076    3.5698    6.2298
DIM:ROT:      30         2   -2.7464    4.9483    5.0507
DIM:ROT:      30         3   -3.2049    3.8738    6.8479
DIM:ROT:      31         1   -4.3275    8.4345    5.4322
DIM:ROT:      31         2   -5.1507    4.9186    9.4892
DIM:ROT:      31         3   -5.9753    8.1896    5.6442
DIM:ROT:      32         1   -7.4892    5.8333    9.7943
DIM:ROT:      32         2   -8.3604    7.1104    6.9149
DIM:ROT:      32         3   -9.0688    4.9069    8.4174
DIM:ROT:      33         1   -9.4627    5.3365    6.6476
DIM:ROT:      33         2   -9.9416    3.6284    7.6875
DIM:ROT:      33         3  -10.3621    4.2752    5.4346
DIM:ROT:      34         1   -9.6168    2.7932    6.2817
DIM:ROT:      34         2   -9.8468    3.5103    3.6619
DIM:ROT:      34         3   -9.9999    2.0325    4.5625
DIM:ROT:      35         1   -9.1260    4.0068    2.5392
DIM:ROT:      35         2   -9.2260    1.6870    3.4248
DIM:ROT:      35         3   -9.2878    2.2786    1.5728
DIM:ROT:      36         1   -8.1141    2.9461    2.8809
DIM:ROT:      36         2   -8.1905    1.5321    2.9109
DIM:ROT:      36         3   -8.2366    1.5716    1.8028
DIM:ROT:      37         1   -4.3017    5.2742    5.4371
DIM:ROT:      37         2   -4.5951    2.9125    5.8609
DIM:ROT:      37         3   -4.8262    3.4381    3.7837
DIM:ROT:      38         1   -3.0977    2.8691    3.9524
DIM:ROT:      38         2   -3.2592    2.6948    3.4247
DIM:ROT:      38         3   -3.3827    2.3003    3.1709
DIM:ROT:      39         1   -0.6209    1.8958    3.2621
DIM:ROT:      39         2   -0.6878    1.9150    2.1344
DIM:ROT:      39         3   -0.7423    1.4021    2.3132
DIM:ROT:      40         1    3.3362   23.8561    7.6551
DIM:ROT:      40         2    2.2274    8.0616    7.8235
DIM:ROT:      40         3    1.9066    4.2577    4.4716
DIM:ROT:      41         1    3.6090   20.2172    9.5824
DIM:ROT:      41         2    2.9439    5.0825    7.1526
DIM:ROT:      41         3    2.5653    4.2083    5.1221
DIM:ROT:      42         1    2.7600    4.2932    6.3054
DIM:ROT:      42         2    2.4350    3.6046    5.1160
DIM:ROT:      42         3    2.1626    3.2909    4.6499
DIM:ROT:      43         1    2.5990    3.7977    5.1048
DIM:ROT:      43         2    2.3254    3.1738    4.9232
DIM:ROT:      43         3    2.1025    3.1123    4.1572
DIM:ROT:      44         1    2.4231    4.2347    4.5140
DIM:ROT:      44         2    2.1724    2.7970    5.1356
DIM:ROT:      44         3    1.9579    3.3414    3.5953
DIM:ROT:      45         1    2.1183    2.7201    4.9354
DIM:ROT:      45         2    1.9321    2.9775    3.5387
DIM:ROT:      45         3    1.7898    2.1570    3.8726
DIM:ROT:      46         1    1.8051    3.0951    3.1790
DIM:ROT:      46         2    1.6821    1.9344    3.6824
DIM:ROT:      46         3    1.5756    2.3631    2.5011
DIM:ROT:      47         1    1.5234    1.8971    3.1687
DIM:ROT:      47         2    1.4381    1.8849    2.5393
DIM:ROT:      47         3    1.3715    1.5455    2.5549
DIM:ROT:      48         1    1.3022    1.8016    2.7540
DIM:ROT:      48         2    1.2373    1.6118    2.3495
DIM:ROT:      48         3    1.1772    1.4809    2.2388
DIM:ROT:      49         1    1.0604    2.7075    2.0668
DIM:ROT:      49         2    0.9879    1.4044    2.9165
DIM:ROT:      49         3    0.9349    1.8581    1.6729
DIM:ROT:      50         1    0.8696    1.4984    3.2497
DIM:ROT:      50         2    0.8072    2.1136    1.7241
DIM:ROT:      50         3    0.7511    1.2191    2.5730
DIM:ROT:      51         1    0.5798    5.7446    1.6558
DIM:ROT:      51         2    0.4829    1.8739    2.9856
DIM:ROT:      51         3    0.4200    2.5602    1.3804
DIM:ROT:      52         1    0.3242    1.4574    2.4653
DIM:ROT:      52         2    0.2841    1.4159    1.6209
DIM:ROT:      52         3    0.2459    1.1103    1.9519
DIM:ROT:      53         1    0.1074    5.0715    1.4878
DIM:ROT:      53         2    0.0132    1.7577    3.1012
DIM:ROT:      53         3   -0.0298    1.4724    1.6320
DIM:ROT:      54         1    0.0106    1.3125    3.0137
DIM:ROT:      54         2   -0.0475    2.2802    1.4714
DIM:ROT:      54         3   -0.1052    1.2106    2.6953
DIM:ROT:      55         1    0.0695    1.4489    1.7834
DIM:ROT:      55         2    0.0358    1.1296    1.7082
DIM:ROT:      55         3    0.0035    1.1884    1.5354
DIM:ROT:      56         1    0.0562    1.5262    1.5055
DIM:ROT:      56         2    0.0313    0.9370    1.5580
DIM:ROT:      56         3    0.0102    1.0085    1.1951
DIM:ROT:      57         1    0.0664    1.0980    2.1238
DIM:ROT:      57         2    0.0438    1.0924    1.2028
DIM:ROT:      57         3    0.0249    0.7786    1.3794
DIM:ROT:      58         1    0.0105    2.1211    1.3739
DIM:ROT:      58         2   -0.0193    1.3025    1.3406
DIM:ROT:      58         3   -0.0415    1.1903    1.0394
DIM:ROT:      59         1   -0.0555    1.0285    1.9483
DIM:ROT:      59         2   -0.0804    1.1341    1.2622
DIM:ROT:      59         3   -0.1021    0.8241    1.4891
DIM:ROT:      60         1   -0.4456    5.4226    2.2260
DIM:ROT:      60         2   -0.5373    1.6038    3.1976
DIM:ROT:      60         3   -0.6023    1.7981    2.0470
DIM:ROT:      61         1   -0.0817    0.8550    1.4832
DIM:ROT:      61         2   -0.1014    0.9587    1.1582
DIM:ROT:      61         3   -0.1185    0.7640    1.3069
DIM:ROT:      62         1   -0.1519    0.8532    2.1288
DIM:ROT:      62         2   -0.1767    1.5394    0.9432
DIM:ROT:      62         3   -0.1999    0.7224    1.7718
DIM:ROT:      63         1   -0.5260    4.7302    1.1111
DIM:ROT:      63         2   -0.6089    1.4700    3.3242
DIM:ROT:      63         3   -0.6455    1.7282    1.2037
DIM:ROT:      64         1   -1.0644    1.4864    2.9738
DIM:ROT:      64         2   -1.1288    1.7463    2.1820
DIM:ROT:      64         3   -1.1982    1.3944    2.7705
DIM:ROT:      65         1   -0.5377    0.9651    1.3794
DIM:ROT:      65         2   -0.5534    0.7612    1.2236
DIM:ROT:      65         3   -0.5677    0.7740    1.0857
DIM:ROT:      66         1   -0.0939    0.8515    1.1175
DIM:ROT:      66         2   -0.1065    0.6903    1.0406
DIM:ROT:      66         3   -0.1181    0.7169    0.9198
DIM:ROT:      67         1   -0.0051    0.7794    1.3158
DIM:ROT:      67         2   -0.0213    0.7485    1.1788
DIM:ROT:      67         3   -0.0339    0.6785    1.1326
DIM:ROT:      68         1   -0.0150    0.9107    1.3956
DIM:ROT:      68         2   -0.0272    0.6774    1.0783
DIM:ROT:      68         3   -0.0390    0.6574    0.9894
DIM:ROT:      69         1   -0.2810    1.6387    1.8206
DIM:ROT:      69         2   -0.3139    1.3873    1.4704
DIM:ROT:      69         3   -0.3458    1.0761    1.5995
DIM:ROT:      70         1   -0.1077    1.2723    2.2244
DIM:ROT:      70         2   -0.1417    1.1580    1.7512
DIM:ROT:      70         3   -0.1808    1.1486    1.8773
DIM:ROT:      71         1   -0.0474    2.2142    1.7207
DIM:ROT:      71         2   -0.1213    1.5992    2.6637
DIM:ROT:      71         3   -0.2037    2.2827    2.0997
DIM:ROT:      72         1   -0.4619    2.6539    4.1214
DIM:ROT:      72         2   -0.6827    3.5686    3.5913
DIM:ROT:      72         3   -0.9905    3.3403    5.2012
DIM:ROT:      73         1   -1.7846    4.1016    5.9635
DIM:ROT:      73         2   -2.3049    3.9421    7.4565
DIM:ROT:      73         3   -2.8931    4.7949    7.1598
DIM:ROT:      74         1   -2.4008    3.6125    8.5829
DIM:ROT:      74         2   -2.9140    5.0422    5.9244
DIM:ROT:      74         3   -3.4899    3.6936    8.6424
DIM:ROT:      75         1   -2.8689    6.8516    4.7977
DIM:ROT:      75         2   -3.4535    3.9679    8.3575
DIM:ROT:      75         3   -4.0023    6.5482    4.8662
DIM:ROT:      76         1   -3.3613    3.4404    7.1977
DIM:ROT:      76         2   -3.6889    4.2631    4.4688
DIM:ROT:      76         3   -4.0114    2.9702    5.9863
DIM:ROT:      77         1   -5.5075    2.8980    8.7917
DIM:ROT:      77         2   -5.9035    4.2040    5.1433
DIM:ROT:      77         3   -6.2109    2.5218    7.5094
DIM:ROT:      78         1   -5.1840    7.5892    3.7789
DIM:ROT:      78         2   -5.4627    2.6673    6.0025
DIM:ROT:      78         3   -5.5713    1.8964    3.4439
DIM:ROT:      79         1   -4.0036    3.5657    3.3613
DIM:ROT:      79         2   -4.1659    2.0902    4.3300
DIM:ROT:      79         3   -4.3068    2.7968    2.7914
DIM:ROT:      80         1   -3.8966    2.5317    8.6338
DIM:ROT:      80         2   -4.0555    3.8356    2.1365
DIM:ROT:      80         3   -4.1317    1.2446    3.5888
DIM:ROT:      81         1   -1.9962    5.2505    4.8859
DIM:ROT:      81         2   -2.2760    2.5789    6.1383
DIM:ROT:      81         3   -2.4660    3.3618    3.2298
DIM:ROT:      82         1   -2.3330    3.3197    4.4113
DIM:ROT:      82         2   -2.5063    2.2500    4.3182
DIM:ROT:      82         3   -2.6421    2.3907    3.1420
DIM:ROT:      83         1   -4.2187    3.4846    8.3938
DIM:ROT:      83         2   -4.5373    3.4495    5.1026
DIM:ROT:      83         3   -4.7426    2.2641    5.1785
DIM:ROT:      84         1   -6.1853   10.1309    5.6539
DIM:ROT:      84         2   -6.5666    3.1183    6.5617
DIM:ROT:      84         3   -6.7560    3.1780    3.2956
DIM:ROT:      85         1   -3.8611    2.6267    5.2093
DIM:ROT:      85         2   -4.0150    2.6153    3.1715
DIM:ROT:      85         3   -4.1208    1.7778    3.3433
DIM:ROT:      86         1   -0.6023    6.6636    2.7519
DIM:ROT:      86         2   -0.7141    1.4720    3.6219
DIM:ROT:      86         3   -0.7632    1.4113    1.7527
DIM:ROT:      87         1    1.8191    3.5395    2.5619
DIM:ROT:      87         2    1.6975    1.7060    3.7063
DIM:ROT:      87         3    1.6094    2.5063    1.9417
DIM:ROT:      88         1    8.1647   23.6620    8.3577
DIM:ROT:      88         2    6.2956    7.1929   14.7761
DIM:ROT:      88         3    5.2909    7.4798    7.4564
DIM:ROT:      89         1    2.8837    5.6467    9.9194
DIM:ROT:      89         2    2.2588    5.3431    6.6414
DIM:ROT:      89         3    1.8446    3.7679    6.4347
DIM:ROT:      90         1   -0.7711    8.0507    6.1333
DIM:ROT:      90         2   -1.2275    3.5583    7.3221
DIM:ROT:      90         3   -1.5540    4.4264    4.1041
DIM:ROT:      91         1   -1.5229    4.3405    8.1517
DIM:ROT:      91         2   -1.8899    4.0559    5.0346
DIM:ROT:      91         3   -2.1307    2.8302    4.9440
DIM:ROT:      92         1   -2.3062    9.4166    4.9250
DIM:ROT:      92         2   -2.7726    3.6631    7.0540
DIM:ROT:      92         3   -3.0443    3.6197    4.2266
DIM:ROT:      93         1   -4.8836    9.7196    5.0603
DIM:ROT:      93         2   -5.4022    4.1450    7.0902
DIM:ROT:      93         3   -5.7380    5.1740    3.7356
DIM:ROT:      94         1   -8.0997    4.2486    7.6557
DIM:ROT:      94         2   -8.4646    3.6845    5.9336
DIM:ROT:      94         3   -8.7610    3.0776    5.4120
DIM:ROT:      95         1   -9.2395    4.7848    5.3865
DIM:ROT:      95         2   -9.5349    2.9392    5.8564
DIM:ROT:      95         3   -9.7328    3.2085    3.7233
DIM:ROT:      96         1   -8.9852    2.8170    3.8215
DIM:ROT:      96         2   -9.0982    2.1421    2.9711
DIM:ROT:      96         3   -9.1808    1.8723    2.4353
DIM:ROT:      97         1   -6.7423    7.7651    7.5265
DIM:ROT:      97         2   -7.0377    2.7494    6.2541
DIM:ROT:      97         3   -7.1630    2.7070    2.6775
DIM:ROT:      98         1   -6.0144    2.8636    3.6313
DIM:ROT:      98         2   -6.1069    1.7167    2.9830
DIM:ROT:      98         3   -6.1717    1.7107    2.0515
DIM:ROT:      99         1   -4.8984    2.1539    2.6960
DIM:ROT:      99         2   -4.9718    1.4396    2.7016
DIM:ROT:      99         3   -5.0231    1.5193    1.8823
DIM:ROT:     100         1   -3.1155    2.3574    2.9969
DIM:ROT:     100         2   -3.1958    1.7459    2.4173
DIM:ROT:     100         3   -3.2573    1.6146    1.9867
DIM:ROT:     101         1   -1.8239    1.9158    3.0531
DIM:ROT:     101         2   -1.9030    1.8321    2.2812
DIM:ROT:     101         3   -1.9619    1.4405    2.2241
DIM:ROT:     102         1   -1.4920    3.3882    1.9562
DIM:ROT:     102         2   -1.5759    1.4477    3.0283
DIM:ROT:     102         3   -1.6400    2.2630    1.4943
DIM:ROT:     103         1   -1.0543    1.5263    2.4484
DIM:ROT:     103         2   -1.1113    1.7623    1.7367
DIM:ROT:     103         3   -1.1583    1.2718    2.0021
DIM:ROT:     104         1   -0.8454    2.5050    1.6383
DIM:ROT:     104         2   -0.9049    1.2389    2.5965
DIM:ROT:     104         3   -0.9593    2.1017    1.3753
DIM:ROT:     105         1   -0.7025    1.4355    1.9151
DIM:ROT:     105         2   -0.7499    1.4139    1.7874
DIM:ROT:     105         3   -0.7911    1.3061    1.7334
DIM:ROT:     106         1   -1.0723    1.3844    2.1508
DIM:ROT:     106         2   -1.1161    1.5089    1.5875
DIM:ROT:     106         3   -1.1579    1.1932    1.8230
DIM:ROT:     107         1   -1.5108    1.8190    1.8996
DIM:ROT:     107         2   -1.5612    1.2434    2.1265
DIM:ROT:     107         3   -1.6018    1.4544    1.5520
DIM:ROT:     108         1   -1.7414    1.7572    2.4195
DIM:ROT:     108         2   -1.8044    1.6984    2.0057
DIM:ROT:     108         3   -1.8619    1.5117    2.0572
DIM:ROT:     109         1   -2.4539    1.6655    2.2353
DIM:ROT:     109         2   -2.5091    1.4662    2.0399
DIM:ROT:     109         3   -2.5554    1.3889    1.8413
DIM:ROT:     110         1   -3.7561    1.9324    2.7198
DIM:ROT:     110         2   -3.8094    1.4449    2.0126
DIM:ROT:     110         3   -3.8515    1.3099    1.7377
DIM:ROT:     111         1   -5.1708    2.3700    2.2691
DIM:ROT:     111         2   -5.2103    1.1050    2.0779
DIM:ROT:     111         3   -5.2377    1.2202    1.2713
DIM:ROT:     112         1   -5.7442    1.3447    2.1370
DIM:ROT:     112         2   -5.7761    1.2389    1.4681
DIM:ROT:     112         3   -5.8006    0.9395    1.4504
DIM:ROT:     113         1   -5.6575    1.4648    1.8558
DIM:ROT:     113         2   -5.6883    1.0521    1.7170
DIM:ROT:     113         3   -5.7106    1.0272    1.2654
DIM:ROT:     114         1   -4.9754    2.2112    1.8226
DIM:ROT:     114         2   -5.0167    1.1217    2.1303
DIM:ROT:     114         3   -5.0474    1.4279    1.2184
DIM:ROT:     115         1   -3.8930    2.2626    3.0209
DIM:ROT:     115         2   -3.9721    1.6881    2.6641
DIM:ROT:     115         3   -4.0294    1.6071    2.0807
DIM:ROT:     116         1   -3.5303    3.5060    2.8836
DIM:ROT:     116         2   -3.6389    1.7988    3.3892
DIM:ROT:     116         3   -3.7183    2.2811    1.9533
DIM:ROT:     117         1   -3.5081    1.9403    3.3585
DIM:ROT:     117         2   -3.5848    1.8976    2.2872
DIM:ROT:     117         3   -3.6392    1.3592    2.2710
DIM:ROT:     118         1   -4.0166    1.8152    1.7998
DIM:ROT:     118         2   -4.0519    1.0475    1.8587
DIM:ROT:     118         3   -4.0787    1.2423    1.2145
DIM:ROT:     119         1   -4.5303    1.3518    2.0432
DIM:ROT:     119         2   -4.5655    1.2170    1.6357
DIM:ROT:     119         3   -4.5937    1.0619    1.5276
DIM:ROT:     120         1   -4.7201    2.6089    1.7566
DIM:ROT:     120         2   -4.7791    1.2805    2.6081
DIM:ROT:     120         3   -4.8301    1.9200    1.4923
DIM:ROT:     121         1   -5.5933    3.6168    3.3065
DIM:ROT:     121         2   -5.7783    2.4704    4.2184
DIM:ROT:     121         3   -5.9434    3.1708    3.0011
DIM:ROT:     122         1   -7.0997    4.0895    5.6070
DIM:ROT:     122         2   -7.4491    3.5202    5.6619
DIM:ROT:     122         3   -7.7899    3.7399    5.0950
DIM:ROT:     123         1   -9.0818    7.1906    6.7089
DIM:ROT:     123         2   -9.8210    4.6898    8.9183
DIM:ROT:     123         3  -10.4551    6.0802    6.0508
DIM:ROT:     124         1   -9.0811    4.7425    7.5761
DIM:ROT:     124         2   -9.5354    4.5573    5.7168
DIM:ROT:     124         3   -9.9207    3.6991    5.8214
DIM:ROT:     125         1   -7.3775    6.0064    7.9304
DIM:ROT:     125         2   -7.9705    4.1027    8.1781
DIM:ROT:     125         3   -8.3976    4.3329    5.7632
DIM:ROT:     126         1   -7.8010    9.5206    8.1601
DIM:ROT:     126         2   -8.4191    4.2586    8.2652
DIM:ROT:     126         3   -8.7739    4.5814    4.3343
DIM:ROT:     127         1   -7.7053    3.8740    6.5991
DIM:ROT:     127         2   -7.9775    3.3063    4.8174
DIM:ROT:     127         3   -8.1437    2.4338    4.1276
DIM:ROT:     128         1   -7.3443   16.7806    7.2238
DIM:ROT:     128         2   -7.8474    5.0302    6.0441
DIM:ROT:     128         3   -8.0036    3.7825    2.2713
DIM:ROT:     129         1   -1.2911    7.3305    5.4607
DIM:ROT:     129         2   -1.5401    2.6150    5.4556
DIM:ROT:     129         3   -1.6491    2.2308    2.9251
DIM:ROT:     130         1   -0.9454    5.0487    4.4089
DIM:ROT:     130         2   -1.1144    2.3851    4.1651
DIM:ROT:     130         3   -1.2216    2.4303    2.4864
DIM:ROT:     131         1    1.8665   12.0468   11.1781
DIM:ROT:     131         2    1.4433    3.6962    6.1513
DIM:ROT:     131         3    1.2515    3.2449    3.5305
DIM:ROT:     132         1    3.4244    9.6897   12.1039
DIM:ROT:     132         2    3.0648    3.9548    4.4925
DIM:ROT:     132         3    2.8524    3.0886    3.9970
DIM:ROT:     133         1    1.1486    4.4570    5.9990
DIM:ROT:     133         2    0.9546    3.0284    3.5374
DIM:ROT:     133         3    0.8331    2.1754    3.2941
DIM:ROT:     134         1    0.1527    3.8941    4.0091
DIM:ROT:     134         2   -0.0061    2.4956    3.7360
DIM:ROT:     134         3   -0.1253    2.4355    2.7577
DIM:ROT:     135         1   -1.8320    5.9545    3.9688
DIM:ROT:     135         2   -2.1644    3.2800    5.9269
DIM:ROT:     135         3   -2.4303    4.5906    3.4199
DIM:ROT:     136         1   -3.4413    3.7834    5.8084
DIM:ROT:     136         2   -3.7515    4.0048    4.5844
DIM:ROT:     136         3   -4.0420    3.2696    5.0184
DIM:ROT:     137         1   -6.2360   11.5682    5.4583
DIM:ROT:     137         2   -6.9537    4.5775    9.0891
DIM:ROT:     137         3   -7.3489    6.1656    3.7959
DIM:ROT:     138         1   -8.6794    3.2797    6.5096
DIM:ROT:     138         2   -8.9136    3.8863    3.5659
DIM:ROT:     138         3   -9.0970    2.2631    4.4295
DIM:ROT:     139         1   -8.8325    2.2302    2.3920
DIM:ROT:     139         2   -8.9005    1.5252    2.4365
DIM:ROT:     139         3   -8.9435    1.5035    1.7155
DIM:ROT:     140         1   -8.1936    1.5305    2.4748
DIM:ROT:     140         2   -8.2244    1.1155    1.5448
DIM:ROT:     140         3   -8.2475    0.8699    1.3405
DIM:ROT:     141         1   -7.2397    1.7720    1.9439
DIM:ROT:     141         2   -7.2725    1.0165    1.5894
DIM:ROT:     141         3   -7.2920    0.9367    1.1048
DIM:ROT:     142         1   -7.3425    0.9202    1.1318
DIM:ROT:     142         2   -7.3547    0.6031    1.0136
DIM:ROT:     142         3   -7.3637    0.5975    0.7248
DIM:ROT:     143         1   -6.9672    0.8494    1.1410
DIM:ROT:     143         2   -6.9789    0.6253    0.9060
DIM:ROT:     143         3   -6.9867    0.5330    0.7237
DIM:ROT:     144         1   -6.8914    0.6032    0.8677
DIM:ROT:     144         2   -6.8980    0.4819    0.6956
DIM:ROT:     144         3   -6.9033    0.4139    0.5898
DIM:ROT:     145         1   -6.2626    2.5204    1.3192
DIM:ROT:     145         2   -6.2836    0.8026    1.1707
DIM:ROT:     145         3   -6.2928    0.8027    0.5143
DIM:ROT:     146         1   -6.1684    1.4895    1.0286
DIM:ROT:     146         2   -6.1807    0.5623    1.1439
DIM:ROT:     146         3   -6.1881    0.6110    0.5553
DIM:ROT:     147         1   -6.0033    1.1224    0.8618
DIM:ROT:     147         2   -6.0129    0.5218    0.9300
DIM:ROT:     147         3   -6.0182    0.5238    0.5176
DIM:ROT:     148         1   -6.6728    1.2121    1.6307
DIM:ROT:     148         2   -6.6925    0.8871    1.3633
DIM:ROT:     148         3   -6.7098    0.8071    1.0728
DIM:ROT:     149         1   -6.8135    1.3901    1.1259
DIM:ROT:     149         2   -6.8310    0.6893    1.3314
DIM:ROT:     149         3   -6.8404    0.8063    0.6916
DIM:ROT:     150         1   -7.2369    0.7414    1.2183
DIM:ROT:     150         2   -7.2458    0.6478    0.8251
DIM:ROT:     150         3   -7.2541    0.4835    0.7866
DIM:ROT:     151         1   -7.2744    1.0178    0.8558
DIM:ROT:     151         2   -7.2829    0.4844    0.7224
DIM:ROT:     151         3   -7.2865    0.3708    0.4715
DIM:ROT:     152         1   -7.1776    0.6758    0.5066
DIM:ROT:     152         2   -7.1807    0.2744    0.5699
DIM:ROT:     152         3   -7.1831    0.3356    0.2793
DIM:ROT:     153         1   -6.7280    0.4261    0.6714
DIM:ROT:     153         2   -6.7315    0.3584    0.4662
DIM:ROT:     153         3   -6.7339    0.2661    0.4039
DIM:ROT:     154         1   -6.2243    1.3224    0.9309
DIM:ROT:     154         2   -6.2334    0.4621    0.8594
DIM:ROT:     154         3   -6.2371    0.4351    0.4415
DIM:ROT:     155         1   -5.3733    1.7131    1.0346
DIM:ROT:     155         2   -5.3862    0.5668    1.0361
DIM:ROT:     155         3   -5.3928    0.5560    0.5587
DIM:ROT:     156         1   -4.3536    2.1600    1.5841
DIM:ROT:     156         2   -4.3799    0.8301    1.5820
DIM:ROT:     156         3   -4.3930    0.8660    0.8116
DIM:ROT:     157         1   -3.8046    1.2186    1.2470
DIM:ROT:     157         2   -3.8235    0.7453    1.2645
DIM:ROT:     157         3   -3.8370    0.8331    0.8393
DIM:ROT:     158         1   -3.9232    0.5376    0.9608
DIM:ROT:     158         2   -3.9305    0.5952    0.5949
DIM:ROT:     158         3   -3.9356    0.3768    0.6613
DIM:ROT:     159         1   -4.1977    0.4307    0.5252
DIM:ROT:     159         2   -4.2003    0.2890    0.4126
DIM:ROT:     159         3   -4.2023    0.2649    0.3337
DIM:ROT:     160         1   -4.6879    0.8664    0.4937
DIM:ROT:     160         2   -4.6910    0.3198    0.6253
DIM:ROT:     160         3   -4.6927    0.3398    0.2924
