MINMODE:METHOD: Dimer
DIM:CONTROL: Search Parameters:
DIM:CONTROL: ------------------
DIM:CONTROL: eigenmode_method = dimer
DIM:CONTROL: f_rot_min = 0.01
DIM:CONTROL: f_rot_max = 0.1
DIM:CONTROL: max_num_rot = 3
DIM:CONTROL: trial_angle = 0.7853981633974483
DIM:CONTROL: trial_trans_step = 0.001
DIM:CONTROL: maximum_translation = 0.1
DIM:CONTROL: cg_translation = True
DIM:CONTROL: use_central_forces = True
DIM:CONTROL: dimer_separation = 0.005
DIM:CONTROL: initial_eigenmode_method = gauss
DIM:CONTROL: extrapolate_forces = True
DIM:CONTROL: displacement_method = gauss
DIM:CONTROL: gauss_std = 0.1
DIM:CONTROL: order = 1
DIM:CONTROL: mask = None
DIM:CONTROL: displacement_center = None
DIM:CONTROL: displacement_radius = None
DIM:CONTROL: number_of_displacement_atoms = None
DIM:CONTROL: ------------------
DIM:ROT: OPT-STEP ROT-STEP CURVATURE ROT-ANGLE ROT-FORCE
DIM:ROT:       0         1    3.0731    5.9241   11.2994
DIM:ROT:       0         2    2.4252    6.1417    5.9665
DIM:ROT:       0         3    2.0553    3.4038    6.3609
DIM:ROT:       1         1   -3.0079   16.6633    7.4988
DIM:ROT:       1         2   -3.9929    5.0555   10.7642
DIM:ROT:       1         3   -4.5856    6.4234    5.1748
DIM:ROT:       2         1   -5.9724    6.8527   10.0598
DIM:ROT:       2         2   -6.9420    5.8294    9.3147
DIM:ROT:       2         3   -7.6586    5.2773    7.8922
DIM:ROT:       3         1   -1.2781    4.9592    9.0840
DIM:ROT:       3         2   -1.7410    4.3231    6.1651
DIM:ROT:       3         3   -2.1208    3.5006    6.0344
DIM:ROT:       4         1    0.7032    3.7048    5.9610
DIM:ROT:       4         2    0.3758    4.2763    4.3294
DIM:ROT:       4         3    0.1018    3.1476    5.0273
DIM:ROT:       5         1    3.6578    6.9496    7.6419
DIM:ROT:       5         2    3.0745    4.5389    7.3138
DIM:ROT:       5         3    2.6093    4.7798    5.3996
DIM:ROT:       6         1    3.6751    7.2903    8.6108
DIM:ROT:       6         2    2.9597    4.9437    8.2373
DIM:ROT:       6         3    2.4763    4.9352    5.7730
DIM:ROT:       7         1   -1.9071    3.9768    5.4667
DIM:ROT:       7         2   -2.0862    2.4114    4.1817
DIM:ROT:       7         3   -2.2099    2.2589    2.9970
DIM:ROT:       8         1   -0.0735    3.8158    5.6718
DIM:ROT:       8         2   -0.3009    2.5720    4.8747
DIM:ROT:       8         3   -0.4534    2.5238    3.5874
DIM:ROT:       9         1   -1.0185    5.8276    6.0139
DIM:ROT:       9         2   -1.3160    2.5686    6.2420
DIM:ROT:       9         3   -1.4943    3.1439    3.1049
DIM:ROT:      10         1   -2.9279    2.2354    4.7495
DIM:ROT:      10         2   -3.0527    2.5196    2.8255
DIM:ROT:      10         3   -3.1338    1.5625    3.2082
DIM:ROT:      11         1   -5.2222    4.7327    4.3781
DIM:ROT:      11         2   -5.4505    2.2299    6.1380
DIM:ROT:      11         3   -5.6366    3.3576    3.0958
DIM:ROT:      12         1   -3.2467    2.5017    6.2339
DIM:ROT:      12         2   -3.3914    3.0610    2.6237
DIM:ROT:      12         3   -3.4729    1.4636    3.3649
DIM:ROT:      13         1    0.0406    8.4829    5.2888
DIM:ROT:      13         2   -0.1873    2.1676    5.6006
DIM:ROT:      13         3   -0.3013    2.3781    2.8935
DIM:ROT:      14         1    3.1774   14.0545    6.3271
DIM:ROT:      14         2    2.7926    3.0638    7.3074
DIM:ROT:      14         3    2.5528    3.9780    3.5359
DIM:ROT:      15         1    3.6543   14.1927    8.4744
DIM:ROT:      15         2    3.1128    3.7495    8.4223
DIM:ROT:      15         3    2.7179    4.7094    4.9098
DIM:ROT:      16         1    2.0588   17.6924    4.7005
DIM:ROT:      16         2    1.4226    4.0854    8.8044
DIM:ROT:      16         3    1.2573    2.3276    4.1314
DIM:ROT:      17         1    1.5521    2.5322    5.4486
DIM:ROT:      17         2    1.3654    2.9142    3.6684
DIM:ROT:      17         3    1.2162    2.0183    4.2584
DIM:ROT:      18         1    0.8622    6.5869    3.3806
DIM:ROT:      18         2    0.7020    2.2237    4.0367
DIM:ROT:      18         3    0.6262    1.6280    2.7500
DIM:ROT:      19         1    0.3966    1.7483    3.2767
DIM:ROT:      19         2    0.3360    1.4487    2.3789
DIM:ROT:      19         3    0.2895    1.2407    2.1315
DIM:ROT:      20         1    0.2606    2.2587    2.3577
DIM:ROT:      20         2    0.2213    0.9949    2.1476
DIM:ROT:      20         3    0.1901    1.2366    1.4359
DIM:ROT:      21         1    0.3000    1.5194    2.8074
DIM:ROT:      21         2    0.2545    1.2649    2.0125
DIM:ROT:      21         3    0.2194    1.1012    1.8516
DIM:ROT:      22         1    0.1839    2.4693    2.2941
DIM:ROT:      22         2    0.1319    1.2433    2.3615
DIM:ROT:      22         3    0.0915    1.3405    1.7296
DIM:ROT:      23         1    0.0233    1.5388    2.8386
DIM:ROT:      23         2   -0.0239    1.3267    1.9990
DIM:ROT:      23         3   -0.0614    1.1281    1.9253
DIM:ROT:      24         1   -0.0203    2.1163    2.3525
DIM:ROT:      24         2   -0.0679    1.1987    2.2137
DIM:ROT:      24         3   -0.1068    1.3312    1.6690
DIM:ROT:      25         1    0.2176    1.7570    1.9058
DIM:ROT:      25         2    0.1705    1.0706    2.4823
DIM:ROT:      25         3    0.1316    1.4558    1.5519
DIM:ROT:      26         1    0.0770    1.3563    2.0180
DIM:ROT:      26         2    0.0406    1.0191    2.0308
DIM:ROT:      26         3    0.0085    1.1144    1.6041
DIM:ROT:      27         1   -0.0451    1.3163    2.6038
DIM:ROT:      27         2   -0.0933    1.3368    2.0195
DIM:ROT:      27         3   -0.1318    1.0760    2.0684
DIM:ROT:      28         1   -0.3565    5.7664    2.1547
DIM:ROT:      28         2   -0.4919    1.6872    4.4072
DIM:ROT:      28         3   -0.5946    2.9928    1.9091
DIM:ROT:      29         1   -0.3706    1.3706    3.1722
DIM:ROT:      29         2   -0.4166    1.8124    1.4141
DIM:ROT:      29         3   -0.4524    0.9762    2.0854
DIM:ROT:      30         1   -0.6940    1.7012    1.7240
DIM:ROT:      30         2   -0.7365    1.1840    2.0296
DIM:ROT:      30         3   -0.7726    1.3465    1.5337
DIM:ROT:      31         1    0.1750    2.9921    3.0533
DIM:ROT:      31         2    0.0653    1.8715    3.4128
DIM:ROT:      31         3   -0.0127    1.9272    2.3121
DIM:ROT:      32         1    0.0700    1.6493    2.6234
DIM:ROT:      32         2    0.0147    1.4390    2.2087
DIM:ROT:      32         3   -0.0251    1.2170    1.9189
DIM:ROT:      33         1   -0.0874    1.0085    1.3188
DIM:ROT:      33         2   -0.1036    0.7640    1.2305
DIM:ROT:      33         3   -0.1161    0.6995    1.0159
DIM:ROT:      34         1   -0.2628    0.7319    0.8841
DIM:ROT:      34         2   -0.2718    0.5411    0.9606
DIM:ROT:      34         3   -0.2793    0.6034    0.7156
DIM:ROT:      35         1   -0.3907    0.6374    1.1395
DIM:ROT:      35         2   -0.4014    0.7012    0.8733
DIM:ROT:      35         3   -0.4117    0.5660    1.0140
DIM:ROT:      36         1   -0.3890    1.6433    1.2813
DIM:ROT:      36         2   -0.4104    0.7867    1.5984
DIM:ROT:      36         3   -0.4250    0.9460    0.8923
DIM:ROT:      37         1   -0.3402    1.0483    1.6814
DIM:ROT:      37         2   -0.3572    0.8127    1.2178
DIM:ROT:      37         3   -0.3682    0.6303    0.9941
DIM:ROT:      38         1   -0.2842    0.3641    0.8932
DIM:ROT:      38         2   -0.2878    0.4376    0.4527
DIM:ROT:      38         3   -0.2900    0.2439    0.5588
DIM:ROT:      39         1   -0.2500    0.8909    0.4414
DIM:ROT:      39         2   -0.2537    0.3120    0.6867
DIM:ROT:      39         3   -0.2564    0.4448    0.3476
DIM:ROT:      40         1   -0.2221    0.8887    0.9488
DIM:ROT:      40         2   -0.2300    0.4948    0.9106
DIM:ROT:      40         3   -0.2346    0.5115    0.5292
DIM:ROT:      41         1   -0.2281    0.6253    0.7106
DIM:ROT:      41         2   -0.2332    0.3873    0.7445
DIM:ROT:      41         3   -0.2370    0.4475    0.4897
DIM:ROT:      42         1   -0.1385    0.5143    0.7032
DIM:ROT:      42         2   -0.1424    0.3497    0.6421
DIM:ROT:      42         3   -0.1451    0.3517    0.4589
DIM:ROT:      43         1   -0.1444    0.3103    0.5010
DIM:ROT:      43         2   -0.1465    0.2973    0.3883
DIM:ROT:      43         3   -0.1482    0.2488    0.3893
DIM:ROT:      44         1   -0.1577    0.7564    0.4694
DIM:ROT:      44         2   -0.1609    0.2693    0.6544
DIM:ROT:      44         3   -0.1631    0.4941    0.2637
DIM:ROT:      45         1   -0.1504    0.2817    0.7027
DIM:ROT:      45         2   -0.1516    0.3046    0.2185
DIM:ROT:      45         3   -0.1521    0.1158    0.2613
DIM:ROT:      46         1   -0.1447    0.5229    0.3072
DIM:ROT:      46         2   -0.1456    0.1599    0.3605
DIM:ROT:      46         3   -0.1461    0.1890    0.1568
DIM:ROT:      47         1   -0.0808    0.4431    0.4118
DIM:ROT:      47         2   -0.0822    0.1968    0.4439
DIM:ROT:      47         3   -0.0832    0.2402    0.2206
DIM:ROT:      48         1   -0.0451    0.1698    0.3243
DIM:ROT:      48         2   -0.0458    0.1857    0.1983
DIM:ROT:      48         3   -0.0462    0.1195    0.2193
DIM:ROT:      49         1   -0.0501    0.6797    0.3621
DIM:ROT:      49         2   -0.0512    0.1576    0.4151
DIM:ROT:      49         3   -0.0516    0.2106    0.1066
DIM:ROT:      50         1   -0.0686    0.2572    0.3058
DIM:ROT:      50         2   -0.0694    0.1582    0.2863
DIM:ROT:      50         3   -0.0698    0.1550    0.1848
DIM:ROT:      51         1   -0.0718    0.8561    0.3972
DIM:ROT:      51         2   -0.0733    0.1906    0.4736
DIM:ROT:      51         3   -0.0744    0.3645    0.1672
DIM:ROT:      52         1   -0.0356    0.2166    0.3797
DIM:ROT:      52         2   -0.0366    0.1947    0.2878
DIM:ROT:      52         3   -0.0373    0.1567    0.2649
DIM:ROT:      53         1   -0.0149    0.4022    0.4041
DIM:ROT:      53         2   -0.0165    0.2038    0.4270
DIM:ROT:      53         3   -0.0175    0.2395    0.2353
DIM:ROT:      54         1   -0.0077    0.2788    0.3928
DIM:ROT:      54         2   -0.0088    0.2083    0.3141
DIM:ROT:      54         3   -0.0095    0.1821    0.2464
DIM:ROT:      55         1   -0.0043    0.2796    0.3087
DIM:ROT:      55         2   -0.0053    0.1711    0.3395
DIM:ROT:      55         3   -0.0061    0.2086    0.2204
DIM:ROT:      56         1   -0.0091    0.7160    0.3557
DIM:ROT:      56         2   -0.0105    0.1703    0.4443
DIM:ROT:      56         3   -0.0111    0.2848    0.1379
DIM:ROT:      57         1   -0.0185    0.1108    0.2498
DIM:ROT:      57         2   -0.0188    0.1839    0.1085
DIM:ROT:      57         3   -0.0192    0.0932    0.1969
DIM:ROT:      58         1   -0.0367    0.4599    0.2723
DIM:ROT:      58         2   -0.0374    0.1346    0.3203
DIM:ROT:      58         3   -0.0377    0.1765    0.1090
DIM:ROT:      59         1   -0.0353    0.1062    0.1572
DIM:ROT:      59         2   -0.0355    0.0818    0.1359
DIM:ROT:      59         3   -0.0356    0.0782    0.1119
DIM:ROT:      60         1   -0.0174    0.3518    0.3501
DIM:ROT:      60         2   -0.0187    0.1818    0.3792
DIM:ROT:      60         3   -0.0194    0.2095    0.2052
DIM:ROT:      61         1   -0.0169    0.1354    0.2652
DIM:ROT:      61         2   -0.0173    0.1630    0.1476
DIM:ROT:      61         3   -0.0177    0.1096    0.1994
DIM:ROT:      62         1   -0.0188    0.2763    0.2733
DIM:ROT:      62         2   -0.0194    0.1391    0.2725
DIM:ROT:      62         3   -0.0199    0.1590    0.1675
DIM:ROT:      63         1   -0.0154    0.3236    0.2122
DIM:ROT:      63         2   -0.0162    0.1390    0.3286
DIM:ROT:      63         3   -0.0168    0.2430    0.1551
DIM:ROT:      64         1   -0.0088    0.1970    0.3775
DIM:ROT:      64         2   -0.0097    0.1968    0.2329
DIM:ROT:      64         3   -0.0103    0.1386    0.2517
DIM:ROT:      65         1   -0.0053    0.1849    0.1582
DIM:ROT:      65         2   -0.0057    0.1103    0.2112
DIM:ROT:      65         3   -0.0060    0.1545    0.1310
DIM:ROT:      66         1   -0.0097    0.1177    0.2056
DIM:ROT:      66         2   -0.0100    0.1196    0.1469
DIM:ROT:      66         3   -0.0103    0.0930    0.1572
DIM:ROT:      67         1   -0.0072    0.1058    0.2270
DIM:ROT:      67         2   -0.0075    0.1471    0.1294
DIM:ROT:      67         3   -0.0078    0.0885    0.1827
DIM:ROT:      68         1   -0.0033    0.6246    0.1022
DIM:ROT:      68         2   -0.0041    0.1289    0.3153
DIM:ROT:      68         3   -0.0044    0.1647    0.1132
DIM:ROT:      69         1   -0.0038    0.1024    0.1881
DIM:ROT:      69         2   -0.0040    0.1083    0.1262
DIM:ROT:      69         3   -0.0042    0.0784    0.1373
DIM:ROT:      70         1   -0.0070    0.1200    0.1048
DIM:ROT:      70         2   -0.0072    0.0711    0.1463
DIM:ROT:      70         3   -0.0073    0.1074    0.0913
DIM:ROT:      71         1   -0.0045    0.0863    0.1572
DIM:ROT:      71         2   -0.0047    0.0898    0.1090
DIM:ROT:      71         3   -0.0048    0.0686    0.1181
DIM:ROT:      72         1   -0.0003    0.0668    0.1059
DIM:ROT:      72         2   -0.0004    0.0676    0.0853
DIM:ROT:      73         1   -0.0011    0.0762    0.1327
DIM:ROT:      73         2   -0.0012    0.0744    0.0951
DIM:ROT:      74         1   -0.0019    0.0831    0.1052
DIM:ROT:      74         2   -0.0020    0.0588    0.1044
DIM:ROT:      74         3   -0.0021    0.0660    0.0797
DIM:ROT:      75         1    0.0028    0.0566    0.1111
DIM:ROT:      75         2    0.0027    0.0631    0.0680
DIM:ROT:      76         1    0.0090    0.4469    0.4687
DIM:ROT:      76         2    0.0077    0.1774    0.4053
DIM:ROT:      76         3    0.0071    0.1800    0.1701
DIM:ROT:      77         1    0.0130    0.8431    0.4747
DIM:ROT:      77         2    0.0118    0.4158    0.1494
DIM:ROT:      77         3    0.0115    0.0986    0.1630
DIM:ROT:      78         1    0.0191    0.6010    0.4741
DIM:ROT:      78         2    0.0179    0.1636    0.4031
DIM:ROT:      78         3    0.0173    0.2255    0.1448
DIM:ROT:      79         1    0.0241    0.6706    0.4474
DIM:ROT:      79         2    0.0231    0.1553    0.3659
DIM:ROT:      79         3    0.0225    0.2338    0.1478
DIM:ROT:      80         1    0.0306    0.4556    0.4976
DIM:ROT:      80         2    0.0289    0.2061    0.4512
DIM:ROT:      80         3    0.0280    0.2310    0.2266
DIM:ROT:      81         1    0.0351    0.6434    0.5137
DIM:ROT:      81         2    0.0332    0.2122    0.4977
DIM:ROT:      81         3    0.0321    0.3037    0.2023
DIM:ROT:      82         1    0.0372    0.4492    0.5206
DIM:ROT:      82         2    0.0353    0.2243    0.4694
DIM:ROT:      82         3    0.0342    0.2447    0.2576
DIM:ROT:      83         1    0.0384    0.5727    0.5380
DIM:ROT:      83         2    0.0362    0.2340    0.5252
DIM:ROT:      83         3    0.0351    0.2902    0.2380
DIM:ROT:      84         1    0.0376    0.4884    0.5252
DIM:ROT:      84         2    0.0356    0.2271    0.4911
DIM:ROT:      84         3    0.0344    0.2607    0.2531
DIM:ROT:      85         1    0.0375    0.5297    0.5337
DIM:ROT:      85         2    0.0353    0.2365    0.5158
DIM:ROT:      85         3    0.0342    0.2752    0.2482
DIM:ROT:      86         1    0.0383    0.5271    0.5223
DIM:ROT:      86         2    0.0362    0.2279    0.5064
DIM:ROT:      86         3    0.0350    0.2807    0.2473
DIM:ROT:      87         1    0.0411    0.4887    0.5337
DIM:ROT:      87         2    0.0389    0.2445    0.5088
DIM:ROT:      87         3    0.0376    0.2731    0.2699
DIM:ROT:      88         1    0.0457    0.5483    0.5274
DIM:ROT:      88         2    0.0435    0.2381    0.5267
DIM:ROT:      88         3    0.0421    0.3090    0.2613
DIM:ROT:      89         1    0.0524    0.4574    0.5433
DIM:ROT:      89         2    0.0501    0.2572    0.5048
DIM:ROT:      89         3    0.0487    0.2740    0.2972
DIM:ROT:      90         1    0.0606    0.5483    0.5340
DIM:ROT:      90         2    0.0583    0.2472    0.5383
DIM:ROT:      90         3    0.0567    0.3218    0.2764
DIM:ROT:      91         1    0.0688    0.4399    0.5433
DIM:ROT:      91         2    0.0665    0.2619    0.4972
DIM:ROT:      91         3    0.0651    0.2719    0.3082
DIM:ROT:      92         1    0.0773    0.5126    0.5294
DIM:ROT:      92         2    0.0750    0.2502    0.5264
DIM:ROT:      92         3    0.0733    0.3120    0.2881
DIM:ROT:      93         1    0.0831    0.4398    0.5217
DIM:ROT:      93         2    0.0809    0.2572    0.4932
DIM:ROT:      93         3    0.0794    0.2783    0.3016
DIM:ROT:      94         1    0.0864    0.4542    0.5172
DIM:ROT:      94         2    0.0842    0.2485    0.4934
DIM:ROT:      94         3    0.0827    0.2878    0.2973
DIM:ROT:      95         1    0.0858    0.4422    0.4991
DIM:ROT:      95         2    0.0837    0.2493    0.4870
DIM:ROT:      95         3    0.0823    0.2836    0.2899
DIM:ROT:      96         1    0.0816    0.4081    0.4942
DIM:ROT:      96         2    0.0797    0.2417    0.4576
DIM:ROT:      96         3    0.0783    0.2681    0.2964
DIM:ROT:      97         1    0.0748    0.4203    0.4823
DIM:ROT:      97         2    0.0729    0.2434    0.4681
DIM:ROT:      97         3    0.0715    0.2756    0.2862
DIM:ROT:      98         1    0.0660    0.3989    0.4687
DIM:ROT:      98         2    0.0642    0.2325    0.4445
DIM:ROT:      98         3    0.0628    0.2674    0.2849
DIM:ROT:      99         1    0.0575    0.3765    0.4700
DIM:ROT:      99         2    0.0557    0.2380    0.4336
DIM:ROT:      99         3    0.0545    0.2515    0.2865
DIM:ROT:     100         1    0.0501    0.4169    0.4384
DIM:ROT:     100         2    0.0485    0.2176    0.4408
DIM:ROT:     100         3    0.0472    0.2758    0.2581
DIM:ROT:     101         1    0.0449    0.3354    0.4538
DIM:ROT:     101         2    0.0433    0.2306    0.3957
DIM:ROT:     101         3    0.0422    0.2256    0.2812
DIM:ROT:     102         1    0.0412    0.4517    0.4174
DIM:ROT:     102         2    0.0395    0.2092    0.4465
DIM:ROT:     102         3    0.0383    0.2948    0.2380
DIM:ROT:     103         1    0.0382    0.3197    0.4453
DIM:ROT:     103         2    0.0366    0.2332    0.3834
DIM:ROT:     103         3    0.0355    0.2222    0.2871
DIM:ROT:     104         1    0.0364    0.4306    0.4259
DIM:ROT:     104         2    0.0347    0.2222    0.4565
DIM:ROT:     104         3    0.0333    0.2955    0.2615
DIM:ROT:     105         1    0.0416    0.3714    0.4458
DIM:ROT:     105         2    0.0397    0.2474    0.4411
DIM:ROT:     105         3    0.0383    0.2733    0.3038
DIM:ROT:     106         1    0.1169    0.7253    0.5750
DIM:ROT:     106         2    0.1118    0.3760    0.7830
DIM:ROT:     106         3    0.1072    0.5823    0.4421
DIM:ROT:     107         1    0.1051    0.3368    0.7123
DIM:ROT:     107         2    0.1015    0.5451    0.3856
DIM:ROT:     107         3    0.0982    0.3007    0.6289
DIM:ROT:     108         1    0.0979    0.4614    0.4091
DIM:ROT:     108         2    0.0952    0.2818    0.5516
DIM:ROT:     108         3    0.0925    0.4153    0.3575
DIM:ROT:     109         1    0.0923    0.3062    0.5067
DIM:ROT:     109         2    0.0899    0.3307    0.4068
DIM:ROT:     109         3    0.0879    0.2703    0.4367
DIM:ROT:     110         1    0.0872    0.3503    0.4470
DIM:ROT:     110         2    0.0850    0.2812    0.4483
DIM:ROT:     110         3    0.0829    0.3045    0.3772
DIM:ROT:     111         1    0.0820    0.3471    0.4204
DIM:ROT:     111         2    0.0798    0.2724    0.4528
DIM:ROT:     111         3    0.0780    0.3038    0.3566
DIM:ROT:     112         1    0.0792    0.3004    0.4682
DIM:ROT:     112         2    0.0772    0.2978    0.3887
DIM:ROT:     112         3    0.0753    0.2636    0.4011
DIM:ROT:     113         1    0.0793    0.3513    0.3885
DIM:ROT:     113         2    0.0772    0.2601    0.4509
DIM:ROT:     113         3    0.0754    0.3129    0.3367
DIM:ROT:     114         1    0.0822    0.2878    0.4448
DIM:ROT:     114         2    0.0803    0.2882    0.3780
DIM:ROT:     114         3    0.0785    0.2595    0.3930
DIM:ROT:     115         1    0.0861    0.3166    0.3982
DIM:ROT:     115         2    0.0842    0.2664    0.4191
DIM:ROT:     115         3    0.0824    0.2868    0.3541
DIM:ROT:     116         1    0.0888    0.3025    0.4173
DIM:ROT:     116         2    0.0869    0.2712    0.4012
DIM:ROT:     116         3    0.0850    0.2764    0.3739
DIM:ROT:     117         1    0.0895    0.3024    0.4218
DIM:ROT:     117         2    0.0876    0.2809    0.4065
DIM:ROT:     117         3    0.0858    0.2751    0.3775
DIM:ROT:     118         1    0.0859    0.3058    0.4027
DIM:ROT:     118         2    0.0841    0.2647    0.4050
DIM:ROT:     118         3    0.0822    0.2816    0.3645
DIM:ROT:     119         1    0.0810    0.2882    0.4044
DIM:ROT:     119         2    0.0791    0.2720    0.3890
DIM:ROT:     119         3    0.0775    0.2648    0.3658
DIM:ROT:     120         1    0.0739    0.2897    0.3874
DIM:ROT:     120         2    0.0722    0.2555    0.3826
DIM:ROT:     120         3    0.0705    0.2669    0.3508
DIM:ROT:     121         1    0.0656    0.2752    0.3750
DIM:ROT:     121         2    0.0639    0.2530    0.3708
DIM:ROT:     121         3    0.0624    0.2535    0.3395
DIM:ROT:     122         1    0.0566    0.2590    0.3742
DIM:ROT:     122         2    0.0552    0.2481    0.3424
DIM:ROT:     122         3    0.0537    0.2395    0.3404
DIM:ROT:     123         1    0.0483    0.2655    0.3327
DIM:ROT:     123         2    0.0469    0.2277    0.3549
DIM:ROT:     123         3    0.0456    0.2460    0.3034
DIM:ROT:     124         1    0.0413    0.2317    0.3470
DIM:ROT:     124         2    0.0401    0.2327    0.3068
DIM:ROT:     124         3    0.0389    0.2158    0.3188
DIM:ROT:     125         1    0.0365    0.2391    0.3012
DIM:ROT:     125         2    0.0354    0.2082    0.3209
DIM:ROT:     125         3    0.0343    0.2232    0.2778
DIM:ROT:     126         1    0.0336    0.2086    0.3131
DIM:ROT:     126         2    0.0326    0.2116    0.2768
DIM:ROT:     126         3    0.0316    0.1954    0.2900
DIM:ROT:     127         1    0.0321    0.2136    0.2744
DIM:ROT:     127         2    0.0312    0.1902    0.2875
DIM:ROT:     127         3    0.0303    0.1999    0.2543
DIM:ROT:     128         1    0.0313    0.1912    0.2804
DIM:ROT:     128         2    0.0305    0.1902    0.2545
DIM:ROT:     128         3    0.0296    0.1799    0.2612
DIM:ROT:     129         1    0.0306    0.1908    0.2554
DIM:ROT:     129         2    0.0298    0.1776    0.2577
DIM:ROT:     129         3    0.0291    0.1793    0.2381
DIM:ROT:     130         1    0.0297    0.1810    0.2543
DIM:ROT:     130         2    0.0290    0.1723    0.2408
DIM:ROT:     130         3    0.0283    0.1703    0.2369
DIM:ROT:     131         1    0.0285    0.1764    0.2394
DIM:ROT:     131         2    0.0278    0.1667    0.2383
DIM:ROT:     131         3    0.0271    0.1659    0.2234
DIM:ROT:     132         1    0.0270    0.1695    0.2392
DIM:ROT:     132         2    0.0264    0.1625    0.2250
DIM:ROT:     132         3    0.0257    0.1595    0.2227
DIM:ROT:     133         1    0.0253    0.1700    0.2239
DIM:ROT:     133         2    0.0246    0.1556    0.2285
DIM:ROT:     133         3    0.0240    0.1594    0.2078
DIM:ROT:     134         1    0.0234    0.1615    0.2265
DIM:ROT:     134         2    0.0228    0.1544    0.2141
DIM:ROT:     134         3    0.0223    0.1522    0.2114
DIM:ROT:     135         1    0.0215    0.1663    0.2131
DIM:ROT:     135         2    0.0209    0.1491    0.2222
DIM:ROT:     135         3    0.0204    0.1561    0.1983
DIM:ROT:     136         1    0.0189    0.1528    0.2144
DIM:ROT:     136         2    0.0183    0.1474    0.2036
DIM:ROT:     136         3    0.0178    0.1456    0.2024
DIM:ROT:     137         1    0.0163    0.1491    0.2076
DIM:ROT:     137         2    0.0158    0.1462    0.2014
DIM:ROT:     137         3    0.0153    0.1415    0.1957
DIM:ROT:     138         1    0.0134    0.1512    0.1961
DIM:ROT:     138         2    0.0130    0.1359    0.2012
DIM:ROT:     138         3    0.0125    0.1447    0.1863
DIM:ROT:     139         1    0.0104    0.1362    0.2010
DIM:ROT:     139         2    0.0100    0.1430    0.1858
DIM:ROT:     139         3    0.0095    0.1308    0.1919
DIM:ROT:     140         1    0.0074    0.1423    0.1839
DIM:ROT:     140         2    0.0070    0.1286    0.1900
DIM:ROT:     140         3    0.0065    0.1372    0.1764
DIM:ROT:     141         1    0.0044    0.1263    0.1931
DIM:ROT:     141         2    0.0040    0.1379    0.1721
DIM:ROT:     141         3    0.0036    0.1215    0.1847
DIM:ROT:     142         1    0.0021    0.1367    0.1712
DIM:ROT:     142         2    0.0017    0.1192    0.1819
DIM:ROT:     142         3    0.0013    0.1312    0.1633
DIM:ROT:     143         1    0.0006    0.1209    0.1810
DIM:ROT:     143         2    0.0003    0.1282    0.1645
DIM:ROT:     143         3   -0.0001    0.1155    0.1717
DIM:ROT:     144         1    0.0004    0.1318    0.1653
DIM:ROT:     144         2    0.0000    0.1140    0.1742
DIM:ROT:     144         3   -0.0003    0.1252    0.1556
DIM:ROT:     145         1   -0.0002    0.1096    0.1656
DIM:ROT:     145         2   -0.0005    0.1149    0.1456
DIM:ROT:     145         3   -0.0008    0.1018    0.1515
DIM:ROT:     146         1   -0.0148    0.2166    0.1785
DIM:ROT:     146         2   -0.0151    0.1059    0.2140
DIM:ROT:     146         3   -0.0155    0.1274    0.1360
DIM:ROT:     147         1   -0.0182    0.0726    0.1664
DIM:ROT:     147         2   -0.0183    0.1020    0.0786
DIM:ROT:     148         1   -0.0154    0.0620    0.1351
DIM:ROT:     148         2   -0.0155    0.0959    0.0714
DIM:ROT:     149         1   -0.0136    0.0514    0.1159
DIM:ROT:     149         2   -0.0137    0.0950    0.0583
DIM:ROT:     150         1   -0.0129    0.0471    0.0968
DIM:ROT:     151         1   -0.0134    0.0671    0.0574
DIM:ROT:     152         1   -0.0139    0.0432    0.0874
DIM:ROT:     153         1   -0.0132    0.0492    0.0630
DIM:ROT:     154         1   -0.0122    0.1248    0.0546
DIM:ROT:     155         1   -0.0089    0.0688    0.1707
DIM:ROT:     155         2   -0.0090    0.1438    0.0568
DIM:ROT:     156         1   -0.0035    0.1131    0.2863
DIM:ROT:     156         2   -0.0037    0.1539    0.0812
DIM:ROT:     157         1   -0.0036    0.0830    0.1986
DIM:ROT:     157         2   -0.0037    0.1271    0.0734
DIM:ROT:     158         1   -0.0058    0.0820    0.1935
DIM:ROT:     158         2   -0.0060    0.1129    0.0763
DIM:ROT:     159         1   -0.0058    0.0878    0.2059
DIM:ROT:     159         2   -0.0060    0.1179    0.0830
DIM:ROT:     160         1   -0.0052    0.0576    0.1278
DIM:ROT:     160         2   -0.0054    0.0985    0.0633
