MINMODE:METHOD: Dimer
DIM:CONTROL: Search Parameters:
DIM:CONTROL: ------------------
DIM:CONTROL: eigenmode_method = dimer
DIM:CONTROL: f_rot_min = 0.01
DIM:CONTROL: f_rot_max = 0.1
DIM:CONTROL: max_num_rot = 3
DIM:CONTROL: trial_angle = 0.7853981633974483
DIM:CONTROL: trial_trans_step = 0.001
DIM:CONTROL: maximum_translation = 0.1
DIM:CONTROL: cg_translation = True
DIM:CONTROL: use_central_forces = True
DIM:CONTROL: dimer_separation = 0.005
DIM:CONTROL: initial_eigenmode_method = gauss
DIM:CONTROL: extrapolate_forces = True
DIM:CONTROL: displacement_method = gauss
DIM:CONTROL: gauss_std = 0.1
DIM:CONTROL: order = 1
DIM:CONTROL: mask = None
DIM:CONTROL: displacement_center = None
DIM:CONTROL: displacement_radius = None
DIM:CONTROL: number_of_displacement_atoms = None
DIM:CONTROL: ------------------
DIM:ROT: OPT-STEP ROT-STEP CURVATURE ROT-ANGLE ROT-FORCE
DIM:ROT:       0         1    3.1326   19.8077   14.0720
DIM:ROT:       0         2    0.8919    8.8128   14.4191
DIM:ROT:       0         3   -0.1990    8.6729    6.9142
DIM:ROT:       1         1   -1.4918    4.9327    5.5821
DIM:ROT:       1         2   -1.7137    3.1223    4.0452
DIM:ROT:       1         3   -1.8276    2.1564    3.0790
DIM:ROT:       2         1   -2.1329    2.2303    3.0963
DIM:ROT:       2         2   -2.2061    1.6147    2.6398
DIM:ROT:       2         3   -2.2571    1.5043    2.0532
DIM:ROT:       3         1   -0.5680    1.4041    2.0571
DIM:ROT:       3         2   -0.5988    1.0132    1.5662
DIM:ROT:       3         3   -0.6226    0.9146    1.3370
DIM:ROT:       4         1    1.5458    2.7621    2.5667
DIM:ROT:       4         2    1.4566    1.6835    2.9019
DIM:ROT:       4         3    1.3883    1.9132    2.0226
DIM:ROT:       5         1    2.1037    3.3814    3.3553
DIM:ROT:       5         2    1.9999    1.9041    3.1158
DIM:ROT:       5         3    1.9090    2.1317    2.4571
DIM:ROT:       6         1   -1.1711    6.4889    5.8252
DIM:ROT:       6         2   -1.6910    3.9699    7.4441
DIM:ROT:       6         3   -2.0998    4.8410    4.9098
DIM:ROT:       7         1   -3.1147    4.4038    7.3854
DIM:ROT:       7         2   -3.5141    4.0792    5.6495
DIM:ROT:       7         3   -3.8520    3.3770    5.6590
DIM:ROT:       8         1   -8.2619    5.7163    5.8234
DIM:ROT:       8         2   -8.6328    3.2981    6.4031
DIM:ROT:       8         3   -8.8825    3.6239    4.0405
DIM:ROT:       9         1  -13.9265    4.6204    7.1706
DIM:ROT:       9         2  -14.2785    3.2282    6.2487
DIM:ROT:       9         3  -14.5339    3.0534    4.7047
DIM:ROT:      10         1  -12.4685    3.6850    4.6655
DIM:ROT:      10         2  -12.6300    2.2652    3.9814
DIM:ROT:      10         3  -12.7216    2.0406    2.5773
DIM:ROT:      11         1   -7.2863    5.2925    6.3712
DIM:ROT:      11         2   -7.5373    2.3979    5.3815
DIM:ROT:      11         3   -7.6903    2.3683    3.3758
DIM:ROT:      12         1   -2.9870    5.2059    4.9880
DIM:ROT:      12         2   -3.2313    3.0146    4.3921
DIM:ROT:      12         3   -3.3679    2.5361    2.9829
DIM:ROT:      13         1   -2.5895    9.1861    7.1527
DIM:ROT:      13         2   -2.8995    2.6882    6.7298
DIM:ROT:      13         3   -3.0355    2.9063    2.6014
DIM:ROT:      14         1  -14.2589   29.8201   11.0477
DIM:ROT:      14         2  -16.8735    8.3008   17.4737
DIM:ROT:      14         3  -17.5060    5.9438    6.0307
DIM:ROT:      15         1   -6.0813    5.1356    8.8073
DIM:ROT:      15         2   -6.5361    3.9456    6.3866
DIM:ROT:      15         3   -6.8427    3.1035    5.2813
DIM:ROT:      16         1   -2.5383   17.7704    9.1959
DIM:ROT:      16         2   -3.3368    5.1263    8.6969
DIM:ROT:      16         3   -3.5838    3.9101    3.6227
DIM:ROT:      17         1   -0.9222   10.5487   10.0029
DIM:ROT:      17         2   -1.4872    3.9372    8.6478
DIM:ROT:      17         3   -1.7713    3.7987    4.1290
DIM:ROT:      18         1   -1.2517    5.0636    6.4702
DIM:ROT:      18         2   -1.4642    2.8541    4.4971
DIM:ROT:      18         3   -1.5909    2.4831    3.0184
DIM:ROT:      19         1   -2.2213    2.6726    3.7316
DIM:ROT:      19         2   -2.2935    1.4532    2.9888
DIM:ROT:      19         3   -2.3412    1.4556    1.8355
DIM:ROT:      20         1   -1.9574    1.9355    2.1774
DIM:ROT:      20         2   -1.9979    1.2801    1.7934
DIM:ROT:      20         3   -2.0257    1.2143    1.3233
DIM:ROT:      21         1   -0.9608    2.6152    2.3555
DIM:ROT:      21         2   -1.0032    1.3344    1.9093
DIM:ROT:      21         3   -1.0362    1.3678    1.3617
DIM:ROT:      22         1   -0.7543    1.6707    2.7023
DIM:ROT:      22         2   -0.7902    1.1232    1.9130
DIM:ROT:      22         3   -0.8157    1.0488    1.4576
DIM:ROT:      23         1   -1.1151    2.9350    4.6750
DIM:ROT:      23         2   -1.1631    1.9686    1.7673
DIM:ROT:      23         3   -1.2080    1.2379    2.0437
DIM:ROT:      24         1   -1.0462    2.6313    2.9540
DIM:ROT:      24         2   -1.0671    1.1337    1.1689
DIM:ROT:      24         3   -1.0851    0.9155    1.1200
DIM:ROT:      25         1   -1.0711    3.2636    2.7450
DIM:ROT:      25         2   -1.0904    0.9369    1.4441
DIM:ROT:      25         3   -1.1090    0.8807    1.1875
DIM:ROT:      26         1   -0.9287    1.3432    1.9344
DIM:ROT:      26         2   -0.9468    0.8435    1.2529
DIM:ROT:      26         3   -0.9600    0.7155    1.0551
DIM:ROT:      27         1   -1.0421    0.9785    1.1482
DIM:ROT:      27         2   -1.0551    0.7657    0.9611
DIM:ROT:      27         3   -1.0658    0.6968    0.8566
DIM:ROT:      28         1   -1.1871    1.3889    2.1014
DIM:ROT:      28         2   -1.2247    1.4676    1.4305
DIM:ROT:      28         3   -1.2542    1.0354    1.6653
DIM:ROT:      29         1   -0.8727    1.6690    2.1854
DIM:ROT:      29         2   -0.8993    1.1084    1.3022
DIM:ROT:      29         3   -0.9200    0.8401    1.4075
DIM:ROT:      30         1   -0.5441    1.1864    1.1824
DIM:ROT:      30         2   -0.5610    0.8133    1.1879
DIM:ROT:      30         3   -0.5745    0.8381    0.9288
DIM:ROT:      31         1   -0.2440    1.0896    1.2845
DIM:ROT:      31         2   -0.2589    0.7122    1.2060
DIM:ROT:      31         3   -0.2725    0.8029    0.9384
DIM:ROT:      32         1    0.1261    1.3059    1.7207
DIM:ROT:      32         2    0.1063    0.8820    1.2454
DIM:ROT:      32         3    0.0906    0.8436    1.0832
DIM:ROT:      33         1    0.4448    1.7948    1.8883
DIM:ROT:      33         2    0.4233    0.8822    1.3752
DIM:ROT:      33         3    0.4054    0.9278    1.0863
DIM:ROT:      34         1    0.3682    1.6950    2.0574
DIM:ROT:      34         2    0.3468    0.8586    1.3910
DIM:ROT:      34         3    0.3313    0.8990    1.0018
DIM:ROT:      35         1    0.2916    1.8672    2.0001
DIM:ROT:      35         2    0.2701    0.8591    1.4013
DIM:ROT:      35         3    0.2532    0.9157    1.0343
DIM:ROT:      36         1    0.4782    1.8622    2.0670
DIM:ROT:      36         2    0.4517    0.9638    1.5405
DIM:ROT:      36         3    0.4317    1.0251    1.1280
DIM:ROT:      37         1    0.6336    1.9410    2.0665
DIM:ROT:      37         2    0.6057    0.9978    1.6051
DIM:ROT:      37         3    0.5816    1.1108    1.2122
DIM:ROT:      38         1    0.5842    1.7012    2.1031
DIM:ROT:      38         2    0.5549    1.0524    1.5945
DIM:ROT:      38         3    0.5314    1.0925    1.2456
DIM:ROT:      39         1    0.3676    1.6625    1.8876
DIM:ROT:      39         2    0.3423    0.9685    1.5092
DIM:ROT:      39         3    0.3192    1.0851    1.1904
DIM:ROT:      40         1    0.2767    1.4636    1.8856
DIM:ROT:      40         2    0.2517    0.9945    1.4280
DIM:ROT:      40         3    0.2309    1.0132    1.1933
DIM:ROT:      41         1    0.4076    1.5496    1.7550
DIM:ROT:      41         2    0.3847    0.9317    1.4103
DIM:ROT:      41         3    0.3634    1.0410    1.1502
DIM:ROT:      42         1    0.5708    1.3926    1.7671
DIM:ROT:      42         2    0.5474    0.9704    1.3696
DIM:ROT:      42         3    0.5278    0.9828    1.1576
DIM:ROT:      43         1    0.6379    1.3818    1.5774
DIM:ROT:      43         2    0.6177    0.8813    1.3117
DIM:ROT:      43         3    0.5991    0.9697    1.0773
DIM:ROT:      44         1    0.6397    1.1737    1.5251
DIM:ROT:      44         2    0.6218    0.8611    1.1792
DIM:ROT:      44         3    0.6069    0.8503    1.0217
DIM:ROT:      45         1    0.6257    1.1907    1.3826
DIM:ROT:      45         2    0.6102    0.7781    1.1348
DIM:ROT:      45         3    0.5958    0.8528    0.9487
DIM:ROT:      46         1    0.6244    1.2667    1.3975
DIM:ROT:      46         2    0.6055    0.8699    1.2397
DIM:ROT:      46         3    0.5885    0.9412    1.0323
DIM:ROT:      47         1    0.5718    1.4679    1.5933
DIM:ROT:      47         2    0.5413    1.1078    1.5637
DIM:ROT:      47         3    0.5101    1.2760    1.3778
DIM:ROT:      48         1    0.3471    2.2809    1.9420
DIM:ROT:      48         2    0.2710    1.6841    2.5614
DIM:ROT:      48         3    0.1916    2.2682    2.0050
DIM:ROT:      49         1   -0.3144    3.3733    3.5440
DIM:ROT:      49         2   -0.5440    3.1033    4.2007
DIM:ROT:      49         3   -0.8145    3.7952    4.0043
DIM:ROT:      50         1   -1.0496    3.0673    4.5599
DIM:ROT:      50         2   -1.3077    3.9101    3.7533
DIM:ROT:      50         3   -1.5670    3.1960    4.7476
DIM:ROT:      51         1   -1.8032    3.8703    3.7241
DIM:ROT:      51         2   -2.0573    3.2435    4.4522
DIM:ROT:      51         3   -2.3304    3.9598    3.8483
DIM:ROT:      52         1   -2.7976    3.2050    5.5708
DIM:ROT:      52         2   -3.0668    4.2537    3.8936
DIM:ROT:      52         3   -3.2557    2.9304    5.1290
DIM:ROT:      53         1   -1.9084    2.5121    2.7693
DIM:ROT:      53         2   -2.0098    2.1290    2.6032
DIM:ROT:      53         3   -2.1020    2.1194    2.3647
DIM:ROT:      54         1   -0.2869    2.2613    3.7439
DIM:ROT:      54         2   -0.3765    2.3124    2.1064
DIM:ROT:      54         3   -0.4357    1.4461    2.3191
DIM:ROT:      55         1    0.9235    7.8784    3.0981
DIM:ROT:      55         2    0.7066    2.9479    4.1605
DIM:ROT:      55         3    0.6076    2.6367    2.1847
DIM:ROT:      56         1   -1.4976    3.4838    3.4271
DIM:ROT:      56         2   -1.6349    2.4335    3.4064
DIM:ROT:      56         3   -1.7454    2.5010    2.6344
DIM:ROT:      57         1   -0.9437    1.4097    2.5681
DIM:ROT:      57         2   -0.9826    1.7614    1.3036
DIM:ROT:      57         3   -1.0165    1.0659    1.8162
DIM:ROT:      58         1   -0.7204    1.5010    1.2745
DIM:ROT:      58         2   -0.7446    0.9439    1.5140
DIM:ROT:      58         3   -0.7645    1.1340    1.0576
DIM:ROT:      59         1   -0.9401    1.0029    1.2932
DIM:ROT:      59         2   -0.9588    0.9760    1.1164
DIM:ROT:      59         3   -0.9768    0.9031    1.1619
DIM:ROT:      60         1   -1.6631    2.7333    2.0707
DIM:ROT:      60         2   -1.7270    1.5595    2.3540
DIM:ROT:      60         3   -1.7750    1.6113    1.7504
DIM:ROT:      61         1    0.9429    6.9977    3.6331
DIM:ROT:      61         2    0.7313    2.5275    4.8636
DIM:ROT:      61         3    0.6082    3.0186    2.2702
DIM:ROT:      62         1    1.2189    2.9721    3.9510
DIM:ROT:      62         2    1.0803    2.5764    3.0787
DIM:ROT:      62         3    0.9721    2.2055    2.8870
DIM:ROT:      63         1    0.7848    2.3301    2.5949
DIM:ROT:      63         2    0.7099    1.8038    2.4138
DIM:ROT:      63         3    0.6433    1.8383    2.0501
DIM:ROT:      64         1    0.3362    1.4993    2.2595
DIM:ROT:      64         2    0.2904    1.6749    1.5559
DIM:ROT:      64         3    0.2531    1.2037    1.7988
DIM:ROT:      65         1   -0.1891    1.5007    1.2962
DIM:ROT:      65         2   -0.2129    0.9557    1.4246
DIM:ROT:      65         3   -0.2322    1.0938    1.0033
DIM:ROT:      66         1    0.0794    1.1372    1.3806
DIM:ROT:      66         2    0.0564    1.0624    1.2282
DIM:ROT:      66         3    0.0371    0.9645    1.1796
DIM:ROT:      67         1   -0.2314    0.8807    1.0275
DIM:ROT:      67         2   -0.2431    0.7524    0.9003
DIM:ROT:      67         3   -0.2538    0.7127    0.8538
DIM:ROT:      68         1   -0.2261    0.7048    1.0908
DIM:ROT:      68         2   -0.2348    0.6951    0.7074
DIM:ROT:      68         3   -0.2417    0.5203    0.7816
DIM:ROT:      69         1   -0.2546    0.7182    0.8496
DIM:ROT:      69         2   -0.2613    0.5073    0.7550
DIM:ROT:      69         3   -0.2670    0.4984    0.6410
DIM:ROT:      70         1   -0.2236    0.5132    0.7454
DIM:ROT:      70         2   -0.2294    0.5464    0.6063
DIM:ROT:      70         3   -0.2344    0.4512    0.6471
DIM:ROT:      71         1   -0.1264    1.5553    0.7548
DIM:ROT:      71         2   -0.1384    0.6048    1.1119
DIM:ROT:      71         3   -0.1456    0.6669    0.6157
DIM:ROT:      72         1   -0.0451    0.7322    1.0889
DIM:ROT:      72         2   -0.0570    0.7582    0.8954
DIM:ROT:      72         3   -0.0673    0.6353    0.9407
DIM:ROT:      73         1    0.0812    2.5594    1.4159
DIM:ROT:      73         2    0.0394    1.1602    2.0024
DIM:ROT:      73         3    0.0124    1.3033    1.1761
DIM:ROT:      74         1    0.1166    0.8604    1.6796
DIM:ROT:      74         2    0.0979    1.2702    0.8314
DIM:ROT:      74         3    0.0822    0.6971    1.3026
DIM:ROT:      75         1    0.1970    1.4568    0.7785
DIM:ROT:      75         2    0.1811    0.8179    1.0722
DIM:ROT:      75         3    0.1719    0.7325    0.7375
DIM:ROT:      76         1    0.2025    0.6517    1.1041
DIM:ROT:      76         2    0.1929    0.7750    0.6918
DIM:ROT:      76         3    0.1848    0.5380    0.8812
DIM:ROT:      77         1    0.1066    1.2259    0.7571
DIM:ROT:      77         2    0.0947    0.7425    0.8863
DIM:ROT:      77         3    0.0874    0.6334    0.6726
DIM:ROT:      78         1   -0.0504    0.7180    1.0658
DIM:ROT:      78         2   -0.0606    0.7241    0.7897
DIM:ROT:      78         3   -0.0693    0.5891    0.8558
DIM:ROT:      79         1   -0.2360    1.2110    0.9247
DIM:ROT:      79         2   -0.2490    0.7094    1.0367
DIM:ROT:      79         3   -0.2588    0.6819    0.8156
DIM:ROT:      80         1   -0.3316    0.8041    1.1986
DIM:ROT:      80         2   -0.3442    0.8197    0.8793
DIM:ROT:      80         3   -0.3556    0.6715    0.9815
DIM:ROT:      81         1   -0.4744    1.1450    1.1608
DIM:ROT:      81         2   -0.4897    0.8646    1.0063
DIM:ROT:      81         3   -0.5027    0.7409    1.0122
DIM:ROT:      82         1   -0.5401    0.7486    1.1232
DIM:ROT:      82         2   -0.5520    0.7033    0.9557
DIM:ROT:      82         3   -0.5627    0.6503    0.9639
DIM:ROT:      83         1   -0.5263    0.9476    0.8741
DIM:ROT:      83         2   -0.5387    0.6752    1.0456
DIM:ROT:      83         3   -0.5505    0.8191    0.8233
DIM:ROT:      84         1   -0.4863    0.7247    1.3334
DIM:ROT:      84         2   -0.4971    0.8039    0.7575
DIM:ROT:      84         3   -0.5067    0.5766    0.9747
DIM:ROT:      85         1   -0.4769    0.8948    0.9545
DIM:ROT:      85         2   -0.4875    0.6702    0.8895
DIM:ROT:      85         3   -0.4962    0.6303    0.8073
DIM:ROT:      86         1   -0.4555    0.6743    0.9614
DIM:ROT:      86         2   -0.4641    0.6488    0.7627
DIM:ROT:      86         3   -0.4719    0.5579    0.8049
DIM:ROT:      87         1   -0.5031    0.7689    1.1072
DIM:ROT:      87         2   -0.5119    0.6696    0.7377
DIM:ROT:      87         3   -0.5197    0.5295    0.8403
DIM:ROT:      88         1   -0.5198    0.7563    1.0021
DIM:ROT:      88         2   -0.5298    0.6706    0.8398
DIM:ROT:      88         3   -0.5384    0.5996    0.8346
DIM:ROT:      89         1   -0.4731    0.7273    0.8655
DIM:ROT:      89         2   -0.4813    0.5831    0.7961
DIM:ROT:      89         3   -0.4887    0.5714    0.7413
DIM:ROT:      90         1   -0.4932    0.5654    0.8831
DIM:ROT:      90         2   -0.5011    0.5987    0.7431
DIM:ROT:      90         3   -0.5081    0.5127    0.7996
DIM:ROT:      91         1   -0.4944    0.9600    0.7025
DIM:ROT:      91         2   -0.5049    0.5725    1.0287
DIM:ROT:      91         3   -0.5141    0.7909    0.6663
DIM:ROT:      92         1   -0.4858    0.5727    1.0793
DIM:ROT:      92         2   -0.4955    0.8020    0.6858
DIM:ROT:      92         3   -0.5044    0.5264    0.9751
DIM:ROT:      93         1   -0.5109    0.9342    1.0270
DIM:ROT:      93         2   -0.5237    0.7833    0.9267
DIM:ROT:      93         3   -0.5349    0.7071    0.9101
DIM:ROT:      94         1   -0.5988    0.9717    1.0128
DIM:ROT:      94         2   -0.6142    0.7703    1.1444
DIM:ROT:      94         3   -0.6284    0.8774    0.9462
DIM:ROT:      95         1   -0.6577    1.1207    1.5639
DIM:ROT:      95         2   -0.6799    1.0353    1.2325
DIM:ROT:      95         3   -0.7017    0.9345    1.3280
DIM:ROT:      96         1   -0.5652    1.2138    1.5402
DIM:ROT:      96         2   -0.5884    0.9325    1.4167
DIM:ROT:      96         3   -0.6094    0.9502    1.2911
DIM:ROT:      97         1   -0.4890    1.3891    1.6438
DIM:ROT:      97         2   -0.5177    1.0821    1.5243
DIM:ROT:      97         3   -0.5458    1.1248    1.4188
DIM:ROT:      98         1   -0.7202    1.5012    1.8122
DIM:ROT:      98         2   -0.7619    1.2795    1.8702
DIM:ROT:      98         3   -0.8010    1.3500    1.6838
DIM:ROT:      99         1   -0.9205    1.9764    2.5964
DIM:ROT:      99         2   -0.9866    1.7065    2.2292
DIM:ROT:      99         3   -1.0524    1.6262    2.2868
DIM:ROT:     100         1   -0.7282    1.9297    2.5803
DIM:ROT:     100         2   -0.7904    1.6660    2.1172
DIM:ROT:     100         3   -0.8486    1.5658    2.1530
DIM:ROT:     101         1   -0.8583    2.3856    2.7686
DIM:ROT:     101         2   -0.9398    1.7841    2.5927
DIM:ROT:     101         3   -1.0208    1.9277    2.3800
DIM:ROT:     102         1   -1.7018    2.5050    3.0935
DIM:ROT:     102         2   -1.8282    2.1881    3.2925
DIM:ROT:     102         3   -1.9467    2.3285    2.9563
DIM:ROT:     103         1   -2.5194    2.9858    3.9177
DIM:ROT:     103         2   -2.6953    2.7753    3.6362
DIM:ROT:     103         3   -2.8671    2.6580    3.6556
DIM:ROT:     104         1   -2.1594    2.3570    3.5464
DIM:ROT:     104         2   -2.2821    2.3976    2.8978
DIM:ROT:     104         3   -2.3935    2.0713    3.1303
DIM:ROT:     105         1   -2.0797    2.4743    3.2013
DIM:ROT:     105         2   -2.1875    2.0383    3.0368
DIM:ROT:     105         3   -2.2911    2.1087    2.7697
DIM:ROT:     106         1   -2.5691    2.1204    2.9825
DIM:ROT:     106         2   -2.6654    2.0508    2.6943
DIM:ROT:     106         3   -2.7524    1.8793    2.6901
DIM:ROT:     107         1   -2.6108    2.1155    2.8947
DIM:ROT:     107         2   -2.6893    1.8708    2.4536
DIM:ROT:     107         3   -2.7645    1.7319    2.4570
DIM:ROT:     108         1   -2.3027    1.8431    2.7476
DIM:ROT:     108         2   -2.3611    1.6634    2.0462
DIM:ROT:     108         3   -2.4127    1.4092    2.1334
DIM:ROT:     109         1   -2.4887    1.6585    1.9905
DIM:ROT:     109         2   -2.5323    1.3379    1.9186
DIM:ROT:     109         3   -2.5741    1.3747    1.7216
DIM:ROT:     110         1   -2.1775    2.4044    3.5961
DIM:ROT:     110         2   -2.2144    1.3048    1.7796
DIM:ROT:     110         3   -2.2445    1.0781    1.6343
DIM:ROT:     111         1   -1.8067    1.8557    2.4642
DIM:ROT:     111         2   -1.8330    1.2119    1.3308
DIM:ROT:     111         3   -1.8549    0.9305    1.3399
DIM:ROT:     112         1   -1.2140    2.3059    2.4529
DIM:ROT:     112         2   -1.2542    1.3538    1.7471
DIM:ROT:     112         3   -1.2801    1.0703    1.4075
DIM:ROT:     113         1   -1.2473    1.9476    1.9004
DIM:ROT:     113         2   -1.2882    1.1546    2.0401
DIM:ROT:     113         3   -1.3201    1.3034    1.3841
DIM:ROT:     114         1   -1.4305    1.2252    1.8391
DIM:ROT:     114         2   -1.4617    1.2274    1.4582
DIM:ROT:     114         3   -1.4864    0.9892    1.4737
DIM:ROT:     115         1   -1.5594    1.4999    1.6547
DIM:ROT:     115         2   -1.5909    1.0345    1.7707
DIM:ROT:     115         3   -1.6185    1.1826    1.3261
DIM:ROT:     116         1   -1.4582    1.8109    2.0567
DIM:ROT:     116         2   -1.5023    1.2644    2.0127
DIM:ROT:     116         3   -1.5372    1.3302    1.5496
DIM:ROT:     117         1   -1.3810    1.4249    1.7530
DIM:ROT:     117         2   -1.4121    1.1423    1.5879
DIM:ROT:     117         3   -1.4393    1.1161    1.3856
DIM:ROT:     118         1   -1.2932    1.0296    1.4860
DIM:ROT:     118         2   -1.3152    0.9692    1.3013
DIM:ROT:     118         3   -1.3329    0.8569    1.2291
DIM:ROT:     119         1   -0.9883    1.2795    1.2949
DIM:ROT:     119         2   -1.0085    0.8426    1.4007
DIM:ROT:     119         3   -1.0258    0.9684    1.0203
DIM:ROT:     120         1   -0.7450    0.9539    1.3021
DIM:ROT:     120         2   -0.7610    0.8413    1.1058
DIM:ROT:     120         3   -0.7735    0.7419    1.0017
DIM:ROT:     121         1   -0.6201    0.8520    1.0892
DIM:ROT:     121         2   -0.6319    0.6799    1.0279
DIM:ROT:     121         3   -0.6422    0.6833    0.8622
DIM:ROT:     122         1   -0.5149    0.7218    0.9301
DIM:ROT:     122         2   -0.5245    0.6334    0.8813
DIM:ROT:     122         3   -0.5322    0.6033    0.7695
DIM:ROT:     123         1   -0.4204    0.6720    0.8069
DIM:ROT:     123         2   -0.4280    0.5519    0.8079
DIM:ROT:     123         3   -0.4349    0.5766    0.6875
DIM:ROT:     124         1   -0.3558    0.6331    0.8058
DIM:ROT:     124         2   -0.3632    0.5467    0.7932
DIM:ROT:     124         3   -0.3694    0.5415    0.6838
DIM:ROT:     125         1   -0.3320    0.6377    0.7218
DIM:ROT:     125         2   -0.3386    0.5055    0.7593
DIM:ROT:     125         3   -0.3446    0.5529    0.6228
DIM:ROT:     126         1   -0.2682    0.7718    0.8093
DIM:ROT:     126         2   -0.2762    0.5437    0.8641
DIM:ROT:     126         3   -0.2829    0.6109    0.6483
DIM:ROT:     127         1   -0.2151    0.6212    0.9046
DIM:ROT:     127         2   -0.2223    0.5746    0.7400
DIM:ROT:     127         3   -0.2290    0.5146    0.7373
DIM:ROT:     128         1   -0.1187    0.8199    0.8774
DIM:ROT:     128         2   -0.1273    0.5891    0.8525
DIM:ROT:     128         3   -0.1343    0.6012    0.6884
DIM:ROT:     129         1   -0.0534    0.8449    0.9251
DIM:ROT:     129         2   -0.0623    0.5867    0.8942
DIM:ROT:     129         3   -0.0702    0.6291    0.7140
DIM:ROT:     130         1   -0.0555    0.6223    0.9039
DIM:ROT:     130         2   -0.0634    0.6022    0.7575
DIM:ROT:     130         3   -0.0700    0.5216    0.7463
DIM:ROT:     131         1   -0.0618    0.8321    0.7518
DIM:ROT:     131         2   -0.0696    0.5381    0.8276
DIM:ROT:     131         3   -0.0764    0.6278    0.6176
DIM:ROT:     132         1   -0.1097    0.5595    0.8349
DIM:ROT:     132         2   -0.1161    0.5574    0.6498
DIM:ROT:     132         3   -0.1215    0.4656    0.6769
DIM:ROT:     133         1   -0.1758    0.6458    0.6183
DIM:ROT:     133         2   -0.1810    0.4168    0.7348
DIM:ROT:     133         3   -0.1860    0.5275    0.5291
DIM:ROT:     134         1   -0.1957    0.4970    0.7977
DIM:ROT:     134         2   -0.2011    0.5499    0.5651
DIM:ROT:     134         3   -0.2058    0.4207    0.6568
DIM:ROT:     135         1   -0.1427    0.7316    0.6731
DIM:ROT:     135         2   -0.1483    0.5442    0.6101
DIM:ROT:     135         3   -0.1531    0.4613    0.5974
DIM:ROT:     136         1   -0.1042    0.5179    0.7665
DIM:ROT:     136         2   -0.1097    0.4674    0.6532
DIM:ROT:     136         3   -0.1142    0.4280    0.6228
DIM:ROT:     137         1   -0.0686    0.9348    0.6713
DIM:ROT:     137         2   -0.0760    0.4654    0.8869
DIM:ROT:     137         3   -0.0815    0.5715    0.5483
DIM:ROT:     138         1   -0.0928    0.3814    0.7070
DIM:ROT:     138         2   -0.0970    0.5587    0.4273
DIM:ROT:     138         3   -0.1006    0.3378    0.6199
DIM:ROT:     139         1   -0.1488    0.6500    0.3413
DIM:ROT:     139         2   -0.1519    0.2974    0.6265
DIM:ROT:     139         3   -0.1549    0.5368    0.3078
DIM:ROT:     140         1   -0.0973    0.3419    0.7145
DIM:ROT:     140         2   -0.1007    0.6018    0.3221
DIM:ROT:     140         3   -0.1036    0.2896    0.5850
DIM:ROT:     141         1   -0.0840    0.6690    0.4487
DIM:ROT:     141         2   -0.0877    0.3912    0.5563
DIM:ROT:     141         3   -0.0903    0.3681    0.4061
DIM:ROT:     142         1   -0.1722    0.8698    0.4798
DIM:ROT:     142         2   -0.1774    0.3880    0.7650
DIM:ROT:     142         3   -0.1816    0.6189    0.3876
DIM:ROT:     143         1   -0.2270    0.3769    0.7406
DIM:ROT:     143         2   -0.2309    0.5316    0.4183
DIM:ROT:     143         3   -0.2341    0.3163    0.6039
DIM:ROT:     144         1   -0.2403    1.0138    0.3861
DIM:ROT:     144         2   -0.2456    0.3833    0.8096
DIM:ROT:     144         3   -0.2496    0.6636    0.3437
DIM:ROT:     145         1   -0.2523    0.3406    0.6914
DIM:ROT:     145         2   -0.2559    0.5819    0.3573
DIM:ROT:     145         3   -0.2590    0.3064    0.6111
DIM:ROT:     146         1   -0.2351    1.0392    0.3582
DIM:ROT:     146         2   -0.2402    0.3908    0.7620
DIM:ROT:     146         3   -0.2429    0.4487    0.3595
DIM:ROT:     147         1   -0.2804    0.5012    0.7979
DIM:ROT:     147         2   -0.2847    0.4639    0.5185
DIM:ROT:     147         3   -0.2881    0.3661    0.5537
DIM:ROT:     148         1   -0.4637    1.5518    0.7491
DIM:ROT:     148         2   -0.4759    0.5885    1.1479
DIM:ROT:     148         3   -0.4829    0.7186    0.5633
DIM:ROT:     149         1   -0.5200    0.7042    1.1165
DIM:ROT:     149         2   -0.5297    0.7055    0.7744
DIM:ROT:     149         3   -0.5374    0.5460    0.8338
DIM:ROT:     150         1   -0.5098    0.7493    0.7096
DIM:ROT:     150         2   -0.5176    0.5072    0.8953
DIM:ROT:     150         3   -0.5250    0.6717    0.6339
DIM:ROT:     151         1   -0.5375    0.6327    1.0381
DIM:ROT:     151         2   -0.5474    0.7588    0.7497
DIM:ROT:     151         3   -0.5559    0.5589    0.9027
DIM:ROT:     152         1   -0.7130    1.3562    0.7843
DIM:ROT:     152         2   -0.7263    0.6591    1.1683
DIM:ROT:     152         3   -0.7365    0.8749    0.6673
DIM:ROT:     153         1   -0.8408    0.6256    1.0938
DIM:ROT:     153         2   -0.8507    0.7587    0.7425
DIM:ROT:     153         3   -0.8588    0.5287    0.9045
DIM:ROT:     154         1   -0.8812    1.8076    0.6914
DIM:ROT:     154         2   -0.8951    0.6355    1.2175
DIM:ROT:     154         3   -0.9025    0.8062    0.5331
DIM:ROT:     155         1   -1.0098    0.9246    1.2425
DIM:ROT:     155         2   -1.0243    0.8007    1.0268
DIM:ROT:     155         3   -1.0355    0.6933    0.9165
DIM:ROT:     156         1   -1.1872    1.3192    1.1721
DIM:ROT:     156         2   -1.2082    0.7958    1.4635
DIM:ROT:     156         3   -1.2255    1.0459    0.9352
DIM:ROT:     157         1   -1.4332    1.6029    1.8246
DIM:ROT:     157         2   -1.4758    1.2833    1.8662
DIM:ROT:     157         3   -1.5102    1.3185    1.5087
DIM:ROT:     158         1   -1.6414    2.1715    1.9140
DIM:ROT:     158         2   -1.6988    1.3872    2.3318
DIM:ROT:     158         3   -1.7473    1.7307    1.5912
DIM:ROT:     159         1   -1.8440    1.2169    2.1266
DIM:ROT:     159         2   -1.8846    1.5372    1.5115
DIM:ROT:     159         3   -1.9200    1.0828    1.8836
DIM:ROT:     160         1   -2.0615    2.4180    1.3587
DIM:ROT:     160         2   -2.1097    1.1614    2.3567
DIM:ROT:     160         3   -2.1513    2.0039    1.1825
