      Step     Time          Energy          fmax
BFGS:    0 16:53:44    -6227.002242        0.476574
BFGS:    1 16:53:44    -6227.013337        0.493876
BFGS:    2 16:53:44    -6227.174800        2.276695
BFGS:    3 16:53:44    -6227.273578        4.295504
BFGS:    4 16:53:44    -6227.354772        4.673060
BFGS:    5 16:53:44    -6227.551193        5.270295
BFGS:    6 16:53:44    -6227.763871        5.258641
BFGS:    7 16:53:44    -6227.962323        4.892299
BFGS:    8 16:53:44    -6228.183963        5.039904
BFGS:    9 16:53:44    -6228.476790        4.150485
BFGS:   10 16:53:44    -6228.844569        2.859698
BFGS:   11 16:53:44    -6229.037652        2.191634
BFGS:   12 16:53:44    -6229.249816        1.725696
BFGS:   13 16:53:44    -6229.316694        0.980276
BFGS:   14 16:53:44    -6229.342029        0.606634
BFGS:   15 16:53:44    -6229.364318        0.488899
BFGS:   16 16:53:44    -6229.381800        0.515218
BFGS:   17 16:53:44    -6229.395693        0.467670
BFGS:   18 16:53:44    -6229.410737        0.502273
BFGS:   19 16:53:44    -6229.428061        0.522277
BFGS:   20 16:53:44    -6229.441681        0.474754
BFGS:   21 16:53:44    -6229.448839        0.332667
BFGS:   22 16:53:44    -6229.451379        0.265082
BFGS:   23 16:53:44    -6229.453489        0.286203
BFGS:   24 16:53:44    -6229.456021        0.195120
BFGS:   25 16:53:44    -6229.458058        0.172566
BFGS:   26 16:53:44    -6229.459520        0.161527
BFGS:   27 16:53:44    -6229.461415        0.147848
BFGS:   28 16:53:45    -6229.463455        0.164408
BFGS:   29 16:53:45    -6229.464982        0.109532
BFGS:   30 16:53:45    -6229.465616        0.070107
BFGS:   31 16:53:45    -6229.465951        0.063485
BFGS:   32 16:53:45    -6229.466380        0.060915
BFGS:   33 16:53:45    -6229.466735        0.054652
BFGS:   34 16:53:45    -6229.466922        0.027621
BFGS:   35 16:53:45    -6229.466986        0.023696
BFGS:   36 16:53:45    -6229.467034        0.025050
BFGS:   37 16:53:45    -6229.467138        0.041724
BFGS:   38 16:53:45    -6229.467338        0.060386
BFGS:   39 16:53:45    -6229.467687        0.066689
BFGS:   40 16:53:45    -6229.468025        0.051734
BFGS:   41 16:53:45    -6229.468234        0.062461
BFGS:   42 16:53:45    -6229.468381        0.041611
BFGS:   43 16:53:45    -6229.468491        0.038709
BFGS:   44 16:53:45    -6229.468583        0.028687
BFGS:   45 16:53:45    -6229.468634        0.026687
BFGS:   46 16:53:45    -6229.468659        0.020738
BFGS:   47 16:53:45    -6229.468670        0.010056
BFGS:   48 16:53:45    -6229.468675        0.005996
BFGS:   49 16:53:45    -6229.468680        0.005481
BFGS:   50 16:53:45    -6229.468678        0.006721
BFGS:   51 16:53:45    -6229.468677        0.006709
BFGS:   52 16:53:45    -6229.468679        0.005374
BFGS:   53 16:53:45    -6229.468686        0.005623
BFGS:   54 16:53:45    -6229.468685        0.006248
BFGS:   55 16:53:45    -6229.468689        0.007037
BFGS:   56 16:53:45    -6229.468694        0.011411
BFGS:   57 16:53:45    -6229.468707        0.015368
BFGS:   58 16:53:45    -6229.468721        0.014634
BFGS:   59 16:53:45    -6229.468725        0.008675
BFGS:   60 16:53:45    -6229.468721        0.004782
