MinModeTranslate: STEP      TIME          ENERGY    MAX-FORCE     STEPSIZE    CURVATURE  ROT-STEPS
MinModeTranslate:    0  16:38:47    -9322.163777      31.7555     --------  -359.305731          3
MinModeTranslate:    0  16:38:47    -9322.163777      31.7555     0.100000  -359.305731          3
MinModeTranslate:    1  16:38:47    -9326.208691      17.5473     --------  -547.500506          3
MinModeTranslate:    1  16:38:47    -9326.208691      17.5473     0.100000  -547.500506          3
MinModeTranslate:    2  16:38:48    -9328.665473       8.9256     --------  -374.812900          3
MinModeTranslate:    2  16:38:48    -9328.665473       8.9256     0.100000  -374.812900          3
MinModeTranslate:    3  16:38:48    -9330.192733       5.6701     --------  -496.579517          3
MinModeTranslate:    3  16:38:48    -9330.192733       5.6701     0.100000  -496.579517          3
MinModeTranslate:    4  16:38:48    -9331.365032       7.9261     --------  -208.232600          3
MinModeTranslate:    4  16:38:48    -9331.365032       7.9261     0.100000  -208.232600          3
MinModeTranslate:    5  16:38:48    -9332.285798       8.1923     --------  -606.605646          3
MinModeTranslate:    5  16:38:48    -9332.285798       8.1923     0.100000  -606.605646          3
MinModeTranslate:    6  16:38:48    -9333.333034       8.6759     --------  -540.748937          3
MinModeTranslate:    6  16:38:48    -9333.333034       8.6759     0.100000  -540.748937          3
MinModeTranslate:    7  16:38:48    -9334.540975      10.9199     --------  -326.109965          3
MinModeTranslate:    7  16:38:48    -9334.540975      10.9199     0.100000  -326.109965          3
MinModeTranslate:    8  16:38:48    -9335.038017       4.0689     --------  -596.605476          3
MinModeTranslate:    8  16:38:48    -9335.038017       4.0689     0.100000  -596.605476          3
MinModeTranslate:    9  16:38:48    -9335.658446       3.1771     --------  -593.508857          3
MinModeTranslate:    9  16:38:48    -9335.658446       3.1771     0.050035  -593.508857          3
MinModeTranslate:   10  16:38:48    -9335.973472       8.5949     --------  -643.374880          3
MinModeTranslate:   10  16:38:48    -9335.973472       8.5949     0.100000  -643.374880          3
MinModeTranslate:   11  16:38:48    -9336.404036      10.2104     --------  -659.492017          3
MinModeTranslate:   11  16:38:48    -9336.404036      10.2104     0.026693  -659.492017          3
MinModeTranslate:   12  16:38:48    -9336.320590       1.5453     --------  -614.154834          3
MinModeTranslate:   12  16:38:48    -9336.320590       1.5453     0.100000  -614.154834          3
MinModeTranslate:   13  16:38:48    -9336.559481       1.3937     --------  -615.235911          3
MinModeTranslate:   13  16:38:48    -9336.559481       1.3937     0.011063  -615.235911          3
MinModeTranslate:   14  16:38:49    -9336.581095       2.1915     --------  -636.605907          3
MinModeTranslate:   14  16:38:49    -9336.581095       2.1915     0.100000  -636.605907          3
MinModeTranslate:   15  16:38:49    -9336.732417       2.3751     --------  -651.345304          3
MinModeTranslate:   15  16:38:49    -9336.732417       2.3751     0.016538  -651.345304          3
MinModeTranslate:   16  16:38:49    -9336.766176       3.1480     --------  -590.028116          3
MinModeTranslate:   16  16:38:49    -9336.766176       3.1480     0.100000  -590.028116          3
MinModeTranslate:   17  16:38:49    -9337.125910       6.1769     --------  -393.204022          3
MinModeTranslate:   17  16:38:49    -9337.125910       6.1769     0.100000  -393.204022          3
MinModeTranslate:   18  16:38:49    -9337.739408       8.0144     --------  -385.256681          3
MinModeTranslate:   18  16:38:49    -9337.739408       8.0144     0.100000  -385.256681          3
MinModeTranslate:   19  16:38:49    -9338.528863       6.7026     --------  -257.786963          3
MinModeTranslate:   19  16:38:49    -9338.528863       6.7026     0.089815  -257.786963          3
MinModeTranslate:   20  16:38:49    -9338.877524       1.7251     --------   -89.264832          3
MinModeTranslate:   20  16:38:49    -9338.877524       1.7251     0.056743   -89.264832          3
MinModeTranslate:   21  16:38:49    -9338.959255       1.9322     --------  -128.608918          3
MinModeTranslate:   21  16:38:49    -9338.959255       1.9322     0.050627  -128.608918          3
MinModeTranslate:   22  16:38:49    -9338.999867       0.9676     --------   -95.359820          3
MinModeTranslate:   22  16:38:49    -9338.999867       0.9676     0.017716   -95.359820          3
MinModeTranslate:   23  16:38:49    -9338.999195       0.7190     --------   -88.565177          3
MinModeTranslate:   23  16:38:49    -9338.999195       0.7190     0.012341   -88.565177          3
MinModeTranslate:   24  16:38:49    -9339.006074       0.6858     --------  -103.227595          3
MinModeTranslate:   24  16:38:49    -9339.006074       0.6858     0.014057  -103.227595          3
MinModeTranslate:   25  16:38:49    -9339.011009       0.1522     --------  -101.745800          3
MinModeTranslate:   25  16:38:49    -9339.011009       0.1522     0.006800  -101.745800          3
MinModeTranslate:   26  16:38:49    -9339.011947       0.1246     --------  -104.115373          3
MinModeTranslate:   26  16:38:49    -9339.011947       0.1246     0.007558  -104.115373          3
MinModeTranslate:   27  16:38:50    -9339.012540       0.1218     --------  -104.662453          3
MinModeTranslate:   27  16:38:50    -9339.012540       0.1218     0.002995  -104.662453          3
MinModeTranslate:   28  16:38:50    -9339.012713       0.0740     --------  -103.129862          3
MinModeTranslate:   28  16:38:50    -9339.012713       0.0740     0.003306  -103.129862          3
MinModeTranslate:   29  16:38:50    -9339.012880       0.0478     --------  -105.489181          3
MinModeTranslate:   29  16:38:50    -9339.012880       0.0478     0.002651  -105.489181          3
MinModeTranslate:   30  16:38:50    -9339.012950       0.0522     --------  -105.140589          3
MinModeTranslate:   30  16:38:50    -9339.012950       0.0522     0.002089  -105.140589          3
MinModeTranslate:   31  16:38:50    -9339.013000       0.0663     --------  -103.928620          3
MinModeTranslate:   31  16:38:50    -9339.013000       0.0663     0.002699  -103.928620          3
MinModeTranslate:   32  16:38:50    -9339.013056       0.0325     --------  -104.712869          3
MinModeTranslate:   32  16:38:50    -9339.013056       0.0325     0.002648  -104.712869          3
MinModeTranslate:   33  16:38:50    -9339.013106       0.0388     --------  -104.507826          3
MinModeTranslate:   33  16:38:50    -9339.013106       0.0388     0.001729  -104.507826          3
MinModeTranslate:   34  16:38:50    -9339.013134       0.0429     --------  -103.549264          3
MinModeTranslate:   34  16:38:50    -9339.013134       0.0429     0.005321  -103.549264          3
MinModeTranslate:   35  16:38:50    -9339.013213       0.0512     --------  -104.219346          3
MinModeTranslate:   35  16:38:50    -9339.013213       0.0512     0.009208  -104.219346          3
MinModeTranslate:   36  16:38:50    -9339.013342       0.0788     --------  -104.797279          3
MinModeTranslate:   36  16:38:50    -9339.013342       0.0788     0.005027  -104.797279          3
MinModeTranslate:   37  16:38:50    -9339.013417       0.0421     --------  -103.391914          3
MinModeTranslate:   37  16:38:50    -9339.013417       0.0421     0.004698  -103.391914          3
MinModeTranslate:   38  16:38:50    -9339.013480       0.0482     --------  -103.792408          3
MinModeTranslate:   38  16:38:50    -9339.013480       0.0482     0.008202  -103.792408          3
MinModeTranslate:   39  16:38:50    -9339.013585       0.0901     --------  -104.868888          3
MinModeTranslate:   39  16:38:50    -9339.013585       0.0901     0.005933  -104.868888          3
MinModeTranslate:   40  16:38:50    -9339.013653       0.0413     --------  -103.436966          3
MinModeTranslate:   40  16:38:50    -9339.013653       0.0413     0.006415  -103.436966          3
MinModeTranslate:   41  16:38:50    -9339.013740       0.0384     --------  -103.199623          3
MinModeTranslate:   41  16:38:50    -9339.013740       0.0384     0.007263  -103.199623          3
MinModeTranslate:   42  16:38:51    -9339.013817       0.0917     --------  -105.151610          3
MinModeTranslate:   42  16:38:51    -9339.013817       0.0917     0.009216  -105.151610          3
MinModeTranslate:   43  16:38:51    -9339.013932       0.0422     --------  -104.696525          3
MinModeTranslate:   43  16:38:51    -9339.013932       0.0422     0.010284  -104.696525          3
MinModeTranslate:   44  16:38:51    -9339.014033       0.0269     --------  -104.380831          3
MinModeTranslate:   44  16:38:51    -9339.014033       0.0269     0.003954  -104.380831          3
MinModeTranslate:   45  16:38:51    -9339.014065       0.0508     --------  -105.429538          3
MinModeTranslate:   45  16:38:51    -9339.014065       0.0508     0.004703  -105.429538          3
MinModeTranslate:   46  16:38:51    -9339.014111       0.0406     --------  -104.755845          2
MinModeTranslate:   46  16:38:51    -9339.014111       0.0406     0.009464  -104.755845          2
MinModeTranslate:   47  16:38:51    -9339.014191       0.0335     --------  -104.212277          3
MinModeTranslate:   47  16:38:51    -9339.014191       0.0335     0.010373  -104.212277          3
MinModeTranslate:   48  16:38:51    -9339.014265       0.0289     --------  -105.294617          3
MinModeTranslate:   48  16:38:51    -9339.014265       0.0289     0.002290  -105.294617          3
MinModeTranslate:   49  16:38:51    -9339.014280       0.0397     --------  -104.709714          3
MinModeTranslate:   49  16:38:51    -9339.014280       0.0397     0.009208  -104.709714          3
MinModeTranslate:   50  16:38:51    -9339.014349       0.0260     --------  -105.168168          3
MinModeTranslate:   50  16:38:51    -9339.014349       0.0260     0.004751  -105.168168          3
MinModeTranslate:   51  16:38:51    -9339.014379       0.0194     --------  -105.119338          3
MinModeTranslate:   51  16:38:51    -9339.014379       0.0194     0.002875  -105.119338          3
MinModeTranslate:   52  16:38:51    -9339.014398       0.0160     --------  -104.763119          2
MinModeTranslate:   52  16:38:51    -9339.014398       0.0160     0.003805  -104.763119          2
MinModeTranslate:   53  16:38:51    -9339.014415       0.0228     --------  -104.947632          2
MinModeTranslate:   53  16:38:51    -9339.014415       0.0228     0.001772  -104.947632          2
MinModeTranslate:   54  16:38:51    -9339.014433       0.0193     --------  -104.576274          2
MinModeTranslate:   54  16:38:51    -9339.014433       0.0193     0.001829  -104.576274          2
MinModeTranslate:   55  16:38:51    -9339.014444       0.0141     --------  -104.909581          2
MinModeTranslate:   55  16:38:51    -9339.014444       0.0141     0.003682  -104.909581          2
MinModeTranslate:   56  16:38:51    -9339.014457       0.0201     --------  -104.642586          3
MinModeTranslate:   56  16:38:51    -9339.014457       0.0201     0.001430  -104.642586          3
MinModeTranslate:   57  16:38:52    -9339.014465       0.0134     --------  -104.700395          3
MinModeTranslate:   57  16:38:52    -9339.014465       0.0134     0.000681  -104.700395          3
MinModeTranslate:   58  16:38:52    -9339.014469       0.0113     --------  -105.056827          2
MinModeTranslate:   58  16:38:52    -9339.014469       0.0113     0.001806  -105.056827          2
MinModeTranslate:   59  16:38:52    -9339.014471       0.0094     --------  -104.837466          2
MinModeTranslate:   59  16:38:52    -9339.014471       0.0094     0.000762  -104.837466          2
MinModeTranslate:   60  16:38:52    -9339.014476       0.0140     --------  -104.734431          1
MinModeTranslate:   60  16:38:52    -9339.014476       0.0140     0.000812  -104.734431          1
MinModeTranslate:   61  16:38:52    -9339.014481       0.0086     --------  -105.019164          2
MinModeTranslate:   61  16:38:52    -9339.014481       0.0086     0.001807  -105.019164          2
MinModeTranslate:   62  16:38:52    -9339.014489       0.0091     --------  -104.796496          3
MinModeTranslate:   62  16:38:52    -9339.014489       0.0091     0.000477  -104.796496          3
MinModeTranslate:   63  16:38:52    -9339.014493       0.0088     --------  -104.648967          1
MinModeTranslate:   63  16:38:52    -9339.014493       0.0088     0.000378  -104.648967          1
MinModeTranslate:   64  16:38:52    -9339.014492       0.0044     --------  -104.846112          2
