MinModeTranslate: STEP      TIME          ENERGY    MAX-FORCE     STEPSIZE    CURVATURE  ROT-STEPS
MinModeTranslate:    0  15:49:03    -9341.495133       1.0779     --------     2.057504          3
MinModeTranslate:    0  15:49:03    -9341.495133       1.0779     0.100000     2.057504          3
MinModeTranslate:    1  15:49:03    -9341.320119       0.6144     --------     1.207526          3
MinModeTranslate:    1  15:49:03    -9341.320119       0.6144     0.100000     1.207526          3
MinModeTranslate:    2  15:49:03    -9341.222862       0.5708     --------     1.876149          3
MinModeTranslate:    2  15:49:03    -9341.222862       0.5708     0.100000     1.876149          3
MinModeTranslate:    3  15:49:03    -9341.130125       0.5193     --------     2.911473          3
MinModeTranslate:    3  15:49:03    -9341.130125       0.5193     0.100000     2.911473          3
MinModeTranslate:    4  15:49:04    -9341.039381       0.9914     --------     4.391492          3
MinModeTranslate:    4  15:49:04    -9341.039381       0.9914     0.100000     4.391492          3
MinModeTranslate:    5  15:49:04    -9340.889909       7.2953     --------    -1.318711          3
MinModeTranslate:    5  15:49:04    -9340.889909       7.2953     0.100000    -1.318711          3
MinModeTranslate:    6  15:49:04    -9340.769801       6.8415     --------    -4.147779          3
MinModeTranslate:    6  15:49:04    -9340.769801       6.8415     0.100000    -4.147779          3
MinModeTranslate:    7  15:49:04    -9341.486298       4.3538     --------    -3.701348          3
MinModeTranslate:    7  15:49:04    -9341.486298       4.3538     0.100000    -3.701348          3
MinModeTranslate:    8  15:49:04    -9341.867408       4.2422     --------    -6.185769          3
MinModeTranslate:    8  15:49:04    -9341.867408       4.2422     0.100000    -6.185769          3
MinModeTranslate:    9  15:49:04    -9342.096565       4.0497     --------    -8.970194          3
MinModeTranslate:    9  15:49:04    -9342.096565       4.0497     0.100000    -8.970194          3
MinModeTranslate:   10  15:49:04    -9342.209839       3.4126     --------    -4.216810          3
MinModeTranslate:   10  15:49:04    -9342.209839       3.4126     0.100000    -4.216810          3
MinModeTranslate:   11  15:49:04    -9342.225671       2.9113     --------    -3.473583          3
MinModeTranslate:   11  15:49:04    -9342.225671       2.9113     0.100000    -3.473583          3
MinModeTranslate:   12  15:49:04    -9342.264894       2.2008     --------    -6.888874          3
MinModeTranslate:   12  15:49:04    -9342.264894       2.2008     0.100000    -6.888874          3
MinModeTranslate:   13  15:49:04    -9342.334080       1.9227     --------    -6.153767          3
MinModeTranslate:   13  15:49:04    -9342.334080       1.9227     0.100000    -6.153767          3
MinModeTranslate:   14  15:49:04    -9342.434213       1.4857     --------    -0.536418          3
MinModeTranslate:   14  15:49:05    -9342.434213       1.4857     0.100000    -0.536418          3
MinModeTranslate:   15  15:49:05    -9342.517274       3.0131     --------    -0.890345          3
MinModeTranslate:   15  15:49:05    -9342.517274       3.0131     0.100000    -0.890345          3
MinModeTranslate:   16  15:49:05    -9342.611467       2.5817     --------    -2.004598          3
MinModeTranslate:   16  15:49:05    -9342.611467       2.5817     0.100000    -2.004598          3
MinModeTranslate:   17  15:49:05    -9342.709021       2.1572     --------    -7.157723          3
MinModeTranslate:   17  15:49:05    -9342.709021       2.1572     0.055878    -7.157723          3
MinModeTranslate:   18  15:49:05    -9342.696929       3.5613     --------   -16.080228          3
MinModeTranslate:   18  15:49:05    -9342.696929       3.5613     0.100000   -16.080228          3
MinModeTranslate:   19  15:49:05    -9342.727527       4.0580     --------   -20.170630          3
MinModeTranslate:   19  15:49:05    -9342.727527       4.0580     0.030758   -20.170630          3
MinModeTranslate:   20  15:49:05    -9342.805038       0.8500     --------   -19.432576          3
MinModeTranslate:   20  15:49:05    -9342.805038       0.8500     0.100000   -19.432576          3
MinModeTranslate:   21  15:49:05    -9342.916242       0.7968     --------   -12.684300          3
MinModeTranslate:   21  15:49:05    -9342.916242       0.7968     0.082051   -12.684300          3
MinModeTranslate:   22  15:49:05    -9342.984969       1.7882     --------   -12.753283          3
MinModeTranslate:   22  15:49:05    -9342.984969       1.7882     0.100000   -12.753283          3
MinModeTranslate:   23  15:49:05    -9343.106991       1.5780     --------   -13.322424          3
MinModeTranslate:   23  15:49:05    -9343.106991       1.5780     0.035809   -13.322424          3
MinModeTranslate:   24  15:49:05    -9343.149568       0.7667     --------   -13.461211          3
MinModeTranslate:   24  15:49:05    -9343.149568       0.7667     0.088191   -13.461211          3
MinModeTranslate:   25  15:49:06    -9343.197034       2.3081     --------   -14.654963          3
MinModeTranslate:   25  15:49:06    -9343.197034       2.3081     0.100000   -14.654963          3
MinModeTranslate:   26  15:49:06    -9343.311818       1.5817     --------   -14.274525          3
MinModeTranslate:   26  15:49:06    -9343.311818       1.5817     0.021773   -14.274525          3
MinModeTranslate:   27  15:49:06    -9343.339242       0.9182     --------   -13.623262          3
MinModeTranslate:   27  15:49:06    -9343.339242       0.9182     0.038927   -13.623262          3
MinModeTranslate:   28  15:49:06    -9343.362885       0.6841     --------   -14.578816          3
MinModeTranslate:   28  15:49:06    -9343.362885       0.6841     0.100000   -14.578816          3
MinModeTranslate:   29  15:49:06    -9343.415776       1.5047     --------   -16.559296          3
MinModeTranslate:   29  15:49:06    -9343.415776       1.5047     0.100000   -16.559296          3
MinModeTranslate:   30  15:49:06    -9343.485040       1.0555     --------   -15.624898          3
MinModeTranslate:   30  15:49:06    -9343.485040       1.0555     0.055164   -15.624898          3
MinModeTranslate:   31  15:49:06    -9343.537605       0.8053     --------   -13.979274          3
MinModeTranslate:   31  15:49:06    -9343.537605       0.8053     0.065029   -13.979274          3
MinModeTranslate:   32  15:49:06    -9343.566972       0.9776     --------   -11.502313          3
MinModeTranslate:   32  15:49:06    -9343.566972       0.9776     0.047868   -11.502313          3
MinModeTranslate:   33  15:49:06    -9343.586325       0.8410     --------   -12.150786          3
MinModeTranslate:   33  15:49:06    -9343.586325       0.8410     0.077180   -12.150786          3
MinModeTranslate:   34  15:49:06    -9343.615178       0.6982     --------   -13.924089          3
MinModeTranslate:   34  15:49:06    -9343.615178       0.6982     0.095427   -13.924089          3
MinModeTranslate:   35  15:49:07    -9343.652758       0.8666     --------   -17.114596          3
MinModeTranslate:   35  15:49:07    -9343.652758       0.8666     0.088397   -17.114596          3
MinModeTranslate:   36  15:49:07    -9343.683247       0.6782     --------   -19.882973          3
MinModeTranslate:   36  15:49:07    -9343.683247       0.6782     0.039653   -19.882973          3
MinModeTranslate:   37  15:49:07    -9343.694137       0.7340     --------   -20.444292          3
MinModeTranslate:   37  15:49:07    -9343.694137       0.7340     0.031875   -20.444292          3
MinModeTranslate:   38  15:49:07    -9343.700620       0.4949     --------   -19.552742          3
MinModeTranslate:   38  15:49:07    -9343.700620       0.4949     0.030864   -19.552742          3
MinModeTranslate:   39  15:49:07    -9343.707450       0.3647     --------   -18.602772          3
MinModeTranslate:   39  15:49:07    -9343.707450       0.3647     0.020886   -18.602772          3
MinModeTranslate:   40  15:49:07    -9343.711472       0.2582     --------   -18.114470          3
MinModeTranslate:   40  15:49:07    -9343.711472       0.2582     0.023623   -18.114470          3
MinModeTranslate:   41  15:49:07    -9343.714858       0.2403     --------   -18.478838          3
MinModeTranslate:   41  15:49:07    -9343.714858       0.2403     0.023102   -18.478838          3
MinModeTranslate:   42  15:49:07    -9343.717573       0.2273     --------   -19.527093          3
MinModeTranslate:   42  15:49:07    -9343.717573       0.2273     0.015064   -19.527093          3
MinModeTranslate:   43  15:49:07    -9343.719090       0.2094     --------   -20.212580          3
MinModeTranslate:   43  15:49:07    -9343.719090       0.2094     0.015749   -20.212580          3
MinModeTranslate:   44  15:49:07    -9343.720711       0.2285     --------   -21.373403          3
MinModeTranslate:   44  15:49:07    -9343.720711       0.2285     0.020787   -21.373403          3
MinModeTranslate:   45  15:49:07    -9343.722574       0.1503     --------   -22.327100          3
MinModeTranslate:   45  15:49:08    -9343.722574       0.1503     0.008775   -22.327100          3
MinModeTranslate:   46  15:49:08    -9343.723194       0.0821     --------   -22.400304          3
MinModeTranslate:   46  15:49:08    -9343.723194       0.0821     0.010796   -22.400304          3
MinModeTranslate:   47  15:49:08    -9343.723712       0.0948     --------   -22.030400          3
MinModeTranslate:   47  15:49:08    -9343.723712       0.0948     0.006181   -22.030400          3
MinModeTranslate:   48  15:49:08    -9343.724061       0.0877     --------   -21.920186          3
MinModeTranslate:   48  15:49:08    -9343.724061       0.0877     0.005984   -21.920186          3
MinModeTranslate:   49  15:49:08    -9343.724360       0.0869     --------   -21.757021          3
MinModeTranslate:   49  15:49:08    -9343.724360       0.0869     0.008500   -21.757021          3
MinModeTranslate:   50  15:49:08    -9343.724691       0.1110     --------   -21.865128          3
MinModeTranslate:   50  15:49:08    -9343.724691       0.1110     0.013485   -21.865128          3
MinModeTranslate:   51  15:49:08    -9343.725135       0.0908     --------   -22.366921          3
MinModeTranslate:   51  15:49:08    -9343.725135       0.0908     0.009002   -22.366921          3
MinModeTranslate:   52  15:49:08    -9343.725443       0.0692     --------   -22.817176          3
MinModeTranslate:   52  15:49:08    -9343.725443       0.0692     0.009858   -22.817176          3
MinModeTranslate:   53  15:49:08    -9343.725765       0.0850     --------   -23.087742          3
MinModeTranslate:   53  15:49:08    -9343.725765       0.0850     0.006521   -23.087742          3
MinModeTranslate:   54  15:49:08    -9343.725945       0.0822     --------   -23.201194          3
MinModeTranslate:   54  15:49:08    -9343.725945       0.0822     0.006563   -23.201194          3
MinModeTranslate:   55  15:49:08    -9343.726103       0.0560     --------   -23.134689          2
MinModeTranslate:   55  15:49:08    -9343.726103       0.0560     0.004646   -23.134689          2
MinModeTranslate:   56  15:49:09    -9343.726208       0.0517     --------   -23.094242          3
MinModeTranslate:   56  15:49:09    -9343.726208       0.0517     0.007948   -23.094242          3
MinModeTranslate:   57  15:49:09    -9343.726400       0.0560     --------   -22.950806          3
MinModeTranslate:   57  15:49:09    -9343.726400       0.0560     0.005537   -22.950806          3
MinModeTranslate:   58  15:49:09    -9343.726508       0.0556     --------   -22.969590          2
MinModeTranslate:   58  15:49:09    -9343.726508       0.0556     0.006168   -22.969590          2
MinModeTranslate:   59  15:49:09    -9343.726604       0.0694     --------   -23.212532          3
MinModeTranslate:   59  15:49:09    -9343.726604       0.0694     0.008603   -23.212532          3
MinModeTranslate:   60  15:49:09    -9343.726761       0.0744     --------   -23.468196          3
MinModeTranslate:   60  15:49:09    -9343.726761       0.0744     0.010870   -23.468196          3
MinModeTranslate:   61  15:49:09    -9343.726992       0.0524     --------   -23.811862          3
MinModeTranslate:   61  15:49:09    -9343.726992       0.0524     0.013972   -23.811862          3
MinModeTranslate:   62  15:49:09    -9343.727186       0.0910     --------   -23.866040          3
MinModeTranslate:   62  15:49:09    -9343.727186       0.0910     0.027913   -23.866040          3
MinModeTranslate:   63  15:49:09    -9343.727599       0.0979     --------   -23.877652          3
MinModeTranslate:   63  15:49:09    -9343.727599       0.0979     0.026016   -23.877652          3
MinModeTranslate:   64  15:49:09    -9343.728033       0.0860     --------   -23.735716          3
MinModeTranslate:   64  15:49:09    -9343.728033       0.0860     0.019420   -23.735716          3
MinModeTranslate:   65  15:49:09    -9343.728320       0.0826     --------   -23.792302          3
MinModeTranslate:   65  15:49:09    -9343.728320       0.0826     0.025819   -23.792302          3
MinModeTranslate:   66  15:49:09    -9343.728638       0.1054     --------   -23.917426          3
MinModeTranslate:   66  15:49:09    -9343.728638       0.1054     0.035390   -23.917426          3
MinModeTranslate:   67  15:49:10    -9343.729113       0.1185     --------   -24.469607          3
MinModeTranslate:   67  15:49:10    -9343.729113       0.1185     0.034651   -24.469607          3
MinModeTranslate:   68  15:49:10    -9343.729555       0.1263     --------   -24.823851          3
MinModeTranslate:   68  15:49:10    -9343.729555       0.1263     0.035785   -24.823851          3
MinModeTranslate:   69  15:49:10    -9343.730008       0.1360     --------   -25.004941          3
MinModeTranslate:   69  15:49:10    -9343.730008       0.1360     0.083462   -25.004941          3
MinModeTranslate:   70  15:49:10    -9343.731005       0.1874     --------   -24.947687          3
MinModeTranslate:   70  15:49:10    -9343.731005       0.1874     0.075786   -24.947687          3
MinModeTranslate:   71  15:49:10    -9343.732036       0.1639     --------   -25.081043          3
MinModeTranslate:   71  15:49:10    -9343.732036       0.1639     0.077649   -25.081043          3
MinModeTranslate:   72  15:49:10    -9343.732962       0.1855     --------   -24.906764          3
MinModeTranslate:   72  15:49:10    -9343.732962       0.1855     0.083025   -24.906764          3
MinModeTranslate:   73  15:49:10    -9343.734418       0.1229     --------   -24.921235          3
MinModeTranslate:   73  15:49:10    -9343.734418       0.1229     0.069275   -24.921235          3
MinModeTranslate:   74  15:49:10    -9343.735005       0.1750     --------   -25.577701          3
MinModeTranslate:   74  15:49:10    -9343.735005       0.1750     0.023205   -25.577701          3
MinModeTranslate:   75  15:49:10    -9343.735387       0.1120     --------   -25.685517          3
MinModeTranslate:   75  15:49:10    -9343.735387       0.1120     0.035899   -25.685517          3
MinModeTranslate:   76  15:49:10    -9343.736059       0.1154     --------   -26.185762          3
MinModeTranslate:   76  15:49:10    -9343.736059       0.1154     0.035721   -26.185762          3
MinModeTranslate:   77  15:49:10    -9343.736681       0.0990     --------   -26.250115          3
MinModeTranslate:   77  15:49:10    -9343.736681       0.0990     0.025412   -26.250115          3
MinModeTranslate:   78  15:49:11    -9343.737095       0.1233     --------   -26.254083          3
MinModeTranslate:   78  15:49:11    -9343.737095       0.1233     0.026542   -26.254083          3
MinModeTranslate:   79  15:49:11    -9343.737503       0.1117     --------   -25.929095          3
MinModeTranslate:   79  15:49:11    -9343.737503       0.1117     0.028221   -25.929095          3
MinModeTranslate:   80  15:49:11    -9343.738029       0.1129     --------   -25.783052          3
MinModeTranslate:   80  15:49:11    -9343.738029       0.1129     0.021588   -25.783052          3
MinModeTranslate:   81  15:49:11    -9343.738411       0.0936     --------   -25.652823          3
MinModeTranslate:   81  15:49:11    -9343.738411       0.0936     0.020276   -25.652823          3
MinModeTranslate:   82  15:49:11    -9343.738727       0.0988     --------   -26.022049          3
MinModeTranslate:   82  15:49:11    -9343.738727       0.0988     0.032217   -26.022049          3
MinModeTranslate:   83  15:49:11    -9343.739217       0.1203     --------   -26.549585          3
MinModeTranslate:   83  15:49:11    -9343.739217       0.1203     0.024314   -26.549585          3
MinModeTranslate:   84  15:49:11    -9343.739684       0.0982     --------   -27.043724          3
MinModeTranslate:   84  15:49:11    -9343.739684       0.0982     0.016756   -27.043724          3
MinModeTranslate:   85  15:49:11    -9343.739980       0.0884     --------   -27.076088          3
MinModeTranslate:   85  15:49:11    -9343.739980       0.0884     0.026444   -27.076088          3
MinModeTranslate:   86  15:49:11    -9343.740418       0.1160     --------   -27.135113          3
MinModeTranslate:   86  15:49:11    -9343.740418       0.1160     0.036280   -27.135113          3
MinModeTranslate:   87  15:49:11    -9343.741009       0.0680     --------   -26.808154          3
MinModeTranslate:   87  15:49:11    -9343.741009       0.0680     0.008549   -26.808154          3
MinModeTranslate:   88  15:49:11    -9343.741221       0.0759     --------   -26.931996          3
MinModeTranslate:   88  15:49:11    -9343.741221       0.0759     0.013106   -26.931996          3
MinModeTranslate:   89  15:49:11    -9343.741518       0.1080     --------   -27.154351          3
MinModeTranslate:   89  15:49:11    -9343.741518       0.1080     0.013694   -27.154351          3
MinModeTranslate:   90  15:49:12    -9343.741833       0.0666     --------   -27.681007          3
MinModeTranslate:   90  15:49:12    -9343.741833       0.0666     0.021994   -27.681007          3
MinModeTranslate:   91  15:49:12    -9343.742290       0.1163     --------   -27.987208          3
MinModeTranslate:   91  15:49:12    -9343.742290       0.1163     0.036177   -27.987208          3
MinModeTranslate:   92  15:49:12    -9343.743063       0.1450     --------   -28.273869          3
MinModeTranslate:   92  15:49:12    -9343.743063       0.1450     0.028973   -28.273869          3
MinModeTranslate:   93  15:49:12    -9343.743633       0.0944     --------   -28.188812          3
MinModeTranslate:   93  15:49:12    -9343.743633       0.0944     0.011751   -28.188812          3
MinModeTranslate:   94  15:49:12    -9343.743971       0.0720     --------   -28.388080          3
MinModeTranslate:   94  15:49:12    -9343.743971       0.0720     0.018134   -28.388080          3
MinModeTranslate:   95  15:49:12    -9343.744388       0.1037     --------   -28.383550          3
MinModeTranslate:   95  15:49:12    -9343.744388       0.1037     0.012062   -28.383550          3
MinModeTranslate:   96  15:49:12    -9343.744692       0.0696     --------   -28.548095          3
MinModeTranslate:   96  15:49:12    -9343.744692       0.0696     0.011046   -28.548095          3
MinModeTranslate:   97  15:49:12    -9343.744914       0.0727     --------   -28.512370          3
MinModeTranslate:   97  15:49:12    -9343.744914       0.0727     0.012897   -28.512370          3
MinModeTranslate:   98  15:49:12    -9343.745196       0.0685     --------   -28.736310          3
MinModeTranslate:   98  15:49:12    -9343.745196       0.0685     0.014057   -28.736310          3
MinModeTranslate:   99  15:49:12    -9343.745468       0.0928     --------   -28.653702          3
MinModeTranslate:   99  15:49:12    -9343.745468       0.0928     0.009590   -28.653702          3
MinModeTranslate:  100  15:49:12    -9343.745656       0.0732     --------   -28.699306          3
MinModeTranslate:  100  15:49:12    -9343.745656       0.0732     0.011872   -28.699306          3
MinModeTranslate:  101  15:49:13    -9343.745864       0.0703     --------   -28.520586          3
MinModeTranslate:  101  15:49:13    -9343.745864       0.0703     0.014074   -28.520586          3
MinModeTranslate:  102  15:49:13    -9343.746118       0.0562     --------   -28.656050          3
MinModeTranslate:  102  15:49:13    -9343.746118       0.0562     0.012372   -28.656050          3
MinModeTranslate:  103  15:49:13    -9343.746336       0.0857     --------   -28.705491          3
MinModeTranslate:  103  15:49:13    -9343.746336       0.0857     0.008184   -28.705491          3
MinModeTranslate:  104  15:49:13    -9343.746470       0.0686     --------   -28.925189          3
MinModeTranslate:  104  15:49:13    -9343.746470       0.0686     0.016271   -28.925189          3
MinModeTranslate:  105  15:49:13    -9343.746726       0.0747     --------   -29.175128          3
MinModeTranslate:  105  15:49:13    -9343.746726       0.0747     0.008053   -29.175128          3
MinModeTranslate:  106  15:49:13    -9343.746868       0.0323     --------   -29.409820          2
MinModeTranslate:  106  15:49:13    -9343.746868       0.0323     0.006504   -29.409820          2
MinModeTranslate:  107  15:49:13    -9343.746952       0.0703     --------   -29.371616          1
MinModeTranslate:  107  15:49:13    -9343.746952       0.0703     0.008372   -29.371616          1
MinModeTranslate:  108  15:49:13    -9343.747064       0.0491     --------   -29.441238          2
MinModeTranslate:  108  15:49:13    -9343.747064       0.0491     0.007480   -29.441238          2
MinModeTranslate:  109  15:49:13    -9343.747156       0.0369     --------   -29.414833          1
MinModeTranslate:  109  15:49:13    -9343.747156       0.0369     0.008098   -29.414833          1
MinModeTranslate:  110  15:49:13    -9343.747256       0.0461     --------   -29.611402          2
MinModeTranslate:  110  15:49:13    -9343.747256       0.0461     0.008362   -29.611402          2
MinModeTranslate:  111  15:49:13    -9343.747359       0.0482     --------   -29.723443          2
MinModeTranslate:  111  15:49:13    -9343.747359       0.0482     0.003399   -29.723443          2
MinModeTranslate:  112  15:49:13    -9343.747402       0.0255     --------   -29.842647          2
MinModeTranslate:  112  15:49:13    -9343.747402       0.0255     0.007900   -29.842647          2
MinModeTranslate:  113  15:49:13    -9343.747478       0.0519     --------   -29.967437          3
MinModeTranslate:  113  15:49:14    -9343.747478       0.0519     0.005434   -29.967437          3
MinModeTranslate:  114  15:49:14    -9343.747539       0.0212     --------   -30.088326          2
MinModeTranslate:  114  15:49:14    -9343.747539       0.0212     0.002571   -30.088326          2
MinModeTranslate:  115  15:49:14    -9343.747567       0.0348     --------   -30.030993          1
MinModeTranslate:  115  15:49:14    -9343.747567       0.0348     0.004606   -30.030993          1
MinModeTranslate:  116  15:49:14    -9343.747609       0.0410     --------   -29.995183          2
MinModeTranslate:  116  15:49:14    -9343.747609       0.0410     0.006932   -29.995183          2
MinModeTranslate:  117  15:49:14    -9343.747672       0.0210     --------   -29.880140          3
MinModeTranslate:  117  15:49:14    -9343.747672       0.0210     0.002297   -29.880140          3
MinModeTranslate:  118  15:49:14    -9343.747687       0.0250     --------   -29.927200          1
MinModeTranslate:  118  15:49:14    -9343.747687       0.0250     0.004299   -29.927200          1
MinModeTranslate:  119  15:49:14    -9343.747722       0.0424     --------   -29.954948          1
MinModeTranslate:  119  15:49:14    -9343.747722       0.0424     0.006672   -29.954948          1
MinModeTranslate:  120  15:49:14    -9343.747781       0.0249     --------   -30.095174          2
MinModeTranslate:  120  15:49:14    -9343.747781       0.0249     0.007264   -30.095174          2
MinModeTranslate:  121  15:49:14    -9343.747830       0.0434     --------   -30.061521          2
MinModeTranslate:  121  15:49:14    -9343.747830       0.0434     0.007656   -30.061521          2
MinModeTranslate:  122  15:49:14    -9343.747887       0.0346     --------   -30.055296          2
MinModeTranslate:  122  15:49:14    -9343.747887       0.0346     0.003311   -30.055296          2
MinModeTranslate:  123  15:49:14    -9343.747908       0.0233     --------   -29.994274          1
MinModeTranslate:  123  15:49:14    -9343.747908       0.0233     0.006128   -29.994274          1
MinModeTranslate:  124  15:49:14    -9343.747952       0.0341     --------   -29.994231          1
MinModeTranslate:  124  15:49:14    -9343.747952       0.0341     0.009779   -29.994231          1
MinModeTranslate:  125  15:49:14    -9343.748014       0.0292     --------   -29.955276          1
MinModeTranslate:  125  15:49:14    -9343.748014       0.0292     0.004854   -29.955276          1
MinModeTranslate:  126  15:49:14    -9343.748045       0.0327     --------   -29.964498          2
MinModeTranslate:  126  15:49:14    -9343.748045       0.0327     0.005379   -29.964498          2
MinModeTranslate:  127  15:49:14    -9343.748074       0.0340     --------   -29.856471          1
MinModeTranslate:  127  15:49:14    -9343.748074       0.0340     0.006961   -29.856471          1
MinModeTranslate:  128  15:49:15    -9343.748125       0.0212     --------   -29.805392          3
MinModeTranslate:  128  15:49:15    -9343.748125       0.0212     0.003385   -29.805392          3
MinModeTranslate:  129  15:49:15    -9343.748145       0.0181     --------   -29.786296          1
MinModeTranslate:  129  15:49:15    -9343.748145       0.0181     0.002083   -29.786296          1
MinModeTranslate:  130  15:49:15    -9343.748148       0.0221     --------   -29.836011          2
MinModeTranslate:  130  15:49:15    -9343.748148       0.0221     0.002573   -29.836011          2
MinModeTranslate:  131  15:49:15    -9343.748161       0.0233     --------   -29.838094          1
MinModeTranslate:  131  15:49:15    -9343.748161       0.0233     0.003813   -29.838094          1
MinModeTranslate:  132  15:49:15    -9343.748183       0.0175     --------   -29.874438          1
MinModeTranslate:  132  15:49:15    -9343.748183       0.0175     0.004809   -29.874438          1
MinModeTranslate:  133  15:49:15    -9343.748205       0.0241     --------   -29.807462          1
MinModeTranslate:  133  15:49:15    -9343.748205       0.0241     0.003912   -29.807462          1
MinModeTranslate:  134  15:49:15    -9343.748233       0.0270     --------   -29.774684          1
MinModeTranslate:  134  15:49:15    -9343.748233       0.0270     0.002510   -29.774684          1
MinModeTranslate:  135  15:49:15    -9343.748236       0.0149     --------   -29.702146          1
MinModeTranslate:  135  15:49:15    -9343.748236       0.0149     0.002808   -29.702146          1
MinModeTranslate:  136  15:49:15    -9343.748252       0.0210     --------   -29.681409          1
MinModeTranslate:  136  15:49:15    -9343.748252       0.0210     0.009098   -29.681409          1
MinModeTranslate:  137  15:49:15    -9343.748301       0.0206     --------   -29.576766          1
MinModeTranslate:  137  15:49:15    -9343.748301       0.0206     0.003083   -29.576766          1
MinModeTranslate:  138  15:49:15    -9343.748307       0.0237     --------   -29.587710          2
MinModeTranslate:  138  15:49:15    -9343.748307       0.0237     0.004905   -29.587710          2
MinModeTranslate:  139  15:49:15    -9343.748330       0.0268     --------   -29.529438          1
MinModeTranslate:  139  15:49:15    -9343.748330       0.0268     0.012942   -29.529438          1
MinModeTranslate:  140  15:49:15    -9343.748384       0.0262     --------   -29.464865          2
MinModeTranslate:  140  15:49:15    -9343.748384       0.0262     0.007566   -29.464865          2
MinModeTranslate:  141  15:49:15    -9343.748410       0.0189     --------   -29.374713          1
MinModeTranslate:  141  15:49:15    -9343.748410       0.0189     0.003723   -29.374713          1
MinModeTranslate:  142  15:49:16    -9343.748432       0.0278     --------   -29.377524          1
MinModeTranslate:  142  15:49:16    -9343.748432       0.0278     0.006426   -29.377524          1
MinModeTranslate:  143  15:49:16    -9343.748453       0.0246     --------   -29.299304          2
MinModeTranslate:  143  15:49:16    -9343.748453       0.0246     0.004572   -29.299304          2
MinModeTranslate:  144  15:49:16    -9343.748474       0.0176     --------   -29.277019          1
MinModeTranslate:  144  15:49:16    -9343.748474       0.0176     0.008748   -29.277019          1
MinModeTranslate:  145  15:49:16    -9343.748509       0.0259     --------   -29.227373          1
MinModeTranslate:  145  15:49:16    -9343.748509       0.0259     0.003608   -29.227373          1
MinModeTranslate:  146  15:49:16    -9343.748527       0.0210     --------   -29.254053          2
MinModeTranslate:  146  15:49:16    -9343.748527       0.0210     0.002390   -29.254053          2
MinModeTranslate:  147  15:49:16    -9343.748535       0.0109     --------   -29.226171          1
MinModeTranslate:  147  15:49:16    -9343.748535       0.0109     0.003125   -29.226171          1
MinModeTranslate:  148  15:49:16    -9343.748551       0.0186     --------   -29.185569          1
MinModeTranslate:  148  15:49:16    -9343.748551       0.0186     0.003724   -29.185569          1
MinModeTranslate:  149  15:49:16    -9343.748560       0.0102     --------   -29.141006          1
MinModeTranslate:  149  15:49:16    -9343.748560       0.0102     0.002660   -29.141006          1
MinModeTranslate:  150  15:49:16    -9343.748573       0.0183     --------   -29.155668          1
MinModeTranslate:  150  15:49:16    -9343.748573       0.0183     0.002559   -29.155668          1
MinModeTranslate:  151  15:49:16    -9343.748577       0.0154     --------   -29.127084          1
MinModeTranslate:  151  15:49:16    -9343.748577       0.0154     0.002331   -29.127084          1
MinModeTranslate:  152  15:49:16    -9343.748585       0.0139     --------   -29.134764          1
MinModeTranslate:  152  15:49:16    -9343.748585       0.0139     0.004152   -29.134764          1
MinModeTranslate:  153  15:49:16    -9343.748602       0.0190     --------   -29.147841          1
MinModeTranslate:  153  15:49:16    -9343.748602       0.0190     0.005514   -29.147841          1
MinModeTranslate:  154  15:49:16    -9343.748616       0.0151     --------   -29.163353          1
MinModeTranslate:  154  15:49:16    -9343.748616       0.0151     0.002920   -29.163353          1
MinModeTranslate:  155  15:49:16    -9343.748628       0.0193     --------   -29.123089          1
MinModeTranslate:  155  15:49:16    -9343.748628       0.0193     0.003052   -29.123089          1
MinModeTranslate:  156  15:49:16    -9343.748639       0.0160     --------   -29.117226          2
MinModeTranslate:  156  15:49:16    -9343.748639       0.0160     0.004930   -29.117226          2
MinModeTranslate:  157  15:49:16    -9343.748647       0.0211     --------   -29.087679          1
MinModeTranslate:  157  15:49:16    -9343.748647       0.0211     0.003408   -29.087679          1
MinModeTranslate:  158  15:49:17    -9343.748666       0.0086     --------   -29.100072          1
MinModeTranslate:  158  15:49:17    -9343.748666       0.0086     0.001656   -29.100072          1
MinModeTranslate:  159  15:49:17    -9343.748669       0.0136     --------   -29.109213          1
MinModeTranslate:  159  15:49:17    -9343.748669       0.0136     0.002520   -29.109213          1
MinModeTranslate:  160  15:49:17    -9343.748675       0.0159     --------   -29.170456          1
