MinModeTranslate: STEP      TIME          ENERGY    MAX-FORCE     STEPSIZE    CURVATURE  ROT-STEPS
MinModeTranslate:    0  16:54:25    -6219.175316      33.1842     --------   -41.520776          3
MinModeTranslate:    0  16:54:25    -6219.175316      33.1842     0.100000   -41.520776          3
MinModeTranslate:    1  16:54:25    -6222.586848      14.7414     --------   -22.009234          3
MinModeTranslate:    1  16:54:25    -6222.586848      14.7414     0.100000   -22.009234          3
MinModeTranslate:    2  16:54:25    -6223.633744      10.4694     --------   -14.860913          3
MinModeTranslate:    2  16:54:25    -6223.633744      10.4694     0.100000   -14.860913          3
MinModeTranslate:    3  16:54:25    -6223.708780       8.2060     --------   -13.220403          3
MinModeTranslate:    3  16:54:25    -6223.708780       8.2060     0.100000   -13.220403          3
MinModeTranslate:    4  16:54:25    -6223.269529       7.4810     --------    -8.847878          3
MinModeTranslate:    4  16:54:25    -6223.269529       7.4810     0.100000    -8.847878          3
MinModeTranslate:    5  16:54:26    -6222.566587       5.7803     --------   -36.955801          3
MinModeTranslate:    5  16:54:26    -6222.566587       5.7803     0.100000   -36.955801          3
MinModeTranslate:    6  16:54:26    -6222.637085       5.1465     --------   -50.926228          3
MinModeTranslate:    6  16:54:26    -6222.637085       5.1465     0.100000   -50.926228          3
MinModeTranslate:    7  16:54:26    -6223.342386       4.4443     --------   -44.345786          3
MinModeTranslate:    7  16:54:26    -6223.342386       4.4443     0.100000   -44.345786          3
MinModeTranslate:    8  16:54:26    -6223.973900       3.9687     --------   -38.916141          3
MinModeTranslate:    8  16:54:26    -6223.973900       3.9687     0.100000   -38.916141          3
MinModeTranslate:    9  16:54:26    -6224.527070       2.5595     --------   -37.078219          3
MinModeTranslate:    9  16:54:26    -6224.527070       2.5595     0.100000   -37.078219          3
MinModeTranslate:   10  16:54:26    -6224.741632       3.3570     --------   -25.443858          3
MinModeTranslate:   10  16:54:26    -6224.741632       3.3570     0.058566   -25.443858          3
MinModeTranslate:   11  16:54:26    -6224.812086       2.1110     --------   -25.926358          3
MinModeTranslate:   11  16:54:26    -6224.812086       2.1110     0.076863   -25.926358          3
MinModeTranslate:   12  16:54:26    -6224.923185       2.8658     --------   -27.164305          3
MinModeTranslate:   12  16:54:26    -6224.923185       2.8658     0.049268   -27.164305          3
MinModeTranslate:   13  16:54:26    -6224.992464       0.8144     --------   -21.283496          3
MinModeTranslate:   13  16:54:26    -6224.992464       0.8144     0.100000   -21.283496          3
MinModeTranslate:   14  16:54:26    -6225.097948       1.6396     --------   -17.274240          3
MinModeTranslate:   14  16:54:26    -6225.097948       1.6396     0.086095   -17.274240          3
MinModeTranslate:   15  16:54:26    -6225.171323       1.8103     --------   -15.623073          3
MinModeTranslate:   15  16:54:26    -6225.171323       1.8103     0.100000   -15.623073          3
MinModeTranslate:   16  16:54:26    -6225.236144       2.8105     --------    -9.991254          3
MinModeTranslate:   16  16:54:26    -6225.236144       2.8105     0.089486    -9.991254          3
MinModeTranslate:   17  16:54:26    -6225.346470       1.6360     --------    -2.487156          3
MinModeTranslate:   17  16:54:26    -6225.346470       1.6360     0.087094    -2.487156          3
MinModeTranslate:   18  16:54:26    -6225.386270       2.3533     --------    -2.321116          3
MinModeTranslate:   18  16:54:26    -6225.386270       2.3533     0.068616    -2.321116          3
MinModeTranslate:   19  16:54:27    -6225.436525       1.2934     --------    -3.114107          3
MinModeTranslate:   19  16:54:27    -6225.436525       1.2934     0.015242    -3.114107          3
MinModeTranslate:   20  16:54:27    -6225.449896       0.4805     --------    -1.740832          3
MinModeTranslate:   20  16:54:27    -6225.449896       0.4805     0.017554    -1.740832          3
MinModeTranslate:   21  16:54:27    -6225.453274       0.3187     --------    -2.126364          3
MinModeTranslate:   21  16:54:27    -6225.453274       0.3187     0.033066    -2.126364          3
MinModeTranslate:   22  16:54:27    -6225.447354       0.8565     --------    -3.416991          3
MinModeTranslate:   22  16:54:27    -6225.447354       0.8565     0.044078    -3.416991          3
MinModeTranslate:   23  16:54:27    -6225.442129       0.6629     --------    -2.250242          3
MinModeTranslate:   23  16:54:27    -6225.442129       0.6629     0.046506    -2.250242          3
MinModeTranslate:   24  16:54:27    -6225.435490       0.6674     --------    -2.364574          3
MinModeTranslate:   24  16:54:27    -6225.435490       0.6674     0.039713    -2.364574          3
MinModeTranslate:   25  16:54:27    -6225.432362       0.3279     --------    -2.383956          3
MinModeTranslate:   25  16:54:27    -6225.432362       0.3279     0.025380    -2.383956          3
MinModeTranslate:   26  16:54:27    -6225.432997       0.6163     --------    -1.803570          3
MinModeTranslate:   26  16:54:27    -6225.432997       0.6163     0.031442    -1.803570          3
MinModeTranslate:   27  16:54:27    -6225.435484       0.3808     --------    -2.485648          3
MinModeTranslate:   27  16:54:27    -6225.435484       0.3808     0.022222    -2.485648          3
MinModeTranslate:   28  16:54:27    -6225.438636       0.2040     --------    -2.437496          3
MinModeTranslate:   28  16:54:27    -6225.438636       0.2040     0.016188    -2.437496          3
MinModeTranslate:   29  16:54:27    -6225.440779       0.3940     --------    -2.377261          3
MinModeTranslate:   29  16:54:27    -6225.440779       0.3940     0.029433    -2.377261          3
MinModeTranslate:   30  16:54:27    -6225.444989       0.2509     --------    -2.675128          3
MinModeTranslate:   30  16:54:27    -6225.444989       0.2509     0.024492    -2.675128          3
MinModeTranslate:   31  16:54:27    -6225.448470       0.3138     --------    -2.533720          3
MinModeTranslate:   31  16:54:27    -6225.448470       0.3138     0.010170    -2.533720          3
MinModeTranslate:   32  16:54:27    -6225.449757       0.1171     --------    -2.917484          3
MinModeTranslate:   32  16:54:27    -6225.449757       0.1171     0.007827    -2.917484          3
MinModeTranslate:   33  16:54:27    -6225.450206       0.1189     --------    -2.911978          3
MinModeTranslate:   33  16:54:27    -6225.450206       0.1189     0.032464    -2.911978          3
MinModeTranslate:   34  16:54:28    -6225.451254       0.2629     --------    -2.801044          3
MinModeTranslate:   34  16:54:28    -6225.451254       0.2629     0.027267    -2.801044          3
MinModeTranslate:   35  16:54:28    -6225.452285       0.2221     --------    -3.056298          3
MinModeTranslate:   35  16:54:28    -6225.452285       0.2221     0.050283    -3.056298          3
MinModeTranslate:   36  16:54:28    -6225.454936       0.2634     --------    -2.569544          3
MinModeTranslate:   36  16:54:28    -6225.454936       0.2634     0.017179    -2.569544          3
MinModeTranslate:   37  16:54:28    -6225.455935       0.1505     --------    -2.744808          3
MinModeTranslate:   37  16:54:28    -6225.455935       0.1505     0.044651    -2.744808          3
MinModeTranslate:   38  16:54:28    -6225.458729       0.2009     --------    -2.711041          3
MinModeTranslate:   38  16:54:28    -6225.458729       0.2009     0.063603    -2.711041          3
MinModeTranslate:   39  16:54:28    -6225.462754       0.3435     --------    -2.407425          3
MinModeTranslate:   39  16:54:28    -6225.462754       0.3435     0.100000    -2.407425          3
MinModeTranslate:   40  16:54:28    -6225.470163       0.3595     --------    -2.711772          3
MinModeTranslate:   40  16:54:28    -6225.470163       0.3595     0.088799    -2.711772          3
MinModeTranslate:   41  16:54:28    -6225.475888       0.4619     --------    -1.990245          3
MinModeTranslate:   41  16:54:28    -6225.475888       0.4619     0.058924    -1.990245          3
MinModeTranslate:   42  16:54:28    -6225.479141       0.3986     --------    -2.024271          3
MinModeTranslate:   42  16:54:28    -6225.479141       0.3986     0.011722    -2.024271          3
MinModeTranslate:   43  16:54:28    -6225.481101       0.4816     --------    -2.577180          3
MinModeTranslate:   43  16:54:28    -6225.481101       0.4816     0.017687    -2.577180          3
MinModeTranslate:   44  16:54:28    -6225.482939       0.1839     --------    -2.378895          3
MinModeTranslate:   44  16:54:28    -6225.482939       0.1839     0.024515    -2.378895          3
MinModeTranslate:   45  16:54:28    -6225.483530       0.3872     --------    -2.243912          3
MinModeTranslate:   45  16:54:28    -6225.483530       0.3872     0.036428    -2.243912          3
MinModeTranslate:   46  16:54:28    -6225.485148       0.4472     --------    -3.022367          3
MinModeTranslate:   46  16:54:28    -6225.485148       0.4472     0.067807    -3.022367          3
MinModeTranslate:   47  16:54:28    -6225.490744       0.4515     --------    -2.705780          3
MinModeTranslate:   47  16:54:28    -6225.490744       0.4515     0.035914    -2.705780          3
MinModeTranslate:   48  16:54:28    -6225.494450       0.2499     --------    -2.926444          3
MinModeTranslate:   48  16:54:28    -6225.494450       0.2499     0.032343    -2.926444          3
MinModeTranslate:   49  16:54:29    -6225.500202       0.4043     --------    -3.409536          3
MinModeTranslate:   49  16:54:29    -6225.500202       0.4043     0.012808    -3.409536          3
MinModeTranslate:   50  16:54:29    -6225.502234       0.1614     --------    -3.061665          3
MinModeTranslate:   50  16:54:29    -6225.502234       0.1614     0.013147    -3.061665          3
MinModeTranslate:   51  16:54:29    -6225.503487       0.1729     --------    -3.026585          3
MinModeTranslate:   51  16:54:29    -6225.503487       0.1729     0.011107    -3.026585          3
MinModeTranslate:   52  16:54:29    -6225.504131       0.2288     --------    -3.259559          3
MinModeTranslate:   52  16:54:29    -6225.504131       0.2288     0.017243    -3.259559          3
MinModeTranslate:   53  16:54:29    -6225.504766       0.2244     --------    -3.023820          3
MinModeTranslate:   53  16:54:29    -6225.504766       0.2244     0.015878    -3.023820          3
MinModeTranslate:   54  16:54:29    -6225.505137       0.2146     --------    -3.075603          3
MinModeTranslate:   54  16:54:29    -6225.505137       0.2146     0.060705    -3.075603          3
MinModeTranslate:   55  16:54:29    -6225.507690       0.3309     --------    -3.413640          3
MinModeTranslate:   55  16:54:29    -6225.507690       0.3309     0.019730    -3.413640          3
MinModeTranslate:   56  16:54:29    -6225.509114       0.1790     --------    -3.043256          3
MinModeTranslate:   56  16:54:29    -6225.509114       0.1790     0.026097    -3.043256          3
MinModeTranslate:   57  16:54:29    -6225.510879       0.1811     --------    -3.057993          3
MinModeTranslate:   57  16:54:29    -6225.510879       0.1811     0.008000    -3.057993          3
MinModeTranslate:   58  16:54:29    -6225.511526       0.2149     --------    -3.295515          3
MinModeTranslate:   58  16:54:29    -6225.511526       0.2149     0.025489    -3.295515          3
MinModeTranslate:   59  16:54:29    -6225.513388       0.2685     --------    -3.125311          3
MinModeTranslate:   59  16:54:29    -6225.513388       0.2685     0.066451    -3.125311          3
MinModeTranslate:   60  16:54:29    -6225.517738       0.4861     --------    -2.684876          3
MinModeTranslate:   60  16:54:29    -6225.517738       0.4861     0.047988    -2.684876          3
MinModeTranslate:   61  16:54:29    -6225.520899       0.2653     --------    -3.055353          3
MinModeTranslate:   61  16:54:29    -6225.520899       0.2653     0.053947    -3.055353          3
MinModeTranslate:   62  16:54:29    -6225.525352       0.2911     --------    -3.090059          3
MinModeTranslate:   62  16:54:29    -6225.525352       0.2911     0.022497    -3.090059          3
MinModeTranslate:   63  16:54:30    -6225.526674       0.2544     --------    -2.836895          3
MinModeTranslate:   63  16:54:30    -6225.526674       0.2544     0.058260    -2.836895          3
MinModeTranslate:   64  16:54:30    -6225.528870       0.4964     --------    -3.147690          3
MinModeTranslate:   64  16:54:30    -6225.528870       0.4964     0.086687    -3.147690          3
MinModeTranslate:   65  16:54:30    -6225.531763       0.4688     --------    -3.027093          3
MinModeTranslate:   65  16:54:30    -6225.531763       0.4688     0.100000    -3.027093          3
MinModeTranslate:   66  16:54:30    -6225.535702       0.5951     --------    -2.873519          3
MinModeTranslate:   66  16:54:30    -6225.535702       0.5951     0.021220    -2.873519          3
MinModeTranslate:   67  16:54:30    -6225.539530       0.4012     --------    -3.242694          3
MinModeTranslate:   67  16:54:30    -6225.539530       0.4012     0.028801    -3.242694          3
MinModeTranslate:   68  16:54:30    -6225.542559       0.3299     --------    -3.102977          3
MinModeTranslate:   68  16:54:30    -6225.542559       0.3299     0.021699    -3.102977          3
MinModeTranslate:   69  16:54:30    -6225.544908       0.2498     --------    -3.481718          3
MinModeTranslate:   69  16:54:30    -6225.544908       0.2498     0.010780    -3.481718          3
MinModeTranslate:   70  16:54:30    -6225.546024       0.1168     --------    -3.430170          3
MinModeTranslate:   70  16:54:30    -6225.546024       0.1168     0.012767    -3.430170          3
MinModeTranslate:   71  16:54:30    -6225.546913       0.1510     --------    -3.408222          3
MinModeTranslate:   71  16:54:30    -6225.546913       0.1510     0.022383    -3.408222          3
MinModeTranslate:   72  16:54:30    -6225.548305       0.4068     --------    -3.781258          3
MinModeTranslate:   72  16:54:30    -6225.548305       0.4068     0.041890    -3.781258          3
MinModeTranslate:   73  16:54:30    -6225.551252       0.1695     --------    -3.474695          3
MinModeTranslate:   73  16:54:30    -6225.551252       0.1695     0.024687    -3.474695          3
MinModeTranslate:   74  16:54:30    -6225.552610       0.1994     --------    -3.595209          3
MinModeTranslate:   74  16:54:30    -6225.552610       0.1994     0.021458    -3.595209          3
MinModeTranslate:   75  16:54:30    -6225.554249       0.2203     --------    -3.658021          3
MinModeTranslate:   75  16:54:30    -6225.554249       0.2203     0.016156    -3.658021          3
MinModeTranslate:   76  16:54:30    -6225.555297       0.1307     --------    -3.588115          3
MinModeTranslate:   76  16:54:30    -6225.555297       0.1307     0.025729    -3.588115          3
MinModeTranslate:   77  16:54:31    -6225.556578       0.1491     --------    -3.698448          3
MinModeTranslate:   77  16:54:31    -6225.556578       0.1491     0.004699    -3.698448          3
MinModeTranslate:   78  16:54:31    -6225.556754       0.0997     --------    -3.564971          3
MinModeTranslate:   78  16:54:31    -6225.556754       0.0997     0.026337    -3.564971          3
MinModeTranslate:   79  16:54:31    -6225.557390       0.0777     --------    -3.521372          3
MinModeTranslate:   79  16:54:31    -6225.557390       0.0777     0.003744    -3.521372          3
MinModeTranslate:   80  16:54:31    -6225.557502       0.0825     --------    -3.608303          3
MinModeTranslate:   80  16:54:31    -6225.557502       0.0825     0.004776    -3.608303          3
MinModeTranslate:   81  16:54:31    -6225.557631       0.0732     --------    -3.549850          3
MinModeTranslate:   81  16:54:31    -6225.557631       0.0732     0.008497    -3.549850          3
MinModeTranslate:   82  16:54:31    -6225.557869       0.0983     --------    -3.611234          3
MinModeTranslate:   82  16:54:31    -6225.557869       0.0983     0.008069    -3.611234          3
MinModeTranslate:   83  16:54:31    -6225.558134       0.0647     --------    -3.627188          3
MinModeTranslate:   83  16:54:31    -6225.558134       0.0647     0.010437    -3.627188          3
MinModeTranslate:   84  16:54:31    -6225.558485       0.0438     --------    -3.591936          3
MinModeTranslate:   84  16:54:31    -6225.558485       0.0438     0.001153    -3.591936          3
MinModeTranslate:   85  16:54:31    -6225.558513       0.0298     --------    -3.638942          3
MinModeTranslate:   85  16:54:31    -6225.558513       0.0298     0.009190    -3.638942          3
MinModeTranslate:   86  16:54:31    -6225.558606       0.0570     --------    -3.623120          3
MinModeTranslate:   86  16:54:31    -6225.558606       0.0570     0.007755    -3.623120          3
MinModeTranslate:   87  16:54:31    -6225.558667       0.0542     --------    -3.598219          3
MinModeTranslate:   87  16:54:31    -6225.558667       0.0542     0.004420    -3.598219          3
MinModeTranslate:   88  16:54:31    -6225.558718       0.0598     --------    -3.674992          3
MinModeTranslate:   88  16:54:31    -6225.558718       0.0598     0.012993    -3.674992          3
MinModeTranslate:   89  16:54:31    -6225.558913       0.0695     --------    -3.630438          3
MinModeTranslate:   89  16:54:31    -6225.558913       0.0695     0.012864    -3.630438          3
MinModeTranslate:   90  16:54:32    -6225.559163       0.0388     --------    -3.652440          3
MinModeTranslate:   90  16:54:32    -6225.559163       0.0388     0.001899    -3.652440          3
MinModeTranslate:   91  16:54:32    -6225.559192       0.0457     --------    -3.659600          3
MinModeTranslate:   91  16:54:32    -6225.559192       0.0457     0.006850    -3.659600          3
MinModeTranslate:   92  16:54:32    -6225.559278       0.0543     --------    -3.659379          3
MinModeTranslate:   92  16:54:32    -6225.559278       0.0543     0.008474    -3.659379          3
MinModeTranslate:   93  16:54:32    -6225.559366       0.1195     --------    -3.761781          3
MinModeTranslate:   93  16:54:32    -6225.559366       0.1195     0.030156    -3.761781          3
MinModeTranslate:   94  16:54:32    -6225.559676       0.0690     --------    -3.665101          3
MinModeTranslate:   94  16:54:32    -6225.559676       0.0690     0.015453    -3.665101          3
MinModeTranslate:   95  16:54:32    -6225.559820       0.0622     --------    -3.710438          3
MinModeTranslate:   95  16:54:32    -6225.559820       0.0622     0.007196    -3.710438          3
MinModeTranslate:   96  16:54:32    -6225.560004       0.0613     --------    -3.685780          3
MinModeTranslate:   96  16:54:32    -6225.560004       0.0613     0.003240    -3.685780          3
MinModeTranslate:   97  16:54:32    -6225.560081       0.0478     --------    -3.746756          3
MinModeTranslate:   97  16:54:32    -6225.560081       0.0478     0.004437    -3.746756          3
MinModeTranslate:   98  16:54:32    -6225.560162       0.0369     --------    -3.703843          3
MinModeTranslate:   98  16:54:32    -6225.560162       0.0369     0.004049    -3.703843          3
MinModeTranslate:   99  16:54:32    -6225.560231       0.0620     --------    -3.742580          2
MinModeTranslate:   99  16:54:32    -6225.560231       0.0620     0.007935    -3.742580          2
MinModeTranslate:  100  16:54:32    -6225.560354       0.0638     --------    -3.693590          3
MinModeTranslate:  100  16:54:32    -6225.560354       0.0638     0.039564    -3.693590          3
MinModeTranslate:  101  16:54:32    -6225.561021       0.1271     --------    -3.665043          3
MinModeTranslate:  101  16:54:32    -6225.561021       0.1271     0.042297    -3.665043          3
MinModeTranslate:  102  16:54:32    -6225.561793       0.1507     --------    -3.569986          3
MinModeTranslate:  102  16:54:32    -6225.561793       0.1507     0.019738    -3.569986          3
MinModeTranslate:  103  16:54:32    -6225.562195       0.1477     --------    -3.708887          3
MinModeTranslate:  103  16:54:32    -6225.562195       0.1477     0.074553    -3.708887          3
MinModeTranslate:  104  16:54:32    -6225.563007       0.3349     --------    -3.536762          3
MinModeTranslate:  104  16:54:33    -6225.563007       0.3349     0.073450    -3.536762          3
MinModeTranslate:  105  16:54:33    -6225.563552       0.5287     --------    -3.337580          3
MinModeTranslate:  105  16:54:33    -6225.563552       0.5287     0.100000    -3.337580          3
MinModeTranslate:  106  16:54:33    -6225.569541       0.4717     --------    -3.140384          3
MinModeTranslate:  106  16:54:33    -6225.569541       0.4717     0.007290    -3.140384          3
MinModeTranslate:  107  16:54:33    -6225.572282       0.2477     --------    -3.295038          3
MinModeTranslate:  107  16:54:33    -6225.572282       0.2477     0.008031    -3.295038          3
MinModeTranslate:  108  16:54:33    -6225.573792       0.1727     --------    -3.115180          3
MinModeTranslate:  108  16:54:33    -6225.573792       0.1727     0.008088    -3.115180          3
MinModeTranslate:  109  16:54:33    -6225.574834       0.2354     --------    -3.327627          3
MinModeTranslate:  109  16:54:33    -6225.574834       0.2354     0.020430    -3.327627          3
MinModeTranslate:  110  16:54:33    -6225.577088       0.2483     --------    -3.198005          3
MinModeTranslate:  110  16:54:33    -6225.577088       0.2483     0.035061    -3.198005          3
MinModeTranslate:  111  16:54:33    -6225.580493       0.2106     --------    -3.261505          3
MinModeTranslate:  111  16:54:33    -6225.580493       0.2106     0.075135    -3.261505          3
MinModeTranslate:  112  16:54:33    -6225.586208       0.3645     --------    -3.415103          3
MinModeTranslate:  112  16:54:33    -6225.586208       0.3645     0.023321    -3.415103          3
MinModeTranslate:  113  16:54:33    -6225.587843       0.2548     --------    -3.553568          3
MinModeTranslate:  113  16:54:33    -6225.587843       0.2548     0.056765    -3.553568          3
MinModeTranslate:  114  16:54:33    -6225.590758       0.2235     --------    -3.932745          3
MinModeTranslate:  114  16:54:33    -6225.590758       0.2235     0.013502    -3.932745          3
MinModeTranslate:  115  16:54:33    -6225.591211       0.3562     --------    -4.490571          3
MinModeTranslate:  115  16:54:33    -6225.591211       0.3562     0.100000    -4.490571          3
MinModeTranslate:  116  16:54:33    -6225.592743       0.8311     --------    -4.054808          3
MinModeTranslate:  116  16:54:33    -6225.592743       0.8311     0.090387    -4.054808          3
MinModeTranslate:  117  16:54:33    -6225.596140       0.4615     --------    -3.985552          3
MinModeTranslate:  117  16:54:33    -6225.596140       0.4615     0.008930    -3.985552          3
MinModeTranslate:  118  16:54:34    -6225.599495       0.3299     --------    -4.205014          3
MinModeTranslate:  118  16:54:34    -6225.599495       0.3299     0.018259    -4.205014          3
MinModeTranslate:  119  16:54:34    -6225.602557       0.2872     --------    -3.787670          3
MinModeTranslate:  119  16:54:34    -6225.602557       0.2872     0.032317    -3.787670          3
MinModeTranslate:  120  16:54:34    -6225.605290       0.5123     --------    -3.549863          3
MinModeTranslate:  120  16:54:34    -6225.605290       0.5123     0.046054    -3.549863          3
MinModeTranslate:  121  16:54:34    -6225.610603       0.2190     --------    -3.064079          3
MinModeTranslate:  121  16:54:34    -6225.610603       0.2190     0.012614    -3.064079          3
MinModeTranslate:  122  16:54:34    -6225.612178       0.2308     --------    -2.989341          3
MinModeTranslate:  122  16:54:34    -6225.612178       0.2308     0.011023    -2.989341          3
MinModeTranslate:  123  16:54:34    -6225.613272       0.2049     --------    -2.719444          3
MinModeTranslate:  123  16:54:34    -6225.613272       0.2049     0.016924    -2.719444          3
MinModeTranslate:  124  16:54:34    -6225.614845       0.1227     --------    -2.581728          3
MinModeTranslate:  124  16:54:34    -6225.614845       0.1227     0.008927    -2.581728          3
MinModeTranslate:  125  16:54:34    -6225.615385       0.0904     --------    -2.536434          3
MinModeTranslate:  125  16:54:34    -6225.615385       0.0904     0.002967    -2.536434          3
MinModeTranslate:  126  16:54:34    -6225.615514       0.0590     --------    -2.529238          3
MinModeTranslate:  126  16:54:34    -6225.615514       0.0590     0.015973    -2.529238          3
MinModeTranslate:  127  16:54:34    -6225.616091       0.1321     --------    -2.453570          3
MinModeTranslate:  127  16:54:34    -6225.616091       0.1321     0.011573    -2.453570          3
MinModeTranslate:  128  16:54:34    -6225.616526       0.1186     --------    -2.526182          3
MinModeTranslate:  128  16:54:34    -6225.616526       0.1186     0.009916    -2.526182          3
MinModeTranslate:  129  16:54:34    -6225.616891       0.0607     --------    -2.464265          3
MinModeTranslate:  129  16:54:34    -6225.616891       0.0607     0.004074    -2.464265          3
MinModeTranslate:  130  16:54:34    -6225.617022       0.0401     --------    -2.470871          3
MinModeTranslate:  130  16:54:34    -6225.617022       0.0401     0.004949    -2.470871          3
MinModeTranslate:  131  16:54:35    -6225.617151       0.1012     --------    -2.539111          3
MinModeTranslate:  131  16:54:35    -6225.617151       0.1012     0.009740    -2.539111          3
MinModeTranslate:  132  16:54:35    -6225.617391       0.0588     --------    -2.521117          3
MinModeTranslate:  132  16:54:35    -6225.617391       0.0588     0.003185    -2.521117          3
MinModeTranslate:  133  16:54:35    -6225.617457       0.0752     --------    -2.525681          3
MinModeTranslate:  133  16:54:35    -6225.617457       0.0752     0.018629    -2.525681          3
MinModeTranslate:  134  16:54:35    -6225.617821       0.1257     --------    -2.542111          3
MinModeTranslate:  134  16:54:35    -6225.617821       0.1257     0.047647    -2.542111          3
MinModeTranslate:  135  16:54:35    -6225.618695       0.1281     --------    -2.463442          3
MinModeTranslate:  135  16:54:35    -6225.618695       0.1281     0.014033    -2.463442          3
MinModeTranslate:  136  16:54:35    -6225.618939       0.1000     --------    -2.535980          3
MinModeTranslate:  136  16:54:35    -6225.618939       0.1000     0.010571    -2.535980          3
MinModeTranslate:  137  16:54:35    -6225.619152       0.0340     --------    -2.530434          3
MinModeTranslate:  137  16:54:35    -6225.619152       0.0340     0.003327    -2.530434          3
MinModeTranslate:  138  16:54:35    -6225.619204       0.0381     --------    -2.521225          3
MinModeTranslate:  138  16:54:35    -6225.619204       0.0381     0.006817    -2.521225          3
MinModeTranslate:  139  16:54:35    -6225.619296       0.0422     --------    -2.530450          3
MinModeTranslate:  139  16:54:35    -6225.619296       0.0422     0.025270    -2.530450          3
MinModeTranslate:  140  16:54:35    -6225.619612       0.0988     --------    -2.447656          3
MinModeTranslate:  140  16:54:35    -6225.619612       0.0988     0.017172    -2.447656          3
MinModeTranslate:  141  16:54:35    -6225.619807       0.0920     --------    -2.490380          3
MinModeTranslate:  141  16:54:35    -6225.619807       0.0920     0.027644    -2.490380          3
MinModeTranslate:  142  16:54:35    -6225.620187       0.1135     --------    -2.413674          3
MinModeTranslate:  142  16:54:35    -6225.620187       0.1135     0.057806    -2.413674          3
MinModeTranslate:  143  16:54:35    -6225.620897       0.1597     --------    -2.420845          3
MinModeTranslate:  143  16:54:35    -6225.620897       0.1597     0.080301    -2.420845          3
MinModeTranslate:  144  16:54:35    -6225.621919       0.1959     --------    -2.409224          3
MinModeTranslate:  144  16:54:35    -6225.621919       0.1959     0.069955    -2.409224          3
MinModeTranslate:  145  16:54:36    -6225.622526       0.1840     --------    -2.406193          3
MinModeTranslate:  145  16:54:36    -6225.622526       0.1840     0.006296    -2.406193          3
MinModeTranslate:  146  16:54:36    -6225.623123       0.1076     --------    -2.431379          3
MinModeTranslate:  146  16:54:36    -6225.623123       0.1076     0.003187    -2.431379          3
MinModeTranslate:  147  16:54:36    -6225.623320       0.0667     --------    -2.407777          3
MinModeTranslate:  147  16:54:36    -6225.623320       0.0667     0.009148    -2.407777          3
MinModeTranslate:  148  16:54:36    -6225.623741       0.1373     --------    -2.474509          3
MinModeTranslate:  148  16:54:36    -6225.623741       0.1373     0.005673    -2.474509          3
MinModeTranslate:  149  16:54:36    -6225.623979       0.0478     --------    -2.432507          3
MinModeTranslate:  149  16:54:36    -6225.623979       0.0478     0.004611    -2.432507          3
MinModeTranslate:  150  16:54:36    -6225.624130       0.0554     --------    -2.413179          3
MinModeTranslate:  150  16:54:36    -6225.624130       0.0554     0.005037    -2.413179          3
MinModeTranslate:  151  16:54:36    -6225.624265       0.0923     --------    -2.478435          3
MinModeTranslate:  151  16:54:36    -6225.624265       0.0923     0.009138    -2.478435          3
MinModeTranslate:  152  16:54:36    -6225.624516       0.0463     --------    -2.444273          3
MinModeTranslate:  152  16:54:36    -6225.624516       0.0463     0.003464    -2.444273          3
MinModeTranslate:  153  16:54:36    -6225.624586       0.0417     --------    -2.427385          3
MinModeTranslate:  153  16:54:36    -6225.624586       0.0417     0.001043    -2.427385          3
MinModeTranslate:  154  16:54:36    -6225.624613       0.0234     --------    -2.448710          3
MinModeTranslate:  154  16:54:36    -6225.624613       0.0234     0.005325    -2.448710          3
MinModeTranslate:  155  16:54:36    -6225.624685       0.0528     --------    -2.410589          3
MinModeTranslate:  155  16:54:36    -6225.624685       0.0528     0.006254    -2.410589          3
MinModeTranslate:  156  16:54:36    -6225.624764       0.0433     --------    -2.375155          3
MinModeTranslate:  156  16:54:36    -6225.624764       0.0433     0.006054    -2.375155          3
MinModeTranslate:  157  16:54:36    -6225.624844       0.0265     --------    -2.350699          3
MinModeTranslate:  157  16:54:36    -6225.624844       0.0265     0.006814    -2.350699          3
MinModeTranslate:  158  16:54:36    -6225.624925       0.0661     --------    -2.331685          3
MinModeTranslate:  158  16:54:36    -6225.624925       0.0661     0.004911    -2.331685          3
MinModeTranslate:  159  16:54:36    -6225.624982       0.0486     --------    -2.342216          3
MinModeTranslate:  159  16:54:37    -6225.624982       0.0486     0.007989    -2.342216          3
MinModeTranslate:  160  16:54:37    -6225.625078       0.0326     --------    -2.338719          3
