MINMODE:METHOD: Dimer
DIM:CONTROL: Search Parameters:
DIM:CONTROL: ------------------
DIM:CONTROL: eigenmode_method = dimer
DIM:CONTROL: f_rot_min = 0.01
DIM:CONTROL: f_rot_max = 0.1
DIM:CONTROL: max_num_rot = 3
DIM:CONTROL: trial_angle = 0.7853981633974483
DIM:CONTROL: trial_trans_step = 0.001
DIM:CONTROL: maximum_translation = 0.1
DIM:CONTROL: cg_translation = True
DIM:CONTROL: use_central_forces = True
DIM:CONTROL: dimer_separation = 0.005
DIM:CONTROL: initial_eigenmode_method = gauss
DIM:CONTROL: extrapolate_forces = True
DIM:CONTROL: displacement_method = gauss
DIM:CONTROL: gauss_std = 0.1
DIM:CONTROL: order = 1
DIM:CONTROL: mask = None
DIM:CONTROL: displacement_center = None
DIM:CONTROL: displacement_radius = None
DIM:CONTROL: number_of_displacement_atoms = None
DIM:CONTROL: ------------------
DIM:ROT: OPT-STEP ROT-STEP CURVATURE ROT-ANGLE ROT-FORCE
DIM:ROT:       0         1    8.4883   30.7076   54.1240
DIM:ROT:       0         2    0.3268   18.8265   23.4737
DIM:ROT:       0         3   -1.5823    7.4344   15.1061
DIM:ROT:       1         1   -1.4046    8.1463    8.5330
DIM:ROT:       1         2   -2.0553    5.9695    6.1944
DIM:ROT:       1         3   -2.5088    4.8675    5.4003
DIM:ROT:       2         1   -2.5273    8.4562    4.7341
DIM:ROT:       2         2   -2.8018    3.3503    4.6853
DIM:ROT:       2         3   -2.9350    2.7733    2.8345
DIM:ROT:       3         1   -1.8090    6.8681    5.3973
DIM:ROT:       3         2   -2.0571    3.1050    4.3981
DIM:ROT:       3         3   -2.2025    2.7501    3.0078
DIM:ROT:       4         1   -1.1919    7.6504    8.0597
DIM:ROT:       4         2   -1.5500    4.3344    4.3705
DIM:ROT:       4         3   -1.7369    2.8436    3.8460
DIM:ROT:       5         1   -2.2457    3.7164    3.9208
DIM:ROT:       5         2   -2.4038    2.9964    2.8879
DIM:ROT:       5         3   -2.5052    2.2435    2.6008
DIM:ROT:       6         1   -2.3965    3.2723    2.7427
DIM:ROT:       6         2   -2.5135    2.2755    2.9103
DIM:ROT:       6         3   -2.6029    2.2989    2.2479
DIM:ROT:       7         1   -3.4102    4.9080    3.6116
DIM:ROT:       7         2   -3.6998    3.2727    4.9894
DIM:ROT:       7         3   -3.9527    3.9220    3.6814
DIM:ROT:       8         1   -3.1349    3.2397    4.7834
DIM:ROT:       8         2   -3.3106    3.3468    2.9852
DIM:ROT:       8         3   -3.4677    2.5265    3.5570
DIM:ROT:       9         1   -3.3451    3.4014    2.9023
DIM:ROT:       9         2   -3.4916    2.3410    3.5232
DIM:ROT:       9         3   -3.6217    2.7616    2.6456
DIM:ROT:      10         1   -4.5896    3.8331    5.3730
DIM:ROT:      10         2   -4.8667    4.1706    3.5504
DIM:ROT:      10         3   -5.0924    2.8550    4.4843
DIM:ROT:      11         1   -3.7468    3.9327    4.9563
DIM:ROT:      11         2   -3.9625    3.2135    3.5368
DIM:ROT:      11         3   -4.1183    2.5809    3.3697
DIM:ROT:      12         1   -2.0217    3.5373    4.1635
DIM:ROT:      12         2   -2.0897    1.6615    2.3445
DIM:ROT:      12         3   -2.1338    1.5353    1.6520
DIM:ROT:      13         1   -2.9338    4.3246    3.5958
DIM:ROT:      13         2   -3.1044    2.3971    3.8094
DIM:ROT:      13         3   -3.2314    2.7414    2.6569
DIM:ROT:      14         1   -4.5040    5.1019    5.4075
DIM:ROT:      14         2   -4.8628    4.5981    4.2541
DIM:ROT:      14         3   -5.1266    3.5170    4.4326
DIM:ROT:      15         1   -3.8289    3.3611    4.9296
DIM:ROT:      15         2   -3.9789    2.9457    2.8129
DIM:ROT:      15         3   -4.1058    2.1976    3.2825
DIM:ROT:      16         1   -2.6572    1.9571    2.4471
DIM:ROT:      16         2   -2.7087    1.6565    1.7520
DIM:ROT:      16         3   -2.7518    1.3992    1.7800
DIM:ROT:      17         1   -1.6205    1.4557    1.9830
DIM:ROT:      17         2   -1.6411    1.0147    1.1266
DIM:ROT:      17         3   -1.6573    0.8508    1.0615
DIM:ROT:      18         1   -1.6580    1.5066    1.7086
DIM:ROT:      18         2   -1.6765    0.9013    1.0841
DIM:ROT:      18         3   -1.6881    0.7241    0.9380
DIM:ROT:      19         1   -1.5161    1.1374    1.0981
DIM:ROT:      19         2   -1.5276    0.6960    0.8961
DIM:ROT:      19         3   -1.5353    0.6392    0.6842
DIM:ROT:      20         1   -1.3864    0.8715    0.9031
DIM:ROT:      20         2   -1.3954    0.5919    0.8204
DIM:ROT:      20         3   -1.4015    0.5900    0.5988
DIM:ROT:      21         1   -1.1257    0.7292    0.7975
DIM:ROT:      21         2   -1.1322    0.5215    0.6867
DIM:ROT:      21         3   -1.1375    0.5206    0.5661
DIM:ROT:      22         1   -0.8354    0.7881    0.8145
DIM:ROT:      22         2   -0.8421    0.5321    0.6907
DIM:ROT:      22         3   -0.8471    0.5294    0.5376
DIM:ROT:      23         1   -0.7638    0.8104    0.8245
DIM:ROT:      23         2   -0.7699    0.4799    0.6892
DIM:ROT:      23         3   -0.7745    0.5036    0.5051
DIM:ROT:      24         1   -0.7384    0.7656    0.8369
DIM:ROT:      24         2   -0.7446    0.4912    0.6690
DIM:ROT:      24         3   -0.7484    0.4551    0.4862
DIM:ROT:      25         1   -0.3945    0.8085    0.6695
DIM:ROT:      25         2   -0.3996    0.4377    0.6308
DIM:ROT:      25         3   -0.4030    0.4734    0.4122
DIM:ROT:      26         1   -0.1350    0.6158    0.6347
DIM:ROT:      26         2   -0.1393    0.4193    0.5745
DIM:ROT:      26         3   -0.1424    0.4189    0.4220
DIM:ROT:      27         1   -0.0719    0.7532    0.6626
DIM:ROT:      27         2   -0.0766    0.4196    0.6124
DIM:ROT:      27         3   -0.0799    0.4506    0.4066
DIM:ROT:      28         1    0.1764    1.3108    1.1000
DIM:ROT:      28         2    0.1650    0.6816    0.9253
DIM:ROT:      28         3    0.1581    0.6515    0.6002
DIM:ROT:      29         1   -0.9329    2.0855    2.1958
DIM:ROT:      29         2   -0.9533    1.1321    1.1370
DIM:ROT:      29         3   -0.9663    0.7897    0.9187
DIM:ROT:      30         1   -1.3507    1.1887    1.0482
DIM:ROT:      30         2   -1.3613    0.6644    0.9408
DIM:ROT:      30         3   -1.3686    0.6934    0.6195
DIM:ROT:      31         1   -1.3044    0.4479    0.6853
DIM:ROT:      31         2   -1.3086    0.5609    0.4377
DIM:ROT:      31         3   -1.3125    0.3774    0.5702
DIM:ROT:      32         1   -1.2881    0.4869    0.4018
DIM:ROT:      32         2   -1.2912    0.3583    0.4951
DIM:ROT:      32         3   -1.2939    0.4339    0.3583
DIM:ROT:      33         1   -1.3554    0.4985    0.5413
DIM:ROT:      33         2   -1.3591    0.3990    0.5149
DIM:ROT:      33         3   -1.3623    0.4082    0.4335
DIM:ROT:      34         1   -1.4275    0.5869    0.5841
DIM:ROT:      34         2   -1.4321    0.4248    0.5651
DIM:ROT:      34         3   -1.4354    0.4458    0.4324
DIM:ROT:      35         1   -1.1417    0.9221    0.7938
DIM:ROT:      35         2   -1.1478    0.4826    0.6932
DIM:ROT:      35         3   -1.1522    0.5217    0.4745
DIM:ROT:      36         1   -0.8442    0.9436    0.8402
DIM:ROT:      36         2   -0.8523    0.5359    0.8249
DIM:ROT:      36         3   -0.8573    0.5782    0.5088
DIM:ROT:      37         1   -0.7357    0.7313    0.6929
DIM:ROT:      37         2   -0.7413    0.4815    0.6570
DIM:ROT:      37         3   -0.7457    0.5175    0.4751
DIM:ROT:      38         1   -0.5954    1.0523    0.8824
DIM:ROT:      38         2   -0.6043    0.5699    0.8700
DIM:ROT:      38         3   -0.6106    0.6380    0.5664
DIM:ROT:      39         1   -0.5178    1.1355    1.0051
DIM:ROT:      39         2   -0.5279    0.6458    0.8543
DIM:ROT:      39         3   -0.5350    0.6482    0.6175
DIM:ROT:      40         1   -0.4649    0.8539    0.9085
DIM:ROT:      40         2   -0.4728    0.5645    0.7565
DIM:ROT:      40         3   -0.4780    0.5370    0.5591
DIM:ROT:      41         1   -0.3276    0.7415    0.8386
DIM:ROT:      41         2   -0.3328    0.5079    0.5666
DIM:ROT:      41         3   -0.3371    0.4475    0.5199
DIM:ROT:      42         1   -0.1311    1.5836    1.5441
DIM:ROT:      42         2   -0.1528    1.2743    0.9934
DIM:ROT:      42         3   -0.1694    0.8633    1.1093
DIM:ROT:      43         1   -0.1797    4.6133    2.7625
DIM:ROT:      43         2   -0.2778    2.1520    2.7089
DIM:ROT:      43         3   -0.3239    1.6061    1.6473
DIM:ROT:      44         1   -0.3749    1.2286    1.5725
DIM:ROT:      44         2   -0.3989    1.1413    1.2083
DIM:ROT:      44         3   -0.4158    0.8813    1.1219
DIM:ROT:      45         1   -0.4425    0.8032    0.8556
DIM:ROT:      45         2   -0.4519    0.6453    0.8371
DIM:ROT:      45         3   -0.4599    0.6585    0.6963
DIM:ROT:      46         1   -0.4193    0.5810    0.8113
DIM:ROT:      46         2   -0.4251    0.6187    0.5172
DIM:ROT:      46         3   -0.4297    0.4413    0.6010
DIM:ROT:      47         1   -0.3213    0.7325    0.6026
DIM:ROT:      47         2   -0.3268    0.4793    0.6458
DIM:ROT:      47         3   -0.3314    0.5214    0.5006
DIM:ROT:      48         1   -0.1157    0.7000    0.7089
DIM:ROT:      48         2   -0.1225    0.5754    0.6788
DIM:ROT:      48         3   -0.1286    0.5758    0.6009
DIM:ROT:      49         1   -0.0346    0.7544    0.8650
DIM:ROT:      49         2   -0.0416    0.6068    0.6706
DIM:ROT:      49         3   -0.0480    0.5659    0.6297
DIM:ROT:      50         1   -0.1300    0.9937    0.8097
DIM:ROT:      50         2   -0.1387    0.5965    0.8125
DIM:ROT:      50         3   -0.1454    0.6648    0.5869
DIM:ROT:      51         1   -0.2240    1.0659    1.1241
DIM:ROT:      51         2   -0.2344    0.6850    0.8658
DIM:ROT:      51         3   -0.2423    0.6551    0.6693
DIM:ROT:      52         1   -0.1266    0.7415    0.7925
DIM:ROT:      52         2   -0.1342    0.5752    0.7432
DIM:ROT:      52         3   -0.1399    0.5734    0.5927
DIM:ROT:      53         1   -0.0467    1.0705    0.8475
DIM:ROT:      53         2   -0.0553    0.6042    0.8150
DIM:ROT:      53         3   -0.0621    0.6629    0.5759
DIM:ROT:      54         1   -0.1485    1.0394    1.1139
DIM:ROT:      54         2   -0.1587    0.6542    0.8577
DIM:ROT:      54         3   -0.1656    0.6213    0.6574
DIM:ROT:      55         1   -0.2548    1.2289    1.0183
DIM:ROT:      55         2   -0.2656    0.6682    0.9007
DIM:ROT:      55         3   -0.2737    0.7255    0.6366
DIM:ROT:      56         1   -0.1946    1.3543    1.1652
DIM:ROT:      56         2   -0.2097    0.7744    1.0863
DIM:ROT:      56         3   -0.2206    0.8394    0.7520
DIM:ROT:      57         1    0.6616    3.0828    1.6255
DIM:ROT:      57         2    0.5957    1.6333    2.2785
DIM:ROT:      57         3    0.5448    1.8941    1.5086
DIM:ROT:      58         1    3.4041   32.9589   10.2892
DIM:ROT:      58         2    0.9731    9.6568   14.0560
DIM:ROT:      58         3    0.3960    5.4098    6.2484
DIM:ROT:      59         1    0.0217   12.3460   18.6325
DIM:ROT:      59         2    0.0584    3.0087    3.1327
DIM:ROT:      59         3    0.0221    1.2005    1.6754
DIM:ROT:      60         1    0.1418    1.1275    1.2553
DIM:ROT:      60         2    0.1256    0.9452    0.9761
DIM:ROT:      60         3    0.1132    0.7974    0.9121
DIM:ROT:      61         1    0.2618    1.1470    1.3622
DIM:ROT:      61         2    0.2456    1.0354    0.9086
DIM:ROT:      61         3    0.2327    0.7756    0.9527
DIM:ROT:      62         1    0.3016    1.0650    1.1882
DIM:ROT:      62         2    0.2875    0.9011    0.8896
DIM:ROT:      62         3    0.2771    0.7354    0.8378
DIM:ROT:      63         1    0.2509    0.9288    1.0210
DIM:ROT:      63         2    0.2408    0.7793    0.7388
DIM:ROT:      63         3    0.2334    0.6245    0.6919
DIM:ROT:      64         1    0.1793    0.7652    1.0729
DIM:ROT:      64         2    0.1715    0.7072    0.6106
DIM:ROT:      64         3    0.1666    0.4612    0.6340
DIM:ROT:      65         1    0.1208    0.9079    1.0455
DIM:ROT:      65         2    0.1111    0.8079    0.6678
DIM:ROT:      65         3    0.1048    0.5901    0.6335
DIM:ROT:      66         1    0.0344    1.1260    0.9824
DIM:ROT:      66         2    0.0216    0.8138    0.8817
DIM:ROT:      66         3    0.0119    0.7952    0.7077
DIM:ROT:      67         1   -0.1018    1.4958    1.0945
DIM:ROT:      67         2   -0.1233    1.0242    1.1791
DIM:ROT:      67         3   -0.1414    1.1541    0.8948
DIM:ROT:      68         1   -0.2759    1.4733    1.4647
DIM:ROT:      68         2   -0.3079    1.2441    1.4541
DIM:ROT:      68         3   -0.3360    1.2645    1.2865
DIM:ROT:      69         1   -0.5983    1.4566    1.4638
DIM:ROT:      69         2   -0.6317    1.2221    1.5621
DIM:ROT:      69         3   -0.6647    1.3691    1.3600
DIM:ROT:      70         1   -0.7350    1.3479    1.5892
DIM:ROT:      70         2   -0.7717    1.4487    1.4392
DIM:ROT:      70         3   -0.8061    1.3019    1.5312
DIM:ROT:      71         1   -0.9056    1.3892    1.5032
DIM:ROT:      71         2   -0.9406    1.2657    1.5816
DIM:ROT:      71         3   -0.9761    1.3598    1.4750
DIM:ROT:      72         1   -1.0919    1.6011    1.7837
DIM:ROT:      72         2   -1.1389    1.5374    1.7192
DIM:ROT:      72         3   -1.1818    1.4724    1.7035
DIM:ROT:      73         1   -1.1865    1.6794    1.6367
DIM:ROT:      73         2   -1.2323    1.4670    1.7827
DIM:ROT:      73         3   -1.2784    1.6326    1.6013
DIM:ROT:      74         1   -1.3980    1.4987    1.9097
DIM:ROT:      74         2   -1.4457    1.5927    1.6949
DIM:ROT:      74         3   -1.4899    1.4168    1.8163
DIM:ROT:      75         1   -1.5619    1.8225    2.0983
DIM:ROT:      75         2   -1.6142    1.6811    1.7479
DIM:ROT:      75         3   -1.6627    1.5176    1.8372
DIM:ROT:      76         1   -1.5590    1.7955    1.7819
DIM:ROT:      76         2   -1.6068    1.5052    1.7949
DIM:ROT:      76         3   -1.6488    1.5284    1.6044
DIM:ROT:      77         1   -1.7337    1.5199    1.8716
DIM:ROT:      77         2   -1.7785    1.4961    1.7232
DIM:ROT:      77         3   -1.8225    1.4194    1.7490
DIM:ROT:      78         1   -1.9098    1.9876    1.7985
DIM:ROT:      78         2   -1.9655    1.5341    2.0698
DIM:ROT:      78         3   -2.0140    1.7463    1.6132
DIM:ROT:      79         1   -1.9249    1.3751    1.9852
DIM:ROT:      79         2   -1.9638    1.5689    1.4368
DIM:ROT:      79         3   -1.9996    1.1858    1.6969
DIM:ROT:      80         1   -2.1306    1.5598    1.2841
DIM:ROT:      80         2   -2.1606    1.0823    1.5875
DIM:ROT:      80         3   -2.1857    1.2679    1.1490
DIM:ROT:      81         1   -2.1093    1.0478    1.4811
DIM:ROT:      81         2   -2.1301    1.2289    0.9878
DIM:ROT:      81         3   -2.1492    0.8773    1.2410
DIM:ROT:      82         1   -1.9280    1.0770    0.9861
DIM:ROT:      82         2   -1.9413    0.7676    0.9992
DIM:ROT:      82         3   -1.9521    0.7698    0.7997
DIM:ROT:      83         1   -1.7725    1.1086    1.3371
DIM:ROT:      83         2   -1.7863    0.8605    0.9452
DIM:ROT:      83         3   -1.7978    0.7263    0.9052
DIM:ROT:      84         1   -1.7641    1.0892    1.1263
DIM:ROT:      84         2   -1.7756    0.7548    0.9090
DIM:ROT:      84         3   -1.7845    0.6791    0.7461
DIM:ROT:      85         1   -1.6128    0.8240    1.0142
DIM:ROT:      85         2   -1.6206    0.6126    0.7707
DIM:ROT:      85         3   -1.6272    0.5549    0.6698
DIM:ROT:      86         1   -1.5017    0.7213    0.8797
DIM:ROT:      86         2   -1.5080    0.6019    0.6199
DIM:ROT:      86         3   -1.5129    0.4863    0.5943
DIM:ROT:      87         1   -1.4295    0.6555    0.7192
DIM:ROT:      87         2   -1.4344    0.5124    0.5604
DIM:ROT:      87         3   -1.4384    0.4433    0.5284
DIM:ROT:      88         1   -1.3199    0.6362    0.7943
DIM:ROT:      88         2   -1.3248    0.5498    0.5325
DIM:ROT:      88         3   -1.3288    0.4263    0.5593
DIM:ROT:      89         1   -1.1297    0.7858    0.6960
DIM:ROT:      89         2   -1.1362    0.5717    0.6380
DIM:ROT:      89         3   -1.1410    0.5304    0.5351
DIM:ROT:      90         1   -1.1062    0.4738    0.5425
DIM:ROT:      90         2   -1.1099    0.4236    0.5042
DIM:ROT:      90         3   -1.1129    0.4012    0.4589
DIM:ROT:      91         1   -1.0718    0.5414    0.7216
DIM:ROT:      91         2   -1.0758    0.5555    0.4313
DIM:ROT:      91         3   -1.0793    0.3912    0.5274
DIM:ROT:      92         1   -0.6777    0.8734    0.9738
DIM:ROT:      92         2   -0.6867    0.8175    0.6239
DIM:ROT:      92         3   -0.6934    0.5839    0.6992
DIM:ROT:      93         1   -0.6356    0.5849    0.5381
DIM:ROT:      93         2   -0.6391    0.4094    0.5113
DIM:ROT:      93         3   -0.6422    0.4157    0.4380
DIM:ROT:      94         1   -0.4611    0.7208    1.0036
DIM:ROT:      94         2   -0.4668    0.6766    0.4999
DIM:ROT:      94         3   -0.4714    0.4446    0.6107
DIM:ROT:      95         1   -0.2987    1.1335    0.7567
DIM:ROT:      95         2   -0.3093    0.6730    0.9253
DIM:ROT:      95         3   -0.3177    0.7430    0.6441
DIM:ROT:      96         1   -0.2588    0.9328    1.1180
DIM:ROT:      96         2   -0.2704    0.8452    0.8028
DIM:ROT:      96         3   -0.2804    0.6731    0.8660
DIM:ROT:      97         1   -0.2958    0.9823    0.8530
DIM:ROT:      97         2   -0.3063    0.7131    0.8548
DIM:ROT:      97         3   -0.3152    0.7258    0.7054
DIM:ROT:      98         1   -0.2500    1.0451    1.0359
DIM:ROT:      98         2   -0.2628    0.8252    0.9004
DIM:ROT:      98         3   -0.2733    0.7365    0.8319
DIM:ROT:      99         1   -0.2628    1.1591    1.2241
DIM:ROT:      99         2   -0.2784    0.9780    0.9425
DIM:ROT:      99         3   -0.2926    0.8209    0.9844
DIM:ROT:     100         1   -0.3251    1.3108    1.4534
DIM:ROT:     100         2   -0.3453    1.1865    0.9942
DIM:ROT:     100         3   -0.3628    0.8830    1.1482
DIM:ROT:     101         1   -0.2230    1.7236    1.7013
DIM:ROT:     101         2   -0.2537    1.3383    1.3472
DIM:ROT:     101         3   -0.2813    1.1432    1.3783
DIM:ROT:     102         1   -0.1398    2.3044    1.8694
DIM:ROT:     102         2   -0.1903    1.5688    1.8804
DIM:ROT:     102         3   -0.2322    1.5696    1.5544
DIM:ROT:     103         1   -0.2675    1.4474    1.6571
DIM:ROT:     103         2   -0.3035    1.3833    1.5125
DIM:ROT:     103         3   -0.3377    1.3043    1.4889
DIM:ROT:     104         1   -0.2372    1.4754    1.6689
DIM:ROT:     104         2   -0.2723    1.3534    1.4958
DIM:ROT:     104         3   -0.3020    1.2263    1.4151
DIM:ROT:     105         1   -0.3010    1.9647    1.5418
DIM:ROT:     105         2   -0.3406    1.3113    1.7653
DIM:ROT:     105         3   -0.3771    1.5506    1.3285
DIM:ROT:     106         1   -0.4359    1.2287    1.7175
DIM:ROT:     106         2   -0.4703    1.5196    1.2934
DIM:ROT:     106         3   -0.5005    1.1269    1.5725
DIM:ROT:     107         1   -0.5342    1.5223    1.1511
DIM:ROT:     107         2   -0.5595    1.0234    1.4386
DIM:ROT:     107         3   -0.5838    1.3039    1.0494
DIM:ROT:     108         1   -0.6682    0.9377    1.5892
DIM:ROT:     108         2   -0.6887    1.2348    0.9449
DIM:ROT:     108         3   -0.7062    0.7977    1.2941
DIM:ROT:     109         1   -0.7212    2.1848    1.0549
DIM:ROT:     109         2   -0.7506    1.1375    1.5165
DIM:ROT:     109         3   -0.7728    1.3063    0.9753
DIM:ROT:     110         1   -0.7952    1.3472    1.7209
DIM:ROT:     110         2   -0.8272    1.3877    1.3230
DIM:ROT:     110         3   -0.8550    1.1429    1.4264
DIM:ROT:     111         1   -0.9734    1.2787    1.2248
DIM:ROT:     111         2   -0.9977    0.9916    1.4146
DIM:ROT:     111         3   -1.0216    1.1891    1.1372
DIM:ROT:     112         1   -1.0323    1.1283    1.4190
DIM:ROT:     112         2   -1.0567    1.2228    1.1452
DIM:ROT:     112         3   -1.0786    1.0100    1.2676
DIM:ROT:     113         1   -1.0055    1.3273    1.2890
DIM:ROT:     113         2   -1.0259    1.0025    1.1930
DIM:ROT:     113         3   -1.0444    1.0049    1.0625
DIM:ROT:     114         1   -1.0472    1.0368    1.2337
DIM:ROT:     114         2   -1.0642    0.9227    1.0591
DIM:ROT:     114         3   -1.0793    0.8629    1.0133
DIM:ROT:     115         1   -0.8687    0.9179    1.1101
DIM:ROT:     115         2   -0.8789    0.7911    0.7777
DIM:ROT:     115         3   -0.8885    0.6812    0.7984
DIM:ROT:     116         1   -0.6059    1.0220    0.9581
DIM:ROT:     116         2   -0.6182    0.7078    1.0014
DIM:ROT:     116         3   -0.6285    0.7838    0.7551
DIM:ROT:     117         1   -0.4409    1.5344    1.1550
DIM:ROT:     117         2   -0.4650    0.9788    1.4120
DIM:ROT:     117         3   -0.4869    1.2520    0.9774
DIM:ROT:     118         1   -0.1201    1.6911    1.7600
DIM:ROT:     118         2   -0.1617    1.4479    1.6394
DIM:ROT:     118         3   -0.1973    1.3916    1.4880
DIM:ROT:     119         1   -0.1896    1.3561    1.5064
DIM:ROT:     119         2   -0.2213    1.2180    1.4985
DIM:ROT:     119         3   -0.2522    1.2470    1.3815
DIM:ROT:     120         1   -0.2991    1.3405    1.5263
DIM:ROT:     120         2   -0.3332    1.3209    1.4575
DIM:ROT:     120         3   -0.3632    1.2379    1.4116
DIM:ROT:     121         1   -0.5065    2.0821    1.4935
DIM:ROT:     121         2   -0.5558    1.3405    2.0925
DIM:ROT:     121         3   -0.6025    1.9065    1.3772
DIM:ROT:     122         1   -0.6753    1.4134    2.1025
DIM:ROT:     122         2   -0.7249    1.8670    1.5009
DIM:ROT:     122         3   -0.7685    1.3057    1.9443
DIM:ROT:     123         1   -1.3125    4.2101    1.9331
DIM:ROT:     123         2   -1.4316    2.0321    3.3201
DIM:ROT:     123         3   -1.5190    2.8898    1.7393
DIM:ROT:     124         1   -1.7984    1.7076    2.8640
DIM:ROT:     124         2   -1.8727    2.4133    1.7529
DIM:ROT:     124         3   -1.9356    1.4857    2.4808
DIM:ROT:     125         1   -2.0390    2.8314    1.4579
DIM:ROT:     125         2   -2.0988    1.3823    2.5022
DIM:ROT:     125         3   -2.1516    2.3775    1.2591
DIM:ROT:     126         1   -2.2676    1.1622    2.3032
DIM:ROT:     126         2   -2.3050    2.1646    0.9832
DIM:ROT:     126         3   -2.3339    0.9387    1.8309
DIM:ROT:     127         1   -2.3178    3.1638    0.6817
DIM:ROT:     127         2   -2.3386    0.8999    1.3070
DIM:ROT:     127         3   -2.3450    0.6636    0.6064
DIM:ROT:     128         1   -2.3220    0.4700    0.7819
DIM:ROT:     128         2   -2.3261    0.5378    0.4489
DIM:ROT:     128         3   -2.3295    0.3579    0.5706
DIM:ROT:     129         1   -2.2456    0.9781    0.5389
DIM:ROT:     129         2   -2.2504    0.5146    0.6005
DIM:ROT:     129         3   -2.2540    0.4751    0.4097
DIM:ROT:     130         1   -2.1784    1.3771    0.6603
DIM:ROT:     130         2   -2.1874    0.7638    0.7413
DIM:ROT:     130         3   -2.1929    0.6524    0.5040
DIM:ROT:     131         1   -2.3455    0.8462    0.9471
DIM:ROT:     131         2   -2.3529    0.6882    0.6725
DIM:ROT:     131         3   -2.3592    0.5605    0.6542
DIM:ROT:     132         1   -2.5594    1.5366    0.9821
DIM:ROT:     132         2   -2.5737    0.8738    1.0307
DIM:ROT:     132         3   -2.5838    0.7935    0.7452
DIM:ROT:     133         1   -2.6387    0.7337    0.8603
DIM:ROT:     133         2   -2.6475    0.6694    0.7935
DIM:ROT:     133         3   -2.6548    0.6058    0.7249
DIM:ROT:     134         1   -2.7068    0.7408    0.7759
DIM:ROT:     134         2   -2.7143    0.5800    0.7867
DIM:ROT:     134         3   -2.7209    0.6008    0.6491
DIM:ROT:     135         1   -2.7559    0.7286    0.8824
DIM:ROT:     135         2   -2.7644    0.6551    0.7920
DIM:ROT:     135         3   -2.7715    0.5979    0.7185
DIM:ROT:     136         1   -2.8140    0.7328    0.7744
DIM:ROT:     136         2   -2.8215    0.5685    0.8032
DIM:ROT:     136         3   -2.8283    0.6149    0.6493
DIM:ROT:     137         1   -2.8278    0.6256    0.7823
DIM:ROT:     137         2   -2.8348    0.6016    0.6916
DIM:ROT:     137         3   -2.8407    0.5301    0.6633
DIM:ROT:     138         1   -2.8162    0.5362    0.6697
DIM:ROT:     138         2   -2.8207    0.4678    0.5636
DIM:ROT:     138         3   -2.8246    0.4322    0.5358
DIM:ROT:     139         1   -2.8034    0.4728    0.5660
DIM:ROT:     139         2   -2.8069    0.4174    0.4936
DIM:ROT:     139         3   -2.8098    0.3823    0.4587
DIM:ROT:     140         1   -2.6247    0.6596    0.7964
DIM:ROT:     140         2   -2.6282    0.4006    0.5128
DIM:ROT:     140         3   -2.6309    0.3658    0.4408
DIM:ROT:     141         1   -2.5522    0.4960    0.5421
DIM:ROT:     141         2   -2.5552    0.3687    0.4726
DIM:ROT:     141         3   -2.5576    0.3542    0.3940
DIM:ROT:     142         1   -2.5009    0.3475    0.4489
DIM:ROT:     142         2   -2.5027    0.2890    0.3562
DIM:ROT:     142         3   -2.5041    0.2578    0.3226
DIM:ROT:     143         1   -2.3913    0.4309    0.4479
DIM:ROT:     143         2   -2.3928    0.2642    0.3858
DIM:ROT:     143         3   -2.3940    0.2629    0.2646
DIM:ROT:     144         1   -2.3534    0.2878    0.3604
DIM:ROT:     144         2   -2.3544    0.2119    0.2827
DIM:ROT:     144         3   -2.3551    0.1896    0.2285
DIM:ROT:     145         1   -2.3497    0.2077    0.2544
DIM:ROT:     145         2   -2.3504    0.1755    0.2141
DIM:ROT:     145         3   -2.3508    0.1506    0.1836
DIM:ROT:     146         1   -2.3320    0.2580    0.3273
DIM:ROT:     146         2   -2.3328    0.2055    0.2116
DIM:ROT:     146         3   -2.3333    0.1554    0.2088
DIM:ROT:     147         1   -2.3383    0.2385    0.2793
DIM:ROT:     147         2   -2.3391    0.1954    0.2338
DIM:ROT:     147         3   -2.3397    0.1684    0.2040
DIM:ROT:     148         1   -2.3408    0.2835    0.2619
DIM:ROT:     148         2   -2.3415    0.1936    0.2356
DIM:ROT:     148         3   -2.3421    0.1703    0.1953
DIM:ROT:     149         1   -2.3718    0.2395    0.3181
DIM:ROT:     149         2   -2.3726    0.2197    0.2408
DIM:ROT:     149         3   -2.3733    0.1769    0.2351
DIM:ROT:     150         1   -2.4165    0.2508    0.2444
DIM:ROT:     150         2   -2.4171    0.1722    0.2360
DIM:ROT:     150         3   -2.4177    0.1771    0.1892
DIM:ROT:     151         1   -2.4784    0.2440    0.3383
DIM:ROT:     151         2   -2.4792    0.2275    0.2167
DIM:ROT:     151         3   -2.4798    0.1640    0.2353
DIM:ROT:     152         1   -2.5159    0.1976    0.2346
DIM:ROT:     152         2   -2.5164    0.1607    0.1874
DIM:ROT:     152         3   -2.5168    0.1406    0.1756
DIM:ROT:     153         1   -2.5580    0.2008    0.2366
DIM:ROT:     153         2   -2.5586    0.1614    0.1856
DIM:ROT:     153         3   -2.5589    0.1361    0.1686
DIM:ROT:     154         1   -2.6007    0.2137    0.2552
DIM:ROT:     154         2   -2.6011    0.1633    0.1883
DIM:ROT:     154         3   -2.6015    0.1376    0.1717
DIM:ROT:     155         1   -2.6396    0.1694    0.2047
DIM:ROT:     155         2   -2.6399    0.1416    0.1731
DIM:ROT:     155         3   -2.6403    0.1275    0.1524
DIM:ROT:     156         1   -2.6792    0.1827    0.2054
DIM:ROT:     156         2   -2.6796    0.1450    0.1653
DIM:ROT:     156         3   -2.6799    0.1220    0.1447
DIM:ROT:     157         1   -2.7296    0.2160    0.2936
DIM:ROT:     157         2   -2.7303    0.1844    0.2035
DIM:ROT:     157         3   -2.7307    0.1374    0.1866
DIM:ROT:     158         1   -2.7617    0.1789    0.1606
DIM:ROT:     158         2   -2.7619    0.1112    0.1743
DIM:ROT:     158         3   -2.7622    0.1287    0.1170
DIM:ROT:     159         1   -2.8021    0.1373    0.2062
DIM:ROT:     159         2   -2.8024    0.1315    0.1345
DIM:ROT:     159         3   -2.8026    0.0951    0.1361
DIM:ROT:     160         1   -2.8995    0.3045    0.3022
DIM:ROT:     160         2   -2.9001    0.1837    0.2036
DIM:ROT:     160         3   -2.9005    0.1452    0.1551
