MinModeTranslate: STEP      TIME          ENERGY    MAX-FORCE     STEPSIZE    CURVATURE  ROT-STEPS
MinModeTranslate:    0  16:28:12    -9343.564471       2.0648     --------     1.324209          3
MinModeTranslate:    0  16:28:12    -9343.564471       2.0648     0.100000     1.324209          3
MinModeTranslate:    1  16:28:12    -9343.297704       1.8749     --------     0.461308          3
MinModeTranslate:    1  16:28:12    -9343.297704       1.8749     0.100000     0.461308          3
MinModeTranslate:    2  16:28:12    -9343.042333       6.0680     --------    -0.246469          3
MinModeTranslate:    2  16:28:12    -9343.042333       6.0680     0.100000    -0.246469          3
MinModeTranslate:    3  16:28:12    -9343.009889       5.5593     --------    -0.250805          3
MinModeTranslate:    3  16:28:12    -9343.009889       5.5593     0.100000    -0.250805          3
MinModeTranslate:    4  16:28:12    -9343.771893       1.5029     --------     0.773573          3
MinModeTranslate:    4  16:28:12    -9343.771893       1.5029     0.100000     0.773573          3
MinModeTranslate:    5  16:28:12    -9343.538563       1.5044     --------     0.957873          3
MinModeTranslate:    5  16:28:12    -9343.538563       1.5044     0.100000     0.957873          3
MinModeTranslate:    6  16:28:12    -9343.303204       1.4078     --------     1.585844          3
MinModeTranslate:    6  16:28:12    -9343.303204       1.4078     0.100000     1.585844          3
MinModeTranslate:    7  16:28:12    -9343.079198       1.3282     --------     1.565618          3
MinModeTranslate:    7  16:28:12    -9343.079198       1.3282     0.100000     1.565618          3
MinModeTranslate:    8  16:28:12    -9342.864424       1.2377     --------     1.311303          3
MinModeTranslate:    8  16:28:12    -9342.864424       1.2377     0.100000     1.311303          3
MinModeTranslate:    9  16:28:12    -9342.657145       1.0986     --------     1.072491          3
MinModeTranslate:    9  16:28:12    -9342.657145       1.0986     0.100000     1.072491          3
MinModeTranslate:   10  16:28:12    -9342.465018       0.9998     --------     0.818985          3
MinModeTranslate:   10  16:28:12    -9342.465018       0.9998     0.100000     0.818985          3
MinModeTranslate:   11  16:28:12    -9342.282675       0.9799     --------     0.543224          3
MinModeTranslate:   11  16:28:12    -9342.282675       0.9799     0.100000     0.543224          3
MinModeTranslate:   12  16:28:12    -9342.096717       4.7787     --------    -0.074735          3
MinModeTranslate:   12  16:28:12    -9342.096717       4.7787     0.100000    -0.074735          3
MinModeTranslate:   13  16:28:12    -9342.069627       4.2556     --------    -0.847959          3
MinModeTranslate:   13  16:28:12    -9342.069627       4.2556     0.100000    -0.847959          3
MinModeTranslate:   14  16:28:12    -9342.677599       4.1302     --------    -0.959150          3
MinModeTranslate:   14  16:28:12    -9342.677599       4.1302     0.100000    -0.959150          3
MinModeTranslate:   15  16:28:13    -9343.189920       4.9401     --------    -0.178262          3
MinModeTranslate:   15  16:28:13    -9343.189920       4.9401     0.100000    -0.178262          3
MinModeTranslate:   16  16:28:13    -9343.727188       3.8745     --------    -0.559310          3
MinModeTranslate:   16  16:28:13    -9343.727188       3.8745     0.100000    -0.559310          3
MinModeTranslate:   17  16:28:13    -9344.043733       1.7630     --------    -0.504488          3
MinModeTranslate:   17  16:28:13    -9344.043733       1.7630     0.100000    -0.504488          3
MinModeTranslate:   18  16:28:13    -9344.230175       3.1874     --------    -0.622999          3
MinModeTranslate:   18  16:28:13    -9344.230175       3.1874     0.100000    -0.622999          3
MinModeTranslate:   19  16:28:13    -9344.466658       1.5206     --------    -0.497132          3
MinModeTranslate:   19  16:28:13    -9344.466658       1.5206     0.032133    -0.497132          3
MinModeTranslate:   20  16:28:13    -9344.512490       1.1602     --------    -0.298302          3
MinModeTranslate:   20  16:28:13    -9344.512490       1.1602     0.100000    -0.298302          3
MinModeTranslate:   21  16:28:13    -9344.660117       1.3626     --------    -0.006277          3
MinModeTranslate:   21  16:28:13    -9344.660117       1.3626     0.088847    -0.006277          3
MinModeTranslate:   22  16:28:13    -9344.731156       1.5461     --------    -0.899977          3
MinModeTranslate:   22  16:28:13    -9344.731156       1.5461     0.100000    -0.899977          3
MinModeTranslate:   23  16:28:13    -9344.819901       1.5885     --------    -0.545623          3
MinModeTranslate:   23  16:28:13    -9344.819901       1.5885     0.045136    -0.545623          3
MinModeTranslate:   24  16:28:13    -9344.885519       0.1854     --------     0.126864          3
MinModeTranslate:   24  16:28:13    -9344.885519       0.1854     0.100000     0.126864          3
MinModeTranslate:   25  16:28:13    -9344.855859       0.1788     --------     0.225880          3
MinModeTranslate:   25  16:28:13    -9344.855859       0.1788     0.100000     0.225880          3
MinModeTranslate:   26  16:28:13    -9344.827288       0.1681     --------     0.295883          3
MinModeTranslate:   26  16:28:13    -9344.827288       0.1681     0.100000     0.295883          3
MinModeTranslate:   27  16:28:13    -9344.800519       0.1570     --------     0.335075          3
MinModeTranslate:   27  16:28:13    -9344.800519       0.1570     0.100000     0.335075          3
MinModeTranslate:   28  16:28:13    -9344.775581       0.1423     --------     0.372501          3
MinModeTranslate:   28  16:28:14    -9344.775581       0.1423     0.100000     0.372501          3
MinModeTranslate:   29  16:28:14    -9344.752904       0.1289     --------     0.424421          3
MinModeTranslate:   29  16:28:14    -9344.752904       0.1289     0.100000     0.424421          3
MinModeTranslate:   30  16:28:14    -9344.732106       0.1153     --------     0.474359          3
MinModeTranslate:   30  16:28:14    -9344.732106       0.1153     0.100000     0.474359          3
MinModeTranslate:   31  16:28:14    -9344.713127       0.1055     --------     0.530070          3
MinModeTranslate:   31  16:28:14    -9344.713127       0.1055     0.100000     0.530070          3
MinModeTranslate:   32  16:28:14    -9344.695344       0.1000     --------     0.559398          3
MinModeTranslate:   32  16:28:14    -9344.695344       0.1000     0.100000     0.559398          3
MinModeTranslate:   33  16:28:14    -9344.678182       0.0980     --------     0.576919          3
MinModeTranslate:   33  16:28:14    -9344.678182       0.0980     0.100000     0.576919          3
MinModeTranslate:   34  16:28:14    -9344.661222       0.1000     --------     0.556430          3
MinModeTranslate:   34  16:28:14    -9344.661222       0.1000     0.100000     0.556430          3
MinModeTranslate:   35  16:28:14    -9344.643793       0.1033     --------     0.523826          3
MinModeTranslate:   35  16:28:14    -9344.643793       0.1033     0.100000     0.523826          3
MinModeTranslate:   36  16:28:14    -9344.625850       0.1075     --------     0.467462          3
MinModeTranslate:   36  16:28:14    -9344.625850       0.1075     0.100000     0.467462          3
MinModeTranslate:   37  16:28:14    -9344.607333       0.1110     --------     0.413064          3
MinModeTranslate:   37  16:28:14    -9344.607333       0.1110     0.100000     0.413064          3
MinModeTranslate:   38  16:28:14    -9344.588409       0.1137     --------     0.350281          3
MinModeTranslate:   38  16:28:14    -9344.588409       0.1137     0.100000     0.350281          3
MinModeTranslate:   39  16:28:14    -9344.569121       0.1147     --------     0.301311          3
MinModeTranslate:   39  16:28:14    -9344.569121       0.1147     0.100000     0.301311          3
MinModeTranslate:   40  16:28:14    -9344.549711       0.1145     --------     0.249064          3
MinModeTranslate:   40  16:28:14    -9344.549711       0.1145     0.100000     0.249064          3
MinModeTranslate:   41  16:28:14    -9344.530173       0.1127     --------     0.213227          3
MinModeTranslate:   41  16:28:14    -9344.530173       0.1127     0.100000     0.213227          3
MinModeTranslate:   42  16:28:14    -9344.510878       0.1098     --------     0.173101          3
MinModeTranslate:   42  16:28:14    -9344.510878       0.1098     0.100000     0.173101          3
MinModeTranslate:   43  16:28:14    -9344.491754       0.1055     --------     0.149364          3
MinModeTranslate:   43  16:28:14    -9344.491754       0.1055     0.100000     0.149364          3
MinModeTranslate:   44  16:28:14    -9344.473179       0.1003     --------     0.122116          3
MinModeTranslate:   44  16:28:15    -9344.473179       0.1003     0.100000     0.122116          3
MinModeTranslate:   45  16:28:15    -9344.455160       0.0947     --------     0.109524          3
MinModeTranslate:   45  16:28:15    -9344.455160       0.0947     0.100000     0.109524          3
MinModeTranslate:   46  16:28:15    -9344.437919       0.0880     --------     0.094787          3
MinModeTranslate:   46  16:28:15    -9344.437919       0.0880     0.100000     0.094787          3
MinModeTranslate:   47  16:28:15    -9344.421550       0.0821     --------     0.091419          3
MinModeTranslate:   47  16:28:15    -9344.421550       0.0821     0.100000     0.091419          3
MinModeTranslate:   48  16:28:15    -9344.406055       0.0751     --------     0.086867          3
MinModeTranslate:   48  16:28:15    -9344.406055       0.0751     0.100000     0.086867          3
MinModeTranslate:   49  16:28:15    -9344.391586       0.0693     --------     0.090898          3
MinModeTranslate:   49  16:28:15    -9344.391586       0.0693     0.100000     0.090898          3
MinModeTranslate:   50  16:28:15    -9344.378020       0.0626     --------     0.093837          3
MinModeTranslate:   50  16:28:15    -9344.378020       0.0626     0.100000     0.093837          3
MinModeTranslate:   51  16:28:15    -9344.365495       0.0571     --------     0.103121          3
MinModeTranslate:   51  16:28:15    -9344.365495       0.0571     0.100000     0.103121          3
MinModeTranslate:   52  16:28:15    -9344.353866       0.0507     --------     0.110650          3
MinModeTranslate:   52  16:28:15    -9344.353866       0.0507     0.100000     0.110650          3
MinModeTranslate:   53  16:28:15    -9344.343269       0.0457     --------     0.123068          3
MinModeTranslate:   53  16:28:15    -9344.343269       0.0457     0.100000     0.123068          3
MinModeTranslate:   54  16:28:15    -9344.333514       0.0399     --------     0.133563          3
MinModeTranslate:   54  16:28:15    -9344.333514       0.0399     0.100000     0.133563          3
MinModeTranslate:   55  16:28:15    -9344.324745       0.0353     --------     0.147658          3
MinModeTranslate:   55  16:28:15    -9344.324745       0.0353     0.100000     0.147658          3
MinModeTranslate:   56  16:28:15    -9344.316772       0.0301     --------     0.158685          3
MinModeTranslate:   56  16:28:15    -9344.316772       0.0301     0.100000     0.158685          3
MinModeTranslate:   57  16:28:15    -9344.309730       0.0258     --------     0.172422          3
MinModeTranslate:   57  16:28:15    -9344.309730       0.0258     0.100000     0.172422          3
MinModeTranslate:   58  16:28:15    -9344.303438       0.0210     --------     0.182647          3
MinModeTranslate:   58  16:28:15    -9344.303438       0.0210     0.100000     0.182647          3
MinModeTranslate:   59  16:28:15    -9344.298057       0.0171     --------     0.194794          3
MinModeTranslate:   59  16:28:15    -9344.298057       0.0171     0.100000     0.194794          3
MinModeTranslate:   60  16:28:15    -9344.293391       0.0129     --------     0.202886          3
MinModeTranslate:   60  16:28:15    -9344.293391       0.0129     0.100000     0.202886          3
MinModeTranslate:   61  16:28:15    -9344.289599       0.0094     --------     0.212613          3
MinModeTranslate:   61  16:28:15    -9344.289599       0.0094     0.100000     0.212613          3
MinModeTranslate:   62  16:28:16    -9344.286506       0.0056     --------     0.218498          3
MinModeTranslate:   62  16:28:16    -9344.286506       0.0056     0.100000     0.218498          3
MinModeTranslate:   63  16:28:16    -9344.284183       0.0021     --------     0.225795          3
MinModeTranslate:   63  16:28:16    -9344.284183       0.0021     0.100000     0.225795          3
MinModeTranslate:   64  16:28:16    -9344.282563       0.0012     --------     0.229772          3
MinModeTranslate:   64  16:28:16    -9344.282563       0.0012     0.100000     0.229772          3
MinModeTranslate:   65  16:28:16    -9344.271864       0.0022     --------     0.262049          3
MinModeTranslate:   65  16:28:16    -9344.271864       0.0022     0.100000     0.262049          3
MinModeTranslate:   66  16:28:16    -9344.258280       0.0063     --------     0.266012          3
MinModeTranslate:   66  16:28:16    -9344.258280       0.0063     0.100000     0.266012          3
MinModeTranslate:   67  16:28:16    -9344.248229       0.0065     --------     0.269542          3
MinModeTranslate:   67  16:28:16    -9344.248229       0.0065     0.100000     0.269542          3
MinModeTranslate:   68  16:28:16    -9344.244572       0.0032     --------     0.263479          3
MinModeTranslate:   68  16:28:16    -9344.244572       0.0032     0.100000     0.263479          3
MinModeTranslate:   69  16:28:16    -9344.242542       0.0005     --------     0.258489          3
MinModeTranslate:   69  16:28:16    -9344.242542       0.0005     0.100000     0.258489          3
MinModeTranslate:   70  16:28:16    -9344.241121       0.0055     --------     0.253752          3
MinModeTranslate:   70  16:28:16    -9344.241121       0.0055     0.100000     0.253752          3
MinModeTranslate:   71  16:28:16    -9344.236535       0.0086     --------     0.257310          3
MinModeTranslate:   71  16:28:16    -9344.236535       0.0086     0.100000     0.257310          3
MinModeTranslate:   72  16:28:16    -9344.226907       0.0163     --------     0.267094          3
MinModeTranslate:   72  16:28:16    -9344.226907       0.0163     0.100000     0.267094          3
MinModeTranslate:   73  16:28:16    -9344.207653       0.0183     --------     0.289780          3
MinModeTranslate:   73  16:28:16    -9344.207653       0.0183     0.100000     0.289780          3
MinModeTranslate:   74  16:28:16    -9344.191576       0.0300     --------     0.285535          3
MinModeTranslate:   74  16:28:16    -9344.191576       0.0300     0.100000     0.285535          3
MinModeTranslate:   75  16:28:16    -9344.180693       0.0332     --------     0.280922          3
MinModeTranslate:   75  16:28:16    -9344.180693       0.0332     0.100000     0.280922          3
MinModeTranslate:   76  16:28:16    -9344.172141       0.0358     --------     0.275977          3
MinModeTranslate:   76  16:28:16    -9344.172141       0.0358     0.100000     0.275977          3
MinModeTranslate:   77  16:28:16    -9344.163659       0.0349     --------     0.272731          3
MinModeTranslate:   77  16:28:16    -9344.163659       0.0349     0.100000     0.272731          3
MinModeTranslate:   78  16:28:16    -9344.155667       0.0352     --------     0.269643          3
MinModeTranslate:   78  16:28:16    -9344.155667       0.0352     0.100000     0.269643          3
MinModeTranslate:   79  16:28:17    -9344.147724       0.0332     --------     0.267736          3
MinModeTranslate:   79  16:28:17    -9344.147724       0.0332     0.100000     0.267736          3
MinModeTranslate:   80  16:28:17    -9344.140210       0.0323     --------     0.265732          3
MinModeTranslate:   80  16:28:17    -9344.140210       0.0323     0.100000     0.265732          3
MinModeTranslate:   81  16:28:17    -9344.132944       0.0296     --------     0.264566          3
MinModeTranslate:   81  16:28:17    -9344.132944       0.0296     0.100000     0.264566          3
MinModeTranslate:   82  16:28:17    -9344.126213       0.0282     --------     0.263053          3
MinModeTranslate:   82  16:28:17    -9344.126213       0.0282     0.100000     0.263053          3
MinModeTranslate:   83  16:28:17    -9344.119786       0.0250     --------     0.262468          3
MinModeTranslate:   83  16:28:17    -9344.119786       0.0250     0.100000     0.262468          3
MinModeTranslate:   84  16:28:17    -9344.113982       0.0231     --------     0.261704          3
MinModeTranslate:   84  16:28:17    -9344.113982       0.0231     0.100000     0.261704          3
MinModeTranslate:   85  16:28:17    -9344.108546       0.0196     --------     0.262747          3
MinModeTranslate:   85  16:28:17    -9344.108546       0.0196     0.100000     0.262747          3
MinModeTranslate:   86  16:28:17    -9344.103736       0.0178     --------     0.264628          3
MinModeTranslate:   86  16:28:17    -9344.103736       0.0178     0.100000     0.264628          3
MinModeTranslate:   87  16:28:17    -9344.099255       0.0151     --------     0.270015          3
MinModeTranslate:   87  16:28:17    -9344.099255       0.0151     0.100000     0.270015          3
MinModeTranslate:   88  16:28:17    -9344.095223       0.0144     --------     0.277065          3
MinModeTranslate:   88  16:28:17    -9344.095223       0.0144     0.100000     0.277065          3
MinModeTranslate:   89  16:28:17    -9344.091281       0.0133     --------     0.287953          3
MinModeTranslate:   89  16:28:17    -9344.091281       0.0133     0.100000     0.287953          3
MinModeTranslate:   90  16:28:17    -9344.087466       0.0147     --------     0.299141          3
MinModeTranslate:   90  16:28:17    -9344.087466       0.0147     0.100000     0.299141          3
MinModeTranslate:   91  16:28:17    -9344.083104       0.0154     --------     0.311811          3
MinModeTranslate:   91  16:28:17    -9344.083104       0.0154     0.100000     0.311811          3
MinModeTranslate:   92  16:28:17    -9344.078637       0.0184     --------     0.321123          3
MinModeTranslate:   92  16:28:17    -9344.078637       0.0184     0.100000     0.321123          3
MinModeTranslate:   93  16:28:17    -9344.073246       0.0201     --------     0.328721          3
MinModeTranslate:   93  16:28:17    -9344.073246       0.0201     0.100000     0.328721          3
MinModeTranslate:   94  16:28:18    -9344.067668       0.0231     --------     0.330815          3
MinModeTranslate:   94  16:28:18    -9344.067668       0.0231     0.100000     0.330815          3
MinModeTranslate:   95  16:28:18    -9344.061427       0.0246     --------     0.329785          3
MinModeTranslate:   95  16:28:18    -9344.061427       0.0246     0.100000     0.329785          3
MinModeTranslate:   96  16:28:18    -9344.055151       0.0272     --------     0.323318          3
MinModeTranslate:   96  16:28:18    -9344.055151       0.0272     0.100000     0.323318          3
MinModeTranslate:   97  16:28:18    -9344.048386       0.0283     --------     0.314857          3
MinModeTranslate:   97  16:28:18    -9344.048386       0.0283     0.100000     0.314857          3
MinModeTranslate:   98  16:28:18    -9344.041632       0.0300     --------     0.304632          3
MinModeTranslate:   98  16:28:18    -9344.041632       0.0300     0.100000     0.304632          3
MinModeTranslate:   99  16:28:18    -9344.034580       0.0308     --------     0.298381          3
MinModeTranslate:   99  16:28:18    -9344.034580       0.0308     0.100000     0.298381          3
MinModeTranslate:  100  16:28:18    -9344.027494       0.0322     --------     0.298592          3
MinModeTranslate:  100  16:28:18    -9344.027494       0.0322     0.100000     0.298592          3
MinModeTranslate:  101  16:28:18    -9344.020059       0.0335     --------     0.311706          3
MinModeTranslate:  101  16:28:18    -9344.020059       0.0335     0.100000     0.311706          3
MinModeTranslate:  102  16:28:18    -9344.012297       0.0359     --------     0.336217          3
MinModeTranslate:  102  16:28:18    -9344.012297       0.0359     0.100000     0.336217          3
MinModeTranslate:  103  16:28:18    -9344.003816       0.0399     --------     0.370370          3
MinModeTranslate:  103  16:28:18    -9344.003816       0.0399     0.100000     0.370370          3
MinModeTranslate:  104  16:28:18    -9343.994255       0.0439     --------     0.400532          3
MinModeTranslate:  104  16:28:18    -9343.994255       0.0439     0.100000     0.400532          3
MinModeTranslate:  105  16:28:18    -9343.983653       0.0504     --------     0.423982          3
MinModeTranslate:  105  16:28:18    -9343.983653       0.0504     0.100000     0.423982          3
MinModeTranslate:  106  16:28:18    -9343.971549       0.0548     --------     0.430059          3
MinModeTranslate:  106  16:28:18    -9343.971549       0.0548     0.100000     0.430059          3
MinModeTranslate:  107  16:28:18    -9343.958515       0.0613     --------     0.428232          3
MinModeTranslate:  107  16:28:18    -9343.958515       0.0613     0.100000     0.428232          3
MinModeTranslate:  108  16:28:19    -9343.944163       0.0654     --------     0.414551          3
MinModeTranslate:  108  16:28:19    -9343.944163       0.0654     0.100000     0.414551          3
MinModeTranslate:  109  16:28:19    -9343.929030       0.0720     --------     0.399058          3
MinModeTranslate:  109  16:28:19    -9343.929030       0.0720     0.100000     0.399058          3
MinModeTranslate:  110  16:28:19    -9343.912560       0.0767     --------     0.378205          3
MinModeTranslate:  110  16:28:19    -9343.912560       0.0767     0.100000     0.378205          3
MinModeTranslate:  111  16:28:19    -9343.895186       0.0834     --------     0.358986          3
MinModeTranslate:  111  16:28:19    -9343.895186       0.0834     0.100000     0.358986          3
MinModeTranslate:  112  16:28:19    -9343.876464       0.0880     --------     0.339825          3
MinModeTranslate:  112  16:28:19    -9343.876464       0.0880     0.100000     0.339825          3
MinModeTranslate:  113  16:28:19    -9343.856772       0.0933     --------     0.327569          3
MinModeTranslate:  113  16:28:19    -9343.856772       0.0933     0.100000     0.327569          3
MinModeTranslate:  114  16:28:19    -9343.835918       0.0962     --------     0.319862          3
MinModeTranslate:  114  16:28:19    -9343.835918       0.0962     0.100000     0.319862          3
MinModeTranslate:  115  16:28:19    -9343.814331       0.1004     --------     0.320961          3
MinModeTranslate:  115  16:28:19    -9343.814331       0.1004     0.100000     0.320961          3
MinModeTranslate:  116  16:28:19    -9343.791665       0.1005     --------     0.325443          3
MinModeTranslate:  116  16:28:19    -9343.791665       0.1005     0.100000     0.325443          3
MinModeTranslate:  117  16:28:19    -9343.768699       0.1045     --------     0.335817          3
MinModeTranslate:  117  16:28:19    -9343.768699       0.1045     0.100000     0.335817          3
MinModeTranslate:  118  16:28:19    -9343.744558       0.1020     --------     0.344210          3
MinModeTranslate:  118  16:28:19    -9343.744558       0.1020     0.100000     0.344210          3
MinModeTranslate:  119  16:28:19    -9343.720581       0.1064     --------     0.353851          3
MinModeTranslate:  119  16:28:19    -9343.720581       0.1064     0.100000     0.353851          3
MinModeTranslate:  120  16:28:19    -9343.695219       0.1018     --------     0.356257          3
MinModeTranslate:  120  16:28:19    -9343.695219       0.1018     0.100000     0.356257          3
MinModeTranslate:  121  16:28:20    -9343.670491       0.1073     --------     0.358562          3
MinModeTranslate:  121  16:28:20    -9343.670491       0.1073     0.100000     0.358562          3
MinModeTranslate:  122  16:28:20    -9343.644111       0.1020     --------     0.353718          3
MinModeTranslate:  122  16:28:20    -9343.644111       0.1020     0.100000     0.353718          3
MinModeTranslate:  123  16:28:20    -9343.618662       0.1104     --------     0.350926          3
MinModeTranslate:  123  16:28:20    -9343.618662       0.1104     0.100000     0.350926          3
MinModeTranslate:  124  16:28:20    -9343.591165       0.1083     --------     0.345437          3
MinModeTranslate:  124  16:28:20    -9343.591165       0.1083     0.100000     0.345437          3
MinModeTranslate:  125  16:28:20    -9343.564370       0.1153     --------     0.343112          3
MinModeTranslate:  125  16:28:20    -9343.564370       0.1153     0.100000     0.343112          3
MinModeTranslate:  126  16:28:20    -9343.535806       0.1244     --------     0.348890          3
MinModeTranslate:  126  16:28:20    -9343.535806       0.1244     0.100000     0.348890          3
MinModeTranslate:  127  16:28:20    -9343.505124       0.1286     --------     0.353704          3
MinModeTranslate:  127  16:28:20    -9343.505124       0.1286     0.100000     0.353704          3
MinModeTranslate:  128  16:28:20    -9343.473559       0.1406     --------     0.359611          3
MinModeTranslate:  128  16:28:20    -9343.473559       0.1406     0.100000     0.359611          3
MinModeTranslate:  129  16:28:20    -9343.439225       0.1500     --------     0.366668          3
MinModeTranslate:  129  16:28:20    -9343.439225       0.1500     0.100000     0.366668          3
MinModeTranslate:  130  16:28:20    -9343.402711       0.1496     --------     0.361579          3
MinModeTranslate:  130  16:28:20    -9343.402711       0.1496     0.100000     0.361579          3
MinModeTranslate:  131  16:28:20    -9343.366595       0.1639     --------     0.354917          3
MinModeTranslate:  131  16:28:20    -9343.366595       0.1639     0.100000     0.354917          3
MinModeTranslate:  132  16:28:20    -9343.327142       0.1735     --------     0.352063          3
MinModeTranslate:  132  16:28:20    -9343.327142       0.1735     0.100000     0.352063          3
MinModeTranslate:  133  16:28:20    -9343.285474       0.1801     --------     0.346322          3
MinModeTranslate:  133  16:28:20    -9343.285474       0.1801     0.100000     0.346322          3
MinModeTranslate:  134  16:28:20    -9343.242280       0.1930     --------     0.344431          3
MinModeTranslate:  134  16:28:20    -9343.242280       0.1930     0.100000     0.344431          3
MinModeTranslate:  135  16:28:21    -9343.196155       0.2026     --------     0.344795          3
MinModeTranslate:  135  16:28:21    -9343.196155       0.2026     0.100000     0.344795          3
MinModeTranslate:  136  16:28:21    -9343.147809       0.2094     --------     0.338431          3
MinModeTranslate:  136  16:28:21    -9343.147809       0.2094     0.100000     0.338431          3
MinModeTranslate:  137  16:28:21    -9343.097860       0.2223     --------     0.332906          3
MinModeTranslate:  137  16:28:21    -9343.097860       0.2223     0.100000     0.332906          3
MinModeTranslate:  138  16:28:21    -9343.044930       0.2319     --------     0.326606          3
MinModeTranslate:  138  16:28:21    -9343.044930       0.2319     0.100000     0.326606          3
MinModeTranslate:  139  16:28:21    -9342.989767       0.2410     --------     0.316065          3
MinModeTranslate:  139  16:28:21    -9342.989767       0.2410     0.100000     0.316065          3
MinModeTranslate:  140  16:28:21    -9342.932462       0.2534     --------     0.302831          3
MinModeTranslate:  140  16:28:21    -9342.932462       0.2534     0.100000     0.302831          3
MinModeTranslate:  141  16:28:21    -9342.872302       0.2621     --------     0.289353          3
MinModeTranslate:  141  16:28:21    -9342.872302       0.2621     0.100000     0.289353          3
MinModeTranslate:  142  16:28:21    -9342.810118       0.2721     --------     0.266494          3
MinModeTranslate:  142  16:28:21    -9342.810118       0.2721     0.100000     0.266494          3
MinModeTranslate:  143  16:28:21    -9342.745608       0.2850     --------     0.246079          3
MinModeTranslate:  143  16:28:21    -9342.745608       0.2850     0.100000     0.246079          3
MinModeTranslate:  144  16:28:21    -9342.678101       0.2933     --------     0.232654          3
MinModeTranslate:  144  16:28:21    -9342.678101       0.2933     0.100000     0.232654          3
MinModeTranslate:  145  16:28:21    -9342.608610       0.3068     --------     0.220515          3
MinModeTranslate:  145  16:28:21    -9342.608610       0.3068     0.100000     0.220515          3
MinModeTranslate:  146  16:28:21    -9342.535881       0.3239     --------     0.230020          3
MinModeTranslate:  146  16:28:21    -9342.535881       0.3239     0.100000     0.230020          3
MinModeTranslate:  147  16:28:21    -9342.459008       0.3337     --------     0.257010          3
MinModeTranslate:  147  16:28:21    -9342.459008       0.3337     0.100000     0.257010          3
MinModeTranslate:  148  16:28:21    -9342.379596       0.3475     --------     0.286005          3
MinModeTranslate:  148  16:28:21    -9342.379596       0.3475     0.100000     0.286005          3
MinModeTranslate:  149  16:28:21    -9342.296966       0.3583     --------     0.314378          3
MinModeTranslate:  149  16:28:21    -9342.296966       0.3583     0.100000     0.314378          3
MinModeTranslate:  150  16:28:21    -9342.211639       0.3709     --------     0.328475          3
MinModeTranslate:  150  16:28:21    -9342.211639       0.3709     0.100000     0.328475          3
MinModeTranslate:  151  16:28:22    -9342.123285       0.3791     --------     0.338319          3
MinModeTranslate:  151  16:28:22    -9342.123285       0.3791     0.100000     0.338319          3
MinModeTranslate:  152  16:28:22    -9342.032872       0.3794     --------     0.318957          3
MinModeTranslate:  152  16:28:22    -9342.032872       0.3794     0.100000     0.318957          3
MinModeTranslate:  153  16:28:22    -9341.941981       0.3877     --------     0.319228          3
MinModeTranslate:  153  16:28:22    -9341.941981       0.3877     0.100000     0.319228          3
MinModeTranslate:  154  16:28:22    -9341.848918       0.3850     --------     0.288288          3
MinModeTranslate:  154  16:28:22    -9341.848918       0.3850     0.100000     0.288288          3
MinModeTranslate:  155  16:28:22    -9341.756073       0.3941     --------     0.259758          3
MinModeTranslate:  155  16:28:22    -9341.756073       0.3941     0.100000     0.259758          3
MinModeTranslate:  156  16:28:22    -9341.661113       0.4080     --------     0.134763          3
MinModeTranslate:  156  16:28:22    -9341.661113       0.4080     0.100000     0.134763          3
MinModeTranslate:  157  16:28:22    -9341.562713       2.5136     --------    -0.076975          3
MinModeTranslate:  157  16:28:22    -9341.562713       2.5136     0.100000    -0.076975          3
MinModeTranslate:  158  16:28:22    -9341.549954       2.3480     --------    -0.905722          3
MinModeTranslate:  158  16:28:22    -9341.549954       2.3480     0.100000    -0.905722          3
MinModeTranslate:  159  16:28:22    -9341.837615       2.3236     --------    -1.782373          3
MinModeTranslate:  159  16:28:22    -9341.837615       2.3236     0.100000    -1.782373          3
MinModeTranslate:  160  16:28:22    -9341.989709       2.3444     --------    -3.136891          3
