MINMODE:METHOD: Dimer
DIM:CONTROL: Search Parameters:
DIM:CONTROL: ------------------
DIM:CONTROL: eigenmode_method = dimer
DIM:CONTROL: f_rot_min = 0.01
DIM:CONTROL: f_rot_max = 0.1
DIM:CONTROL: max_num_rot = 3
DIM:CONTROL: trial_angle = 0.7853981633974483
DIM:CONTROL: trial_trans_step = 0.001
DIM:CONTROL: maximum_translation = 0.1
DIM:CONTROL: cg_translation = True
DIM:CONTROL: use_central_forces = True
DIM:CONTROL: dimer_separation = 0.005
DIM:CONTROL: initial_eigenmode_method = gauss
DIM:CONTROL: extrapolate_forces = True
DIM:CONTROL: displacement_method = gauss
DIM:CONTROL: gauss_std = 0.1
DIM:CONTROL: order = 1
DIM:CONTROL: mask = None
DIM:CONTROL: displacement_center = None
DIM:CONTROL: displacement_radius = None
DIM:CONTROL: number_of_displacement_atoms = None
DIM:CONTROL: ------------------
DIM:ROT: OPT-STEP ROT-STEP CURVATURE ROT-ANGLE ROT-FORCE
DIM:ROT:       0         1  284.7687   58.3112  126.9601
DIM:ROT:       0         2  -16.8947   10.4144  102.9004
DIM:ROT:       0         3  -25.2062    9.7793   56.0953
DIM:ROT:       1         1 -263.6158   16.5004  754.5351
DIM:ROT:       1         2 -239.7328    9.9746   92.2106
DIM:ROT:       1         3 -256.8811    3.8567  149.9191
DIM:ROT:       2         1 -150.2855    6.8331  149.3997
DIM:ROT:       2         2 -154.8536    6.5047   31.6622
DIM:ROT:       2         3 -155.6253    1.4634   29.0206
DIM:ROT:       3         1 -139.6639    6.4313   70.2886
DIM:ROT:       3         2 -141.3664    2.4145   74.6176
DIM:ROT:       3         3 -143.9792    3.7339   37.5957
DIM:ROT:       4         1 -312.2165    4.7877  310.7748
DIM:ROT:       4         2 -316.3544    4.5309  163.5838
DIM:ROT:       4         3 -321.5175    2.4595  147.4908
DIM:ROT:       5         1 -287.8388    4.0852  170.7098
DIM:ROT:       5         2 -285.7812    3.1991   92.0221
DIM:ROT:       5         3 -287.6083    2.8755  112.8647
DIM:ROT:       6         1   35.2964    9.9930  460.0015
DIM:ROT:       6         2   19.0480   23.1294   33.5337
DIM:ROT:       6         3   15.9683    1.2142   42.7217
DIM:ROT:       7         1   18.2867   12.0682   44.4445
DIM:ROT:       7         2   14.2403    6.8593   36.2230
DIM:ROT:       7         3   11.8566    6.6914   23.5751
DIM:ROT:       8         1    1.9654    3.4462   28.3294
DIM:ROT:       8         2    1.0427    3.1638   20.0155
DIM:ROT:       8         3    0.0524    2.5651   20.4546
DIM:ROT:       9         1    2.1521    2.8639   15.8450
DIM:ROT:       9         2    1.5570    1.9333   16.8015
DIM:ROT:       9         3    1.2361    1.9533   10.5153
DIM:ROT:      10         1    1.7221    1.7343   12.9424
DIM:ROT:      10         2    1.4484    1.5483    9.1595
DIM:ROT:      10         3    1.2359    1.2070    8.6766
DIM:ROT:      11         1    0.0198    5.8407    7.1115
DIM:ROT:      11         2   -0.1917    1.9801    6.0613
DIM:ROT:      11         3   -0.2810    0.7931    6.4369
DIM:ROT:      12         1   -2.9896    1.8527    5.5661
DIM:ROT:      12         2   -3.1261    1.0695    6.2560
DIM:ROT:      12         3   -3.2375    1.3393    3.9010
DIM:ROT:      13         1  -69.6125   89.7004  102.5903
DIM:ROT:      13         2 -27363.7381   36.4495 10377.1476
DIM:ROT:      13         3 -16820.9794    5.3589 1737.6695
DIM:ROT:      14         1 11949.7562   72.8808 7770.0310
DIM:ROT:      14         2 -1920.5910    7.5758 7935.2798
DIM:ROT:      14         3 -5045.6702   32.8430 2393.0164
DIM:ROT:      15         1 -293.3992    1.9368 1710.1207
DIM:ROT:      15         2 -132.4369   63.3552  736.5910
DIM:ROT:      15         3 -1701.9133    2.3934 1029.6266
DIM:ROT:      16         1 16260.0621   58.1483 46254.3380
DIM:ROT:      16         2 -39715.3652   14.4323 11872.3666
DIM:ROT:      16         3 -44423.2206    2.7484 2715.1705
DIM:ROT:      17         1 55607.6600   83.2913 7433.9734
DIM:ROT:      17         2 2706.9163   68.3020 6818.0791
DIM:ROT:      17         3 -11069.9175   41.7182 6917.2701
DIM:ROT:      18         1 55233.8636   80.4234 16065.9690
DIM:ROT:      18         2 16267.2428   55.0898 28034.7742
DIM:ROT:      18         3 -15428.8032   29.5733 6023.4766
DIM:ROT:      19         1 87949.7724   74.8094 15162.0099
DIM:ROT:      19         2 -5270.2280   11.3931 17088.4418
DIM:ROT:      19         3 -2919.3474   42.5173 4087.1734
DIM:ROT:      20         1  203.4629   22.8035 2807.3930
DIM:ROT:      20         2   28.5088    1.9296  110.6633
DIM:ROT:      20         3   16.7528    1.9345  133.3167
DIM:ROT:      21         1 21821.6333   71.0486 36818.1111
DIM:ROT:      21         2 -59425.9333   39.5483 40346.8127
DIM:ROT:      21         3 -69413.5744   11.5088 16856.7703
DIM:ROT:      22         1 -9848.8784   85.8028 8324.0471
DIM:ROT:      22         2 77559.2991   55.3244 109792.3097
DIM:ROT:      22         3 -51842.4630   42.6270 31728.7490
DIM:ROT:      23         1 4019.0194   52.6937 62949.5196
DIM:ROT:      23         2 -112016.5056   14.5520 29407.6119
DIM:ROT:      23         3 -111548.1246    3.3090 7225.5113
DIM:ROT:      24         1 -61198.5727   18.4802 8740.7476
DIM:ROT:      24         2 -43482.6048    6.9465 9926.6241
DIM:ROT:      24         3 -46722.0968    5.1633 4117.9908
DIM:ROT:      25         1 -79321.4584    5.6861 9713.8578
DIM:ROT:      25         2 -80709.9134    1.1710 2041.4168
DIM:ROT:      25         3 -81166.2465    0.2922  486.9205
DIM:ROT:      26         1 -15708.9637   20.5705 16742.3926
DIM:ROT:      26         2 -8337.6135    8.9357 6438.4634
DIM:ROT:      26         3 -14126.1605   43.9338 4540.5892
DIM:ROT:      27         1 4918.3761   24.2462 29889.7239
DIM:ROT:      27         2 1323.8079   43.8276 3785.6259
DIM:ROT:      27         3 -1460.2706    8.6858 6834.6294
DIM:ROT:      28         1 -1015.0845   13.6795 16759.4610
DIM:ROT:      28         2 -2363.9907   13.5652 1637.6226
DIM:ROT:      28         3 -3060.1024    7.4326 4051.1776
DIM:ROT:      29         1 -193.6699   86.9037  432.8960
DIM:ROT:      29         2 -27499.6358   36.4317 25779.5565
DIM:ROT:      29         3 9188.4239   12.7809 8184.2513
DIM:ROT:      30         1  -35.3318   40.0961 4248.9314
DIM:ROT:      30         2  -34.7696   30.0346  120.6017
DIM:ROT:      30         3  -45.2668    2.0685  262.0257
DIM:ROT:      31         1  -29.7228    5.5786   42.0900
DIM:ROT:      31         2  -32.6472    1.1895  124.1498
DIM:ROT:      31         3  -37.4340    5.7699   35.5758
DIM:ROT:      32         1  -53.7521   10.9673  121.7017
DIM:ROT:      32         2  -71.1961   13.1096   64.2856
DIM:ROT:      32         3  -81.1286    6.6758   78.9488
DIM:ROT:      33         1   88.6398    8.2595  340.7769
DIM:ROT:      33         2   24.9573   20.9847  128.6874
DIM:ROT:      33         3    7.9612    5.4603  259.8234
DIM:ROT:      34         1  -16.8301    8.1123  102.9594
DIM:ROT:      34         2  -30.2016    7.3661   83.4385
DIM:ROT:      34         3  -40.3925    6.6791   83.6823
DIM:ROT:      35         1   96.5668   58.3226  372.9826
DIM:ROT:      35         2 -766.3694   10.4742  183.2842
DIM:ROT:      35         3 -768.6975    1.9919   30.1794
DIM:ROT:      36         1 -429.3173   17.4942  251.7940
DIM:ROT:      36         2 -420.6853    5.6179   60.2474
DIM:ROT:      36         3 -419.1718    1.5876   25.0004
DIM:ROT:      37         1 -917.3765   25.2866  404.3331
DIM:ROT:      37         2 -918.2279    3.0159   54.2920
DIM:ROT:      37         3 -918.8555    0.3500    6.3045
DIM:ROT:      38         1 -486.7380   34.9293  498.8901
DIM:ROT:      38         2 -384.8576    6.1741   71.8784
DIM:ROT:      38         3 -384.3638    1.4232   28.8685
DIM:ROT:      39         1 -102.6287   19.5811  593.6424
DIM:ROT:      39         2 -113.1435    9.2857   58.7176
DIM:ROT:      39         3 -111.0949    1.1985   34.1771
DIM:ROT:      40         1  -82.5864    2.4423   82.8557
DIM:ROT:      40         2  -85.2342    4.3065   25.9613
DIM:ROT:      40         3  -85.9326    1.3273   43.5636
DIM:ROT:      41         1 -431.7897   29.0965  389.4273
DIM:ROT:      41         2 -493.3983   12.0783  174.9877
DIM:ROT:      41         3 -486.7340    3.5554   64.1985
DIM:ROT:      42         1 -241.8559   18.5343  422.7065
DIM:ROT:      42         2 -231.0816    4.7507   34.3501
DIM:ROT:      42         3 -226.6998    1.1253   31.6011
DIM:ROT:      43         1  -72.9446   10.6850  343.2587
DIM:ROT:      43         2  -88.1528   10.5145   71.2567
DIM:ROT:      43         3  -86.2818    2.1011   70.6895
DIM:ROT:      44         1  -71.3749    4.2823   51.5170
DIM:ROT:      44         2  -72.3024    1.7261   49.4161
DIM:ROT:      44         3  -72.4625    1.8667   21.6545
DIM:ROT:      45         1  -81.0167    1.3062   22.7441
DIM:ROT:      45         2  -82.4832    1.1625   16.5942
DIM:ROT:      45         3  -82.7290    0.9048   17.1448
DIM:ROT:      46         1  -75.3563    2.1207   42.2786
DIM:ROT:      46         2  -75.0770    2.0128   26.9151
DIM:ROT:      46         3  -75.0659    1.3328   25.4157
DIM:ROT:      47         1 -105.6843    2.2768   52.6358
DIM:ROT:      47         2 -104.2605    1.8733   24.9229
DIM:ROT:      47         3 -104.9118    1.1621   23.4205
DIM:ROT:      48         1 -101.4222    1.3934   36.6565
DIM:ROT:      48         2 -101.4711    1.4143   11.0105
DIM:ROT:      48         3 -100.8366    0.5100   13.0428
DIM:ROT:      49         1  -87.0527    2.4771   78.0942
DIM:ROT:      49         2  -89.0874    5.3605   14.5463
DIM:ROT:      49         3  -88.9163    0.7728   24.1923
DIM:ROT:      50         1  -93.3217    1.2498    9.9138
DIM:ROT:      50         2  -93.2471    0.4119   11.9374
DIM:ROT:      50         3  -93.3639    0.7169    4.7634
DIM:ROT:      51         1  -74.4590    2.3311   70.4080
DIM:ROT:      51         2  -74.4856    3.0600   18.8227
DIM:ROT:      51         3  -74.6342    1.0181   29.4787
DIM:ROT:      52         1  -60.4179    2.2035   65.0147
DIM:ROT:      52         2  -60.2642    3.0364   15.4307
DIM:ROT:      52         3  -60.7618    0.8997   24.8163
DIM:ROT:      53         1  -70.3373    6.9133   40.6332
DIM:ROT:      53         2  -70.2465    2.4432   51.4891
DIM:ROT:      53         3  -70.6261    3.4530   19.2737
DIM:ROT:      54         1  -89.2576    4.0101   16.4831
DIM:ROT:      54         2  -88.5423    0.9952   22.4396
DIM:ROT:      54         3  -88.3638    1.4709    6.5594
DIM:ROT:      55         1 -158.8690    3.9722   98.5389
DIM:ROT:      55         2 -160.1499    4.2468   31.0819
DIM:ROT:      55         3 -161.5643    1.6221   39.0852
DIM:ROT:      56         1 -116.5299    3.8143   56.0451
DIM:ROT:      56         2 -119.3644    2.2257   47.3941
DIM:ROT:      56         3 -119.2680    1.6281   25.7848
DIM:ROT:      57         1  -72.1136    2.8617   71.1247
DIM:ROT:      57         2  -72.4494    3.0737   25.6972
DIM:ROT:      57         3  -72.7797    1.2015   28.1347
DIM:ROT:      58         1  -71.3830    1.7588   32.8156
DIM:ROT:      58         2  -71.0796    1.5901   19.4566
DIM:ROT:      58         3  -71.0746    1.0662   18.7059
DIM:ROT:      59         1 -104.8558    2.9952   56.3868
DIM:ROT:      59         2 -103.5114    2.1967   31.7380
DIM:ROT:      59         3 -104.1229    1.5008   25.4120
DIM:ROT:      60         1  -90.6717    1.6188   40.9730
DIM:ROT:      60         2  -90.7297    2.3288   11.0576
DIM:ROT:      60         3  -90.6788    0.6848   16.6428
DIM:ROT:      61         1  -55.7531    2.7265   63.5761
DIM:ROT:      61         2  -56.1404    2.9119   26.4468
DIM:ROT:      61         3  -56.3914    1.3124   28.8849
DIM:ROT:      62         1  -67.4550    1.1285   29.1841
DIM:ROT:      62         2  -67.0098    1.5353    7.0978
DIM:ROT:      62         3  -67.1556    0.5287   12.8057
DIM:ROT:      63         1  -77.8985    3.1177   30.2677
DIM:ROT:      63         2  -78.1865    1.3631   30.7097
DIM:ROT:      63         3  -77.6075    1.2460   12.9845
DIM:ROT:      64         1 -104.0090    2.1953   49.3464
DIM:ROT:      64         2 -103.0092    1.8684   22.7294
DIM:ROT:      64         3 -103.3091    1.0593   22.0618
DIM:ROT:      65         1 -184.1711   15.4064   91.6359
DIM:ROT:      65         2 -183.5627    2.7313   75.3626
DIM:ROT:      65         3 -182.5578    1.9431   12.9439
DIM:ROT:      66         1 -192.9749    0.6593   11.7194
DIM:ROT:      66         2 -192.9147    0.4720    8.4409
DIM:ROT:      66         3 -193.0567    0.3950    6.7173
DIM:ROT:      67         1  -85.1561    6.2584   83.3542
DIM:ROT:      67         2  -91.9158    3.6272   80.1147
DIM:ROT:      67         3  -93.1952    3.0052   43.1768
DIM:ROT:      68         1  -78.2541    8.2717   35.5684
DIM:ROT:      68         2  -78.6155    1.7914    8.6579
DIM:ROT:      68         3  -78.7765    0.5598   14.1726
DIM:ROT:      69         1  -66.3325    3.5109   23.1263
DIM:ROT:      69         2  -66.2097    0.8716   25.1498
DIM:ROT:      69         3  -66.4004    1.3835    7.1823
DIM:ROT:      70         1  -68.3944    1.0150   27.2075
DIM:ROT:      70         2  -68.4728    1.2748   10.2182
DIM:ROT:      70         3  -68.6823    0.4467   11.5062
DIM:ROT:      71         1  -68.6241    1.6710    3.8752
DIM:ROT:      71         2  -68.6601    0.1952    5.1974
DIM:ROT:      71         3  -68.6862    0.3409    1.4463
DIM:ROT:      72         1  -85.1414    1.5373   24.1595
DIM:ROT:      72         2  -85.1245    0.9979   18.5901
DIM:ROT:      72         3  -85.1900    0.8493   13.1166
DIM:ROT:      73         1 -103.2567    2.1987   20.6667
DIM:ROT:      73         2 -102.8701    0.9087   23.7660
DIM:ROT:      73         3 -103.1226    1.2398   10.5078
DIM:ROT:      74         1 -102.6002    0.9122   23.1714
DIM:ROT:      74         2 -102.7385    1.1925    9.7085
DIM:ROT:      74         3 -102.5694    0.4623   11.7309
DIM:ROT:      75         1 -170.7656   12.4674   83.2625
DIM:ROT:      75         2 -173.8060    3.5744   94.9772
DIM:ROT:      75         3 -177.1628    4.6590   28.7849
DIM:ROT:      76         1 -183.6136    1.3112   32.6818
DIM:ROT:      76         2 -184.3716    1.6880   13.8912
DIM:ROT:      76         3 -184.4788    0.6184   15.7475
DIM:ROT:      77         1 -162.9709    2.2360   26.7420
DIM:ROT:      77         2 -163.3986    1.2470   20.4798
DIM:ROT:      77         3 -163.7247    1.0967   12.8665
DIM:ROT:      78         1 -146.1280    3.0631   30.1643
DIM:ROT:      78         2 -146.7301    1.4346   24.5741
DIM:ROT:      78         3 -147.2697    1.3814   13.0309
DIM:ROT:      79         1 -148.3098    1.1537   24.3570
DIM:ROT:      79         2 -148.9145    1.4581   11.4270
DIM:ROT:      79         3 -148.9193    0.5842   12.7463
DIM:ROT:      80         1 -143.2387    0.6678   10.5364
DIM:ROT:      80         2 -143.3088    0.5928    5.6949
DIM:ROT:      80         3 -143.3440    0.3539    5.5375
DIM:ROT:      81         1 -143.0934    1.5205   20.7098
DIM:ROT:      81         2 -143.4141    1.0800   14.0601
DIM:ROT:      81         3 -143.7480    0.8504   11.2811
DIM:ROT:      82         1 -138.1086    1.2693   16.7440
DIM:ROT:      82         2 -138.4258    0.9746   10.2480
DIM:ROT:      82         3 -138.6001    0.6886    8.9417
DIM:ROT:      83         1 -109.9099    9.0427  106.0217
DIM:ROT:      83         2 -117.9809    7.4069   45.1967
DIM:ROT:      83         3 -121.0203    3.4237   41.0830
DIM:ROT:      84         1 -120.6390    2.0853   25.8026
DIM:ROT:      84         2 -121.6152    2.0795   14.4396
DIM:ROT:      84         3 -122.0308    0.9761   12.1967
DIM:ROT:      85         1  -78.0116    5.3527  138.7287
DIM:ROT:      85         2  -84.3223    8.7820   25.2295
DIM:ROT:      85         3  -83.8806    1.0109   26.2412
DIM:ROT:      86         1  -79.3904    2.4615   60.5237
DIM:ROT:      86         2  -81.8705    3.9607   25.2139
DIM:ROT:      86         3  -82.4953    1.3044   32.8600
DIM:ROT:      87         1  -92.6118    2.0629   37.0696
DIM:ROT:      87         2  -93.6366    2.3652   11.1412
DIM:ROT:      87         3  -93.6500    0.6739   12.2544
DIM:ROT:      88         1  -85.3426    0.6778   11.2605
DIM:ROT:      88         2  -85.5736    0.7267    6.5299
DIM:ROT:      88         3  -85.6785    0.3601    5.9460
DIM:ROT:      89         1  -91.7935    1.5367   25.5548
DIM:ROT:      89         2  -92.5390    2.1527    5.3172
DIM:ROT:      89         3  -92.5063    0.2834    4.6995
DIM:ROT:      90         1  -79.3314    1.3255   30.8641
DIM:ROT:      90         2  -80.0513    2.2759    4.6889
DIM:ROT:      90         3  -79.9665    0.1351    2.9695
DIM:ROT:      91         1  -82.8896    3.1851   10.0967
DIM:ROT:      91         2  -82.7700    0.2485    3.6319
DIM:ROT:      91         3  -82.8363    0.2560    2.4218
DIM:ROT:      92         1  -77.4330    0.9806   25.0868
DIM:ROT:      92         2  -77.9861    1.5204    3.2094
DIM:ROT:      92         3  -77.9654    0.1741    0.8774
DIM:ROT:      93         1  -83.7525    2.3425   40.6604
DIM:ROT:      93         2  -84.9232    2.4576    8.5173
DIM:ROT:      93         3  -84.9602    0.4551    7.3825
DIM:ROT:      94         1  -78.8372    1.0975   27.3130
DIM:ROT:      94         2  -79.4473    1.7741    4.5226
DIM:ROT:      94         3  -79.3967    0.1645    3.7827
DIM:ROT:      95         1 -108.7744    3.2428   46.1522
DIM:ROT:      95         2 -110.7012    2.4053   24.6755
DIM:ROT:      95         3 -111.4268    1.4633   21.2021
DIM:ROT:      96         1 -104.9291    1.9141   51.3844
DIM:ROT:      96         2 -106.4038    2.9812   12.5356
DIM:ROT:      96         3 -106.3205    0.5202   14.0186
DIM:ROT:      97         1 -110.6389    1.7043   32.7574
DIM:ROT:      97         2 -111.5702    1.8709    5.3963
DIM:ROT:      97         3 -111.5796    0.1898    2.5787
DIM:ROT:      98         1 -102.9430    1.2046   31.3985
DIM:ROT:      98         2 -103.6999    2.0094    6.3480
DIM:ROT:      98         3 -103.6215    0.2646    6.9926
DIM:ROT:      99         1 -116.7948    3.7058   55.6545
DIM:ROT:      99         2 -118.7198    3.3254    9.7657
DIM:ROT:      99         3 -118.6704    0.3108    4.0848
DIM:ROT:     100         1 -103.5377    3.7870   84.8255
DIM:ROT:     100         2 -107.4722    5.9734   19.6342
DIM:ROT:     100         3 -107.1715    0.9505   21.6413
DIM:ROT:     101         1 -127.7265    4.5715   52.2495
DIM:ROT:     101         2 -130.2067    4.3309   14.4646
DIM:ROT:     101         3 -130.3739    1.0083   11.9252
DIM:ROT:     102         1 -134.4468    2.7250   20.6003
DIM:ROT:     102         2 -135.2974    1.5756   10.0441
DIM:ROT:     102         3 -135.5670    0.9348    7.1301
DIM:ROT:     103         1 -113.4222    3.6923   48.2859
DIM:ROT:     103         2 -115.3680    3.3817   13.9216
DIM:ROT:     103         3 -115.1578    0.7671   10.1253
DIM:ROT:     104         1 -102.0792    6.1611  162.5063
DIM:ROT:     104         2 -111.2013   10.5723   35.0901
DIM:ROT:     104         3 -110.6650    1.6509   45.5115
DIM:ROT:     105         1  -36.0512    7.9568  219.8523
DIM:ROT:     105         2  -44.8414   12.4242   26.6895
DIM:ROT:     105         3  -44.7480    0.7159   18.3108
DIM:ROT:     106         1  -48.6730    5.2151   37.1905
DIM:ROT:     106         2  -51.8420    2.9797   36.5099
DIM:ROT:     106         3  -53.6913    3.4122   25.6215
DIM:ROT:     107         1  -80.9942    8.8010   49.7530
DIM:ROT:     107         2  -86.1809    4.1143   34.2031
DIM:ROT:     107         3  -87.9937    3.4182   20.8111
DIM:ROT:     108         1  -72.7307    5.0055   93.5318
DIM:ROT:     108         2  -75.1415    1.4230    5.1879
DIM:ROT:     108         3  -75.2217    0.4484    6.1386
DIM:ROT:     109         1  -97.0675    4.8413   45.9561
DIM:ROT:     109         2  -99.9537    3.5395   12.6608
DIM:ROT:     109         3  -99.8666    0.7487    7.2307
DIM:ROT:     110         1 -109.6369    2.7222   23.0810
DIM:ROT:     110         2 -111.3679    1.9317    4.5967
DIM:ROT:     110         3 -111.2559    0.1898    1.3014
DIM:ROT:     111         1  -74.7928    6.9423  121.1546
DIM:ROT:     111         2  -79.0840    3.6104   10.6084
DIM:ROT:     111         3  -78.9637    0.5360    6.9263
DIM:ROT:     112         1  -68.5760    2.3463   46.7805
DIM:ROT:     112         2  -69.7960    2.9485    6.3981
DIM:ROT:     112         3  -69.6047    0.1571    2.3764
DIM:ROT:     113         1  -80.2974    2.3824   28.2871
DIM:ROT:     113         2  -81.6800    2.1705    6.3531
DIM:ROT:     113         3  -81.5539    0.2488    2.6876
DIM:ROT:     114         1  -85.7463    3.1352   13.5298
DIM:ROT:     114         2  -85.7779    1.0267   11.5854
DIM:ROT:     114         3  -86.2978    1.1157    3.4771
DIM:ROT:     115         1 -120.9554    9.0924   72.6526
DIM:ROT:     115         2 -126.7797    3.1683   11.2894
DIM:ROT:     115         3 -126.6225    0.5901    3.8586
DIM:ROT:     116         1  -99.3152    5.4502   72.9930
DIM:ROT:     116         2 -102.1452    2.2974    8.0081
DIM:ROT:     116         3 -101.8991    0.3263    2.0367
DIM:ROT:     117         1  -89.1250    2.6736   37.5773
DIM:ROT:     117         2  -90.4721    2.4668    8.0025
DIM:ROT:     117         3  -90.2304    0.3937    5.0256
DIM:ROT:     118         1 -127.0834    8.7870   65.9756
DIM:ROT:     118         2 -133.6884    3.2513   12.6405
DIM:ROT:     118         3 -133.4777    0.6971    2.8080
DIM:ROT:     119         1  -69.8031   11.2565  155.4372
DIM:ROT:     119         2  -75.2138    4.6334   12.3814
DIM:ROT:     119         3  -74.8207    0.6707    6.7516
DIM:ROT:     120         1  -81.5170    1.3391   11.2618
DIM:ROT:     120         2  -82.1752    1.0797    4.4822
DIM:ROT:     120         3  -82.1398    0.4229    3.7290
DIM:ROT:     121         1  -63.9170    3.8393   62.6884
DIM:ROT:     121         2  -65.9258    3.4993    7.1535
DIM:ROT:     121         3  -65.6443    0.3101    2.8987
DIM:ROT:     122         1  -57.8607    1.5279   26.7475
DIM:ROT:     122         2  -58.5497    1.8626    4.0990
DIM:ROT:     122         3  -58.4478    0.2449    2.6214
DIM:ROT:     123         1  -73.4266    3.1279   35.1143
DIM:ROT:     123         2  -75.4291    2.6493    6.8689
DIM:ROT:     123         3  -75.3360    0.6928    2.1242
DIM:ROT:     124         1  -88.4193    2.3071   22.8063
DIM:ROT:     124         2  -89.9142    1.9296    5.6597
DIM:ROT:     124         3  -89.8260    0.3805    2.6018
DIM:ROT:     125         1  -81.2052    2.3736   31.7851
DIM:ROT:     125         2  -82.3159    2.5301    6.7221
DIM:ROT:     125         3  -82.1754    0.4149    4.9096
DIM:ROT:     126         1  -96.6003    3.3702   29.7498
DIM:ROT:     126         2  -98.6894    1.9457    6.0491
DIM:ROT:     126         3  -98.6370    0.6948    2.0192
DIM:ROT:     127         1  -75.9522    3.7235   47.0939
DIM:ROT:     127         2  -77.6477    2.4644    6.8516
DIM:ROT:     127         3  -77.4321    0.5745    2.1969
DIM:ROT:     128         1  -59.7466    3.0370   44.8161
DIM:ROT:     128         2  -61.1019    2.1509    4.9357
DIM:ROT:     128         3  -60.9903    0.3568    2.3802
DIM:ROT:     129         1  -62.9445    0.5599    3.8330
DIM:ROT:     129         2  -63.1351    0.3092    2.3256
DIM:ROT:     129         3  -63.1568    0.2382    1.6798
DIM:ROT:     130         1  -61.3447    0.8649   11.9975
DIM:ROT:     130         2  -61.6474    0.9536    2.9765
DIM:ROT:     130         3  -61.6563    0.1676    2.1094
DIM:ROT:     131         1  -60.2724    0.6115    9.3664
DIM:ROT:     131         2  -60.5178    0.7423    1.8889
DIM:ROT:     131         3  -60.4793    0.1118    1.4951
DIM:ROT:     132         1  -74.1773    2.8490   29.9809
DIM:ROT:     132         2  -76.0370    2.3857    6.2030
DIM:ROT:     132         3  -75.9793    0.6269    2.0621
DIM:ROT:     133         1  -84.0392    1.9683   17.8846
DIM:ROT:     133         2  -85.2960    1.3455    3.8808
DIM:ROT:     133         3  -85.2581    0.4337    1.4709
DIM:ROT:     134         1  -66.9176    3.4800   46.4922
DIM:ROT:     134         2  -68.6821    3.1257    6.7279
DIM:ROT:     134         3  -68.4262    0.5317    2.5045
DIM:ROT:     135         1  -63.0449    1.7463   13.9231
DIM:ROT:     135         2  -63.6692    1.6751    9.0453
DIM:ROT:     135         3  -63.9570    0.8874    7.2020
DIM:ROT:     136         1  -78.8996    4.2489   34.3626
DIM:ROT:     136         2  -81.1622    1.4901    4.5704
DIM:ROT:     136         3  -81.2399    0.4140    2.8336
DIM:ROT:     137         1  -74.2232    2.2359   23.1411
DIM:ROT:     137         2  -75.2623    2.4878    6.0829
DIM:ROT:     137         3  -75.0713    0.4964    5.0305
DIM:ROT:     138         1  -95.1505    5.0292   34.9778
DIM:ROT:     138         2  -98.3035    2.8274    7.6474
DIM:ROT:     138         3  -98.1512    0.8313    3.0162
DIM:ROT:     139         1  -78.7987    4.7394   50.2698
DIM:ROT:     139         2  -80.9282    3.6326    6.6397
DIM:ROT:     139         3  -80.5429    0.4827    2.0359
DIM:ROT:     140         1 -104.2079    6.3190   39.1303
DIM:ROT:     140         2 -108.1924    3.6555   11.6780
DIM:ROT:     140         3 -107.7565    0.8117    5.0229
DIM:ROT:     141         1  -96.4041    3.3914   25.7975
DIM:ROT:     141         2  -97.5441    2.5670    9.2322
DIM:ROT:     141         3  -97.5886    0.7775    6.1022
DIM:ROT:     142         1 -144.3929   12.3173   68.8106
DIM:ROT:     142         2 -152.5759    3.6783   13.3786
DIM:ROT:     142         3 -152.3421    0.6244    3.2141
DIM:ROT:     143         1 -112.8191    8.8612   61.4037
DIM:ROT:     143         2 -115.0387    4.7829   14.0755
DIM:ROT:     143         3 -114.0794    1.0805    8.3312
DIM:ROT:     144         1 -134.0431    6.6226   35.6978
DIM:ROT:     144         2 -136.9748    2.1728    7.1004
DIM:ROT:     144         3 -136.6251    0.3693    2.1325
DIM:ROT:     145         1 -119.7789    4.7261   28.9752
DIM:ROT:     145         2 -120.6631    2.2577    8.5683
DIM:ROT:     145         3 -120.5121    0.5805    3.7839
DIM:ROT:     146         1 -127.8508    2.8709   16.1509
DIM:ROT:     146         2 -129.2815    0.7839    2.7962
DIM:ROT:     146         3 -129.2961    0.1775    0.7341
DIM:ROT:     147         1 -137.6459    2.4524   13.0913
DIM:ROT:     147         2 -138.8829    0.7797    2.6539
DIM:ROT:     147         3 -138.8689    0.1450    0.7071
DIM:ROT:     148         1 -147.5345    1.9382    9.9131
DIM:ROT:     148         2 -148.3290    0.5588    1.8883
DIM:ROT:     148         3 -148.2779    0.0751    0.4260
DIM:ROT:     149         1 -134.3147    3.4441   22.1141
DIM:ROT:     149         2 -134.8451    0.7140    2.6232
DIM:ROT:     149         3 -134.7490    0.1575    0.8505
DIM:ROT:     150         1 -133.3716    0.3345    1.3939
DIM:ROT:     150         2 -133.3558    0.0854    0.4422
DIM:ROT:     150         3 -133.3796    0.0331    0.1084
DIM:ROT:     151         1 -128.4723    0.9385    4.4096
DIM:ROT:     151         2 -128.4638    0.2852    1.2717
DIM:ROT:     151         3 -128.5138    0.0905    0.3751
DIM:ROT:     152         1 -132.5828    1.1447    6.2439
DIM:ROT:     152         2 -133.1599    0.2749    1.0395
DIM:ROT:     152         3 -133.1887    0.0651    0.2685
DIM:ROT:     153         1 -132.1520    0.5582    3.3813
DIM:ROT:     153         2 -132.2342    0.1624    0.6150
DIM:ROT:     153         3 -132.2248    0.0345    0.1908
DIM:ROT:     154         1 -134.4478    0.6117    3.3242
DIM:ROT:     154         2 -134.7453    0.1594    0.5744
DIM:ROT:     154         3 -134.7529    0.0298    0.1417
DIM:ROT:     155         1 -129.5829    1.1118    7.1904
DIM:ROT:     155         2 -129.7619    0.2161    0.7375
DIM:ROT:     155         3 -129.7369    0.0572    0.2790
DIM:ROT:     156         1 -141.1639    2.7287   14.5700
DIM:ROT:     156         2 -142.5926    0.6967    2.5732
DIM:ROT:     156         3 -142.6347    0.1367    0.6334
DIM:ROT:     157         1 -146.1777    0.6809    3.2757
DIM:ROT:     157         2 -146.3651    0.2012    0.7194
DIM:ROT:     157         3 -146.3382    0.0389    0.2188
DIM:ROT:     158         1 -146.9875    0.7710    3.6028
DIM:ROT:     158         2 -147.1306    0.1747    0.7134
DIM:ROT:     158         3 -147.1096    0.0481    0.2469
DIM:ROT:     159         1 -144.6064    0.2954    1.5688
DIM:ROT:     159         2 -144.6045    0.0873    0.3539
DIM:ROT:     159         3 -144.6107    0.0258    0.1225
DIM:ROT:     160         1 -146.7962    0.5577    2.9445
DIM:ROT:     160         2 -147.0613    0.1392    0.5324
DIM:ROT:     160         3 -147.0634    0.0230    0.1171
