MinModeTranslate: STEP      TIME          ENERGY    MAX-FORCE     STEPSIZE    CURVATURE  ROT-STEPS
MinModeTranslate:    0  16:45:02   -12458.646040       2.1940     --------     5.358137          3
MinModeTranslate:    0  16:45:02   -12458.646040       2.1940     0.100000     5.358137          3
MinModeTranslate:    1  16:45:02   -12458.277079       2.1411     --------     4.687538          3
MinModeTranslate:    1  16:45:02   -12458.277079       2.1411     0.100000     4.687538          3
MinModeTranslate:    2  16:45:03   -12457.921690       2.2523     --------     3.581024          3
MinModeTranslate:    2  16:45:03   -12457.921690       2.2523     0.100000     3.581024          3
MinModeTranslate:    3  16:45:03   -12457.549922       2.3641     --------     2.823719          3
MinModeTranslate:    3  16:45:03   -12457.549922       2.3641     0.100000     2.823719          3
MinModeTranslate:    4  16:45:03   -12457.173824       2.7144     --------     1.928225          3
MinModeTranslate:    4  16:45:03   -12457.173824       2.7144     0.100000     1.928225          3
MinModeTranslate:    5  16:45:03   -12456.772569       3.1476     --------     1.361172          3
MinModeTranslate:    5  16:45:03   -12456.772569       3.1476     0.100000     1.361172          3
MinModeTranslate:    6  16:45:03   -12456.343117       3.2555     --------     1.292381          3
MinModeTranslate:    6  16:45:03   -12456.343117       3.2555     0.100000     1.292381          3
MinModeTranslate:    7  16:45:03   -12455.918468       3.2959     --------     1.089041          3
MinModeTranslate:    7  16:45:03   -12455.918468       3.2959     0.100000     1.089041          3
MinModeTranslate:    8  16:45:03   -12455.501889       5.6516     --------    -0.351558          3
MinModeTranslate:    8  16:45:03   -12455.501889       5.6516     0.100000    -0.351558          3
MinModeTranslate:    9  16:45:03   -12455.430543       5.7033     --------    -1.251623          3
MinModeTranslate:    9  16:45:03   -12455.430543       5.7033     0.100000    -1.251623          3
MinModeTranslate:   10  16:45:03   -12456.114579       5.0626     --------    -0.639743          3
MinModeTranslate:   10  16:45:03   -12456.114579       5.0626     0.100000    -0.639743          3
MinModeTranslate:   11  16:45:03   -12456.647657       4.4254     --------    -0.618882          3
MinModeTranslate:   11  16:45:03   -12456.647657       4.4254     0.100000    -0.618882          3
MinModeTranslate:   12  16:45:04   -12457.078234       4.0963     --------    -1.252878          3
MinModeTranslate:   12  16:45:04   -12457.078234       4.0963     0.100000    -1.252878          3
MinModeTranslate:   13  16:45:04   -12457.473010       4.0197     --------    -2.018559          3
MinModeTranslate:   13  16:45:04   -12457.473010       4.0197     0.100000    -2.018559          3
MinModeTranslate:   14  16:45:04   -12457.886435       3.7338     --------    -1.950134          3
MinModeTranslate:   14  16:45:04   -12457.886435       3.7338     0.100000    -1.950134          3
MinModeTranslate:   15  16:45:04   -12458.304182       3.4200     --------    -1.837993          3
MinModeTranslate:   15  16:45:04   -12458.304182       3.4200     0.100000    -1.837993          3
MinModeTranslate:   16  16:45:04   -12458.690047       2.8875     --------    -1.447933          3
MinModeTranslate:   16  16:45:04   -12458.690047       2.8875     0.100000    -1.447933          3
MinModeTranslate:   17  16:45:04   -12459.044301       2.3069     --------    -1.074767          3
MinModeTranslate:   17  16:45:04   -12459.044301       2.3069     0.100000    -1.074767          3
MinModeTranslate:   18  16:45:04   -12459.353879       1.8320     --------    -0.777468          3
MinModeTranslate:   18  16:45:04   -12459.353879       1.8320     0.100000    -0.777468          3
MinModeTranslate:   19  16:45:04   -12459.589428       1.9781     --------    -0.488397          3
MinModeTranslate:   19  16:45:04   -12459.589428       1.9781     0.100000    -0.488397          3
MinModeTranslate:   20  16:45:04   -12459.812058       1.1049     --------    -0.091964          3
MinModeTranslate:   20  16:45:04   -12459.812058       1.1049     0.100000    -0.091964          3
MinModeTranslate:   21  16:45:05   -12459.972695       0.2984     --------     0.104489          3
MinModeTranslate:   21  16:45:05   -12459.972695       0.2984     0.100000     0.104489          3
MinModeTranslate:   22  16:45:05   -12459.935949       0.2925     --------     0.238664          3
MinModeTranslate:   22  16:45:05   -12459.935949       0.2925     0.100000     0.238664          3
MinModeTranslate:   23  16:45:05   -12459.898128       0.2768     --------     0.455111          3
MinModeTranslate:   23  16:45:05   -12459.898128       0.2768     0.100000     0.455111          3
MinModeTranslate:   24  16:45:05   -12459.859675       0.2785     --------     0.640163          3
MinModeTranslate:   24  16:45:05   -12459.859675       0.2785     0.100000     0.640163          3
MinModeTranslate:   25  16:45:05   -12459.817792       0.2500     --------     0.712242          3
MinModeTranslate:   25  16:45:05   -12459.817792       0.2500     0.100000     0.712242          3
MinModeTranslate:   26  16:45:05   -12459.777973       0.2478     --------     0.688978          3
MinModeTranslate:   26  16:45:05   -12459.777973       0.2478     0.100000     0.688978          3
MinModeTranslate:   27  16:45:05   -12459.736218       0.2092     --------     0.631103          3
MinModeTranslate:   27  16:45:05   -12459.736218       0.2092     0.100000     0.631103          3
MinModeTranslate:   28  16:45:05   -12459.699358       0.2040     --------     0.574539          3
MinModeTranslate:   28  16:45:05   -12459.699358       0.2040     0.100000     0.574539          3
MinModeTranslate:   29  16:45:05   -12459.661764       0.1643     --------     0.529291          3
MinModeTranslate:   29  16:45:05   -12459.661764       0.1643     0.100000     0.529291          3
MinModeTranslate:   30  16:45:05   -12459.629973       0.1588     --------     0.453345          3
MinModeTranslate:   30  16:45:05   -12459.629973       0.1588     0.100000     0.453345          3
MinModeTranslate:   31  16:45:05   -12459.598246       0.1257     --------     0.367204          3
MinModeTranslate:   31  16:45:05   -12459.598246       0.1257     0.100000     0.367204          3
MinModeTranslate:   32  16:45:06   -12459.572316       0.1221     --------     0.286670          3
MinModeTranslate:   32  16:45:06   -12459.572316       0.1221     0.100000     0.286670          3
MinModeTranslate:   33  16:45:06   -12459.546683       0.0981     --------     0.229489          3
MinModeTranslate:   33  16:45:06   -12459.546683       0.0981     0.100000     0.229489          3
MinModeTranslate:   34  16:45:06   -12459.526131       0.0984     --------     0.180663          3
MinModeTranslate:   34  16:45:06   -12459.526131       0.0984     0.100000     0.180663          3
MinModeTranslate:   35  16:45:06   -12459.505982       0.0762     --------     0.145043          3
MinModeTranslate:   35  16:45:06   -12459.505982       0.0762     0.100000     0.145043          3
MinModeTranslate:   36  16:45:06   -12459.490478       0.0762     --------     0.111746          3
MinModeTranslate:   36  16:45:06   -12459.490478       0.0762     0.100000     0.111746          3
MinModeTranslate:   37  16:45:06   -12459.475250       0.0548     --------     0.088364          3
MinModeTranslate:   37  16:45:06   -12459.475250       0.0548     0.100000     0.088364          3
MinModeTranslate:   38  16:45:06   -12459.464310       0.0550     --------     0.070088          3
MinModeTranslate:   38  16:45:06   -12459.464310       0.0550     0.100000     0.070088          3
MinModeTranslate:   39  16:45:06   -12459.453467       0.0346     --------     0.063205          3
MinModeTranslate:   39  16:45:06   -12459.453467       0.0346     0.100000     0.063205          3
MinModeTranslate:   40  16:45:06   -12459.446524       0.0345     --------     0.063539          3
MinModeTranslate:   40  16:45:06   -12459.446524       0.0345     0.100000     0.063539          3
MinModeTranslate:   41  16:45:06   -12459.439613       0.0149     --------     0.073709          3
MinModeTranslate:   41  16:45:06   -12459.439613       0.0149     0.100000     0.073709          3
MinModeTranslate:   42  16:45:06   -12459.436328       0.0145     --------     0.086259          3
MinModeTranslate:   42  16:45:06   -12459.436328       0.0145     0.100000     0.086259          3
MinModeTranslate:   43  16:45:07   -12459.433071       0.0030     --------     0.102407          3
MinModeTranslate:   43  16:45:07   -12459.433071       0.0030     0.100000     0.102407          3
MinModeTranslate:   44  16:45:07   -12459.400308       0.0044     --------     0.251618          3
MinModeTranslate:   44  16:45:07   -12459.400308       0.0044     0.100000     0.251618          3
MinModeTranslate:   45  16:45:07   -12459.382514       0.0116     --------     0.311681          3
MinModeTranslate:   45  16:45:07   -12459.382514       0.0116     0.100000     0.311681          3
MinModeTranslate:   46  16:45:07   -12459.351437       0.0025     --------     0.396012          3
MinModeTranslate:   46  16:45:07   -12459.351437       0.0025     0.100000     0.396012          3
MinModeTranslate:   47  16:45:07   -12459.314857       0.0098     --------     0.475437          3
MinModeTranslate:   47  16:45:07   -12459.314857       0.0098     0.100000     0.475437          3
MinModeTranslate:   48  16:45:07   -12459.263772       0.0155     --------     0.563889          3
MinModeTranslate:   48  16:45:07   -12459.263772       0.0155     0.100000     0.563889          3
MinModeTranslate:   49  16:45:07   -12459.197046       0.0066     --------     0.664097          3
MinModeTranslate:   49  16:45:07   -12459.197046       0.0066     0.100000     0.664097          3
MinModeTranslate:   50  16:45:07   -12459.192326       0.0355     --------     0.682605          3
MinModeTranslate:   50  16:45:07   -12459.192326       0.0355     0.100000     0.682605          3
MinModeTranslate:   51  16:45:07   -12459.180547       0.0244     --------     0.729514          3
MinModeTranslate:   51  16:45:07   -12459.180547       0.0244     0.100000     0.729514          3
MinModeTranslate:   52  16:45:07   -12459.171871       0.0519     --------     0.767422          3
MinModeTranslate:   52  16:45:07   -12459.171871       0.0519     0.100000     0.767422          3
MinModeTranslate:   53  16:45:07   -12459.156175       0.0377     --------     0.801975          3
MinModeTranslate:   53  16:45:07   -12459.156175       0.0377     0.100000     0.801975          3
MinModeTranslate:   54  16:45:08   -12459.144450       0.0665     --------     0.815453          3
MinModeTranslate:   54  16:45:08   -12459.144450       0.0665     0.100000     0.815453          3
MinModeTranslate:   55  16:45:08   -12459.125628       0.0507     --------     0.830966          3
MinModeTranslate:   55  16:45:08   -12459.125628       0.0507     0.100000     0.830966          3
MinModeTranslate:   56  16:45:08   -12459.111159       0.0817     --------     0.838262          3
MinModeTranslate:   56  16:45:08   -12459.111159       0.0817     0.100000     0.838262          3
MinModeTranslate:   57  16:45:08   -12459.089402       0.0676     --------     0.849422          3
MinModeTranslate:   57  16:45:08   -12459.089402       0.0676     0.100000     0.849422          3
MinModeTranslate:   58  16:45:08   -12459.071516       0.1012     --------     0.837431          3
MinModeTranslate:   58  16:45:08   -12459.071516       0.1012     0.100000     0.837431          3
MinModeTranslate:   59  16:45:08   -12459.046203       0.0878     --------     0.809687          3
MinModeTranslate:   59  16:45:08   -12459.046203       0.0878     0.100000     0.809687          3
MinModeTranslate:   60  16:45:08   -12459.024600       0.1199     --------     0.754662          3
MinModeTranslate:   60  16:45:08   -12459.024600       0.1199     0.100000     0.754662          3
MinModeTranslate:   61  16:45:08   -12458.996252       0.1050     --------     0.693410          3
MinModeTranslate:   61  16:45:08   -12458.996252       0.1050     0.100000     0.693410          3
MinModeTranslate:   62  16:45:08   -12458.971710       0.1314     --------     0.617480          3
MinModeTranslate:   62  16:45:08   -12458.971710       0.1314     0.100000     0.617480          3
MinModeTranslate:   63  16:45:08   -12458.941613       0.1142     --------     0.550957          3
MinModeTranslate:   63  16:45:08   -12458.941613       0.1142     0.100000     0.550957          3
MinModeTranslate:   64  16:45:08   -12458.915482       0.1324     --------     0.482314          3
MinModeTranslate:   64  16:45:08   -12458.915482       0.1324     0.100000     0.482314          3
MinModeTranslate:   65  16:45:09   -12458.885303       0.1124     --------     0.428138          3
MinModeTranslate:   65  16:45:09   -12458.885303       0.1124     0.100000     0.428138          3
MinModeTranslate:   66  16:45:09   -12458.859525       0.1226     --------     0.375837          3
MinModeTranslate:   66  16:45:09   -12458.859525       0.1226     0.100000     0.375837          3
MinModeTranslate:   67  16:45:09   -12458.831275       0.1020     --------     0.336659          3
MinModeTranslate:   67  16:45:09   -12458.831275       0.1020     0.100000     0.336659          3
MinModeTranslate:   68  16:45:09   -12458.807559       0.1064     --------     0.299776          3
MinModeTranslate:   68  16:45:09   -12458.807559       0.1064     0.100000     0.299776          3
MinModeTranslate:   69  16:45:09   -12458.782658       0.0859     --------     0.272163          3
MinModeTranslate:   69  16:45:09   -12458.782658       0.0859     0.100000     0.272163          3
MinModeTranslate:   70  16:45:09   -12458.762342       0.0872     --------     0.247401          3
MinModeTranslate:   70  16:45:09   -12458.762342       0.0872     0.100000     0.247401          3
MinModeTranslate:   71  16:45:09   -12458.741625       0.0665     --------     0.229157          3
MinModeTranslate:   71  16:45:09   -12458.741625       0.0665     0.100000     0.229157          3
MinModeTranslate:   72  16:45:09   -12458.725565       0.0665     --------     0.212993          3
MinModeTranslate:   72  16:45:09   -12458.725565       0.0665     0.100000     0.212993          3
MinModeTranslate:   73  16:45:09   -12458.709487       0.0457     --------     0.199610          3
MinModeTranslate:   73  16:45:09   -12458.709487       0.0457     0.100000     0.199610          3
MinModeTranslate:   74  16:45:09   -12458.698112       0.0454     --------     0.185150          3
MinModeTranslate:   74  16:45:09   -12458.698112       0.0454     0.100000     0.185150          3
MinModeTranslate:   75  16:45:10   -12458.686847       0.0251     --------     0.172535          3
MinModeTranslate:   75  16:45:10   -12458.686847       0.0251     0.100000     0.172535          3
MinModeTranslate:   76  16:45:10   -12458.680249       0.0249     --------     0.160579          3
MinModeTranslate:   76  16:45:10   -12458.680249       0.0249     0.100000     0.160579          3
MinModeTranslate:   77  16:45:10   -12458.673696       0.0056     --------     0.153410          3
MinModeTranslate:   77  16:45:10   -12458.673696       0.0056     0.100000     0.153410          3
MinModeTranslate:   78  16:45:10   -12458.671626       0.0079     --------     0.148009          3
MinModeTranslate:   78  16:45:10   -12458.671626       0.0079     0.100000     0.148009          3
MinModeTranslate:   79  16:45:10   -12458.668695       0.0100     --------     0.148034          3
MinModeTranslate:   79  16:45:10   -12458.668695       0.0100     0.100000     0.148034          3
MinModeTranslate:   80  16:45:10   -12458.661145       0.0032     --------     0.153270          3
MinModeTranslate:   80  16:45:10   -12458.661145       0.0032     0.100000     0.153270          3
MinModeTranslate:   81  16:45:10   -12458.659641       0.0217     --------     0.134521          3
MinModeTranslate:   81  16:45:10   -12458.659641       0.0217     0.100000     0.134521          3
MinModeTranslate:   82  16:45:10   -12458.656229       0.0203     --------     0.133468          3
MinModeTranslate:   82  16:45:10   -12458.656229       0.0203     0.100000     0.133468          3
MinModeTranslate:   83  16:45:10   -12458.650713       0.0317     --------     0.141214          3
MinModeTranslate:   83  16:45:10   -12458.650713       0.0317     0.100000     0.141214          3
MinModeTranslate:   84  16:45:10   -12458.642865       0.0272     --------     0.155657          3
MinModeTranslate:   84  16:45:10   -12458.642865       0.0272     0.100000     0.155657          3
MinModeTranslate:   85  16:45:10   -12458.635530       0.0356     --------     0.171313          3
MinModeTranslate:   85  16:45:10   -12458.635530       0.0356     0.100000     0.171313          3
MinModeTranslate:   86  16:45:11   -12458.626163       0.0282     --------     0.187628          3
MinModeTranslate:   86  16:45:11   -12458.626163       0.0282     0.100000     0.187628          3
MinModeTranslate:   87  16:45:11   -12458.618435       0.0338     --------     0.201188          3
MinModeTranslate:   87  16:45:11   -12458.618435       0.0338     0.100000     0.201188          3
MinModeTranslate:   88  16:45:11   -12458.609169       0.0235     --------     0.212202          3
MinModeTranslate:   88  16:45:11   -12458.609169       0.0235     0.100000     0.212202          3
MinModeTranslate:   89  16:45:11   -12458.602427       0.0275     --------     0.220372          3
MinModeTranslate:   89  16:45:11   -12458.602427       0.0275     0.100000     0.220372          3
MinModeTranslate:   90  16:45:11   -12458.594499       0.0153     --------     0.227724          3
MinModeTranslate:   90  16:45:11   -12458.594499       0.0153     0.100000     0.227724          3
MinModeTranslate:   91  16:45:11   -12458.589628       0.0193     --------     0.234017          3
MinModeTranslate:   91  16:45:11   -12458.589628       0.0193     0.100000     0.234017          3
MinModeTranslate:   92  16:45:11   -12458.583453       0.0070     --------     0.240557          3
MinModeTranslate:   92  16:45:11   -12458.583453       0.0070     0.100000     0.240557          3
MinModeTranslate:   93  16:45:11   -12458.580520       0.0121     --------     0.244966          3
MinModeTranslate:   93  16:45:11   -12458.580520       0.0121     0.100000     0.244966          3
MinModeTranslate:   94  16:45:11   -12458.575750       0.0003     --------     0.248227          3
MinModeTranslate:   94  16:45:11   -12458.575750       0.0003     0.100000     0.248227          3
MinModeTranslate:   95  16:45:11   -12458.574423       0.0058     --------     0.247431          3
MinModeTranslate:   95  16:45:11   -12458.574423       0.0058     0.100000     0.247431          3
MinModeTranslate:   96  16:45:11   -12458.570553       0.0054     --------     0.245866          3
MinModeTranslate:   96  16:45:11   -12458.570553       0.0054     0.100000     0.245866          3
MinModeTranslate:   97  16:45:12   -12458.563771       0.0000     --------     0.243385          3
MinModeTranslate:   97  16:45:12   -12458.563771       0.0000     0.100000     0.243385          3
MinModeTranslate:   98  16:45:12   -12458.554207       0.0113     --------     0.240348          3
MinModeTranslate:   98  16:45:12   -12458.554207       0.0113     0.100000     0.240348          3
MinModeTranslate:   99  16:45:12   -12458.541469       0.0061     --------     0.237437          3
MinModeTranslate:   99  16:45:12   -12458.541469       0.0061     0.100000     0.237437          3
MinModeTranslate:  100  16:45:12   -12458.538730       0.0214     --------     0.236256          3
MinModeTranslate:  100  16:45:12   -12458.538730       0.0214     0.100000     0.236256          3
MinModeTranslate:  101  16:45:12   -12458.533131       0.0204     --------     0.241090          3
MinModeTranslate:  101  16:45:12   -12458.533131       0.0204     0.100000     0.241090          3
MinModeTranslate:  102  16:45:12   -12458.526692       0.0272     --------     0.245546          3
MinModeTranslate:  102  16:45:12   -12458.526692       0.0272     0.100000     0.245546          3
MinModeTranslate:  103  16:45:12   -12458.518288       0.0219     --------     0.249162          3
MinModeTranslate:  103  16:45:12   -12458.518288       0.0219     0.100000     0.249162          3
MinModeTranslate:  104  16:45:12   -12458.511417       0.0253     --------     0.250401          3
MinModeTranslate:  104  16:45:12   -12458.511417       0.0253     0.100000     0.250401          3
MinModeTranslate:  105  16:45:12   -12458.503453       0.0182     --------     0.251528          3
MinModeTranslate:  105  16:45:12   -12458.503453       0.0182     0.100000     0.251528          3
MinModeTranslate:  106  16:45:12   -12458.497524       0.0205     --------     0.251718          3
MinModeTranslate:  106  16:45:12   -12458.497524       0.0205     0.100000     0.251718          3
MinModeTranslate:  107  16:45:12   -12458.490775       0.0130     --------     0.253197          3
MinModeTranslate:  107  16:45:12   -12458.490775       0.0130     0.100000     0.253197          3
MinModeTranslate:  108  16:45:12   -12458.486188       0.0157     --------     0.253540          3
MinModeTranslate:  108  16:45:12   -12458.486188       0.0157     0.100000     0.253540          3
MinModeTranslate:  109  16:45:13   -12458.480586       0.0078     --------     0.253465          3
MinModeTranslate:  109  16:45:13   -12458.480586       0.0078     0.100000     0.253465          3
MinModeTranslate:  110  16:45:13   -12458.477319       0.0107     --------     0.249148          3
MinModeTranslate:  110  16:45:13   -12458.477319       0.0107     0.100000     0.249148          3
MinModeTranslate:  111  16:45:13   -12458.472833       0.0026     --------     0.242653          3
MinModeTranslate:  111  16:45:13   -12458.472833       0.0026     0.100000     0.242653          3
MinModeTranslate:  112  16:45:13   -12458.470976       0.0053     --------     0.230631          3
MinModeTranslate:  112  16:45:13   -12458.470976       0.0053     0.100000     0.230631          3
MinModeTranslate:  113  16:45:13   -12458.467567       0.0029     --------     0.216269          3
MinModeTranslate:  113  16:45:13   -12458.467567       0.0029     0.100000     0.216269          3
MinModeTranslate:  114  16:45:13   -12458.459398       0.0000     --------     0.201005          3
MinModeTranslate:  114  16:45:13   -12458.459398       0.0000     0.100000     0.201005          3
MinModeTranslate:  115  16:45:13   -12458.458369       0.0138     --------     0.212320          3
MinModeTranslate:  115  16:45:13   -12458.458369       0.0138     0.100000     0.212320          3
MinModeTranslate:  116  16:45:13   -12458.455147       0.0138     --------     0.225011          3
MinModeTranslate:  116  16:45:13   -12458.455147       0.0138     0.100000     0.225011          3
MinModeTranslate:  117  16:45:13   -12458.450474       0.0212     --------     0.234789          3
MinModeTranslate:  117  16:45:13   -12458.450474       0.0212     0.100000     0.234789          3
MinModeTranslate:  118  16:45:13   -12458.443706       0.0165     --------     0.241420          3
MinModeTranslate:  118  16:45:13   -12458.443706       0.0165     0.100000     0.241420          3
MinModeTranslate:  119  16:45:13   -12458.438269       0.0220     --------     0.244839          3
MinModeTranslate:  119  16:45:14   -12458.438269       0.0220     0.100000     0.244839          3
MinModeTranslate:  120  16:45:14   -12458.431111       0.0145     --------     0.245898          3
MinModeTranslate:  120  16:45:14   -12458.431111       0.0145     0.100000     0.245898          3
MinModeTranslate:  121  16:45:14   -12458.426149       0.0194     --------     0.245022          3
MinModeTranslate:  121  16:45:14   -12458.426149       0.0194     0.100000     0.245022          3
MinModeTranslate:  122  16:45:14   -12458.419571       0.0106     --------     0.242704          3
MinModeTranslate:  122  16:45:14   -12458.419571       0.0106     0.100000     0.242704          3
MinModeTranslate:  123  16:45:14   -12458.415582       0.0151     --------     0.239505          3
MinModeTranslate:  123  16:45:14   -12458.415582       0.0151     0.100000     0.239505          3
MinModeTranslate:  124  16:45:14   -12458.410036       0.0057     --------     0.235887          3
MinModeTranslate:  124  16:45:14   -12458.410036       0.0057     0.100000     0.235887          3
MinModeTranslate:  125  16:45:14   -12458.407347       0.0096     --------     0.231117          3
MinModeTranslate:  125  16:45:14   -12458.407347       0.0096     0.100000     0.231117          3
MinModeTranslate:  126  16:45:14   -12458.403083       0.0002     --------     0.226256          3
MinModeTranslate:  126  16:45:14   -12458.403083       0.0002     0.100000     0.226256          3
MinModeTranslate:  127  16:45:14   -12458.388615       0.0032     --------     0.224985          3
MinModeTranslate:  127  16:45:14   -12458.388615       0.0032     0.100000     0.224985          3
MinModeTranslate:  128  16:45:14   -12458.372334       0.0069     --------     0.222964          3
MinModeTranslate:  128  16:45:14   -12458.372334       0.0069     0.100000     0.222964          3
MinModeTranslate:  129  16:45:14   -12458.352544       0.0038     --------     0.221018          3
MinModeTranslate:  129  16:45:14   -12458.352544       0.0038     0.100000     0.221018          3
MinModeTranslate:  130  16:45:15   -12458.350401       0.0175     --------     0.220254          3
MinModeTranslate:  130  16:45:15   -12458.350401       0.0175     0.100000     0.220254          3
MinModeTranslate:  131  16:45:15   -12458.345673       0.0168     --------     0.222537          3
MinModeTranslate:  131  16:45:15   -12458.345673       0.0168     0.100000     0.222537          3
MinModeTranslate:  132  16:45:15   -12458.339879       0.0223     --------     0.225199          3
MinModeTranslate:  132  16:45:15   -12458.339879       0.0223     0.100000     0.225199          3
MinModeTranslate:  133  16:45:15   -12458.332362       0.0176     --------     0.227874          3
MinModeTranslate:  133  16:45:15   -12458.332362       0.0176     0.100000     0.227874          3
MinModeTranslate:  134  16:45:15   -12458.326292       0.0203     --------     0.230086          3
MinModeTranslate:  134  16:45:15   -12458.326292       0.0203     0.100000     0.230086          3
MinModeTranslate:  135  16:45:15   -12458.319254       0.0143     --------     0.233424          3
MinModeTranslate:  135  16:45:15   -12458.319254       0.0143     0.100000     0.233424          3
MinModeTranslate:  136  16:45:15   -12458.314071       0.0162     --------     0.235588          3
MinModeTranslate:  136  16:45:15   -12458.314071       0.0162     0.100000     0.235588          3
MinModeTranslate:  137  16:45:15   -12458.308141       0.0097     --------     0.238251          3
MinModeTranslate:  137  16:45:15   -12458.308141       0.0097     0.100000     0.238251          3
MinModeTranslate:  138  16:45:15   -12458.304226       0.0119     --------     0.238260          3
MinModeTranslate:  138  16:45:15   -12458.304226       0.0119     0.100000     0.238260          3
MinModeTranslate:  139  16:45:15   -12458.299345       0.0054     --------     0.236869          3
MinModeTranslate:  139  16:45:15   -12458.299345       0.0054     0.100000     0.236869          3
MinModeTranslate:  140  16:45:15   -12458.296640       0.0079     --------     0.231518          3
MinModeTranslate:  140  16:45:15   -12458.296640       0.0079     0.100000     0.231518          3
MinModeTranslate:  141  16:45:16   -12458.292731       0.0019     --------     0.225235          3
MinModeTranslate:  141  16:45:16   -12458.292731       0.0019     0.100000     0.225235          3
MinModeTranslate:  142  16:45:16   -12458.291074       0.0047     --------     0.215483          3
MinModeTranslate:  142  16:45:16   -12458.291074       0.0047     0.100000     0.215483          3
MinModeTranslate:  143  16:45:16   -12458.287789       0.0008     --------     0.205757          3
MinModeTranslate:  143  16:45:16   -12458.287789       0.0008     0.100000     0.205757          3
MinModeTranslate:  144  16:45:16   -12458.279843       0.0030     --------     0.196226          3
MinModeTranslate:  144  16:45:16   -12458.279843       0.0030     0.100000     0.196226          3
MinModeTranslate:  145  16:45:16   -12458.270415       0.0015     --------     0.187722          3
MinModeTranslate:  145  16:45:16   -12458.270415       0.0015     0.100000     0.187722          3
MinModeTranslate:  146  16:45:16   -12458.257892       0.0031     --------     0.180453          3
MinModeTranslate:  146  16:45:16   -12458.257892       0.0031     0.100000     0.180453          3
MinModeTranslate:  147  16:45:16   -12458.243239       0.0008     --------     0.176058          3
MinModeTranslate:  147  16:45:16   -12458.243239       0.0008     0.100000     0.176058          3
MinModeTranslate:  148  16:45:16   -12458.225762       0.0045     --------     0.173496          3
MinModeTranslate:  148  16:45:16   -12458.225762       0.0045     0.100000     0.173496          3
MinModeTranslate:  149  16:45:16   -12458.205618       0.0010     --------     0.174328          3
MinModeTranslate:  149  16:45:16   -12458.205618       0.0010     0.100000     0.174328          3
MinModeTranslate:  150  16:45:16   -12458.204448       0.0057     --------     0.169560          3
MinModeTranslate:  150  16:45:16   -12458.204448       0.0057     0.100000     0.169560          3
MinModeTranslate:  151  16:45:17   -12458.201588       0.0018     --------     0.167572          3
MinModeTranslate:  151  16:45:17   -12458.201588       0.0018     0.100000     0.167572          3
MinModeTranslate:  152  16:45:17   -12458.200222       0.0058     --------     0.164481          3
MinModeTranslate:  152  16:45:17   -12458.200222       0.0058     0.100000     0.164481          3
MinModeTranslate:  153  16:45:17   -12458.197309       0.0018     --------     0.162731          3
MinModeTranslate:  153  16:45:17   -12458.197309       0.0018     0.100000     0.162731          3
MinModeTranslate:  154  16:45:17   -12458.195950       0.0055     --------     0.158803          3
MinModeTranslate:  154  16:45:17   -12458.195950       0.0055     0.100000     0.158803          3
MinModeTranslate:  155  16:45:17   -12458.193146       0.0015     --------     0.155615          3
MinModeTranslate:  155  16:45:17   -12458.193146       0.0015     0.100000     0.155615          3
MinModeTranslate:  156  16:45:17   -12458.191929       0.0053     --------     0.149680          3
MinModeTranslate:  156  16:45:17   -12458.191929       0.0053     0.100000     0.149680          3
MinModeTranslate:  157  16:45:17   -12458.189301       0.0010     --------     0.144688          3
MinModeTranslate:  157  16:45:17   -12458.189301       0.0010     0.100000     0.144688          3
MinModeTranslate:  158  16:45:17   -12458.188281       0.0051     --------     0.136564          3
MinModeTranslate:  158  16:45:17   -12458.188281       0.0051     0.100000     0.136564          3
MinModeTranslate:  159  16:45:17   -12458.185911       0.0007     --------     0.129895          3
MinModeTranslate:  159  16:45:17   -12458.185911       0.0007     0.100000     0.129895          3
MinModeTranslate:  160  16:45:17   -12458.185055       0.0052     --------     0.119774          3
