MINMODE:METHOD: Dimer
DIM:CONTROL: Search Parameters:
DIM:CONTROL: ------------------
DIM:CONTROL: eigenmode_method = dimer
DIM:CONTROL: f_rot_min = 0.01
DIM:CONTROL: f_rot_max = 0.1
DIM:CONTROL: max_num_rot = 3
DIM:CONTROL: trial_angle = 0.7853981633974483
DIM:CONTROL: trial_trans_step = 0.001
DIM:CONTROL: maximum_translation = 0.1
DIM:CONTROL: cg_translation = True
DIM:CONTROL: use_central_forces = True
DIM:CONTROL: dimer_separation = 0.005
DIM:CONTROL: initial_eigenmode_method = gauss
DIM:CONTROL: extrapolate_forces = True
DIM:CONTROL: displacement_method = gauss
DIM:CONTROL: gauss_std = 0.1
DIM:CONTROL: order = 1
DIM:CONTROL: mask = None
DIM:CONTROL: displacement_center = None
DIM:CONTROL: displacement_radius = None
DIM:CONTROL: number_of_displacement_atoms = None
DIM:CONTROL: ------------------
DIM:ROT: OPT-STEP ROT-STEP CURVATURE ROT-ANGLE ROT-FORCE
DIM:ROT:       0         1    4.1093   24.0908   15.6490
DIM:ROT:       0         2    2.7131    8.5273    8.7878
DIM:ROT:       0         3    2.0954    6.0368    5.7712
DIM:ROT:       1         1    1.8544    3.8804    5.7341
DIM:ROT:       1         2    1.6197    3.2137    4.1853
DIM:ROT:       1         3    1.4273    2.6906    4.0275
DIM:ROT:       2         1    1.9640    3.0420    3.8802
DIM:ROT:       2         2    1.7980    2.5318    3.7185
DIM:ROT:       2         3    1.6621    2.5149    3.1568
DIM:ROT:       3         1    2.2129    2.9980    3.4566
DIM:ROT:       3         2    2.0559    2.3849    3.7865
DIM:ROT:       3         3    1.9042    2.7317    3.1268
DIM:ROT:       4         1    1.3547    1.9537    3.4465
DIM:ROT:       4         2    1.2447    2.5453    2.4638
DIM:ROT:       4         3    1.1453    1.8249    3.1871
DIM:ROT:       5         1    0.6843    2.2055    2.3101
DIM:ROT:       5         2    0.6066    1.6264    2.7369
DIM:ROT:       5         3    0.5297    2.0323    2.1313
DIM:ROT:       6         1    2.0307    2.9663    3.3677
DIM:ROT:       6         2    1.8664    2.4871    3.7185
DIM:ROT:       6         3    1.7128    2.7732    3.2161
DIM:ROT:       7         1    2.5194    5.1383    5.0020
DIM:ROT:       7         2    2.1428    3.5399    6.0372
DIM:ROT:       7         3    1.7876    4.3958    4.5702
DIM:ROT:       8         1    0.6334    4.3152    6.6373
DIM:ROT:       8         2    0.2840    3.8539    5.0804
DIM:ROT:       8         3    0.0170    3.2167    4.8532
DIM:ROT:       9         1   -0.9366    5.4343    5.8764
DIM:ROT:       9         2   -1.2160    2.9212    5.2439
DIM:ROT:       9         3   -1.3991    2.9475    3.5210
DIM:ROT:      10         1   -1.2651    4.5022    5.7443
DIM:ROT:      10         2   -1.4842    2.5681    4.6607
DIM:ROT:      10         3   -1.6022    2.3250    2.9588
DIM:ROT:      11         1    0.2455    8.7707    8.5363
DIM:ROT:      11         2   -0.0533    3.2955    4.5669
DIM:ROT:      11         3   -0.2354    2.7008    3.9068
DIM:ROT:      12         1    0.6369    4.7574    8.2975
DIM:ROT:      12         2    0.3550    4.2935    3.5271
DIM:ROT:      12         3    0.1783    2.3634    4.2927
DIM:ROT:      13         1    1.7185    5.8964    6.6106
DIM:ROT:      13         2    1.4609    3.6843    3.6823
DIM:ROT:      13         3    1.2910    2.3739    4.1107
DIM:ROT:      14         1    2.7053    6.5394    6.9032
DIM:ROT:      14         2    2.3806    3.7372    4.7094
DIM:ROT:      14         3    2.1483    2.9723    4.5209
DIM:ROT:      15         1    2.7969    6.6718    6.8226
DIM:ROT:      15         2    2.4245    3.6068    5.7684
DIM:ROT:      15         3    2.1214    3.6824    4.6473
DIM:ROT:      16         1    2.0917    5.3347    6.7357
DIM:ROT:      16         2    1.7493    3.5040    5.5142
DIM:ROT:      16         3    1.4883    3.4859    4.3713
DIM:ROT:      17         1    1.1302    4.1868    5.7301
DIM:ROT:      17         2    0.9221    2.7026    4.4050
DIM:ROT:      17         3    0.7509    2.7264    3.5198
DIM:ROT:      18         1    0.4805    3.3025    4.6963
DIM:ROT:      18         2    0.3479    2.1801    3.4365
DIM:ROT:      18         3    0.2515    2.0727    2.7194
DIM:ROT:      19         1    0.1732    2.9858    3.7431
DIM:ROT:      19         2    0.0881    1.6800    2.8855
DIM:ROT:      19         3    0.0189    1.7902    2.1649
DIM:ROT:      20         1    0.2458    2.6961    3.5813
DIM:ROT:      20         2    0.1641    1.6377    2.8361
DIM:ROT:      20         3    0.1039    1.6864    2.0855
DIM:ROT:      21         1    0.7538    3.7527    3.5021
DIM:ROT:      21         2    0.6243    1.8426    4.0535
DIM:ROT:      21         3    0.5189    2.5582    2.3055
DIM:ROT:      22         1    0.6026    1.4440    3.3515
DIM:ROT:      22         2    0.5330    2.1439    1.8359
DIM:ROT:      22         3    0.4766    1.2090    2.7373
DIM:ROT:      23         1    0.5286    2.3241    1.7107
DIM:ROT:      23         2    0.4737    1.1666    2.7159
DIM:ROT:      23         3    0.4215    1.9445    1.5112
DIM:ROT:      24         1    0.5341    1.3113    2.7453
DIM:ROT:      24         2    0.4777    1.7382    1.8416
DIM:ROT:      24         3    0.4285    1.1859    2.4337
DIM:ROT:      25         1    0.5265    2.8165    2.0314
DIM:ROT:      25         2    0.4457    1.3976    3.3363
DIM:ROT:      25         3    0.3658    2.5080    1.7913
DIM:ROT:      26         1    0.4464    1.5559    3.4515
DIM:ROT:      26         2    0.3609    2.2579    2.1481
DIM:ROT:      26         3    0.2854    1.4260    3.1017
DIM:ROT:      27         1    0.2839    3.3563    2.2942
DIM:ROT:      27         2    0.1739    1.6263    3.9090
DIM:ROT:      27         3    0.0642    2.9329    2.1001
DIM:ROT:      28         1    0.0139    1.7783    4.1388
DIM:ROT:      28         2   -0.0940    2.5635    2.3886
DIM:ROT:      28         3   -0.1883    1.5695    3.5158
DIM:ROT:      29         1   -0.2359    3.0361    2.4661
DIM:ROT:      29         2   -0.3328    1.5604    3.6080
DIM:ROT:      29         3   -0.4234    2.3422    2.1629
DIM:ROT:      30         1   -0.2834    1.2445    2.1588
DIM:ROT:      30         2   -0.3172    1.7372    1.1001
DIM:ROT:      30         3   -0.3419    0.9300    1.5574
DIM:ROT:      31         1   -0.4115    1.9254    1.0947
DIM:ROT:      31         2   -0.4350    0.7018    1.9057
DIM:ROT:      31         3   -0.4523    1.1709    0.8261
DIM:ROT:      32         1   -0.5602    1.0519    1.7885
DIM:ROT:      32         2   -0.5881    1.0981    1.4752
DIM:ROT:      32         3   -0.6148    0.9514    1.6041
DIM:ROT:      33         1   -0.3734    0.4486    0.9267
DIM:ROT:      33         2   -0.3767    0.4846    0.4024
DIM:ROT:      33         3   -0.3790    0.2589    0.4895
DIM:ROT:      34         1   -0.1821    0.5192    0.6126
DIM:ROT:      34         2   -0.1861    0.3236    0.6807
DIM:ROT:      34         3   -0.1890    0.3811    0.4480
DIM:ROT:      35         1   -0.0418    0.6398    0.7017
DIM:ROT:      35         2   -0.0469    0.3925    0.7478
DIM:ROT:      35         3   -0.0513    0.4750    0.5219
DIM:ROT:      36         1   -0.1454    0.2871    0.5334
DIM:ROT:      36         2   -0.1472    0.3487    0.2975
DIM:ROT:      36         3   -0.1487    0.2177    0.3878
DIM:ROT:      37         1   -0.2022    0.5225    0.4373
DIM:ROT:      37         2   -0.2055    0.3624    0.4761
DIM:ROT:      37         3   -0.2074    0.3158    0.3780
DIM:ROT:      38         1   -0.1420    0.5627    0.7900
DIM:ROT:      38         2   -0.1450    0.3849    0.4787
DIM:ROT:      38         3   -0.1477    0.3127    0.4768
DIM:ROT:      39         1   -0.0875    0.6355    0.8681
DIM:ROT:      39         2   -0.0910    0.4957    0.4346
DIM:ROT:      39         3   -0.0941    0.3275    0.5206
DIM:ROT:      40         1   -0.0791    0.2519    0.4015
DIM:ROT:      40         2   -0.0807    0.2709    0.3377
DIM:ROT:      40         3   -0.0821    0.2319    0.3632
DIM:ROT:      41         1   -0.0618    0.3420    0.3546
DIM:ROT:      41         2   -0.0634    0.2504    0.3949
DIM:ROT:      41         3   -0.0651    0.2939    0.3226
DIM:ROT:      42         1   -0.0284    0.5347    0.6594
DIM:ROT:      42         2   -0.0324    0.4265    0.5788
DIM:ROT:      42         3   -0.0363    0.4094    0.5504
DIM:ROT:      43         1   -0.0436    1.0219    1.4541
DIM:ROT:      43         2   -0.0490    0.6120    0.5727
DIM:ROT:      43         3   -0.0534    0.3908    0.6302
DIM:ROT:      44         1    0.0341    1.3711    1.9275
DIM:ROT:      44         2    0.0256    0.7398    0.7225
DIM:ROT:      44         3    0.0201    0.4258    0.7372
DIM:ROT:      45         1    0.0903    1.5500    1.7518
DIM:ROT:      45         2    0.0783    0.8269    0.8699
DIM:ROT:      45         3    0.0719    0.4934    0.7390
DIM:ROT:      46         1    0.1872    1.5207    1.7621
DIM:ROT:      46         2    0.1750    0.7131    1.0121
DIM:ROT:      46         3    0.1681    0.5180    0.7711
DIM:ROT:      47         1    0.3921    1.7904    1.7747
DIM:ROT:      47         2    0.3749    0.8734    1.1215
DIM:ROT:      47         3    0.3649    0.6195    0.9312
DIM:ROT:      48         1    0.5643    1.7584    1.7784
DIM:ROT:      48         2    0.5415    0.8822    1.4531
DIM:ROT:      48         3    0.5257    0.8673    1.0584
DIM:ROT:      49         1    0.6586    1.8583    1.7886
DIM:ROT:      49         2    0.6290    0.9623    1.7369
DIM:ROT:      49         3    0.6048    1.1314    1.2066
DIM:ROT:      50         1    0.6906    1.4737    2.0206
DIM:ROT:      50         2    0.6550    1.1359    1.7733
DIM:ROT:      50         3    0.6268    1.1235    1.4669
DIM:ROT:      51         1    0.6807    1.8272    1.8170
DIM:ROT:      51         2    0.6415    1.0851    2.0682
DIM:ROT:      51         3    0.6069    1.4067    1.3786
DIM:ROT:      52         1    0.6818    1.2714    2.1501
DIM:ROT:      52         2    0.6443    1.2978    1.6394
DIM:ROT:      52         3    0.6145    1.0286    1.6884
DIM:ROT:      53         1    0.6754    1.9212    1.5578
DIM:ROT:      53         2    0.6389    1.0029    2.0864
DIM:ROT:      53         3    0.6071    1.4781    1.2069
DIM:ROT:      54         1    0.6934    1.0771    2.0739
DIM:ROT:      54         2    0.6625    1.3058    1.3481
DIM:ROT:      54         3    0.6376    0.8805    1.6491
DIM:ROT:      55         1    0.6814    2.1292    1.3613
DIM:ROT:      55         2    0.6470    0.9576    2.0582
DIM:ROT:      55         3    0.6192    1.4204    1.0980
DIM:ROT:      56         1    0.6086    0.9768    1.9547
DIM:ROT:      56         2    0.5828    1.2305    1.1901
DIM:ROT:      56         3    0.5616    0.8000    1.5452
DIM:ROT:      57         1    0.4926    1.6566    1.1324
DIM:ROT:      57         2    0.4695    0.7920    1.6694
DIM:ROT:      57         3    0.4503    1.1455    0.9379
DIM:ROT:      58         1    0.3849    0.7693    1.5822
DIM:ROT:      58         2    0.3688    0.9840    0.9259
DIM:ROT:      58         3    0.3559    0.6181    1.2193
DIM:ROT:      59         1    0.3063    1.2815    0.8795
DIM:ROT:      59         2    0.2936    0.5841    1.2446
DIM:ROT:      59         3    0.2832    0.8477    0.6912
DIM:ROT:      60         1    0.2425    0.5857    1.1778
DIM:ROT:      60         2    0.2340    0.6845    0.7080
DIM:ROT:      60         3    0.2274    0.4500    0.8571
DIM:ROT:      61         1    0.1567    0.9172    0.6989
DIM:ROT:      61         2    0.1500    0.4248    0.8969
DIM:ROT:      61         3    0.1445    0.6058    0.5125
DIM:ROT:      62         1    0.0516    0.4707    0.8834
DIM:ROT:      62         2    0.0466    0.4915    0.5841
DIM:ROT:      62         3    0.0427    0.3559    0.6321
DIM:ROT:      63         1   -0.0382    0.8082    0.6120
DIM:ROT:      63         2   -0.0431    0.3641    0.7662
DIM:ROT:      63         3   -0.0469    0.4981    0.4386
DIM:ROT:      64         1   -0.0826    0.4318    0.7587
DIM:ROT:      64         2   -0.0864    0.4101    0.5254
DIM:ROT:      64         3   -0.0892    0.3157    0.5238
DIM:ROT:      65         1   -0.1440    0.8079    0.4778
DIM:ROT:      65         2   -0.1479    0.3698    0.6013
DIM:ROT:      65         3   -0.1509    0.4655    0.3654
DIM:ROT:      66         1   -0.2053    0.2846    0.5903
DIM:ROT:      66         2   -0.2074    0.3690    0.3241
DIM:ROT:      66         3   -0.2091    0.2203    0.4453
DIM:ROT:      67         1   -0.2130    0.3614    0.2886
DIM:ROT:      67         2   -0.2144    0.2043    0.3734
DIM:ROT:      67         3   -0.2155    0.2529    0.2440
DIM:ROT:      68         1   -0.1770    0.1425    0.2928
DIM:ROT:      68         2   -0.1774    0.1791    0.1383
DIM:ROT:      68         3   -0.1777    0.0998    0.1916
DIM:ROT:      69         1   -0.1628    0.1576    0.2102
DIM:ROT:      69         2   -0.1632    0.1152    0.1649
DIM:ROT:      69         3   -0.1635    0.1051    0.1582
DIM:ROT:      70         1   -0.1623    0.2863    0.3723
DIM:ROT:      70         2   -0.1631    0.2124    0.2161
DIM:ROT:      70         3   -0.1637    0.1465    0.2291
DIM:ROT:      71         1   -0.1569    0.3041    0.2208
DIM:ROT:      71         2   -0.1577    0.1679    0.2825
DIM:ROT:      71         3   -0.1584    0.2054    0.1830
DIM:ROT:      72         1   -0.1540    0.1804    0.3110
DIM:ROT:      72         2   -0.1548    0.2036    0.2183
DIM:ROT:      72         3   -0.1555    0.1525    0.2608
DIM:ROT:      73         1   -0.1673    0.2825    0.3292
DIM:ROT:      73         2   -0.1684    0.2503    0.2524
DIM:ROT:      73         3   -0.1693    0.1853    0.2799
DIM:ROT:      74         1   -0.1540    0.2837    0.4325
DIM:ROT:      74         2   -0.1549    0.2372    0.2019
DIM:ROT:      74         3   -0.1555    0.1464    0.2309
DIM:ROT:      75         1   -0.0944    0.3488    0.5420
DIM:ROT:      75         2   -0.0955    0.2679    0.2235
DIM:ROT:      75         3   -0.0962    0.1506    0.2711
DIM:ROT:      76         1   -0.0884    0.2662    0.3439
DIM:ROT:      76         2   -0.0892    0.1926    0.2329
DIM:ROT:      76         3   -0.0898    0.1444    0.2304
DIM:ROT:      77         1   -0.0889    0.3084    0.3135
DIM:ROT:      77         2   -0.0900    0.2342    0.2578
DIM:ROT:      77         3   -0.0908    0.1887    0.2357
DIM:ROT:      78         1   -0.0730    0.2274    0.2866
DIM:ROT:      78         2   -0.0738    0.1817    0.2474
DIM:ROT:      78         3   -0.0744    0.1659    0.2214
DIM:ROT:      79         1   -0.0680    0.2155    0.3239
DIM:ROT:      79         2   -0.0685    0.1662    0.1899
DIM:ROT:      79         3   -0.0690    0.1320    0.2084
DIM:ROT:      80         1   -0.0930    0.2059    0.3160
DIM:ROT:      80         2   -0.0936    0.1845    0.1629
DIM:ROT:      80         3   -0.0940    0.1203    0.2031
DIM:ROT:      81         1   -0.1171    0.2327    0.3030
DIM:ROT:      81         2   -0.1179    0.2052    0.1968
DIM:ROT:      81         3   -0.1184    0.1395    0.2212
DIM:ROT:      82         1   -0.1218    0.2021    0.2649
DIM:ROT:      82         2   -0.1225    0.1789    0.2126
DIM:ROT:      82         3   -0.1231    0.1505    0.2177
DIM:ROT:      83         1   -0.0685    0.2128    0.2124
DIM:ROT:      83         2   -0.0691    0.1481    0.2184
DIM:ROT:      83         3   -0.0696    0.1582    0.1824
DIM:ROT:      84         1   -0.0488    0.1512    0.2311
DIM:ROT:      84         2   -0.0493    0.1478    0.1852
DIM:ROT:      84         3   -0.0497    0.1234    0.1868
DIM:ROT:      85         1   -0.0609    0.2011    0.2421
DIM:ROT:      85         2   -0.0615    0.1760    0.1803
DIM:ROT:      85         3   -0.0619    0.1300    0.1820
DIM:ROT:      86         1   -0.0675    0.1444    0.2212
DIM:ROT:      86         2   -0.0678    0.1385    0.1362
DIM:ROT:      86         3   -0.0681    0.0965    0.1636
DIM:ROT:      87         1   -0.0765    0.2579    0.2500
DIM:ROT:      87         2   -0.0772    0.2153    0.2038
DIM:ROT:      87         3   -0.0777    0.1607    0.1964
DIM:ROT:      88         1   -0.0841    0.1924    0.2332
DIM:ROT:      88         2   -0.0847    0.1598    0.2285
DIM:ROT:      88         3   -0.0852    0.1607    0.1949
DIM:ROT:      89         1   -0.0705    0.1643    0.2260
DIM:ROT:      89         2   -0.0711    0.1464    0.1969
DIM:ROT:      89         3   -0.0715    0.1360    0.1904
DIM:ROT:      90         1   -0.0444    0.1251    0.2046
DIM:ROT:      90         2   -0.0447    0.1247    0.1345
DIM:ROT:      90         3   -0.0450    0.0933    0.1501
DIM:ROT:      91         1   -0.0432    0.2303    0.1830
DIM:ROT:      91         2   -0.0436    0.1204    0.2024
DIM:ROT:      91         3   -0.0439    0.1323    0.1347
DIM:ROT:      92         1   -0.0565    0.1492    0.2057
DIM:ROT:      92         2   -0.0569    0.1311    0.1841
DIM:ROT:      92         3   -0.0572    0.1221    0.1667
DIM:ROT:      93         1   -0.0674    0.2217    0.2031
DIM:ROT:      93         2   -0.0679    0.1363    0.2054
DIM:ROT:      93         3   -0.0683    0.1419    0.1594
DIM:ROT:      94         1   -0.0708    0.2011    0.2713
DIM:ROT:      94         2   -0.0714    0.1511    0.2239
DIM:ROT:      94         3   -0.0718    0.1433    0.1834
DIM:ROT:      95         1   -0.0846    0.2829    0.2511
DIM:ROT:      95         2   -0.0853    0.1523    0.2674
DIM:ROT:      95         3   -0.0859    0.1712    0.1790
DIM:ROT:      96         1   -0.0577    0.2616    0.3475
DIM:ROT:      96         2   -0.0584    0.1797    0.2576
DIM:ROT:      96         3   -0.0590    0.1629    0.2045
DIM:ROT:      97         1   -0.0283    0.2282    0.2586
DIM:ROT:      97         2   -0.0289    0.1295    0.2305
DIM:ROT:      97         3   -0.0292    0.1465    0.1541
DIM:ROT:      98         1    0.0031    0.3215    0.3788
DIM:ROT:      98         2    0.0020    0.2002    0.3193
DIM:ROT:      98         3    0.0012    0.1987    0.2275
DIM:ROT:      99         1    0.0603    0.5791    0.5163
DIM:ROT:      99         2    0.0586    0.2590    0.4096
DIM:ROT:      99         3    0.0574    0.2446    0.2716
DIM:ROT:     100         1    0.0995    0.5557    0.5876
DIM:ROT:     100         2    0.0969    0.3050    0.5034
DIM:ROT:     100         3    0.0952    0.3123    0.3357
DIM:ROT:     101         1    0.0919    0.5934    0.5974
DIM:ROT:     101         2    0.0893    0.3089    0.4957
DIM:ROT:     101         3    0.0875    0.3084    0.3409
DIM:ROT:     102         1    0.0548    0.5036    0.6409
DIM:ROT:     102         2    0.0523    0.3117    0.4716
DIM:ROT:     102         3    0.0507    0.2784    0.3461
DIM:ROT:     103         1    0.0265    0.6108    0.6025
DIM:ROT:     103         2    0.0241    0.3027    0.4749
DIM:ROT:     103         3    0.0225    0.2873    0.3214
DIM:ROT:     104         1    0.0342    0.5489    0.6309
DIM:ROT:     104         2    0.0316    0.3132    0.4954
DIM:ROT:     104         3    0.0298    0.2969    0.3409
DIM:ROT:     105         1    0.0751    0.6452    0.6321
DIM:ROT:     105         2    0.0723    0.3262    0.5245
DIM:ROT:     105         3    0.0702    0.3260    0.3505
DIM:ROT:     106         1    0.1305    0.6029    0.6814
DIM:ROT:     106         2    0.1271    0.3613    0.5629
DIM:ROT:     106         3    0.1247    0.3510    0.3985
DIM:ROT:     107         1    0.1775    0.6649    0.6876
DIM:ROT:     107         2    0.1738    0.3768    0.5865
DIM:ROT:     107         3    0.1710    0.3811    0.4194
DIM:ROT:     108         1    0.2037    0.5918    0.7188
DIM:ROT:     108         2    0.1998    0.3927    0.5725
DIM:ROT:     108         3    0.1971    0.3646    0.4428
DIM:ROT:     109         1    0.1976    0.6183    0.6938
DIM:ROT:     109         2    0.1941    0.3745    0.5470
DIM:ROT:     109         3    0.1915    0.3512    0.4182
DIM:ROT:     110         1    0.1604    0.5591    0.7035
DIM:ROT:     110         2    0.1574    0.3574    0.5084
DIM:ROT:     110         3    0.1553    0.3063    0.3924
DIM:ROT:     111         1    0.1120    0.6010    0.6771
DIM:ROT:     111         2    0.1094    0.3370    0.4827
DIM:ROT:     111         3    0.1076    0.2851    0.3548
DIM:ROT:     112         1    0.0780    0.5851    0.6793
DIM:ROT:     112         2    0.0753    0.3312    0.4824
DIM:ROT:     112         3    0.0737    0.2723    0.3437
DIM:ROT:     113         1    0.0709    0.6268    0.6820
DIM:ROT:     113         2    0.0682    0.3381    0.4837
DIM:ROT:     113         3    0.0665    0.2769    0.3431
DIM:ROT:     114         1    0.0847    0.6168    0.6875
DIM:ROT:     114         2    0.0819    0.3429    0.4994
DIM:ROT:     114         3    0.0801    0.2826    0.3510
DIM:ROT:     115         1    0.1039    0.6313    0.6891
DIM:ROT:     115         2    0.1010    0.3501    0.5009
DIM:ROT:     115         3    0.0991    0.2928    0.3613
DIM:ROT:     116         1    0.1188    0.6072    0.6973
DIM:ROT:     116         2    0.1159    0.3546    0.5042
DIM:ROT:     116         3    0.1140    0.2922    0.3695
DIM:ROT:     117         1    0.1143    0.6071    0.6842
DIM:ROT:     117         2    0.1115    0.3504    0.4829
DIM:ROT:     117         3    0.1096    0.2879    0.3641
DIM:ROT:     118         1    0.1069    0.5835    0.7075
DIM:ROT:     118         2    0.1041    0.3558    0.4778
DIM:ROT:     118         3    0.1023    0.2790    0.3715
DIM:ROT:     119         1    0.1050    0.6043    0.7107
DIM:ROT:     119         2    0.1023    0.3706    0.4602
DIM:ROT:     119         3    0.1004    0.2792    0.3727
DIM:ROT:     120         1    0.1198    0.5903    0.7309
DIM:ROT:     120         2    0.1170    0.3671    0.4661
DIM:ROT:     120         3    0.1152    0.2719    0.3775
DIM:ROT:     121         1    0.1419    0.6181    0.7451
DIM:ROT:     121         2    0.1390    0.3894    0.4573
DIM:ROT:     121         3    0.1370    0.2770    0.3830
DIM:ROT:     122         1    0.1644    0.6037    0.7487
DIM:ROT:     122         2    0.1615    0.3841    0.4635
DIM:ROT:     122         3    0.1596    0.2724    0.3881
DIM:ROT:     123         1    0.1859    0.6222    0.7520
DIM:ROT:     123         2    0.1828    0.4041    0.4604
DIM:ROT:     123         3    0.1808    0.2846    0.3984
DIM:ROT:     124         1    0.2051    0.6044    0.7416
DIM:ROT:     124         2    0.2020    0.3957    0.4711
DIM:ROT:     124         3    0.2000    0.2851    0.4054
DIM:ROT:     125         1    0.2215    0.6224    0.7408
DIM:ROT:     125         2    0.2182    0.4099    0.4759
DIM:ROT:     125         3    0.2160    0.3004    0.4174
DIM:ROT:     126         1    0.2332    0.6074    0.7428
DIM:ROT:     126         2    0.2299    0.4036    0.4868
DIM:ROT:     126         3    0.2277    0.2996    0.4238
DIM:ROT:     127         1    0.2398    0.6252    0.7350
DIM:ROT:     127         2    0.2364    0.4116    0.4901
DIM:ROT:     127         3    0.2340    0.3126    0.4303
DIM:ROT:     128         1    0.2418    0.6113    0.7504
DIM:ROT:     128         2    0.2384    0.4079    0.5009
DIM:ROT:     128         3    0.2360    0.3110    0.4375
DIM:ROT:     129         1    0.2408    0.6304    0.7545
DIM:ROT:     129         2    0.2373    0.4223    0.4959
DIM:ROT:     129         3    0.2348    0.3206    0.4478
DIM:ROT:     130         1    0.2442    0.6220    0.7782
DIM:ROT:     130         2    0.2407    0.4252    0.5044
DIM:ROT:     130         3    0.2381    0.3189    0.4588
DIM:ROT:     131         1    0.2506    0.6443    0.7895
DIM:ROT:     131         2    0.2469    0.4469    0.4993
DIM:ROT:     131         3    0.2441    0.3295    0.4736
DIM:ROT:     132         1    0.2611    0.6335    0.8088
DIM:ROT:     132         2    0.2575    0.4459    0.5048
DIM:ROT:     132         3    0.2547    0.3247    0.4818
DIM:ROT:     133         1    0.2756    0.6572    0.8233
DIM:ROT:     133         2    0.2717    0.4757    0.4985
DIM:ROT:     133         3    0.2687    0.3360    0.5001
DIM:ROT:     134         1    0.2928    0.6503    0.8420
DIM:ROT:     134         2    0.2889    0.4717    0.5078
DIM:ROT:     134         3    0.2859    0.3318    0.5082
DIM:ROT:     135         1    0.3121    0.6771    0.8521
DIM:ROT:     135         2    0.3079    0.5062    0.5100
DIM:ROT:     135         3    0.3045    0.3497    0.5316
DIM:ROT:     136         1    0.3323    0.6718    0.8686
DIM:ROT:     136         2    0.3279    0.4979    0.5275
DIM:ROT:     136         3    0.3245    0.3495    0.5414
DIM:ROT:     137         1    0.3525    0.7024    0.8740
DIM:ROT:     137         2    0.3478    0.5318    0.5338
DIM:ROT:     137         3    0.3441    0.3704    0.5643
DIM:ROT:     138         1    0.3720    0.6871    0.8805
DIM:ROT:     138         2    0.3672    0.5099    0.5514
DIM:ROT:     138         3    0.3636    0.3676    0.5645
DIM:ROT:     139         1    0.3899    0.7107    0.8700
DIM:ROT:     139         2    0.3849    0.5313    0.5533
DIM:ROT:     139         3    0.3811    0.3837    0.5779
DIM:ROT:     140         1    0.4062    0.6890    0.8697
DIM:ROT:     140         2    0.4013    0.5071    0.5656
DIM:ROT:     140         3    0.3976    0.3780    0.5704
DIM:ROT:     141         1    0.4216    0.7023    0.8525
DIM:ROT:     141         2    0.4166    0.5136    0.5653
DIM:ROT:     141         3    0.4127    0.3908    0.5774
DIM:ROT:     142         1    0.4360    0.6825    0.8452
DIM:ROT:     142         2    0.4310    0.4957    0.5803
DIM:ROT:     142         3    0.4272    0.3882    0.5682
DIM:ROT:     143         1    0.4500    0.6919    0.8413
DIM:ROT:     143         2    0.4450    0.4943    0.5844
DIM:ROT:     143         3    0.4409    0.4027    0.5765
DIM:ROT:     144         1    0.4628    0.6809    0.8239
DIM:ROT:     144         2    0.4576    0.4895    0.5996
DIM:ROT:     144         3    0.4537    0.4026    0.5700
DIM:ROT:     145         1    0.4746    0.6799    0.8211
DIM:ROT:     145         2    0.4696    0.4812    0.6083
DIM:ROT:     145         3    0.4653    0.4203    0.5766
DIM:ROT:     146         1    0.4856    0.6813    0.8021
DIM:ROT:     146         2    0.4803    0.4830    0.6287
DIM:ROT:     146         3    0.4761    0.4237    0.5711
DIM:ROT:     147         1    0.4955    0.6660    0.8060
DIM:ROT:     147         2    0.4902    0.4729    0.6355
DIM:ROT:     147         3    0.4857    0.4414    0.5789
DIM:ROT:     148         1    0.5041    0.6715    0.7874
DIM:ROT:     148         2    0.4986    0.4760    0.6561
DIM:ROT:     148         3    0.4943    0.4443    0.5706
DIM:ROT:     149         1    0.5116    0.6461    0.8069
DIM:ROT:     149         2    0.5063    0.4701    0.6523
DIM:ROT:     149         3    0.5016    0.4540    0.5829
DIM:ROT:     150         1    0.5174    0.6728    0.7690
DIM:ROT:     150         2    0.5119    0.4664    0.6773
DIM:ROT:     150         3    0.5075    0.4590    0.5602
DIM:ROT:     151         1    0.5231    0.6239    0.7973
DIM:ROT:     151         2    0.5179    0.4633    0.6536
DIM:ROT:     151         3    0.5132    0.4540    0.5778
DIM:ROT:     152         1    0.5269    0.6669    0.7423
DIM:ROT:     152         2    0.5215    0.4504    0.6826
DIM:ROT:     152         3    0.5172    0.4633    0.5401
DIM:ROT:     153         1    0.5295    0.5915    0.7931
DIM:ROT:     153         2    0.5245    0.4536    0.6353
DIM:ROT:     153         3    0.5201    0.4367    0.5666
DIM:ROT:     154         1    0.5279    0.6706    0.7036
DIM:ROT:     154         2    0.5228    0.4244    0.6769
DIM:ROT:     154         3    0.5189    0.4583    0.5027
DIM:ROT:     155         1    0.5245    0.5480    0.7708
DIM:ROT:     155         2    0.5200    0.4337    0.5973
DIM:ROT:     155         3    0.5161    0.4039    0.5406
DIM:ROT:     156         1    0.5143    0.6857    0.6436
DIM:ROT:     156         2    0.5098    0.3888    0.6597
DIM:ROT:     156         3    0.5064    0.4455    0.4489
DIM:ROT:     157         1    0.5036    0.4960    0.7497
DIM:ROT:     157         2    0.4996    0.4163    0.5460
DIM:ROT:     157         3    0.4963    0.3621    0.5155
DIM:ROT:     158         1    0.4915    0.7352    0.5870
DIM:ROT:     158         2    0.4874    0.3625    0.6479
DIM:ROT:     158         3    0.4844    0.4340    0.4044
DIM:ROT:     159         1    0.4835    0.4538    0.7270
DIM:ROT:     159         2    0.4799    0.4106    0.5054
DIM:ROT:     159         3    0.4768    0.3362    0.5075
DIM:ROT:     160         1    0.4783    0.7724    0.5384
DIM:ROT:     160         2    0.4743    0.3497    0.6513
DIM:ROT:     160         3    0.4714    0.4416    0.3827
