MinModeTranslate: STEP      TIME          ENERGY    MAX-FORCE     STEPSIZE    CURVATURE  ROT-STEPS
MinModeTranslate:    0  15:47:00    -9340.787087      14.7325     --------    -9.912037          3
MinModeTranslate:    0  15:47:00    -9340.787087      14.7325     0.100000    -9.912037          3
MinModeTranslate:    1  15:47:00    -9341.220978       6.3094     --------   -24.798316          3
MinModeTranslate:    1  15:47:00    -9341.220978       6.3094     0.100000   -24.798316          3
MinModeTranslate:    2  15:47:00    -9341.197061       5.2382     --------   -20.201569          3
MinModeTranslate:    2  15:47:00    -9341.197061       5.2382     0.100000   -20.201569          3
MinModeTranslate:    3  15:47:00    -9341.083832       3.4727     --------   -14.051439          3
MinModeTranslate:    3  15:47:00    -9341.083832       3.4727     0.100000   -14.051439          3
MinModeTranslate:    4  15:47:00    -9340.974817       3.5120     --------    -8.452757          3
MinModeTranslate:    4  15:47:00    -9340.974817       3.5120     0.100000    -8.452757          3
MinModeTranslate:    5  15:47:00    -9340.945802       3.4443     --------    -4.377649          3
MinModeTranslate:    5  15:47:00    -9340.945802       3.4443     0.100000    -4.377649          3
MinModeTranslate:    6  15:47:00    -9340.930711       1.9259     --------     0.566529          3
MinModeTranslate:    6  15:47:00    -9340.930711       1.9259     0.100000     0.566529          3
MinModeTranslate:    7  15:47:00    -9340.657528       1.9003     --------     2.797011          3
MinModeTranslate:    7  15:47:00    -9340.657528       1.9003     0.100000     2.797011          3
MinModeTranslate:    8  15:47:00    -9340.362870       3.7413     --------    -7.058434          3
MinModeTranslate:    8  15:47:00    -9340.362870       3.7413     0.100000    -7.058434          3
MinModeTranslate:    9  15:47:00    -9340.160534       3.0814     --------   -11.454967          3
MinModeTranslate:    9  15:47:00    -9340.160534       3.0814     0.100000   -11.454967          3
MinModeTranslate:   10  15:47:01    -9340.182155       2.9271     --------   -14.301729          3
MinModeTranslate:   10  15:47:01    -9340.182155       2.9271     0.100000   -14.301729          3
MinModeTranslate:   11  15:47:01    -9340.232981       2.3731     --------   -11.552681          3
MinModeTranslate:   11  15:47:01    -9340.232981       2.3731     0.100000   -11.552681          3
MinModeTranslate:   12  15:47:01    -9340.416764       1.7032     --------    -9.510273          3
MinModeTranslate:   12  15:47:01    -9340.416764       1.7032     0.052267    -9.510273          3
MinModeTranslate:   13  15:47:01    -9340.478692       2.8508     --------   -15.517752          3
MinModeTranslate:   13  15:47:01    -9340.478692       2.8508     0.100000   -15.517752          3
MinModeTranslate:   14  15:47:01    -9340.634693       3.4526     --------   -17.767276          3
MinModeTranslate:   14  15:47:01    -9340.634693       3.4526     0.045878   -17.767276          3
MinModeTranslate:   15  15:47:01    -9340.749827       1.2720     --------   -12.216459          3
MinModeTranslate:   15  15:47:01    -9340.749827       1.2720     0.100000   -12.216459          3
MinModeTranslate:   16  15:47:01    -9340.892228       1.4302     --------    -9.447675          3
MinModeTranslate:   16  15:47:01    -9340.892228       1.4302     0.100000    -9.447675          3
MinModeTranslate:   17  15:47:01    -9341.007120       1.9327     --------   -10.059448          3
MinModeTranslate:   17  15:47:01    -9341.007120       1.9327     0.072016   -10.059448          3
MinModeTranslate:   18  15:47:01    -9341.049300       1.4015     --------    -5.564344          3
MinModeTranslate:   18  15:47:01    -9341.049300       1.4015     0.100000    -5.564344          3
MinModeTranslate:   19  15:47:01    -9341.081977       1.3776     --------    -3.781979          3
MinModeTranslate:   19  15:47:01    -9341.081977       1.3776     0.017801    -3.781979          3
MinModeTranslate:   20  15:47:01    -9341.090630       0.8715     --------    -5.763808          3
MinModeTranslate:   20  15:47:01    -9341.090630       0.8715     0.067108    -5.763808          3
MinModeTranslate:   21  15:47:02    -9341.070716       1.0691     --------    -5.201569          3
MinModeTranslate:   21  15:47:02    -9341.070716       1.0691     0.060541    -5.201569          3
MinModeTranslate:   22  15:47:02    -9341.074263       1.2573     --------    -2.557517          3
MinModeTranslate:   22  15:47:02    -9341.074263       1.2573     0.067558    -2.557517          3
MinModeTranslate:   23  15:47:02    -9341.083116       0.7951     --------    -3.760152          3
MinModeTranslate:   23  15:47:02    -9341.083116       0.7951     0.042004    -3.760152          3
MinModeTranslate:   24  15:47:02    -9341.092799       0.9854     --------    -5.511399          3
MinModeTranslate:   24  15:47:02    -9341.092799       0.9854     0.037593    -5.511399          3
MinModeTranslate:   25  15:47:02    -9341.105815       0.4760     --------    -4.731978          3
MinModeTranslate:   25  15:47:02    -9341.105815       0.4760     0.056076    -4.731978          3
MinModeTranslate:   26  15:47:02    -9341.124669       0.6529     --------    -4.306253          3
MinModeTranslate:   26  15:47:02    -9341.124669       0.6529     0.073741    -4.306253          3
MinModeTranslate:   27  15:47:02    -9341.150343       0.8689     --------    -5.450742          3
MinModeTranslate:   27  15:47:02    -9341.150343       0.8689     0.100000    -5.450742          3
MinModeTranslate:   28  15:47:02    -9341.194800       0.3691     --------    -4.307001          3
MinModeTranslate:   28  15:47:02    -9341.194800       0.3691     0.040184    -4.307001          3
MinModeTranslate:   29  15:47:02    -9341.206893       0.5571     --------    -4.176413          3
MinModeTranslate:   29  15:47:02    -9341.206893       0.5571     0.064414    -4.176413          3
MinModeTranslate:   30  15:47:02    -9341.217687       0.7237     --------    -5.169077          3
MinModeTranslate:   30  15:47:02    -9341.217687       0.7237     0.100000    -5.169077          3
MinModeTranslate:   31  15:47:02    -9341.247213       0.5139     --------    -3.907178          3
MinModeTranslate:   31  15:47:02    -9341.247213       0.5139     0.045609    -3.907178          3
MinModeTranslate:   32  15:47:02    -9341.263496       0.2842     --------    -3.827987          3
MinModeTranslate:   32  15:47:02    -9341.263496       0.2842     0.021875    -3.827987          3
MinModeTranslate:   33  15:47:03    -9341.267275       0.4557     --------    -3.426595          3
MinModeTranslate:   33  15:47:03    -9341.267275       0.4557     0.031290    -3.426595          3
MinModeTranslate:   34  15:47:03    -9341.271430       0.3837     --------    -3.965823          3
MinModeTranslate:   34  15:47:03    -9341.271430       0.3837     0.047536    -3.965823          3
MinModeTranslate:   35  15:47:03    -9341.276445       0.2442     --------    -3.819009          3
MinModeTranslate:   35  15:47:03    -9341.276445       0.2442     0.027271    -3.819009          3
MinModeTranslate:   36  15:47:03    -9341.277822       0.3244     --------    -4.258943          3
MinModeTranslate:   36  15:47:03    -9341.277822       0.3244     0.031689    -4.258943          3
MinModeTranslate:   37  15:47:03    -9341.279324       0.3687     --------    -3.887865          3
MinModeTranslate:   37  15:47:03    -9341.279324       0.3687     0.059281    -3.887865          3
MinModeTranslate:   38  15:47:03    -9341.282592       0.2463     --------    -4.365959          3
MinModeTranslate:   38  15:47:03    -9341.282592       0.2463     0.022257    -4.365959          3
MinModeTranslate:   39  15:47:03    -9341.285497       0.1384     --------    -4.572009          3
MinModeTranslate:   39  15:47:03    -9341.285497       0.1384     0.009431    -4.572009          3
MinModeTranslate:   40  15:47:03    -9341.286454       0.2030     --------    -4.446659          3
MinModeTranslate:   40  15:47:03    -9341.286454       0.2030     0.008617    -4.446659          3
MinModeTranslate:   41  15:47:03    -9341.287200       0.1289     --------    -4.725763          3
MinModeTranslate:   41  15:47:03    -9341.287200       0.1289     0.014886    -4.725763          3
MinModeTranslate:   42  15:47:03    -9341.288327       0.1216     --------    -4.700372          3
MinModeTranslate:   42  15:47:03    -9341.288327       0.1216     0.014908    -4.700372          3
MinModeTranslate:   43  15:47:03    -9341.289313       0.1044     --------    -4.624457          3
MinModeTranslate:   43  15:47:03    -9341.289313       0.1044     0.006894    -4.624457          3
MinModeTranslate:   44  15:47:04    -9341.289692       0.1441     --------    -4.812001          3
MinModeTranslate:   44  15:47:04    -9341.289692       0.1441     0.010593    -4.812001          3
MinModeTranslate:   45  15:47:04    -9341.290228       0.1125     --------    -4.712344          3
MinModeTranslate:   45  15:47:04    -9341.290228       0.1125     0.014633    -4.712344          3
MinModeTranslate:   46  15:47:04    -9341.290861       0.0940     --------    -4.751898          3
MinModeTranslate:   46  15:47:04    -9341.290861       0.0940     0.016880    -4.751898          3
MinModeTranslate:   47  15:47:04    -9341.291500       0.1463     --------    -4.833610          3
MinModeTranslate:   47  15:47:04    -9341.291500       0.1463     0.010992    -4.833610          3
MinModeTranslate:   48  15:47:04    -9341.291906       0.1014     --------    -4.625719          3
MinModeTranslate:   48  15:47:04    -9341.291906       0.1014     0.021294    -4.625719          3
MinModeTranslate:   49  15:47:04    -9341.292637       0.1001     --------    -4.729417          3
MinModeTranslate:   49  15:47:04    -9341.292637       0.1001     0.024494    -4.729417          3
MinModeTranslate:   50  15:47:04    -9341.293481       0.0886     --------    -4.763721          3
MinModeTranslate:   50  15:47:04    -9341.293481       0.0886     0.013159    -4.763721          3
MinModeTranslate:   51  15:47:04    -9341.293944       0.1737     --------    -4.558734          3
MinModeTranslate:   51  15:47:04    -9341.293944       0.1737     0.024138    -4.558734          3
MinModeTranslate:   52  15:47:04    -9341.294767       0.1523     --------    -4.693757          3
MinModeTranslate:   52  15:47:04    -9341.294767       0.1523     0.066526    -4.693757          3
MinModeTranslate:   53  15:47:04    -9341.296986       0.1454     --------    -4.568892          3
MinModeTranslate:   53  15:47:04    -9341.296986       0.1454     0.065900    -4.568892          3
MinModeTranslate:   54  15:47:04    -9341.298902       0.1983     --------    -4.387141          3
MinModeTranslate:   54  15:47:04    -9341.298902       0.1983     0.022234    -4.387141          3
MinModeTranslate:   55  15:47:04    -9341.299563       0.1301     --------    -4.637144          3
MinModeTranslate:   55  15:47:04    -9341.299563       0.1301     0.034470    -4.637144          3
MinModeTranslate:   56  15:47:05    -9341.300444       0.1507     --------    -4.512324          3
MinModeTranslate:   56  15:47:05    -9341.300444       0.1507     0.064436    -4.512324          3
MinModeTranslate:   57  15:47:05    -9341.302014       0.1574     --------    -4.444127          3
MinModeTranslate:   57  15:47:05    -9341.302014       0.1574     0.100000    -4.444127          3
MinModeTranslate:   58  15:47:05    -9341.304828       0.2927     --------    -4.660599          3
MinModeTranslate:   58  15:47:05    -9341.304828       0.2927     0.084593    -4.660599          3
MinModeTranslate:   59  15:47:05    -9341.307710       0.3127     --------    -4.161213          3
MinModeTranslate:   59  15:47:05    -9341.307710       0.3127     0.100000    -4.161213          3
MinModeTranslate:   60  15:47:05    -9341.311068       0.2175     --------    -4.191558          3
MinModeTranslate:   60  15:47:05    -9341.311068       0.2175     0.015314    -4.191558          3
MinModeTranslate:   61  15:47:05    -9341.312721       0.3170     --------    -4.538621          3
MinModeTranslate:   61  15:47:05    -9341.312721       0.3170     0.019287    -4.538621          3
MinModeTranslate:   62  15:47:05    -9341.314247       0.2264     --------    -4.279796          3
MinModeTranslate:   62  15:47:05    -9341.314247       0.2264     0.038534    -4.279796          3
MinModeTranslate:   63  15:47:05    -9341.316638       0.2493     --------    -4.193422          3
MinModeTranslate:   63  15:47:05    -9341.316638       0.2493     0.027446    -4.193422          3
MinModeTranslate:   64  15:47:05    -9341.318304       0.3269     --------    -4.578539          3
MinModeTranslate:   64  15:47:05    -9341.318304       0.3269     0.025571    -4.578539          3
MinModeTranslate:   65  15:47:05    -9341.320098       0.1790     --------    -4.271899          3
MinModeTranslate:   65  15:47:05    -9341.320098       0.1790     0.041356    -4.271899          3
MinModeTranslate:   66  15:47:05    -9341.322970       0.1602     --------    -4.097912          3
MinModeTranslate:   66  15:47:05    -9341.322970       0.1602     0.017545    -4.097912          3
MinModeTranslate:   67  15:47:06    -9341.324250       0.1751     --------    -4.240304          3
MinModeTranslate:   67  15:47:06    -9341.324250       0.1751     0.010218    -4.240304          3
MinModeTranslate:   68  15:47:06    -9341.324983       0.0925     --------    -4.011897          3
MinModeTranslate:   68  15:47:06    -9341.324983       0.0925     0.014333    -4.011897          3
MinModeTranslate:   69  15:47:06    -9341.325841       0.0741     --------    -4.053552          3
MinModeTranslate:   69  15:47:06    -9341.325841       0.0741     0.016971    -4.053552          3
MinModeTranslate:   70  15:47:06    -9341.326573       0.1338     --------    -4.133890          3
MinModeTranslate:   70  15:47:06    -9341.326573       0.1338     0.014646    -4.133890          3
MinModeTranslate:   71  15:47:06    -9341.327144       0.2115     --------    -3.946526          3
MinModeTranslate:   71  15:47:06    -9341.327144       0.2115     0.022529    -3.946526          3
MinModeTranslate:   72  15:47:06    -9341.327993       0.1379     --------    -4.144770          3
MinModeTranslate:   72  15:47:06    -9341.327993       0.1379     0.021618    -4.144770          3
MinModeTranslate:   73  15:47:06    -9341.328748       0.0842     --------    -4.190064          3
MinModeTranslate:   73  15:47:06    -9341.328748       0.0842     0.015289    -4.190064          3
MinModeTranslate:   74  15:47:06    -9341.329297       0.0941     --------    -4.156685          3
MinModeTranslate:   74  15:47:06    -9341.329297       0.0941     0.005908    -4.156685          3
MinModeTranslate:   75  15:47:06    -9341.329494       0.0728     --------    -4.281783          3
MinModeTranslate:   75  15:47:06    -9341.329494       0.0728     0.008994    -4.281783          3
MinModeTranslate:   76  15:47:06    -9341.329766       0.0776     --------    -4.226020          3
MinModeTranslate:   76  15:47:06    -9341.329766       0.0776     0.012933    -4.226020          3
MinModeTranslate:   77  15:47:07    -9341.330137       0.0825     --------    -4.232236          3
MinModeTranslate:   77  15:47:07    -9341.330137       0.0825     0.012067    -4.232236          3
MinModeTranslate:   78  15:47:07    -9341.330455       0.0848     --------    -4.299357          3
MinModeTranslate:   78  15:47:07    -9341.330455       0.0848     0.004221    -4.299357          3
MinModeTranslate:   79  15:47:07    -9341.330560       0.0482     --------    -4.218234          3
MinModeTranslate:   79  15:47:07    -9341.330560       0.0482     0.011158    -4.218234          3
MinModeTranslate:   80  15:47:07    -9341.330799       0.0775     --------    -4.252882          3
MinModeTranslate:   80  15:47:07    -9341.330799       0.0775     0.008731    -4.252882          3
MinModeTranslate:   81  15:47:07    -9341.330970       0.0337     --------    -4.273556          3
MinModeTranslate:   81  15:47:07    -9341.330970       0.0337     0.003176    -4.273556          3
MinModeTranslate:   82  15:47:07    -9341.331025       0.0773     --------    -4.213452          3
MinModeTranslate:   82  15:47:07    -9341.331025       0.0773     0.012212    -4.213452          3
MinModeTranslate:   83  15:47:07    -9341.331218       0.0613     --------    -4.268989          3
MinModeTranslate:   83  15:47:07    -9341.331218       0.0613     0.009823    -4.268989          3
MinModeTranslate:   84  15:47:07    -9341.331381       0.0398     --------    -4.259562          3
MinModeTranslate:   84  15:47:07    -9341.331381       0.0398     0.005863    -4.259562          3
MinModeTranslate:   85  15:47:07    -9341.331478       0.0326     --------    -4.238458          1
MinModeTranslate:   85  15:47:07    -9341.331478       0.0326     0.002177    -4.238458          1
MinModeTranslate:   86  15:47:07    -9341.331509       0.0402     --------    -4.279022          2
MinModeTranslate:   86  15:47:07    -9341.331509       0.0402     0.003648    -4.279022          2
MinModeTranslate:   87  15:47:07    -9341.331557       0.0281     --------    -4.247885          2
MinModeTranslate:   87  15:47:07    -9341.331557       0.0281     0.003686    -4.247885          2
MinModeTranslate:   88  15:47:08    -9341.331598       0.0184     --------    -4.245801          2
MinModeTranslate:   88  15:47:08    -9341.331598       0.0184     0.005315    -4.245801          2
MinModeTranslate:   89  15:47:08    -9341.331643       0.0477     --------    -4.281910          2
MinModeTranslate:   89  15:47:08    -9341.331643       0.0477     0.003198    -4.281910          2
MinModeTranslate:   90  15:47:08    -9341.331670       0.0304     --------    -4.237929          2
MinModeTranslate:   90  15:47:08    -9341.331670       0.0304     0.006308    -4.237929          2
MinModeTranslate:   91  15:47:08    -9341.331730       0.0212     --------    -4.244535          2
MinModeTranslate:   91  15:47:08    -9341.331730       0.0212     0.004247    -4.244535          2
MinModeTranslate:   92  15:47:08    -9341.331772       0.0245     --------    -4.245385          2
MinModeTranslate:   92  15:47:08    -9341.331772       0.0245     0.004021    -4.245385          2
MinModeTranslate:   93  15:47:08    -9341.331807       0.0440     --------    -4.195020          2
MinModeTranslate:   93  15:47:08    -9341.331807       0.0440     0.007959    -4.195020          2
MinModeTranslate:   94  15:47:08    -9341.331872       0.0388     --------    -4.215233          2
MinModeTranslate:   94  15:47:08    -9341.331872       0.0388     0.005810    -4.215233          2
MinModeTranslate:   95  15:47:08    -9341.331920       0.0120     --------    -4.202590          2
MinModeTranslate:   95  15:47:08    -9341.331920       0.0120     0.001681    -4.202590          2
MinModeTranslate:   96  15:47:08    -9341.331932       0.0218     --------    -4.188862          1
MinModeTranslate:   96  15:47:08    -9341.331932       0.0218     0.001758    -4.188862          1
MinModeTranslate:   97  15:47:08    -9341.331929       0.0206     --------    -4.214805          1
MinModeTranslate:   97  15:47:08    -9341.331929       0.0206     0.004902    -4.214805          1
MinModeTranslate:   98  15:47:08    -9341.331961       0.0199     --------    -4.202802          1
MinModeTranslate:   98  15:47:08    -9341.331961       0.0199     0.004314    -4.202802          1
MinModeTranslate:   99  15:47:08    -9341.331988       0.0141     --------    -4.192405          1
MinModeTranslate:   99  15:47:08    -9341.331988       0.0141     0.001876    -4.192405          1
MinModeTranslate:  100  15:47:08    -9341.331995       0.0284     --------    -4.217921          1
MinModeTranslate:  100  15:47:08    -9341.331995       0.0284     0.006633    -4.217921          1
MinModeTranslate:  101  15:47:08    -9341.332040       0.0216     --------    -4.199350          2
MinModeTranslate:  101  15:47:08    -9341.332040       0.0216     0.003661    -4.199350          2
MinModeTranslate:  102  15:47:08    -9341.332068       0.0167     --------    -4.202917          2
MinModeTranslate:  102  15:47:08    -9341.332068       0.0167     0.003297    -4.202917          2
MinModeTranslate:  103  15:47:09    -9341.332071       0.0182     --------    -4.215795          2
MinModeTranslate:  103  15:47:09    -9341.332071       0.0182     0.001815    -4.215795          2
MinModeTranslate:  104  15:47:09    -9341.332091       0.0205     --------    -4.194441          1
MinModeTranslate:  104  15:47:09    -9341.332091       0.0205     0.004086    -4.194441          1
MinModeTranslate:  105  15:47:09    -9341.332097       0.0180     --------    -4.212265          1
MinModeTranslate:  105  15:47:09    -9341.332097       0.0180     0.003012    -4.212265          1
MinModeTranslate:  106  15:47:09    -9341.332105       0.0080     --------    -4.214636          1
MinModeTranslate:  106  15:47:09    -9341.332105       0.0080     0.002307    -4.214636          1
MinModeTranslate:  107  15:47:09    -9341.332110       0.0142     --------    -4.202184          2
MinModeTranslate:  107  15:47:09    -9341.332110       0.0142     0.001461    -4.202184          2
MinModeTranslate:  108  15:47:09    -9341.332114       0.0151     --------    -4.219740          1
MinModeTranslate:  108  15:47:09    -9341.332114       0.0151     0.002775    -4.219740          1
MinModeTranslate:  109  15:47:09    -9341.332128       0.0135     --------    -4.209650          1
MinModeTranslate:  109  15:47:09    -9341.332128       0.0135     0.001962    -4.209650          1
MinModeTranslate:  110  15:47:09    -9341.332137       0.0073     --------    -4.213445          1
MinModeTranslate:  110  15:47:09    -9341.332137       0.0073     0.001850    -4.213445          1
MinModeTranslate:  111  15:47:09    -9341.332146       0.0147     --------    -4.222074          1
MinModeTranslate:  111  15:47:09    -9341.332146       0.0147     0.001319    -4.222074          1
MinModeTranslate:  112  15:47:09    -9341.332146       0.0094     --------    -4.204112          1
MinModeTranslate:  112  15:47:09    -9341.332146       0.0094     0.001427    -4.204112          1
MinModeTranslate:  113  15:47:09    -9341.332152       0.0077     --------    -4.206273          1
MinModeTranslate:  113  15:47:09    -9341.332152       0.0077     0.003132    -4.206273          1
MinModeTranslate:  114  15:47:09    -9341.332152       0.0121     --------    -4.197586          1
MinModeTranslate:  114  15:47:09    -9341.332152       0.0121     0.002754    -4.197586          1
MinModeTranslate:  115  15:47:09    -9341.332161       0.0117     --------    -4.179498          1
MinModeTranslate:  115  15:47:09    -9341.332161       0.0117     0.000927    -4.179498          1
MinModeTranslate:  116  15:47:09    -9341.332161       0.0069     --------    -4.187494          1
MinModeTranslate:  116  15:47:09    -9341.332161       0.0069     0.001583    -4.187494          1
MinModeTranslate:  117  15:47:09    -9341.332169       0.0071     --------    -4.179426          1
MinModeTranslate:  117  15:47:09    -9341.332169       0.0071     0.000872    -4.179426          1
MinModeTranslate:  118  15:47:09    -9341.332168       0.0036     --------    -4.177758          1
