MinModeTranslate: STEP      TIME          ENERGY    MAX-FORCE     STEPSIZE    CURVATURE  ROT-STEPS
MinModeTranslate:    0  15:46:02    -9341.529170      10.3866     --------    -8.565525          3
MinModeTranslate:    0  15:46:02    -9341.529170      10.3866     0.100000    -8.565525          3
MinModeTranslate:    1  15:46:02    -9341.879412       8.1778     --------    -4.859449          3
MinModeTranslate:    1  15:46:02    -9341.879412       8.1778     0.100000    -4.859449          3
MinModeTranslate:    2  15:46:03    -9341.905625       6.9383     --------    -4.023333          3
MinModeTranslate:    2  15:46:03    -9341.905625       6.9383     0.100000    -4.023333          3
MinModeTranslate:    3  15:46:03    -9341.842668       5.2425     --------    -2.618499          3
MinModeTranslate:    3  15:46:03    -9341.842668       5.2425     0.100000    -2.618499          3
MinModeTranslate:    4  15:46:03    -9341.786616       4.5292     --------    -5.551393          3
MinModeTranslate:    4  15:46:03    -9341.786616       4.5292     0.100000    -5.551393          3
MinModeTranslate:    5  15:46:03    -9341.790901       3.9982     --------    -8.287099          3
MinModeTranslate:    5  15:46:03    -9341.790901       3.9982     0.100000    -8.287099          3
MinModeTranslate:    6  15:46:03    -9341.766618       3.4834     --------    -6.012072          3
MinModeTranslate:    6  15:46:03    -9341.766618       3.4834     0.100000    -6.012072          3
MinModeTranslate:    7  15:46:03    -9341.695550       3.1926     --------    -6.855270          3
MinModeTranslate:    7  15:46:03    -9341.695550       3.1926     0.100000    -6.855270          3
MinModeTranslate:    8  15:46:03    -9341.578360       3.2613     --------    -4.224880          3
MinModeTranslate:    8  15:46:03    -9341.578360       3.2613     0.100000    -4.224880          3
MinModeTranslate:    9  15:46:03    -9341.519439       2.4107     --------     0.017879          3
MinModeTranslate:    9  15:46:03    -9341.519439       2.4107     0.100000     0.017879          3
MinModeTranslate:   10  15:46:03    -9341.105023       4.1801     --------    -2.732004          3
MinModeTranslate:   10  15:46:03    -9341.105023       4.1801     0.100000    -2.732004          3
MinModeTranslate:   11  15:46:03    -9340.972415       4.2341     --------    -7.225777          3
MinModeTranslate:   11  15:46:03    -9340.972415       4.2341     0.100000    -7.225777          3
MinModeTranslate:   12  15:46:03    -9341.134029       3.3277     --------    -9.199568          3
MinModeTranslate:   12  15:46:03    -9341.134029       3.3277     0.100000    -9.199568          3
MinModeTranslate:   13  15:46:04    -9341.190951       2.6608     --------    -6.351647          3
MinModeTranslate:   13  15:46:04    -9341.190951       2.6608     0.100000    -6.351647          3
MinModeTranslate:   14  15:46:04    -9341.205044       2.6747     --------    -8.207214          3
MinModeTranslate:   14  15:46:04    -9341.205044       2.6747     0.100000    -8.207214          3
MinModeTranslate:   15  15:46:04    -9341.255365       1.7166     --------    -3.632620          3
MinModeTranslate:   15  15:46:04    -9341.255365       1.7166     0.100000    -3.632620          3
MinModeTranslate:   16  15:46:04    -9341.276994       1.4606     --------    -2.913894          3
MinModeTranslate:   16  15:46:04    -9341.276994       1.4606     0.100000    -2.913894          3
MinModeTranslate:   17  15:46:04    -9341.254893       2.1319     --------    -0.617464          3
MinModeTranslate:   17  15:46:04    -9341.254893       2.1319     0.100000    -0.617464          3
MinModeTranslate:   18  15:46:04    -9341.274767       1.1141     --------     0.085168          3
MinModeTranslate:   18  15:46:04    -9341.274767       1.1141     0.100000     0.085168          3
MinModeTranslate:   19  15:46:04    -9341.107595       1.1638     --------     1.424635          3
MinModeTranslate:   19  15:46:04    -9341.107595       1.1638     0.100000     1.424635          3
MinModeTranslate:   20  15:46:04    -9340.939629       1.4942     --------    -0.416976          3
MinModeTranslate:   20  15:46:04    -9340.939629       1.4942     0.100000    -0.416976          3
MinModeTranslate:   21  15:46:04    -9340.886239       2.2660     --------    -5.836458          3
MinModeTranslate:   21  15:46:04    -9340.886239       2.2660     0.100000    -5.836458          3
MinModeTranslate:   22  15:46:04    -9341.105327       2.3534     --------    -5.301987          3
MinModeTranslate:   22  15:46:04    -9341.105327       2.3534     0.100000    -5.301987          3
MinModeTranslate:   23  15:46:04    -9341.319287       0.3678     --------     0.456892          3
MinModeTranslate:   23  15:46:04    -9341.319287       0.3678     0.100000     0.456892          3
MinModeTranslate:   24  15:46:05    -9341.295669       2.2224     --------    -7.301081          3
MinModeTranslate:   24  15:46:05    -9341.295669       2.2224     0.055886    -7.301081          3
MinModeTranslate:   25  15:46:05    -9341.326749       1.7874     --------    -2.753706          3
MinModeTranslate:   25  15:46:05    -9341.326749       1.7874     0.040060    -2.753706          3
MinModeTranslate:   26  15:46:05    -9341.371866       1.8888     --------    -5.269755          3
MinModeTranslate:   26  15:46:05    -9341.371866       1.8888     0.100000    -5.269755          3
MinModeTranslate:   27  15:46:05    -9341.498017       0.8454     --------    -8.545425          3
MinModeTranslate:   27  15:46:05    -9341.498017       0.8454     0.020961    -8.545425          3
MinModeTranslate:   28  15:46:05    -9341.509126       1.0298     --------    -8.808990          3
MinModeTranslate:   28  15:46:05    -9341.509126       1.0298     0.100000    -8.808990          3
MinModeTranslate:   29  15:46:05    -9341.554822       0.7993     --------    -7.433578          3
MinModeTranslate:   29  15:46:05    -9341.554822       0.7993     0.065339    -7.433578          3
MinModeTranslate:   30  15:46:05    -9341.593933       0.9754     --------    -3.722404          3
MinModeTranslate:   30  15:46:05    -9341.593933       0.9754     0.050086    -3.722404          3
MinModeTranslate:   31  15:46:05    -9341.613196       0.6408     --------    -3.440973          3
MinModeTranslate:   31  15:46:05    -9341.613196       0.6408     0.033420    -3.440973          3
MinModeTranslate:   32  15:46:05    -9341.628192       0.3526     --------    -4.105771          3
MinModeTranslate:   32  15:46:05    -9341.628192       0.3526     0.021587    -4.105771          3
MinModeTranslate:   33  15:46:05    -9341.633654       0.4065     --------    -4.633588          3
MinModeTranslate:   33  15:46:05    -9341.633654       0.4065     0.028792    -4.633588          3
MinModeTranslate:   34  15:46:05    -9341.639325       0.3383     --------    -5.086969          3
MinModeTranslate:   34  15:46:05    -9341.639325       0.3383     0.025940    -5.086969          3
MinModeTranslate:   35  15:46:05    -9341.643461       0.1953     --------    -5.437321          3
MinModeTranslate:   35  15:46:06    -9341.643461       0.1953     0.017524    -5.437321          3
MinModeTranslate:   36  15:46:06    -9341.644935       0.2208     --------    -5.380753          3
MinModeTranslate:   36  15:46:06    -9341.644935       0.2208     0.009537    -5.380753          3
MinModeTranslate:   37  15:46:06    -9341.645419       0.2058     --------    -5.209428          3
MinModeTranslate:   37  15:46:06    -9341.645419       0.2058     0.018976    -5.209428          3
MinModeTranslate:   38  15:46:06    -9341.646240       0.1755     --------    -4.597527          3
MinModeTranslate:   38  15:46:06    -9341.646240       0.1755     0.014010    -4.597527          3
MinModeTranslate:   39  15:46:06    -9341.647041       0.0975     --------    -4.213070          3
MinModeTranslate:   39  15:46:06    -9341.647041       0.0975     0.009605    -4.213070          3
MinModeTranslate:   40  15:46:06    -9341.647625       0.1491     --------    -4.069499          3
MinModeTranslate:   40  15:46:06    -9341.647625       0.1491     0.009091    -4.069499          3
MinModeTranslate:   41  15:46:06    -9341.648184       0.0873     --------    -3.904483          3
MinModeTranslate:   41  15:46:06    -9341.648184       0.0873     0.016416    -3.904483          3
MinModeTranslate:   42  15:46:06    -9341.649186       0.1051     --------    -3.559232          3
MinModeTranslate:   42  15:46:06    -9341.649186       0.1051     0.012910    -3.559232          3
MinModeTranslate:   43  15:46:06    -9341.649926       0.0919     --------    -3.296673          3
MinModeTranslate:   43  15:46:06    -9341.649926       0.0919     0.006249    -3.296673          3
MinModeTranslate:   44  15:46:06    -9341.650224       0.0661     --------    -3.189452          3
MinModeTranslate:   44  15:46:06    -9341.650224       0.0661     0.005327    -3.189452          3
MinModeTranslate:   45  15:46:06    -9341.650394       0.0473     --------    -3.194228          3
MinModeTranslate:   45  15:46:06    -9341.650394       0.0473     0.008524    -3.194228          3
MinModeTranslate:   46  15:46:07    -9341.650559       0.0578     --------    -3.257545          3
MinModeTranslate:   46  15:46:07    -9341.650559       0.0578     0.009523    -3.257545          3
MinModeTranslate:   47  15:46:07    -9341.650709       0.1047     --------    -3.315768          3
MinModeTranslate:   47  15:46:07    -9341.650709       0.1047     0.010998    -3.315768          3
MinModeTranslate:   48  15:46:07    -9341.650920       0.0810     --------    -3.409320          3
MinModeTranslate:   48  15:46:07    -9341.650920       0.0810     0.008767    -3.409320          3
MinModeTranslate:   49  15:46:07    -9341.651123       0.0599     --------    -3.485038          3
MinModeTranslate:   49  15:46:07    -9341.651123       0.0599     0.007899    -3.485038          3
MinModeTranslate:   50  15:46:07    -9341.651315       0.0698     --------    -3.588252          3
MinModeTranslate:   50  15:46:07    -9341.651315       0.0698     0.010004    -3.588252          3
MinModeTranslate:   51  15:46:07    -9341.651587       0.0707     --------    -3.747255          3
MinModeTranslate:   51  15:46:07    -9341.651587       0.0707     0.008726    -3.747255          3
MinModeTranslate:   52  15:46:07    -9341.651832       0.0474     --------    -3.835405          3
MinModeTranslate:   52  15:46:07    -9341.651832       0.0474     0.009566    -3.835405          3
MinModeTranslate:   53  15:46:07    -9341.652031       0.0478     --------    -3.919060          3
MinModeTranslate:   53  15:46:07    -9341.652031       0.0478     0.007126    -3.919060          3
MinModeTranslate:   54  15:46:07    -9341.652157       0.0809     --------    -4.021965          3
MinModeTranslate:   54  15:46:07    -9341.652157       0.0809     0.009147    -4.021965          3
MinModeTranslate:   55  15:46:07    -9341.652271       0.0434     --------    -4.129496          3
MinModeTranslate:   55  15:46:07    -9341.652271       0.0434     0.007158    -4.129496          3
MinModeTranslate:   56  15:46:08    -9341.652325       0.0395     --------    -4.196074          3
MinModeTranslate:   56  15:46:08    -9341.652325       0.0395     0.006983    -4.196074          3
MinModeTranslate:   57  15:46:08    -9341.652377       0.0391     --------    -4.210065          3
MinModeTranslate:   57  15:46:08    -9341.652377       0.0391     0.005545    -4.210065          3
MinModeTranslate:   58  15:46:08    -9341.652421       0.0483     --------    -4.182141          3
MinModeTranslate:   58  15:46:08    -9341.652421       0.0483     0.004598    -4.182141          3
MinModeTranslate:   59  15:46:08    -9341.652479       0.0264     --------    -4.168704          3
MinModeTranslate:   59  15:46:08    -9341.652479       0.0264     0.005844    -4.168704          3
MinModeTranslate:   60  15:46:08    -9341.652563       0.0246     --------    -4.149276          3
MinModeTranslate:   60  15:46:08    -9341.652563       0.0246     0.004579    -4.149276          3
MinModeTranslate:   61  15:46:08    -9341.652631       0.0471     --------    -4.135564          3
MinModeTranslate:   61  15:46:08    -9341.652631       0.0471     0.005551    -4.135564          3
MinModeTranslate:   62  15:46:08    -9341.652714       0.0331     --------    -4.121641          3
MinModeTranslate:   62  15:46:08    -9341.652714       0.0331     0.004600    -4.121641          3
MinModeTranslate:   63  15:46:08    -9341.652770       0.0262     --------    -4.088856          3
MinModeTranslate:   63  15:46:08    -9341.652770       0.0262     0.003702    -4.088856          3
MinModeTranslate:   64  15:46:08    -9341.652798       0.0192     --------    -4.076060          3
MinModeTranslate:   64  15:46:08    -9341.652798       0.0192     0.003237    -4.076060          3
MinModeTranslate:   65  15:46:08    -9341.652818       0.0312     --------    -4.071852          3
MinModeTranslate:   65  15:46:08    -9341.652818       0.0312     0.003142    -4.071852          3
MinModeTranslate:   66  15:46:08    -9341.652828       0.0209     --------    -4.056116          1
MinModeTranslate:   66  15:46:09    -9341.652828       0.0209     0.005006    -4.056116          1
MinModeTranslate:   67  15:46:09    -9341.652845       0.0201     --------    -4.065228          3
MinModeTranslate:   67  15:46:09    -9341.652845       0.0201     0.003231    -4.065228          3
MinModeTranslate:   68  15:46:09    -9341.652862       0.0276     --------    -4.119779          3
MinModeTranslate:   68  15:46:09    -9341.652862       0.0276     0.002188    -4.119779          3
MinModeTranslate:   69  15:46:09    -9341.652876       0.0171     --------    -4.161619          3
MinModeTranslate:   69  15:46:09    -9341.652876       0.0171     0.002057    -4.161619          3
MinModeTranslate:   70  15:46:09    -9341.652901       0.0160     --------    -4.198521          3
MinModeTranslate:   70  15:46:09    -9341.652901       0.0160     0.004221    -4.198521          3
MinModeTranslate:   71  15:46:09    -9341.652932       0.0192     --------    -4.257642          2
MinModeTranslate:   71  15:46:09    -9341.652932       0.0192     0.005674    -4.257642          2
MinModeTranslate:   72  15:46:09    -9341.652979       0.0363     --------    -4.331012          2
MinModeTranslate:   72  15:46:09    -9341.652979       0.0363     0.007300    -4.331012          2
MinModeTranslate:   73  15:46:09    -9341.653032       0.0268     --------    -4.423733          3
MinModeTranslate:   73  15:46:09    -9341.653032       0.0268     0.012531    -4.423733          3
MinModeTranslate:   74  15:46:09    -9341.653126       0.0291     --------    -4.554010          3
MinModeTranslate:   74  15:46:09    -9341.653126       0.0291     0.013673    -4.554010          3
MinModeTranslate:   75  15:46:09    -9341.653196       0.0434     --------    -4.645680          3
MinModeTranslate:   75  15:46:09    -9341.653196       0.0434     0.025230    -4.645680          3
MinModeTranslate:   76  15:46:09    -9341.653305       0.0656     --------    -4.761827          3
MinModeTranslate:   76  15:46:09    -9341.653305       0.0656     0.030504    -4.761827          3
MinModeTranslate:   77  15:46:09    -9341.653476       0.0888     --------    -4.865501          3
MinModeTranslate:   77  15:46:09    -9341.653476       0.0888     0.087725    -4.865501          3
MinModeTranslate:   78  15:46:10    -9341.653952       0.1210     --------    -5.178686          3
MinModeTranslate:   78  15:46:10    -9341.653952       0.1210     0.060144    -5.178686          3
MinModeTranslate:   79  15:46:10    -9341.654261       0.1516     --------    -5.367714          3
MinModeTranslate:   79  15:46:10    -9341.654261       0.1516     0.051721    -5.367714          3
MinModeTranslate:   80  15:46:10    -9341.655234       0.1028     --------    -5.448500          3
MinModeTranslate:   80  15:46:10    -9341.655234       0.1028     0.039396    -5.448500          3
MinModeTranslate:   81  15:46:10    -9341.656121       0.2166     --------    -5.529381          3
MinModeTranslate:   81  15:46:10    -9341.656121       0.2166     0.095506    -5.529381          3
MinModeTranslate:   82  15:46:10    -9341.657847       0.1614     --------    -5.424391          3
MinModeTranslate:   82  15:46:10    -9341.657847       0.1614     0.098178    -5.424391          3
MinModeTranslate:   83  15:46:10    -9341.659270       0.1739     --------    -5.294800          3
MinModeTranslate:   83  15:46:10    -9341.659270       0.1739     0.061255    -5.294800          3
MinModeTranslate:   84  15:46:10    -9341.660793       0.1814     --------    -5.217809          3
MinModeTranslate:   84  15:46:10    -9341.660793       0.1814     0.045550    -5.217809          3
MinModeTranslate:   85  15:46:10    -9341.662277       0.2866     --------    -4.979508          3
MinModeTranslate:   85  15:46:10    -9341.662277       0.2866     0.083253    -4.979508          3
MinModeTranslate:   86  15:46:10    -9341.664972       0.1929     --------    -4.734120          3
MinModeTranslate:   86  15:46:10    -9341.664972       0.1929     0.080079    -4.734120          3
MinModeTranslate:   87  15:46:10    -9341.668145       0.2432     --------    -4.697511          3
MinModeTranslate:   87  15:46:10    -9341.668145       0.2432     0.075613    -4.697511          3
MinModeTranslate:   88  15:46:10    -9341.671465       0.3088     --------    -4.861623          3
MinModeTranslate:   88  15:46:10    -9341.671465       0.3088     0.068570    -4.861623          3
MinModeTranslate:   89  15:46:11    -9341.674195       0.2546     --------    -5.162725          3
MinModeTranslate:   89  15:46:11    -9341.674195       0.2546     0.100000    -5.162725          3
MinModeTranslate:   90  15:46:11    -9341.678481       0.2032     --------    -5.379264          3
MinModeTranslate:   90  15:46:11    -9341.678481       0.2032     0.019106    -5.379264          3
MinModeTranslate:   91  15:46:11    -9341.680030       0.2303     --------    -5.387450          3
MinModeTranslate:   91  15:46:11    -9341.680030       0.2303     0.022433    -5.387450          3
MinModeTranslate:   92  15:46:11    -9341.681380       0.2164     --------    -5.564141          3
MinModeTranslate:   92  15:46:11    -9341.681380       0.2164     0.033442    -5.564141          3
MinModeTranslate:   93  15:46:11    -9341.683562       0.1486     --------    -5.812400          3
MinModeTranslate:   93  15:46:11    -9341.683562       0.1486     0.019565    -5.812400          3
MinModeTranslate:   94  15:46:11    -9341.684793       0.2529     --------    -6.047762          3
MinModeTranslate:   94  15:46:11    -9341.684793       0.2529     0.033571    -6.047762          3
MinModeTranslate:   95  15:46:11    -9341.686735       0.1682     --------    -6.942222          3
MinModeTranslate:   95  15:46:11    -9341.686735       0.1682     0.027104    -6.942222          3
MinModeTranslate:   96  15:46:11    -9341.688243       0.2044     --------    -7.474806          3
MinModeTranslate:   96  15:46:11    -9341.688243       0.2044     0.027146    -7.474806          3
MinModeTranslate:   97  15:46:11    -9341.689744       0.2412     --------    -7.563801          3
MinModeTranslate:   97  15:46:11    -9341.689744       0.2412     0.065867    -7.563801          3
MinModeTranslate:   98  15:46:11    -9341.692755       0.2498     --------    -8.201726          3
MinModeTranslate:   98  15:46:11    -9341.692755       0.2498     0.057741    -8.201726          3
MinModeTranslate:   99  15:46:11    -9341.695261       0.5250     --------    -9.372702          3
MinModeTranslate:   99  15:46:12    -9341.695261       0.5250     0.100000    -9.372702          3
MinModeTranslate:  100  15:46:12    -9341.701139       0.4183     --------   -10.581764          3
MinModeTranslate:  100  15:46:12    -9341.701139       0.4183     0.100000   -10.581764          3
MinModeTranslate:  101  15:46:12    -9341.711250       0.4114     --------    -9.938573          3
MinModeTranslate:  101  15:46:12    -9341.711250       0.4114     0.100000    -9.938573          3
MinModeTranslate:  102  15:46:12    -9341.741282       1.6192     --------   -20.232026          3
MinModeTranslate:  102  15:46:12    -9341.741282       1.6192     0.100000   -20.232026          3
MinModeTranslate:  103  15:46:12    -9341.804057       2.5994     --------   -28.012482          3
MinModeTranslate:  103  15:46:12    -9341.804057       2.5994     0.095895   -28.012482          3
MinModeTranslate:  104  15:46:12    -9341.718145       3.0030     --------   -23.063022          3
MinModeTranslate:  104  15:46:12    -9341.718145       3.0030     0.029545   -23.063022          3
MinModeTranslate:  105  15:46:12    -9341.763447       1.0742     --------   -23.893606          3
MinModeTranslate:  105  15:46:12    -9341.763447       1.0742     0.063460   -23.893606          3
MinModeTranslate:  106  15:46:12    -9341.724837       0.7246     --------    -7.507414          3
MinModeTranslate:  106  15:46:12    -9341.724837       0.7246     0.044120    -7.507414          3
MinModeTranslate:  107  15:46:12    -9341.713944       0.6214     --------    -2.847743          3
MinModeTranslate:  107  15:46:12    -9341.713944       0.6214     0.085393    -2.847743          3
MinModeTranslate:  108  15:46:12    -9341.690824       0.5187     --------    -1.522055          3
MinModeTranslate:  108  15:46:12    -9341.690824       0.5187     0.051008    -1.522055          3
MinModeTranslate:  109  15:46:12    -9341.685033       0.6437     --------    -1.218766          3
MinModeTranslate:  109  15:46:13    -9341.685033       0.6437     0.032441    -1.218766          3
MinModeTranslate:  110  15:46:13    -9341.680470       0.5573     --------    -1.516459          3
MinModeTranslate:  110  15:46:13    -9341.680470       0.5573     0.051442    -1.516459          3
MinModeTranslate:  111  15:46:13    -9341.679278       0.4682     --------    -0.906491          3
MinModeTranslate:  111  15:46:13    -9341.679278       0.4682     0.040376    -0.906491          3
MinModeTranslate:  112  15:46:13    -9341.681151       0.4453     --------    -0.590306          3
MinModeTranslate:  112  15:46:13    -9341.681151       0.4453     0.034601    -0.590306          3
MinModeTranslate:  113  15:46:13    -9341.683833       0.5042     --------    -0.416090          3
MinModeTranslate:  113  15:46:13    -9341.683833       0.5042     0.053841    -0.416090          3
MinModeTranslate:  114  15:46:13    -9341.689136       0.0168     --------     0.099041          3
MinModeTranslate:  114  15:46:13    -9341.689136       0.0168     0.100000     0.099041          3
MinModeTranslate:  115  15:46:13    -9341.682328       0.0278     --------     0.861564          3
MinModeTranslate:  115  15:46:13    -9341.682328       0.0278     0.100000     0.861564          3
MinModeTranslate:  116  15:46:13    -9341.669055       0.4797     --------    -0.163407          3
MinModeTranslate:  116  15:46:13    -9341.669055       0.4797     0.077131    -0.163407          3
MinModeTranslate:  117  15:46:13    -9341.677693       0.0018     --------     0.153273          3
MinModeTranslate:  117  15:46:13    -9341.677693       0.0018     0.100000     0.153273          3
MinModeTranslate:  118  15:46:13    -9341.677850       0.5092     --------    -0.409977          3
MinModeTranslate:  118  15:46:13    -9341.677850       0.5092     0.100000    -0.409977          3
MinModeTranslate:  119  15:46:13    -9341.675869       0.0114     --------     1.647363          3
MinModeTranslate:  119  15:46:13    -9341.675869       0.0114     0.100000     1.647363          3
MinModeTranslate:  120  15:46:13    -9341.643795       0.0888     --------     1.874947          3
MinModeTranslate:  120  15:46:13    -9341.643795       0.0888     0.100000     1.874947          3
MinModeTranslate:  121  15:46:14    -9341.558017       0.1591     --------     1.661772          3
MinModeTranslate:  121  15:46:14    -9341.558017       0.1591     0.100000     1.661772          3
MinModeTranslate:  122  15:46:14    -9341.424441       0.2639     --------     0.649635          3
MinModeTranslate:  122  15:46:14    -9341.424441       0.2639     0.100000     0.649635          3
MinModeTranslate:  123  15:46:14    -9341.265342       2.4771     --------    -3.675623          3
MinModeTranslate:  123  15:46:14    -9341.265342       2.4771     0.066279    -3.675623          3
MinModeTranslate:  124  15:46:14    -9341.372285       2.2803     --------    -3.548982          3
MinModeTranslate:  124  15:46:14    -9341.372285       2.2803     0.100000    -3.548982          3
MinModeTranslate:  125  15:46:14    -9341.525758       1.2547     --------    -0.321132          3
MinModeTranslate:  125  15:46:14    -9341.525758       1.2547     0.097294    -0.321132          3
MinModeTranslate:  126  15:46:14    -9341.605847       0.2538     --------     1.281156          3
MinModeTranslate:  126  15:46:14    -9341.605847       0.2538     0.100000     1.281156          3
MinModeTranslate:  127  15:46:14    -9341.548722       0.8125     --------    -2.044575          3
MinModeTranslate:  127  15:46:14    -9341.548722       0.8125     0.100000    -2.044575          3
MinModeTranslate:  128  15:46:14    -9341.518012       0.9272     --------    -4.478733          3
MinModeTranslate:  128  15:46:14    -9341.518012       0.9272     0.047261    -4.478733          3
MinModeTranslate:  129  15:46:14    -9341.505976       0.7264     --------    -5.138962          3
MinModeTranslate:  129  15:46:14    -9341.505976       0.7264     0.017629    -5.138962          3
MinModeTranslate:  130  15:46:14    -9341.515868       0.5858     --------    -5.773541          3
MinModeTranslate:  130  15:46:14    -9341.515868       0.5858     0.014911    -5.773541          3
MinModeTranslate:  131  15:46:14    -9341.520796       0.2604     --------    -6.009050          3
MinModeTranslate:  131  15:46:14    -9341.520796       0.2604     0.032271    -6.009050          3
MinModeTranslate:  132  15:46:15    -9341.528428       0.3204     --------    -4.711124          3
MinModeTranslate:  132  15:46:15    -9341.528428       0.3204     0.024555    -4.711124          3
MinModeTranslate:  133  15:46:15    -9341.533084       0.2414     --------    -3.852731          3
MinModeTranslate:  133  15:46:15    -9341.533084       0.2414     0.043441    -3.852731          3
MinModeTranslate:  134  15:46:15    -9341.540424       0.3799     --------    -3.293095          3
MinModeTranslate:  134  15:46:15    -9341.540424       0.3799     0.021209    -3.293095          3
MinModeTranslate:  135  15:46:15    -9341.543545       0.3217     --------    -3.185264          3
MinModeTranslate:  135  15:46:15    -9341.543545       0.3217     0.060534    -3.185264          3
MinModeTranslate:  136  15:46:15    -9341.550959       0.3503     --------    -3.381298          3
MinModeTranslate:  136  15:46:15    -9341.550959       0.3503     0.067948    -3.381298          3
MinModeTranslate:  137  15:46:15    -9341.557210       0.2737     --------    -4.082323          3
MinModeTranslate:  137  15:46:15    -9341.557210       0.2737     0.054468    -4.082323          3
MinModeTranslate:  138  15:46:15    -9341.560226       0.5506     --------    -4.434109          3
MinModeTranslate:  138  15:46:15    -9341.560226       0.5506     0.083951    -4.434109          3
MinModeTranslate:  139  15:46:15    -9341.564847       0.4631     --------    -4.470418          3
MinModeTranslate:  139  15:46:15    -9341.564847       0.4631     0.100000    -4.470418          3
MinModeTranslate:  140  15:46:15    -9341.571485       0.3241     --------    -4.465600          3
MinModeTranslate:  140  15:46:15    -9341.571485       0.3241     0.098735    -4.465600          3
MinModeTranslate:  141  15:46:15    -9341.581597       0.4811     --------    -4.928190          3
MinModeTranslate:  141  15:46:15    -9341.581597       0.4811     0.100000    -4.928190          3
MinModeTranslate:  142  15:46:15    -9341.588679       0.3825     --------    -4.374060          3
MinModeTranslate:  142  15:46:15    -9341.588679       0.3825     0.048599    -4.374060          3
MinModeTranslate:  143  15:46:16    -9341.594012       0.8106     --------    -3.917343          3
MinModeTranslate:  143  15:46:16    -9341.594012       0.8106     0.100000    -3.917343          3
MinModeTranslate:  144  15:46:16    -9341.613549       0.4251     --------    -2.843850          3
MinModeTranslate:  144  15:46:16    -9341.613549       0.4251     0.025477    -2.843850          3
MinModeTranslate:  145  15:46:16    -9341.620358       0.3917     --------    -2.977793          3
MinModeTranslate:  145  15:46:16    -9341.620358       0.3917     0.051682    -2.977793          3
MinModeTranslate:  146  15:46:16    -9341.625513       0.7213     --------    -3.460534          3
MinModeTranslate:  146  15:46:16    -9341.625513       0.7213     0.058867    -3.460534          3
MinModeTranslate:  147  15:46:16    -9341.634685       0.5037     --------    -5.450206          3
MinModeTranslate:  147  15:46:16    -9341.634685       0.5037     0.034168    -5.450206          3
MinModeTranslate:  148  15:46:16    -9341.639497       0.2986     --------    -6.790395          3
MinModeTranslate:  148  15:46:16    -9341.639497       0.2986     0.035558    -6.790395          3
MinModeTranslate:  149  15:46:16    -9341.645885       0.4040     --------    -7.801837          3
MinModeTranslate:  149  15:46:16    -9341.645885       0.4040     0.036364    -7.801837          3
MinModeTranslate:  150  15:46:16    -9341.652798       0.4095     --------    -8.136476          3
MinModeTranslate:  150  15:46:16    -9341.652798       0.4095     0.032464    -8.136476          3
MinModeTranslate:  151  15:46:16    -9341.658454       0.3214     --------    -8.026667          3
MinModeTranslate:  151  15:46:16    -9341.658454       0.3214     0.042910    -8.026667          3
MinModeTranslate:  152  15:46:16    -9341.664613       0.3061     --------    -7.974651          3
MinModeTranslate:  152  15:46:16    -9341.664613       0.3061     0.040428    -7.974651          3
MinModeTranslate:  153  15:46:16    -9341.669207       0.2922     --------    -7.973316          3
MinModeTranslate:  153  15:46:16    -9341.669207       0.2922     0.034437    -7.973316          3
MinModeTranslate:  154  15:46:17    -9341.672426       0.3838     --------    -7.701341          3
MinModeTranslate:  154  15:46:17    -9341.672426       0.3838     0.045339    -7.701341          3
MinModeTranslate:  155  15:46:17    -9341.677340       0.4285     --------    -7.306744          3
MinModeTranslate:  155  15:46:17    -9341.677340       0.4285     0.074297    -7.306744          3
MinModeTranslate:  156  15:46:17    -9341.686542       0.2739     --------    -6.979580          3
MinModeTranslate:  156  15:46:17    -9341.686542       0.2739     0.053348    -6.979580          3
MinModeTranslate:  157  15:46:17    -9341.692871       0.2825     --------    -6.858488          3
MinModeTranslate:  157  15:46:17    -9341.692871       0.2825     0.100000    -6.858488          3
MinModeTranslate:  158  15:46:17    -9341.704310       0.3653     --------    -6.070685          3
MinModeTranslate:  158  15:46:17    -9341.704310       0.3653     0.032827    -6.070685          3
MinModeTranslate:  159  15:46:17    -9341.708060       0.3585     --------    -5.820223          3
MinModeTranslate:  159  15:46:17    -9341.708060       0.3585     0.046371    -5.820223          3
MinModeTranslate:  160  15:46:17    -9341.709790       0.4711     --------    -5.432726          3
