MINMODE:METHOD: Dimer
DIM:CONTROL: Search Parameters:
DIM:CONTROL: ------------------
DIM:CONTROL: eigenmode_method = dimer
DIM:CONTROL: f_rot_min = 0.01
DIM:CONTROL: f_rot_max = 0.1
DIM:CONTROL: max_num_rot = 3
DIM:CONTROL: trial_angle = 0.7853981633974483
DIM:CONTROL: trial_trans_step = 0.001
DIM:CONTROL: maximum_translation = 0.1
DIM:CONTROL: cg_translation = True
DIM:CONTROL: use_central_forces = True
DIM:CONTROL: dimer_separation = 0.005
DIM:CONTROL: initial_eigenmode_method = gauss
DIM:CONTROL: extrapolate_forces = True
DIM:CONTROL: displacement_method = gauss
DIM:CONTROL: gauss_std = 0.1
DIM:CONTROL: order = 1
DIM:CONTROL: mask = None
DIM:CONTROL: displacement_center = None
DIM:CONTROL: displacement_radius = None
DIM:CONTROL: number_of_displacement_atoms = None
DIM:CONTROL: ------------------
DIM:ROT: OPT-STEP ROT-STEP CURVATURE ROT-ANGLE ROT-FORCE
DIM:ROT:       0         1    3.3622   66.8167 1159.7326
DIM:ROT:       0         2 -3129.9699    0.8866   49.1295
DIM:ROT:       0         3 -3131.2782    0.0263    1.4487
DIM:ROT:       1         1 -3583.2504    0.6446   40.3796
DIM:ROT:       1         2 -3583.5501    0.0061    0.3789
DIM:ROT:       1         2 -3583.5529 ---------    0.0042
DIM:ROT:       2         1 -3123.8598    2.1988  120.9579
DIM:ROT:       2         2 -3124.6438    0.0171    0.9413
DIM:ROT:       2         3 -3124.6481    0.0002    0.0116
DIM:ROT:       3         1 -2769.1675    1.4760   73.8811
DIM:ROT:       3         2 -2770.5327    0.0285    1.4192
DIM:ROT:       3         3 -2770.5583    0.0006    0.0298
DIM:ROT:       4         1 -2382.5646    1.6581   70.5028
DIM:ROT:       4         2 -2383.3930    0.0595    2.4954
DIM:ROT:       4         3 -2383.4243    0.0020    0.0833
DIM:ROT:       5         1 -2508.6233    1.0143   44.9857
DIM:ROT:       5         2 -2508.5688    0.0136    0.6143
DIM:ROT:       5         3 -2508.5692    0.0003    0.0118
DIM:ROT:       6         1 -2380.7598    1.1189   47.6353
DIM:ROT:       6         2 -2381.0458    0.0173    0.7400
DIM:ROT:       6         3 -2381.0477    0.0004    0.0164
DIM:ROT:       7         1 -2284.0773    1.7646   71.5273
DIM:ROT:       7         2 -2284.8139    0.0503    2.0495
DIM:ROT:       7         3 -2284.8343    0.0021    0.0842
DIM:ROT:       8         1 -1854.8003    1.3986   45.2098
DIM:ROT:       8         2 -1856.3237    0.0657    2.1120
DIM:ROT:       8         3 -1856.3941    0.0034    0.1111
DIM:ROT:       9         1 -2298.1547    1.4275   59.3767
DIM:ROT:       9         2 -2298.0452    0.0471    1.9570
DIM:ROT:       9         3 -2298.0449    0.0018    0.0736
DIM:ROT:      10         1 -2409.1219    3.2442  135.8556
DIM:ROT:      10         2 -2410.3825    0.0543    2.3330
DIM:ROT:      10         3 -2410.3998    0.0017    0.0711
DIM:ROT:      11         1 -2480.9615    1.1257   49.0236
DIM:ROT:      11         2 -2480.6077    0.0190    0.8468
DIM:ROT:      11         2 -2480.6050 ---------    0.0099
DIM:ROT:      12         1 -2686.7775    2.8862  134.3890
DIM:ROT:      12         2 -2686.7259    0.0189    0.8988
DIM:ROT:      12         3 -2686.7208    0.0003    0.0143
DIM:ROT:      13         1 -2111.9711    2.6071   94.8598
DIM:ROT:      13         2 -2107.5977    0.1197    4.4570
DIM:ROT:      13         3 -2107.4227    0.0051    0.1873
DIM:ROT:      14         1 -2927.1596    3.0341  155.5510
DIM:ROT:      14         2 -2926.3088    0.0722    3.8478
DIM:ROT:      14         3 -2926.2800    0.0016    0.0815
DIM:ROT:      15         1 -2980.5636    0.6103   32.1176
DIM:ROT:      15         2 -2980.8037    0.0125    0.6614
DIM:ROT:      15         3 -2980.8098    0.0004    0.0220
DIM:ROT:      16         1 -2956.0251    4.6080  234.9653
DIM:ROT:      16         2 -2956.7878    0.0209    1.0826
DIM:ROT:      16         3 -2956.7897    0.0003    0.0183
DIM:ROT:      17         1 -2881.4358    0.2729   13.7286
DIM:ROT:      17         2 -2881.3058    0.0033    0.1689
DIM:ROT:      17         2 -2881.3046 ---------    0.0024
DIM:ROT:      18         1 -2804.3408    2.5096  123.6393
DIM:ROT:      18         2 -2804.4977    0.0492    2.4536
DIM:ROT:      18         3 -2804.4887    0.0010    0.0521
DIM:ROT:      19         1 -2755.0350    0.5487   27.2405
DIM:ROT:      19         2 -2755.3666    0.0143    0.6874
DIM:ROT:      19         3 -2755.3742    0.0002    0.0117
DIM:ROT:      20         1 -2474.9944    3.6587  159.0181
DIM:ROT:      20         2 -2477.8326    0.1086    4.7323
DIM:ROT:      20         3 -2477.8986    0.0031    0.1343
DIM:ROT:      21         1 -2435.1556    1.9522   81.9715
DIM:ROT:      21         2 -2433.3928    0.0474    2.0386
DIM:ROT:      21         3 -2433.3596    0.0009    0.0406
DIM:ROT:      22         1 -2453.5638    3.2847  144.0264
DIM:ROT:      22         2 -2452.4940    0.0450    1.9707
DIM:ROT:      22         3 -2452.4770    0.0009    0.0372
DIM:ROT:      23         1 -2341.1049    3.7149  155.6879
DIM:ROT:      23         2 -2343.2636    0.0865    3.5540
DIM:ROT:      23         3 -2343.3067    0.0013    0.0524
DIM:ROT:      24         1 -2301.7420    3.8160  157.2172
DIM:ROT:      24         2 -2303.0826    0.0850    3.4267
DIM:ROT:      24         3 -2303.0983    0.0020    0.0828
DIM:ROT:      25         1 -1802.8186    5.4507  181.4706
DIM:ROT:      25         2 -1805.2959    0.1931    6.3228
DIM:ROT:      25         3 -1805.3643    0.0082    0.2674
DIM:ROT:      26         1 -1295.9852    4.7447  118.1563
DIM:ROT:      26         2 -1296.3878    0.3631    8.8367
DIM:ROT:      26         3 -1296.3624    0.0332    0.8346
DIM:ROT:      27         1 -640.1711   13.3255  163.8372
DIM:ROT:      27         2 -638.2729    0.7468   10.0228
DIM:ROT:      27         3 -638.1855    0.1119    1.5489
DIM:ROT:      28         1 -452.4380    5.9616   55.4314
DIM:ROT:      28         2 -453.2943    0.6924    6.6648
DIM:ROT:      28         3 -453.3309    0.1253    1.2493
DIM:ROT:      29         1 -414.2369   12.8741  116.1859
DIM:ROT:      29         2 -413.5553    1.3116   11.3290
DIM:ROT:      29         3 -413.5568    0.2007    1.7812
DIM:ROT:      30         1 -481.8116    1.6259   15.9649
DIM:ROT:      30         2 -481.9428    0.2058    2.0526
DIM:ROT:      30         3 -481.9435    0.0283    0.2816
DIM:ROT:      31         1 -407.7308    5.5478   49.7444
DIM:ROT:      31         2 -407.3859    0.6877    5.9668
DIM:ROT:      31         3 -407.3714    0.1142    0.9909
DIM:ROT:      32         1 -400.5327    2.6920   23.5210
DIM:ROT:      32         2 -400.7037    0.4458    3.6971
DIM:ROT:      32         3 -400.7121    0.0758    0.6621
DIM:ROT:      33         1 -364.4212    2.7593   19.7306
DIM:ROT:      33         2 -364.3720    0.3717    3.1707
DIM:ROT:      33         3 -364.3758    0.0715    0.5291
DIM:ROT:      34         1 -360.5008    2.1138   15.6116
DIM:ROT:      34         2 -360.3549    0.3361    2.8910
DIM:ROT:      34         3 -360.3512    0.0665    0.4866
DIM:ROT:      35         1 -389.2580    2.3726   20.8053
DIM:ROT:      35         2 -389.4098    0.3705    3.0521
DIM:ROT:      35         3 -389.4088    0.0633    0.5544
DIM:ROT:      36         1 -379.1591    2.4789   16.7399
DIM:ROT:      36         2 -379.2100    0.1387    1.1419
DIM:ROT:      36         3 -379.2145    0.0171    0.1403
DIM:ROT:      37         1 -371.6874    1.1927   10.2724
DIM:ROT:      37         2 -371.6158    0.1772    1.4282
DIM:ROT:      37         3 -371.6107    0.0328    0.2727
DIM:ROT:      38         1 -379.7038    1.1904    9.3713
DIM:ROT:      38         2 -379.7584    0.2050    1.7643
DIM:ROT:      38         3 -379.7545    0.0396    0.3175
DIM:ROT:      39         1 -356.8220    1.7300   11.9580
DIM:ROT:      39         2 -356.8456    0.2328    2.0035
DIM:ROT:      39         3 -356.8558    0.0472    0.3347
DIM:ROT:      40         1 -347.7862    1.6527   12.4191
DIM:ROT:      40         2 -347.7165    0.2848    2.2531
DIM:ROT:      40         3 -347.7144    0.0614    0.4650
DIM:ROT:      41         1 -355.6662    1.4504   11.6144
DIM:ROT:      41         2 -355.7603    0.2801    2.1932
DIM:ROT:      41         3 -355.7596    0.0546    0.4412
DIM:ROT:      42         1 -324.8898    3.3186   20.2204
DIM:ROT:      42         2 -324.9577    0.4058    3.4052
DIM:ROT:      42         3 -324.9795    0.0832    0.5197
DIM:ROT:      43         1 -308.5339    2.4708   14.6243
DIM:ROT:      43         2 -308.4954    0.3426    2.8234
DIM:ROT:      43         3 -308.4994    0.0721    0.4343
DIM:ROT:      44         1 -302.3661    4.0032   29.6700
DIM:ROT:      44         2 -302.7739    0.8931    6.0211
DIM:ROT:      44         3 -302.7819    0.1925    1.4249
DIM:ROT:      45         1 -291.8035    4.0044   23.4524
DIM:ROT:      45         2 -292.0125    0.5915    4.4378
DIM:ROT:      45         3 -292.0048    0.1433    0.9233
DIM:ROT:      46         1 -297.5718    1.3631    9.6883
DIM:ROT:      46         2 -297.6681    0.3218    2.2739
DIM:ROT:      46         3 -297.6643    0.0778    0.5574
DIM:ROT:      47         1 -288.0878    2.2423   17.3538
DIM:ROT:      47         2 -288.1005    0.4204    2.7213
DIM:ROT:      47         3 -288.1016    0.0800    0.5924
DIM:ROT:      48         1 -299.4993    1.6293   13.4404
DIM:ROT:      48         2 -299.6289    0.3683    2.1280
DIM:ROT:      48         3 -299.6337    0.0532    0.4373
DIM:ROT:      49         1 -305.7650    1.3953   10.4603
DIM:ROT:      49         2 -305.7484    0.2802    1.9999
DIM:ROT:      49         3 -305.7504    0.0652    0.4769
DIM:ROT:      50         1 -298.7203    1.2869    7.4621
DIM:ROT:      50         2 -298.7392    0.1640    1.2767
DIM:ROT:      50         3 -298.7449    0.0371    0.2299
DIM:ROT:      51         1 -296.0386    1.7739   10.2113
DIM:ROT:      51         2 -296.0449    0.2431    1.9648
DIM:ROT:      51         3 -296.0405    0.0525    0.3153
DIM:ROT:      52         1 -298.4590    1.0709    7.0957
DIM:ROT:      52         2 -298.5087    0.2273    1.6514
DIM:ROT:      52         3 -298.5083    0.0585    0.3921
DIM:ROT:      53         1 -288.6213    1.2153    8.4765
DIM:ROT:      53         2 -288.6092    0.2798    1.9130
DIM:ROT:      53         3 -288.6093    0.0701    0.4842
DIM:ROT:      54         1 -286.8918    2.7840   15.1287
DIM:ROT:      54         2 -286.9509    0.3903    3.0813
DIM:ROT:      54         3 -286.9423    0.0889    0.5138
DIM:ROT:      55         1 -282.0642    3.3202   18.3819
DIM:ROT:      55         2 -282.1859    0.5135    3.7591
DIM:ROT:      55         3 -282.1778    0.1233    0.7624
DIM:ROT:      56         1 -285.8738    4.5967   27.9421
DIM:ROT:      56         2 -286.0923    0.8950    6.6758
DIM:ROT:      56         3 -286.0622    0.2426    1.5641
DIM:ROT:      57         1 -300.9502    5.3812   43.5438
DIM:ROT:      57         2 -301.5650    1.5094    9.7709
DIM:ROT:      57         3 -301.5610    0.3352    2.7301
DIM:ROT:      58         1 -275.3304    3.7860   22.3209
DIM:ROT:      58         2 -275.4554    0.8384    6.5977
DIM:ROT:      58         3 -275.4350    0.2458    1.4728
DIM:ROT:      59         1 -281.0413    4.0915   27.8318
DIM:ROT:      59         2 -281.2497    1.1273    8.4047
DIM:ROT:      59         3 -281.2092    0.3418    2.3595
DIM:ROT:      60         1 -274.6927    4.0464   27.5054
DIM:ROT:      60         2 -274.9687    1.1634    8.5230
DIM:ROT:      60         3 -274.9736    0.3607    2.4764
DIM:ROT:      61         1 -267.7186    1.8799   12.0496
DIM:ROT:      61         2 -267.6717    0.3959    3.0649
DIM:ROT:      61         3 -267.6827    0.1332    0.8370
DIM:ROT:      62         1 -261.3501    2.3238   18.4254
DIM:ROT:      62         2 -261.4578    0.7581    4.4277
DIM:ROT:      62         3 -261.4516    0.1789    1.4219
DIM:ROT:      63         1 -251.6075    1.6061   10.4576
DIM:ROT:      63         2 -251.5756    0.4699    3.2876
DIM:ROT:      63         3 -251.5789    0.1589    1.0163
DIM:ROT:      64         1 -269.7336    1.1815    8.2351
DIM:ROT:      64         2 -269.7631    0.3475    2.4996
DIM:ROT:      64         3 -269.7480    0.1097    0.7653
DIM:ROT:      65         1 -268.2769    0.9741    5.8801
DIM:ROT:      65         2 -268.2789    0.2152    1.6669
DIM:ROT:      65         3 -268.2802    0.0711    0.4420
DIM:ROT:      66         1 -276.3558    0.9716    5.4056
DIM:ROT:      66         2 -276.3749    0.1663    1.3786
DIM:ROT:      66         3 -276.3731    0.0506    0.3025
DIM:ROT:      67         1 -255.4990    2.9255   25.9788
DIM:ROT:      67         2 -255.7663    0.4518    2.5990
DIM:ROT:      67         3 -255.7781    0.0585    0.4088
DIM:ROT:      68         1 -244.0691    1.9760   12.2371
DIM:ROT:      68         2 -244.0393    0.5535    3.8785
DIM:ROT:      68         3 -244.0503    0.2027    1.2317
DIM:ROT:      69         1 -265.2706    3.1701   15.3468
DIM:ROT:      69         2 -265.2164    0.3578    2.9063
DIM:ROT:      69         3 -265.2233    0.0917    0.5560
DIM:ROT:      70         1 -238.3309    3.0267   20.6815
DIM:ROT:      70         2 -238.4940    1.0440    6.1742
DIM:ROT:      70         3 -238.4866    0.3227    2.1930
DIM:ROT:      71         1 -213.7163    3.5015   25.1355
DIM:ROT:      71         2 -213.6225    0.8911    4.7754
DIM:ROT:      71         3 -213.6490    0.2271    1.4740
DIM:ROT:      72         1 -195.6259    5.2890   35.1670
DIM:ROT:      72         2 -195.1225    1.2711    6.2047
DIM:ROT:      72         3 -195.1421    0.3197    1.9341
DIM:ROT:      73         1 -195.2273    3.5313   22.4610
DIM:ROT:      73         2 -195.3846    1.3361    6.2809
DIM:ROT:      73         3 -195.4072    0.3798    2.3893
DIM:ROT:      74         1 -193.5201    5.1391   30.1066
DIM:ROT:      74         2 -193.6168    1.5847    8.7276
DIM:ROT:      74         3 -193.6664    0.5840    3.2026
DIM:ROT:      75         1 -184.8380    2.4532    8.8184
DIM:ROT:      75         2 -184.8186    0.3396    2.1296
DIM:ROT:      75         3 -184.8110    0.1061    0.5031
DIM:ROT:      76         1 -194.7927    3.3438   15.1832
DIM:ROT:      76         2 -194.8863    0.9520    5.9848
DIM:ROT:      76         3 -194.8734    0.3921    1.8098
DIM:ROT:      77         1 -209.6861    5.8029   23.1087
DIM:ROT:      77         2 -209.8702    0.9466    6.9138
DIM:ROT:      77         3 -209.8430    0.3107    1.3361
DIM:ROT:      78         1 -201.3371    4.5115   21.6908
DIM:ROT:      78         2 -201.0835    1.3525    8.2806
DIM:ROT:      78         3 -200.9348    0.5034    2.4619
DIM:ROT:      79         1 -234.4512    8.8331   45.1477
DIM:ROT:      79         2 -234.7856    1.9837   14.0385
DIM:ROT:      79         3 -234.8001    0.7326    4.1360
DIM:ROT:      80         1 -215.4832    7.7222   29.3297
DIM:ROT:      80         2 -215.9107    0.7423    5.8396
DIM:ROT:      80         3 -215.9075    0.2364    1.1600
DIM:ROT:      81         1 -186.5360    6.1144   23.3846
DIM:ROT:      81         2 -186.9937    1.3923   10.2758
DIM:ROT:      81         3 -187.0014    0.6195    2.5085
DIM:ROT:      82         1 -141.3830    8.6885   26.4107
DIM:ROT:      82         2 -140.9345    1.4261    6.7119
DIM:ROT:      82         3 -140.8266    0.4582    2.2114
DIM:ROT:      83         1 -150.9691    4.4692   16.6997
DIM:ROT:      83         2 -151.0663    0.8529    5.0419
DIM:ROT:      83         3 -151.0468    0.4003    1.6582
DIM:ROT:      84         1 -131.3020    3.3934   20.4458
DIM:ROT:      84         2 -131.2187    1.2439    4.9298
DIM:ROT:      84         3 -131.2114    0.4345    2.2468
DIM:ROT:      85         1  -87.5703    8.2994   21.0581
DIM:ROT:      85         2  -87.4874    2.0187    9.0609
DIM:ROT:      85         3  -87.4817    1.1929    3.6902
DIM:ROT:      86         1 -111.0013    4.9011   23.8982
DIM:ROT:      86         2 -110.8454    2.1173    8.7214
DIM:ROT:      86         3 -110.9467    0.9913    4.3436
DIM:ROT:      87         1 -111.5312    5.5075   33.8364
DIM:ROT:      87         2 -111.8516    2.9194    8.2562
DIM:ROT:      87         3 -111.9345    0.7609    4.5533
DIM:ROT:      88         1  -97.4019    4.1061   14.9318
DIM:ROT:      88         2  -97.4048    1.4904    6.9523
DIM:ROT:      88         3  -97.3817    0.8997    3.2317
DIM:ROT:      89         1  -93.4168    3.3656   19.4182
DIM:ROT:      89         2  -93.1850    1.5748    3.8086
DIM:ROT:      89         3  -93.1854    0.4280    2.3041
DIM:ROT:      90         1  -92.8917    1.1404    4.9676
DIM:ROT:      90         2  -92.8645    0.5160    2.1277
DIM:ROT:      90         3  -92.8430    0.2572    1.0624
DIM:ROT:      91         1  -90.5405    1.2081    7.0906
DIM:ROT:      91         2  -90.4687    0.3734    1.1720
DIM:ROT:      91         3  -90.4597    0.1065    0.5071
DIM:ROT:      92         1  -92.0834    1.0448    5.9006
DIM:ROT:      92         2  -92.0077    0.4869    1.4494
DIM:ROT:      92         3  -92.0088    0.1665    0.8376
DIM:ROT:      93         1  -89.8809    1.2616    6.9683
DIM:ROT:      93         2  -89.7855    0.5701    1.6546
DIM:ROT:      93         3  -89.7749    0.1918    0.9426
DIM:ROT:      94         1  -85.2537    1.0835    5.5259
DIM:ROT:      94         2  -85.1975    0.4713    1.6028
DIM:ROT:      94         3  -85.1844    0.1918    0.8342
DIM:ROT:      95         1  -86.5411    0.7695    3.3921
DIM:ROT:      95         2  -86.4911    0.3847    1.4435
DIM:ROT:      95         3  -86.4917    0.2053    0.8242
DIM:ROT:      96         1  -90.1345    0.6397    2.7185
DIM:ROT:      96         2  -90.0978    0.2872    1.1942
DIM:ROT:      96         3  -90.0990    0.1571    0.6077
DIM:ROT:      97         1  -88.1487    1.1389    6.6267
DIM:ROT:      97         2  -88.0868    0.3387    1.0264
DIM:ROT:      97         3  -88.0791    0.0988    0.4459
DIM:ROT:      98         1  -90.3438    0.7252    3.8241
DIM:ROT:      98         2  -90.2781    0.2932    1.0096
DIM:ROT:      98         3  -90.2745    0.1116    0.5090
DIM:ROT:      99         1  -97.4266    0.8875    3.3710
DIM:ROT:      99         2  -97.3904    0.3076    1.4946
DIM:ROT:      99         3  -97.3882    0.1761    0.6184
DIM:ROT:     100         1  -99.4409    1.3998    8.5595
DIM:ROT:     100         2  -99.3741    0.4484    1.3070
DIM:ROT:     100         3  -99.3673    0.1093    0.5730
DIM:ROT:     101         1  -97.9383    0.9188    3.1178
DIM:ROT:     101         2  -97.9057    0.2819    1.3685
DIM:ROT:     101         3  -97.8924    0.1648    0.5665
DIM:ROT:     102         1 -101.2236    0.5364    3.0421
DIM:ROT:     102         2 -101.1730    0.1829    0.6743
DIM:ROT:     102         3 -101.1745    0.0631    0.3020
DIM:ROT:     103         1 -103.1193    0.9800    6.0354
DIM:ROT:     103         2 -103.0714    0.3715    0.9798
DIM:ROT:     103         3 -103.0670    0.0867    0.4809
DIM:ROT:     104         1 -101.2152    0.5232    2.4445
DIM:ROT:     104         2 -101.1781    0.2440    0.9998
DIM:ROT:     104         3 -101.1695    0.1126    0.4999
DIM:ROT:     105         1 -103.2471    1.0389    6.0342
DIM:ROT:     105         2 -103.1457    0.2831    1.1326
DIM:ROT:     105         3 -103.1458    0.0832    0.4081
DIM:ROT:     106         1 -102.0252    0.8270    5.0179
DIM:ROT:     106         2 -101.9855    0.3493    0.8781
DIM:ROT:     106         3 -101.9791    0.0838    0.4624
DIM:ROT:     107         1 -103.5123    0.6163    3.0364
DIM:ROT:     107         2 -103.5113    0.2572    1.0853
DIM:ROT:     107         3 -103.5014    0.1169    0.5230
DIM:ROT:     108         1 -107.8740    1.6904   10.1483
DIM:ROT:     108         2 -107.7337    0.4860    1.9020
DIM:ROT:     108         3 -107.7367    0.1423    0.7227
DIM:ROT:     109         1 -106.6617    2.1987    5.5010
DIM:ROT:     109         2 -106.5974    0.3605    1.6734
DIM:ROT:     109         3 -106.5830    0.1420    0.6155
DIM:ROT:     110         1 -104.9152    1.0741    6.6814
DIM:ROT:     110         2 -104.8461    0.2177    0.6891
DIM:ROT:     110         3 -104.8401    0.0537    0.2558
DIM:ROT:     111         1 -108.8907    1.0401    5.4519
DIM:ROT:     111         2 -108.8253    0.3530    1.5762
DIM:ROT:     111         3 -108.8263    0.1455    0.6503
DIM:ROT:     112         1 -108.0966    0.3585    1.9307
DIM:ROT:     112         2 -108.0685    0.1420    0.5642
DIM:ROT:     112         3 -108.0668    0.0551    0.2629
DIM:ROT:     113         1 -101.4954    0.7717    3.9878
DIM:ROT:     113         2 -101.4554    0.3624    1.3138
DIM:ROT:     113         3 -101.4432    0.1481    0.6997
DIM:ROT:     114         1 -100.8893    1.2855    7.6745
DIM:ROT:     114         2 -100.7707    0.3162    1.0636
DIM:ROT:     114         3 -100.7685    0.0878    0.4232
DIM:ROT:     115         1 -102.1377    0.7677    3.2349
DIM:ROT:     115         2 -102.0957    0.2889    1.3095
DIM:ROT:     115         3 -102.0886    0.1489    0.5780
DIM:ROT:     116         1  -99.5193    0.3904    1.9407
DIM:ROT:     116         2  -99.5024    0.2146    0.7205
DIM:ROT:     116         3  -99.4937    0.0839    0.4072
DIM:ROT:     117         1 -102.3047    1.6580    9.4131
DIM:ROT:     117         2 -102.1467    0.4336    1.7066
DIM:ROT:     117         3 -102.1486    0.1199    0.5849
DIM:ROT:     118         1 -103.5716    1.7498    6.7605
DIM:ROT:     118         2 -103.5123    0.3981    2.0878
DIM:ROT:     118         3 -103.5077    0.2127    0.6828
DIM:ROT:     119         1 -100.0695    1.4522    8.6912
DIM:ROT:     119         2 -100.0168    0.4325    1.2232
DIM:ROT:     119         3 -100.0122    0.0967    0.4860
DIM:ROT:     120         1 -103.0922    1.2507    6.8192
DIM:ROT:     120         2 -103.0169    0.3794    1.5794
DIM:ROT:     120         3 -103.0204    0.1236    0.5770
DIM:ROT:     121         1 -107.1639    2.2239   12.3585
DIM:ROT:     121         2 -106.9939    0.7062    2.6234
DIM:ROT:     121         3 -107.0003    0.2158    1.0466
DIM:ROT:     122         1 -102.3189    1.0901    6.3146
DIM:ROT:     122         2 -102.2810    0.3701    1.0472
DIM:ROT:     122         3 -102.2776    0.0956    0.4669
DIM:ROT:     123         1 -101.9216    0.9570    3.8381
DIM:ROT:     123         2 -101.9419    0.3844    1.6978
DIM:ROT:     123         3 -101.9282    0.1965    0.7714
DIM:ROT:     124         1 -103.7396    1.0499    6.0172
DIM:ROT:     124         2 -103.6624    0.2976    1.0238
DIM:ROT:     124         3 -103.6660    0.0903    0.4164
DIM:ROT:     125         1 -100.1587    0.7261    3.8065
DIM:ROT:     125         2 -100.1377    0.3541    1.0942
DIM:ROT:     125         3 -100.1323    0.1213    0.5889
DIM:ROT:     126         1 -100.8124    0.8738    2.6986
DIM:ROT:     126         2 -100.8313    0.2482    1.1606
DIM:ROT:     126         3 -100.8216    0.1408    0.4767
DIM:ROT:     127         1 -105.3566    0.8951    4.8045
DIM:ROT:     127         2 -105.3034    0.3510    1.2394
DIM:ROT:     127         3 -105.3119    0.1288    0.5986
DIM:ROT:     128         1 -102.8431    1.3807    7.9032
DIM:ROT:     128         2 -102.8134    0.5296    1.5516
DIM:ROT:     128         3 -102.8106    0.1442    0.7180
DIM:ROT:     129         1 -103.5048    0.6045    1.5223
DIM:ROT:     129         2 -103.4999    0.1197    0.5502
DIM:ROT:     129         3 -103.4946    0.0529    0.2018
DIM:ROT:     130         1 -104.8504    0.5927    3.0663
DIM:ROT:     130         2 -104.8161    0.2488    0.8866
DIM:ROT:     130         3 -104.8212    0.0920    0.4300
DIM:ROT:     131         1 -100.6770    0.7917    4.5488
DIM:ROT:     131         2 -100.6591    0.2570    0.7775
DIM:ROT:     131         3 -100.6595    0.0687    0.3253
DIM:ROT:     132         1  -99.9794    0.3624    1.6498
DIM:ROT:     132         2  -99.9682    0.1610    0.6107
DIM:ROT:     132         3  -99.9657    0.0740    0.3101
DIM:ROT:     133         1 -101.4871    0.2497    1.0108
DIM:ROT:     133         2 -101.4789    0.1155    0.4791
DIM:ROT:     133         3 -101.4797    0.0601    0.2329
DIM:ROT:     134         1  -98.8280    0.9951    5.5958
DIM:ROT:     134         2  -98.8025    0.2748    0.9582
DIM:ROT:     134         3  -98.8007    0.0704    0.3275
DIM:ROT:     135         1  -99.9584    0.7082    3.0559
DIM:ROT:     135         2  -99.9396    0.2132    0.9759
DIM:ROT:     135         3  -99.9363    0.0972    0.3622
DIM:ROT:     136         1 -103.9768    0.6151    3.2923
DIM:ROT:     136         2 -103.9390    0.2301    0.7667
DIM:ROT:     136         3 -103.9410    0.0743    0.3548
DIM:ROT:     137         1  -98.2720    2.2016   11.3995
DIM:ROT:     137         2  -98.2400    0.6792    2.6144
DIM:ROT:     137         3  -98.2335    0.2042    0.9172
DIM:ROT:     138         1  -93.9061    1.5625    7.7810
DIM:ROT:     138         2  -93.8766    0.5330    2.0320
DIM:ROT:     138         3  -93.8702    0.1905    0.8129
DIM:ROT:     139         1  -98.3802    1.2518    6.8778
DIM:ROT:     139         2  -98.2858    0.4292    1.2568
DIM:ROT:     139         3  -98.2945    0.1251    0.5965
DIM:ROT:     140         1  -96.1391    1.6163    4.9321
DIM:ROT:     140         2  -96.1549    0.5008    1.1568
DIM:ROT:     140         3  -96.1583    0.1252    0.3779
DIM:ROT:     141         1  -89.6644    1.9468    6.9918
DIM:ROT:     141         2  -89.6725    0.6212    2.4510
DIM:ROT:     141         3  -89.6573    0.3253    1.1099
DIM:ROT:     142         1 -107.4067    5.0442   25.2134
DIM:ROT:     142         2 -107.1144    1.5902    5.6997
DIM:ROT:     142         3 -107.2033    0.5656    2.3649
DIM:ROT:     143         1 -107.0757    2.5037   10.3578
DIM:ROT:     143         2 -107.0073    1.0436    3.9916
DIM:ROT:     143         3 -107.0542    0.4725    1.8312
DIM:ROT:     144         1  -89.3530    3.1612   12.5467
DIM:ROT:     144         2  -89.3797    0.9830    3.7674
DIM:ROT:     144         3  -89.3860    0.4410    1.4941
DIM:ROT:     145         1 -101.2785    2.6364    8.4933
DIM:ROT:     145         2 -101.3466    0.6031    1.9147
DIM:ROT:     145         3 -101.3420    0.2234    0.9601
DIM:ROT:     146         1 -102.4669    1.7708    7.1307
DIM:ROT:     146         2 -102.5462    0.8832    3.0892
DIM:ROT:     146         3 -102.5349    0.3829    1.5564
DIM:ROT:     147         1 -136.9878    5.3895   26.7984
DIM:ROT:     147         2 -136.7706    1.4656    6.8843
DIM:ROT:     147         3 -136.8696    0.5545    2.3406
DIM:ROT:     148         1 -126.0535    3.6432   18.9287
DIM:ROT:     148         2 -126.2281    1.5819    5.4526
DIM:ROT:     148         3 -126.2399    0.4948    2.4770
DIM:ROT:     149         1 -131.5455    3.9429   13.6210
DIM:ROT:     149         2 -131.7280    0.8875    3.7765
DIM:ROT:     149         3 -131.7371    0.3552    1.6034
DIM:ROT:     150         1 -143.9596    4.5094   26.4855
DIM:ROT:     150         2 -143.7158    1.0798    4.0527
DIM:ROT:     150         3 -143.7455    0.2528    1.3176
DIM:ROT:     151         1 -125.6908    2.7955   15.4811
DIM:ROT:     151         2 -125.8058    1.0767    3.4757
DIM:ROT:     151         3 -125.8124    0.2847    1.4552
DIM:ROT:     152         1 -113.9597    2.5241    7.3744
DIM:ROT:     152         2 -114.0646    0.5372    1.9746
DIM:ROT:     152         3 -114.0845    0.1760    0.7871
DIM:ROT:     153         1 -106.1925    1.8195    9.1710
DIM:ROT:     153         2 -106.2255    0.5924    2.2669
DIM:ROT:     153         3 -106.2440    0.1891    0.8354
DIM:ROT:     154         1 -115.0118    1.6257    8.1786
DIM:ROT:     154         2 -115.0074    0.5987    2.2015
DIM:ROT:     154         3 -115.0198    0.2135    0.9613
DIM:ROT:     155         1 -108.4875    0.6318    2.8280
DIM:ROT:     155         2 -108.5033    0.2471    0.9579
DIM:ROT:     155         3 -108.5081    0.1067    0.4382
DIM:ROT:     156         1  -98.7881    1.6665    5.7782
DIM:ROT:     156         2  -98.8599    0.6246    2.6688
DIM:ROT:     156         3  -98.8862    0.3429    1.1833
DIM:ROT:     157         1  -97.4546    1.1590    5.7529
DIM:ROT:     157         2  -97.4770    0.4551    1.5222
DIM:ROT:     157         3  -97.4930    0.1618    0.6941
DIM:ROT:     158         1 -107.7302    1.2310    4.4135
DIM:ROT:     158         2 -107.7438    0.4102    1.7747
DIM:ROT:     158         3 -107.7496    0.2155    0.7753
DIM:ROT:     159         1 -110.8358    0.6997    3.3649
DIM:ROT:     159         2 -110.8445    0.3539    1.1767
DIM:ROT:     159         3 -110.8510    0.1329    0.6191
DIM:ROT:     160         1 -105.5774    0.8972    3.1822
DIM:ROT:     160         2 -105.6111    0.3261    1.4257
DIM:ROT:     160         3 -105.6226    0.1730    0.6159
