MINMODE:METHOD: Dimer
DIM:CONTROL: Search Parameters:
DIM:CONTROL: ------------------
DIM:CONTROL: eigenmode_method = dimer
DIM:CONTROL: f_rot_min = 0.01
DIM:CONTROL: f_rot_max = 0.1
DIM:CONTROL: max_num_rot = 3
DIM:CONTROL: trial_angle = 0.7853981633974483
DIM:CONTROL: trial_trans_step = 0.001
DIM:CONTROL: maximum_translation = 0.1
DIM:CONTROL: cg_translation = True
DIM:CONTROL: use_central_forces = True
DIM:CONTROL: dimer_separation = 0.005
DIM:CONTROL: initial_eigenmode_method = gauss
DIM:CONTROL: extrapolate_forces = True
DIM:CONTROL: displacement_method = gauss
DIM:CONTROL: gauss_std = 0.1
DIM:CONTROL: order = 1
DIM:CONTROL: mask = None
DIM:CONTROL: displacement_center = None
DIM:CONTROL: displacement_radius = None
DIM:CONTROL: number_of_displacement_atoms = None
DIM:CONTROL: ------------------
DIM:ROT: OPT-STEP ROT-STEP CURVATURE ROT-ANGLE ROT-FORCE
DIM:ROT:       0         1    2.5364    7.0443    6.1829
DIM:ROT:       0         2    2.2071    4.0573    4.6065
DIM:ROT:       0         3    2.0152    3.0196    3.6717
DIM:ROT:       1         1   -2.9406    6.6153    6.6626
DIM:ROT:       1         2   -3.4698    4.8039    6.1344
DIM:ROT:       1         3   -3.8244    4.1670    4.9221
DIM:ROT:       2         1   -7.2491    7.0777    6.6140
DIM:ROT:       2         2   -7.8098    4.3502    7.3192
DIM:ROT:       2         3   -8.2257    4.7727    4.8997
DIM:ROT:       3         1  -13.7581    5.7524    7.0839
DIM:ROT:       3         2  -14.1979    3.9609    6.2964
DIM:ROT:       3         3  -14.4679    3.5223    4.4655
DIM:ROT:       4         1  -21.1624    5.0445    6.1504
DIM:ROT:       4         2  -21.4235    2.6315    5.6408
DIM:ROT:       4         3  -21.5709    2.5840    3.1632
DIM:ROT:       5         1  -22.0362    6.3858    7.4287
DIM:ROT:       5         2  -22.3178    2.8821    5.2928
DIM:ROT:       5         3  -22.4308    2.2878    2.7884
DIM:ROT:       6         1  -13.2292    4.4208    6.2341
DIM:ROT:       6         2  -13.4659    3.3177    3.5728
DIM:ROT:       6         3  -13.5919    2.0330    3.1325
DIM:ROT:       7         1   -0.7096   22.8770    9.9930
DIM:ROT:       7         2   -1.9340    6.9559    9.9320
DIM:ROT:       7         3   -2.4238    5.0726    5.5433
DIM:ROT:       8         1   -7.2077    6.3239    7.8614
DIM:ROT:       8         2   -7.6843    4.2599    6.1901
DIM:ROT:       8         3   -8.0112    3.7312    4.9161
DIM:ROT:       9         1  -16.5975   15.7941   10.0746
DIM:ROT:       9         2  -17.9535    6.1401   12.2057
DIM:ROT:       9         3  -18.4525    5.6381    5.2459
DIM:ROT:      10         1  -18.6913    3.9900    8.2435
DIM:ROT:      10         2  -18.9938    3.2394    5.4597
DIM:ROT:      10         3  -19.1898    2.3402    4.7533
DIM:ROT:      11         1  -10.4792    8.3885    8.1714
DIM:ROT:      11         2  -10.9091    3.3849    6.8463
DIM:ROT:      11         3  -11.1032    2.8247    3.8858
DIM:ROT:      12         1  -10.6054    3.3375    3.4575
DIM:ROT:      12         2  -10.7068    1.8057    3.1406
DIM:ROT:      12         3  -10.7675    1.7830    1.8187
DIM:ROT:      13         1   -9.3974    5.6841    4.4840
DIM:ROT:      13         2   -9.5335    2.1051    3.8883
DIM:ROT:      13         3   -9.6041    1.9275    2.0749
DIM:ROT:      14         1   -8.1816    5.1704    4.9361
DIM:ROT:      14         2   -8.3882    2.4333    5.0037
DIM:ROT:      14         3   -8.5159    2.6359    2.6753
DIM:ROT:      15         1   -8.3651    5.5707    4.7247
DIM:ROT:      15         2   -8.5731    2.5063    4.8677
DIM:ROT:      15         3   -8.6862    2.8077    2.3885
DIM:ROT:      16         1   -8.8660    1.4032    2.7322
DIM:ROT:      16         2   -8.8997    1.3338    1.4342
DIM:ROT:      16         3   -8.9227    0.8256    1.5305
DIM:ROT:      17         1   -8.0242    2.1556    2.1171
DIM:ROT:      17         2   -8.0601    1.1764    1.5883
DIM:ROT:      17         3   -8.0767    0.8708    1.0659
DIM:ROT:      18         1   -7.5865    2.9928    2.4523
DIM:ROT:      18         2   -7.6403    1.3752    2.1664
DIM:ROT:      18         3   -7.6665    1.0935    1.3176
DIM:ROT:      19         1   -7.9197    0.8942    1.4573
DIM:ROT:      19         2   -7.9352    0.8017    1.0404
DIM:ROT:      19         3   -7.9449    0.5846    0.9445
DIM:ROT:      20         1   -8.2268    1.1153    0.9622
DIM:ROT:      20         2   -8.2377    0.5575    1.0668
DIM:ROT:      20         3   -8.2448    0.6568    0.5732
DIM:ROT:      21         1   -9.5066    1.8987    1.4031
DIM:ROT:      21         2   -9.5232    0.6352    1.2041
DIM:ROT:      21         3   -9.5285    0.5122    0.6208
DIM:ROT:      22         1  -11.5993    3.1114    2.4408
DIM:ROT:      22         2  -11.6378    1.1207    2.0637
DIM:ROT:      22         3  -11.6541    0.9303    1.0161
DIM:ROT:      23         1  -12.8395    3.6732    2.4198
DIM:ROT:      23         2  -12.8747    1.3185    2.1660
DIM:ROT:      23         3  -12.8923    0.9315    1.0334
DIM:ROT:      24         1  -12.4829    0.8886    1.3240
DIM:ROT:      24         2  -12.4937    0.5794    0.9555
DIM:ROT:      24         3  -12.5003    0.4864    0.6973
DIM:ROT:      25         1  -11.9045    1.1881    1.2084
DIM:ROT:      25         2  -11.9146    0.4896    0.9503
DIM:ROT:      25         3  -11.9191    0.4924    0.4864
DIM:ROT:      26         1  -10.9193    1.4091    1.3873
DIM:ROT:      26         2  -10.9293    0.5141    1.1091
DIM:ROT:      26         3  -10.9347    0.5213    0.5004
DIM:ROT:      27         1  -10.1698    1.3578    1.0735
DIM:ROT:      27         2  -10.1764    0.4552    0.9323
DIM:ROT:      27         3  -10.1799    0.4533    0.4043
DIM:ROT:      28         1   -9.5091    2.4524    1.9250
DIM:ROT:      28         2   -9.5379    0.9443    1.8090
DIM:ROT:      28         3   -9.5511    0.8079    0.8742
DIM:ROT:      29         1   -9.0885    2.6760    1.3348
DIM:ROT:      29         2   -9.0992    0.6478    1.0948
DIM:ROT:      29         3   -9.1028    0.3920    0.4814
DIM:ROT:      30         1   -9.2506    0.7549    1.3663
DIM:ROT:      30         2   -9.2585    0.6650    0.7114
DIM:ROT:      30         3   -9.2630    0.3995    0.6967
DIM:ROT:      31         1  -11.3507    4.4464    2.5609
DIM:ROT:      31         2  -11.3542    1.1643    1.6266
DIM:ROT:      31         3  -11.3646    0.6760    0.8445
DIM:ROT:      32         1  -15.0774    7.3122    4.3982
DIM:ROT:      32         2  -15.1040    1.9348    2.9726
DIM:ROT:      32         3  -15.1371    1.2639    1.3011
DIM:ROT:      33         1  -14.6149    0.9620    1.3182
DIM:ROT:      33         2  -14.6245    0.5807    0.8180
DIM:ROT:      33         3  -14.6289    0.4143    0.5322
DIM:ROT:      34         1  -14.4623    0.9169    0.9141
DIM:ROT:      34         2  -14.4674    0.3671    0.5962
DIM:ROT:      34         3  -14.4696    0.2472    0.3174
DIM:ROT:      35         1  -14.5669    0.5922    0.6562
DIM:ROT:      35         2  -14.5707    0.3202    0.4040
DIM:ROT:      35         3  -14.5722    0.1904    0.2630
DIM:ROT:      36         1  -14.8314    0.4978    0.5919
DIM:ROT:      36         2  -14.8319    0.2733    0.3482
DIM:ROT:      36         3  -14.8329    0.1771    0.2442
DIM:ROT:      37         1  -16.1304    2.2257    1.9461
DIM:ROT:      37         2  -16.1326    0.8320    1.1987
DIM:ROT:      37         3  -16.1393    0.4761    0.6962
DIM:ROT:      38         1  -16.3507    0.5225    0.7113
DIM:ROT:      38         2  -16.3530    0.3247    0.5586
DIM:ROT:      38         3  -16.3541    0.2634    0.3675
DIM:ROT:      39         1  -16.3159    0.2767    0.4888
DIM:ROT:      39         2  -16.3171    0.1769    0.2653
DIM:ROT:      39         3  -16.3178    0.1196    0.2069
DIM:ROT:      40         1  -16.1751    0.3587    0.4575
DIM:ROT:      40         2  -16.1769    0.2204    0.2443
DIM:ROT:      40         3  -16.1776    0.1212    0.1644
DIM:ROT:      41         1  -16.7620    0.6841    0.6312
DIM:ROT:      41         2  -16.7600    0.2805    0.3871
DIM:ROT:      41         3  -16.7609    0.2005    0.1904
DIM:ROT:      42         1  -17.6798    1.1718    1.0831
DIM:ROT:      42         2  -17.6781    0.4594    0.7638
DIM:ROT:      42         3  -17.6809    0.2897    0.4124
DIM:ROT:      43         1  -18.0789    0.8444    1.0139
DIM:ROT:      43         2  -18.0811    0.4988    0.6018
DIM:ROT:      43         3  -18.0827    0.2874    0.4008
DIM:ROT:      44         1  -18.4754    0.6336    0.8784
DIM:ROT:      44         2  -18.4776    0.3521    0.4912
DIM:ROT:      44         3  -18.4785    0.2112    0.3575
DIM:ROT:      45         1  -18.1266    0.3614    0.5492
DIM:ROT:      45         2  -18.1291    0.1934    0.2757
DIM:ROT:      45         3  -18.1303    0.1165    0.2094
DIM:ROT:      46         1  -17.0062    1.4465    1.3016
DIM:ROT:      46         2  -17.0175    0.5433    0.8417
DIM:ROT:      46         3  -17.0222    0.3522    0.4349
DIM:ROT:      47         1  -16.9213    0.4348    0.5025
DIM:ROT:      47         2  -16.9244    0.2297    0.4060
DIM:ROT:      47         3  -16.9259    0.1774    0.2512
DIM:ROT:      48         1  -17.3734    0.4136    0.6464
DIM:ROT:      48         2  -17.3734    0.2183    0.3366
DIM:ROT:      48         3  -17.3740    0.1412    0.2371
DIM:ROT:      49         1  -17.8937    0.7489    0.7381
DIM:ROT:      49         2  -17.8922    0.3390    0.4985
DIM:ROT:      49         3  -17.8940    0.2416    0.2699
DIM:ROT:      50         1  -18.0354    0.2369    0.3164
DIM:ROT:      50         2  -18.0362    0.1554    0.2134
DIM:ROT:      50         3  -18.0362    0.1097    0.1517
DIM:ROT:      51         1  -17.8818    0.3197    0.3378
DIM:ROT:      51         2  -17.8834    0.1452    0.1953
DIM:ROT:      51         3  -17.8841    0.0894    0.1043
DIM:ROT:      52         1  -17.9201    0.1336    0.1446
DIM:ROT:      52         2  -17.9207    0.0589    0.1070
DIM:ROT:      52         3  -17.9209    0.0426    0.0613
DIM:ROT:      53         1  -18.1673    0.2105    0.2459
DIM:ROT:      53         2  -18.1669    0.0929    0.1417
DIM:ROT:      53         3  -18.1670    0.0550    0.0860
DIM:ROT:      54         1  -18.6928    0.4851    0.5174
DIM:ROT:      54         2  -18.6919    0.2283    0.3086
DIM:ROT:      54         3  -18.6925    0.1513    0.1688
DIM:ROT:      55         1  -19.0704    0.4714    0.4989
DIM:ROT:      55         2  -19.0698    0.2271    0.2988
DIM:ROT:      55         3  -19.0705    0.1408    0.1666
DIM:ROT:      56         1  -19.4384    0.4643    0.4616
DIM:ROT:      56         2  -19.4378    0.1821    0.2895
DIM:ROT:      56         3  -19.4382    0.1077    0.1583
DIM:ROT:      57         1  -19.7386    0.3568    0.4730
DIM:ROT:      57         2  -19.7389    0.1770    0.2866
DIM:ROT:      57         3  -19.7394    0.1158    0.1910
DIM:ROT:      58         1  -19.7378    0.1735    0.2439
DIM:ROT:      58         2  -19.7384    0.1036    0.1456
DIM:ROT:      58         3  -19.7387    0.0623    0.1093
DIM:ROT:      59         1  -19.7854    0.1210    0.1897
DIM:ROT:      59         2  -19.7859    0.0695    0.0903
DIM:ROT:      60         1  -19.9379    0.2181    0.3452
DIM:ROT:      60         2  -19.9389    0.1399    0.1407
DIM:ROT:      60         3  -19.9393    0.0624    0.1216
DIM:ROT:      61         1  -19.9505    0.1213    0.1718
DIM:ROT:      61         2  -19.9511    0.0812    0.0937
DIM:ROT:      62         1  -20.0676    0.1203    0.1698
DIM:ROT:      62         2  -20.0678    0.0698    0.0926
DIM:ROT:      63         1  -20.2445    0.1974    0.2357
DIM:ROT:      63         2  -20.2445    0.1065    0.1418
DIM:ROT:      63         3  -20.2447    0.0604    0.0895
DIM:ROT:      64         1  -20.3155    0.1060    0.1376
DIM:ROT:      64         2  -20.3155    0.0560    0.1041
DIM:ROT:      64         3  -20.3157    0.0448    0.0648
DIM:ROT:      65         1  -20.7056    0.3560    0.3562
DIM:ROT:      65         2  -20.7044    0.1305    0.2071
DIM:ROT:      65         3  -20.7049    0.0872    0.0990
DIM:ROT:      66         1  -20.9348    0.2773    0.2222
DIM:ROT:      66         2  -20.9338    0.0794    0.1336
DIM:ROT:      66         3  -20.9340    0.0470    0.0631
DIM:ROT:      67         1  -21.2902    0.3538    0.3259
DIM:ROT:      67         2  -21.2888    0.1155    0.2231
DIM:ROT:      67         3  -21.2893    0.0769    0.1088
DIM:ROT:      68         1  -21.7104    0.4769    0.3878
DIM:ROT:      68         2  -21.7084    0.1453    0.2580
DIM:ROT:      68         3  -21.7090    0.0871    0.1168
DIM:ROT:      69         1  -21.9644    0.2465    0.2341
DIM:ROT:      69         2  -21.9636    0.0851    0.1986
DIM:ROT:      69         3  -21.9638    0.0781    0.0852
DIM:ROT:      70         1  -22.0744    0.1149    0.1521
DIM:ROT:      70         2  -22.0746    0.0565    0.0990
DIM:ROT:      71         1  -22.0431    0.1667    0.1647
DIM:ROT:      71         2  -22.0441    0.0696    0.1143
DIM:ROT:      71         3  -22.0444    0.0424    0.0567
DIM:ROT:      72         1  -22.1086    0.1995    0.2038
DIM:ROT:      72         2  -22.1096    0.0713    0.1378
DIM:ROT:      72         3  -22.1100    0.0489    0.0720
DIM:ROT:      73         1  -22.2617    0.1770    0.1767
DIM:ROT:      73         2  -22.2617    0.0604    0.1040
DIM:ROT:      73         3  -22.2619    0.0352    0.0540
DIM:ROT:      74         1  -22.3982    0.1624    0.1725
DIM:ROT:      74         2  -22.3976    0.0602    0.1264
DIM:ROT:      74         3  -22.3979    0.0474    0.0621
DIM:ROT:      75         1  -22.5167    0.1413    0.1261
DIM:ROT:      75         2  -22.5162    0.0445    0.1009
DIM:ROT:      75         3  -22.5163    0.0366    0.0428
DIM:ROT:      76         1  -22.5440    0.0337    0.0591
DIM:ROT:      77         1  -22.5079    0.0470    0.0628
DIM:ROT:      78         1  -22.5205    0.0634    0.0697
DIM:ROT:      79         1  -22.5831    0.0574    0.0769
DIM:ROT:      80         1  -22.7033    0.1438    0.1661
DIM:ROT:      80         2  -22.7029    0.0592    0.1331
DIM:ROT:      80         3  -22.7030    0.0526    0.0632
DIM:ROT:      81         1  -22.7454    0.0774    0.0906
DIM:ROT:      82         1  -22.6990    0.0300    0.0698
DIM:ROT:      83         1  -22.5573    0.1423    0.1179
DIM:ROT:      83         2  -22.5577    0.0385    0.0716
DIM:ROT:      84         1  -22.4958    0.0808    0.0719
DIM:ROT:      85         1  -22.4952    0.0253    0.0534
DIM:ROT:      86         1  -22.5260    0.0213    0.0263
DIM:ROT:      87         1  -22.5451    0.0260    0.0367
DIM:ROT:      88         1  -22.5691    0.0316    0.0404
DIM:ROT:      89         1  -22.5706    0.0192    0.0362
DIM:ROT:      90         1  -22.5589    0.0180    0.0233
DIM:ROT:      91         1  -22.5815    0.0270    0.0309
DIM:ROT:      92         1  -22.6270    0.0422    0.0451
DIM:ROT:      93         1  -22.6467    0.0242    0.0427
DIM:ROT:      94         1  -22.7090    0.0791    0.0696
DIM:ROT:      95         1  -22.7755    0.0627    0.0746
