MINMODE:METHOD: Dimer
DIM:CONTROL: Search Parameters:
DIM:CONTROL: ------------------
DIM:CONTROL: eigenmode_method = dimer
DIM:CONTROL: f_rot_min = 0.01
DIM:CONTROL: f_rot_max = 0.1
DIM:CONTROL: max_num_rot = 3
DIM:CONTROL: trial_angle = 0.7853981633974483
DIM:CONTROL: trial_trans_step = 0.001
DIM:CONTROL: maximum_translation = 0.1
DIM:CONTROL: cg_translation = True
DIM:CONTROL: use_central_forces = True
DIM:CONTROL: dimer_separation = 0.005
DIM:CONTROL: initial_eigenmode_method = gauss
DIM:CONTROL: extrapolate_forces = True
DIM:CONTROL: displacement_method = gauss
DIM:CONTROL: gauss_std = 0.1
DIM:CONTROL: order = 1
DIM:CONTROL: mask = None
DIM:CONTROL: displacement_center = None
DIM:CONTROL: displacement_radius = None
DIM:CONTROL: number_of_displacement_atoms = None
DIM:CONTROL: ------------------
DIM:ROT: OPT-STEP ROT-STEP CURVATURE ROT-ANGLE ROT-FORCE
DIM:ROT:       0         1  -24.8692   44.2479   21.6720
DIM:ROT:       0         2  -28.9659   11.9967   20.6601
DIM:ROT:       0         3  -30.7118   10.7242    9.3870
DIM:ROT:       1         1  -23.0443   11.3943   10.5113
DIM:ROT:       1         2  -23.7826    6.1905    6.8509
DIM:ROT:       1         3  -24.1573    4.7298    4.3086
DIM:ROT:       2         1  -18.5633   12.2057   11.6436
DIM:ROT:       2         2  -19.0530    4.0510    6.3480
DIM:ROT:       2         3  -19.1609    2.5814    2.6211
DIM:ROT:       3         1   -8.3929   10.8153   10.1700
DIM:ROT:       3         2   -9.5211    5.8480    9.8253
DIM:ROT:       3         3  -10.1426    5.8410    5.9616
DIM:ROT:       4         1    4.4064   27.4731   15.6542
DIM:ROT:       4         2    2.3905    8.7409   12.3739
DIM:ROT:       4         3    1.1084    9.0706    7.8460
DIM:ROT:       5         1   -3.2446   14.9100   17.6182
DIM:ROT:       5         2   -4.3047   11.8876    5.5036
DIM:ROT:       5         3   -4.8722    4.7792    6.4170
DIM:ROT:       6         1   -7.3274    4.8569    4.4974
DIM:ROT:       6         2   -7.5432    2.6643    4.4876
DIM:ROT:       6         3   -7.6901    2.9875    2.7364
DIM:ROT:       7         1   -8.7059   12.7248    7.0674
DIM:ROT:       7         2   -8.9739    3.7668    4.4367
DIM:ROT:       7         3   -9.0988    2.6833    2.4949
DIM:ROT:       8         1   -8.0534    7.3718    4.9316
DIM:ROT:       8         2   -8.2594    2.6362    5.1749
DIM:ROT:       8         3   -8.3940    3.2280    2.1571
DIM:ROT:       9         1   -3.7504    5.1495    5.3217
DIM:ROT:       9         2   -3.9902    3.1432    3.9203
DIM:ROT:       9         3   -4.1134    2.6422    2.5677
DIM:ROT:      10         1   -8.6764   14.0348    6.5105
DIM:ROT:      10         2   -9.1619    3.1718    6.4554
DIM:ROT:      10         3   -9.2828    2.7166    3.0363
DIM:ROT:      11         1  -13.0816   10.0855    7.1606
DIM:ROT:      11         2  -13.5149    3.5569    6.4591
DIM:ROT:      11         3  -13.6871    3.0323    3.6120
DIM:ROT:      12         1  -15.3932    5.4557    6.3353
DIM:ROT:      12         2  -15.5760    2.7388    3.9781
DIM:ROT:      12         3  -15.6769    2.1817    2.7331
DIM:ROT:      13         1  -19.5783    4.0272    3.2830
DIM:ROT:      13         2  -19.6198    1.2454    2.1917
DIM:ROT:      13         3  -19.6301    0.7144    1.2087
DIM:ROT:      14         1  -21.1370    4.8295    4.9687
DIM:ROT:      14         2  -21.2258    1.7104    3.1719
DIM:ROT:      14         3  -21.2611    1.2797    1.7474
DIM:ROT:      15         1  -21.8843    4.9871    3.6893
DIM:ROT:      15         2  -21.9378    1.4043    2.4683
DIM:ROT:      15         3  -21.9516    0.8056    1.3193
DIM:ROT:      16         1  -18.1470    3.6967    4.2509
DIM:ROT:      16         2  -18.2333    1.7322    3.3429
DIM:ROT:      16         3  -18.2795    1.4732    1.8737
DIM:ROT:      17         1  -15.6817    4.2375    2.9995
DIM:ROT:      17         2  -15.7271    1.4005    2.0516
DIM:ROT:      17         3  -15.7398    0.8621    1.0177
DIM:ROT:      18         1  -14.0517    3.7384    6.7108
DIM:ROT:      18         2  -14.2495    2.8019    4.2099
DIM:ROT:      18         3  -14.3711    1.9528    3.4204
DIM:ROT:      19         1  -11.2180    7.8132    5.4216
DIM:ROT:      19         2  -11.4770    2.8579    5.5793
DIM:ROT:      19         3  -11.6065    2.8968    2.5429
DIM:ROT:      20         1  -10.6716    7.9350    5.1087
DIM:ROT:      20         2  -10.8721    2.4103    4.7769
DIM:ROT:      20         3  -10.9574    2.1197    2.4196
DIM:ROT:      21         1   -9.2642    2.7227    3.8878
DIM:ROT:      21         2   -9.3675    2.0513    2.9120
DIM:ROT:      21         3   -9.4407    1.6667    2.3317
DIM:ROT:      22         1   -7.0384    3.2068    2.5250
DIM:ROT:      22         2   -7.0904    1.2859    2.2014
DIM:ROT:      22         3   -7.1145    1.1503    1.1828
DIM:ROT:      23         1   -7.0609    1.0629    1.1905
DIM:ROT:      23         2   -7.0756    0.6522    1.1474
DIM:ROT:      23         3   -7.0867    0.6823    0.7450
DIM:ROT:      24         1   -6.7765    0.9198    0.8538
DIM:ROT:      24         2   -6.7852    0.4916    0.8653
DIM:ROT:      24         3   -6.7903    0.5319    0.4984
DIM:ROT:      25         1   -7.2824    1.0967    1.7918
DIM:ROT:      25         2   -7.2932    0.7090    1.0034
DIM:ROT:      25         3   -7.3009    0.5306    0.7526
DIM:ROT:      26         1   -8.0265    1.8418    1.2449
DIM:ROT:      26         2   -8.0340    0.5850    1.1367
DIM:ROT:      26         3   -8.0424    0.6284    0.6409
DIM:ROT:      27         1   -7.9842    1.3611    1.0751
DIM:ROT:      27         2   -7.9998    0.6398    1.2180
DIM:ROT:      27         3   -8.0103    0.7591    0.6810
DIM:ROT:      28         1   -8.1842    1.5535    0.8452
DIM:ROT:      28         2   -8.1947    0.5359    1.0608
DIM:ROT:      28         3   -8.2005    0.5584    0.5213
DIM:ROT:      29         1   -8.4671    1.0166    1.8015
DIM:ROT:      29         2   -8.4821    0.7657    1.0644
DIM:ROT:      29         3   -8.4919    0.5513    0.8907
DIM:ROT:      30         1   -8.2380    1.7668    1.2800
DIM:ROT:      30         2   -8.2567    0.6533    1.3525
DIM:ROT:      30         3   -8.2672    0.7796    0.6439
DIM:ROT:      31         1   -7.6970    1.0622    1.0890
DIM:ROT:      31         2   -7.7089    0.5393    1.0213
DIM:ROT:      31         3   -7.7157    0.5624    0.5806
DIM:ROT:      32         1   -6.5097    0.9987    1.2454
DIM:ROT:      32         2   -6.5200    0.5052    0.9710
DIM:ROT:      32         3   -6.5256    0.4711    0.5606
DIM:ROT:      33         1   -5.6615    1.5856    0.9901
DIM:ROT:      33         2   -5.6695    0.4566    0.8034
DIM:ROT:      33         3   -5.6730    0.3518    0.4252
DIM:ROT:      34         1   -4.5542    2.7894    1.6804
DIM:ROT:      34         2   -4.5812    0.9225    1.5237
DIM:ROT:      34         3   -4.5965    0.7878    0.9801
DIM:ROT:      35         1   -4.4572    0.8391    1.1562
DIM:ROT:      35         2   -4.4725    0.7193    1.0950
DIM:ROT:      35         3   -4.4843    0.6867    0.9338
DIM:ROT:      36         1   -4.0759    0.8436    1.3948
DIM:ROT:      36         2   -4.0918    0.8612    1.0092
DIM:ROT:      36         3   -4.1058    0.6687    1.0813
DIM:ROT:      37         1   -3.8264    1.8288    0.7853
DIM:ROT:      37         2   -3.8435    0.6508    1.4039
DIM:ROT:      37         3   -3.8542    1.0117    0.5618
DIM:ROT:      38         1   -3.7006    0.5062    1.0273
DIM:ROT:      38         2   -3.7078    0.7033    0.5367
DIM:ROT:      38         3   -3.7145    0.4024    0.7957
DIM:ROT:      39         1   -3.6234    1.8639    0.4848
DIM:ROT:      39         2   -3.6333    0.4692    1.0718
DIM:ROT:      39         3   -3.6371    0.5121    0.3707
DIM:ROT:      40         1   -3.5151    0.4410    0.7845
DIM:ROT:      40         2   -3.5199    0.4785    0.4902
DIM:ROT:      40         3   -3.5238    0.3357    0.5744
DIM:ROT:      41         1   -3.4577    0.5779    0.6078
DIM:ROT:      41         2   -3.4635    0.3895    0.6950
DIM:ROT:      41         3   -3.4677    0.4575    0.4716
DIM:ROT:      42         1   -3.1039    0.6718    0.8140
DIM:ROT:      42         2   -3.1117    0.4755    0.8103
DIM:ROT:      42         3   -3.1180    0.5151    0.6056
DIM:ROT:      43         1   -2.7779    1.1456    0.7286
DIM:ROT:      43         2   -2.7877    0.5030    1.0479
DIM:ROT:      43         3   -2.7949    0.7523    0.5035
DIM:ROT:      44         1   -2.7016    0.4415    0.7854
DIM:ROT:      44         2   -2.7071    0.5307    0.5315
DIM:ROT:      44         3   -2.7121    0.3755    0.6615
DIM:ROT:      45         1   -2.6736    0.6882    0.5860
DIM:ROT:      45         2   -2.6799    0.4055    0.7876
DIM:ROT:      45         3   -2.6849    0.5641    0.4712
DIM:ROT:      46         1   -2.5970    0.4262    0.7887
DIM:ROT:      46         2   -2.6022    0.5412    0.4918
DIM:ROT:      46         3   -2.6067    0.3557    0.6476
DIM:ROT:      47         1   -2.3994    1.2281    0.5945
DIM:ROT:      47         2   -2.4076    0.4513    0.9322
DIM:ROT:      47         3   -2.4127    0.5990    0.4572
DIM:ROT:      48         1   -2.2680    0.5091    0.7350
DIM:ROT:      48         2   -2.2736    0.4638    0.6429
DIM:ROT:      48         3   -2.2790    0.4366    0.6169
DIM:ROT:      49         1   -2.0916    0.9343    0.6740
DIM:ROT:      49         2   -2.1007    0.4941    0.9931
DIM:ROT:      49         3   -2.1083    0.7620    0.5457
DIM:ROT:      50         1   -1.8845    0.6679    1.0775
DIM:ROT:      50         2   -1.8951    0.7042    0.8218
DIM:ROT:      50         3   -1.9049    0.5727    0.9046
DIM:ROT:      51         1   -1.8394    0.8216    0.8952
DIM:ROT:      51         2   -1.8514    0.6148    1.0499
DIM:ROT:      51         3   -1.8617    0.7286    0.7829
DIM:ROT:      52         1   -1.6880    0.9645    1.3003
DIM:ROT:      52         2   -1.7056    0.8015    1.2036
DIM:ROT:      52         3   -1.7217    0.8109    1.0559
DIM:ROT:      53         1   -1.5708    1.4238    1.2404
DIM:ROT:      53         2   -1.5960    0.8559    1.6192
DIM:ROT:      53         3   -1.6172    1.1893    1.0038
DIM:ROT:      54         1   -1.5739    0.9856    1.5261
DIM:ROT:      54         2   -1.5965    0.9930    1.2729
DIM:ROT:      54         3   -1.6179    0.8723    1.3284
DIM:ROT:      55         1   -1.5464    1.5646    1.4676
DIM:ROT:      55         2   -1.5801    1.0013    1.8799
DIM:ROT:      55         3   -1.6091    1.3355    1.2320
DIM:ROT:      56         1   -1.5154    1.2950    1.9305
DIM:ROT:      56         2   -1.5523    1.2625    1.6448
DIM:ROT:      56         3   -1.5868    1.1398    1.6670
DIM:ROT:      57         1   -1.5855    1.3988    1.7977
DIM:ROT:      57         2   -1.6257    1.2111    1.8568
DIM:ROT:      57         3   -1.6606    1.2541    1.5947
DIM:ROT:      58         1   -1.7008    1.5082    1.7838
DIM:ROT:      58         2   -1.7410    1.1717    1.9453
DIM:ROT:      58         3   -1.7794    1.3463    1.5703
DIM:ROT:      59         1   -1.8321    1.3434    1.9399
DIM:ROT:      59         2   -1.8731    1.2905    1.7687
DIM:ROT:      59         3   -1.9081    1.1880    1.6922
DIM:ROT:      60         1   -1.9881    1.4586    1.5839
DIM:ROT:      60         2   -2.0232    1.0653    1.8698
DIM:ROT:      60         3   -2.0568    1.3090    1.4114
DIM:ROT:      61         1   -2.0396    1.1211    1.9214
DIM:ROT:      61         2   -2.0740    1.2934    1.4777
DIM:ROT:      61         3   -2.1032    0.9950    1.6889
DIM:ROT:      62         1   -2.0609    1.3899    1.3552
DIM:ROT:      62         2   -2.0895    0.9432    1.7180
DIM:ROT:      62         3   -2.1167    1.2410    1.2056
DIM:ROT:      63         1   -2.0314    0.9415    1.7524
DIM:ROT:      63         2   -2.0563    1.1708    1.1699
DIM:ROT:      63         3   -2.0767    0.8035    1.4613
DIM:ROT:      64         1   -1.9729    1.3806    1.1930
DIM:ROT:      64         2   -1.9928    0.7494    1.4706
DIM:ROT:      64         3   -2.0103    1.0252    0.9258
DIM:ROT:      65         1   -1.9197    0.7758    1.2849
DIM:ROT:      65         2   -1.9334    0.7748    0.9505
DIM:ROT:      65         3   -1.9440    0.6139    0.9761
DIM:ROT:      66         1   -1.8812    0.8728    0.9309
DIM:ROT:      66         2   -1.8909    0.5354    0.9751
DIM:ROT:      66         3   -1.8989    0.6420    0.6740
DIM:ROT:      67         1   -1.7479    0.6603    0.8709
DIM:ROT:      67         2   -1.7559    0.5165    0.8164
DIM:ROT:      67         3   -1.7619    0.5145    0.6638
DIM:ROT:      68         1   -1.6758    0.4963    0.7856
DIM:ROT:      68         2   -1.6814    0.4978    0.6178
DIM:ROT:      68         3   -1.6864    0.4134    0.6450
DIM:ROT:      69         1   -1.6226    0.7201    0.5407
DIM:ROT:      69         2   -1.6278    0.3652    0.7211
DIM:ROT:      69         3   -1.6313    0.4775    0.4086
DIM:ROT:      70         1   -1.5692    0.3572    0.7272
DIM:ROT:      70         2   -1.5725    0.4628    0.3947
DIM:ROT:      70         3   -1.5754    0.2727    0.5403
DIM:ROT:      71         1   -1.4961    1.0675    0.3394
DIM:ROT:      71         2   -1.4996    0.3355    0.5197
DIM:ROT:      71         3   -1.5009    0.2069    0.2874
DIM:ROT:      72         1   -1.3783    0.4280    0.4549
DIM:ROT:      72         2   -1.3804    0.2356    0.4318
DIM:ROT:      72         3   -1.3818    0.2571    0.2824
DIM:ROT:      73         1   -1.3124    0.8569    0.4646
DIM:ROT:      73         2   -1.3146    0.2364    0.4304
DIM:ROT:      73         3   -1.3156    0.1885    0.2403
DIM:ROT:      74         1   -1.2283    0.5172    0.4558
DIM:ROT:      74         2   -1.2306    0.2308    0.4651
DIM:ROT:      74         3   -1.2320    0.2767    0.2525
DIM:ROT:      75         1   -1.2023    0.9317    0.4495
DIM:ROT:      75         2   -1.2048    0.2969    0.3260
DIM:ROT:      75         3   -1.2056    0.1736    0.2292
DIM:ROT:      76         1   -1.2272    0.6636    0.3876
DIM:ROT:      76         2   -1.2293    0.2059    0.4553
DIM:ROT:      76         3   -1.2306    0.2840    0.2166
DIM:ROT:      77         1   -1.2455    0.7896    0.4525
DIM:ROT:      77         2   -1.2489    0.2809    0.5859
DIM:ROT:      77         3   -1.2511    0.3821    0.3018
DIM:ROT:      78         1   -1.5268    1.2649    0.9133
DIM:ROT:      78         2   -1.5374    0.5423    1.1134
DIM:ROT:      78         3   -1.5461    0.7550    0.6127
DIM:ROT:      79         1   -1.8110    0.9522    0.9104
DIM:ROT:      79         2   -1.8231    0.5936    1.1372
DIM:ROT:      79         3   -1.8332    0.7617    0.7369
DIM:ROT:      80         1   -2.0133    0.7920    1.5416
DIM:ROT:      80         2   -2.0313    1.0531    0.9478
DIM:ROT:      80         3   -2.0469    0.6738    1.3012
DIM:ROT:      81         1   -2.4559    7.4276    1.2543
DIM:ROT:      81         2   -2.5054    1.3810    2.2398
DIM:ROT:      81         3   -2.5218    0.7540    1.1478
DIM:ROT:      82         1   -2.8435    0.9342    1.0627
DIM:ROT:      82         2   -2.8594    0.7049    1.2378
DIM:ROT:      82         3   -2.8733    0.8160    0.9347
DIM:ROT:      83         1   -3.3850    0.9596    1.8808
DIM:ROT:      83         2   -3.4099    1.1555    1.1638
DIM:ROT:      83         3   -3.4308    0.7734    1.4794
DIM:ROT:      84         1   -4.2100    3.0014    1.5053
DIM:ROT:      84         2   -4.2503    1.0531    2.1042
DIM:ROT:      84         3   -4.2729    0.9831    1.1631
DIM:ROT:      85         1   -4.6368    1.2815    1.6909
DIM:ROT:      85         2   -4.6650    0.9152    1.6615
DIM:ROT:      85         3   -4.6858    0.9573    1.2321
DIM:ROT:      86         1   -4.7181    1.3276    2.2038
DIM:ROT:      86         2   -4.7464    1.0017    1.4812
DIM:ROT:      86         3   -4.7676    0.8648    1.3027
DIM:ROT:      87         1   -4.9388    1.8715    1.6136
DIM:ROT:      87         2   -4.9626    0.8495    1.5682
DIM:ROT:      87         3   -4.9776    0.8459    1.0096
DIM:ROT:      88         1   -5.0954    0.6060    0.9463
DIM:ROT:      88         2   -5.1030    0.5085    0.8021
DIM:ROT:      88         3   -5.1096    0.4536    0.6974
DIM:ROT:      89         1   -4.8041    1.1033    1.1025
DIM:ROT:      89         2   -4.8114    0.4369    0.7362
DIM:ROT:      89         3   -4.8149    0.3508    0.5142
DIM:ROT:      90         1   -3.7515    1.3696    1.7117
DIM:ROT:      90         2   -3.7668    0.6775    1.2409
DIM:ROT:      90         3   -3.7774    0.6708    0.8236
DIM:ROT:      91         1   -3.2384    2.0767    1.2373
DIM:ROT:      91         2   -3.2600    0.9371    1.1174
DIM:ROT:      91         3   -3.2680    0.5235    0.8180
DIM:ROT:      92         1   -3.1213    1.0733    1.1182
DIM:ROT:      92         2   -3.1355    0.6269    1.1405
DIM:ROT:      92         3   -3.1449    0.6950    0.7592
DIM:ROT:      93         1   -3.1927    0.6360    0.8795
DIM:ROT:      93         2   -3.2010    0.5276    0.8235
DIM:ROT:      93         3   -3.2082    0.5200    0.7083
DIM:ROT:      94         1   -3.2863    0.7649    0.9470
DIM:ROT:      94         2   -3.2971    0.5650    0.9487
DIM:ROT:      94         3   -3.3050    0.5938    0.7250
DIM:ROT:      95         1   -3.4943    1.1910    1.0800
DIM:ROT:      95         2   -3.5122    0.6541    1.3035
DIM:ROT:      95         3   -3.5251    0.8408    0.8105
DIM:ROT:      96         1   -3.8355    0.9905    1.3403
DIM:ROT:      96         2   -3.8561    0.8025    1.2859
DIM:ROT:      96         3   -3.8713    0.7922    1.0640
DIM:ROT:      97         1   -4.0575    1.0464    1.2243
DIM:ROT:      97         2   -4.0770    0.7650    1.3502
DIM:ROT:      97         3   -4.0940    0.8773    1.0206
DIM:ROT:      98         1   -4.4968    1.0542    1.3844
DIM:ROT:      98         2   -4.5206    0.8684    1.4122
DIM:ROT:      98         3   -4.5387    0.8816    1.1607
DIM:ROT:      99         1   -5.0210    1.0925    1.4370
DIM:ROT:      99         2   -5.0440    0.8834    1.4254
DIM:ROT:      99         3   -5.0646    0.9067    1.1933
DIM:ROT:     100         1   -5.6800    1.0823    1.4182
DIM:ROT:     100         2   -5.7039    0.8622    1.4478
DIM:ROT:     100         3   -5.7217    0.8767    1.1566
DIM:ROT:     101         1   -6.3655    1.0318    1.4349
DIM:ROT:     101         2   -6.3853    0.8319    1.3507
DIM:ROT:     101         3   -6.4029    0.8168    1.1318
DIM:ROT:     102         1   -7.4434    1.4462    1.3912
DIM:ROT:     102         2   -7.4661    0.7784    1.5050
DIM:ROT:     102         3   -7.4800    0.8409    0.9691
DIM:ROT:     103         1   -8.5891    1.1406    2.1095
DIM:ROT:     103         2   -8.6078    0.9401    1.2898
DIM:ROT:     103         3   -8.6230    0.6904    1.1967
DIM:ROT:     104         1   -9.6574    1.6090    1.3814
DIM:ROT:     104         2   -9.6763    0.7306    1.3989
DIM:ROT:     104         3   -9.6863    0.6764    0.8756
DIM:ROT:     105         1  -11.7513    2.1439    2.2733
DIM:ROT:     105         2  -11.7950    1.1342    1.9596
DIM:ROT:     105         3  -11.8207    0.9864    1.4147
DIM:ROT:     106         1  -15.0440    2.8048    3.0287
DIM:ROT:     106         2  -15.1154    1.3441    2.5596
DIM:ROT:     106         3  -15.1478    1.1724    1.6776
DIM:ROT:     107         1  -15.9407    0.9201    1.8437
DIM:ROT:     107         2  -15.9565    0.8373    1.1944
DIM:ROT:     107         3  -15.9697    0.5811    1.1393
DIM:ROT:     108         1  -17.1376    1.6264    1.0388
DIM:ROT:     108         2  -17.1498    0.5644    0.9137
DIM:ROT:     108         3  -17.1513    0.3105    0.4429
DIM:ROT:     109         1  -19.6750    1.4481    1.8866
DIM:ROT:     109         2  -19.6866    0.6421    0.8199
DIM:ROT:     109         3  -19.6900    0.3204    0.6747
DIM:ROT:     110         1  -21.0358    0.9365    1.1781
DIM:ROT:     110         2  -21.0377    0.3279    0.6256
DIM:ROT:     110         3  -21.0391    0.2278    0.4109
DIM:ROT:     111         1  -20.9125    1.2679    2.8792
DIM:ROT:     111         2  -20.9339    0.9919    1.4620
DIM:ROT:     111         3  -20.9457    0.5799    1.2488
DIM:ROT:     112         1  -21.1777    2.8259    3.5038
DIM:ROT:     112         2  -21.2059    1.0382    2.4052
DIM:ROT:     112         3  -21.2286    0.9186    1.3975
DIM:ROT:     113         1  -21.7406    3.1994    2.7857
DIM:ROT:     113         2  -21.7596    1.0401    1.8087
DIM:ROT:     113         3  -21.7689    0.5794    1.1586
DIM:ROT:     114         1  -23.4691    1.6061    1.9031
DIM:ROT:     114         2  -23.4806    0.6999    1.1839
DIM:ROT:     114         3  -23.4841    0.4014    0.7222
DIM:ROT:     115         1  -25.3959    2.1863    2.7535
DIM:ROT:     115         2  -25.4151    0.6362    1.4863
DIM:ROT:     115         3  -25.4217    0.4727    0.7807
DIM:ROT:     116         1  -26.4414    1.2788    1.9022
DIM:ROT:     116         2  -26.4531    0.5314    1.3694
DIM:ROT:     116         3  -26.4598    0.4757    0.6832
DIM:ROT:     117         1  -25.9857    0.9058    1.6776
DIM:ROT:     117         2  -25.9926    0.3875    0.8077
DIM:ROT:     117         3  -25.9946    0.2626    0.4738
DIM:ROT:     118         1  -25.2435    0.7227    1.3617
DIM:ROT:     118         2  -25.2505    0.4251    0.9288
DIM:ROT:     118         3  -25.2530    0.3138    0.5708
DIM:ROT:     119         1  -24.7927    0.7198    0.9214
DIM:ROT:     119         2  -24.7941    0.2733    0.5643
DIM:ROT:     119         3  -24.7957    0.1777    0.3406
DIM:ROT:     120         1  -24.7403    0.4656    0.6907
DIM:ROT:     120         2  -24.7421    0.2094    0.4403
DIM:ROT:     120         3  -24.7429    0.1571    0.2649
DIM:ROT:     121         1  -24.8709    0.6764    1.1517
DIM:ROT:     121         2  -24.8763    0.2891    0.6362
DIM:ROT:     121         3  -24.8773    0.2183    0.3795
DIM:ROT:     122         1  -25.0602    0.4755    1.2309
DIM:ROT:     122         2  -25.0638    0.3345    0.5086
DIM:ROT:     122         3  -25.0651    0.1694    0.4048
DIM:ROT:     123         1  -26.1048    0.8197    1.3145
DIM:ROT:     123         2  -26.1106    0.3419    0.8214
DIM:ROT:     123         3  -26.1134    0.2744    0.4403
DIM:ROT:     124         1  -26.6515    0.7298    1.6319
DIM:ROT:     124         2  -26.6605    0.4196    0.8399
DIM:ROT:     124         3  -26.6624    0.2734    0.5578
DIM:ROT:     125         1  -26.3658    0.3323    0.7547
DIM:ROT:     125         2  -26.3676    0.2097    0.3673
DIM:ROT:     125         3  -26.3683    0.1309    0.2737
DIM:ROT:     126         1  -24.8781    1.1220    1.3266
DIM:ROT:     126         2  -24.8816    0.4656    0.5670
DIM:ROT:     126         3  -24.8822    0.1957    0.2889
DIM:ROT:     127         1  -24.4366    0.6639    0.9118
DIM:ROT:     127         2  -24.4402    0.2752    0.7029
DIM:ROT:     127         3  -24.4412    0.2535    0.3334
DIM:ROT:     128         1  -24.5369    0.3579    0.8692
DIM:ROT:     128         2  -24.5389    0.2127    0.3554
DIM:ROT:     128         3  -24.5392    0.1249    0.2675
DIM:ROT:     129         1  -25.4170    0.6235    0.8240
DIM:ROT:     129         2  -25.4190    0.2248    0.4259
DIM:ROT:     129         3  -25.4200    0.1373    0.2662
DIM:ROT:     130         1  -26.1653    0.6659    0.9595
DIM:ROT:     130         2  -26.1696    0.2574    0.6013
DIM:ROT:     130         3  -26.1706    0.2005    0.3269
DIM:ROT:     131         1  -26.0442    0.3353    0.9172
DIM:ROT:     131         2  -26.0461    0.2432    0.3102
DIM:ROT:     131         3  -26.0461    0.1024    0.2571
DIM:ROT:     132         1  -25.1900    0.4578    1.0458
DIM:ROT:     132         2  -25.1920    0.2694    0.4827
DIM:ROT:     132         3  -25.1929    0.1617    0.3366
DIM:ROT:     133         1  -24.4765    0.8177    0.8085
DIM:ROT:     133         2  -24.4764    0.2649    0.3529
DIM:ROT:     133         3  -24.4766    0.1241    0.1619
DIM:ROT:     134         1  -23.7363    0.4532    0.9633
DIM:ROT:     134         2  -23.7379    0.1936    0.4196
DIM:ROT:     134         3  -23.7381    0.1275    0.2332
DIM:ROT:     135         1  -23.5829    0.3345    0.4534
DIM:ROT:     135         2  -23.5828    0.1356    0.2395
DIM:ROT:     135         3  -23.5827    0.0799    0.1552
DIM:ROT:     136         1  -23.7648    0.3942    0.4918
DIM:ROT:     136         2  -23.7661    0.1496    0.3432
DIM:ROT:     136         3  -23.7662    0.1122    0.1804
DIM:ROT:     137         1  -23.8572    0.2963    0.5389
DIM:ROT:     137         2  -23.8585    0.1724    0.3486
DIM:ROT:     137         3  -23.8590    0.1286    0.2289
DIM:ROT:     138         1  -24.0901    0.8138    0.6678
DIM:ROT:     138         2  -24.0912    0.2111    0.3712
DIM:ROT:     138         3  -24.0910    0.1003    0.1890
DIM:ROT:     139         1  -24.2580    0.6259    0.6652
DIM:ROT:     139         2  -24.2597    0.2624    0.3660
DIM:ROT:     139         3  -24.2600    0.1644    0.1838
DIM:ROT:     140         1  -23.8542    0.4712    1.1614
DIM:ROT:     140         2  -23.8569    0.3014    0.4688
DIM:ROT:     140         3  -23.8578    0.1739    0.3770
DIM:ROT:     141         1  -22.2456    0.8203    1.4866
DIM:ROT:     141         2  -22.2515    0.4441    0.8956
DIM:ROT:     141         3  -22.2546    0.3299    0.5669
DIM:ROT:     142         1  -21.6275    0.9031    0.9028
DIM:ROT:     142         2  -21.6304    0.2901    0.7618
DIM:ROT:     142         3  -21.6311    0.2525    0.3034
DIM:ROT:     143         1  -20.7157    0.4928    1.0851
DIM:ROT:     143         2  -20.7180    0.2930    0.5077
DIM:ROT:     143         3  -20.7188    0.1919    0.3762
DIM:ROT:     144         1  -20.9608    0.4848    0.5496
DIM:ROT:     144         2  -20.9625    0.2159    0.4946
DIM:ROT:     144         3  -20.9631    0.1981    0.2589
DIM:ROT:     145         1  -21.4671    0.5088    0.5655
DIM:ROT:     145         2  -21.4688    0.2115    0.3164
DIM:ROT:     145         3  -21.4689    0.1132    0.2173
DIM:ROT:     146         1  -21.6562    0.1919    0.3854
DIM:ROT:     146         2  -21.6567    0.1137    0.1962
DIM:ROT:     146         3  -21.6569    0.0794    0.1530
DIM:ROT:     147         1  -21.6468    0.1060    0.2153
DIM:ROT:     147         2  -21.6469    0.0736    0.1277
DIM:ROT:     147         3  -21.6469    0.0521    0.0990
DIM:ROT:     148         1  -21.6148    0.1316    0.1782
DIM:ROT:     148         2  -21.6150    0.0696    0.0991
DIM:ROT:     149         1  -21.4435    0.0929    0.1663
DIM:ROT:     149         2  -21.4435    0.0529    0.1014
DIM:ROT:     149         3  -21.4435    0.0392    0.0696
DIM:ROT:     150         1  -21.2854    0.1712    0.1332
DIM:ROT:     150         2  -21.2850    0.0462    0.1064
DIM:ROT:     150         3  -21.2850    0.0295    0.0461
DIM:ROT:     151         1  -21.2925    0.1375    0.1724
DIM:ROT:     151         2  -21.2925    0.0634    0.1507
DIM:ROT:     151         3  -21.2924    0.0578    0.0759
DIM:ROT:     152         1  -21.2725    0.1420    0.2673
DIM:ROT:     152         2  -21.2727    0.0707    0.1299
DIM:ROT:     152         3  -21.2726    0.0501    0.0930
DIM:ROT:     153         1  -21.3656    0.1741    0.3592
DIM:ROT:     153         2  -21.3661    0.0820    0.1463
DIM:ROT:     153         3  -21.3660    0.0570    0.1078
DIM:ROT:     154         1  -21.4099    0.2623    0.2064
DIM:ROT:     154         2  -21.4098    0.0890    0.1434
DIM:ROT:     154         3  -21.4097    0.0538    0.0611
DIM:ROT:     155         1  -21.4569    0.1690    0.3081
DIM:ROT:     155         2  -21.4573    0.0938    0.1747
DIM:ROT:     155         3  -21.4573    0.0669    0.1224
DIM:ROT:     156         1  -21.6712    0.2800    0.4701
DIM:ROT:     156         2  -21.6720    0.1245    0.1742
DIM:ROT:     156         3  -21.6720    0.0660    0.1437
DIM:ROT:     157         1  -21.6629    0.1920    0.3771
DIM:ROT:     157         2  -21.6629    0.1261    0.2161
DIM:ROT:     157         3  -21.6631    0.0896    0.1728
DIM:ROT:     158         1  -21.5087    0.2090    0.2686
DIM:ROT:     158         2  -21.5086    0.1163    0.1485
DIM:ROT:     158         3  -21.5086    0.0640    0.1026
DIM:ROT:     159         1  -21.3795    0.2171    0.3779
DIM:ROT:     159         2  -21.3801    0.1183    0.2204
DIM:ROT:     159         3  -21.3799    0.0840    0.1532
DIM:ROT:     160         1  -21.2462    0.3208    0.3039
DIM:ROT:     160         2  -21.2460    0.1283    0.2185
DIM:ROT:     160         3  -21.2460    0.0754    0.1207
