MINMODE:METHOD: Dimer
DIM:CONTROL: Search Parameters:
DIM:CONTROL: ------------------
DIM:CONTROL: eigenmode_method = dimer
DIM:CONTROL: f_rot_min = 0.01
DIM:CONTROL: f_rot_max = 0.1
DIM:CONTROL: max_num_rot = 3
DIM:CONTROL: trial_angle = 0.7853981633974483
DIM:CONTROL: trial_trans_step = 0.001
DIM:CONTROL: maximum_translation = 0.1
DIM:CONTROL: cg_translation = True
DIM:CONTROL: use_central_forces = True
DIM:CONTROL: dimer_separation = 0.005
DIM:CONTROL: initial_eigenmode_method = gauss
DIM:CONTROL: extrapolate_forces = True
DIM:CONTROL: displacement_method = gauss
DIM:CONTROL: gauss_std = 0.1
DIM:CONTROL: order = 1
DIM:CONTROL: mask = None
DIM:CONTROL: displacement_center = None
DIM:CONTROL: displacement_radius = None
DIM:CONTROL: number_of_displacement_atoms = None
DIM:CONTROL: ------------------
DIM:ROT: OPT-STEP ROT-STEP CURVATURE ROT-ANGLE ROT-FORCE
DIM:ROT:       0         1  -26.3525   22.3659   19.9492
DIM:ROT:       0         2  -28.7510    9.2877   14.2814
DIM:ROT:       0         3  -29.5735    6.1733    7.6370
DIM:ROT:       1         1  -12.4398   20.6329   20.0570
DIM:ROT:       1         2  -13.4467    7.0026    7.0983
DIM:ROT:       1         3  -13.8383    3.8476    5.2048
DIM:ROT:       2         1  -10.4466   13.9560    9.2770
DIM:ROT:       2         2  -11.5307    6.2669    9.9172
DIM:ROT:       2         3  -12.1574    6.4484    5.5181
DIM:ROT:       3         1  -10.7590    4.5466    6.0774
DIM:ROT:       3         2  -10.9462    2.7363    3.8287
DIM:ROT:       3         3  -11.0359    1.9328    2.5359
DIM:ROT:       4         1  -12.8850    5.4600    4.8698
DIM:ROT:       4         2  -12.9771    1.9534    2.8883
DIM:ROT:       4         3  -13.0192    1.5058    1.6206
DIM:ROT:       5         1  -13.6489    6.3570    6.7143
DIM:ROT:       5         2  -13.6969    1.7800    2.2393
DIM:ROT:       5         3  -13.7284    1.1207    1.4748
DIM:ROT:       6         1  -12.4592    7.8383    5.1037
DIM:ROT:       6         2  -12.6894    3.8278    3.6487
DIM:ROT:       6         3  -12.7888    2.5703    2.1902
DIM:ROT:       7         1  -14.7107    9.3963    4.5228
DIM:ROT:       7         2  -15.0286    3.4530    5.1066
DIM:ROT:       7         3  -15.1468    2.8280    2.5007
DIM:ROT:       8         1  -15.1830    5.5502    5.4015
DIM:ROT:       8         2  -15.4775    3.9922    4.2083
DIM:ROT:       8         3  -15.6550    3.0786    3.2616
DIM:ROT:       9         1  -15.0328    5.7955    4.5248
DIM:ROT:       9         2  -15.1704    2.2380    3.4813
DIM:ROT:       9         3  -15.2348    2.1279    1.6625
DIM:ROT:      10         1  -15.8837    4.3458    4.7987
DIM:ROT:      10         2  -15.9816    2.2307    3.0226
DIM:ROT:      10         3  -16.0309    1.5903    1.7453
DIM:ROT:      11         1  -14.9075    3.6636    2.9711
DIM:ROT:      11         2  -14.9400    1.0248    1.3928
DIM:ROT:      11         3  -14.9528    0.8614    0.7573
DIM:ROT:      12         1  -18.1902    3.6462    3.4623
DIM:ROT:      12         2  -18.2415    1.4634    2.0165
DIM:ROT:      12         3  -18.2708    1.2010    1.2577
DIM:ROT:      13         1  -20.3704    3.9269    4.5924
DIM:ROT:      13         2  -20.4695    1.8881    2.6921
DIM:ROT:      13         3  -20.5080    1.3271    1.4910
DIM:ROT:      14         1  -24.2006    5.4788    5.4563
DIM:ROT:      14         2  -24.3906    2.4818    3.9753
DIM:ROT:      14         3  -24.4702    2.0007    2.1848
DIM:ROT:      15         1  -29.5480    5.1986    4.0562
DIM:ROT:      15         2  -29.5944    1.2219    2.0625
DIM:ROT:      15         3  -29.6052    0.6635    0.8346
DIM:ROT:      16         1  -28.5002    3.4724    4.3594
DIM:ROT:      16         2  -28.5453    1.2686    2.4026
DIM:ROT:      16         3  -28.5587    0.9228    1.1010
DIM:ROT:      17         1  -27.6313    4.4002    4.4198
DIM:ROT:      17         2  -27.6552    1.2700    1.8104
DIM:ROT:      17         3  -27.6637    0.7245    0.8311
DIM:ROT:      18         1  -22.3187    4.4812    3.8338
DIM:ROT:      18         2  -22.3407    1.2344    1.6106
DIM:ROT:      18         3  -22.3502    0.7216    0.9044
DIM:ROT:      19         1  -19.4711    6.7843    5.7530
DIM:ROT:      19         2  -19.5143    1.7826    2.2434
DIM:ROT:      19         3  -19.5368    1.0825    1.3108
DIM:ROT:      20         1  -24.5453    5.4496    4.9047
DIM:ROT:      20         2  -24.6197    1.4118    2.2277
DIM:ROT:      20         3  -24.6389    0.9881    1.1591
DIM:ROT:      21         1  -24.7302    2.4190    2.4232
DIM:ROT:      21         2  -24.7537    0.8193    1.2098
DIM:ROT:      21         3  -24.7588    0.5125    0.5883
DIM:ROT:      22         1  -22.6200    2.4800    2.6974
DIM:ROT:      22         2  -22.6354    0.6829    1.2046
DIM:ROT:      22         3  -22.6391    0.4769    0.4776
DIM:ROT:      23         1  -21.5902    2.4258    2.8917
DIM:ROT:      23         2  -21.6115    1.0345    1.2358
DIM:ROT:      23         3  -21.6182    0.6129    0.6930
DIM:ROT:      24         1  -20.6070    1.6466    1.6859
DIM:ROT:      24         2  -20.6154    0.5693    0.8436
DIM:ROT:      24         3  -20.6176    0.3390    0.4073
DIM:ROT:      25         1  -20.5098    1.9782    2.2881
DIM:ROT:      25         2  -20.5261    0.7356    0.9982
DIM:ROT:      25         3  -20.5291    0.4016    0.4686
DIM:ROT:      26         1  -20.1233    2.4489    2.6038
DIM:ROT:      26         2  -20.1476    0.8213    1.2059
DIM:ROT:      26         3  -20.1534    0.5400    0.5749
DIM:ROT:      27         1  -18.8657    1.5761    1.9944
DIM:ROT:      27         2  -18.8786    0.6462    0.9008
DIM:ROT:      27         3  -18.8830    0.4246    0.5002
DIM:ROT:      28         1  -18.9331    1.4559    1.7612
DIM:ROT:      28         2  -18.9432    0.6755    0.7489
DIM:ROT:      28         3  -18.9461    0.3842    0.4593
DIM:ROT:      29         1  -19.2690    1.2802    1.5650
DIM:ROT:      29         2  -19.2755    0.6200    0.7114
DIM:ROT:      29         3  -19.2776    0.3456    0.4268
DIM:ROT:      30         1  -19.9725    1.5183    1.7917
DIM:ROT:      30         2  -19.9811    0.7051    0.7447
DIM:ROT:      30         3  -19.9833    0.3495    0.4505
DIM:ROT:      31         1  -20.5067    1.9162    1.4894
DIM:ROT:      31         2  -20.5136    0.5187    0.6253
DIM:ROT:      31         3  -20.5152    0.2750    0.3359
DIM:ROT:      32         1  -20.0795    1.3333    1.3880
DIM:ROT:      32         2  -20.0861    0.4526    0.5132
DIM:ROT:      32         3  -20.0880    0.2453    0.3221
DIM:ROT:      33         1  -18.6204    0.7493    0.6684
DIM:ROT:      33         2  -18.6235    0.3003    0.3675
DIM:ROT:      33         3  -18.6245    0.1848    0.1860
DIM:ROT:      34         1  -18.8984    0.2986    0.4038
DIM:ROT:      34         2  -18.8984    0.1208    0.1446
DIM:ROT:      34         3  -18.8987    0.0610    0.0823
DIM:ROT:      35         1  -19.6987    0.6027    0.5481
DIM:ROT:      35         2  -19.6999    0.2001    0.2931
DIM:ROT:      35         3  -19.7003    0.1246    0.1333
DIM:ROT:      36         1  -19.5982    1.0782    1.3330
DIM:ROT:      36         2  -19.6018    0.3736    0.4489
DIM:ROT:      36         3  -19.6028    0.1958    0.2370
DIM:ROT:      37         1  -19.3445    1.0175    1.0177
DIM:ROT:      37         2  -19.3476    0.3316    0.4692
DIM:ROT:      37         3  -19.3489    0.2200    0.2499
DIM:ROT:      38         1  -18.9474    0.7001    0.6501
DIM:ROT:      38         2  -18.9501    0.3000    0.3667
DIM:ROT:      38         3  -18.9504    0.1845    0.1952
DIM:ROT:      39         1  -18.7907    0.3838    0.4789
DIM:ROT:      39         2  -18.7914    0.1787    0.1813
DIM:ROT:      39         3  -18.7915    0.0904    0.1147
DIM:ROT:      40         1  -18.8295    0.6671    0.5540
DIM:ROT:      40         2  -18.8312    0.2002    0.3056
DIM:ROT:      40         3  -18.8317    0.1353    0.1443
DIM:ROT:      41         1  -19.0385    0.7960    0.5247
DIM:ROT:      41         2  -19.0395    0.2008    0.2619
DIM:ROT:      41         3  -19.0400    0.1070    0.1220
DIM:ROT:      42         1  -19.0822    0.8642    0.7849
DIM:ROT:      42         2  -19.0859    0.3627    0.5362
DIM:ROT:      42         3  -19.0871    0.2421    0.2745
DIM:ROT:      43         1  -19.0153    0.7989    0.5772
DIM:ROT:      43         2  -19.0166    0.2399    0.3442
DIM:ROT:      43         3  -19.0171    0.1404    0.1558
DIM:ROT:      44         1  -19.2108    0.7767    0.7916
DIM:ROT:      44         2  -19.2124    0.3526    0.4518
DIM:ROT:      44         3  -19.2134    0.2064    0.2529
DIM:ROT:      45         1  -19.1966    0.6078    0.4857
DIM:ROT:      45         2  -19.1982    0.2278    0.3205
DIM:ROT:      45         3  -19.1983    0.1428    0.1480
DIM:ROT:      46         1  -19.0512    0.6459    0.7758
DIM:ROT:      46         2  -19.0531    0.3499    0.3666
DIM:ROT:      46         3  -19.0538    0.1833    0.2489
DIM:ROT:      47         1  -19.0515    0.7027    0.4734
DIM:ROT:      47         2  -19.0533    0.2236    0.3241
DIM:ROT:      47         3  -19.0537    0.1429    0.1319
DIM:ROT:      48         1  -18.9722    0.6627    0.5357
DIM:ROT:      48         2  -18.9741    0.2650    0.3782
DIM:ROT:      48         3  -18.9745    0.1710    0.1795
DIM:ROT:      49         1  -18.7647    0.7003    0.5693
DIM:ROT:      49         2  -18.7652    0.2369    0.3087
DIM:ROT:      49         3  -18.7654    0.1466    0.1467
DIM:ROT:      50         1  -18.4785    0.8811    0.6981
DIM:ROT:      50         2  -18.4799    0.3010    0.3711
DIM:ROT:      50         3  -18.4805    0.1756    0.1856
DIM:ROT:      51         1  -18.5358    0.3072    0.2922
DIM:ROT:      51         2  -18.5359    0.1291    0.1739
DIM:ROT:      51         3  -18.5360    0.0835    0.0963
DIM:ROT:      52         1  -18.4694    0.3424    0.3871
DIM:ROT:      52         2  -18.4699    0.1779    0.1926
DIM:ROT:      52         3  -18.4698    0.0995    0.1258
DIM:ROT:      53         1  -18.3094    0.3678    0.3859
DIM:ROT:      53         2  -18.3094    0.1446    0.1877
DIM:ROT:      53         3  -18.3095    0.0868    0.1046
DIM:ROT:      54         1  -18.1423    0.2706    0.3459
DIM:ROT:      54         2  -18.1423    0.1561    0.1407
DIM:ROT:      54         3  -18.1424    0.0762    0.1025
DIM:ROT:      55         1  -18.0360    0.3953    0.3506
DIM:ROT:      55         2  -18.0356    0.1473    0.1964
DIM:ROT:      55         3  -18.0358    0.0959    0.1001
DIM:ROT:      56         1  -17.9312    0.1982    0.1609
DIM:ROT:      56         2  -17.9313    0.0804    0.1241
DIM:ROT:      56         3  -17.9313    0.0615    0.0601
DIM:ROT:      57         1  -17.9099    0.1160    0.1193
DIM:ROT:      57         2  -17.9099    0.0532    0.0750
DIM:ROT:      58         1  -17.8953    0.3398    0.3357
DIM:ROT:      58         2  -17.8948    0.1266    0.1607
DIM:ROT:      58         3  -17.8948    0.0768    0.0837
DIM:ROT:      59         1  -17.8753    0.3157    0.3788
DIM:ROT:      59         2  -17.8751    0.1599    0.1499
DIM:ROT:      59         3  -17.8751    0.0815    0.0988
DIM:ROT:      60         1  -17.9449    0.2257    0.2125
DIM:ROT:      60         2  -17.9452    0.0958    0.1166
DIM:ROT:      60         3  -17.9453    0.0603    0.0719
DIM:ROT:      61         1  -17.9342    0.2756    0.3001
DIM:ROT:      61         2  -17.9339    0.1167    0.1373
DIM:ROT:      61         3  -17.9340    0.0608    0.0731
DIM:ROT:      62         1  -17.8097    0.1675    0.1388
DIM:ROT:      62         2  -17.8098    0.0599    0.0830
DIM:ROT:      63         1  -17.7451    0.2968    0.3535
DIM:ROT:      63         2  -17.7446    0.1272    0.1443
DIM:ROT:      63         3  -17.7446    0.0617    0.0759
DIM:ROT:      64         1  -17.8425    0.2520    0.2130
DIM:ROT:      64         2  -17.8423    0.0871    0.1111
DIM:ROT:      64         3  -17.8424    0.0553    0.0517
DIM:ROT:      65         1  -17.9032    0.2289    0.2115
DIM:ROT:      65         2  -17.9033    0.1039    0.1229
DIM:ROT:      65         3  -17.9034    0.0616    0.0678
DIM:ROT:      66         1  -17.8786    0.1962    0.2415
DIM:ROT:      66         2  -17.8784    0.1052    0.1026
DIM:ROT:      66         3  -17.8785    0.0535    0.0688
DIM:ROT:      67         1  -17.8272    0.1533    0.1597
DIM:ROT:      67         2  -17.8274    0.0682    0.0755
DIM:ROT:      68         1  -17.7919    0.2060    0.1852
DIM:ROT:      68         2  -17.7918    0.0742    0.1132
DIM:ROT:      68         3  -17.7918    0.0558    0.0544
DIM:ROT:      69         1  -17.7515    0.2408    0.1588
DIM:ROT:      69         2  -17.7512    0.0584    0.0832
DIM:ROT:      70         1  -17.6944    0.2505    0.1783
DIM:ROT:      70         2  -17.6945    0.0877    0.1246
DIM:ROT:      70         3  -17.6945    0.0582    0.0541
DIM:ROT:      71         1  -17.7026    0.1662    0.1339
DIM:ROT:      71         2  -17.7026    0.0529    0.0896
DIM:ROT:      72         1  -17.6759    0.1143    0.0893
DIM:ROT:      73         1  -17.6397    0.1059    0.1434
DIM:ROT:      73         2  -17.6397    0.0608    0.0702
DIM:ROT:      74         1  -17.6136    0.1333    0.1148
DIM:ROT:      74         2  -17.6136    0.0498    0.0832
DIM:ROT:      75         1  -17.6240    0.0749    0.0708
DIM:ROT:      76         1  -17.6379    0.0719    0.0928
DIM:ROT:      77         1  -17.6227    0.0855    0.0805
DIM:ROT:      78         1  -17.6022    0.1099    0.1314
DIM:ROT:      78         2  -17.6020    0.0538    0.0568
DIM:ROT:      79         1  -17.5953    0.0871    0.0944
DIM:ROT:      80         1  -17.5994    0.0936    0.1137
DIM:ROT:      80         2  -17.5993    0.0471    0.0560
DIM:ROT:      81         1  -17.6122    0.1489    0.1645
DIM:ROT:      81         2  -17.6119    0.0653    0.0891
DIM:ROT:      82         1  -17.6121    0.1281    0.1113
DIM:ROT:      82         2  -17.6122    0.0575    0.0828
DIM:ROT:      83         1  -17.6101    0.1308    0.0916
DIM:ROT:      84         1  -17.6158    0.1271    0.1128
DIM:ROT:      84         2  -17.6159    0.0540    0.0864
DIM:ROT:      85         1  -17.6041    0.1238    0.1107
DIM:ROT:      85         2  -17.6040    0.0525    0.0734
DIM:ROT:      86         1  -17.6034    0.1634    0.0988
DIM:ROT:      87         1  -17.6450    0.1337    0.1168
DIM:ROT:      87         2  -17.6451    0.0580    0.0934
DIM:ROT:      88         1  -17.6771    0.1429    0.1017
DIM:ROT:      88         2  -17.6771    0.0465    0.0773
DIM:ROT:      89         1  -17.6737    0.1544    0.1042
DIM:ROT:      89         2  -17.6738    0.0510    0.0772
DIM:ROT:      90         1  -17.6366    0.1518    0.1191
DIM:ROT:      90         2  -17.6366    0.0616    0.0778
DIM:ROT:      91         1  -17.6410    0.1443    0.1234
DIM:ROT:      91         2  -17.6409    0.0616    0.0757
DIM:ROT:      92         1  -17.6394    0.1873    0.1485
DIM:ROT:      92         2  -17.6394    0.0724    0.0995
DIM:ROT:      93         1  -17.6366    0.1071    0.1069
DIM:ROT:      93         2  -17.6365    0.0517    0.0650
DIM:ROT:      94         1  -17.6494    0.1186    0.1196
DIM:ROT:      94         2  -17.6492    0.0495    0.0693
DIM:ROT:      95         1  -17.6544    0.0513    0.0498
DIM:ROT:      96         1  -17.6535    0.0479    0.0570
DIM:ROT:      97         1  -17.6502    0.0341    0.0460
DIM:ROT:      98         1  -17.6453    0.0307    0.0321
DIM:ROT:      99         1  -17.6490    0.0219    0.0283
DIM:ROT:     100         1  -17.6576    0.0293    0.0294
DIM:ROT:     101         1  -17.6612    0.0159    0.0209
DIM:ROT:     102         1  -17.6618    0.0173    0.0190
DIM:ROT:     103         1  -17.6617    0.0164    0.0192
DIM:ROT:     104         1  -17.6646    0.0175    0.0209
DIM:ROT:     105         1  -17.6679    0.0167    0.0214
DIM:ROT:     106         1  -17.6674    0.0186    0.0175
DIM:ROT:     107         1  -17.6691    0.0193    0.0276
DIM:ROT:     108         1  -17.6677    0.0279    0.0273
DIM:ROT:     109         1  -17.6685    0.0246    0.0231
DIM:ROT:     110         1  -17.6673    0.0232    0.0261
DIM:ROT:     111         1  -17.6661    0.0264    0.0227
