MINMODE:METHOD: Dimer
DIM:CONTROL: Search Parameters:
DIM:CONTROL: ------------------
DIM:CONTROL: eigenmode_method = dimer
DIM:CONTROL: f_rot_min = 0.01
DIM:CONTROL: f_rot_max = 0.1
DIM:CONTROL: max_num_rot = 3
DIM:CONTROL: trial_angle = 0.7853981633974483
DIM:CONTROL: trial_trans_step = 0.001
DIM:CONTROL: maximum_translation = 0.1
DIM:CONTROL: cg_translation = True
DIM:CONTROL: use_central_forces = True
DIM:CONTROL: dimer_separation = 0.005
DIM:CONTROL: initial_eigenmode_method = gauss
DIM:CONTROL: extrapolate_forces = True
DIM:CONTROL: displacement_method = gauss
DIM:CONTROL: gauss_std = 0.1
DIM:CONTROL: order = 1
DIM:CONTROL: mask = None
DIM:CONTROL: displacement_center = None
DIM:CONTROL: displacement_radius = None
DIM:CONTROL: number_of_displacement_atoms = None
DIM:CONTROL: ------------------
DIM:ROT: OPT-STEP ROT-STEP CURVATURE ROT-ANGLE ROT-FORCE
DIM:ROT:       0         1   46.1998   19.1355  110.9786
DIM:ROT:       0         2   13.4969   23.6953   71.5978
DIM:ROT:       0         3   -2.2365   11.3072   81.0257
DIM:ROT:       1         1    6.9515   15.0805   49.4185
DIM:ROT:       1         2    3.8810   11.4750   15.7950
DIM:ROT:       1         3    1.7784    6.4693   17.5002
DIM:ROT:       2         1   -1.9517   11.8529   12.1043
DIM:ROT:       2         2   -3.1235    6.7817    9.9078
DIM:ROT:       2         3   -3.7065    4.9979    6.8140
DIM:ROT:       3         1   -5.5635    8.8980    7.1815
DIM:ROT:       3         2   -6.5107    5.8883    9.1652
DIM:ROT:       3         3   -7.4108    7.0359    7.2379
DIM:ROT:       4         1   -6.2804    5.9040    7.9867
DIM:ROT:       4         2   -7.1521    7.4107    6.7115
DIM:ROT:       4         3   -8.0855    6.1785    8.6543
DIM:ROT:       5         1   -5.8804    6.5168    8.2787
DIM:ROT:       5         2   -6.6939    6.6192    7.0808
DIM:ROT:       5         3   -7.6326    6.2466    8.5203
DIM:ROT:       6         1   -7.5063   17.0554    9.7349
DIM:ROT:       6         2  -12.1111   14.3955   17.9962
DIM:ROT:       6         3  -17.2396   16.9620   16.8094
DIM:ROT:       7         1  -17.2060   16.9204   32.8527
DIM:ROT:       7         2  -23.6920   18.2195   19.3825
DIM:ROT:       7         3  -26.8508    9.3883   20.7566
DIM:ROT:       8         1  -16.9609   11.2896   39.0017
DIM:ROT:       8         2  -19.7085   10.9902   12.4634
DIM:ROT:       8         3  -20.5323    4.2063   13.4484
DIM:ROT:       9         1   -6.3850    7.5156   11.6101
DIM:ROT:       9         2   -6.8990    5.5824    6.0670
DIM:ROT:       9         3   -7.1923    3.6088    5.1580
DIM:ROT:      10         1    1.9419    6.2637    9.8656
DIM:ROT:      10         2    1.1219    5.3121    8.3651
DIM:ROT:      10         3    0.5620    4.5603    7.4419
DIM:ROT:      11         1   -4.5979   13.3798   11.3795
DIM:ROT:      11         2   -5.4697    6.7889    8.2564
DIM:ROT:      11         3   -5.9079    4.4430    5.7973
DIM:ROT:      12         1   -7.8489   14.5601   11.1981
DIM:ROT:      12         2   -8.4836    4.1057    9.4361
DIM:ROT:      12         3   -8.8321    4.5026    4.1674
DIM:ROT:      13         1   -7.6653    3.4004    6.3014
DIM:ROT:      13         2   -7.8034    2.5532    3.3543
DIM:ROT:      13         3   -7.8886    1.7300    2.9421
DIM:ROT:      14         1   -8.4214    7.5216    9.9476
DIM:ROT:      14         2   -9.0182    4.8544    6.9718
DIM:ROT:      14         3   -9.3679    3.9398    5.0749
DIM:ROT:      15         1  -10.5708    9.6678    5.0152
DIM:ROT:      15         2  -10.8855    3.1613    5.5483
DIM:ROT:      15         3  -11.0181    3.0131    2.3819
DIM:ROT:      16         1  -11.6760    4.0325    3.6218
DIM:ROT:      16         2  -11.7858    2.1380    2.8407
DIM:ROT:      16         3  -11.8454    1.8969    1.8212
DIM:ROT:      17         1   -9.3644    3.3815    4.7098
DIM:ROT:      17         2   -9.4926    2.4619    2.9412
DIM:ROT:      17         3   -9.5534    1.6844    2.2335
DIM:ROT:      18         1   -9.5759    5.7649    7.4022
DIM:ROT:      18         2   -9.7787    3.4531    2.9483
DIM:ROT:      18         3   -9.8515    1.9297    2.2958
DIM:ROT:      19         1   -3.1764    4.8484    8.2290
DIM:ROT:      19         2   -3.4648    4.0460    3.9623
DIM:ROT:      19         3   -3.5733    2.0868    3.3907
DIM:ROT:      20         1   -2.3508    6.1504    6.0044
DIM:ROT:      20         2   -2.5770    3.2287    3.7579
DIM:ROT:      20         3   -2.6900    2.6608    2.4181
DIM:ROT:      21         1    3.2867    5.9695   11.3598
DIM:ROT:      21         2    2.6839    6.1652    5.2664
DIM:ROT:      21         3    2.4014    3.1676    5.6360
DIM:ROT:      22         1    8.1763    8.1652   19.0535
DIM:ROT:      22         2    6.8406    8.1219    8.6206
DIM:ROT:      22         3    6.1762    4.3518    9.2271
DIM:ROT:      23         1    7.6515    5.0938   10.8284
DIM:ROT:      23         2    6.8242    5.2132    8.5642
DIM:ROT:      23         3    6.2260    4.1464    8.6706
DIM:ROT:      24         1    6.0939   12.6390    8.9111
DIM:ROT:      24         2    4.9331    4.4660   14.3058
DIM:ROT:      24         3    4.1802    6.7367    6.5814
DIM:ROT:      25         1    3.8060    3.8426    9.6158
DIM:ROT:      25         2    3.3225    4.1514    6.7891
DIM:ROT:      25         3    2.8828    3.1202    7.7048
DIM:ROT:      26         1    2.9256    3.5609    6.9987
DIM:ROT:      26         2    2.5615    2.9569    6.8938
DIM:ROT:      26         3    2.2843    2.8909    5.6519
DIM:ROT:      27         1    2.1765    3.0999    5.6928
DIM:ROT:      27         2    1.9523    2.2820    5.6987
DIM:ROT:      27         3    1.7503    2.4934    4.4568
DIM:ROT:      28         1    1.9678    2.1603    6.3257
DIM:ROT:      28         2    1.7818    2.4652    4.1437
DIM:ROT:      28         3    1.6513    1.6568    4.6915
DIM:ROT:      29         1    1.6398    7.5784    3.7499
DIM:ROT:      29         2    1.4486    3.0215    3.7436
DIM:ROT:      29         3    1.3613    1.2338    3.8250
DIM:ROT:      30         1    1.4611    1.6390    4.3150
DIM:ROT:      30         2    1.3732    1.3893    3.4485
DIM:ROT:      30         3    1.3119    1.2253    2.9718
DIM:ROT:      31         1    0.9656    4.3835    3.7420
DIM:ROT:      31         2    0.8755    1.2335    4.4130
DIM:ROT:      31         3    0.7924    1.7000    2.6189
DIM:ROT:      32         1    0.2113    1.9355    5.1897
DIM:ROT:      32         2    0.0703    1.7317    4.5775
DIM:ROT:      32         3   -0.0370    1.5792    4.0691
DIM:ROT:      33         1   -0.5397    3.6790    5.1721
DIM:ROT:      33         2   -0.7695    2.0784    6.4233
DIM:ROT:      33         3   -1.0005    3.0351    4.1370
DIM:ROT:      34         1   -1.1093    4.4121    3.6861
DIM:ROT:      34         2   -1.3380    3.2036    4.1014
DIM:ROT:      34         3   -1.5218    3.4811    3.0853
DIM:ROT:      35         1   -1.3583    2.1703    3.9817
DIM:ROT:      35         2   -1.4562    1.7775    3.2005
DIM:ROT:      35         3   -1.5501    1.7385    2.9872
DIM:ROT:      36         1   -1.5699    2.6853    3.3754
DIM:ROT:      36         2   -1.6887    2.1885    3.0935
DIM:ROT:      36         3   -1.7864    2.1144    2.7178
DIM:ROT:      37         1   -2.2504    4.3394    3.1644
DIM:ROT:      37         2   -2.4099    2.5314    3.6193
DIM:ROT:      37         3   -2.5358    2.7653    2.5294
DIM:ROT:      38         1   -2.5234    1.8496    5.6719
DIM:ROT:      38         2   -2.6437    2.7599    2.4003
DIM:ROT:      38         3   -2.7272    1.3295    3.7498
DIM:ROT:      39         1   -2.8381    5.0527    2.2311
DIM:ROT:      39         2   -2.9415    1.7967    3.3165
DIM:ROT:      39         3   -2.9897    1.1965    2.2242
DIM:ROT:      40         1   -3.4272    2.8479    1.6638
DIM:ROT:      40         2   -3.4850    1.4478    2.3362
DIM:ROT:      40         3   -3.5226    1.5921    1.3643
DIM:ROT:      41         1   -3.3704    2.8033    2.8319
DIM:ROT:      41         2   -3.4355    1.6181    2.3043
DIM:ROT:      41         3   -3.4791    1.3370    1.8926
DIM:ROT:      42         1   -3.1427    2.7132    2.0963
DIM:ROT:      42         2   -3.1941    1.4782    2.0245
DIM:ROT:      42         3   -3.2307    1.4519    1.4014
DIM:ROT:      43         1   -2.7097    1.1210    2.9298
DIM:ROT:      43         2   -2.7467    1.7295    1.1730
DIM:ROT:      43         3   -2.7724    0.7965    1.9312
DIM:ROT:      44         1   -2.3150    1.9565    1.2520
DIM:ROT:      44         2   -2.3414    0.9788    1.5547
DIM:ROT:      44         3   -2.3562    0.7625    1.0976
DIM:ROT:      45         1   -1.7767    2.0435    1.0691
DIM:ROT:      45         2   -1.7982    0.9318    1.3313
DIM:ROT:      45         3   -1.8120    0.9045    0.8223
DIM:ROT:      46         1   -1.6702    1.0320    1.3612
DIM:ROT:      46         2   -1.6879    0.8830    1.0892
DIM:ROT:      46         3   -1.7007    0.7612    0.9795
DIM:ROT:      47         1   -1.4905    1.8491    1.6082
DIM:ROT:      47         2   -1.5123    0.8257    1.5265
DIM:ROT:      47         3   -1.5259    0.7355    0.9988
DIM:ROT:      48         1   -1.0352    3.0011    1.2183
DIM:ROT:      48         2   -1.0613    1.0310    1.4499
DIM:ROT:      48         3   -1.0740    0.9031    0.7715
DIM:ROT:      49         1   -1.0396    0.7344    0.9379
DIM:ROT:      49         2   -1.0499    0.6690    0.8554
DIM:ROT:      49         3   -1.0584    0.6173    0.7923
DIM:ROT:      50         1   -0.9682    0.6814    0.9052
DIM:ROT:      50         2   -0.9769    0.6666    0.7391
DIM:ROT:      50         3   -0.9848    0.5763    0.7552
DIM:ROT:      51         1   -0.7907    1.0371    1.0722
DIM:ROT:      51         2   -0.8027    0.6750    0.9876
DIM:ROT:      51         3   -0.8116    0.6804    0.7580
DIM:ROT:      52         1   -0.7102    0.7604    1.1578
DIM:ROT:      52         2   -0.7212    0.8204    0.7631
DIM:ROT:      52         3   -0.7305    0.5930    0.8771
DIM:ROT:      53         1   -0.6612    1.1848    0.8536
DIM:ROT:      53         2   -0.6739    0.6625    1.0992
DIM:ROT:      53         3   -0.6838    0.8120    0.7032
DIM:ROT:      54         1   -0.4514    0.9139    1.1807
DIM:ROT:      54         2   -0.4630    0.7110    0.9372
DIM:ROT:      54         3   -0.4732    0.6487    0.8919
DIM:ROT:      55         1   -0.2374    2.3585    0.9958
DIM:ROT:      55         2   -0.2608    0.8974    1.5403
DIM:ROT:      55         3   -0.2748    1.0571    0.7785
DIM:ROT:      56         1   -0.2797    0.6790    1.1063
DIM:ROT:      56         2   -0.2903    0.8747    0.7032
DIM:ROT:      56         3   -0.3002    0.5848    0.9438
DIM:ROT:      57         1   -0.2708    0.7234    0.7438
DIM:ROT:      57         2   -0.2794    0.5621    0.8548
DIM:ROT:      57         3   -0.2865    0.6381    0.6595
DIM:ROT:      58         1   -0.1742    0.7084    0.7824
DIM:ROT:      58         2   -0.1819    0.5731    0.7722
DIM:ROT:      58         3   -0.1890    0.6019    0.6618
DIM:ROT:      59         1   -0.0773    0.6691    0.8993
DIM:ROT:      59         2   -0.0865    0.6975    0.7505
DIM:ROT:      59         3   -0.0944    0.5861    0.7822
DIM:ROT:      60         1   -0.0859    0.8915    0.6353
DIM:ROT:      60         2   -0.0936    0.5056    0.8852
DIM:ROT:      60         3   -0.1003    0.6761    0.5583
DIM:ROT:      61         1   -0.1044    0.4971    0.8906
DIM:ROT:      61         2   -0.1108    0.7170    0.5132
DIM:ROT:      61         3   -0.1163    0.4258    0.7461
DIM:ROT:      62         1   -0.0677    1.5560    0.4836
DIM:ROT:      62         2   -0.0773    0.5658    0.9831
DIM:ROT:      62         3   -0.0825    0.6262    0.4628
DIM:ROT:      63         1   -0.0561    0.4410    0.8166
DIM:ROT:      63         2   -0.0613    0.6344    0.4612
DIM:ROT:      63         3   -0.0657    0.3827    0.6840
DIM:ROT:      64         1   -0.0965    0.7875    0.4473
DIM:ROT:      64         2   -0.1017    0.4751    0.5998
DIM:ROT:      64         3   -0.1052    0.4965    0.4249
DIM:ROT:      65         1   -0.0974    0.6748    0.8485
DIM:ROT:      65         2   -0.1038    0.5813    0.6413
DIM:ROT:      65         3   -0.1094    0.5197    0.6256
DIM:ROT:      66         1   -0.0526    1.0588    0.9288
DIM:ROT:      66         2   -0.0648    0.7189    1.0181
DIM:ROT:      66         3   -0.0770    0.8331    0.8344
DIM:ROT:      67         1    0.0034    0.7979    1.1466
DIM:ROT:      67         2   -0.0104    0.8692    0.9130
DIM:ROT:      67         3   -0.0233    0.7308    1.0248
DIM:ROT:      68         1   -0.0149    1.3565    0.8069
DIM:ROT:      68         2   -0.0308    0.7308    1.2165
DIM:ROT:      68         3   -0.0457    1.1914    0.7179
DIM:ROT:      69         1   -0.0453    0.9013    1.3686
DIM:ROT:      69         2   -0.0647    1.1288    0.9850
DIM:ROT:      69         3   -0.0825    0.8394    1.2497
DIM:ROT:      70         1   -0.0613    2.3219    1.4077
DIM:ROT:      70         2   -0.1093    1.2774    2.2616
DIM:ROT:      70         3   -0.1606    2.0466    1.4229
DIM:ROT:      71         1   -0.1555    1.9306    2.4813
DIM:ROT:      71         2   -0.2439    2.4367    2.0924
DIM:ROT:      71         3   -0.3353    2.0586    2.6557
DIM:ROT:      72         1   -0.5758    4.0598    2.5885
DIM:ROT:      72         2   -0.7698    2.7091    4.1579
DIM:ROT:      72         3   -0.9921    4.3069    2.9227
DIM:ROT:      73         1   -3.0763   11.9005    6.2586
DIM:ROT:      73         2   -4.7831    7.9332   12.2922
DIM:ROT:      73         3   -6.5861   12.8322    8.0612
DIM:ROT:      74         1   -4.6447    6.9705   11.4765
DIM:ROT:      74         2   -5.6958   10.3022    5.8679
DIM:ROT:      74         3   -6.5523    5.4675    8.9771
DIM:ROT:      75         1  -10.6115   11.3801    7.4685
DIM:ROT:      75         2  -11.3285    4.5893    8.7873
DIM:ROT:      75         3  -11.7130    4.8217    4.6899
DIM:ROT:      76         1   -6.6893    4.3830    4.2976
DIM:ROT:      76         2   -6.8292    2.4133    3.1179
DIM:ROT:      76         3   -6.9154    2.1113    2.2988
DIM:ROT:      77         1    2.5121    9.0924    7.3817
DIM:ROT:      77         2    1.9083    5.0120    6.5854
DIM:ROT:      77         3    1.4853    4.5648    5.2073
DIM:ROT:      78         1    1.2506   10.4690   13.1123
DIM:ROT:      78         2    0.4438    4.9850    9.4974
DIM:ROT:      78         3   -0.0242    4.7728    5.4036
DIM:ROT:      79         1    1.1065    8.0211    9.3228
DIM:ROT:      79         2    0.7787    3.8873    5.2365
DIM:ROT:      79         3    0.5476    3.4571    3.9687
DIM:ROT:      80         1   -0.5578    2.9561    4.6471
DIM:ROT:      80         2   -0.6342    1.9298    2.4087
DIM:ROT:      80         3   -0.6874    1.4674    2.0669
DIM:ROT:      81         1    0.2237    1.6699    1.8502
DIM:ROT:      81         2    0.1873    1.1657    1.7865
DIM:ROT:      81         3    0.1598    1.1951    1.3647
DIM:ROT:      82         1    0.6607    1.3918    1.8810
DIM:ROT:      82         2    0.6309    1.1337    1.5422
DIM:ROT:      82         3    0.6035    1.0768    1.4408
DIM:ROT:      83         1    0.3573    1.2068    1.5528
DIM:ROT:      83         2    0.3343    0.9743    1.3603
DIM:ROT:      83         3    0.3160    0.9081    1.1996
DIM:ROT:      84         1   -0.2436    1.2091    1.6551
DIM:ROT:      84         2   -0.2624    0.8798    1.2331
DIM:ROT:      84         3   -0.2789    0.8254    1.1354
DIM:ROT:      85         1   -0.3121    1.3113    1.4391
DIM:ROT:      85         2   -0.3290    0.8137    1.1710
DIM:ROT:      85         3   -0.3408    0.7464    0.9354
DIM:ROT:      86         1   -0.2335    1.0600    1.3476
DIM:ROT:      86         2   -0.2487    0.7534    1.1511
DIM:ROT:      86         3   -0.2632    0.8081    1.0228
DIM:ROT:      87         1   -0.2045    0.7736    1.1459
DIM:ROT:      87         2   -0.2156    0.7954    0.8075
DIM:ROT:      87         3   -0.2253    0.6323    0.8946
DIM:ROT:      88         1   -0.2098    0.8174    1.1198
DIM:ROT:      88         2   -0.2169    0.5355    0.8062
DIM:ROT:      88         3   -0.2238    0.5568    0.7124
DIM:ROT:      89         1   -0.4448    0.7960    1.0864
DIM:ROT:      89         2   -0.4550    0.6562    0.8939
DIM:ROT:      89         3   -0.4639    0.6214    0.8473
DIM:ROT:      90         1   -0.5626    1.1498    0.9815
DIM:ROT:      90         2   -0.5753    0.7070    1.0508
DIM:ROT:      90         3   -0.5873    0.8172    0.8512
DIM:ROT:      91         1   -0.5450    0.5465    0.9989
DIM:ROT:      91         2   -0.5534    0.6869    0.7106
DIM:ROT:      91         3   -0.5610    0.5009    0.8948
DIM:ROT:      92         1   -0.5004    0.9133    0.7829
DIM:ROT:      92         2   -0.5091    0.5945    0.8212
DIM:ROT:      92         3   -0.5164    0.6130    0.6862
DIM:ROT:      93         1   -0.5691    0.7300    0.8536
DIM:ROT:      93         2   -0.5793    0.6672    0.8716
DIM:ROT:      93         3   -0.5887    0.6853    0.8054
DIM:ROT:      94         1   -0.5184    0.4937    1.1025
DIM:ROT:      94         2   -0.5260    0.7222    0.6218
DIM:ROT:      94         3   -0.5338    0.4482    0.9737
DIM:ROT:      95         1   -0.5437    0.5921    0.7037
DIM:ROT:      95         2   -0.5493    0.3968    0.8132
DIM:ROT:      95         3   -0.5538    0.4788    0.5795
DIM:ROT:      96         1   -0.6622    0.9492    0.5780
DIM:ROT:      96         2   -0.6699    0.4927    0.8997
DIM:ROT:      96         3   -0.6768    0.7493    0.5227
DIM:ROT:      97         1   -0.8254    0.6380    0.8794
DIM:ROT:      97         2   -0.8338    0.6232    0.7685
DIM:ROT:      97         3   -0.8412    0.5668    0.7755
DIM:ROT:      98         1   -0.9142    0.6358    0.8532
DIM:ROT:      98         2   -0.9201    0.5171    0.6635
DIM:ROT:      98         3   -0.9255    0.4943    0.6300
DIM:ROT:      99         1   -1.0297    0.6253    0.9139
DIM:ROT:      99         2   -1.0366    0.6427    0.6175
DIM:ROT:      99         3   -1.0427    0.5025    0.7158
DIM:ROT:     100         1   -1.0405    0.6659    0.8552
DIM:ROT:     100         2   -1.0470    0.4916    0.7839
DIM:ROT:     100         3   -1.0533    0.5278    0.6824
DIM:ROT:     101         1   -0.8086    0.5324    0.9622
DIM:ROT:     101         2   -0.8153    0.5896    0.6594
DIM:ROT:     101         3   -0.8205    0.4244    0.7356
DIM:ROT:     102         1   -0.5745    1.2416    0.6992
DIM:ROT:     102         2   -0.5853    0.6783    0.9147
DIM:ROT:     102         3   -0.5931    0.7069    0.6240
DIM:ROT:     103         1   -0.0251    1.3974    1.1370
DIM:ROT:     103         2   -0.0492    0.9049    1.4996
DIM:ROT:     103         3   -0.0691    1.1689    1.0024
DIM:ROT:     104         1    0.3283    1.3609    1.4521
DIM:ROT:     104         2    0.2995    1.0865    1.5285
DIM:ROT:     104         3    0.2723    1.1940    1.2825
DIM:ROT:     105         1    0.8270    1.3967    1.7136
DIM:ROT:     105         2    0.7917    1.3007    1.5599
DIM:ROT:     105         3    0.7607    1.2097    1.5185
DIM:ROT:     106         1    0.5090    1.0240    1.5484
DIM:ROT:     106         2    0.4897    1.0588    1.0711
DIM:ROT:     106         3    0.4707    0.8604    1.2650
DIM:ROT:     107         1    0.0341    0.9528    1.0306
DIM:ROT:     107         2    0.0227    0.7094    0.9296
DIM:ROT:     107         3    0.0132    0.6842    0.8327
DIM:ROT:     108         1   -0.0968    0.7805    1.1617
DIM:ROT:     108         2   -0.1076    0.7494    0.8344
DIM:ROT:     108         3   -0.1182    0.6490    0.9333
DIM:ROT:     109         1   -0.0996    1.2198    0.9738
DIM:ROT:     109         2   -0.1156    0.7746    1.1902
DIM:ROT:     109         3   -0.1289    0.8773    0.8934
DIM:ROT:     110         1   -0.1322    0.7043    0.9402
DIM:ROT:     110         2   -0.1425    0.7006    0.8597
DIM:ROT:     110         3   -0.1532    0.6762    0.8959
DIM:ROT:     111         1    0.1124    0.6533    1.2026
DIM:ROT:     111         2    0.1016    0.6571    0.9382
DIM:ROT:     111         3    0.0929    0.5470    0.9647
DIM:ROT:     112         1   -0.0310    0.6614    1.0355
DIM:ROT:     112         2   -0.0389    0.5178    0.8934
DIM:ROT:     112         3   -0.0468    0.5462    0.8190
DIM:ROT:     113         1   -0.3026    0.9965    1.0273
DIM:ROT:     113         2   -0.3167    0.7186    1.1302
DIM:ROT:     113         3   -0.3290    0.8209    0.8945
DIM:ROT:     114         1   -0.3356    0.6887    0.9672
DIM:ROT:     114         2   -0.3460    0.7009    0.8652
DIM:ROT:     114         3   -0.3566    0.6576    0.9182
DIM:ROT:     115         1   -0.1981    0.7640    1.1839
DIM:ROT:     115         2   -0.2082    0.8399    0.6945
DIM:ROT:     115         3   -0.2161    0.5655    0.8335
DIM:ROT:     116         1   -0.0437    1.4669    0.9822
DIM:ROT:     116         2   -0.0601    0.7950    1.1721
DIM:ROT:     116         3   -0.0715    0.8011    0.8238
DIM:ROT:     117         1   -0.1505    0.6005    0.9873
DIM:ROT:     117         2   -0.1590    0.6964    0.6956
DIM:ROT:     117         3   -0.1663    0.5166    0.8478
DIM:ROT:     118         1   -0.0526    2.1710    0.8230
DIM:ROT:     118         2   -0.0764    0.8975    1.4912
DIM:ROT:     118         3   -0.0889    0.8692    0.8047
DIM:ROT:     119         1   -0.0070    1.1393    1.4521
DIM:ROT:     119         2   -0.0325    0.9389    1.5365
DIM:ROT:     119         3   -0.0538    0.9976    1.2724
DIM:ROT:     120         1   -0.0830    1.7012    1.4743
DIM:ROT:     120         2   -0.1192    1.1386    1.8209
DIM:ROT:     120         3   -0.1528    1.4259    1.3188
DIM:ROT:     121         1   -0.2079    1.0943    1.8432
DIM:ROT:     121         2   -0.2421    1.3972    1.3874
DIM:ROT:     121         3   -0.2727    1.0315    1.7401
DIM:ROT:     122         1   -0.3639    1.5119    1.5673
DIM:ROT:     122         2   -0.4008    1.2496    1.6897
DIM:ROT:     122         3   -0.4367    1.3784    1.4762
DIM:ROT:     123         1   -0.4374    0.7188    1.4422
DIM:ROT:     123         2   -0.4497    0.9446    0.7299
DIM:ROT:     123         3   -0.4602    0.5752    1.0676
DIM:ROT:     124         1   -0.4380    0.9118    0.9364
DIM:ROT:     124         2   -0.4478    0.6979    0.8175
DIM:ROT:     124         3   -0.4572    0.6312    0.8438
DIM:ROT:     125         1   -0.5969    1.1769    0.9692
DIM:ROT:     125         2   -0.6158    0.7906    1.3497
DIM:ROT:     125         3   -0.6326    1.0536    0.9337
DIM:ROT:     126         1   -0.5534    0.9920    1.2804
DIM:ROT:     126         2   -0.5699    0.8922    1.0306
DIM:ROT:     126         3   -0.5854    0.8088    1.0979
DIM:ROT:     127         1   -0.2315    0.6269    1.1100
DIM:ROT:     127         2   -0.2390    0.6868    0.6220
DIM:ROT:     127         3   -0.2449    0.4559    0.7580
DIM:ROT:     128         1   -0.2096    0.8095    0.8271
DIM:ROT:     128         2   -0.2176    0.5432    0.8784
DIM:ROT:     128         3   -0.2249    0.6128    0.6686
DIM:ROT:     129         1   -0.3133    0.6028    0.9881
DIM:ROT:     129         2   -0.3209    0.6819    0.6405
DIM:ROT:     129         3   -0.3270    0.4669    0.7723
DIM:ROT:     130         1   -0.3189    0.7227    0.6937
DIM:ROT:     130         2   -0.3251    0.4690    0.7758
DIM:ROT:     130         3   -0.3309    0.5520    0.5823
DIM:ROT:     131         1   -0.3670    0.5461    0.7416
DIM:ROT:     131         2   -0.3723    0.5081    0.6026
DIM:ROT:     131         3   -0.3766    0.4384    0.5776
DIM:ROT:     132         1   -0.4325    0.8746    0.5478
DIM:ROT:     132         2   -0.4380    0.4668    0.6728
DIM:ROT:     132         3   -0.4420    0.5265    0.4264
DIM:ROT:     133         1   -0.4264    0.4612    0.8768
DIM:ROT:     133         2   -0.4319    0.5926    0.5291
DIM:ROT:     133         3   -0.4365    0.3830    0.7013
DIM:ROT:     134         1   -0.4317    0.6219    0.4687
DIM:ROT:     134         2   -0.4355    0.3720    0.5879
DIM:ROT:     134         3   -0.4387    0.4498    0.4118
DIM:ROT:     135         1   -0.4420    0.4388    0.7680
DIM:ROT:     135         2   -0.4440    0.3703    0.3412
DIM:ROT:     135         3   -0.4459    0.2456    0.4430
DIM:ROT:     136         1   -0.2637    0.5746    0.7416
DIM:ROT:     136         2   -0.2679    0.4654    0.5352
DIM:ROT:     136         3   -0.2715    0.4036    0.5249
DIM:ROT:     137         1   -0.3088    1.0530    1.0447
DIM:ROT:     137         2   -0.3220    0.8301    0.9389
DIM:ROT:     137         3   -0.3332    0.7797    0.8562
DIM:ROT:     138         1   -0.4798    1.2308    1.1251
DIM:ROT:     138         2   -0.5027    0.9970    1.3430
DIM:ROT:     138         3   -0.5248    1.1539    1.1197
DIM:ROT:     139         1   -0.4534    1.4683    1.2456
DIM:ROT:     139         2   -0.4833    1.0643    1.6236
DIM:ROT:     139         3   -0.5138    1.3752    1.2389
DIM:ROT:     140         1   -0.2501    1.1381    1.9140
DIM:ROT:     140         2   -0.2771    1.2461    1.2320
DIM:ROT:     140         3   -0.3003    0.9320    1.4639
DIM:ROT:     141         1   -0.6745    4.1312    1.9006
DIM:ROT:     141         2   -0.7773    1.9478    3.1365
DIM:ROT:     141         3   -0.8559    2.1611    2.0730
DIM:ROT:     142         1   -0.9907    1.7959    2.9335
DIM:ROT:     142         2   -1.0774    2.3840    2.0775
DIM:ROT:     142         3   -1.1585    1.7064    2.8157
DIM:ROT:     143         1   -1.8197    4.9162    2.8234
DIM:ROT:     143         2   -2.0253    2.5992    4.7287
DIM:ROT:     143         3   -2.2041    3.4987    2.8774
DIM:ROT:     144         1   -3.2485    5.4400    5.3499
DIM:ROT:     144         2   -3.6666    3.9581    6.1355
DIM:ROT:     144         3   -4.0448    4.6297    4.8251
DIM:ROT:     145         1   -6.0580    6.3632    8.1221
DIM:ROT:     145         2   -6.7508    5.3189    7.6930
DIM:ROT:     145         3   -7.4320    5.3506    6.9213
DIM:ROT:     146         1   -6.3057    4.1926    7.2554
DIM:ROT:     146         2   -6.6454    4.7328    3.8895
DIM:ROT:     146         3   -6.8854    2.9494    4.8387
DIM:ROT:     147         1   -3.5420    4.2263    4.0912
DIM:ROT:     147         2   -3.6450    2.2949    2.5470
DIM:ROT:     147         3   -3.7096    1.6750    2.1753
DIM:ROT:     148         1   -2.9667    2.0734    2.1092
DIM:ROT:     148         2   -3.0095    1.2108    1.9652
DIM:ROT:     148         3   -3.0437    1.2889    1.4773
DIM:ROT:     149         1   -0.3596    3.9181    3.8219
DIM:ROT:     149         2   -0.4435    2.0931    2.3177
DIM:ROT:     149         3   -0.5039    1.7709    1.9415
DIM:ROT:     150         1   -0.0018    3.0869    3.1595
DIM:ROT:     150         2   -0.0830    1.7063    2.8270
DIM:ROT:     150         3   -0.1538    1.9733    2.0237
DIM:ROT:     151         1   -0.3745    1.7467    3.1052
DIM:ROT:     151         2   -0.4312    1.7990    1.7787
DIM:ROT:     151         3   -0.4730    1.2258    2.0154
DIM:ROT:     152         1   -0.6588    2.0480    1.8234
DIM:ROT:     152         2   -0.6995    1.3990    1.6626
DIM:ROT:     152         3   -0.7287    1.1348    1.4950
DIM:ROT:     153         1   -0.6815    1.4920    1.7358
DIM:ROT:     153         2   -0.7160    1.1260    1.7359
DIM:ROT:     153         3   -0.7442    1.1917    1.3992
DIM:ROT:     154         1   -0.0042    3.3830    2.0918
DIM:ROT:     154         2   -0.0925    1.7599    2.8337
DIM:ROT:     154         3   -0.1523    1.8177    1.8784
DIM:ROT:     155         1    0.3082    1.9889    2.5636
DIM:ROT:     155         2    0.2376    1.5472    2.6107
DIM:ROT:     155         3    0.1780    1.6340    2.1476
DIM:ROT:     156         1    1.0547    2.5828    3.5088
DIM:ROT:     156         2    0.9441    1.9160    3.3789
DIM:ROT:     156         3    0.8427    2.0518    2.7836
DIM:ROT:     157         1    0.6170    1.8409    2.6838
DIM:ROT:     157         2    0.5453    1.5861    2.5833
DIM:ROT:     157         3    0.4848    1.5625    2.2826
DIM:ROT:     158         1    0.0040    1.2097    2.6453
DIM:ROT:     158         2   -0.0369    1.5643    1.5090
DIM:ROT:     158         3   -0.0765    1.0267    2.1573
DIM:ROT:     159         1   -0.1006    1.9092    1.5575
DIM:ROT:     159         2   -0.1405    1.2270    1.7636
DIM:ROT:     159         3   -0.1691    1.1826    1.3655
DIM:ROT:     160         1   -0.2290    5.0643    2.9125
DIM:ROT:     160         2   -0.3849    2.7130    3.0419
DIM:ROT:     160         3   -0.5023    3.2481    2.0323
