MINMODE:METHOD: Dimer
DIM:CONTROL: Search Parameters:
DIM:CONTROL: ------------------
DIM:CONTROL: eigenmode_method = dimer
DIM:CONTROL: f_rot_min = 0.01
DIM:CONTROL: f_rot_max = 0.1
DIM:CONTROL: max_num_rot = 3
DIM:CONTROL: trial_angle = 0.7853981633974483
DIM:CONTROL: trial_trans_step = 0.001
DIM:CONTROL: maximum_translation = 0.1
DIM:CONTROL: cg_translation = True
DIM:CONTROL: use_central_forces = True
DIM:CONTROL: dimer_separation = 0.005
DIM:CONTROL: initial_eigenmode_method = gauss
DIM:CONTROL: extrapolate_forces = True
DIM:CONTROL: displacement_method = gauss
DIM:CONTROL: gauss_std = 0.1
DIM:CONTROL: order = 1
DIM:CONTROL: mask = None
DIM:CONTROL: displacement_center = None
DIM:CONTROL: displacement_radius = None
DIM:CONTROL: number_of_displacement_atoms = None
DIM:CONTROL: ------------------
DIM:ROT: OPT-STEP ROT-STEP CURVATURE ROT-ANGLE ROT-FORCE
DIM:ROT:       0         1   -1.1157    6.0957   23.1199
DIM:ROT:       0         2   -2.6262    6.9426   12.7508
DIM:ROT:       0         3   -3.9091    4.4432   16.1101
DIM:ROT:       1         1   -3.0877   15.8821   11.0692
DIM:ROT:       1         2   -3.7656    5.2888    7.4933
DIM:ROT:       1         3   -4.1019    3.8295    5.1086
DIM:ROT:       2         1   -3.2885    4.8946    6.0062
DIM:ROT:       2         2   -3.5216    2.7148    4.8512
DIM:ROT:       2         3   -3.6686    2.6722    3.1999
DIM:ROT:       3         1   -2.5478    4.9467    5.6667
DIM:ROT:       3         2   -2.7621    2.6445    4.3298
DIM:ROT:       3         3   -2.8952    2.6324    2.8335
DIM:ROT:       4         1    6.7871    6.8628   11.4057
DIM:ROT:       4         2    6.1725    4.8092    7.1798
DIM:ROT:       4         3    5.7225    4.0969    5.8824
DIM:ROT:       5         1   11.2640   19.8205   13.1775
DIM:ROT:       5         2    9.0564   12.9147    9.5888
DIM:ROT:       5         3    7.9304    6.3791   10.0797
DIM:ROT:       6         1    1.3750    7.1356    9.7402
DIM:ROT:       6         2    0.3188    6.5815    9.0035
DIM:ROT:       6         3   -0.5682    6.0129    8.4322
DIM:ROT:       7         1    2.1502    4.8724    8.0435
DIM:ROT:       7         2    1.8399    4.0656    4.2168
DIM:ROT:       7         3    1.5830    3.0020    4.6302
DIM:ROT:       8         1    4.4645   14.1751   11.9714
DIM:ROT:       8         2    2.9773    9.0220    9.3776
DIM:ROT:       8         3    2.1468    6.0850    7.5652
DIM:ROT:       9         1    0.2245   12.5883    7.5806
DIM:ROT:       9         2   -0.4781    5.5174    7.0641
DIM:ROT:       9         3   -0.8727    5.6131    3.9382
DIM:ROT:      10         1   -3.5507    5.8455    6.8109
DIM:ROT:      10         2   -4.1697    6.0048    5.7627
DIM:ROT:      10         3   -4.6912    4.8668    6.2182
DIM:ROT:      11         1   -5.3871    6.3586    5.4626
DIM:ROT:      11         2   -5.8542    4.1899    6.5096
DIM:ROT:      11         3   -6.2576    5.0238    4.5586
DIM:ROT:      12         1   -3.5556    7.8212    6.6075
DIM:ROT:      12         2   -4.2527    5.4479    7.2562
DIM:ROT:      12         3   -4.8947    6.5891    5.6034
DIM:ROT:      13         1    1.1102    7.6514   12.0255
DIM:ROT:      13         2    0.2097    6.7641    8.2340
DIM:ROT:      13         3   -0.5139    5.1873    7.7615
DIM:ROT:      14         1   -6.3526   12.1651    9.2625
DIM:ROT:      14         2   -7.9245    8.2900   10.7554
DIM:ROT:      14         3   -9.0591    8.4272    7.9748
DIM:ROT:      15         1   -9.8387    5.6765    8.3687
DIM:ROT:      15         2  -10.1991    4.2002    4.9265
DIM:ROT:      15         3  -10.4118    2.8882    4.2544
DIM:ROT:      16         1  -24.2891   14.1288   10.0396
DIM:ROT:      16         2  -25.0024    4.3402    9.0686
DIM:ROT:      16         3  -25.1890    3.3172    3.4871
DIM:ROT:      17         1  -28.7275    5.2532    4.8690
DIM:ROT:      17         2  -28.8182    1.3798    3.2157
DIM:ROT:      17         3  -28.8415    0.8425    1.3505
DIM:ROT:      18         1  -16.6906    3.6261    4.1829
DIM:ROT:      18         2  -16.7557    1.3206    1.8763
DIM:ROT:      18         3  -16.7754    0.7612    1.2113
DIM:ROT:      19         1  -22.4599    4.4129    4.7782
DIM:ROT:      19         2  -22.5763    1.7614    3.2598
DIM:ROT:      19         3  -22.6207    1.2571    1.8171
DIM:ROT:      20         1  -17.9706    4.3458    5.0659
DIM:ROT:      20         2  -18.0997    1.9576    3.9581
DIM:ROT:      20         3  -18.1627    1.6375    2.1748
DIM:ROT:      21         1  -12.6083    2.6802    2.8033
DIM:ROT:      21         2  -12.6683    1.3562    2.2398
DIM:ROT:      21         3  -12.6954    1.0533    1.3804
DIM:ROT:      22         1   -6.1121    4.3767    6.3963
DIM:ROT:      22         2   -6.3525    3.0425    4.1446
DIM:ROT:      22         3   -6.4746    2.1635    3.0452
DIM:ROT:      23         1   -5.7480    6.2838    3.9590
DIM:ROT:      23         2   -5.9304    2.3559    3.8516
DIM:ROT:      23         3   -6.0061    2.0191    1.9420
DIM:ROT:      24         1   -6.5523    1.5024    2.3823
DIM:ROT:      24         2   -6.5792    0.8873    1.4437
DIM:ROT:      24         3   -6.5966    0.7185    1.0579
DIM:ROT:      25         1   -8.1704    1.9732    1.7561
DIM:ROT:      25         2   -8.1933    0.7520    1.5066
DIM:ROT:      25         3   -8.2056    0.7526    0.8023
DIM:ROT:      26         1   -8.0792    2.2581    1.9098
DIM:ROT:      26         2   -8.1067    0.7288    1.0750
DIM:ROT:      26         3   -8.1149    0.5333    0.7195
DIM:ROT:      27         1   -5.8349    2.0904    1.8017
DIM:ROT:      27         2   -5.8698    1.0148    1.6202
DIM:ROT:      27         3   -5.8869    0.8784    0.9743
DIM:ROT:      28         1   -3.8405    3.3820    3.3409
DIM:ROT:      28         2   -3.9231    1.5090    2.5308
DIM:ROT:      28         3   -3.9576    1.2492    1.4756
DIM:ROT:      29         1   -3.5521    1.5953    2.3347
DIM:ROT:      29         2   -3.5909    1.0909    1.8141
DIM:ROT:      29         3   -3.6167    0.9559    1.3294
DIM:ROT:      30         1   -5.2326    4.1710    3.8564
DIM:ROT:      30         2   -5.2928    1.4913    2.8260
DIM:ROT:      30         3   -5.3349    1.4557    1.5668
DIM:ROT:      31         1   -8.3127    7.2238    3.4785
DIM:ROT:      31         2   -8.4287    2.3508    3.3902
DIM:ROT:      31         3   -8.4955    2.1074    1.7599
DIM:ROT:      32         1  -12.3476    6.9601    4.9105
DIM:ROT:      32         2  -12.5037    2.1777    4.6847
DIM:ROT:      32         3  -12.5992    2.0669    2.4073
DIM:ROT:      33         1  -14.7143    6.5896    5.6650
DIM:ROT:      33         2  -14.9249    2.0257    4.8651
DIM:ROT:      33         3  -15.0095    2.1966    2.1399
DIM:ROT:      34         1  -13.1388    5.0433    8.7475
DIM:ROT:      34         2  -13.5721    3.6012    6.2981
DIM:ROT:      34         3  -13.8254    2.9355    4.8576
DIM:ROT:      35         1  -15.9447   10.6171    7.4035
DIM:ROT:      35         2  -16.7514    4.9581    8.8180
DIM:ROT:      35         3  -17.1639    4.2000    5.8640
DIM:ROT:      36         1   -5.7316   10.6047   14.9115
DIM:ROT:      36         2   -6.6373    5.2771    9.9876
DIM:ROT:      36         3   -7.1919    4.5495    7.1809
DIM:ROT:      37         1   -2.1689   19.1802   17.5240
DIM:ROT:      37         2   -3.6202    6.2586   12.7508
DIM:ROT:      37         3   -4.2652    4.3178    8.3912
DIM:ROT:      38         1   -5.6985    3.6606    7.4846
DIM:ROT:      38         2   -5.9945    2.9368    5.6924
DIM:ROT:      38         3   -6.1731    2.2939    4.6310
DIM:ROT:      39         1   -9.6320    7.4187    7.3440
DIM:ROT:      39         2   -9.9986    3.2258    6.1359
DIM:ROT:      39         3  -10.1790    2.5768    4.0721
DIM:ROT:      40         1  -19.0583    4.2859   10.3559
DIM:ROT:      40         2  -19.3793    3.3884    5.6470
DIM:ROT:      40         3  -19.5529    2.0055    4.7198
DIM:ROT:      41         1  -23.1921    6.8053   10.1997
DIM:ROT:      41         2  -23.5018    3.4188    4.9437
DIM:ROT:      41         3  -23.5823    1.7173    3.0861
DIM:ROT:      42         1  -25.5166    5.0363    4.3141
DIM:ROT:      42         2  -25.5510    1.1156    2.6712
DIM:ROT:      42         3  -25.5653    0.6690    1.0466
DIM:ROT:      43         1  -26.5325    1.5587    2.3370
DIM:ROT:      43         2  -26.5517    0.6890    1.0904
DIM:ROT:      43         3  -26.5557    0.3289    0.7272
DIM:ROT:      44         1  -26.8198    1.4538    2.2502
DIM:ROT:      44         2  -26.8371    0.7291    1.2935
DIM:ROT:      44         3  -26.8432    0.4213    0.7891
DIM:ROT:      45         1  -27.0710    0.7383    1.1497
DIM:ROT:      45         2  -27.0748    0.3606    0.8324
DIM:ROT:      45         3  -27.0767    0.2846    0.4617
DIM:ROT:      46         1  -27.6643    1.3442    2.2374
DIM:ROT:      46         2  -27.6789    0.6579    1.3541
DIM:ROT:      46         3  -27.6860    0.4419    0.8444
DIM:ROT:      47         1  -26.7631    1.1153    2.3317
DIM:ROT:      47         2  -26.7795    0.7677    1.0173
DIM:ROT:      47         3  -26.7847    0.3580    0.8351
DIM:ROT:      48         1  -26.1295    0.9425    1.4922
DIM:ROT:      48         2  -26.1377    0.5651    0.7808
DIM:ROT:      48         3  -26.1406    0.2985    0.5313
DIM:ROT:      49         1  -26.3992    0.6176    1.0710
DIM:ROT:      49         2  -26.4031    0.4065    0.4238
DIM:ROT:      49         3  -26.4043    0.1737    0.3351
DIM:ROT:      50         1  -26.8226    0.8647    1.6409
DIM:ROT:      50         2  -26.8282    0.5196    0.5602
DIM:ROT:      50         3  -26.8302    0.2035    0.4883
DIM:ROT:      51         1  -27.0585    0.8793    1.5685
DIM:ROT:      51         2  -27.0648    0.5716    0.5836
DIM:ROT:      51         3  -27.0674    0.2344    0.4327
DIM:ROT:      52         1  -28.2516    1.1001    2.0903
DIM:ROT:      52         2  -28.2614    0.6020    0.6653
DIM:ROT:      52         3  -28.2636    0.2351    0.4779
DIM:ROT:      53         1  -29.5077    1.1508    2.0476
DIM:ROT:      53         2  -29.5162    0.6406    0.7526
DIM:ROT:      53         3  -29.5183    0.2706    0.4605
DIM:ROT:      54         1  -29.4631    1.5169    2.8180
DIM:ROT:      54         2  -29.4764    0.8703    0.9708
DIM:ROT:      54         3  -29.4795    0.3334    0.6424
DIM:ROT:      55         1  -28.6202    1.4480    2.7719
DIM:ROT:      55         2  -28.6286    0.6754    0.8462
DIM:ROT:      55         3  -28.6314    0.2755    0.5989
DIM:ROT:      56         1  -28.2062    1.3272    2.2172
DIM:ROT:      56         2  -28.2163    0.6621    0.8928
DIM:ROT:      56         3  -28.2193    0.3037    0.5702
DIM:ROT:      57         1  -27.2390    0.8206    1.4207
DIM:ROT:      57         2  -27.2441    0.4425    0.6523
DIM:ROT:      57         3  -27.2459    0.2232    0.4784
DIM:ROT:      58         1  -25.9560    1.1376    1.8909
DIM:ROT:      58         2  -25.9676    0.6548    0.9281
DIM:ROT:      58         3  -25.9715    0.3381    0.7139
DIM:ROT:      59         1  -25.8065    0.6214    0.9942
DIM:ROT:      59         2  -25.8097    0.3285    0.6523
DIM:ROT:      59         3  -25.8117    0.2311    0.4196
DIM:ROT:      60         1  -25.6180    0.5094    0.9967
DIM:ROT:      60         2  -25.6187    0.1927    0.3630
DIM:ROT:      60         3  -25.6189    0.1167    0.2272
DIM:ROT:      61         1  -26.6233    1.6825    2.8634
DIM:ROT:      61         2  -26.6374    0.7925    1.4006
DIM:ROT:      61         3  -26.6448    0.4665    0.8240
DIM:ROT:      62         1  -27.6212    1.2769    1.2905
DIM:ROT:      62         2  -27.6233    0.3491    0.7954
DIM:ROT:      62         3  -27.6247    0.2210    0.4097
DIM:ROT:      63         1  -27.6243    0.3348    0.8036
DIM:ROT:      63         2  -27.6254    0.2158    0.3849
DIM:ROT:      63         3  -27.6257    0.1205    0.2702
DIM:ROT:      64         1  -27.9183    0.7209    1.5689
DIM:ROT:      64         2  -27.9242    0.3786    0.7384
DIM:ROT:      64         3  -27.9261    0.2432    0.5018
DIM:ROT:      65         1  -29.0295    0.8060    1.5923
DIM:ROT:      65         2  -29.0363    0.3072    0.5301
DIM:ROT:      65         3  -29.0373    0.1769    0.3896
DIM:ROT:      66         1  -28.9384    1.0906    1.8946
DIM:ROT:      66         2  -28.9441    0.5317    0.8166
DIM:ROT:      66         3  -28.9475    0.2832    0.4829
DIM:ROT:      67         1  -28.6031    1.3070    2.6563
DIM:ROT:      67         2  -28.6183    0.7577    1.1153
DIM:ROT:      67         3  -28.6237    0.3832    0.7380
DIM:ROT:      68         1  -28.3310    0.5936    0.7079
DIM:ROT:      68         2  -28.3335    0.2271    0.5508
DIM:ROT:      68         3  -28.3339    0.1613    0.2560
DIM:ROT:      69         1  -28.1875    0.7306    1.1550
DIM:ROT:      69         2  -28.1921    0.4247    0.6172
DIM:ROT:      69         3  -28.1935    0.2179    0.4150
DIM:ROT:      70         1  -28.2374    0.7210    1.1789
DIM:ROT:      70         2  -28.2425    0.4537    0.6775
DIM:ROT:      70         3  -28.2453    0.2721    0.4587
DIM:ROT:      71         1  -28.3116    0.5436    0.6931
DIM:ROT:      71         2  -28.3138    0.2402    0.4364
DIM:ROT:      71         3  -28.3144    0.1387    0.2590
DIM:ROT:      72         1  -28.4393    0.5391    0.8867
DIM:ROT:      72         2  -28.4425    0.2877    0.4127
DIM:ROT:      72         3  -28.4430    0.1351    0.2879
DIM:ROT:      73         1  -28.1437    0.4511    0.7246
DIM:ROT:      73         2  -28.1449    0.2128    0.3366
DIM:ROT:      73         3  -28.1454    0.1103    0.2288
DIM:ROT:      74         1  -28.0299    0.7151    1.2179
DIM:ROT:      74         2  -28.0335    0.3944    0.4918
DIM:ROT:      74         3  -28.0348    0.1655    0.3806
DIM:ROT:      75         1  -27.7955    0.5279    0.7828
DIM:ROT:      75         2  -27.7985    0.3019    0.4444
DIM:ROT:      75         3  -27.7992    0.1716    0.2670
DIM:ROT:      76         1  -28.1033    1.0576    1.8227
DIM:ROT:      76         2  -28.1123    0.6284    0.8417
DIM:ROT:      76         3  -28.1160    0.3314    0.5630
DIM:ROT:      77         1  -27.9235    0.7764    1.0526
DIM:ROT:      77         2  -27.9284    0.4014    0.6250
DIM:ROT:      77         3  -27.9299    0.2097    0.3912
DIM:ROT:      78         1  -27.5121    0.6642    1.0958
DIM:ROT:      78         2  -27.5158    0.3547    0.4589
DIM:ROT:      78         3  -27.5172    0.1674    0.3022
DIM:ROT:      79         1  -27.7189    0.3386    0.5334
DIM:ROT:      79         2  -27.7203    0.1996    0.2468
DIM:ROT:      79         3  -27.7204    0.0872    0.1714
DIM:ROT:      80         1  -27.7686    0.3070    0.4384
DIM:ROT:      80         2  -27.7696    0.1734    0.2543
DIM:ROT:      80         3  -27.7699    0.0968    0.1554
DIM:ROT:      81         1  -27.8651    0.2645    0.4786
DIM:ROT:      81         2  -27.8656    0.1503    0.2435
DIM:ROT:      81         3  -27.8659    0.0890    0.1951
DIM:ROT:      82         1  -27.7959    0.2881    0.5505
DIM:ROT:      82         2  -27.7972    0.1597    0.2434
DIM:ROT:      82         3  -27.7974    0.0862    0.1931
DIM:ROT:      83         1  -27.8151    0.2279    0.3752
DIM:ROT:      83         2  -27.8156    0.1390    0.1765
DIM:ROT:      83         3  -27.8157    0.0685    0.1270
DIM:ROT:      84         1  -27.9455    0.1894    0.3644
DIM:ROT:      84         2  -27.9455    0.1076    0.1626
DIM:ROT:      84         3  -27.9457    0.0596    0.1378
DIM:ROT:      85         1  -27.9265    0.2347    0.3994
DIM:ROT:      85         2  -27.9268    0.1536    0.1792
DIM:ROT:      85         3  -27.9271    0.0683    0.1332
DIM:ROT:      86         1  -28.0969    0.2169    0.4379
DIM:ROT:      86         2  -28.0978    0.1183    0.1707
DIM:ROT:      86         3  -28.0979    0.0616    0.1483
DIM:ROT:      87         1  -28.0983    0.3454    0.6878
DIM:ROT:      87         2  -28.0993    0.1567    0.2099
DIM:ROT:      87         3  -28.0995    0.0731    0.1721
DIM:ROT:      88         1  -27.9197    0.2361    0.4787
DIM:ROT:      88         2  -27.9201    0.1219    0.2316
DIM:ROT:      88         3  -27.9204    0.0783    0.1614
DIM:ROT:      89         1  -28.1159    0.2133    0.3713
DIM:ROT:      89         2  -28.1163    0.1323    0.1582
DIM:ROT:      89         3  -28.1164    0.0567    0.1178
DIM:ROT:      90         1  -28.2573    0.1434    0.2919
DIM:ROT:      90         2  -28.2572    0.0800    0.1434
DIM:ROT:      90         3  -28.2572    0.0510    0.1083
DIM:ROT:      91         1  -28.3567    0.1858    0.2832
DIM:ROT:      91         2  -28.3568    0.1140    0.1508
DIM:ROT:      91         3  -28.3570    0.0613    0.0952
DIM:ROT:      92         1  -28.1971    0.1044    0.2328
DIM:ROT:      92         2  -28.1973    0.0596    0.1104
DIM:ROT:      92         3  -28.1974    0.0362    0.0777
DIM:ROT:      93         1  -28.3291    0.1857    0.2923
DIM:ROT:      93         2  -28.3295    0.1195    0.1486
DIM:ROT:      93         3  -28.3296    0.0612    0.1003
DIM:ROT:      94         1  -28.4491    0.2125    0.3855
DIM:ROT:      94         2  -28.4497    0.1194    0.2262
DIM:ROT:      94         3  -28.4499    0.0793    0.1596
DIM:ROT:      95         1  -28.4214    0.3074    0.4704
DIM:ROT:      95         2  -28.4223    0.1914    0.2455
DIM:ROT:      95         3  -28.4226    0.0941    0.1709
DIM:ROT:      96         1  -28.1467    0.2993    0.4335
DIM:ROT:      96         2  -28.1475    0.1724    0.2359
DIM:ROT:      96         3  -28.1479    0.0966    0.1488
DIM:ROT:      97         1  -28.3435    0.4039    0.7225
DIM:ROT:      97         2  -28.3438    0.2083    0.3102
DIM:ROT:      97         3  -28.3445    0.1068    0.2339
DIM:ROT:      98         1  -28.5274    0.3855    0.6612
DIM:ROT:      98         2  -28.5278    0.2156    0.3042
DIM:ROT:      98         3  -28.5284    0.1050    0.2246
DIM:ROT:      99         1  -28.3623    0.3521    0.5249
DIM:ROT:      99         2  -28.3632    0.1882    0.2906
DIM:ROT:      99         3  -28.3637    0.0977    0.1871
DIM:ROT:     100         1  -28.3314    0.1843    0.3250
DIM:ROT:     100         2  -28.3320    0.0982    0.1971
DIM:ROT:     100         3  -28.3322    0.0673    0.1316
DIM:ROT:     101         1  -28.3447    0.3681    0.4176
DIM:ROT:     101         2  -28.3458    0.1501    0.2741
DIM:ROT:     101         3  -28.3462    0.1014    0.1226
DIM:ROT:     102         1  -28.4083    0.2224    0.3426
DIM:ROT:     102         2  -28.4088    0.1025    0.2265
DIM:ROT:     102         3  -28.4090    0.0732    0.1361
DIM:ROT:     103         1  -28.1629    0.2008    0.3215
DIM:ROT:     103         2  -28.1634    0.1001    0.1819
DIM:ROT:     103         3  -28.1637    0.0629    0.1197
DIM:ROT:     104         1  -27.9786    0.1999    0.3912
DIM:ROT:     104         2  -27.9792    0.1064    0.1848
DIM:ROT:     104         3  -27.9795    0.0602    0.1310
DIM:ROT:     105         1  -27.8714    0.1802    0.3054
DIM:ROT:     105         2  -27.8717    0.0960    0.1550
DIM:ROT:     105         3  -27.8719    0.0522    0.1016
DIM:ROT:     106         1  -27.7765    0.1406    0.2491
DIM:ROT:     106         2  -27.7767    0.0705    0.1638
DIM:ROT:     106         3  -27.7769    0.0514    0.0942
DIM:ROT:     107         1  -27.5392    0.1815    0.2750
DIM:ROT:     107         2  -27.5394    0.0741    0.1547
DIM:ROT:     107         3  -27.5395    0.0468    0.0874
DIM:ROT:     108         1  -27.4747    0.2423    0.4587
DIM:ROT:     108         2  -27.4757    0.1191    0.1468
DIM:ROT:     108         3  -27.4759    0.0471    0.0942
DIM:ROT:     109         1  -27.4552    0.1893    0.4203
DIM:ROT:     109         2  -27.4561    0.0928    0.1834
DIM:ROT:     109         3  -27.4562    0.0568    0.1240
DIM:ROT:     110         1  -27.4250    0.1508    0.2686
DIM:ROT:     110         2  -27.4250    0.0729    0.1414
DIM:ROT:     110         3  -27.4251    0.0461    0.0978
DIM:ROT:     111         1  -27.2513    0.1964    0.3748
DIM:ROT:     111         2  -27.2512    0.0882    0.1271
DIM:ROT:     111         3  -27.2513    0.0427    0.1070
DIM:ROT:     112         1  -27.3678    0.2018    0.3023
DIM:ROT:     112         2  -27.3681    0.1040    0.1440
DIM:ROT:     112         3  -27.3682    0.0566    0.0870
DIM:ROT:     113         1  -27.4002    0.2345    0.4516
DIM:ROT:     113         2  -27.4012    0.1209    0.2417
DIM:ROT:     113         3  -27.4013    0.0792    0.1654
DIM:ROT:     114         1  -27.1843    0.2870    0.4480
DIM:ROT:     114         2  -27.1849    0.1334    0.2540
DIM:ROT:     114         3  -27.1853    0.0770    0.1598
DIM:ROT:     115         1  -27.1613    0.1274    0.3052
DIM:ROT:     115         2  -27.1615    0.0678    0.1271
DIM:ROT:     115         3  -27.1616    0.0434    0.0937
DIM:ROT:     116         1  -27.3383    0.1746    0.3278
DIM:ROT:     116         2  -27.3388    0.0828    0.1182
DIM:ROT:     116         3  -27.3388    0.0393    0.0964
DIM:ROT:     117         1  -27.2412    0.1773    0.3516
DIM:ROT:     117         2  -27.2414    0.0975    0.1070
DIM:ROT:     117         3  -27.2415    0.0379    0.1002
DIM:ROT:     118         1  -27.0304    0.4283    0.8871
DIM:ROT:     118         2  -27.0313    0.1939    0.2892
DIM:ROT:     118         3  -27.0319    0.1020    0.2484
DIM:ROT:     119         1  -27.4753    0.5631    1.0454
DIM:ROT:     119         2  -27.4775    0.2762    0.4650
DIM:ROT:     119         3  -27.4781    0.1596    0.3626
DIM:ROT:     120         1  -27.9749    0.6304    1.1198
DIM:ROT:     120         2  -27.9778    0.3820    0.4580
DIM:ROT:     120         3  -27.9788    0.1657    0.3491
DIM:ROT:     121         1  -27.7297    0.6888    1.2672
DIM:ROT:     121         2  -27.7336    0.4190    0.4898
DIM:ROT:     121         3  -27.7352    0.1746    0.3865
DIM:ROT:     122         1  -27.4409    0.7654    1.2744
DIM:ROT:     122         2  -27.4463    0.4994    0.5625
DIM:ROT:     122         3  -27.4481    0.2391    0.3978
DIM:ROT:     123         1  -27.6851    0.6658    1.2467
DIM:ROT:     123         2  -27.6900    0.3645    0.6186
DIM:ROT:     123         3  -27.6916    0.2205    0.4874
DIM:ROT:     124         1  -27.6325    0.4940    0.9078
DIM:ROT:     124         2  -27.6346    0.2811    0.4986
DIM:ROT:     124         3  -27.6361    0.1815    0.3754
DIM:ROT:     125         1  -27.8259    0.4878    0.6908
DIM:ROT:     125         2  -27.8274    0.2399    0.4094
DIM:ROT:     125         3  -27.8280    0.1438    0.2557
DIM:ROT:     126         1  -27.7480    1.1171    1.1968
DIM:ROT:     126         2  -27.7546    0.4298    0.8065
DIM:ROT:     126         3  -27.7558    0.2386    0.4098
DIM:ROT:     127         1  -27.6598    0.8587    1.0524
DIM:ROT:     127         2  -27.6658    0.4336    0.6713
DIM:ROT:     127         3  -27.6673    0.2925    0.3594
DIM:ROT:     128         1  -27.8834    0.5036    0.6940
DIM:ROT:     128         2  -27.8856    0.2627    0.4256
DIM:ROT:     128         3  -27.8860    0.1470    0.2714
DIM:ROT:     129         1  -27.7104    0.7991    0.8183
DIM:ROT:     129         2  -27.7140    0.2730    0.5719
DIM:ROT:     129         3  -27.7147    0.1616    0.2612
DIM:ROT:     130         1  -27.6013    0.4135    0.4373
DIM:ROT:     130         2  -27.6024    0.1588    0.3199
DIM:ROT:     130         3  -27.6032    0.0937    0.1663
DIM:ROT:     131         1  -27.7014    0.3093    0.2913
DIM:ROT:     131         2  -27.7018    0.0876    0.1870
DIM:ROT:     131         3  -27.7019    0.0500    0.0897
DIM:ROT:     132         1  -27.6144    0.3342    0.6546
DIM:ROT:     132         2  -27.6144    0.1438    0.2173
DIM:ROT:     132         3  -27.6148    0.0698    0.1657
DIM:ROT:     133         1  -27.7246    0.4406    0.8312
DIM:ROT:     133         2  -27.7252    0.2441    0.3307
DIM:ROT:     133         3  -27.7260    0.1132    0.2296
DIM:ROT:     134         1  -28.0080    0.2723    0.4552
DIM:ROT:     134         2  -28.0086    0.1216    0.1685
DIM:ROT:     134         3  -28.0086    0.0554    0.1160
DIM:ROT:     135         1  -27.9854    0.2210    0.4140
DIM:ROT:     135         2  -27.9862    0.1207    0.1974
DIM:ROT:     135         3  -27.9864    0.0687    0.1521
DIM:ROT:     136         1  -28.1373    0.3277    0.6435
DIM:ROT:     136         2  -28.1383    0.1787    0.2094
DIM:ROT:     136         3  -28.1386    0.0752    0.1833
DIM:ROT:     137         1  -28.3929    0.3086    0.5725
DIM:ROT:     137         2  -28.3933    0.1566    0.2989
DIM:ROT:     137         3  -28.3938    0.1044    0.2102
DIM:ROT:     138         1  -28.4686    0.4518    0.8654
DIM:ROT:     138         2  -28.4694    0.2586    0.2929
DIM:ROT:     138         3  -28.4701    0.0984    0.2138
DIM:ROT:     139         1  -28.6492    0.2299    0.3795
DIM:ROT:     139         2  -28.6496    0.1322    0.2010
DIM:ROT:     139         3  -28.6500    0.0706    0.1341
DIM:ROT:     140         1  -28.6751    0.2176    0.3391
DIM:ROT:     140         2  -28.6756    0.1344    0.1892
DIM:ROT:     140         3  -28.6759    0.0758    0.1270
DIM:ROT:     141         1  -28.3983    0.2849    0.3513
DIM:ROT:     141         2  -28.3988    0.1294    0.1968
DIM:ROT:     141         3  -28.3989    0.0733    0.1161
DIM:ROT:     142         1  -28.4113    0.2237    0.3893
DIM:ROT:     142         2  -28.4123    0.1272    0.1611
DIM:ROT:     142         3  -28.4124    0.0535    0.1227
DIM:ROT:     143         1  -28.5079    0.2102    0.2604
DIM:ROT:     143         2  -28.5089    0.0852    0.1741
DIM:ROT:     143         3  -28.5090    0.0533    0.0924
DIM:ROT:     144         1  -28.5006    0.1202    0.2181
DIM:ROT:     144         2  -28.5007    0.0700    0.1215
DIM:ROT:     144         3  -28.5009    0.0435    0.0919
DIM:ROT:     145         1  -28.5791    0.1494    0.2169
DIM:ROT:     145         2  -28.5791    0.0679    0.1546
DIM:ROT:     145         3  -28.5792    0.0499    0.0871
DIM:ROT:     146         1  -28.5904    0.2118    0.3117
DIM:ROT:     146         2  -28.5910    0.1003    0.1744
DIM:ROT:     146         3  -28.5912    0.0626    0.0921
DIM:ROT:     147         1  -28.6664    0.1269    0.1743
DIM:ROT:     147         2  -28.6665    0.0537    0.1314
DIM:ROT:     147         3  -28.6665    0.0435    0.0677
DIM:ROT:     148         1  -28.6828    0.1201    0.2295
DIM:ROT:     148         2  -28.6829    0.0590    0.1105
DIM:ROT:     148         3  -28.6830    0.0364    0.0788
DIM:ROT:     149         1  -28.4290    0.2209    0.2725
DIM:ROT:     149         2  -28.4295    0.0816    0.1462
DIM:ROT:     149         3  -28.4296    0.0488    0.0676
DIM:ROT:     150         1  -28.3691    0.1156    0.2221
DIM:ROT:     150         2  -28.3695    0.0601    0.1266
DIM:ROT:     150         3  -28.3696    0.0395    0.0783
DIM:ROT:     151         1  -28.3974    0.0920    0.1982
DIM:ROT:     151         2  -28.3976    0.0403    0.0726
DIM:ROT:     152         1  -28.2851    0.0730    0.1918
DIM:ROT:     152         2  -28.2852    0.0501    0.0761
DIM:ROT:     153         1  -28.2257    0.0753    0.1898
DIM:ROT:     153         2  -28.2258    0.0369    0.0691
DIM:ROT:     154         1  -28.3253    0.0692    0.1385
DIM:ROT:     154         2  -28.3256    0.0380    0.0584
DIM:ROT:     155         1  -28.3613    0.1072    0.2195
DIM:ROT:     155         2  -28.3619    0.0715    0.0836
DIM:ROT:     156         1  -28.2591    0.1179    0.1778
DIM:ROT:     156         2  -28.2591    0.0421    0.0662
DIM:ROT:     157         1  -28.2515    0.0552    0.1040
DIM:ROT:     157         2  -28.2516    0.0280    0.0491
DIM:ROT:     158         1  -28.2271    0.0848    0.1360
DIM:ROT:     158         2  -28.2272    0.0471    0.0724
DIM:ROT:     159         1  -28.2336    0.1066    0.1539
DIM:ROT:     159         2  -28.2336    0.0538    0.0840
DIM:ROT:     160         1  -28.1563    0.0934    0.1284
DIM:ROT:     160         2  -28.1563    0.0428    0.0791
