MINMODE:METHOD: Dimer
DIM:CONTROL: Search Parameters:
DIM:CONTROL: ------------------
DIM:CONTROL: eigenmode_method = dimer
DIM:CONTROL: f_rot_min = 0.01
DIM:CONTROL: f_rot_max = 0.1
DIM:CONTROL: max_num_rot = 3
DIM:CONTROL: trial_angle = 0.7853981633974483
DIM:CONTROL: trial_trans_step = 0.001
DIM:CONTROL: maximum_translation = 0.1
DIM:CONTROL: cg_translation = True
DIM:CONTROL: use_central_forces = True
DIM:CONTROL: dimer_separation = 0.005
DIM:CONTROL: initial_eigenmode_method = gauss
DIM:CONTROL: extrapolate_forces = True
DIM:CONTROL: displacement_method = gauss
DIM:CONTROL: gauss_std = 0.1
DIM:CONTROL: order = 1
DIM:CONTROL: mask = None
DIM:CONTROL: displacement_center = None
DIM:CONTROL: displacement_radius = None
DIM:CONTROL: number_of_displacement_atoms = None
DIM:CONTROL: ------------------
DIM:ROT: OPT-STEP ROT-STEP CURVATURE ROT-ANGLE ROT-FORCE
DIM:ROT:       0         1    2.0977   16.8318   17.5384
DIM:ROT:       0         2   -0.9986   13.4655   12.7680
DIM:ROT:       0         3   -2.7951    9.3190   11.0604
DIM:ROT:       1         1   -3.3762    7.4602   10.7729
DIM:ROT:       1         2   -3.8653    5.2507    5.3017
DIM:ROT:       1         3   -4.1117    2.9775    4.8538
DIM:ROT:       2         1   -0.6956    6.1829    4.5743
DIM:ROT:       2         2   -0.9955    2.8983    6.0207
DIM:ROT:       2         3   -1.2283    4.1636    3.1634
DIM:ROT:       3         1    1.3439    5.2645    6.3220
DIM:ROT:       3         2    0.9584    3.9395    5.5885
DIM:ROT:       3         3    0.6591    3.7731    4.5884
DIM:ROT:       4         1   -1.3437    3.4996    5.7148
DIM:ROT:       4         2   -1.4225    1.6605    2.5398
DIM:ROT:       4         3   -1.4736    1.5331    1.8415
DIM:ROT:       5         1   -2.2745    3.7521    3.7919
DIM:ROT:       5         2   -2.4143    2.1813    3.5602
DIM:ROT:       5         3   -2.5049    2.2229    2.3927
DIM:ROT:       6         1   -0.5991    2.0933    2.8840
DIM:ROT:       6         2   -0.6595    1.6635    2.0616
DIM:ROT:       6         3   -0.7061    1.4031    1.8497
DIM:ROT:       7         1    0.6099    3.4516    3.0540
DIM:ROT:       7         2    0.4979    2.0821    3.0570
DIM:ROT:       7         3    0.4135    2.1610    2.2442
DIM:ROT:       8         1   -0.0253    2.0475    2.8394
DIM:ROT:       8         2   -0.0850    1.6867    2.0200
DIM:ROT:       8         3   -0.1328    1.4230    1.8930
DIM:ROT:       9         1   -1.0622    2.9700    2.7475
DIM:ROT:       9         2   -1.1523    1.8474    2.7006
DIM:ROT:       9         3   -1.2148    1.8953    1.8857
DIM:ROT:      10         1   -0.0958    2.1313    2.6296
DIM:ROT:      10         2   -0.1484    1.5682    1.9243
DIM:ROT:      10         3   -0.1868    1.3543    1.6041
DIM:ROT:      11         1    0.9064    4.2605    3.2839
DIM:ROT:      11         2    0.7763    1.9770    3.6450
DIM:ROT:      11         3    0.6866    2.6537    1.9567
DIM:ROT:      12         1    0.1016    1.9103    3.2396
DIM:ROT:      12         2    0.0476    1.6978    1.8176
DIM:ROT:      12         3    0.0087    1.1820    1.8307
DIM:ROT:      13         1   -2.1681   10.5615    3.9817
DIM:ROT:      13         2   -2.5597    3.4522    5.9769
DIM:ROT:      13         3   -2.7559    3.6497    3.0858
DIM:ROT:      14         1   -4.8607    6.5971    5.9500
DIM:ROT:      14         2   -5.3993    4.4055    6.8078
DIM:ROT:      14         3   -5.8392    5.1180    4.8465
DIM:ROT:      15         1   -7.9592    6.3254    6.4913
DIM:ROT:      15         2   -8.4908    4.5298    6.6676
DIM:ROT:      15         3   -8.8806    4.6257    4.8230
DIM:ROT:      16         1   -7.1478    2.8913    5.4027
DIM:ROT:      16         2   -7.3209    2.9958    3.2659
DIM:ROT:      16         3   -7.4518    2.0120    3.6236
DIM:ROT:      17         1   -3.9775    3.2441    3.1440
DIM:ROT:      17         2   -4.0389    1.3496    2.4748
DIM:ROT:      17         3   -4.0820    1.5940    1.5000
DIM:ROT:      18         1   -3.9966    1.5429    2.2267
DIM:ROT:      18         2   -4.0340    1.4079    1.4154
DIM:ROT:      18         3   -4.0631    1.0548    1.4778
DIM:ROT:      19         1   -1.5320    3.5469    3.3030
DIM:ROT:      19         2   -1.5989    1.5265    2.5500
DIM:ROT:      19         3   -1.6462    1.7420    1.5395
DIM:ROT:      20         1    0.3853    4.7853    4.6675
DIM:ROT:      20         2    0.2771    2.0720    3.0370
DIM:ROT:      20         3    0.2022    2.1366    1.9882
DIM:ROT:      21         1    2.7025    8.7480    7.8251
DIM:ROT:      21         2    2.3342    3.9909    5.5321
DIM:ROT:      21         3    2.0559    4.1208    3.8528
DIM:ROT:      22         1    2.2397    7.9520    5.9106
DIM:ROT:      22         2    1.7582    4.3392    6.5084
DIM:ROT:      22         3    1.3525    5.1759    4.4285
DIM:ROT:      23         1    0.2182    4.3349    6.6408
DIM:ROT:      23         2   -0.1694    5.0472    4.3500
DIM:ROT:      23         3   -0.4724    3.3944    5.1752
DIM:ROT:      24         1   -0.9151    5.3473    4.0377
DIM:ROT:      24         2   -1.1584    3.3470    4.1265
DIM:ROT:      24         3   -1.3237    3.1593    3.0381
DIM:ROT:      25         1   -1.6770    3.2829    5.1942
DIM:ROT:      25         2   -1.8315    2.9728    2.8733
DIM:ROT:      25         3   -1.9485    2.1553    3.1890
DIM:ROT:      26         1   -0.9599    3.0834    3.7958
DIM:ROT:      26         2   -1.0531    2.8258    1.8087
DIM:ROT:      26         3   -1.1133    1.6701    2.0410
DIM:ROT:      27         1   -0.2698    3.4495    4.4920
DIM:ROT:      27         2   -0.4024    2.9660    2.4789
DIM:ROT:      27         3   -0.4983    1.9742    2.7835
DIM:ROT:      28         1   -0.5793    3.9395    5.0491
DIM:ROT:      28         2   -0.7539    4.4750    2.2087
DIM:ROT:      28         3   -0.8732    2.1395    3.1505
DIM:ROT:      29         1   -0.5507    5.3229    4.3241
DIM:ROT:      29         2   -0.7669    3.3908    3.6953
DIM:ROT:      29         3   -0.9001    2.6213    2.9087
DIM:ROT:      30         1   -0.6400    2.9893    3.5375
DIM:ROT:      30         2   -0.7393    2.0719    2.8401
DIM:ROT:      30         3   -0.8163    1.8880    2.3176
DIM:ROT:      31         1   -0.6788    2.2832    2.7713
DIM:ROT:      31         2   -0.7390    1.6285    2.1620
DIM:ROT:      31         3   -0.7829    1.4309    1.7923
DIM:ROT:      32         1   -1.0078    1.6235    1.9461
DIM:ROT:      32         2   -1.0319    1.1545    1.3117
DIM:ROT:      32         3   -1.0524    0.9985    1.1640
DIM:ROT:      33         1   -1.3251    1.4104    1.4328
DIM:ROT:      33         2   -1.3419    0.8626    1.1852
DIM:ROT:      33         3   -1.3549    0.8532    0.8807
DIM:ROT:      34         1   -1.3253    1.1463    1.1499
DIM:ROT:      34         2   -1.3383    0.7937    0.9264
DIM:ROT:      34         3   -1.3481    0.6838    0.8278
DIM:ROT:      35         1   -1.1802    1.0589    1.3128
DIM:ROT:      35         2   -1.1874    0.7029    0.7646
DIM:ROT:      35         3   -1.1948    0.5972    0.7191
DIM:ROT:      36         1   -1.1123    1.1749    1.4981
DIM:ROT:      36         2   -1.1214    0.8928    0.7668
DIM:ROT:      36         3   -1.1304    0.6216    0.8199
DIM:ROT:      37         1   -1.0743    1.2275    1.3224
DIM:ROT:      37         2   -1.0865    0.7480    0.9604
DIM:ROT:      37         3   -1.0954    0.6722    0.7525
DIM:ROT:      38         1   -1.0336    1.3318    0.9859
DIM:ROT:      38         2   -1.0444    0.6853    0.9359
DIM:ROT:      38         3   -1.0516    0.6416    0.6337
DIM:ROT:      39         1   -0.9308    1.0278    1.0723
DIM:ROT:      39         2   -0.9400    0.6307    0.8784
DIM:ROT:      39         3   -0.9469    0.6108    0.6538
DIM:ROT:      40         1   -0.7634    0.7309    1.1031
DIM:ROT:      40         2   -0.7712    0.7234    0.6443
DIM:ROT:      40         3   -0.7778    0.4994    0.7565
DIM:ROT:      41         1   -0.5323    0.7704    0.9315
DIM:ROT:      41         2   -0.5415    0.6918    0.7671
DIM:ROT:      41         3   -0.5491    0.6043    0.7377
DIM:ROT:      42         1   -0.1467    1.5867    1.3496
DIM:ROT:      42         2   -0.1628    0.9766    0.9794
DIM:ROT:      42         3   -0.1733    0.7282    0.8443
DIM:ROT:      43         1    0.1481    1.6336    1.4410
DIM:ROT:      43         2    0.1304    0.8514    1.1871
DIM:ROT:      43         3    0.1181    0.8142    0.8685
DIM:ROT:      44         1    0.3671    2.0257    1.5863
DIM:ROT:      44         2    0.3479    0.8312    1.2742
DIM:ROT:      44         3    0.3360    0.8280    0.8288
DIM:ROT:      45         1    0.3480    1.5669    1.6855
DIM:ROT:      45         2    0.3311    0.7846    1.2004
DIM:ROT:      45         3    0.3210    0.7394    0.7845
DIM:ROT:      46         1    0.2541    1.6791    1.6691
DIM:ROT:      46         2    0.2384    0.7737    1.1261
DIM:ROT:      46         3    0.2298    0.6500    0.7602
DIM:ROT:      47         1    0.3885    1.7485    1.7372
DIM:ROT:      47         2    0.3707    0.8443    1.1701
DIM:ROT:      47         3    0.3610    0.6745    0.8229
DIM:ROT:      48         1    0.7136    1.9888    1.7943
DIM:ROT:      48         2    0.6917    0.9945    1.2144
DIM:ROT:      48         3    0.6801    0.7190    0.9211
DIM:ROT:      49         1    0.6996    1.8223    1.8446
DIM:ROT:      49         2    0.6793    0.9088    1.2456
DIM:ROT:      49         3    0.6679    0.7306    0.8941
DIM:ROT:      50         1    0.5300    1.8206    1.8031
DIM:ROT:      50         2    0.5102    0.8933    1.2209
DIM:ROT:      50         3    0.4996    0.7032    0.8702
DIM:ROT:      51         1    0.5361    1.8560    1.7457
DIM:ROT:      51         2    0.5158    0.9433    1.1976
DIM:ROT:      51         3    0.5049    0.7002    0.8901
DIM:ROT:      52         1    0.6152    1.7356    1.7846
DIM:ROT:      52         2    0.5939    0.9386    1.2610
DIM:ROT:      52         3    0.5811    0.7747    0.9492
DIM:ROT:      53         1    0.6616    1.8656    1.7435
DIM:ROT:      53         2    0.6391    0.9954    1.2669
DIM:ROT:      53         3    0.6260    0.7749    0.9642
DIM:ROT:      54         1    0.6249    1.6560    1.7516
DIM:ROT:      54         2    0.6035    0.9279    1.2962
DIM:ROT:      54         3    0.5898    0.8228    0.9628
DIM:ROT:      55         1    0.5422    1.7845    1.6089
DIM:ROT:      55         2    0.5215    0.9234    1.2601
DIM:ROT:      55         3    0.5086    0.8006    0.9208
DIM:ROT:      56         1    0.5606    1.4651    1.6403
DIM:ROT:      56         2    0.5408    0.8850    1.2594
DIM:ROT:      56         3    0.5269    0.8457    0.9474
DIM:ROT:      57         1    0.6412    1.6772    1.5011
DIM:ROT:      57         2    0.6216    0.8762    1.2602
DIM:ROT:      57         3    0.6083    0.8468    0.9009
DIM:ROT:      58         1    0.7356    1.3563    1.6028
DIM:ROT:      58         2    0.7162    0.8917    1.2276
DIM:ROT:      58         3    0.7018    0.8510    0.9711
DIM:ROT:      59         1    0.7753    1.6917    1.4291
DIM:ROT:      59         2    0.7552    0.8905    1.2765
DIM:ROT:      59         3    0.7410    0.8879    0.9165
DIM:ROT:      60         1    0.7725    1.2615    1.5992
DIM:ROT:      60         2    0.7527    0.9283    1.1995
DIM:ROT:      60         3    0.7376    0.8545    1.0214
DIM:ROT:      61         1    0.7565    1.7795    1.3563
DIM:ROT:      61         2    0.7359    0.9019    1.2855
DIM:ROT:      61         3    0.7217    0.9039    0.9046
DIM:ROT:      62         1    0.7433    1.1661    1.5844
DIM:ROT:      62         2    0.7247    0.9365    1.1253
DIM:ROT:      62         3    0.7104    0.8044    1.0233
DIM:ROT:      63         1    0.7182    1.6653    1.2294
DIM:ROT:      63         2    0.7004    0.8693    1.1583
DIM:ROT:      63         3    0.6885    0.8070    0.8442
DIM:ROT:      64         1    0.7444    0.9917    1.4312
DIM:ROT:      64         2    0.7301    0.8543    0.9424
DIM:ROT:      64         3    0.7191    0.6867    0.9244
DIM:ROT:      65         1    0.7731    1.4832    1.0343
DIM:ROT:      65         2    0.7585    0.9083    0.9075
DIM:ROT:      65         3    0.7489    0.7481    0.7261
DIM:ROT:      66         1    0.7595    0.7982    1.2561
DIM:ROT:      66         2    0.7489    0.7896    0.7588
DIM:ROT:      66         3    0.7407    0.5692    0.8286
DIM:ROT:      67         1    0.6920    1.3232    0.9078
DIM:ROT:      67         2    0.6806    0.8146    0.7951
DIM:ROT:      67         3    0.6724    0.7890    0.5998
DIM:ROT:      68         1    0.5858    1.8161    0.7283
DIM:ROT:      68         2    0.5752    0.8530    0.6999
DIM:ROT:      68         3    0.5678    0.7721    0.5478
DIM:ROT:      69         1    0.4803    1.1688    0.7592
DIM:ROT:      69         2    0.4722    0.6134    0.7491
DIM:ROT:      69         3    0.4667    0.6005    0.5295
DIM:ROT:      70         1    0.4173    1.3395    0.7958
DIM:ROT:      70         2    0.4083    0.6689    0.7541
DIM:ROT:      70         3    0.4028    0.5911    0.5265
DIM:ROT:      71         1    0.4035    0.7519    1.1137
DIM:ROT:      71         2    0.3948    0.6778    0.7247
DIM:ROT:      71         3    0.3887    0.5035    0.6987
DIM:ROT:      72         1    0.3868    1.5658    0.8913
DIM:ROT:      72         2    0.3763    0.7271    0.8139
DIM:ROT:      72         3    0.3704    0.6820    0.5011
DIM:ROT:      73         1    0.3122    1.9980    0.7350
DIM:ROT:      73         2    0.3033    0.7598    0.6618
DIM:ROT:      73         3    0.2984    0.6130    0.4583
DIM:ROT:      74         1    0.2066    0.6959    0.9351
DIM:ROT:      74         2    0.1990    0.6137    0.7043
DIM:ROT:      74         3    0.1932    0.5100    0.6524
DIM:ROT:      75         1    0.1157    1.6369    0.7806
DIM:ROT:      75         2    0.1043    0.7779    0.8349
DIM:ROT:      75         3    0.0972    0.7894    0.5298
DIM:ROT:      76         1    0.1165    1.7195    0.5812
DIM:ROT:      76         2    0.1070    0.7490    0.7174
DIM:ROT:      76         3    0.1022    0.5196    0.5345
DIM:ROT:      77         1    0.2195    0.5819    1.0007
DIM:ROT:      77         2    0.2132    0.6842    0.5168
DIM:ROT:      77         3    0.2082    0.4272    0.6788
DIM:ROT:      78         1    0.2910    1.2672    0.6378
DIM:ROT:      78         2    0.2829    0.6192    0.7428
DIM:ROT:      78         3    0.2782    0.5546    0.4971
DIM:ROT:      79         1    0.2850    1.3909    0.6461
DIM:ROT:      79         2    0.2762    0.5726    0.8719
DIM:ROT:      79         3    0.2704    0.6210    0.5298
DIM:ROT:      80         1    0.2293    0.7092    1.0187
DIM:ROT:      80         2    0.2202    0.7318    0.7094
DIM:ROT:      80         3    0.2124    0.5690    0.7779
DIM:ROT:      81         1    0.1553    1.8369    0.7458
DIM:ROT:      81         2    0.1416    0.7553    1.0390
DIM:ROT:      81         3    0.1334    0.7164    0.6513
DIM:ROT:      82         1    0.1379    0.6718    1.0382
DIM:ROT:      82         2    0.1284    0.8201    0.6641
DIM:ROT:      82         3    0.1199    0.5697    0.8447
DIM:ROT:      83         1    0.1901    1.8068    0.6098
DIM:ROT:      83         2    0.1792    0.6897    0.9108
DIM:ROT:      83         3    0.1733    0.6031    0.5571
DIM:ROT:      84         1    0.2915    0.5408    0.8765
DIM:ROT:      84         2    0.2850    0.7091    0.5123
DIM:ROT:      84         3    0.2797    0.4422    0.6910
DIM:ROT:      85         1    0.3571    1.9463    0.5312
DIM:ROT:      85         2    0.3486    0.7176    0.6844
DIM:ROT:      85         3    0.3432    0.7396    0.4190
DIM:ROT:      86         1    0.3669    0.8765    0.5110
DIM:ROT:      86         2    0.3616    0.5492    0.5567
DIM:ROT:      86         3    0.3575    0.5537    0.4184
DIM:ROT:      87         1    0.3377    0.7746    0.5529
DIM:ROT:      87         2    0.3329    0.5305    0.5152
DIM:ROT:      87         3    0.3293    0.4677    0.4350
DIM:ROT:      88         1    0.2778    0.5038    0.7365
DIM:ROT:      88         2    0.2733    0.5360    0.4751
DIM:ROT:      88         3    0.2697    0.3888    0.5328
DIM:ROT:      89         1    0.2085    1.4945    0.4984
DIM:ROT:      89         2    0.2017    0.6579    0.5950
DIM:ROT:      89         3    0.1970    0.6770    0.3915
DIM:ROT:      90         1    0.1496    0.8048    0.4978
DIM:ROT:      90         2    0.1447    0.5010    0.5553
DIM:ROT:      90         3    0.1411    0.4976    0.4153
DIM:ROT:      91         1    0.1118    0.9058    0.4971
DIM:ROT:      91         2    0.1064    0.4634    0.6586
DIM:ROT:      91         3    0.1025    0.5359    0.4142
DIM:ROT:      92         1    0.0970    0.5161    0.7648
DIM:ROT:      92         2    0.0915    0.6299    0.4859
DIM:ROT:      92         3    0.0870    0.4269    0.6113
DIM:ROT:      93         1    0.0897    1.7252    0.4770
DIM:ROT:      93         2    0.0813    0.6076    0.7840
DIM:ROT:      93         3    0.0773    0.5156    0.4451
DIM:ROT:      94         1    0.0746    0.4696    0.6988
DIM:ROT:      94         2    0.0699    0.6099    0.4344
DIM:ROT:      94         3    0.0657    0.4075    0.5863
DIM:ROT:      95         1    0.0849    1.3446    0.4502
DIM:ROT:      95         2    0.0781    0.5724    0.6900
DIM:ROT:      95         3    0.0744    0.5025    0.4230
DIM:ROT:      96         1    0.1069    0.4874    0.6532
DIM:ROT:      96         2    0.1023    0.5536    0.4634
DIM:ROT:      96         3    0.0983    0.4200    0.5450
DIM:ROT:      97         1    0.0973    1.1161    0.4626
DIM:ROT:      97         2    0.0912    0.5013    0.6981
DIM:ROT:      97         3    0.0871    0.5629    0.4154
DIM:ROT:      98         1    0.0467    0.4806    0.6870
DIM:ROT:      98         2    0.0421    0.5971    0.4381
DIM:ROT:      98         3    0.0380    0.4110    0.5656
DIM:ROT:      99         1   -0.0320    1.1532    0.4468
DIM:ROT:      99         2   -0.0383    0.5059    0.7039
DIM:ROT:      99         3   -0.0424    0.5731    0.4085
DIM:ROT:     100         1   -0.1028    0.4637    0.7102
DIM:ROT:     100         2   -0.1075    0.6393    0.4178
DIM:ROT:     100         3   -0.1116    0.4023    0.5933
DIM:ROT:     101         1   -0.2200    0.6892    0.4368
DIM:ROT:     101         2   -0.2236    0.4605    0.4320
DIM:ROT:     101         3   -0.2261    0.4142    0.3543
DIM:ROT:     102         1   -0.2393    0.4970    0.4332
DIM:ROT:     102         2   -0.2420    0.3451    0.4323
DIM:ROT:     102         3   -0.2443    0.3769    0.3519
DIM:ROT:     103         1   -0.2383    0.2997    0.4141
DIM:ROT:     103         2   -0.2401    0.3410    0.3030
DIM:ROT:     103         3   -0.2418    0.2632    0.3622
DIM:ROT:     104         1   -0.2380    0.3940    0.2665
DIM:ROT:     104         2   -0.2395    0.2418    0.3658
DIM:ROT:     104         3   -0.2410    0.3131    0.2564
DIM:ROT:     105         1   -0.2241    0.3777    0.4267
DIM:ROT:     105         2   -0.2260    0.3381    0.3303
DIM:ROT:     105         3   -0.2278    0.3003    0.3373
DIM:ROT:     106         1   -0.2440    0.4132    0.3809
DIM:ROT:     106         2   -0.2459    0.2928    0.3629
DIM:ROT:     106         3   -0.2476    0.3091    0.3122
DIM:ROT:     107         1   -0.2384    0.3191    0.5141
DIM:ROT:     107         2   -0.2399    0.3038    0.2844
DIM:ROT:     107         3   -0.2411    0.2157    0.3107
DIM:ROT:     108         1   -0.2275    0.4424    0.3731
DIM:ROT:     108         2   -0.2290    0.2950    0.2850
DIM:ROT:     108         3   -0.2302    0.2798    0.2470
DIM:ROT:     109         1   -0.2244    0.4132    0.3990
DIM:ROT:     109         2   -0.2260    0.2541    0.3440
DIM:ROT:     109         3   -0.2272    0.2580    0.2683
DIM:ROT:     110         1   -0.1735    0.4164    0.4565
DIM:ROT:     110         2   -0.1750    0.2755    0.3176
DIM:ROT:     110         3   -0.1762    0.2374    0.2749
DIM:ROT:     111         1   -0.0989    0.4582    0.4531
DIM:ROT:     111         2   -0.1008    0.3111    0.3508
DIM:ROT:     111         3   -0.1022    0.2592    0.2902
DIM:ROT:     112         1   -0.0402    0.3880    0.4229
DIM:ROT:     112         2   -0.0417    0.2729    0.3281
DIM:ROT:     112         3   -0.0429    0.2406    0.2774
DIM:ROT:     113         1   -0.0476    0.2963    0.3169
DIM:ROT:     113         2   -0.0486    0.2184    0.2696
DIM:ROT:     113         3   -0.0494    0.2071    0.2244
DIM:ROT:     114         1   -0.0805    0.4104    0.3290
DIM:ROT:     114         2   -0.0817    0.2431    0.2835
DIM:ROT:     114         3   -0.0826    0.2120    0.2305
DIM:ROT:     115         1   -0.0913    0.3203    0.3444
DIM:ROT:     115         2   -0.0923    0.2098    0.2510
DIM:ROT:     115         3   -0.0929    0.1837    0.2007
DIM:ROT:     116         1   -0.0781    0.1799    0.2685
DIM:ROT:     116         2   -0.0786    0.1759    0.1685
DIM:ROT:     116         3   -0.0790    0.1251    0.1788
DIM:ROT:     117         1   -0.0672    0.3154    0.2451
DIM:ROT:     117         2   -0.0678    0.2104    0.1926
DIM:ROT:     117         3   -0.0683    0.1601    0.1596
DIM:ROT:     118         1   -0.0543    0.2924    0.2356
DIM:ROT:     118         2   -0.0549    0.1630    0.2003
DIM:ROT:     118         3   -0.0553    0.1617    0.1518
DIM:ROT:     119         1   -0.0740    0.2841    0.3974
DIM:ROT:     119         2   -0.0750    0.2141    0.2522
DIM:ROT:     119         3   -0.0757    0.1702    0.2212
DIM:ROT:     120         1   -0.0762    0.4473    0.3106
DIM:ROT:     120         2   -0.0772    0.2277    0.2563
DIM:ROT:     120         3   -0.0778    0.1804    0.1819
DIM:ROT:     121         1   -0.0741    0.2057    0.2255
DIM:ROT:     121         2   -0.0746    0.1589    0.1853
DIM:ROT:     121         3   -0.0750    0.1448    0.1584
DIM:ROT:     122         1   -0.0619    0.2400    0.2832
DIM:ROT:     122         2   -0.0626    0.1686    0.2059
DIM:ROT:     122         3   -0.0631    0.1563    0.1810
DIM:ROT:     123         1   -0.0352    0.3552    0.3873
DIM:ROT:     123         2   -0.0360    0.1897    0.2061
DIM:ROT:     123         3   -0.0364    0.1401    0.1758
DIM:ROT:     124         1   -0.0315    0.3366    0.2259
DIM:ROT:     124         2   -0.0323    0.2098    0.1888
DIM:ROT:     124         3   -0.0327    0.1571    0.1505
DIM:ROT:     125         1   -0.0149    0.4841    0.3465
DIM:ROT:     125         2   -0.0162    0.2980    0.2432
DIM:ROT:     125         3   -0.0169    0.2256    0.1932
DIM:ROT:     126         1   -0.0355    0.5286    0.3205
DIM:ROT:     126         2   -0.0367    0.2794    0.2410
DIM:ROT:     126         3   -0.0374    0.1963    0.2004
DIM:ROT:     127         1   -0.0559    0.2082    0.1893
DIM:ROT:     127         2   -0.0564    0.1394    0.1907
DIM:ROT:     127         3   -0.0567    0.1532    0.1470
DIM:ROT:     128         1   -0.0521    0.1335    0.2162
DIM:ROT:     128         2   -0.0524    0.1777    0.1166
DIM:ROT:     128         3   -0.0528    0.1077    0.1673
DIM:ROT:     129         1   -0.0556    0.2026    0.1872
DIM:ROT:     129         2   -0.0561    0.1661    0.1496
DIM:ROT:     129         3   -0.0564    0.1311    0.1443
DIM:ROT:     130         1   -0.0779    0.2549    0.1792
DIM:ROT:     130         2   -0.0783    0.1417    0.1916
DIM:ROT:     130         3   -0.0787    0.1504    0.1367
DIM:ROT:     131         1   -0.0812    0.1698    0.2268
DIM:ROT:     131         2   -0.0815    0.1508    0.1460
DIM:ROT:     131         3   -0.0818    0.1166    0.1458
DIM:ROT:     132         1   -0.1034    0.3118    0.2272
DIM:ROT:     132         2   -0.1040    0.1877    0.1826
DIM:ROT:     132         3   -0.1044    0.1561    0.1478
DIM:ROT:     133         1   -0.1066    0.4901    0.2693
DIM:ROT:     133         2   -0.1076    0.2424    0.2446
DIM:ROT:     133         3   -0.1082    0.1890    0.1826
DIM:ROT:     134         1   -0.0930    0.2437    0.2162
DIM:ROT:     134         2   -0.0937    0.1695    0.2202
DIM:ROT:     134         3   -0.0943    0.1884    0.1676
DIM:ROT:     135         1   -0.0989    0.2276    0.2347
DIM:ROT:     135         2   -0.0995    0.1670    0.2106
DIM:ROT:     135         3   -0.1001    0.1725    0.1767
DIM:ROT:     136         1   -0.1020    0.2593    0.2320
DIM:ROT:     136         2   -0.1027    0.1792    0.2263
DIM:ROT:     136         3   -0.1033    0.1838    0.1718
DIM:ROT:     137         1   -0.1233    0.3005    0.3042
DIM:ROT:     137         2   -0.1242    0.2160    0.2142
DIM:ROT:     137         3   -0.1248    0.1730    0.2088
DIM:ROT:     138         1   -0.1369    0.2055    0.2952
DIM:ROT:     138         2   -0.1376    0.2046    0.1914
DIM:ROT:     138         3   -0.1381    0.1574    0.2136
DIM:ROT:     139         1   -0.1260    0.3914    0.2142
DIM:ROT:     139         2   -0.1269    0.2281    0.2341
DIM:ROT:     139         3   -0.1276    0.2365    0.1690
DIM:ROT:     140         1   -0.1360    0.2334    0.2806
DIM:ROT:     140         2   -0.1368    0.2011    0.2207
DIM:ROT:     140         3   -0.1374    0.1762    0.2081
DIM:ROT:     141         1   -0.1588    0.2988    0.2868
DIM:ROT:     141         2   -0.1596    0.1832    0.2492
DIM:ROT:     141         3   -0.1602    0.1914    0.1831
DIM:ROT:     142         1   -0.1568    0.1925    0.2310
DIM:ROT:     142         2   -0.1574    0.1845    0.1801
DIM:ROT:     142         3   -0.1579    0.1568    0.1846
DIM:ROT:     143         1   -0.1727    0.1962    0.1815
DIM:ROT:     143         2   -0.1731    0.1491    0.1655
DIM:ROT:     143         3   -0.1735    0.1398    0.1528
DIM:ROT:     144         1   -0.1829    0.1411    0.1896
DIM:ROT:     144         2   -0.1833    0.1433    0.1334
DIM:ROT:     144         3   -0.1835    0.1125    0.1492
DIM:ROT:     145         1   -0.1662    0.1995    0.1447
DIM:ROT:     145         2   -0.1666    0.1286    0.1595
DIM:ROT:     145         3   -0.1669    0.1485    0.1177
DIM:ROT:     146         1   -0.1510    0.1459    0.1748
DIM:ROT:     146         2   -0.1514    0.1397    0.1474
DIM:ROT:     146         3   -0.1517    0.1228    0.1457
DIM:ROT:     147         1   -0.1274    0.1752    0.1876
DIM:ROT:     147         2   -0.1279    0.1481    0.1675
DIM:ROT:     147         3   -0.1283    0.1429    0.1520
DIM:ROT:     148         1   -0.0958    0.1943    0.2405
DIM:ROT:     148         2   -0.0963    0.1653    0.1596
DIM:ROT:     148         3   -0.0966    0.1298    0.1604
DIM:ROT:     149         1   -0.0574    0.2941    0.2612
DIM:ROT:     149         2   -0.0582    0.2460    0.1839
DIM:ROT:     149         3   -0.0588    0.1761    0.1797
DIM:ROT:     150         1   -0.0233    0.3808    0.2103
DIM:ROT:     150         2   -0.0241    0.1956    0.2359
DIM:ROT:     150         3   -0.0246    0.1862    0.1481
DIM:ROT:     151         1    0.0183    0.2485    0.2292
DIM:ROT:     151         2    0.0176    0.1955    0.2145
DIM:ROT:     151         3    0.0170    0.1838    0.1830
DIM:ROT:     152         1    0.0401    0.2711    0.3002
DIM:ROT:     152         2    0.0391    0.2136    0.2549
DIM:ROT:     152         3    0.0384    0.1964    0.2127
DIM:ROT:     153         1    0.0251    0.5328    0.2785
DIM:ROT:     153         2    0.0239    0.2103    0.3054
DIM:ROT:     153         3    0.0232    0.2313    0.1741
DIM:ROT:     154         1   -0.0271    0.3094    0.3837
DIM:ROT:     154         2   -0.0283    0.2395    0.2823
DIM:ROT:     154         3   -0.0291    0.1945    0.2275
DIM:ROT:     155         1   -0.0942    0.7709    0.3683
DIM:ROT:     155         2   -0.0954    0.2041    0.3258
DIM:ROT:     155         3   -0.0960    0.2186    0.1541
DIM:ROT:     156         1   -0.1539    0.3124    0.3701
DIM:ROT:     156         2   -0.1550    0.2251    0.2833
DIM:ROT:     156         3   -0.1557    0.1870    0.2107
DIM:ROT:     157         1   -0.1747    0.4648    0.2603
DIM:ROT:     157         2   -0.1756    0.2189    0.2346
DIM:ROT:     157         3   -0.1761    0.2111    0.1442
DIM:ROT:     158         1   -0.1747    0.1707    0.2281
DIM:ROT:     158         2   -0.1751    0.1638    0.1452
DIM:ROT:     158         3   -0.1755    0.1182    0.1531
DIM:ROT:     159         1   -0.1741    0.1921    0.1240
DIM:ROT:     159         2   -0.1745    0.1323    0.1294
DIM:ROT:     159         3   -0.1747    0.1290    0.0985
DIM:ROT:     160         1   -0.1687    0.1210    0.1068
DIM:ROT:     160         2   -0.1689    0.0894    0.1157
DIM:ROT:     160         3   -0.1691    0.0988    0.0887
