MinModeTranslate: STEP      TIME          ENERGY    MAX-FORCE     STEPSIZE    CURVATURE  ROT-STEPS
MinModeTranslate:    0  16:39:36   -12452.914294       1.0328     --------     0.238226          3
MinModeTranslate:    0  16:39:36   -12452.914294       1.0328     0.100000     0.238226          3
MinModeTranslate:    1  16:39:36   -12452.752212      11.4345     --------    -1.215162          3
MinModeTranslate:    1  16:39:36   -12452.752212      11.4345     0.016028    -1.215162          3
MinModeTranslate:    2  16:39:36   -12452.752399      10.9394     --------    -2.506191          3
MinModeTranslate:    2  16:39:36   -12452.752399      10.9394     0.100000    -2.506191          3
MinModeTranslate:    3  16:39:36   -12454.353649       9.1264     --------    -0.539823          3
MinModeTranslate:    3  16:39:36   -12454.353649       9.1264     0.100000    -0.539823          3
MinModeTranslate:    4  16:39:36   -12455.613500       7.1488     --------    -1.094466          3
MinModeTranslate:    4  16:39:36   -12455.613500       7.1488     0.100000    -1.094466          3
MinModeTranslate:    5  16:39:36   -12456.604130       6.0410     --------    -0.029940          3
MinModeTranslate:    5  16:39:36   -12456.604130       6.0410     0.100000    -0.029940          3
MinModeTranslate:    6  16:39:36   -12457.305035       4.7357     --------    -0.028229          3
MinModeTranslate:    6  16:39:37   -12457.305035       4.7357     0.100000    -0.028229          3
MinModeTranslate:    7  16:39:37   -12457.833879       3.7365     --------    -0.136052          3
MinModeTranslate:    7  16:39:37   -12457.833879       3.7365     0.100000    -0.136052          3
MinModeTranslate:    8  16:39:37   -12458.267949       0.1323     --------     0.293833          3
MinModeTranslate:    8  16:39:37   -12458.267949       0.1323     0.100000     0.293833          3
MinModeTranslate:    9  16:39:37   -12458.259001       0.2193     --------     0.590735          3
MinModeTranslate:    9  16:39:37   -12458.259001       0.2193     0.100000     0.590735          3
MinModeTranslate:   10  16:39:37   -12458.227828       0.3034     --------     0.937904          3
MinModeTranslate:   10  16:39:37   -12458.227828       0.3034     0.100000     0.937904          3
MinModeTranslate:   11  16:39:37   -12458.176788       0.4354     --------     0.849463          3
MinModeTranslate:   11  16:39:37   -12458.176788       0.4354     0.100000     0.849463          3
MinModeTranslate:   12  16:39:37   -12458.104395       0.5312     --------     0.499262          3
MinModeTranslate:   12  16:39:37   -12458.104395       0.5312     0.100000     0.499262          3
MinModeTranslate:   13  16:39:37   -12458.012870       2.7028     --------    -0.000601          3
MinModeTranslate:   13  16:39:37   -12458.012870       2.7028     0.100000    -0.000601          3
MinModeTranslate:   14  16:39:37   -12457.969251       0.7285     --------     0.159116          3
MinModeTranslate:   14  16:39:37   -12457.969251       0.7285     0.100000     0.159116          3
MinModeTranslate:   15  16:39:37   -12457.849558       0.6880     --------     1.395118          3
MinModeTranslate:   15  16:39:37   -12457.849558       0.6880     0.100000     1.395118          3
MinModeTranslate:   16  16:39:37   -12457.712547       0.5271     --------     1.641456          3
MinModeTranslate:   16  16:39:37   -12457.712547       0.5271     0.100000     1.641456          3
MinModeTranslate:   17  16:39:37   -12457.606666       0.4701     --------     1.604831          3
MinModeTranslate:   17  16:39:37   -12457.606666       0.4701     0.100000     1.604831          3
MinModeTranslate:   18  16:39:37   -12457.509340       0.4084     --------     1.650355          3
MinModeTranslate:   18  16:39:37   -12457.509340       0.4084     0.100000     1.650355          3
MinModeTranslate:   19  16:39:37   -12457.419518       0.3461     --------     1.573600          3
MinModeTranslate:   19  16:39:37   -12457.419518       0.3461     0.100000     1.573600          3
MinModeTranslate:   20  16:39:38   -12457.336468       0.3111     --------     1.376480          3
MinModeTranslate:   20  16:39:38   -12457.336468       0.3111     0.100000     1.376480          3
MinModeTranslate:   21  16:39:38   -12457.256647       0.2323     --------     0.973731          3
MinModeTranslate:   21  16:39:38   -12457.256647       0.2323     0.100000     0.973731          3
MinModeTranslate:   22  16:39:38   -12457.189473       0.2116     --------     0.626832          3
MinModeTranslate:   22  16:39:38   -12457.189473       0.2116     0.100000     0.626832          3
MinModeTranslate:   23  16:39:38   -12457.129469       0.1601     --------     0.253570          3
MinModeTranslate:   23  16:39:38   -12457.129469       0.1601     0.100000     0.253570          3
MinModeTranslate:   24  16:39:38   -12457.085876       0.1381     --------     0.040176          3
MinModeTranslate:   24  16:39:38   -12457.085876       0.1381     0.100000     0.040176          3
MinModeTranslate:   25  16:39:38   -12457.049455       2.6124     --------    -0.158053          3
MinModeTranslate:   25  16:39:38   -12457.049455       2.6124     0.100000    -0.158053          3
MinModeTranslate:   26  16:39:38   -12457.049032       2.5134     --------    -0.261639          3
MinModeTranslate:   26  16:39:38   -12457.049032       2.5134     0.100000    -0.261639          3
MinModeTranslate:   27  16:39:38   -12457.460716       1.9298     --------    -0.267811          3
MinModeTranslate:   27  16:39:38   -12457.460716       1.9298     0.100000    -0.267811          3
MinModeTranslate:   28  16:39:38   -12457.760605       2.5528     --------    -0.257737          3
MinModeTranslate:   28  16:39:38   -12457.760605       2.5528     0.100000    -0.257737          3
MinModeTranslate:   29  16:39:38   -12458.085488       1.8001     --------    -0.192513          3
MinModeTranslate:   29  16:39:38   -12458.085488       1.8001     0.100000    -0.192513          3
MinModeTranslate:   30  16:39:38   -12458.361389       1.5898     --------    -0.156043          3
MinModeTranslate:   30  16:39:38   -12458.361389       1.5898     0.100000    -0.156043          3
MinModeTranslate:   31  16:39:38   -12458.557719       2.5858     --------    -0.124606          3
MinModeTranslate:   31  16:39:38   -12458.557719       2.5858     0.100000    -0.124606          3
MinModeTranslate:   32  16:39:38   -12458.769126       0.9260     --------    -0.084795          3
MinModeTranslate:   32  16:39:38   -12458.769126       0.9260     0.051862    -0.084795          3
MinModeTranslate:   33  16:39:39   -12458.823912       2.0152     --------    -0.081902          3
MinModeTranslate:   33  16:39:39   -12458.823912       2.0152     0.100000    -0.081902          3
MinModeTranslate:   34  16:39:39   -12458.988745       1.0589     --------    -0.080270          3
MinModeTranslate:   34  16:39:39   -12458.988745       1.0589     0.029663    -0.080270          3
MinModeTranslate:   35  16:39:39   -12459.017899       1.3080     --------    -0.081596          3
MinModeTranslate:   35  16:39:39   -12459.017899       1.3080     0.100000    -0.081596          3
MinModeTranslate:   36  16:39:39   -12459.131208       1.1424     --------    -0.056556          3
MinModeTranslate:   36  16:39:39   -12459.131208       1.1424     0.048309    -0.056556          3
MinModeTranslate:   37  16:39:39   -12459.189126       1.4273     --------    -0.075845          3
MinModeTranslate:   37  16:39:39   -12459.189126       1.4273     0.100000    -0.075845          3
MinModeTranslate:   38  16:39:39   -12459.268355       1.2955     --------    -0.154920          3
MinModeTranslate:   38  16:39:39   -12459.268355       1.2955     0.100000    -0.154920          3
MinModeTranslate:   39  16:39:39   -12459.388221       1.3410     --------    -0.100103          3
MinModeTranslate:   39  16:39:39   -12459.388221       1.3410     0.050437    -0.100103          3
MinModeTranslate:   40  16:39:39   -12459.444245       1.1175     --------    -0.063494          3
MinModeTranslate:   40  16:39:39   -12459.444245       1.1175     0.099502    -0.063494          3
MinModeTranslate:   41  16:39:39   -12459.494315       1.5528     --------    -0.068007          3
MinModeTranslate:   41  16:39:39   -12459.494315       1.5528     0.100000    -0.068007          3
MinModeTranslate:   42  16:39:39   -12459.574532       1.3825     --------    -0.064687          3
MinModeTranslate:   42  16:39:39   -12459.574532       1.3825     0.057200    -0.064687          3
MinModeTranslate:   43  16:39:39   -12459.638091       0.8704     --------    -0.026742          3
MinModeTranslate:   43  16:39:39   -12459.638091       0.8704     0.046730    -0.026742          3
MinModeTranslate:   44  16:39:39   -12459.658565       0.7650     --------    -0.035702          3
MinModeTranslate:   44  16:39:39   -12459.658565       0.7650     0.100000    -0.035702          3
MinModeTranslate:   45  16:39:40   -12459.701703       0.9347     --------    -0.066618          3
MinModeTranslate:   45  16:39:40   -12459.701703       0.9347     0.075786    -0.066618          3
MinModeTranslate:   46  16:39:40   -12459.739297       0.9501     --------    -0.008837          3
MinModeTranslate:   46  16:39:40   -12459.739297       0.9501     0.100000    -0.008837          3
MinModeTranslate:   47  16:39:40   -12459.776358       0.0059     --------     0.035368          3
MinModeTranslate:   47  16:39:40   -12459.776358       0.0059     0.100000     0.035368          3
MinModeTranslate:   48  16:39:40   -12459.774616       0.0062     --------     0.029140          3
MinModeTranslate:   48  16:39:40   -12459.774616       0.0062     0.100000     0.029140          3
MinModeTranslate:   49  16:39:40   -12459.772822       0.0058     --------     0.025096          3
MinModeTranslate:   49  16:39:40   -12459.772822       0.0058     0.100000     0.025096          3
MinModeTranslate:   50  16:39:40   -12459.771150       0.0056     --------     0.020291          3
MinModeTranslate:   50  16:39:40   -12459.771150       0.0056     0.100000     0.020291          3
MinModeTranslate:   51  16:39:40   -12459.769555       0.0050     --------     0.015551          3
MinModeTranslate:   51  16:39:40   -12459.769555       0.0050     0.100000     0.015551          3
MinModeTranslate:   52  16:39:40   -12459.768117       0.0045     --------     0.010941          3
MinModeTranslate:   52  16:39:40   -12459.768117       0.0045     0.100000     0.010941          3
MinModeTranslate:   53  16:39:40   -12459.766831       0.0037     --------     0.006662          3
MinModeTranslate:   53  16:39:40   -12459.766831       0.0037     0.100000     0.006662          3
MinModeTranslate:   54  16:39:40   -12459.765785       0.0030     --------     0.003238          3
MinModeTranslate:   54  16:39:40   -12459.765785       0.0030     0.100000     0.003238          3
MinModeTranslate:   55  16:39:40   -12459.764940       0.0021     --------     0.001992          3
MinModeTranslate:   55  16:39:40   -12459.764940       0.0021     0.100000     0.001992          3
MinModeTranslate:   56  16:39:40   -12459.764355       0.0014     --------     0.003161          3
MinModeTranslate:   56  16:39:40   -12459.764355       0.0014     0.100000     0.003161          3
MinModeTranslate:   57  16:39:40   -12459.763959       0.0004     --------     0.007301          3
MinModeTranslate:   57  16:39:40   -12459.763959       0.0004     0.100000     0.007301          3
MinModeTranslate:   58  16:39:40   -12459.763788       0.0000     --------     0.014314          3
MinModeTranslate:   58  16:39:40   -12459.763788       0.0000     0.100000     0.014314          3
MinModeTranslate:   59  16:39:40   -12459.763680       0.0004     --------     0.023413          3
MinModeTranslate:   59  16:39:40   -12459.763680       0.0004     0.100000     0.023413          3
MinModeTranslate:   60  16:39:41   -12459.763210       0.0001     --------     0.035811          3
MinModeTranslate:   60  16:39:41   -12459.763210       0.0001     0.100000     0.035811          3
MinModeTranslate:   61  16:39:41   -12459.763036       0.0005     --------     0.020764          3
MinModeTranslate:   61  16:39:41   -12459.763036       0.0005     0.100000     0.020764          3
MinModeTranslate:   62  16:39:41   -12459.762541       0.0017     --------     0.009712          3
MinModeTranslate:   62  16:39:41   -12459.762541       0.0017     0.100000     0.009712          3
MinModeTranslate:   63  16:39:41   -12459.761758       0.0031     --------     0.003360          3
MinModeTranslate:   63  16:39:41   -12459.761758       0.0031     0.100000     0.003360          3
MinModeTranslate:   64  16:39:41   -12459.760560       0.0049     --------     0.002363          3
MinModeTranslate:   64  16:39:41   -12459.760560       0.0049     0.100000     0.002363          3
MinModeTranslate:   65  16:39:41   -12459.758564       0.0067     --------     0.007315          3
MinModeTranslate:   65  16:39:41   -12459.758564       0.0067     0.100000     0.007315          3
MinModeTranslate:   66  16:39:41   -12459.753707       0.0085     --------     0.019984          3
MinModeTranslate:   66  16:39:41   -12459.753707       0.0085     0.100000     0.019984          3
MinModeTranslate:   67  16:39:41   -12459.734668       0.0071     --------     0.033509          3
MinModeTranslate:   67  16:39:41   -12459.734668       0.0071     0.100000     0.033509          3
MinModeTranslate:   68  16:39:41   -12459.732570       0.0065     --------     0.030670          3
MinModeTranslate:   68  16:39:41   -12459.732570       0.0065     0.100000     0.030670          3
MinModeTranslate:   69  16:39:41   -12459.730638       0.0051     --------     0.032762          3
MinModeTranslate:   69  16:39:41   -12459.730638       0.0051     0.100000     0.032762          3
MinModeTranslate:   70  16:39:41   -12459.729057       0.0043     --------     0.038633          3
MinModeTranslate:   70  16:39:41   -12459.729057       0.0043     0.100000     0.038633          3
MinModeTranslate:   71  16:39:41   -12459.727650       0.0035     --------     0.047825          3
MinModeTranslate:   71  16:39:41   -12459.727650       0.0035     0.100000     0.047825          3
MinModeTranslate:   72  16:39:41   -12459.726436       0.0034     --------     0.058680          3
MinModeTranslate:   72  16:39:41   -12459.726436       0.0034     0.100000     0.058680          3
MinModeTranslate:   73  16:39:41   -12459.725179       0.0034     --------     0.069871          3
MinModeTranslate:   73  16:39:41   -12459.725179       0.0034     0.100000     0.069871          3
MinModeTranslate:   74  16:39:42   -12459.723859       0.0044     --------     0.080679          3
MinModeTranslate:   74  16:39:42   -12459.723859       0.0044     0.100000     0.080679          3
MinModeTranslate:   75  16:39:42   -12459.722121       0.0052     --------     0.090856          3
MinModeTranslate:   75  16:39:42   -12459.722121       0.0052     0.100000     0.090856          3
MinModeTranslate:   76  16:39:42   -12459.720037       0.0070     --------     0.099664          3
MinModeTranslate:   76  16:39:42   -12459.720037       0.0070     0.100000     0.099664          3
MinModeTranslate:   77  16:39:42   -12459.717375       0.0086     --------     0.107473          3
MinModeTranslate:   77  16:39:42   -12459.717375       0.0086     0.100000     0.107473          3
MinModeTranslate:   78  16:39:42   -12459.714239       0.0108     --------     0.113261          3
MinModeTranslate:   78  16:39:42   -12459.714239       0.0108     0.100000     0.113261          3
MinModeTranslate:   79  16:39:42   -12459.710479       0.0127     --------     0.117099          3
MinModeTranslate:   79  16:39:42   -12459.710479       0.0127     0.100000     0.117099          3
MinModeTranslate:   80  16:39:42   -12459.706189       0.0150     --------     0.118891          3
MinModeTranslate:   80  16:39:42   -12459.706189       0.0150     0.100000     0.118891          3
MinModeTranslate:   81  16:39:42   -12459.701295       0.0170     --------     0.119940          3
MinModeTranslate:   81  16:39:42   -12459.701295       0.0170     0.100000     0.119940          3
MinModeTranslate:   82  16:39:42   -12459.695862       0.0191     --------     0.120538          3
MinModeTranslate:   82  16:39:42   -12459.695862       0.0191     0.100000     0.120538          3
MinModeTranslate:   83  16:39:42   -12459.689867       0.0210     --------     0.121101          3
MinModeTranslate:   83  16:39:42   -12459.689867       0.0210     0.100000     0.121101          3
MinModeTranslate:   84  16:39:42   -12459.683351       0.0229     --------     0.120401          3
MinModeTranslate:   84  16:39:42   -12459.683351       0.0229     0.100000     0.120401          3
MinModeTranslate:   85  16:39:42   -12459.676330       0.0247     --------     0.117715          3
MinModeTranslate:   85  16:39:42   -12459.676330       0.0247     0.100000     0.117715          3
MinModeTranslate:   86  16:39:42   -12459.668850       0.0263     --------     0.111867          3
MinModeTranslate:   86  16:39:42   -12459.668850       0.0263     0.100000     0.111867          3
MinModeTranslate:   87  16:39:42   -12459.660983       0.0276     --------     0.103832          3
MinModeTranslate:   87  16:39:42   -12459.660983       0.0276     0.100000     0.103832          3
MinModeTranslate:   88  16:39:42   -12459.652828       0.0286     --------     0.093372          3
MinModeTranslate:   88  16:39:42   -12459.652828       0.0286     0.100000     0.093372          3
MinModeTranslate:   89  16:39:43   -12459.644450       0.0290     --------     0.080194          3
MinModeTranslate:   89  16:39:43   -12459.644450       0.0290     0.100000     0.080194          3
MinModeTranslate:   90  16:39:43   -12459.636048       0.0292     --------     0.063905          3
MinModeTranslate:   90  16:39:43   -12459.636048       0.0292     0.100000     0.063905          3
MinModeTranslate:   91  16:39:43   -12459.627699       0.0285     --------     0.044913          3
MinModeTranslate:   91  16:39:43   -12459.627699       0.0285     0.100000     0.044913          3
MinModeTranslate:   92  16:39:43   -12459.619625       0.0275     --------     0.026106          3
MinModeTranslate:   92  16:39:43   -12459.619625       0.0275     0.100000     0.026106          3
MinModeTranslate:   93  16:39:43   -12459.611930       0.0256     --------     0.011867          3
MinModeTranslate:   93  16:39:43   -12459.611930       0.0256     0.100000     0.011867          3
MinModeTranslate:   94  16:39:43   -12459.604788       0.0237     --------     0.005982          3
MinModeTranslate:   94  16:39:43   -12459.604788       0.0237     0.100000     0.005982          3
MinModeTranslate:   95  16:39:43   -12459.598180       0.0217     --------     0.010043          3
MinModeTranslate:   95  16:39:43   -12459.598180       0.0217     0.100000     0.010043          3
MinModeTranslate:   96  16:39:43   -12459.592078       0.0202     --------     0.021609          3
MinModeTranslate:   96  16:39:43   -12459.592078       0.0202     0.100000     0.021609          3
MinModeTranslate:   97  16:39:43   -12459.586336       0.0192     --------     0.036096          3
MinModeTranslate:   97  16:39:43   -12459.586336       0.0192     0.100000     0.036096          3
MinModeTranslate:   98  16:39:43   -12459.580773       0.0186     --------     0.048904          3
MinModeTranslate:   98  16:39:43   -12459.580773       0.0186     0.100000     0.048904          3
MinModeTranslate:   99  16:39:43   -12459.575301       0.0188     --------     0.057081          3
MinModeTranslate:   99  16:39:43   -12459.575301       0.0188     0.100000     0.057081          3
MinModeTranslate:  100  16:39:43   -12459.569748       0.0188     --------     0.058074          3
MinModeTranslate:  100  16:39:43   -12459.569748       0.0188     0.100000     0.058074          3
MinModeTranslate:  101  16:39:43   -12459.564155       0.0192     --------     0.053515          3
MinModeTranslate:  101  16:39:43   -12459.564155       0.0192     0.100000     0.053515          3
MinModeTranslate:  102  16:39:43   -12459.558471       0.0191     --------     0.045132          3
MinModeTranslate:  102  16:39:43   -12459.558471       0.0191     0.100000     0.045132          3
MinModeTranslate:  103  16:39:43   -12459.552853       0.0190     --------     0.036856          3
MinModeTranslate:  103  16:39:44   -12459.552853       0.0190     0.100000     0.036856          3
MinModeTranslate:  104  16:39:44   -12459.547305       0.0184     --------     0.029140          3
MinModeTranslate:  104  16:39:44   -12459.547305       0.0184     0.100000     0.029140          3
MinModeTranslate:  105  16:39:44   -12459.541971       0.0178     --------     0.022914          3
MinModeTranslate:  105  16:39:44   -12459.541971       0.0178     0.100000     0.022914          3
MinModeTranslate:  106  16:39:44   -12459.536824       0.0168     --------     0.017330          3
MinModeTranslate:  106  16:39:44   -12459.536824       0.0168     0.100000     0.017330          3
MinModeTranslate:  107  16:39:44   -12459.531992       0.0158     --------     0.014559          3
MinModeTranslate:  107  16:39:44   -12459.531992       0.0158     0.100000     0.014559          3
MinModeTranslate:  108  16:39:44   -12459.527418       0.0148     --------     0.014001          3
MinModeTranslate:  108  16:39:44   -12459.527418       0.0148     0.100000     0.014001          3
MinModeTranslate:  109  16:39:44   -12459.523137       0.0139     --------     0.014935          3
MinModeTranslate:  109  16:39:44   -12459.523137       0.0139     0.100000     0.014935          3
MinModeTranslate:  110  16:39:44   -12459.519104       0.0129     --------     0.013562          3
MinModeTranslate:  110  16:39:44   -12459.519104       0.0129     0.100000     0.013562          3
MinModeTranslate:  111  16:39:44   -12459.515352       0.0118     --------     0.008578          3
MinModeTranslate:  111  16:39:44   -12459.515352       0.0118     0.100000     0.008578          3
MinModeTranslate:  112  16:39:44   -12459.511943       0.0104     --------     0.000196          3
MinModeTranslate:  112  16:39:44   -12459.511943       0.0104     0.100000     0.000196          3
MinModeTranslate:  113  16:39:44   -12459.508981       1.3779     --------    -0.005720          3
MinModeTranslate:  113  16:39:44   -12459.508981       1.3779     0.100000    -0.005720          3
MinModeTranslate:  114  16:39:44   -12459.508980       1.3650     --------    -0.005016          3
MinModeTranslate:  114  16:39:44   -12459.508980       1.3650     0.038364    -0.005016          3
MinModeTranslate:  115  16:39:44   -12459.560986       1.0033     --------    -0.032455          3
MinModeTranslate:  115  16:39:44   -12459.560986       1.0033     0.025518    -0.032455          3
MinModeTranslate:  116  16:39:44   -12459.577744       0.5002     --------    -0.043067          3
MinModeTranslate:  116  16:39:44   -12459.577744       0.5002     0.023395    -0.043067          3
MinModeTranslate:  117  16:39:44   -12459.588970       0.4423     --------    -0.051956          3
MinModeTranslate:  117  16:39:44   -12459.588970       0.4423     0.021731    -0.051956          3
MinModeTranslate:  118  16:39:44   -12459.595370       0.3603     --------    -0.059222          3
MinModeTranslate:  118  16:39:44   -12459.595370       0.3603     0.018633    -0.059222          3
MinModeTranslate:  119  16:39:44   -12459.599373       0.3689     --------    -0.060211          3
MinModeTranslate:  119  16:39:44   -12459.599373       0.3689     0.038578    -0.060211          3
MinModeTranslate:  120  16:39:45   -12459.606655       0.3794     --------    -0.066283          3
MinModeTranslate:  120  16:39:45   -12459.606655       0.3794     0.039617    -0.066283          3
MinModeTranslate:  121  16:39:45   -12459.612873       0.3678     --------    -0.071935          3
MinModeTranslate:  121  16:39:45   -12459.612873       0.3678     0.025584    -0.071935          3
MinModeTranslate:  122  16:39:45   -12459.616672       0.3392     --------    -0.071400          3
MinModeTranslate:  122  16:39:45   -12459.616672       0.3392     0.086114    -0.071400          3
MinModeTranslate:  123  16:39:45   -12459.627870       0.4959     --------    -0.071603          3
MinModeTranslate:  123  16:39:45   -12459.627870       0.4959     0.094350    -0.071603          3
MinModeTranslate:  124  16:39:45   -12459.639138       0.4266     --------    -0.075999          3
MinModeTranslate:  124  16:39:45   -12459.639138       0.4266     0.053123    -0.075999          3
MinModeTranslate:  125  16:39:45   -12459.646030       0.4855     --------    -0.070949          3
MinModeTranslate:  125  16:39:45   -12459.646030       0.4855     0.086246    -0.070949          3
MinModeTranslate:  126  16:39:45   -12459.657161       0.4895     --------    -0.060241          3
MinModeTranslate:  126  16:39:45   -12459.657161       0.4895     0.097403    -0.060241          3
MinModeTranslate:  127  16:39:45   -12459.668367       0.3120     --------    -0.052114          3
MinModeTranslate:  127  16:39:45   -12459.668367       0.3120     0.057721    -0.052114          3
MinModeTranslate:  128  16:39:45   -12459.674485       0.3427     --------    -0.047316          3
MinModeTranslate:  128  16:39:45   -12459.674485       0.3427     0.066309    -0.047316          3
MinModeTranslate:  129  16:39:45   -12459.680827       0.5867     --------    -0.049636          3
MinModeTranslate:  129  16:39:45   -12459.680827       0.5867     0.100000    -0.049636          3
MinModeTranslate:  130  16:39:45   -12459.691486       0.3064     --------    -0.048546          3
MinModeTranslate:  130  16:39:45   -12459.691486       0.3064     0.042086    -0.048546          3
MinModeTranslate:  131  16:39:45   -12459.697461       0.2744     --------    -0.045486          3
MinModeTranslate:  131  16:39:45   -12459.697461       0.2744     0.037751    -0.045486          3
MinModeTranslate:  132  16:39:45   -12459.701414       0.3895     --------    -0.044711          3
MinModeTranslate:  132  16:39:45   -12459.701414       0.3895     0.090473    -0.044711          3
MinModeTranslate:  133  16:39:45   -12459.710857       0.3139     --------    -0.029176          3
MinModeTranslate:  133  16:39:45   -12459.710857       0.3139     0.097752    -0.029176          3
MinModeTranslate:  134  16:39:45   -12459.720206       0.3969     --------    -0.022868          3
MinModeTranslate:  134  16:39:45   -12459.720206       0.3969     0.100000    -0.022868          3
MinModeTranslate:  135  16:39:46   -12459.732010       0.4897     --------    -0.010522          3
MinModeTranslate:  135  16:39:46   -12459.732010       0.4897     0.032127    -0.010522          3
MinModeTranslate:  136  16:39:46   -12459.736925       0.0044     --------     0.001184          3
MinModeTranslate:  136  16:39:46   -12459.736925       0.0044     0.100000     0.001184          3
MinModeTranslate:  137  16:39:46   -12459.735603       0.0047     --------     0.020834          3
MinModeTranslate:  137  16:39:46   -12459.735603       0.0047     0.100000     0.020834          3
MinModeTranslate:  138  16:39:46   -12459.734120       0.0054     --------     0.028969          3
MinModeTranslate:  138  16:39:46   -12459.734120       0.0054     0.100000     0.028969          3
MinModeTranslate:  139  16:39:46   -12459.732397       0.0064     --------     0.027857          3
MinModeTranslate:  139  16:39:46   -12459.732397       0.0064     0.100000     0.027857          3
MinModeTranslate:  140  16:39:46   -12459.730393       0.0071     --------     0.022540          3
MinModeTranslate:  140  16:39:46   -12459.730393       0.0071     0.100000     0.022540          3
MinModeTranslate:  141  16:39:46   -12459.728215       0.0078     --------     0.017597          3
MinModeTranslate:  141  16:39:46   -12459.728215       0.0078     0.100000     0.017597          3
MinModeTranslate:  142  16:39:46   -12459.725857       0.0083     --------     0.015802          3
MinModeTranslate:  142  16:39:46   -12459.725857       0.0083     0.100000     0.015802          3
MinModeTranslate:  143  16:39:46   -12459.723390       0.0088     --------     0.016112          3
MinModeTranslate:  143  16:39:46   -12459.723390       0.0088     0.100000     0.016112          3
MinModeTranslate:  144  16:39:46   -12459.720773       0.0092     --------     0.018244          3
MinModeTranslate:  144  16:39:46   -12459.720773       0.0092     0.100000     0.018244          3
MinModeTranslate:  145  16:39:46   -12459.718050       0.0098     --------     0.016548          3
MinModeTranslate:  145  16:39:46   -12459.718050       0.0098     0.100000     0.016548          3
MinModeTranslate:  146  16:39:46   -12459.715157       0.0101     --------     0.012396          3
MinModeTranslate:  146  16:39:46   -12459.715157       0.0101     0.100000     0.012396          3
MinModeTranslate:  147  16:39:46   -12459.712226       0.0104     --------     0.006026          3
MinModeTranslate:  147  16:39:46   -12459.712226       0.0104     0.100000     0.006026          3
MinModeTranslate:  148  16:39:46   -12459.709251       0.3343     --------    -0.001997          3
MinModeTranslate:  148  16:39:46   -12459.709251       0.3343     0.100000    -0.001997          3
MinModeTranslate:  149  16:39:46   -12459.708154       0.1280     --------    -0.011830          3
MinModeTranslate:  149  16:39:46   -12459.708154       0.1280     0.035615    -0.011830          3
MinModeTranslate:  150  16:39:46   -12459.710080       0.3051     --------    -0.015588          3
MinModeTranslate:  150  16:39:46   -12459.710080       0.3051     0.023236    -0.015588          3
MinModeTranslate:  151  16:39:46   -12459.710816       0.1531     --------    -0.020152          3
MinModeTranslate:  151  16:39:47   -12459.710816       0.1531     0.014804    -0.020152          3
MinModeTranslate:  152  16:39:47   -12459.711528       0.1323     --------    -0.018665          3
MinModeTranslate:  152  16:39:47   -12459.711528       0.1323     0.023630    -0.018665          3
MinModeTranslate:  153  16:39:47   -12459.712489       0.1767     --------    -0.019008          1
MinModeTranslate:  153  16:39:47   -12459.712489       0.1767     0.024885    -0.019008          1
MinModeTranslate:  154  16:39:47   -12459.713369       0.1569     --------    -0.017195          2
MinModeTranslate:  154  16:39:47   -12459.713369       0.1569     0.015147    -0.017195          2
MinModeTranslate:  155  16:39:47   -12459.713845       0.1753     --------    -0.020198          2
MinModeTranslate:  155  16:39:47   -12459.713845       0.1753     0.023645    -0.020198          2
MinModeTranslate:  156  16:39:47   -12459.714524       0.1349     --------    -0.022060          2
MinModeTranslate:  156  16:39:47   -12459.714524       0.1349     0.019729    -0.022060          2
MinModeTranslate:  157  16:39:47   -12459.715043       0.1363     --------    -0.024025          2
MinModeTranslate:  157  16:39:47   -12459.715043       0.1363     0.018550    -0.024025          2
MinModeTranslate:  158  16:39:47   -12459.715451       0.2009     --------    -0.024384          2
MinModeTranslate:  158  16:39:47   -12459.715451       0.2009     0.036112    -0.024384          2
MinModeTranslate:  159  16:39:47   -12459.716220       0.1386     --------    -0.022130          3
MinModeTranslate:  159  16:39:47   -12459.716220       0.1386     0.031424    -0.022130          3
MinModeTranslate:  160  16:39:47   -12459.716857       0.1268     --------    -0.023249          3
