MinModeTranslate: STEP      TIME          ENERGY    MAX-FORCE     STEPSIZE    CURVATURE  ROT-STEPS
MinModeTranslate:    0  15:45:59    -9342.437182       3.1105     --------     5.048631          3
MinModeTranslate:    0  15:45:59    -9342.437182       3.1105     0.100000     5.048631          3
MinModeTranslate:    1  15:45:59    -9342.018136       3.1749     --------     3.137424          3
MinModeTranslate:    1  15:45:59    -9342.018136       3.1749     0.100000     3.137424          3
MinModeTranslate:    2  15:45:59    -9341.616248       5.8752     --------    -3.137353          3
MinModeTranslate:    2  15:46:00    -9341.616248       5.8752     0.100000    -3.137353          3
MinModeTranslate:    3  15:46:00    -9341.534501       5.8172     --------    -3.880738          3
MinModeTranslate:    3  15:46:00    -9341.534501       5.8172     0.100000    -3.880738          3
MinModeTranslate:    4  15:46:00    -9342.170141       5.1241     --------    -4.238597          3
MinModeTranslate:    4  15:46:00    -9342.170141       5.1241     0.100000    -4.238597          3
MinModeTranslate:    5  15:46:00    -9342.512853       4.5940     --------    -1.682534          3
MinModeTranslate:    5  15:46:00    -9342.512853       4.5940     0.100000    -1.682534          3
MinModeTranslate:    6  15:46:00    -9342.564680       3.8065     --------     2.115800          3
MinModeTranslate:    6  15:46:00    -9342.564680       3.8065     0.100000     2.115800          3
MinModeTranslate:    7  15:46:00    -9342.117681       3.5502     --------     2.406192          3
MinModeTranslate:    7  15:46:00    -9342.117681       3.5502     0.100000     2.406192          3
MinModeTranslate:    8  15:46:00    -9341.701102       4.5156     --------    -0.828246          3
MinModeTranslate:    8  15:46:00    -9341.701102       4.5156     0.100000    -0.828246          3
MinModeTranslate:    9  15:46:00    -9341.515579       4.5323     --------    -8.280572          3
MinModeTranslate:    9  15:46:00    -9341.515579       4.5323     0.100000    -8.280572          3
MinModeTranslate:   10  15:46:00    -9341.426352       3.5608     --------   -10.204698          3
MinModeTranslate:   10  15:46:00    -9341.426352       3.5608     0.100000   -10.204698          3
MinModeTranslate:   11  15:46:00    -9341.245015       2.6220     --------   -17.300630          3
MinModeTranslate:   11  15:46:00    -9341.245015       2.6220     0.094671   -17.300630          3
MinModeTranslate:   12  15:46:00    -9341.104651       2.9571     --------   -33.976620          3
MinModeTranslate:   12  15:46:00    -9341.104651       2.9571     0.078150   -33.976620          3
MinModeTranslate:   13  15:46:00    -9341.180178       1.4152     --------   -14.745777          3
MinModeTranslate:   13  15:46:01    -9341.180178       1.4152     0.022583   -14.745777          3
MinModeTranslate:   14  15:46:01    -9341.202138       0.7185     --------   -15.326295          3
MinModeTranslate:   14  15:46:01    -9341.202138       0.7185     0.100000   -15.326295          3
MinModeTranslate:   15  15:46:01    -9341.264349       0.8591     --------   -20.646319          3
MinModeTranslate:   15  15:46:01    -9341.264349       0.8591     0.048105   -20.646319          3
MinModeTranslate:   16  15:46:01    -9341.302162       1.2621     --------   -21.369331          3
MinModeTranslate:   16  15:46:01    -9341.302162       1.2621     0.083015   -21.369331          3
MinModeTranslate:   17  15:46:01    -9341.345905       0.9836     --------   -21.434163          3
MinModeTranslate:   17  15:46:01    -9341.345905       0.9836     0.100000   -21.434163          3
MinModeTranslate:   18  15:46:01    -9341.407625       1.3307     --------   -22.150348          3
MinModeTranslate:   18  15:46:01    -9341.407625       1.3307     0.052799   -22.150348          3
MinModeTranslate:   19  15:46:01    -9341.443396       0.8954     --------   -23.578692          3
MinModeTranslate:   19  15:46:01    -9341.443396       0.8954     0.100000   -23.578692          3
MinModeTranslate:   20  15:46:01    -9341.495174       1.0158     --------   -27.513966          3
MinModeTranslate:   20  15:46:01    -9341.495174       1.0158     0.098784   -27.513966          3
MinModeTranslate:   21  15:46:01    -9341.551177       2.1636     --------   -31.731296          3
MinModeTranslate:   21  15:46:01    -9341.551177       2.1636     0.100000   -31.731296          3
MinModeTranslate:   22  15:46:01    -9341.604303       2.6717     --------   -39.531107          3
MinModeTranslate:   22  15:46:01    -9341.604303       2.6717     0.051316   -39.531107          3
MinModeTranslate:   23  15:46:01    -9341.678237       0.7351     --------   -40.588661          3
MinModeTranslate:   23  15:46:01    -9341.678237       0.7351     0.100000   -40.588661          3
MinModeTranslate:   24  15:46:02    -9341.765423       1.3115     --------   -37.474415          3
MinModeTranslate:   24  15:46:02    -9341.765423       1.3115     0.100000   -37.474415          3
MinModeTranslate:   25  15:46:02    -9341.863661       1.1741     --------   -34.180769          3
MinModeTranslate:   25  15:46:02    -9341.863661       1.1741     0.057938   -34.180769          3
MinModeTranslate:   26  15:46:02    -9341.913011       0.6939     --------   -35.282376          3
MinModeTranslate:   26  15:46:02    -9341.913011       0.6939     0.072937   -35.282376          3
MinModeTranslate:   27  15:46:02    -9341.943240       1.1715     --------   -34.619674          3
MinModeTranslate:   27  15:46:02    -9341.943240       1.1715     0.100000   -34.619674          3
MinModeTranslate:   28  15:46:02    -9342.011287       0.7138     --------   -32.274794          3
MinModeTranslate:   28  15:46:02    -9342.011287       0.7138     0.025507   -32.274794          3
MinModeTranslate:   29  15:46:02    -9342.024477       0.4142     --------   -32.805001          3
MinModeTranslate:   29  15:46:02    -9342.024477       0.4142     0.042895   -32.805001          3
MinModeTranslate:   30  15:46:02    -9342.040101       0.6952     --------   -33.448635          3
MinModeTranslate:   30  15:46:02    -9342.040101       0.6952     0.034376   -33.448635          3
MinModeTranslate:   31  15:46:02    -9342.055015       0.4149     --------   -33.101697          3
MinModeTranslate:   31  15:46:02    -9342.055015       0.4149     0.100000   -33.101697          3
MinModeTranslate:   32  15:46:02    -9342.074885       0.9036     --------   -29.746331          3
MinModeTranslate:   32  15:46:02    -9342.074885       0.9036     0.100000   -29.746331          3
MinModeTranslate:   33  15:46:02    -9342.110844       0.3865     --------   -28.025986          3
MinModeTranslate:   33  15:46:02    -9342.110844       0.3865     0.052819   -28.025986          3
MinModeTranslate:   34  15:46:02    -9342.119298       0.5690     --------   -31.762404          3
MinModeTranslate:   34  15:46:02    -9342.119298       0.5690     0.041557   -31.762404          3
MinModeTranslate:   35  15:46:02    -9342.134092       0.4086     --------   -34.000162          3
MinModeTranslate:   35  15:46:03    -9342.134092       0.4086     0.045440   -34.000162          3
MinModeTranslate:   36  15:46:03    -9342.141958       0.3508     --------   -33.128666          3
MinModeTranslate:   36  15:46:03    -9342.141958       0.3508     0.074028   -33.128666          3
MinModeTranslate:   37  15:46:03    -9342.152631       0.5081     --------   -29.619448          3
MinModeTranslate:   37  15:46:03    -9342.152631       0.5081     0.053236   -29.619448          3
MinModeTranslate:   38  15:46:03    -9342.165020       0.3182     --------   -28.208881          3
MinModeTranslate:   38  15:46:03    -9342.165020       0.3182     0.054964   -28.208881          3
MinModeTranslate:   39  15:46:03    -9342.170644       0.4775     --------   -28.670197          3
MinModeTranslate:   39  15:46:03    -9342.170644       0.4775     0.062565   -28.670197          3
MinModeTranslate:   40  15:46:03    -9342.179495       0.3769     --------   -29.375396          3
MinModeTranslate:   40  15:46:03    -9342.179495       0.3769     0.059456   -29.375396          3
MinModeTranslate:   41  15:46:03    -9342.189651       0.3037     --------   -29.282145          3
MinModeTranslate:   41  15:46:03    -9342.189651       0.3037     0.072950   -29.282145          3
MinModeTranslate:   42  15:46:03    -9342.197432       0.3556     --------   -28.462313          3
MinModeTranslate:   42  15:46:03    -9342.197432       0.3556     0.076819   -28.462313          3
MinModeTranslate:   43  15:46:03    -9342.207496       0.3790     --------   -27.657007          3
MinModeTranslate:   43  15:46:03    -9342.207496       0.3790     0.093987   -27.657007          3
MinModeTranslate:   44  15:46:03    -9342.219699       0.3799     --------   -27.242744          3
MinModeTranslate:   44  15:46:03    -9342.219699       0.3799     0.044475   -27.242744          3
MinModeTranslate:   45  15:46:03    -9342.223910       0.4324     --------   -27.585444          3
MinModeTranslate:   45  15:46:03    -9342.223910       0.4324     0.054815   -27.585444          3
MinModeTranslate:   46  15:46:04    -9342.230106       0.2567     --------   -28.061229          3
MinModeTranslate:   46  15:46:04    -9342.230106       0.2567     0.019948   -28.061229          3
MinModeTranslate:   47  15:46:04    -9342.232796       0.1477     --------   -28.056823          3
MinModeTranslate:   47  15:46:04    -9342.232796       0.1477     0.024738   -28.056823          3
MinModeTranslate:   48  15:46:04    -9342.234502       0.2558     --------   -27.929403          3
MinModeTranslate:   48  15:46:04    -9342.234502       0.2558     0.022021   -27.929403          3
MinModeTranslate:   49  15:46:04    -9342.236419       0.1932     --------   -27.769994          3
MinModeTranslate:   49  15:46:04    -9342.236419       0.1932     0.017784   -27.769994          3
MinModeTranslate:   50  15:46:04    -9342.237831       0.1799     --------   -27.647148          3
MinModeTranslate:   50  15:46:04    -9342.237831       0.1799     0.028239   -27.647148          3
MinModeTranslate:   51  15:46:04    -9342.239649       0.1263     --------   -27.597748          3
MinModeTranslate:   51  15:46:04    -9342.239649       0.1263     0.021346   -27.597748          3
MinModeTranslate:   52  15:46:04    -9342.240814       0.1403     --------   -27.961389          3
MinModeTranslate:   52  15:46:04    -9342.240814       0.1403     0.021235   -27.961389          3
MinModeTranslate:   53  15:46:04    -9342.242141       0.1042     --------   -28.420373          3
MinModeTranslate:   53  15:46:04    -9342.242141       0.1042     0.009346   -28.420373          3
MinModeTranslate:   54  15:46:04    -9342.242555       0.1005     --------   -28.384675          3
MinModeTranslate:   54  15:46:04    -9342.242555       0.1005     0.022432   -28.384675          3
MinModeTranslate:   55  15:46:04    -9342.243600       0.1086     --------   -27.919994          3
MinModeTranslate:   55  15:46:04    -9342.243600       0.1086     0.012572   -27.919994          3
MinModeTranslate:   56  15:46:04    -9342.244211       0.0777     --------   -27.830726          3
MinModeTranslate:   56  15:46:04    -9342.244211       0.0777     0.013799   -27.830726          3
MinModeTranslate:   57  15:46:05    -9342.244613       0.1250     --------   -28.148945          3
MinModeTranslate:   57  15:46:05    -9342.244613       0.1250     0.013634   -28.148945          3
MinModeTranslate:   58  15:46:05    -9342.245122       0.0776     --------   -28.542008          3
MinModeTranslate:   58  15:46:05    -9342.245122       0.0776     0.008754   -28.542008          3
MinModeTranslate:   59  15:46:05    -9342.245433       0.0733     --------   -28.554863          3
MinModeTranslate:   59  15:46:05    -9342.245433       0.0733     0.014499   -28.554863          3
MinModeTranslate:   60  15:46:05    -9342.245821       0.0612     --------   -28.312933          3
MinModeTranslate:   60  15:46:05    -9342.245821       0.0612     0.012055   -28.312933          3
MinModeTranslate:   61  15:46:05    -9342.246155       0.0915     --------   -28.135079          3
MinModeTranslate:   61  15:46:05    -9342.246155       0.0915     0.016357   -28.135079          3
MinModeTranslate:   62  15:46:05    -9342.246673       0.0745     --------   -28.066812          3
MinModeTranslate:   62  15:46:05    -9342.246673       0.0745     0.009119   -28.066812          3
MinModeTranslate:   63  15:46:05    -9342.246868       0.0758     --------   -28.195233          2
MinModeTranslate:   63  15:46:05    -9342.246868       0.0758     0.015094   -28.195233          2
MinModeTranslate:   64  15:46:05    -9342.247169       0.0656     --------   -28.526763          3
MinModeTranslate:   64  15:46:05    -9342.247169       0.0656     0.007564   -28.526763          3
MinModeTranslate:   65  15:46:05    -9342.247361       0.0389     --------   -28.635309          2
MinModeTranslate:   65  15:46:05    -9342.247361       0.0389     0.006264   -28.635309          2
MinModeTranslate:   66  15:46:05    -9342.247450       0.0495     --------   -28.615132          3
MinModeTranslate:   66  15:46:05    -9342.247450       0.0495     0.005745   -28.615132          3
MinModeTranslate:   67  15:46:05    -9342.247544       0.0443     --------   -28.563017          2
MinModeTranslate:   67  15:46:05    -9342.247544       0.0443     0.004321   -28.563017          2
MinModeTranslate:   68  15:46:05    -9342.247625       0.0400     --------   -28.517127          2
MinModeTranslate:   68  15:46:05    -9342.247625       0.0400     0.006520   -28.517127          2
MinModeTranslate:   69  15:46:05    -9342.247721       0.0293     --------   -28.496095          1
MinModeTranslate:   69  15:46:05    -9342.247721       0.0293     0.004387   -28.496095          1
MinModeTranslate:   70  15:46:06    -9342.247767       0.0358     --------   -28.591236          2
MinModeTranslate:   70  15:46:06    -9342.247767       0.0358     0.005524   -28.591236          2
MinModeTranslate:   71  15:46:06    -9342.247841       0.0378     --------   -28.747026          2
MinModeTranslate:   71  15:46:06    -9342.247841       0.0378     0.004938   -28.747026          2
MinModeTranslate:   72  15:46:06    -9342.247911       0.0358     --------   -28.805038          2
MinModeTranslate:   72  15:46:06    -9342.247911       0.0358     0.012059   -28.805038          2
MinModeTranslate:   73  15:46:06    -9342.248035       0.0564     --------   -28.697119          3
MinModeTranslate:   73  15:46:06    -9342.248035       0.0564     0.008749   -28.697119          3
MinModeTranslate:   74  15:46:06    -9342.248130       0.0364     --------   -28.600385          2
MinModeTranslate:   74  15:46:06    -9342.248130       0.0364     0.007122   -28.600385          2
MinModeTranslate:   75  15:46:06    -9342.248205       0.0561     --------   -28.641875          1
MinModeTranslate:   75  15:46:06    -9342.248205       0.0561     0.008824   -28.641875          1
MinModeTranslate:   76  15:46:06    -9342.248286       0.0345     --------   -28.760294          2
MinModeTranslate:   76  15:46:06    -9342.248286       0.0345     0.005406   -28.760294          2
MinModeTranslate:   77  15:46:06    -9342.248338       0.0305     --------   -28.800079          2
MinModeTranslate:   77  15:46:06    -9342.248338       0.0305     0.003872   -28.800079          2
MinModeTranslate:   78  15:46:06    -9342.248376       0.0216     --------   -28.768168          1
MinModeTranslate:   78  15:46:06    -9342.248376       0.0216     0.002322   -28.768168          1
MinModeTranslate:   79  15:46:06    -9342.248401       0.0199     --------   -28.730721          1
MinModeTranslate:   79  15:46:06    -9342.248401       0.0199     0.002370   -28.730721          1
MinModeTranslate:   80  15:46:06    -9342.248413       0.0217     --------   -28.715912          1
MinModeTranslate:   80  15:46:06    -9342.248413       0.0217     0.001848   -28.715912          1
MinModeTranslate:   81  15:46:06    -9342.248429       0.0125     --------   -28.730430          1
MinModeTranslate:   81  15:46:06    -9342.248429       0.0125     0.001944   -28.730430          1
MinModeTranslate:   82  15:46:06    -9342.248433       0.0165     --------   -28.755453          1
MinModeTranslate:   82  15:46:06    -9342.248433       0.0165     0.002453   -28.755453          1
MinModeTranslate:   83  15:46:06    -9342.248449       0.0185     --------   -28.773922          1
MinModeTranslate:   83  15:46:06    -9342.248449       0.0185     0.001889   -28.773922          1
MinModeTranslate:   84  15:46:07    -9342.248466       0.0130     --------   -28.777522          1
MinModeTranslate:   84  15:46:07    -9342.248466       0.0130     0.001806   -28.777522          1
MinModeTranslate:   85  15:46:07    -9342.248471       0.0131     --------   -28.776820          1
MinModeTranslate:   85  15:46:07    -9342.248471       0.0131     0.001834   -28.776820          1
MinModeTranslate:   86  15:46:07    -9342.248478       0.0090     --------   -28.772198          1
MinModeTranslate:   86  15:46:07    -9342.248478       0.0090     0.001233   -28.772198          1
MinModeTranslate:   87  15:46:07    -9342.248480       0.0106     --------   -28.760119          1
MinModeTranslate:   87  15:46:07    -9342.248480       0.0106     0.001820   -28.760119          1
MinModeTranslate:   88  15:46:07    -9342.248496       0.0102     --------   -28.748071          1
MinModeTranslate:   88  15:46:07    -9342.248496       0.0102     0.001179   -28.748071          1
MinModeTranslate:   89  15:46:07    -9342.248492       0.0084     --------   -28.755292          1
MinModeTranslate:   89  15:46:07    -9342.248492       0.0084     0.001152   -28.755292          1
MinModeTranslate:   90  15:46:07    -9342.248502       0.0070     --------   -28.769284          1
MinModeTranslate:   90  15:46:07    -9342.248502       0.0070     0.000530   -28.769284          1
MinModeTranslate:   91  15:46:07    -9342.248496       0.0046     --------   -28.765708          1
