MINMODE:METHOD: Dimer
DIM:CONTROL: Search Parameters:
DIM:CONTROL: ------------------
DIM:CONTROL: eigenmode_method = dimer
DIM:CONTROL: f_rot_min = 0.01
DIM:CONTROL: f_rot_max = 0.1
DIM:CONTROL: max_num_rot = 3
DIM:CONTROL: trial_angle = 0.7853981633974483
DIM:CONTROL: trial_trans_step = 0.001
DIM:CONTROL: maximum_translation = 0.1
DIM:CONTROL: cg_translation = True
DIM:CONTROL: use_central_forces = True
DIM:CONTROL: dimer_separation = 0.005
DIM:CONTROL: initial_eigenmode_method = gauss
DIM:CONTROL: extrapolate_forces = True
DIM:CONTROL: displacement_method = gauss
DIM:CONTROL: gauss_std = 0.1
DIM:CONTROL: order = 1
DIM:CONTROL: mask = None
DIM:CONTROL: displacement_center = None
DIM:CONTROL: displacement_radius = None
DIM:CONTROL: number_of_displacement_atoms = None
DIM:CONTROL: ------------------
DIM:ROT: OPT-STEP ROT-STEP CURVATURE ROT-ANGLE ROT-FORCE
DIM:ROT:       0         1   -7.9147   15.5486   86.1890
DIM:ROT:       0         2  -17.5722   14.3569   35.7235
DIM:ROT:       0         3  -21.6146    6.7897   35.5010
DIM:ROT:       1         1    3.4419   12.0749   11.6981
DIM:ROT:       1         2    2.1988    4.4735   15.8119
DIM:ROT:       1         3    1.3098    5.7977    8.5875
DIM:ROT:       2         1    1.1116    9.3030   12.4180
DIM:ROT:       2         2   -0.1480    9.8895    6.8616
DIM:ROT:       2         3   -0.8889    5.1741    8.2063
DIM:ROT:       3         1   -1.6113    3.1843    8.8506
DIM:ROT:       3         2   -1.9150    3.4186    4.8930
DIM:ROT:       3         3   -2.1509    2.2812    5.7968
DIM:ROT:       4         1   -1.1653    5.0562    5.3541
DIM:ROT:       4         2   -1.4969    3.1288    6.0274
DIM:ROT:       4         3   -1.7663    3.7545    4.1106
DIM:ROT:       5         1   -1.3694    3.8944    3.8090
DIM:ROT:       5         2   -1.5463    2.2542    4.5404
DIM:ROT:       5         3   -1.6995    2.9112    2.9345
DIM:ROT:       6         1   -0.6339    2.3985    4.7949
DIM:ROT:       6         2   -0.7796    3.1619    2.5917
DIM:ROT:       6         3   -0.8838    1.7696    3.4571
DIM:ROT:       7         1    0.5067    5.4889    2.9311
DIM:ROT:       7         2    0.3760    2.0289    3.5958
DIM:ROT:       7         3    0.3149    1.5519    2.2631
DIM:ROT:       8         1    1.5682    2.9696    4.1154
DIM:ROT:       8         2    1.4735    1.6548    3.1676
DIM:ROT:       8         3    1.3964    1.8770    2.2888
DIM:ROT:       9         1    1.4384    3.6266    3.7789
DIM:ROT:       9         2    1.3197    1.8100    3.6816
DIM:ROT:       9         3    1.2280    2.3074    2.3161
DIM:ROT:      10         1    0.7128    2.5301    3.5963
DIM:ROT:      10         2    0.6160    1.7318    3.1393
DIM:ROT:      10         3    0.5376    1.8212    2.3956
DIM:ROT:      11         1    0.8957    2.3700    3.7357
DIM:ROT:      11         2    0.7825    2.0333    3.1244
DIM:ROT:      11         3    0.6955    1.8341    2.7489
DIM:ROT:      12         1    0.9085    6.8548    3.3872
DIM:ROT:      12         2    0.6694    2.3684    5.7707
DIM:ROT:      12         3    0.4944    3.8609    2.5298
DIM:ROT:      13         1    0.0961    2.3032    5.2506
DIM:ROT:      13         2   -0.0558    3.3099    2.5695
DIM:ROT:      13         3   -0.1630    1.7003    3.7433
DIM:ROT:      14         1   -0.5536    4.8756    1.8335
DIM:ROT:      14         2   -0.6347    1.4424    3.1828
DIM:ROT:      14         3   -0.6794    2.1137    1.2637
DIM:ROT:      15         1   -0.8641    3.4592    1.8265
DIM:ROT:      15         2   -0.9242    1.9686    1.7025
DIM:ROT:      15         3   -0.9581    1.5584    1.2484
DIM:ROT:      16         1   -1.1484    1.2758    3.4392
DIM:ROT:      16         2   -1.1978    1.8518    1.4716
DIM:ROT:      16         3   -1.2304    0.8933    2.2418
DIM:ROT:      17         1   -0.9433    2.3198    2.0862
DIM:ROT:      17         2   -0.9801    1.1659    1.9715
DIM:ROT:      17         3   -1.0055    1.2722    1.0895
DIM:ROT:      18         1   -0.6893    1.0481    0.8503
DIM:ROT:      18         2   -0.7000    0.6900    0.8871
DIM:ROT:      18         3   -0.7087    0.6767    0.7253
DIM:ROT:      19         1   -0.9496    5.1834    1.8691
DIM:ROT:      19         2   -0.9856    0.9650    2.3028
DIM:ROT:      19         3   -1.0103    1.1247    1.2402
DIM:ROT:      20         1   -1.0234    1.1317    3.4135
DIM:ROT:      20         2   -1.0849    2.4673    1.3688
DIM:ROT:      20         3   -1.1316    0.9843    2.9408
DIM:ROT:      21         1   -0.5634    3.0078    1.5146
DIM:ROT:      21         2   -0.5762    0.6308    1.3753
DIM:ROT:      21         3   -0.5832    0.6900    0.5628
DIM:ROT:      22         1   -0.1456    0.7570    1.1934
DIM:ROT:      22         2   -0.1571    0.6989    0.8717
DIM:ROT:      22         3   -0.1647    0.5654    0.8498
DIM:ROT:      23         1   -0.5898    3.1207    1.3485
DIM:ROT:      23         2   -0.6309    0.8902    2.4153
DIM:ROT:      23         3   -0.6574    1.7716    0.9134
DIM:ROT:      24         1   -0.5622    1.4914    1.0995
DIM:ROT:      24         2   -0.5761    0.6144    1.3908
DIM:ROT:      24         3   -0.5861    0.8085    0.7223
DIM:ROT:      25         1   -0.0515    1.8281    1.0139
DIM:ROT:      25         2   -0.0577    0.4582    0.9915
DIM:ROT:      25         3   -0.0610    0.5246    0.3396
DIM:ROT:      26         1   -0.1220    2.6058    0.9695
DIM:ROT:      26         2   -0.1296    0.5248    0.7427
DIM:ROT:      26         3   -0.1331    0.3815    0.5550
DIM:ROT:      27         1   -0.1471    1.0941    0.6170
DIM:ROT:      27         2   -0.1578    0.4758    1.1095
DIM:ROT:      27         3   -0.1648    0.8780    0.5117
DIM:ROT:      28         1    0.1551    1.9718    0.8907
DIM:ROT:      28         2    0.1503    0.3211    0.7023
DIM:ROT:      28         3    0.1482    0.4390    0.2705
DIM:ROT:      29         1    0.2201    1.4921    2.8630
DIM:ROT:      29         2    0.1949    1.0358    1.2904
DIM:ROT:      29         3    0.1848    0.5888    0.9907
DIM:ROT:      30         1    0.2859    1.8096    2.5276
DIM:ROT:      30         2    0.2509    1.1081    1.7248
DIM:ROT:      30         3    0.2338    0.8718    1.1490
DIM:ROT:      31         1    0.3251    2.0906    2.3835
DIM:ROT:      31         2    0.2867    1.1054    1.8902
DIM:ROT:      31         3    0.2677    1.0038    1.1176
DIM:ROT:      32         1    0.3574    2.1582    2.2540
DIM:ROT:      32         2    0.3203    1.0762    1.8831
DIM:ROT:      32         3    0.3015    1.0334    1.0722
DIM:ROT:      33         1    0.4226    2.1241    2.1582
DIM:ROT:      33         2    0.3873    1.0496    1.8359
DIM:ROT:      33         3    0.3691    1.0297    1.0418
DIM:ROT:      34         1    0.5194    2.0472    2.0826
DIM:ROT:      34         2    0.4858    1.0292    1.7847
DIM:ROT:      34         3    0.4683    1.0120    1.0200
DIM:ROT:      35         1    0.6099    1.9703    2.0231
DIM:ROT:      35         2    0.5773    1.0206    1.7523
DIM:ROT:      35         3    0.5601    1.0018    1.0110
DIM:ROT:      36         1    0.6681    1.9149    1.9759
DIM:ROT:      36         2    0.6357    1.0229    1.7418
DIM:ROT:      36         3    0.6184    1.0083    1.0135
DIM:ROT:      37         1    0.7051    1.8941    1.9290
DIM:ROT:      37         2    0.6728    1.0248    1.7422
DIM:ROT:      37         3    0.6551    1.0290    1.0136
DIM:ROT:      38         1    0.7483    1.8743    1.8625
DIM:ROT:      38         2    0.7169    1.0124    1.7253
DIM:ROT:      38         3    0.6992    1.0444    0.9985
DIM:ROT:      39         1    0.8116    1.8409    1.7881
DIM:ROT:      39         2    0.7813    0.9954    1.6962
DIM:ROT:      39         3    0.7637    1.0570    0.9823
DIM:ROT:      40         1    0.8842    1.8159    1.7191
DIM:ROT:      40         2    0.8546    0.9856    1.6762
DIM:ROT:      40         3    0.8367    1.0824    0.9766
DIM:ROT:      41         1    0.9406    1.8225    1.6448
DIM:ROT:      41         2    0.9114    0.9767    1.6725
DIM:ROT:      41         3    0.8929    1.1264    0.9677
DIM:ROT:      42         1    0.9632    1.8535    1.5498
DIM:ROT:      42         2    0.9349    0.9562    1.6649
DIM:ROT:      42         3    0.9162    1.1734    0.9390
DIM:ROT:      43         1    0.9516    1.8475    1.4379
DIM:ROT:      43         2    0.9248    0.9246    1.6316
DIM:ROT:      43         3    0.9064    1.2017    0.9013
DIM:ROT:      44         1    0.9192    1.8244    1.3223
DIM:ROT:      44         2    0.8940    0.8921    1.5913
DIM:ROT:      44         3    0.8760    1.2234    0.8644
DIM:ROT:      45         1    0.8860    1.7944    1.2246
DIM:ROT:      45         2    0.8619    0.8716    1.5652
DIM:ROT:      45         3    0.8438    1.2550    0.8441
DIM:ROT:      46         1    0.8605    1.9215    1.1371
DIM:ROT:      46         2    0.8361    0.8716    1.5992
DIM:ROT:      46         3    0.8171    1.3443    0.8240
DIM:ROT:      47         1    0.8314    2.4082    1.0511
DIM:ROT:      47         2    0.8045    0.9092    1.6886
DIM:ROT:      47         3    0.7856    1.3585    0.8167
DIM:ROT:      48         1    0.7917    2.6713    1.0071
DIM:ROT:      48         2    0.7632    0.9803    1.6663
DIM:ROT:      48         3    0.7464    1.1123    0.8810
DIM:ROT:      49         1    0.7541    2.2192    0.9933
DIM:ROT:      49         2    0.7269    0.9246    1.7007
DIM:ROT:      49         3    0.7070    1.3483    0.8581
DIM:ROT:      50         1    0.6808    3.2626    0.9547
DIM:ROT:      50         2    0.6454    1.2674    1.5988
DIM:ROT:      50         3    0.6261    1.2690    0.8824
DIM:ROT:      51         1    0.6196    1.1740    1.0440
DIM:ROT:      51         2    0.6021    0.8705    1.1632
DIM:ROT:      51         3    0.5868    0.9344    0.9379
DIM:ROT:      52         1    0.5769    1.5796    0.9797
DIM:ROT:      52         2    0.5560    0.8925    1.3421
DIM:ROT:      52         3    0.5402    1.0817    0.8493
DIM:ROT:      53         1    0.5034    2.9043    0.8332
DIM:ROT:      53         2    0.4766    1.0144    1.5223
DIM:ROT:      53         3    0.4605    1.1892    0.7661
DIM:ROT:      54         1    0.4503    0.8736    1.1595
DIM:ROT:      54         2    0.4360    1.0323    0.7899
DIM:ROT:      54         3    0.4236    0.7244    0.9920
DIM:ROT:      55         1    0.4190    1.0597    0.8202
DIM:ROT:      55         2    0.4069    0.6513    1.0753
DIM:ROT:      55         3    0.3964    0.8605    0.7068
DIM:ROT:      56         1    0.3781    1.8536    0.7130
DIM:ROT:      56         2    0.3624    0.7758    1.1537
DIM:ROT:      56         3    0.3532    0.8433    0.6405
DIM:ROT:      57         1    0.3571    0.6902    1.4060
DIM:ROT:      57         2    0.3447    1.1311    0.6213
DIM:ROT:      57         3    0.3346    0.5494    1.0618
DIM:ROT:      58         1    0.3364    0.8380    0.7078
DIM:ROT:      58         2    0.3281    0.5510    0.8745
DIM:ROT:      58         3    0.3208    0.6900    0.6085
DIM:ROT:      59         1    0.3118    1.7459    0.6098
DIM:ROT:      59         2    0.3002    0.6647    0.9826
DIM:ROT:      59         3    0.2943    0.6031    0.5756
DIM:ROT:      60         1    0.3029    0.5741    1.1418
DIM:ROT:      60         2    0.2942    0.9109    0.5404
DIM:ROT:      60         3    0.2870    0.4667    0.8821
DIM:ROT:      61         1    0.2930    0.8555    0.6103
DIM:ROT:      61         2    0.2860    0.4960    0.8038
DIM:ROT:      61         3    0.2804    0.6295    0.5202
DIM:ROT:      62         1    0.2811    1.2266    0.5627
DIM:ROT:      62         2    0.2733    0.5220    0.8386
DIM:ROT:      62         3    0.2685    0.5555    0.5061
DIM:ROT:      63         1    0.2806    0.5374    1.0477
DIM:ROT:      63         2    0.2735    0.7884    0.5106
DIM:ROT:      63         3    0.2677    0.4235    0.7798
DIM:ROT:      64         1    0.2766    0.8588    0.5750
DIM:ROT:      64         2    0.2703    0.4824    0.7460
DIM:ROT:      64         3    0.2654    0.5744    0.4848
DIM:ROT:      65         1    0.2701    1.0827    0.5332
DIM:ROT:      65         2    0.2636    0.4697    0.7777
DIM:ROT:      65         3    0.2593    0.5317    0.4683
DIM:ROT:      66         1    0.2727    0.5109    0.9745
DIM:ROT:      66         2    0.2665    0.7095    0.4901
DIM:ROT:      66         3    0.2616    0.3971    0.7159
DIM:ROT:      67         1    0.2713    0.8134    0.5621
DIM:ROT:      67         2    0.2655    0.4846    0.6841
DIM:ROT:      67         3    0.2611    0.5502    0.4668
DIM:ROT:      68         1    0.2646    1.1950    0.5007
DIM:ROT:      68         2    0.2584    0.4642    0.7588
DIM:ROT:      68         3    0.2546    0.4755    0.4534
DIM:ROT:      69         1    0.2659    0.4794    0.8846
DIM:ROT:      69         2    0.2607    0.6305    0.4654
DIM:ROT:      69         3    0.2565    0.3716    0.6528
DIM:ROT:      70         1    0.2650    0.6990    0.5638
DIM:ROT:      70         2    0.2597    0.4859    0.6033
DIM:ROT:      70         3    0.2556    0.5287    0.4583
DIM:ROT:      71         1    0.2541    1.5694    0.4668
DIM:ROT:      71         2    0.2462    0.6888    0.6486
DIM:ROT:      71         3    0.2421    0.5929    0.4112
DIM:ROT:      72         1    0.2459    0.5204    0.5295
DIM:ROT:      72         2    0.2423    0.3999    0.4998
DIM:ROT:      72         3    0.2394    0.3866    0.4369
DIM:ROT:      73         1    0.2445    0.5755    0.5601
DIM:ROT:      73         2    0.2402    0.4612    0.5087
DIM:ROT:      73         3    0.2369    0.4444    0.4462
DIM:ROT:      74         1    0.2427    0.4584    0.6494
DIM:ROT:      74         2    0.2388    0.4414    0.4958
DIM:ROT:      74         3    0.2356    0.3668    0.5050
DIM:ROT:      75         1    0.2410    0.5645    0.6449
DIM:ROT:      75         2    0.2361    0.5265    0.5043
DIM:ROT:      75         3    0.2325    0.4468    0.4979
DIM:ROT:      76         1    0.2374    0.5112    0.6270
DIM:ROT:      76         2    0.2332    0.4369    0.5342
DIM:ROT:      76         3    0.2298    0.3992    0.4947
DIM:ROT:      77         1    0.2344    0.5623    0.6939
DIM:ROT:      77         2    0.2291    0.5587    0.5057
DIM:ROT:      77         3    0.2254    0.4384    0.5368
DIM:ROT:      78         1    0.2298    0.5140    0.7271
DIM:ROT:      78         2    0.2250    0.5104    0.5148
DIM:ROT:      78         3    0.2213    0.3924    0.5623
DIM:ROT:      79         1    0.2250    0.5785    0.7757
DIM:ROT:      79         2    0.2189    0.6505    0.5047
DIM:ROT:      79         3    0.2146    0.4611    0.5970
DIM:ROT:      80         1    0.2159    0.5569    0.7606
DIM:ROT:      80         2    0.2103    0.5669    0.5340
DIM:ROT:      80         3    0.2061    0.4271    0.6021
DIM:ROT:      81         1    0.2058    0.6148    0.8710
DIM:ROT:      81         2    0.1984    0.7545    0.5262
DIM:ROT:      81         3    0.1931    0.4983    0.6813
DIM:ROT:      82         1    0.1895    0.6165    0.8999
DIM:ROT:      82         2    0.1820    0.7138    0.5617
DIM:ROT:      82         3    0.1765    0.4816    0.7227
DIM:ROT:      83         1    0.1706    0.6949    1.0379
DIM:ROT:      83         2    0.1602    0.9631    0.5763
DIM:ROT:      83         3    0.1526    0.5846    0.8399
DIM:ROT:      84         1    0.1423    0.7289    1.1063
DIM:ROT:      84         2    0.1309    0.9679    0.6310
DIM:ROT:      84         3    0.1222    0.5947    0.9228
DIM:ROT:      85         1    0.1098    0.8421    1.3143
DIM:ROT:      85         2    0.0934    1.3099    0.6702
DIM:ROT:      85         3    0.0808    0.7295    1.0993
DIM:ROT:      86         1    0.0659    0.9161    1.4642
DIM:ROT:      86         2    0.0466    1.3975    0.7360
DIM:ROT:      86         3    0.0315    0.7619    1.2413
DIM:ROT:      87         1    0.0201    1.0800    1.7834
DIM:ROT:      87         2   -0.0075    1.9105    0.7779
DIM:ROT:      87         3   -0.0292    0.9252    1.4739
DIM:ROT:      88         1    0.0201    1.0635    1.8182
DIM:ROT:      88         2    0.0009    1.4646    0.6904
DIM:ROT:      88         3   -0.0132    0.6853    1.2586
DIM:ROT:      89         1   -0.0616    0.8119    0.8271
DIM:ROT:      89         2   -0.0732    0.8129    0.7425
DIM:ROT:      89         3   -0.0816    0.7197    0.7602
DIM:ROT:      90         1   -0.0986    0.8075    0.8356
DIM:ROT:      90         2   -0.1091    0.6693    0.8833
DIM:ROT:      90         3   -0.1185    0.7373    0.7538
DIM:ROT:      91         1   -0.1007    0.7281    1.0543
DIM:ROT:      91         2   -0.1121    0.9756    0.6072
DIM:ROT:      91         3   -0.1203    0.5952    0.8960
DIM:ROT:      92         1   -0.0620    0.5272    0.6025
DIM:ROT:      92         2   -0.0669    0.3847    0.7014
DIM:ROT:      92         3   -0.0709    0.4556    0.5251
DIM:ROT:      93         1    0.0386    0.8944    1.3731
DIM:ROT:      93         2    0.0279    0.8493    0.7082
DIM:ROT:      93         3    0.0197    0.5238    0.8946
DIM:ROT:      94         1    0.0387    1.6362    2.8437
DIM:ROT:      94         2    0.0227    1.1261    0.7286
DIM:ROT:      94         3    0.0133    0.5321    1.0149
DIM:ROT:      95         1    0.0359    1.6011    2.6778
DIM:ROT:      95         2    0.0124    1.7684    0.7074
DIM:ROT:      95         3   -0.0006    0.7001    1.0648
DIM:ROT:      96         1    0.0780    1.4552    2.3805
DIM:ROT:      96         2    0.0629    1.1138    0.7165
DIM:ROT:      96         3    0.0532    0.5350    1.0421
DIM:ROT:      97         1    0.0883    1.4450    2.2529
DIM:ROT:      97         2    0.0678    1.5931    0.7066
DIM:ROT:      97         3    0.0553    0.6733    1.0447
DIM:ROT:      98         1    0.0962    1.2528    1.9632
DIM:ROT:      98         2    0.0840    0.9350    0.7103
DIM:ROT:      98         3    0.0753    0.5164    0.9646
DIM:ROT:      99         1    0.1272    1.2982    1.8936
DIM:ROT:      99         2    0.1090    1.4025    0.7229
DIM:ROT:      99         3    0.0967    0.6688    1.0373
DIM:ROT:     100         1    0.1484    1.1548    1.7110
DIM:ROT:     100         2    0.1363    0.8815    0.7715
DIM:ROT:     100         3    0.1269    0.5534    0.9725
DIM:ROT:     101         1    0.1777    1.2179    1.6338
DIM:ROT:     101         2    0.1604    1.2463    0.7879
DIM:ROT:     101         3    0.1474    0.6914    1.0637
DIM:ROT:     102         1    0.1925    1.0867    1.5350
DIM:ROT:     102         2    0.1798    0.8367    0.8640
DIM:ROT:     102         3    0.1695    0.6088    0.9807
DIM:ROT:     103         1    0.2090    1.1662    1.4449
DIM:ROT:     103         2    0.1930    1.0518    0.8658
DIM:ROT:     103         3    0.1805    0.6915    1.0388
DIM:ROT:     104         1    0.2195    1.0241    1.4488
DIM:ROT:     104         2    0.2063    0.8068    0.9256
DIM:ROT:     104         3    0.1955    0.6461    0.9736
DIM:ROT:     105         1    0.2311    1.1188    1.3359
DIM:ROT:     105         2    0.2162    0.9297    0.9143
DIM:ROT:     105         3    0.2042    0.6917    0.9939
DIM:ROT:     106         1    0.2441    0.9693    1.3977
DIM:ROT:     106         2    0.2309    0.7990    0.9366
DIM:ROT:     106         3    0.2201    0.6515    0.9672
DIM:ROT:     107         1    0.2567    1.0792    1.2798
DIM:ROT:     107         2    0.2423    0.8873    0.9195
DIM:ROT:     107         3    0.2309    0.6877    0.9598
DIM:ROT:     108         1    0.2702    0.9270    1.3516
DIM:ROT:     108         2    0.2575    0.7846    0.9154
DIM:ROT:     108         3    0.2472    0.6338    0.9444
DIM:ROT:     109         1    0.2816    1.0333    1.2347
DIM:ROT:     109         2    0.2681    0.8572    0.8904
DIM:ROT:     109         3    0.2576    0.6637    0.9190
DIM:ROT:     110         1    0.2923    0.8808    1.2886
DIM:ROT:     110         2    0.2807    0.7524    0.8701
DIM:ROT:     110         3    0.2715    0.5994    0.8982
DIM:ROT:     111         1    0.3012    0.9768    1.1739
DIM:ROT:     111         2    0.2891    0.8213    0.8407
DIM:ROT:     111         3    0.2796    0.6283    0.8659
DIM:ROT:     112         1    0.3086    0.8310    1.2058
DIM:ROT:     112         2    0.2983    0.7122    0.8221
DIM:ROT:     112         3    0.2901    0.5650    0.8455
DIM:ROT:     113         1    0.3142    0.9233    1.0956
DIM:ROT:     113         2    0.3034    0.7759    0.8026
DIM:ROT:     113         3    0.2949    0.5994    0.8143
DIM:ROT:     114         1    0.3183    0.7782    1.1193
DIM:ROT:     114         2    0.3090    0.6762    0.7882
DIM:ROT:     114         3    0.3015    0.5427    0.8038
DIM:ROT:     115         1    0.3210    0.8794    1.0120
DIM:ROT:     115         2    0.3112    0.7179    0.7874
DIM:ROT:     115         3    0.3034    0.5793    0.7683
DIM:ROT:     116         1    0.3232    0.7292    1.0547
DIM:ROT:     116         2    0.3145    0.6516    0.7658
DIM:ROT:     116         3    0.3074    0.5285    0.7774
DIM:ROT:     117         1    0.3238    0.8537    0.9285
DIM:ROT:     117         2    0.3148    0.6680    0.7839
DIM:ROT:     117         3    0.3075    0.5718    0.7225
DIM:ROT:     118         1    0.3254    0.6815    0.9871
DIM:ROT:     118         2    0.3173    0.6241    0.7433
DIM:ROT:     118         3    0.3106    0.5144    0.7478
DIM:ROT:     119         1    0.3254    0.8427    0.8509
DIM:ROT:     119         2    0.3170    0.6182    0.7863
DIM:ROT:     119         3    0.3103    0.5679    0.6738
DIM:ROT:     120         1    0.3267    0.6393    0.9410
DIM:ROT:     120         2    0.3192    0.6050    0.7157
DIM:ROT:     120         3    0.3130    0.4971    0.7252
DIM:ROT:     121         1    0.3264    0.8381    0.7864
DIM:ROT:     121         2    0.3186    0.5747    0.7877
DIM:ROT:     121         3    0.3123    0.5645    0.6291
DIM:ROT:     122         1    0.3270    0.5983    0.9090
DIM:ROT:     122         2    0.3199    0.5928    0.6792
DIM:ROT:     122         3    0.3142    0.4743    0.7077
DIM:ROT:     123         1    0.3253    0.8451    0.7280
DIM:ROT:     123         2    0.3179    0.5426    0.7840
DIM:ROT:     123         3    0.3121    0.5612    0.5862
DIM:ROT:     124         1    0.3248    0.5589    0.8801
DIM:ROT:     124         2    0.3182    0.5822    0.6382
DIM:ROT:     124         3    0.3129    0.4491    0.6895
DIM:ROT:     125         1    0.3217    0.8621    0.6720
DIM:ROT:     125         2    0.3147    0.5141    0.7734
DIM:ROT:     125         3    0.3095    0.5527    0.5429
DIM:ROT:     126         1    0.3198    0.5210    0.8427
DIM:ROT:     126         2    0.3139    0.5650    0.5937
DIM:ROT:     126         3    0.3091    0.4220    0.6631
DIM:ROT:     127         1    0.3162    0.8586    0.6208
DIM:ROT:     127         2    0.3099    0.4861    0.7487
DIM:ROT:     127         3    0.3051    0.5345    0.5042
DIM:ROT:     128         1    0.3142    0.4905    0.8100
DIM:ROT:     128         2    0.3088    0.5477    0.5550
DIM:ROT:     128         3    0.3045    0.3980    0.6365
DIM:ROT:     129         1    0.3104    0.8755    0.5772
DIM:ROT:     129         2    0.3045    0.4692    0.7247
DIM:ROT:     129         3    0.3002    0.5160    0.4709
DIM:ROT:     130         1    0.3083    0.4630    0.7718
DIM:ROT:     130         2    0.3035    0.5254    0.5209
DIM:ROT:     130         3    0.2995    0.3771    0.6069
DIM:ROT:     131         1    0.3051    0.8503    0.5454
DIM:ROT:     131         2    0.2996    0.4514    0.6910
DIM:ROT:     131         3    0.2957    0.4927    0.4480
DIM:ROT:     132         1    0.3036    0.4439    0.7350
DIM:ROT:     132         2    0.2991    0.5020    0.4982
DIM:ROT:     132         3    0.2956    0.3621    0.5790
DIM:ROT:     133         1    0.3009    0.8068    0.5258
DIM:ROT:     133         2    0.2958    0.4377    0.6530
DIM:ROT:     133         3    0.2923    0.4690    0.4328
DIM:ROT:     134         1    0.3000    0.4293    0.7043
DIM:ROT:     134         2    0.2959    0.4803    0.4796
DIM:ROT:     134         3    0.2926    0.3494    0.5537
DIM:ROT:     135         1    0.2989    0.7373    0.5181
DIM:ROT:     135         2    0.2943    0.4268    0.6111
DIM:ROT:     135         3    0.2910    0.4454    0.4253
DIM:ROT:     136         1    0.2997    0.4230    0.6717
DIM:ROT:     136         2    0.2958    0.4557    0.4720
DIM:ROT:     136         3    0.2927    0.3429    0.5284
DIM:ROT:     137         1    0.3007    0.6707    0.5236
DIM:ROT:     137         2    0.2963    0.4231    0.5764
DIM:ROT:     137         3    0.2932    0.4236    0.4302
DIM:ROT:     138         1    0.3022    0.4249    0.6581
DIM:ROT:     138         2    0.2985    0.4428    0.4691
DIM:ROT:     138         3    0.2955    0.3395    0.5141
DIM:ROT:     139         1    0.3028    0.6149    0.5273
DIM:ROT:     139         2    0.2987    0.4229    0.5307
DIM:ROT:     139         3    0.2958    0.3961    0.4281
DIM:ROT:     140         1    0.3036    0.4150    0.6303
DIM:ROT:     140         2    0.3002    0.4143    0.4476
DIM:ROT:     140         3    0.2976    0.3212    0.4792
DIM:ROT:     141         1    0.3040    0.5544    0.5254
DIM:ROT:     141         2    0.3004    0.4158    0.4700
DIM:ROT:     141         3    0.2979    0.3577    0.4123
DIM:ROT:     142         1    0.3056    0.4044    0.6012
DIM:ROT:     142         2    0.3027    0.3830    0.4203
DIM:ROT:     142         3    0.3005    0.2987    0.4403
DIM:ROT:     143         1    0.3090    0.5185    0.5256
DIM:ROT:     143         2    0.3057    0.4118    0.4311
DIM:ROT:     143         3    0.3035    0.3304    0.4019
DIM:ROT:     144         1    0.3139    0.4115    0.5864
DIM:ROT:     144         2    0.3111    0.3700    0.4134
DIM:ROT:     144         3    0.3090    0.2924    0.4235
DIM:ROT:     145         1    0.3202    0.5164    0.5393
DIM:ROT:     145         2    0.3169    0.4221    0.4245
DIM:ROT:     145         3    0.3146    0.3251    0.4106
DIM:ROT:     146         1    0.3269    0.4304    0.5966
DIM:ROT:     146         2    0.3241    0.3764    0.4229
DIM:ROT:     146         3    0.3219    0.2989    0.4294
DIM:ROT:     147         1    0.3338    0.5308    0.5479
DIM:ROT:     147         2    0.3304    0.4295    0.4323
DIM:ROT:     147         3    0.3281    0.3283    0.4185
DIM:ROT:     148         1    0.3401    0.4349    0.6138
DIM:ROT:     148         2    0.3372    0.3784    0.4227
DIM:ROT:     148         3    0.3350    0.2979    0.4314
DIM:ROT:     149         1    0.3459    0.5349    0.5471
DIM:ROT:     149         2    0.3426    0.4311    0.4246
DIM:ROT:     149         3    0.3403    0.3234    0.4129
DIM:ROT:     150         1    0.3514    0.4330    0.6123
DIM:ROT:     150         2    0.3486    0.3695    0.4159
DIM:ROT:     150         3    0.3465    0.2920    0.4209
DIM:ROT:     151         1    0.3562    0.5350    0.5376
DIM:ROT:     151         2    0.3531    0.4271    0.4116
DIM:ROT:     151         3    0.3509    0.3155    0.3992
DIM:ROT:     152         1    0.3607    0.4211    0.6000
DIM:ROT:     152         2    0.3581    0.3533    0.4037
DIM:ROT:     152         3    0.3562    0.2817    0.4024
DIM:ROT:     153         1    0.3644    0.5386    0.5247
DIM:ROT:     153         2    0.3614    0.4178    0.3995
DIM:ROT:     153         3    0.3594    0.3070    0.3814
DIM:ROT:     154         1    0.3679    0.4125    0.5898
DIM:ROT:     154         2    0.3655    0.3405    0.3958
DIM:ROT:     154         3    0.3637    0.2747    0.3879
DIM:ROT:     155         1    0.3699    0.5404    0.5046
DIM:ROT:     155         2    0.3671    0.4021    0.3898
DIM:ROT:     155         3    0.3652    0.2972    0.3630
DIM:ROT:     156         1    0.3712    0.4004    0.5726
DIM:ROT:     156         2    0.3690    0.3246    0.3852
DIM:ROT:     156         3    0.3673    0.2657    0.3698
DIM:ROT:     157         1    0.3712    0.5367    0.4866
DIM:ROT:     157         2    0.3686    0.3813    0.3778
DIM:ROT:     157         3    0.3669    0.2824    0.3475
DIM:ROT:     158         1    0.3709    0.3920    0.5639
DIM:ROT:     158         2    0.3688    0.3136    0.3793
DIM:ROT:     158         3    0.3672    0.2602    0.3573
DIM:ROT:     159         1    0.3678    0.5395    0.4705
DIM:ROT:     159         2    0.3654    0.3640    0.3714
DIM:ROT:     159         3    0.3638    0.2722    0.3368
DIM:ROT:     160         1    0.3644    0.3828    0.5501
DIM:ROT:     160         2    0.3624    0.3013    0.3707
DIM:ROT:     160         3    0.3609    0.2548    0.3446
