      Step     Time          Energy          fmax
BFGS:    0 16:49:11   -12456.998141        1.157875
BFGS:    1 16:49:11   -12457.046445        1.208153
BFGS:    2 16:49:11   -12457.118721        4.331183
BFGS:    3 16:49:11   -12457.259382        1.970445
BFGS:    4 16:49:11   -12457.515487        1.745333
BFGS:    5 16:49:11   -12457.663793        2.525452
BFGS:    6 16:49:11   -12457.786616        2.731118
BFGS:    7 16:49:11   -12457.923178        2.255853
BFGS:    8 16:49:11   -12458.010031        0.980944
BFGS:    9 16:49:11   -12458.054139        0.717184
BFGS:   10 16:49:11   -12458.078021        0.776663
BFGS:   11 16:49:11   -12458.203901        1.249985
BFGS:   12 16:49:11   -12458.298430        1.696825
BFGS:   13 16:49:11   -12458.371826        2.034167
BFGS:   14 16:49:11   -12458.383368        2.807459
BFGS:   15 16:49:11   -12458.536578        1.866638
BFGS:   16 16:49:11   -12458.657374        1.753209
BFGS:   17 16:49:11   -12458.822147        1.634886
BFGS:   18 16:49:11   -12459.000536        1.362992
BFGS:   19 16:49:11   -12459.148262        1.127366
BFGS:   20 16:49:11   -12459.240062        0.952941
BFGS:   21 16:49:11   -12459.270171        0.761258
BFGS:   22 16:49:11   -12459.288808        0.454210
BFGS:   23 16:49:11   -12459.304295        0.390506
BFGS:   24 16:49:12   -12459.316719        0.332377
BFGS:   25 16:49:12   -12459.325350        0.313272
BFGS:   26 16:49:12   -12459.332758        0.330490
BFGS:   27 16:49:12   -12459.340358        0.249779
BFGS:   28 16:49:12   -12459.347494        0.240646
BFGS:   29 16:49:12   -12459.354105        0.314430
BFGS:   30 16:49:12   -12459.359640        0.298170
BFGS:   31 16:49:12   -12459.364782        0.267189
BFGS:   32 16:49:12   -12459.370370        0.264539
BFGS:   33 16:49:12   -12459.378057        0.379952
BFGS:   34 16:49:12   -12459.388653        0.549119
BFGS:   35 16:49:12   -12459.401398        0.648646
BFGS:   36 16:49:12   -12459.415723        0.504237
BFGS:   37 16:49:12   -12459.427021        0.534753
BFGS:   38 16:49:12   -12459.420294        1.050545
BFGS:   39 16:49:12   -12459.439199        0.369756
BFGS:   40 16:49:12   -12459.444223        0.275918
BFGS:   41 16:49:12   -12459.455799        0.561690
BFGS:   42 16:49:12   -12459.464154        0.412579
BFGS:   43 16:49:12   -12459.471584        0.734966
BFGS:   44 16:49:12   -12459.477086        0.415071
BFGS:   45 16:49:12   -12459.482174        0.234036
BFGS:   46 16:49:12   -12459.487253        0.396118
BFGS:   47 16:49:12   -12459.493241        0.398076
BFGS:   48 16:49:12   -12459.497624        0.269144
BFGS:   49 16:49:12   -12459.503870        0.247388
BFGS:   50 16:49:12   -12459.509622        0.250519
BFGS:   51 16:49:12   -12459.502705        0.954351
BFGS:   52 16:49:12   -12459.513994        0.192575
BFGS:   53 16:49:12   -12459.515402        0.129422
BFGS:   54 16:49:12   -12459.518350        0.289250
BFGS:   55 16:49:12   -12459.519285        0.139538
BFGS:   56 16:49:12   -12459.520169        0.089282
BFGS:   57 16:49:12   -12459.520891        0.076538
BFGS:   58 16:49:12   -12459.521836        0.072975
BFGS:   59 16:49:12   -12459.522462        0.081288
BFGS:   60 16:49:12   -12459.522962        0.084588
BFGS:   61 16:49:12   -12459.523386        0.077913
BFGS:   62 16:49:12   -12459.523793        0.062930
BFGS:   63 16:49:12   -12459.524122        0.045279
BFGS:   64 16:49:12   -12459.524379        0.041708
BFGS:   65 16:49:12   -12459.524590        0.046031
BFGS:   66 16:49:12   -12459.524814        0.045077
BFGS:   67 16:49:12   -12459.525094        0.035214
BFGS:   68 16:49:12   -12459.525492        0.035866
BFGS:   69 16:49:12   -12459.525983        0.043852
BFGS:   70 16:49:13   -12459.526421        0.040832
BFGS:   71 16:49:13   -12459.526699        0.027098
BFGS:   72 16:49:13   -12459.526840        0.026306
BFGS:   73 16:49:13   -12459.526967        0.038083
BFGS:   74 16:49:13   -12459.527108        0.030344
BFGS:   75 16:49:13   -12459.527265        0.032638
BFGS:   76 16:49:13   -12459.527426        0.033991
BFGS:   77 16:49:13   -12459.527568        0.031575
BFGS:   78 16:49:13   -12459.527724        0.060883
BFGS:   79 16:49:13   -12459.527886        0.041079
BFGS:   80 16:49:13   -12459.528074        0.037014
BFGS:   81 16:49:13   -12459.528259        0.037917
BFGS:   82 16:49:13   -12459.528454        0.029790
BFGS:   83 16:49:13   -12459.528607        0.023953
BFGS:   84 16:49:13   -12459.528700        0.018463
BFGS:   85 16:49:13   -12459.528760        0.018616
BFGS:   86 16:49:13   -12459.528857        0.023929
BFGS:   87 16:49:13   -12459.529012        0.035289
BFGS:   88 16:49:13   -12459.529238        0.038810
BFGS:   89 16:49:13   -12459.529474        0.036624
BFGS:   90 16:49:13   -12459.529657        0.036725
BFGS:   91 16:49:13   -12459.529794        0.029337
BFGS:   92 16:49:13   -12459.529962        0.035900
BFGS:   93 16:49:13   -12459.530219        0.043947
BFGS:   94 16:49:13   -12459.530544        0.043698
BFGS:   95 16:49:13   -12459.530876        0.044625
BFGS:   96 16:49:13   -12459.531167        0.041228
BFGS:   97 16:49:13   -12459.531438        0.046526
BFGS:   98 16:49:13   -12459.531695        0.059626
BFGS:   99 16:49:13   -12459.531952        0.059400
BFGS:  100 16:49:13   -12459.532188        0.051430
BFGS:  101 16:49:13   -12459.532418        0.040983
BFGS:  102 16:49:13   -12459.532652        0.038636
BFGS:  103 16:49:13   -12459.532854        0.038354
BFGS:  104 16:49:13   -12459.533012        0.035318
BFGS:  105 16:49:13   -12459.533154        0.027363
BFGS:  106 16:49:13   -12459.533325        0.026543
BFGS:  107 16:49:13   -12459.533547        0.042825
BFGS:  108 16:49:13   -12459.533829        0.052641
BFGS:  109 16:49:13   -12459.534242        0.051830
BFGS:  110 16:49:13   -12459.534796        0.092662
BFGS:  111 16:49:13   -12459.535261        0.053939
BFGS:  112 16:49:13   -12459.535783        0.051941
BFGS:  113 16:49:13   -12459.536038        0.040003
BFGS:  114 16:49:14   -12459.536204        0.036724
BFGS:  115 16:49:14   -12459.536380        0.036919
BFGS:  116 16:49:14   -12459.536647        0.064095
BFGS:  117 16:49:14   -12459.536911        0.069845
BFGS:  118 16:49:14   -12459.537183        0.059992
BFGS:  119 16:49:14   -12459.537438        0.038471
BFGS:  120 16:49:14   -12459.537697        0.043407
BFGS:  121 16:49:14   -12459.537930        0.043229
BFGS:  122 16:49:14   -12459.538183        0.037040
BFGS:  123 16:49:14   -12459.538501        0.036920
BFGS:  124 16:49:14   -12459.538889        0.052847
BFGS:  125 16:49:14   -12459.539283        0.045501
BFGS:  126 16:49:14   -12459.539580        0.054851
BFGS:  127 16:49:14   -12459.539788        0.037227
BFGS:  128 16:49:14   -12459.539912        0.033478
BFGS:  129 16:49:14   -12459.540023        0.026768
BFGS:  130 16:49:14   -12459.540212        0.038453
BFGS:  131 16:49:14   -12459.540412        0.064193
BFGS:  132 16:49:14   -12459.540734        0.046510
BFGS:  133 16:49:14   -12459.541105        0.075018
BFGS:  134 16:49:14   -12459.542024        0.102139
BFGS:  135 16:49:14   -12459.542835        0.141588
BFGS:  136 16:49:14   -12459.544629        0.166090
BFGS:  137 16:49:14   -12459.546105        0.094507
BFGS:  138 16:49:14   -12459.547950        0.139647
BFGS:  139 16:49:14   -12459.548701        0.197609
BFGS:  140 16:49:14   -12459.550240        0.202726
BFGS:  141 16:49:14   -12459.550764        0.101984
BFGS:  142 16:49:14   -12459.551600        0.205533
BFGS:  143 16:49:14   -12459.552325        0.127954
BFGS:  144 16:49:14   -12459.552637        0.080183
BFGS:  145 16:49:14   -12459.553122        0.077846
BFGS:  146 16:49:14   -12459.553317        0.085183
BFGS:  147 16:49:14   -12459.553562        0.039397
BFGS:  148 16:49:14   -12459.553720        0.052453
BFGS:  149 16:49:14   -12459.553910        0.066598
BFGS:  150 16:49:14   -12459.554075        0.064926
BFGS:  151 16:49:14   -12459.554291        0.048980
BFGS:  152 16:49:14   -12459.554626        0.042827
BFGS:  153 16:49:14   -12459.554948        0.070391
BFGS:  154 16:49:14   -12459.555170        0.084012
BFGS:  155 16:49:14   -12459.555447        0.065515
BFGS:  156 16:49:14   -12459.555841        0.036507
BFGS:  157 16:49:14   -12459.556236        0.051802
BFGS:  158 16:49:15   -12459.556525        0.081071
BFGS:  159 16:49:15   -12459.556957        0.091802
BFGS:  160 16:49:15   -12459.557522        0.124577
BFGS:  161 16:49:15   -12459.557779        0.051663
BFGS:  162 16:49:15   -12459.558001        0.066110
BFGS:  163 16:49:15   -12459.558267        0.080941
BFGS:  164 16:49:15   -12459.558790        0.055138
BFGS:  165 16:49:15   -12459.559103        0.048828
BFGS:  166 16:49:15   -12459.559409        0.044504
BFGS:  167 16:49:15   -12459.559660        0.031279
BFGS:  168 16:49:15   -12459.559870        0.035428
BFGS:  169 16:49:15   -12459.560034        0.029840
BFGS:  170 16:49:15   -12459.560142        0.021092
BFGS:  171 16:49:15   -12459.560198        0.020320
BFGS:  172 16:49:15   -12459.560248        0.018049
BFGS:  173 16:49:15   -12459.560299        0.015232
BFGS:  174 16:49:15   -12459.560345        0.016537
BFGS:  175 16:49:15   -12459.560392        0.016714
BFGS:  176 16:49:15   -12459.560448        0.022522
BFGS:  177 16:49:15   -12459.560549        0.031158
BFGS:  178 16:49:15   -12459.560736        0.046524
BFGS:  179 16:49:15   -12459.561063        0.060047
BFGS:  180 16:49:15   -12459.561489        0.071163
BFGS:  181 16:49:15   -12459.561996        0.057668
BFGS:  182 16:49:15   -12459.562475        0.057950
BFGS:  183 16:49:15   -12459.562979        0.043122
BFGS:  184 16:49:15   -12459.563256        0.147493
BFGS:  185 16:49:15   -12459.563432        0.096601
BFGS:  186 16:49:15   -12459.563759        0.031479
BFGS:  187 16:49:15   -12459.563923        0.036827
BFGS:  188 16:49:15   -12459.564055        0.023788
BFGS:  189 16:49:15   -12459.564119        0.019810
BFGS:  190 16:49:15   -12459.564179        0.030010
BFGS:  191 16:49:15   -12459.564267        0.034643
BFGS:  192 16:49:15   -12459.564439        0.035627
BFGS:  193 16:49:15   -12459.564550        0.028176
BFGS:  194 16:49:15   -12459.564645        0.056327
BFGS:  195 16:49:15   -12459.564682        0.015641
BFGS:  196 16:49:15   -12459.564752        0.036734
BFGS:  197 16:49:15   -12459.564817        0.050220
BFGS:  198 16:49:15   -12459.564905        0.044993
BFGS:  199 16:49:15   -12459.564976        0.035025
BFGS:  200 16:49:15   -12459.565100        0.035500
BFGS:  201 16:49:16   -12459.565194        0.024931
BFGS:  202 16:49:16   -12459.565257        0.018588
BFGS:  203 16:49:16   -12459.565275        0.017008
BFGS:  204 16:49:16   -12459.565284        0.016225
BFGS:  205 16:49:16   -12459.565289        0.008814
BFGS:  206 16:49:16   -12459.565302        0.007686
BFGS:  207 16:49:16   -12459.565317        0.013712
BFGS:  208 16:49:16   -12459.565337        0.010207
BFGS:  209 16:49:16   -12459.565363        0.024252
BFGS:  210 16:49:16   -12459.565409        0.031497
BFGS:  211 16:49:16   -12459.565487        0.041069
BFGS:  212 16:49:16   -12459.565552        0.029216
BFGS:  213 16:49:16   -12459.565578        0.005904
BFGS:  214 16:49:16   -12459.565590        0.002277
