MinModeTranslate: STEP      TIME          ENERGY    MAX-FORCE     STEPSIZE    CURVATURE  ROT-STEPS
MinModeTranslate:    0  16:46:52   -12456.516714       3.6585     --------     1.261620          3
MinModeTranslate:    0  16:46:52   -12456.516714       3.6585     0.100000     1.261620          3
MinModeTranslate:    1  16:46:52   -12456.050059       7.1075     --------    -5.489760          3
MinModeTranslate:    1  16:46:52   -12456.050059       7.1075     0.100000    -5.489760          3
MinModeTranslate:    2  16:46:52   -12455.844245       5.6573     --------    -6.878575          3
MinModeTranslate:    2  16:46:52   -12455.844245       5.6573     0.100000    -6.878575          3
MinModeTranslate:    3  16:46:52   -12455.913856       5.1477     --------   -11.591037          3
MinModeTranslate:    3  16:46:52   -12455.913856       5.1477     0.100000   -11.591037          3
MinModeTranslate:    4  16:46:52   -12455.843884       4.4731     --------    -5.009878          3
MinModeTranslate:    4  16:46:52   -12455.843884       4.4731     0.100000    -5.009878          3
MinModeTranslate:    5  16:46:52   -12455.794683       3.8096     --------    -4.712182          3
MinModeTranslate:    5  16:46:52   -12455.794683       3.8096     0.100000    -4.712182          3
MinModeTranslate:    6  16:46:52   -12455.682020       3.1412     --------    -9.072830          3
MinModeTranslate:    6  16:46:52   -12455.682020       3.1412     0.100000    -9.072830          3
MinModeTranslate:    7  16:46:52   -12455.608509       2.6237     --------   -11.001228          3
MinModeTranslate:    7  16:46:52   -12455.608509       2.6237     0.100000   -11.001228          3
MinModeTranslate:    8  16:46:52   -12455.631704       2.2226     --------    -8.551239          3
MinModeTranslate:    8  16:46:52   -12455.631704       2.2226     0.100000    -8.551239          3
MinModeTranslate:    9  16:46:52   -12455.659674       2.2351     --------    -6.158741          3
MinModeTranslate:    9  16:46:53   -12455.659674       2.2351     0.100000    -6.158741          3
MinModeTranslate:   10  16:46:53   -12455.743570       1.6223     --------    -4.054707          3
MinModeTranslate:   10  16:46:53   -12455.743570       1.6223     0.100000    -4.054707          3
MinModeTranslate:   11  16:46:53   -12455.825701       1.7449     --------   -13.423066          3
MinModeTranslate:   11  16:46:53   -12455.825701       1.7449     0.100000   -13.423066          3
MinModeTranslate:   12  16:46:53   -12455.931272       2.0853     --------    -7.002823          3
MinModeTranslate:   12  16:46:53   -12455.931272       2.0853     0.100000    -7.002823          3
MinModeTranslate:   13  16:46:53   -12456.029774       1.2832     --------    -8.605547          3
MinModeTranslate:   13  16:46:53   -12456.029774       1.2832     0.015091    -8.605547          3
MinModeTranslate:   14  16:46:53   -12456.045668       0.6883     --------    -9.353846          3
MinModeTranslate:   14  16:46:53   -12456.045668       0.6883     0.100000    -9.353846          3
MinModeTranslate:   15  16:46:53   -12456.098415       1.1007     --------   -10.216740          3
MinModeTranslate:   15  16:46:53   -12456.098415       1.1007     0.087452   -10.216740          3
MinModeTranslate:   16  16:46:53   -12456.142159       1.1701     --------   -11.294538          3
MinModeTranslate:   16  16:46:53   -12456.142159       1.1701     0.100000   -11.294538          3
MinModeTranslate:   17  16:46:53   -12456.185698       0.8211     --------   -15.231568          3
MinModeTranslate:   17  16:46:53   -12456.185698       0.8211     0.064608   -15.231568          3
MinModeTranslate:   18  16:46:53   -12456.217839       0.8547     --------   -17.726249          3
MinModeTranslate:   18  16:46:53   -12456.217839       0.8547     0.085962   -17.726249          3
MinModeTranslate:   19  16:46:54   -12456.235928       0.9467     --------   -19.715368          3
MinModeTranslate:   19  16:46:54   -12456.235928       0.9467     0.060992   -19.715368          3
MinModeTranslate:   20  16:46:54   -12456.247483       0.8748     --------   -20.488116          3
MinModeTranslate:   20  16:46:54   -12456.247483       0.8748     0.045395   -20.488116          3
MinModeTranslate:   21  16:46:54   -12456.261306       0.3770     --------   -19.514376          3
MinModeTranslate:   21  16:46:54   -12456.261306       0.3770     0.058427   -19.514376          3
MinModeTranslate:   22  16:46:54   -12456.280961       0.3679     --------   -17.683015          3
MinModeTranslate:   22  16:46:54   -12456.280961       0.3679     0.042556   -17.683015          3
MinModeTranslate:   23  16:46:54   -12456.289957       0.4872     --------   -17.386181          3
MinModeTranslate:   23  16:46:54   -12456.289957       0.4872     0.032638   -17.386181          3
MinModeTranslate:   24  16:46:54   -12456.294040       0.4753     --------   -17.723518          3
MinModeTranslate:   24  16:46:54   -12456.294040       0.4753     0.058626   -17.723518          3
MinModeTranslate:   25  16:46:54   -12456.302516       0.3876     --------   -19.273061          3
MinModeTranslate:   25  16:46:54   -12456.302516       0.3876     0.031240   -19.273061          3
MinModeTranslate:   26  16:46:54   -12456.308403       0.1764     --------   -19.773868          3
MinModeTranslate:   26  16:46:54   -12456.308403       0.1764     0.023579   -19.773868          3
MinModeTranslate:   27  16:46:54   -12456.311013       0.4685     --------   -19.448389          3
MinModeTranslate:   27  16:46:54   -12456.311013       0.4685     0.037294   -19.448389          3
MinModeTranslate:   28  16:46:55   -12456.314614       0.2716     --------   -18.421112          3
MinModeTranslate:   28  16:46:55   -12456.314614       0.2716     0.043461   -18.421112          3
MinModeTranslate:   29  16:46:55   -12456.319505       0.2014     --------   -16.280898          3
MinModeTranslate:   29  16:46:55   -12456.319505       0.2014     0.023584   -16.280898          3
MinModeTranslate:   30  16:46:55   -12456.322481       0.1718     --------   -15.214915          3
MinModeTranslate:   30  16:46:55   -12456.322481       0.1718     0.017228   -15.214915          3
MinModeTranslate:   31  16:46:55   -12456.324298       0.2759     --------   -14.790253          3
MinModeTranslate:   31  16:46:55   -12456.324298       0.2759     0.012397   -14.790253          3
MinModeTranslate:   32  16:46:55   -12456.325315       0.1507     --------   -14.627784          3
MinModeTranslate:   32  16:46:55   -12456.325315       0.1507     0.017327   -14.627784          3
MinModeTranslate:   33  16:46:55   -12456.326666       0.1760     --------   -14.699763          3
MinModeTranslate:   33  16:46:55   -12456.326666       0.1760     0.031525   -14.699763          3
MinModeTranslate:   34  16:46:55   -12456.329570       0.1465     --------   -14.852408          3
MinModeTranslate:   34  16:46:55   -12456.329570       0.1465     0.011994   -14.852408          3
MinModeTranslate:   35  16:46:55   -12456.330493       0.1969     --------   -14.920904          3
MinModeTranslate:   35  16:46:55   -12456.330493       0.1969     0.012954   -14.920904          3
MinModeTranslate:   36  16:46:55   -12456.331176       0.0932     --------   -15.027978          3
MinModeTranslate:   36  16:46:56   -12456.331176       0.0932     0.011180   -15.027978          3
MinModeTranslate:   37  16:46:56   -12456.331598       0.1146     --------   -14.954264          3
MinModeTranslate:   37  16:46:56   -12456.331598       0.1146     0.009944   -14.954264          3
MinModeTranslate:   38  16:46:56   -12456.332037       0.0809     --------   -14.812577          3
MinModeTranslate:   38  16:46:56   -12456.332037       0.0809     0.005792   -14.812577          3
MinModeTranslate:   39  16:46:56   -12456.332323       0.0947     --------   -14.772188          3
MinModeTranslate:   39  16:46:56   -12456.332323       0.0947     0.005360   -14.772188          3
MinModeTranslate:   40  16:46:56   -12456.332551       0.0517     --------   -14.752781          2
MinModeTranslate:   40  16:46:56   -12456.332551       0.0517     0.008351   -14.752781          2
MinModeTranslate:   41  16:46:56   -12456.332829       0.0592     --------   -14.804543          3
MinModeTranslate:   41  16:46:56   -12456.332829       0.0592     0.007095   -14.804543          3
MinModeTranslate:   42  16:46:56   -12456.332998       0.0673     --------   -14.843912          3
MinModeTranslate:   42  16:46:56   -12456.332998       0.0673     0.005502   -14.843912          3
MinModeTranslate:   43  16:46:56   -12456.333139       0.0682     --------   -14.845774          3
MinModeTranslate:   43  16:46:56   -12456.333139       0.0682     0.005570   -14.845774          3
MinModeTranslate:   44  16:46:56   -12456.333276       0.0427     --------   -14.830266          3
MinModeTranslate:   44  16:46:56   -12456.333276       0.0427     0.006140   -14.830266          3
MinModeTranslate:   45  16:46:56   -12456.333430       0.0377     --------   -14.718541          3
MinModeTranslate:   45  16:46:57   -12456.333430       0.0377     0.006510   -14.718541          3
MinModeTranslate:   46  16:46:57   -12456.333559       0.0832     --------   -14.537385          2
MinModeTranslate:   46  16:46:57   -12456.333559       0.0832     0.010588   -14.537385          2
MinModeTranslate:   47  16:46:57   -12456.333750       0.0656     --------   -14.268750          3
MinModeTranslate:   47  16:46:57   -12456.333750       0.0656     0.010703   -14.268750          3
MinModeTranslate:   48  16:46:57   -12456.333934       0.0809     --------   -14.023338          3
MinModeTranslate:   48  16:46:57   -12456.333934       0.0809     0.012093   -14.023338          3
MinModeTranslate:   49  16:46:57   -12456.334157       0.0612     --------   -13.837086          3
MinModeTranslate:   49  16:46:57   -12456.334157       0.0612     0.012261   -13.837086          3
MinModeTranslate:   50  16:46:57   -12456.334376       0.1261     --------   -13.744929          3
MinModeTranslate:   50  16:46:57   -12456.334376       0.1261     0.015855   -13.744929          3
MinModeTranslate:   51  16:46:57   -12456.334653       0.0599     --------   -13.664936          3
MinModeTranslate:   51  16:46:57   -12456.334653       0.0599     0.035150   -13.664936          3
MinModeTranslate:   52  16:46:57   -12456.335231       0.1307     --------   -13.900184          3
MinModeTranslate:   52  16:46:57   -12456.335231       0.1307     0.040837   -13.900184          3
MinModeTranslate:   53  16:46:57   -12456.335879       0.1315     --------   -14.259857          3
MinModeTranslate:   53  16:46:57   -12456.335879       0.1315     0.019382   -14.259857          3
MinModeTranslate:   54  16:46:57   -12456.336203       0.0793     --------   -14.370946          3
MinModeTranslate:   54  16:46:57   -12456.336203       0.0793     0.019970   -14.370946          3
MinModeTranslate:   55  16:46:58   -12456.336624       0.1028     --------   -14.369806          3
MinModeTranslate:   55  16:46:58   -12456.336624       0.1028     0.052299   -14.369806          3
MinModeTranslate:   56  16:46:58   -12456.337705       0.1205     --------   -14.024281          3
MinModeTranslate:   56  16:46:58   -12456.337705       0.1205     0.034239   -14.024281          3
MinModeTranslate:   57  16:46:58   -12456.338340       0.1053     --------   -13.723540          3
MinModeTranslate:   57  16:46:58   -12456.338340       0.1053     0.043746   -13.723540          3
MinModeTranslate:   58  16:46:58   -12456.339246       0.1355     --------   -13.196370          3
MinModeTranslate:   58  16:46:58   -12456.339246       0.1355     0.040414   -13.196370          3
MinModeTranslate:   59  16:46:58   -12456.340132       0.2052     --------   -12.780362          3
MinModeTranslate:   59  16:46:58   -12456.340132       0.2052     0.064017   -12.780362          3
MinModeTranslate:   60  16:46:58   -12456.341338       0.1635     --------   -12.229380          3
MinModeTranslate:   60  16:46:58   -12456.341338       0.1635     0.100000   -12.229380          3
MinModeTranslate:   61  16:46:58   -12456.344686       0.1698     --------   -11.867854          3
MinModeTranslate:   61  16:46:58   -12456.344686       0.1698     0.040713   -11.867854          3
MinModeTranslate:   62  16:46:58   -12456.347233       0.4157     --------   -12.195078          3
MinModeTranslate:   62  16:46:58   -12456.347233       0.4157     0.100000   -12.195078          3
MinModeTranslate:   63  16:46:58   -12456.353760       0.3681     --------   -13.128698          3
MinModeTranslate:   63  16:46:58   -12456.353760       0.3681     0.063440   -13.128698          3
MinModeTranslate:   64  16:46:58   -12456.360135       0.6139     --------   -13.670262          3
MinModeTranslate:   64  16:46:58   -12456.360135       0.6139     0.069520   -13.670262          3
MinModeTranslate:   65  16:46:59   -12456.363203       0.5555     --------   -14.364527          3
MinModeTranslate:   65  16:46:59   -12456.363203       0.5555     0.056413   -14.364527          3
MinModeTranslate:   66  16:46:59   -12456.371349       0.6149     --------   -15.089616          3
MinModeTranslate:   66  16:46:59   -12456.371349       0.6149     0.057242   -15.089616          3
MinModeTranslate:   67  16:46:59   -12456.382565       0.2937     --------   -15.788519          3
MinModeTranslate:   67  16:46:59   -12456.382565       0.2937     0.052337   -15.788519          3
MinModeTranslate:   68  16:46:59   -12456.389370       0.4725     --------   -16.612388          3
MinModeTranslate:   68  16:46:59   -12456.389370       0.4725     0.080149   -16.612388          3
MinModeTranslate:   69  16:46:59   -12456.395696       0.6137     --------   -18.017121          3
MinModeTranslate:   69  16:46:59   -12456.395696       0.6137     0.100000   -18.017121          3
MinModeTranslate:   70  16:46:59   -12456.407005       0.9336     --------   -19.448357          3
MinModeTranslate:   70  16:46:59   -12456.407005       0.9336     0.065591   -19.448357          3
MinModeTranslate:   71  16:46:59   -12456.429185       0.7802     --------   -20.337580          3
MinModeTranslate:   71  16:46:59   -12456.429185       0.7802     0.051980   -20.337580          3
MinModeTranslate:   72  16:46:59   -12456.445171       0.5390     --------   -21.602857          3
MinModeTranslate:   72  16:46:59   -12456.445171       0.5390     0.100000   -21.602857          3
MinModeTranslate:   73  16:46:59   -12456.463323       0.7691     --------   -23.729912          3
MinModeTranslate:   73  16:46:59   -12456.463323       0.7691     0.100000   -23.729912          3
MinModeTranslate:   74  16:47:00   -12456.476866       0.8235     --------   -25.563726          3
MinModeTranslate:   74  16:47:00   -12456.476866       0.8235     0.100000   -25.563726          3
MinModeTranslate:   75  16:47:00   -12456.506669       0.8671     --------   -27.071873          3
MinModeTranslate:   75  16:47:00   -12456.506669       0.8671     0.100000   -27.071873          3
MinModeTranslate:   76  16:47:00   -12456.563556       0.6513     --------   -27.447669          3
MinModeTranslate:   76  16:47:00   -12456.563556       0.6513     0.038621   -27.447669          3
MinModeTranslate:   77  16:47:00   -12456.587633       1.0696     --------   -26.952296          3
MinModeTranslate:   77  16:47:00   -12456.587633       1.0696     0.066397   -26.952296          3
MinModeTranslate:   78  16:47:00   -12456.612244       1.1652     --------   -26.640826          3
MinModeTranslate:   78  16:47:00   -12456.612244       1.1652     0.060876   -26.640826          3
MinModeTranslate:   79  16:47:00   -12456.640568       0.5443     --------   -26.320299          3
MinModeTranslate:   79  16:47:00   -12456.640568       0.5443     0.051308   -26.320299          3
MinModeTranslate:   80  16:47:00   -12456.663370       1.2788     --------   -26.505834          3
MinModeTranslate:   80  16:47:00   -12456.663370       1.2788     0.070747   -26.505834          3
MinModeTranslate:   81  16:47:00   -12456.691696       0.6561     --------   -25.031866          3
MinModeTranslate:   81  16:47:00   -12456.691696       0.6561     0.057223   -25.031866          3
MinModeTranslate:   82  16:47:00   -12456.713617       0.6644     --------   -24.557447          3
MinModeTranslate:   82  16:47:00   -12456.713617       0.6644     0.037587   -24.557447          3
MinModeTranslate:   83  16:47:00   -12456.729847       0.9305     --------   -24.049291          3
MinModeTranslate:   83  16:47:01   -12456.729847       0.9305     0.044051   -24.049291          3
MinModeTranslate:   84  16:47:01   -12456.746345       0.5302     --------   -22.884815          3
MinModeTranslate:   84  16:47:01   -12456.746345       0.5302     0.034903   -22.884815          3
MinModeTranslate:   85  16:47:01   -12456.758853       0.4300     --------   -21.482323          3
MinModeTranslate:   85  16:47:01   -12456.758853       0.4300     0.038132   -21.482323          3
MinModeTranslate:   86  16:47:01   -12456.768913       0.3600     --------   -20.335331          3
MinModeTranslate:   86  16:47:01   -12456.768913       0.3600     0.052715   -20.335331          3
MinModeTranslate:   87  16:47:01   -12456.779736       0.5099     --------   -19.735905          3
MinModeTranslate:   87  16:47:01   -12456.779736       0.5099     0.052352   -19.735905          3
MinModeTranslate:   88  16:47:01   -12456.788950       0.5910     --------   -19.594095          3
MinModeTranslate:   88  16:47:01   -12456.788950       0.5910     0.044015   -19.594095          3
MinModeTranslate:   89  16:47:01   -12456.798921       0.3915     --------   -18.714560          3
MinModeTranslate:   89  16:47:01   -12456.798921       0.3915     0.081376   -18.714560          3
MinModeTranslate:   90  16:47:01   -12456.818722       0.4811     --------   -17.570451          3
MinModeTranslate:   90  16:47:01   -12456.818722       0.4811     0.096201   -17.570451          3
MinModeTranslate:   91  16:47:01   -12456.839257       0.6733     --------   -19.663738          3
MinModeTranslate:   91  16:47:01   -12456.839257       0.6733     0.100000   -19.663738          3
MinModeTranslate:   92  16:47:01   -12456.858557       0.4925     --------   -23.942131          3
MinModeTranslate:   92  16:47:01   -12456.858557       0.4925     0.059250   -23.942131          3
MinModeTranslate:   93  16:47:02   -12456.872981       0.7023     --------   -26.322126          3
MinModeTranslate:   93  16:47:02   -12456.872981       0.7023     0.052483   -26.322126          3
MinModeTranslate:   94  16:47:02   -12456.883500       0.3563     --------   -27.023328          3
MinModeTranslate:   94  16:47:02   -12456.883500       0.3563     0.075349   -27.023328          3
MinModeTranslate:   95  16:47:02   -12456.897013       0.3724     --------   -25.289625          3
MinModeTranslate:   95  16:47:02   -12456.897013       0.3724     0.049268   -25.289625          3
MinModeTranslate:   96  16:47:02   -12456.905348       0.3317     --------   -23.652503          3
MinModeTranslate:   96  16:47:02   -12456.905348       0.3317     0.076401   -23.652503          3
MinModeTranslate:   97  16:47:02   -12456.918054       0.5369     --------   -22.344079          3
MinModeTranslate:   97  16:47:02   -12456.918054       0.5369     0.100000   -22.344079          3
MinModeTranslate:   98  16:47:02   -12456.935114       0.4144     --------   -21.553502          3
MinModeTranslate:   98  16:47:02   -12456.935114       0.4144     0.063050   -21.553502          3
MinModeTranslate:   99  16:47:02   -12456.948782       0.3726     --------   -21.957744          3
MinModeTranslate:   99  16:47:02   -12456.948782       0.3726     0.100000   -21.957744          3
MinModeTranslate:  100  16:47:02   -12456.968738       0.4943     --------   -24.155797          3
MinModeTranslate:  100  16:47:02   -12456.968738       0.4943     0.060702   -24.155797          3
MinModeTranslate:  101  16:47:02   -12456.981333       0.8158     --------   -26.042698          3
MinModeTranslate:  101  16:47:02   -12456.981333       0.8158     0.093556   -26.042698          3
MinModeTranslate:  102  16:47:03   -12456.992936       0.5978     --------   -28.354968          3
MinModeTranslate:  102  16:47:03   -12456.992936       0.5978     0.086966   -28.354968          3
MinModeTranslate:  103  16:47:03   -12457.011582       1.0468     --------   -27.823789          3
MinModeTranslate:  103  16:47:03   -12457.011582       1.0468     0.075071   -27.823789          3
MinModeTranslate:  104  16:47:03   -12457.029852       0.7421     --------   -25.874741          3
MinModeTranslate:  104  16:47:03   -12457.029852       0.7421     0.100000   -25.874741          3
MinModeTranslate:  105  16:47:03   -12457.052753       0.4881     --------   -21.985886          3
MinModeTranslate:  105  16:47:03   -12457.052753       0.4881     0.048040   -21.985886          3
MinModeTranslate:  106  16:47:03   -12457.065444       0.6354     --------   -21.175984          3
MinModeTranslate:  106  16:47:03   -12457.065444       0.6354     0.046354   -21.175984          3
MinModeTranslate:  107  16:47:03   -12457.074358       0.4446     --------   -21.322018          3
MinModeTranslate:  107  16:47:03   -12457.074358       0.4446     0.100000   -21.322018          3
MinModeTranslate:  108  16:47:03   -12457.091191       0.5357     --------   -22.884913          3
MinModeTranslate:  108  16:47:03   -12457.091191       0.5357     0.068317   -22.884913          3
MinModeTranslate:  109  16:47:03   -12457.100520       0.6268     --------   -23.252781          3
MinModeTranslate:  109  16:47:03   -12457.100520       0.6268     0.057796   -23.252781          3
MinModeTranslate:  110  16:47:03   -12457.116261       0.4296     --------   -22.118162          3
MinModeTranslate:  110  16:47:03   -12457.116261       0.4296     0.036437   -22.118162          3
MinModeTranslate:  111  16:47:04   -12457.123279       0.3781     --------   -20.372306          3
MinModeTranslate:  111  16:47:04   -12457.123279       0.3781     0.042913   -20.372306          3
MinModeTranslate:  112  16:47:04   -12457.129334       0.3520     --------   -18.604306          3
MinModeTranslate:  112  16:47:04   -12457.129334       0.3520     0.039903   -18.604306          3
MinModeTranslate:  113  16:47:04   -12457.135477       0.3534     --------   -18.392746          3
MinModeTranslate:  113  16:47:04   -12457.135477       0.3534     0.044349   -18.392746          3
MinModeTranslate:  114  16:47:04   -12457.142252       0.4113     --------   -19.580472          3
MinModeTranslate:  114  16:47:04   -12457.142252       0.4113     0.062213   -19.580472          3
MinModeTranslate:  115  16:47:04   -12457.149844       0.3278     --------   -21.947454          3
MinModeTranslate:  115  16:47:04   -12457.149844       0.3278     0.050977   -21.947454          3
MinModeTranslate:  116  16:47:04   -12457.156080       0.6182     --------   -22.791230          3
MinModeTranslate:  116  16:47:04   -12457.156080       0.6182     0.067969   -22.791230          3
MinModeTranslate:  117  16:47:04   -12457.165693       0.3001     --------   -22.737589          3
MinModeTranslate:  117  16:47:04   -12457.165693       0.3001     0.061894   -22.737589          3
MinModeTranslate:  118  16:47:04   -12457.172757       0.3797     --------   -21.528899          3
MinModeTranslate:  118  16:47:04   -12457.172757       0.3797     0.067442   -21.528899          3
MinModeTranslate:  119  16:47:04   -12457.179254       0.4863     --------   -20.065742          3
MinModeTranslate:  119  16:47:04   -12457.179254       0.4863     0.058422   -20.065742          3
MinModeTranslate:  120  16:47:04   -12457.185533       0.3927     --------   -19.468671          3
MinModeTranslate:  120  16:47:04   -12457.185533       0.3927     0.100000   -19.468671          3
MinModeTranslate:  121  16:47:05   -12457.196565       0.5776     --------   -19.903810          3
MinModeTranslate:  121  16:47:05   -12457.196565       0.5776     0.085530   -19.903810          3
MinModeTranslate:  122  16:47:05   -12457.205911       0.5795     --------   -20.566785          3
MinModeTranslate:  122  16:47:05   -12457.205911       0.5795     0.100000   -20.566785          3
MinModeTranslate:  123  16:47:05   -12457.215803       0.4216     --------   -21.683944          3
MinModeTranslate:  123  16:47:05   -12457.215803       0.4216     0.084443   -21.683944          3
MinModeTranslate:  124  16:47:05   -12457.225607       0.4387     --------   -22.244691          3
MinModeTranslate:  124  16:47:05   -12457.225607       0.4387     0.098098   -22.244691          3
MinModeTranslate:  125  16:47:05   -12457.235205       0.3643     --------   -22.613536          3
MinModeTranslate:  125  16:47:05   -12457.235205       0.3643     0.062225   -22.613536          3
MinModeTranslate:  126  16:47:05   -12457.241510       0.3788     --------   -23.058552          3
MinModeTranslate:  126  16:47:05   -12457.241510       0.3788     0.076463   -23.058552          3
MinModeTranslate:  127  16:47:05   -12457.249465       0.4699     --------   -24.241075          3
MinModeTranslate:  127  16:47:05   -12457.249465       0.4699     0.065760   -24.241075          3
MinModeTranslate:  128  16:47:05   -12457.255978       0.2549     --------   -24.886257          3
MinModeTranslate:  128  16:47:05   -12457.255978       0.2549     0.040117   -24.886257          3
MinModeTranslate:  129  16:47:05   -12457.259740       0.3005     --------   -24.528415          3
MinModeTranslate:  129  16:47:05   -12457.259740       0.3005     0.066957   -24.528415          3
MinModeTranslate:  130  16:47:06   -12457.265961       0.5562     --------   -23.306409          3
MinModeTranslate:  130  16:47:06   -12457.265961       0.5562     0.100000   -23.306409          3
MinModeTranslate:  131  16:47:06   -12457.276158       0.3448     --------   -21.608573          3
MinModeTranslate:  131  16:47:06   -12457.276158       0.3448     0.046730   -21.608573          3
MinModeTranslate:  132  16:47:06   -12457.282349       0.4643     --------   -22.017574          3
MinModeTranslate:  132  16:47:06   -12457.282349       0.4643     0.042155   -22.017574          3
MinModeTranslate:  133  16:47:06   -12457.286508       0.2751     --------   -23.457918          3
MinModeTranslate:  133  16:47:06   -12457.286508       0.2751     0.035032   -23.457918          3
MinModeTranslate:  134  16:47:06   -12457.290486       0.2846     --------   -24.709684          3
MinModeTranslate:  134  16:47:06   -12457.290486       0.2846     0.024553   -24.709684          3
MinModeTranslate:  135  16:47:06   -12457.293050       0.2111     --------   -24.980682          3
MinModeTranslate:  135  16:47:06   -12457.293050       0.2111     0.032951   -24.980682          3
MinModeTranslate:  136  16:47:06   -12457.295997       0.2032     --------   -24.171618          3
MinModeTranslate:  136  16:47:06   -12457.295997       0.2032     0.028614   -24.171618          3
MinModeTranslate:  137  16:47:06   -12457.298469       0.2238     --------   -23.175003          3
MinModeTranslate:  137  16:47:06   -12457.298469       0.2238     0.021538   -23.175003          3
MinModeTranslate:  138  16:47:06   -12457.300243       0.1608     --------   -22.550878          3
MinModeTranslate:  138  16:47:06   -12457.300243       0.1608     0.019113   -22.550878          3
MinModeTranslate:  139  16:47:06   -12457.301667       0.1660     --------   -22.491278          3
MinModeTranslate:  139  16:47:06   -12457.301667       0.1660     0.013061   -22.491278          3
MinModeTranslate:  140  16:47:07   -12457.302493       0.1786     --------   -22.985618          3
MinModeTranslate:  140  16:47:07   -12457.302493       0.1786     0.020678   -22.985618          3
MinModeTranslate:  141  16:47:07   -12457.303754       0.1411     --------   -23.883073          3
MinModeTranslate:  141  16:47:07   -12457.303754       0.1411     0.016302   -23.883073          3
MinModeTranslate:  142  16:47:07   -12457.304695       0.2229     --------   -24.139911          3
MinModeTranslate:  142  16:47:07   -12457.304695       0.2229     0.021429   -24.139911          3
MinModeTranslate:  143  16:47:07   -12457.305804       0.2216     --------   -23.936254          3
MinModeTranslate:  143  16:47:07   -12457.305804       0.2216     0.037506   -23.936254          3
MinModeTranslate:  144  16:47:07   -12457.307627       0.2105     --------   -23.071754          3
MinModeTranslate:  144  16:47:07   -12457.307627       0.2105     0.021371   -23.071754          3
MinModeTranslate:  145  16:47:07   -12457.308626       0.1915     --------   -22.942587          3
MinModeTranslate:  145  16:47:07   -12457.308626       0.1915     0.041041   -22.942587          3
MinModeTranslate:  146  16:47:07   -12457.310540       0.2204     --------   -23.379806          3
MinModeTranslate:  146  16:47:07   -12457.310540       0.2204     0.032140   -23.379806          3
MinModeTranslate:  147  16:47:07   -12457.311992       0.2681     --------   -23.994817          3
MinModeTranslate:  147  16:47:07   -12457.311992       0.2681     0.029443   -23.994817          3
MinModeTranslate:  148  16:47:08   -12457.313221       0.1358     --------   -24.347075          3
MinModeTranslate:  148  16:47:08   -12457.313221       0.1358     0.034564   -24.347075          3
MinModeTranslate:  149  16:47:08   -12457.314637       0.2012     --------   -24.324025          3
MinModeTranslate:  149  16:47:08   -12457.314637       0.2012     0.033964   -24.324025          3
MinModeTranslate:  150  16:47:08   -12457.316013       0.2318     --------   -24.265925          3
MinModeTranslate:  150  16:47:08   -12457.316013       0.2318     0.032926   -24.265925          3
MinModeTranslate:  151  16:47:08   -12457.317319       0.1323     --------   -24.229729          3
MinModeTranslate:  151  16:47:08   -12457.317319       0.1323     0.041557   -24.229729          3
MinModeTranslate:  152  16:47:08   -12457.318815       0.2944     --------   -24.537222          3
MinModeTranslate:  152  16:47:08   -12457.318815       0.2944     0.063487   -24.537222          3
MinModeTranslate:  153  16:47:08   -12457.321181       0.1785     --------   -25.182361          3
MinModeTranslate:  153  16:47:08   -12457.321181       0.1785     0.061172   -25.182361          3
MinModeTranslate:  154  16:47:08   -12457.323654       0.1918     --------   -25.433649          3
MinModeTranslate:  154  16:47:08   -12457.323654       0.1918     0.097884   -25.433649          3
MinModeTranslate:  155  16:47:08   -12457.327105       0.3418     --------   -24.948233          3
MinModeTranslate:  155  16:47:08   -12457.327105       0.3418     0.100000   -24.948233          3
MinModeTranslate:  156  16:47:09   -12457.331012       0.3116     --------   -24.444308          3
MinModeTranslate:  156  16:47:09   -12457.331012       0.3116     0.060643   -24.444308          3
MinModeTranslate:  157  16:47:09   -12457.334979       0.3217     --------   -24.720697          3
MinModeTranslate:  157  16:47:09   -12457.334979       0.3217     0.049131   -24.720697          3
MinModeTranslate:  158  16:47:09   -12457.337527       0.2106     --------   -25.146606          3
MinModeTranslate:  158  16:47:09   -12457.337527       0.2106     0.047979   -25.146606          3
MinModeTranslate:  159  16:47:09   -12457.340074       0.2345     --------   -25.700057          3
MinModeTranslate:  159  16:47:09   -12457.340074       0.2345     0.059873   -25.700057          3
MinModeTranslate:  160  16:47:09   -12457.343318       0.3250     --------   -26.184041          3
