     Step     Time          Energy          fmax
IRC:    0 00:49:11    -5251.308109        0.019595
IRC:    1 00:49:50    -5251.368655        1.381159
IRC:    2 00:50:20    -5251.541061        2.567071
IRC:    3 00:50:40    -5251.801267        3.405040
IRC:    4 00:50:59    -5252.117149        3.847138
IRC:    5 00:51:19    -5252.456235        3.923635
IRC:    6 00:51:39    -5252.790277        3.703417
IRC:    7 00:51:59    -5253.098411        3.298269
IRC:    8 00:52:18    -5253.369040        2.811466
IRC:    9 00:52:36    -5253.598244        2.323016
IRC:   10 00:52:54    -5253.787409        1.883742
IRC:   11 00:53:12    -5253.939599        1.685798
IRC:   12 00:53:29    -5254.058854        1.571371
IRC:   13 00:53:47    -5254.150587        1.466454
IRC:   14 00:54:05    -5254.221451        1.341046
IRC:   15 00:54:23    -5254.277197        1.186621
IRC:   16 00:54:41    -5254.321843        1.013640
IRC:   17 00:55:09    -5254.357985        0.838227
IRC:   18 00:55:27    -5254.387371        0.670449
IRC:   19 00:55:36    -5254.411190        0.517739
IRC:   20 00:55:45    -5254.430314        0.379743
IRC:   21 00:55:54    -5254.445403        0.270968
IRC:   22 00:56:22    -5254.457030        0.189411
IRC:   23 00:56:49    -5254.465816        0.129601
IRC:   24 00:57:16    -5254.472620        0.093296
IRC:   25 00:57:44    -5254.478335        0.061403
IRC:   26 00:57:53    -5254.483356        0.047378
