      Step     Time          Energy          fmax
BFGS:    0 16:55:29    -6226.109361        7.147940
BFGS:    1 16:55:29    -6226.939750        2.388626
BFGS:    2 16:55:29    -6227.129877        0.814152
BFGS:    3 16:55:29    -6227.179924        0.928019
BFGS:    4 16:55:29    -6227.208645        0.695178
BFGS:    5 16:55:29    -6227.273044        0.789561
BFGS:    6 16:55:29    -6227.306447        0.692870
BFGS:    7 16:55:29    -6227.488769        1.609581
BFGS:    8 16:55:29    -6227.633949        3.011520
BFGS:    9 16:55:29    -6227.727428        3.054869
BFGS:   10 16:55:29    -6227.799827        2.299756
BFGS:   11 16:55:29    -6227.939746        1.952995
BFGS:   12 16:55:29    -6228.258119        1.729844
BFGS:   13 16:55:29    -6228.469252        2.179149
BFGS:   14 16:55:29    -6228.662603        2.991655
BFGS:   15 16:55:29    -6228.762055        3.014808
BFGS:   16 16:55:29    -6228.914831        2.868846
BFGS:   17 16:55:29    -6229.318607        2.503884
BFGS:   18 16:55:29    -6229.632144        2.478116
BFGS:   19 16:55:29    -6229.772463        1.949559
BFGS:   20 16:55:29    -6229.854787        1.876785
BFGS:   21 16:55:29    -6229.928415        0.749330
BFGS:   22 16:55:29    -6229.954947        0.398918
BFGS:   23 16:55:29    -6229.968594        0.374158
BFGS:   24 16:55:29    -6229.985401        0.409955
BFGS:   25 16:55:29    -6229.993835        0.237168
BFGS:   26 16:55:29    -6229.997268        0.166157
BFGS:   27 16:55:29    -6229.999043        0.147945
BFGS:   28 16:55:29    -6230.001261        0.143765
BFGS:   29 16:55:29    -6230.003275        0.129283
BFGS:   30 16:55:29    -6230.004329        0.074819
BFGS:   31 16:55:29    -6230.004758        0.070811
BFGS:   32 16:55:29    -6230.005122        0.073167
BFGS:   33 16:55:29    -6230.005740        0.079618
BFGS:   34 16:55:29    -6230.006847        0.122262
BFGS:   35 16:55:29    -6230.008520        0.153933
BFGS:   36 16:55:29    -6230.010338        0.135866
BFGS:   37 16:55:29    -6230.011634        0.087539
BFGS:   38 16:55:29    -6230.012239        0.062859
BFGS:   39 16:55:29    -6230.012579        0.041757
BFGS:   40 16:55:29    -6230.012844        0.041283
BFGS:   41 16:55:29    -6230.012984        0.030374
BFGS:   42 16:55:29    -6230.013057        0.024570
BFGS:   43 16:55:29    -6230.013118        0.024384
BFGS:   44 16:55:29    -6230.013165        0.022474
BFGS:   45 16:55:29    -6230.013220        0.024462
BFGS:   46 16:55:30    -6230.013292        0.033156
BFGS:   47 16:55:30    -6230.013379        0.043328
BFGS:   48 16:55:30    -6230.013479        0.042431
BFGS:   49 16:55:30    -6230.013550        0.025294
BFGS:   50 16:55:30    -6230.013584        0.010228
BFGS:   51 16:55:30    -6230.013595        0.008137
BFGS:   52 16:55:30    -6230.013601        0.008372
BFGS:   53 16:55:30    -6230.013604        0.006428
BFGS:   54 16:55:30    -6230.013608        0.004960
