MINMODE:METHOD: Dimer
DIM:CONTROL: Search Parameters:
DIM:CONTROL: ------------------
DIM:CONTROL: eigenmode_method = dimer
DIM:CONTROL: f_rot_min = 0.01
DIM:CONTROL: f_rot_max = 0.1
DIM:CONTROL: max_num_rot = 3
DIM:CONTROL: trial_angle = 0.7853981633974483
DIM:CONTROL: trial_trans_step = 0.001
DIM:CONTROL: maximum_translation = 0.1
DIM:CONTROL: cg_translation = True
DIM:CONTROL: use_central_forces = True
DIM:CONTROL: dimer_separation = 0.005
DIM:CONTROL: initial_eigenmode_method = gauss
DIM:CONTROL: extrapolate_forces = True
DIM:CONTROL: displacement_method = gauss
DIM:CONTROL: gauss_std = 0.1
DIM:CONTROL: order = 1
DIM:CONTROL: mask = None
DIM:CONTROL: displacement_center = None
DIM:CONTROL: displacement_radius = None
DIM:CONTROL: number_of_displacement_atoms = None
DIM:CONTROL: ------------------
DIM:ROT: OPT-STEP ROT-STEP CURVATURE ROT-ANGLE ROT-FORCE
DIM:ROT:       0         1    0.9498   13.2848   16.3848
DIM:ROT:       0         2   -0.5587    9.3033    9.0044
DIM:ROT:       0         3   -1.2881    5.3882    7.9153
DIM:ROT:       1         1   -2.6543    5.8072    6.9011
DIM:ROT:       1         2   -3.0905    3.6814    6.6668
DIM:ROT:       1         3   -3.4412    4.0985    4.7895
DIM:ROT:       2         1   -4.1789    4.3382    5.8707
DIM:ROT:       2         2   -4.5208    3.6587    5.2910
DIM:ROT:       2         3   -4.7869    3.3829    4.5555
DIM:ROT:       3         1   -6.7678    4.3315    5.9521
DIM:ROT:       3         2   -7.0964    3.2250    5.7515
DIM:ROT:       3         3   -7.3537    3.2706    4.4828
DIM:ROT:       4         1  -10.5436    8.9297    6.3700
DIM:ROT:       4         2  -11.0322    3.7264    7.1067
DIM:ROT:       4         3  -11.2715    4.0406    3.4612
DIM:ROT:       5         1  -17.8074    8.0013    9.8054
DIM:ROT:       5         2  -18.3645    3.5444    8.6245
DIM:ROT:       5         3  -18.6607    3.5534    4.6635
DIM:ROT:       6         1  -19.0245    3.9086    5.1142
DIM:ROT:       6         2  -19.1364    1.8043    3.4942
DIM:ROT:       6         3  -19.1850    1.4295    1.8988
DIM:ROT:       7         1  -14.8350    7.1615    7.4797
DIM:ROT:       7         2  -15.0506    2.4676    4.7355
DIM:ROT:       7         3  -15.1448    1.8088    2.9510
DIM:ROT:       8         1  -17.4176    5.8342    4.8194
DIM:ROT:       8         2  -17.5718    1.9187    4.3631
DIM:ROT:       8         3  -17.6350    1.8821    1.9402
DIM:ROT:       9         1  -18.6723    4.1371    5.2042
DIM:ROT:       9         2  -18.8593    2.2293    4.4131
DIM:ROT:       9         3  -18.9652    2.1513    2.8005
DIM:ROT:      10         1  -22.6986    1.9278    3.1256
DIM:ROT:      10         2  -22.7600    1.3289    2.5200
DIM:ROT:      10         3  -22.7952    1.1077    1.7885
DIM:ROT:      11         1  -25.1223    5.8432    4.6892
DIM:ROT:      11         2  -25.2298    1.6327    4.3516
DIM:ROT:      11         3  -25.2700    1.5283    1.5226
DIM:ROT:      12         1  -28.0103    5.0485    4.1761
DIM:ROT:      12         2  -28.0574    1.0547    2.6165
DIM:ROT:      12         3  -28.0701    0.7310    1.0152
DIM:ROT:      13         1  -32.9120    5.8208   10.7832
DIM:ROT:      13         2  -33.1540    2.0439    4.7219
DIM:ROT:      13         3  -33.2055    1.4189    2.3523
DIM:ROT:      14         1  -30.9225    3.2849    5.1479
DIM:ROT:      14         2  -31.0218    1.4102    3.0336
DIM:ROT:      14         3  -31.0467    1.0141    1.5612
DIM:ROT:      15         1  -30.9242    1.8731    2.6418
DIM:ROT:      15         2  -30.9461    0.7253    1.9202
DIM:ROT:      15         3  -30.9585    0.6295    0.9010
DIM:ROT:      16         1  -26.7704    3.5207    3.9792
DIM:ROT:      16         2  -26.7761    0.8930    1.0826
DIM:ROT:      16         3  -26.7814    0.3262    0.7971
DIM:ROT:      17         1  -27.6883    2.0140    1.9052
DIM:ROT:      17         2  -27.6916    0.5057    0.9361
DIM:ROT:      17         3  -27.6943    0.2763    0.4592
DIM:ROT:      18         1  -31.8040    3.1225    3.1108
DIM:ROT:      18         2  -31.8121    0.7039    1.6148
DIM:ROT:      18         3  -31.8182    0.4564    0.7011
DIM:ROT:      19         1  -31.1940    1.7876    2.9989
DIM:ROT:      19         2  -31.2270    0.8304    1.8859
DIM:ROT:      19         3  -31.2362    0.6329    1.0567
DIM:ROT:      20         1  -27.9704    1.7213    2.6737
DIM:ROT:      20         2  -27.9882    0.6565    1.3116
DIM:ROT:      20         3  -27.9938    0.4766    0.7407
DIM:ROT:      21         1  -28.8251    1.6475    2.2217
DIM:ROT:      21         2  -28.8322    0.5746    1.3437
DIM:ROT:      21         3  -28.8380    0.4408    0.6255
DIM:ROT:      22         1  -31.6775    2.2125    2.9807
DIM:ROT:      22         2  -31.6791    0.5953    1.4645
DIM:ROT:      22         3  -31.6850    0.4234    0.6356
DIM:ROT:      23         1  -31.4174    1.1252    1.1723
DIM:ROT:      23         2  -31.4174    0.3182    0.4335
DIM:ROT:      23         3  -31.4185    0.1127    0.1898
DIM:ROT:      24         1  -28.0624    1.6257    1.6655
DIM:ROT:      24         2  -28.0704    0.4733    0.7534
DIM:ROT:      24         3  -28.0715    0.2047    0.4105
DIM:ROT:      25         1  -26.8367    1.1275    1.3007
DIM:ROT:      25         2  -26.8436    0.3716    0.8472
DIM:ROT:      25         3  -26.8458    0.2805    0.4055
DIM:ROT:      26         1  -26.7453    0.9929    1.1507
DIM:ROT:      26         2  -26.7506    0.3087    0.6509
DIM:ROT:      26         3  -26.7519    0.2049    0.3374
DIM:ROT:      27         1  -26.9611    0.9300    1.3093
DIM:ROT:      27         2  -26.9662    0.3541    0.7404
DIM:ROT:      27         3  -26.9684    0.2533    0.3814
DIM:ROT:      28         1  -25.5957    0.9004    0.7470
DIM:ROT:      28         2  -25.5997    0.3475    0.4682
DIM:ROT:      28         3  -25.5995    0.1565    0.2110
DIM:ROT:      29         1  -23.5399    0.7569    0.7105
DIM:ROT:      29         2  -23.5427    0.2962    0.4198
DIM:ROT:      29         3  -23.5422    0.1273    0.2575
DIM:ROT:      30         1  -24.9329    1.0536    1.6318
DIM:ROT:      30         2  -24.9360    0.4979    1.0221
DIM:ROT:      30         3  -24.9408    0.3896    0.5930
DIM:ROT:      31         1  -26.2832    0.8786    0.7513
DIM:ROT:      31         2  -26.2839    0.2169    0.5498
DIM:ROT:      31         3  -26.2844    0.1647    0.2368
DIM:ROT:      32         1  -25.8744    0.7242    1.0427
DIM:ROT:      32         2  -25.8775    0.2396    0.3698
DIM:ROT:      32         3  -25.8775    0.1316    0.2653
DIM:ROT:      33         1  -23.3481    1.3862    2.0141
DIM:ROT:      33         2  -23.3585    0.4872    0.8249
DIM:ROT:      33         3  -23.3605    0.3051    0.5649
DIM:ROT:      34         1  -24.2088    0.8291    0.9540
DIM:ROT:      34         2  -24.2123    0.3198    0.7308
DIM:ROT:      34         3  -24.2147    0.2757    0.3812
DIM:ROT:      35         1  -25.7750    1.0992    1.2622
DIM:ROT:      35         2  -25.7774    0.4009    0.6617
DIM:ROT:      35         3  -25.7793    0.2181    0.4459
DIM:ROT:      36         1  -24.1325    1.4889    1.5319
DIM:ROT:      36         2  -24.1363    0.4837    0.8693
DIM:ROT:      36         3  -24.1395    0.2734    0.4953
DIM:ROT:      37         1  -23.4788    1.6945    1.4645
DIM:ROT:      37         2  -23.4843    0.4774    0.8829
DIM:ROT:      37         3  -23.4867    0.2468    0.5040
DIM:ROT:      38         1  -23.1331    1.7934    1.3012
DIM:ROT:      38         2  -23.1400    0.3821    0.9286
DIM:ROT:      38         3  -23.1411    0.2501    0.3701
DIM:ROT:      39         1  -23.7622    0.7357    0.4540
DIM:ROT:      39         2  -23.7625    0.1341    0.2961
DIM:ROT:      39         3  -23.7627    0.0665    0.1181
DIM:ROT:      40         1  -26.1721    0.8497    0.9537
DIM:ROT:      40         2  -26.1777    0.3115    0.7651
DIM:ROT:      40         3  -26.1782    0.2611    0.3294
DIM:ROT:      41         1  -24.8844    0.6626    0.9470
DIM:ROT:      41         2  -24.8891    0.2877    0.5844
DIM:ROT:      41         3  -24.8898    0.2201    0.3595
DIM:ROT:      42         1  -24.0456    0.7079    0.7381
DIM:ROT:      42         2  -24.0463    0.3053    0.4114
DIM:ROT:      42         3  -24.0475    0.1402    0.2552
DIM:ROT:      43         1  -25.3948    1.2612    1.8743
DIM:ROT:      43         2  -25.3935    0.4848    0.5652
DIM:ROT:      43         3  -25.3960    0.2064    0.4593
DIM:ROT:      44         1  -26.2011    0.9904    1.3444
DIM:ROT:      44         2  -26.2014    0.5008    0.5013
DIM:ROT:      44         3  -26.2031    0.1806    0.3517
DIM:ROT:      45         1  -25.6922    0.7743    1.1295
DIM:ROT:      45         2  -25.6994    0.3912    0.8100
DIM:ROT:      45         3  -25.7014    0.3081    0.4744
DIM:ROT:      46         1  -26.5610    0.6813    0.6393
DIM:ROT:      46         2  -26.5637    0.2109    0.5678
DIM:ROT:      46         3  -26.5647    0.1897    0.2179
DIM:ROT:      47         1  -27.8246    0.8675    0.8374
DIM:ROT:      47         2  -27.8285    0.2539    0.6909
DIM:ROT:      47         3  -27.8291    0.2346    0.2520
DIM:ROT:      48         1  -27.7063    0.7824    1.3830
DIM:ROT:      48         2  -27.7084    0.3897    0.7938
DIM:ROT:      48         3  -27.7113    0.2950    0.4855
DIM:ROT:      49         1  -28.2666    1.1030    1.7581
DIM:ROT:      49         2  -28.2692    0.4532    1.0229
DIM:ROT:      49         3  -28.2734    0.3703    0.5579
DIM:ROT:      50         1  -28.9115    1.0323    1.4441
DIM:ROT:      50         2  -28.9122    0.3718    0.8609
DIM:ROT:      50         3  -28.9150    0.3024    0.4374
DIM:ROT:      51         1  -29.7921    0.7922    1.4446
DIM:ROT:      51         2  -29.7983    0.3308    0.7203
DIM:ROT:      51         3  -29.7998    0.2475    0.4014
DIM:ROT:      52         1  -30.0308    0.8793    1.0392
DIM:ROT:      52         2  -30.0360    0.4100    0.4174
DIM:ROT:      52         3  -30.0363    0.1670    0.2359
DIM:ROT:      53         1  -29.5985    0.5017    0.5927
DIM:ROT:      53         2  -29.6000    0.1903    0.4605
DIM:ROT:      53         3  -29.6009    0.1645    0.2109
DIM:ROT:      54         1  -29.5475    1.1624    1.9609
DIM:ROT:      54         2  -29.5522    0.5064    1.1624
DIM:ROT:      54         3  -29.5574    0.4030    0.6389
DIM:ROT:      55         1  -29.6014    1.0188    1.1529
DIM:ROT:      55         2  -29.6010    0.3215    0.6011
DIM:ROT:      55         3  -29.6027    0.1957    0.3524
DIM:ROT:      56         1  -30.4358    0.9807    1.3987
DIM:ROT:      56         2  -30.4397    0.4094    0.9768
DIM:ROT:      56         3  -30.4432    0.3420    0.4931
DIM:ROT:      57         1  -29.0167    0.9018    1.2018
DIM:ROT:      57         2  -29.0230    0.3339    0.7962
DIM:ROT:      57         3  -29.0243    0.2800    0.3806
DIM:ROT:      58         1  -27.9266    1.1672    1.3637
DIM:ROT:      58         2  -27.9316    0.3396    0.5572
DIM:ROT:      58         3  -27.9320    0.1799    0.3786
DIM:ROT:      59         1  -27.0311    0.6449    0.8821
DIM:ROT:      59         2  -27.0333    0.1974    0.4591
DIM:ROT:      59         3  -27.0336    0.1520    0.2317
DIM:ROT:      60         1  -28.4392    0.6396    0.7557
DIM:ROT:      60         2  -28.4393    0.1989    0.4932
DIM:ROT:      60         3  -28.4402    0.1517    0.2248
DIM:ROT:      61         1  -29.3628    1.0116    1.4179
DIM:ROT:      61         2  -29.3618    0.2978    0.5593
DIM:ROT:      61         3  -29.3629    0.1885    0.3485
DIM:ROT:      62         1  -29.8502    1.0793    1.4255
DIM:ROT:      62         2  -29.8496    0.3196    0.5800
DIM:ROT:      62         3  -29.8509    0.1868    0.3710
DIM:ROT:      63         1  -28.6354    0.6998    1.0869
DIM:ROT:      63         2  -28.6411    0.3312    0.7799
DIM:ROT:      63         3  -28.6426    0.2588    0.3992
DIM:ROT:      64         1  -28.7380    1.4482    1.9033
DIM:ROT:      64         2  -28.7489    0.3817    0.8736
DIM:ROT:      64         3  -28.7506    0.2780    0.4346
DIM:ROT:      65         1  -29.3441    1.3533    1.4239
DIM:ROT:      65         2  -29.3512    0.3177    0.5338
DIM:ROT:      65         3  -29.3515    0.1455    0.3387
DIM:ROT:      66         1  -29.8446    0.4792    0.9776
DIM:ROT:      66         2  -29.8444    0.1950    0.4435
DIM:ROT:      66         3  -29.8449    0.1189    0.2147
DIM:ROT:      67         1  -29.4041    0.3503    0.6580
DIM:ROT:      67         2  -29.4035    0.1221    0.2908
DIM:ROT:      67         3  -29.4037    0.0792    0.1277
DIM:ROT:      68         1  -29.1354    0.2093    0.4116
DIM:ROT:      68         2  -29.1351    0.0999    0.2114
DIM:ROT:      68         3  -29.1354    0.0658    0.1186
DIM:ROT:      69         1  -28.3037    0.4868    0.7626
DIM:ROT:      69         2  -28.3059    0.1994    0.4589
DIM:ROT:      69         3  -28.3069    0.1496    0.2279
DIM:ROT:      70         1  -28.8498    0.6051    0.6882
DIM:ROT:      70         2  -28.8521    0.1611    0.2667
DIM:ROT:      70         3  -28.8523    0.0790    0.1681
DIM:ROT:      71         1  -28.8986    0.3997    0.4429
DIM:ROT:      71         2  -28.9001    0.1119    0.1750
DIM:ROT:      71         3  -28.9001    0.0517    0.1116
DIM:ROT:      72         1  -28.9514    0.2842    0.3818
DIM:ROT:      72         2  -28.9520    0.1184    0.2821
DIM:ROT:      72         3  -28.9525    0.1008    0.1383
DIM:ROT:      73         1  -28.5543    0.2285    0.3442
DIM:ROT:      73         2  -28.5546    0.1201    0.2633
DIM:ROT:      73         3  -28.5551    0.0982    0.1492
DIM:ROT:      74         1  -28.6394    0.2168    0.2315
DIM:ROT:      74         2  -28.6393    0.0766    0.1891
DIM:ROT:      74         3  -28.6395    0.0646    0.0853
DIM:ROT:      75         1  -28.8042    0.1772    0.1680
DIM:ROT:      75         2  -28.8041    0.0569    0.0899
DIM:ROT:      76         1  -28.9491    0.3027    0.2471
DIM:ROT:      76         2  -28.9493    0.0627    0.1253
DIM:ROT:      76         3  -28.9493    0.0269    0.0525
DIM:ROT:      77         1  -28.8043    0.4511    0.5220
DIM:ROT:      77         2  -28.8060    0.1501    0.3717
DIM:ROT:      77         3  -28.8060    0.1166    0.1596
DIM:ROT:      78         1  -28.3524    0.4548    0.4251
DIM:ROT:      78         2  -28.3533    0.1255    0.1913
DIM:ROT:      78         3  -28.3531    0.0503    0.0876
DIM:ROT:      79         1  -28.0823    0.3462    0.3367
DIM:ROT:      79         2  -28.0828    0.0896    0.1851
DIM:ROT:      79         3  -28.0828    0.0481    0.0881
DIM:ROT:      80         1  -28.2251    0.3799    0.3627
DIM:ROT:      80         2  -28.2253    0.1001    0.1926
DIM:ROT:      80         3  -28.2254    0.0463    0.0915
DIM:ROT:      81         1  -28.4704    0.2389    0.2647
DIM:ROT:      81         2  -28.4704    0.0782    0.1897
DIM:ROT:      81         3  -28.4705    0.0596    0.0830
DIM:ROT:      82         1  -28.8288    0.1553    0.2010
DIM:ROT:      82         2  -28.8286    0.0547    0.1296
DIM:ROT:      82         3  -28.8288    0.0405    0.0627
DIM:ROT:      83         1  -28.4697    0.1672    0.2581
DIM:ROT:      83         2  -28.4699    0.0747    0.1609
DIM:ROT:      83         3  -28.4700    0.0547    0.0903
DIM:ROT:      84         1  -28.2640    0.2633    0.3010
DIM:ROT:      84         2  -28.2647    0.0833    0.1470
DIM:ROT:      84         3  -28.2648    0.0454    0.0899
DIM:ROT:      85         1  -27.7000    0.4362    0.5924
DIM:ROT:      85         2  -27.7017    0.1210    0.2520
DIM:ROT:      85         3  -27.7020    0.0822    0.1421
DIM:ROT:      86         1  -28.0190    0.6131    0.8338
DIM:ROT:      86         2  -28.0218    0.1989    0.4674
DIM:ROT:      86         3  -28.0229    0.1553    0.2322
DIM:ROT:      87         1  -28.5831    0.2150    0.4587
DIM:ROT:      87         2  -28.5836    0.1400    0.2372
DIM:ROT:      87         3  -28.5841    0.0802    0.1675
DIM:ROT:      88         1  -28.6707    0.1112    0.2276
DIM:ROT:      88         2  -28.6706    0.0697    0.1253
DIM:ROT:      88         3  -28.6708    0.0432    0.0860
DIM:ROT:      89         1  -28.1433    0.1360    0.2596
DIM:ROT:      89         2  -28.1434    0.0796    0.1547
DIM:ROT:      89         3  -28.1436    0.0515    0.0970
DIM:ROT:      90         1  -28.1112    0.1292    0.1896
DIM:ROT:      90         2  -28.1117    0.0573    0.1340
DIM:ROT:      90         3  -28.1117    0.0462    0.0682
DIM:ROT:      91         1  -28.2824    0.1068    0.1025
DIM:ROT:      91         2  -28.2827    0.0303    0.0563
DIM:ROT:      92         1  -28.2988    0.0583    0.1121
DIM:ROT:      92         2  -28.2989    0.0358    0.0697
DIM:ROT:      93         1  -28.2819    0.1051    0.1212
DIM:ROT:      93         2  -28.2818    0.0370    0.0936
DIM:ROT:      94         1  -28.3236    0.1079    0.0847
DIM:ROT:      95         1  -28.3079    0.0741    0.0861
DIM:ROT:      96         1  -28.3250    0.0707    0.0962
DIM:ROT:      97         1  -28.3230    0.0378    0.0814
DIM:ROT:      98         1  -28.3821    0.0792    0.1393
DIM:ROT:      98         2  -28.3824    0.0343    0.0764
DIM:ROT:      99         1  -28.3488    0.0593    0.0737
DIM:ROT:     100         1  -28.2855    0.0708    0.1467
DIM:ROT:     100         2  -28.2853    0.0351    0.0728
DIM:ROT:     101         1  -28.3074    0.0880    0.1509
DIM:ROT:     101         2  -28.3072    0.0359    0.0839
DIM:ROT:     102         1  -28.3891    0.0698    0.0881
DIM:ROT:     103         1  -28.3533    0.0409    0.0925
DIM:ROT:     104         1  -28.3328    0.0641    0.0833
DIM:ROT:     105         1  -28.3149    0.0220    0.0501
DIM:ROT:     106         1  -28.3372    0.0263    0.0427
DIM:ROT:     107         1  -28.3812    0.0780    0.0845
DIM:ROT:     108         1  -28.3698    0.0514    0.0445
DIM:ROT:     109         1  -28.3678    0.0199    0.0347
DIM:ROT:     110         1  -28.3390    0.0245    0.0324
DIM:ROT:     111         1  -28.3373    0.0215    0.0365
DIM:ROT:     112         1  -28.3557    0.0223    0.0281
DIM:ROT:     113         1  -28.3411    0.0190    0.0386
DIM:ROT:     114         1  -28.3287    0.0219    0.0299
DIM:ROT:     115         1  -28.3289    0.0169    0.0256
DIM:ROT:     116         1  -28.3443    0.0124    0.0282
