MinModeTranslate: STEP      TIME          ENERGY    MAX-FORCE     STEPSIZE    CURVATURE  ROT-STEPS
MinModeTranslate:    0  16:29:58    -9341.924979       0.9340     --------     5.987010          3
MinModeTranslate:    0  16:29:58    -9341.924979       0.9340     0.100000     5.987010          3
MinModeTranslate:    1  16:29:58    -9341.777697       0.5667     --------     1.716458          3
MinModeTranslate:    1  16:29:58    -9341.777697       0.5667     0.100000     1.716458          3
MinModeTranslate:    2  16:29:58    -9341.690014       7.7286     --------    -0.284478          3
MinModeTranslate:    2  16:29:58    -9341.690014       7.7286     0.100000    -0.284478          3
MinModeTranslate:    3  16:29:58    -9341.657223       7.2298     --------    -0.990128          3
MinModeTranslate:    3  16:29:58    -9341.657223       7.2298     0.100000    -0.990128          3
MinModeTranslate:    4  16:29:58    -9342.563847       3.9364     --------    -0.623380          3
MinModeTranslate:    4  16:29:58    -9342.563847       3.9364     0.100000    -0.623380          3
MinModeTranslate:    5  16:29:58    -9343.189343       3.0589     --------    -0.175317          3
MinModeTranslate:    5  16:29:58    -9343.189343       3.0589     0.100000    -0.175317          3
MinModeTranslate:    6  16:29:58    -9343.611229       0.3858     --------     0.292946          3
MinModeTranslate:    6  16:29:58    -9343.611229       0.3858     0.100000     0.292946          3
MinModeTranslate:    7  16:29:58    -9343.552710       0.3766     --------     0.183133          3
MinModeTranslate:    7  16:29:58    -9343.552710       0.3766     0.100000     0.183133          3
MinModeTranslate:    8  16:29:59    -9343.498273       0.3680     --------     0.194819          3
MinModeTranslate:    8  16:29:59    -9343.498273       0.3680     0.100000     0.194819          3
MinModeTranslate:    9  16:29:59    -9343.446896       0.3444     --------     0.156263          3
MinModeTranslate:    9  16:29:59    -9343.446896       0.3444     0.100000     0.156263          3
MinModeTranslate:   10  16:29:59    -9343.400629       0.3145     --------     0.069545          3
MinModeTranslate:   10  16:29:59    -9343.400629       0.3145     0.100000     0.069545          3
MinModeTranslate:   11  16:29:59    -9343.359693       0.2872     --------     0.011541          3
MinModeTranslate:   11  16:29:59    -9343.359693       0.2872     0.100000     0.011541          3
MinModeTranslate:   12  16:29:59    -9343.323000       2.7306     --------    -0.014478          3
MinModeTranslate:   12  16:29:59    -9343.323000       2.7306     0.100000    -0.014478          3
MinModeTranslate:   13  16:29:59    -9343.319579       0.2597     --------     0.120492          3
MinModeTranslate:   13  16:29:59    -9343.319579       0.2597     0.100000     0.120492          3
MinModeTranslate:   14  16:29:59    -9343.286090       0.2534     --------     0.128493          3
MinModeTranslate:   14  16:29:59    -9343.286090       0.2534     0.100000     0.128493          3
MinModeTranslate:   15  16:29:59    -9343.253377       0.2500     --------     0.095454          3
MinModeTranslate:   15  16:29:59    -9343.253377       0.2500     0.100000     0.095454          3
MinModeTranslate:   16  16:29:59    -9343.221252       0.2334     --------     0.051770          3
MinModeTranslate:   16  16:29:59    -9343.221252       0.2334     0.100000     0.051770          3
MinModeTranslate:   17  16:29:59    -9343.191289       0.2084     --------     0.086879          3
MinModeTranslate:   17  16:29:59    -9343.191289       0.2084     0.100000     0.086879          3
MinModeTranslate:   18  16:29:59    -9343.164110       0.1749     --------     0.205275          3
MinModeTranslate:   18  16:29:59    -9343.164110       0.1749     0.100000     0.205275          3
MinModeTranslate:   19  16:29:59    -9343.140425       0.1445     --------     0.342816          3
MinModeTranslate:   19  16:29:59    -9343.140425       0.1445     0.100000     0.342816          3
MinModeTranslate:   20  16:29:59    -9343.119841       0.1108     --------     0.459420          3
MinModeTranslate:   20  16:30:00    -9343.119841       0.1108     0.100000     0.459420          3
MinModeTranslate:   21  16:30:00    -9343.102904       0.0774     --------     0.556438          3
MinModeTranslate:   21  16:30:00    -9343.102904       0.0774     0.100000     0.556438          3
MinModeTranslate:   22  16:30:00    -9343.089734       0.0377     --------     0.623860          3
MinModeTranslate:   22  16:30:00    -9343.089734       0.0377     0.100000     0.623860          3
MinModeTranslate:   23  16:30:00    -9343.081370       0.0073     --------     0.652951          3
MinModeTranslate:   23  16:30:00    -9343.081370       0.0073     0.100000     0.652951          3
MinModeTranslate:   24  16:30:00    -9342.969957       0.0328     --------     1.335480          3
MinModeTranslate:   24  16:30:00    -9342.969957       0.0328     0.100000     1.335480          3
MinModeTranslate:   25  16:30:00    -9342.664680       0.0929     --------     2.248206          3
MinModeTranslate:   25  16:30:00    -9342.664680       0.0929     0.100000     2.248206          3
MinModeTranslate:   26  16:30:00    -9342.442289       0.1172     --------     2.617149          3
MinModeTranslate:   26  16:30:00    -9342.442289       0.1172     0.100000     2.617149          3
MinModeTranslate:   27  16:30:00    -9342.337026       0.1922     --------     2.754362          3
MinModeTranslate:   27  16:30:00    -9342.337026       0.1922     0.100000     2.754362          3
MinModeTranslate:   28  16:30:00    -9342.250100       0.1615     --------     2.819133          3
MinModeTranslate:   28  16:30:00    -9342.250100       0.1615     0.100000     2.819133          3
MinModeTranslate:   29  16:30:00    -9342.214135       0.2371     --------     2.814287          3
MinModeTranslate:   29  16:30:00    -9342.214135       0.2371     0.100000     2.814287          3
MinModeTranslate:   30  16:30:00    -9342.161660       0.1611     --------     2.746831          3
MinModeTranslate:   30  16:30:00    -9342.161660       0.1611     0.100000     2.746831          3
MinModeTranslate:   31  16:30:00    -9342.125881       0.2103     --------     2.597797          3
MinModeTranslate:   31  16:30:00    -9342.125881       0.2103     0.100000     2.597797          3
MinModeTranslate:   32  16:30:00    -9342.078427       0.1129     --------     2.328843          3
MinModeTranslate:   32  16:30:00    -9342.078427       0.1129     0.100000     2.328843          3
MinModeTranslate:   33  16:30:00    -9342.050931       0.1878     --------     2.020957          3
MinModeTranslate:   33  16:30:00    -9342.050931       0.1878     0.100000     2.020957          3
MinModeTranslate:   34  16:30:01    -9342.008325       0.1598     --------     1.719610          3
MinModeTranslate:   34  16:30:01    -9342.008325       0.1598     0.100000     1.719610          3
MinModeTranslate:   35  16:30:01    -9341.975873       0.2654     --------     1.472350          3
MinModeTranslate:   35  16:30:01    -9341.975873       0.2654     0.100000     1.472350          3
MinModeTranslate:   36  16:30:01    -9341.927132       0.2934     --------     1.236346          3
MinModeTranslate:   36  16:30:01    -9341.927132       0.2934     0.100000     1.236346          3
MinModeTranslate:   37  16:30:01    -9341.871341       0.3973     --------     1.024916          3
MinModeTranslate:   37  16:30:01    -9341.871341       0.3973     0.100000     1.024916          3
MinModeTranslate:   38  16:30:01    -9341.800885       0.4408     --------     0.803931          3
MinModeTranslate:   38  16:30:01    -9341.800885       0.4408     0.100000     0.803931          3
MinModeTranslate:   39  16:30:01    -9341.719557       0.5433     --------     0.604888          3
MinModeTranslate:   39  16:30:01    -9341.719557       0.5433     0.100000     0.604888          3
MinModeTranslate:   40  16:30:01    -9341.621220       0.6162     --------     0.422609          3
MinModeTranslate:   40  16:30:01    -9341.621220       0.6162     0.100000     0.422609          3
MinModeTranslate:   41  16:30:01    -9341.506615       0.7360     --------     0.200332          3
MinModeTranslate:   41  16:30:01    -9341.506615       0.7360     0.100000     0.200332          3
MinModeTranslate:   42  16:30:01    -9341.372160       5.2168     --------    -0.687037          3
MinModeTranslate:   42  16:30:01    -9341.372160       5.2168     0.100000    -0.687037          3
MinModeTranslate:   43  16:30:01    -9341.341454       4.4844     --------    -2.393360          3
MinModeTranslate:   43  16:30:01    -9341.341454       4.4844     0.100000    -2.393360          3
MinModeTranslate:   44  16:30:01    -9341.780887       4.0207     --------    -2.980283          3
MinModeTranslate:   44  16:30:01    -9341.780887       4.0207     0.100000    -2.980283          3
MinModeTranslate:   45  16:30:02    -9342.080188       3.4243     --------    -3.082270          3
MinModeTranslate:   45  16:30:02    -9342.080188       3.4243     0.100000    -3.082270          3
MinModeTranslate:   46  16:30:02    -9342.161382       2.9407     --------    -3.928547          3
MinModeTranslate:   46  16:30:02    -9342.161382       2.9407     0.100000    -3.928547          3
MinModeTranslate:   47  16:30:02    -9342.168514       2.7120     --------    -5.711936          3
MinModeTranslate:   47  16:30:02    -9342.168514       2.7120     0.100000    -5.711936          3
MinModeTranslate:   48  16:30:02    -9342.133327       2.4148     --------    -6.915967          3
MinModeTranslate:   48  16:30:02    -9342.133327       2.4148     0.100000    -6.915967          3
MinModeTranslate:   49  16:30:02    -9342.033766       2.4314     --------    -3.555799          3
MinModeTranslate:   49  16:30:02    -9342.033766       2.4314     0.100000    -3.555799          3
MinModeTranslate:   50  16:30:02    -9341.913093       2.3717     --------    -4.650318          3
MinModeTranslate:   50  16:30:02    -9341.913093       2.3717     0.100000    -4.650318          3
MinModeTranslate:   51  16:30:02    -9341.788147       2.2954     --------     4.149203          3
MinModeTranslate:   51  16:30:02    -9341.788147       2.2954     0.100000     4.149203          3
MinModeTranslate:   52  16:30:02    -9341.486826       2.6563     --------     1.293504          3
MinModeTranslate:   52  16:30:02    -9341.486826       2.6563     0.100000     1.293504          3
MinModeTranslate:   53  16:30:02    -9341.178669       2.4523     --------    -6.825680          3
MinModeTranslate:   53  16:30:02    -9341.178669       2.4523     0.100000    -6.825680          3
MinModeTranslate:   54  16:30:03    -9340.961040       3.0785     --------    -2.042092          3
MinModeTranslate:   54  16:30:03    -9340.961040       3.0785     0.100000    -2.042092          3
MinModeTranslate:   55  16:30:03    -9340.830677       1.8224     --------    -6.274655          3
MinModeTranslate:   55  16:30:03    -9340.830677       1.8224     0.056384    -6.274655          3
MinModeTranslate:   56  16:30:03    -9340.752795       3.4414     --------    -6.272949          3
MinModeTranslate:   56  16:30:03    -9340.752795       3.4414     0.100000    -6.272949          3
MinModeTranslate:   57  16:30:03    -9340.642330       1.4427     --------     2.238846          3
MinModeTranslate:   57  16:30:03    -9340.642330       1.4427     0.100000     2.238846          3
MinModeTranslate:   58  16:30:03    -9340.449331       1.9430     --------     4.227783          3
MinModeTranslate:   58  16:30:03    -9340.449331       1.9430     0.100000     4.227783          3
MinModeTranslate:   59  16:30:03    -9340.209994       4.3029     --------    -2.000202          3
MinModeTranslate:   59  16:30:03    -9340.209994       4.3029     0.100000    -2.000202          3
MinModeTranslate:   60  16:30:03    -9340.079905       1.8162     --------    -5.789685          3
MinModeTranslate:   60  16:30:03    -9340.079905       1.8162     0.100000    -5.789685          3
MinModeTranslate:   61  16:30:03    -9339.939294       2.7117     --------    -6.015959          3
MinModeTranslate:   61  16:30:03    -9339.939294       2.7117     0.100000    -6.015959          3
MinModeTranslate:   62  16:30:03    -9339.917802       1.1664     --------    -3.356887          3
MinModeTranslate:   62  16:30:03    -9339.917802       1.1664     0.046423    -3.356887          3
MinModeTranslate:   63  16:30:03    -9339.891597       1.5898     --------    -2.106941          3
MinModeTranslate:   63  16:30:03    -9339.891597       1.5898     0.100000    -2.106941          3
MinModeTranslate:   64  16:30:04    -9339.819064       0.9791     --------     1.554205          3
MinModeTranslate:   64  16:30:04    -9339.819064       0.9791     0.100000     1.554205          3
MinModeTranslate:   65  16:30:04    -9339.688548       1.2453     --------     3.793385          3
MinModeTranslate:   65  16:30:04    -9339.688548       1.2453     0.100000     3.793385          3
MinModeTranslate:   66  16:30:04    -9339.532732       1.9294     --------    -4.626007          3
MinModeTranslate:   66  16:30:04    -9339.532732       1.9294     0.100000    -4.626007          3
MinModeTranslate:   67  16:30:04    -9339.473228       0.6977     --------    -9.752501          3
MinModeTranslate:   67  16:30:04    -9339.473228       0.6977     0.037576    -9.752501          3
MinModeTranslate:   68  16:30:04    -9339.463316       1.0690     --------    -8.987353          3
MinModeTranslate:   68  16:30:04    -9339.463316       1.0690     0.051986    -8.987353          3
MinModeTranslate:   69  16:30:04    -9339.457660       0.9048     --------    -5.268407          3
MinModeTranslate:   69  16:30:04    -9339.457660       0.9048     0.100000    -5.268407          3
MinModeTranslate:   70  16:30:04    -9339.477597       0.2106     --------     2.378961          3
MinModeTranslate:   70  16:30:04    -9339.477597       0.2106     0.100000     2.378961          3
MinModeTranslate:   71  16:30:04    -9339.431860       0.5652     --------     4.264258          3
MinModeTranslate:   71  16:30:04    -9339.431860       0.5652     0.100000     4.264258          3
MinModeTranslate:   72  16:30:04    -9339.349472       0.7831     --------    -0.801614          3
MinModeTranslate:   72  16:30:04    -9339.349472       0.7831     0.100000    -0.801614          3
MinModeTranslate:   73  16:30:05    -9339.286061       0.5776     --------    -3.834174          3
MinModeTranslate:   73  16:30:05    -9339.286061       0.5776     0.063872    -3.834174          3
MinModeTranslate:   74  16:30:05    -9339.260188       1.0498     --------    -3.926977          3
MinModeTranslate:   74  16:30:05    -9339.260188       1.0498     0.093062    -3.926977          3
MinModeTranslate:   75  16:30:05    -9339.242911       0.8294     --------    -2.793371          3
MinModeTranslate:   75  16:30:05    -9339.242911       0.8294     0.018706    -2.793371          3
MinModeTranslate:   76  16:30:05    -9339.256196       0.5666     --------    -2.667071          3
MinModeTranslate:   76  16:30:05    -9339.256196       0.5666     0.019787    -2.667071          3
MinModeTranslate:   77  16:30:05    -9339.263592       0.3421     --------    -2.563370          3
MinModeTranslate:   77  16:30:05    -9339.263592       0.3421     0.012539    -2.563370          3
MinModeTranslate:   78  16:30:05    -9339.265418       0.4279     --------    -2.397776          3
MinModeTranslate:   78  16:30:05    -9339.265418       0.4279     0.039745    -2.397776          3
MinModeTranslate:   79  16:30:05    -9339.269476       0.4879     --------    -1.919320          3
MinModeTranslate:   79  16:30:05    -9339.269476       0.4879     0.085589    -1.919320          3
MinModeTranslate:   80  16:30:05    -9339.280199       0.3729     --------    -0.751886          3
MinModeTranslate:   80  16:30:05    -9339.280199       0.3729     0.054250    -0.751886          3
MinModeTranslate:   81  16:30:05    -9339.288890       0.5171     --------    -0.218499          3
MinModeTranslate:   81  16:30:05    -9339.288890       0.5171     0.100000    -0.218499          3
MinModeTranslate:   82  16:30:05    -9339.303950       0.0031     --------     0.701551          3
MinModeTranslate:   82  16:30:05    -9339.303950       0.0031     0.100000     0.701551          3
MinModeTranslate:   83  16:30:05    -9339.297019       0.1273     --------     1.854239          3
MinModeTranslate:   83  16:30:05    -9339.297019       0.1273     0.100000     1.854239          3
MinModeTranslate:   84  16:30:05    -9339.272755       0.2603     --------     1.221854          3
MinModeTranslate:   84  16:30:05    -9339.272755       0.2603     0.100000     1.221854          3
MinModeTranslate:   85  16:30:06    -9339.236705       0.3111     --------     0.013623          3
MinModeTranslate:   85  16:30:06    -9339.236705       0.3111     0.100000     0.013623          3
MinModeTranslate:   86  16:30:06    -9339.200352       0.6131     --------    -0.714944          3
MinModeTranslate:   86  16:30:06    -9339.200352       0.6131     0.100000    -0.714944          3
MinModeTranslate:   87  16:30:06    -9339.173989       0.5231     --------    -0.778588          3
MinModeTranslate:   87  16:30:06    -9339.173989       0.5231     0.012620    -0.778588          3
MinModeTranslate:   88  16:30:06    -9339.179746       0.3742     --------    -0.795346          3
MinModeTranslate:   88  16:30:06    -9339.179746       0.3742     0.017319    -0.795346          3
MinModeTranslate:   89  16:30:06    -9339.182145       0.3547     --------    -0.797382          3
MinModeTranslate:   89  16:30:06    -9339.182145       0.3547     0.025559    -0.797382          3
MinModeTranslate:   90  16:30:06    -9339.182524       0.4292     --------    -0.793607          3
MinModeTranslate:   90  16:30:06    -9339.182524       0.4292     0.033547    -0.793607          3
MinModeTranslate:   91  16:30:06    -9339.181025       0.5672     --------    -0.764372          3
MinModeTranslate:   91  16:30:06    -9339.181025       0.5672     0.061493    -0.764372          3
MinModeTranslate:   92  16:30:06    -9339.177639       0.6100     --------    -0.666593          3
MinModeTranslate:   92  16:30:06    -9339.177639       0.6100     0.082464    -0.666593          3
MinModeTranslate:   93  16:30:06    -9339.173620       0.7033     --------    -0.489936          3
MinModeTranslate:   93  16:30:06    -9339.173620       0.7033     0.065762    -0.489936          3
MinModeTranslate:   94  16:30:06    -9339.171164       0.9616     --------    -0.354130          3
MinModeTranslate:   94  16:30:06    -9339.171164       0.9616     0.100000    -0.354130          3
MinModeTranslate:   95  16:30:06    -9339.177530       0.6022     --------    -0.174384          3
MinModeTranslate:   95  16:30:06    -9339.177530       0.6022     0.011109    -0.174384          3
MinModeTranslate:   96  16:30:07    -9339.182453       0.5966     --------    -0.176941          3
MinModeTranslate:   96  16:30:07    -9339.182453       0.5966     0.022411    -0.176941          3
MinModeTranslate:   97  16:30:07    -9339.188305       0.3822     --------    -0.165578          3
MinModeTranslate:   97  16:30:07    -9339.188305       0.3822     0.027493    -0.165578          3
MinModeTranslate:   98  16:30:07    -9339.192659       0.3904     --------    -0.124059          3
MinModeTranslate:   98  16:30:07    -9339.192659       0.3904     0.015230    -0.124059          3
MinModeTranslate:   99  16:30:07    -9339.194176       0.3276     --------    -0.098245          3
MinModeTranslate:   99  16:30:07    -9339.194176       0.3276     0.028593    -0.098245          3
MinModeTranslate:  100  16:30:07    -9339.195833       0.2157     --------    -0.086389          3
MinModeTranslate:  100  16:30:07    -9339.195833       0.2157     0.012517    -0.086389          3
MinModeTranslate:  101  16:30:07    -9339.196014       0.2160     --------    -0.090333          3
MinModeTranslate:  101  16:30:07    -9339.196014       0.2160     0.035637    -0.090333          3
MinModeTranslate:  102  16:30:07    -9339.195700       0.2673     --------    -0.082129          3
MinModeTranslate:  102  16:30:07    -9339.195700       0.2673     0.064064    -0.082129          3
MinModeTranslate:  103  16:30:07    -9339.194328       0.3003     --------    -0.068824          3
MinModeTranslate:  103  16:30:07    -9339.194328       0.3003     0.100000    -0.068824          3
MinModeTranslate:  104  16:30:07    -9339.192504       0.5161     --------    -0.052006          3
MinModeTranslate:  104  16:30:07    -9339.192504       0.5161     0.100000    -0.052006          3
MinModeTranslate:  105  16:30:07    -9339.194603       0.5110     --------    -0.029210          3
MinModeTranslate:  105  16:30:07    -9339.194603       0.5110     0.076950    -0.029210          3
MinModeTranslate:  106  16:30:08    -9339.198388       0.3821     --------    -0.041757          3
MinModeTranslate:  106  16:30:08    -9339.198388       0.3821     0.100000    -0.041757          3
MinModeTranslate:  107  16:30:08    -9339.197798       0.5204     --------    -0.047636          3
MinModeTranslate:  107  16:30:08    -9339.197798       0.5204     0.100000    -0.047636          3
MinModeTranslate:  108  16:30:08    -9339.204021       0.2721     --------    -0.067256          3
MinModeTranslate:  108  16:30:08    -9339.204021       0.2721     0.022849    -0.067256          3
MinModeTranslate:  109  16:30:08    -9339.207110       0.3363     --------    -0.059935          3
MinModeTranslate:  109  16:30:08    -9339.207110       0.3363     0.019474    -0.059935          3
MinModeTranslate:  110  16:30:08    -9339.208506       0.2272     --------    -0.058810          3
MinModeTranslate:  110  16:30:08    -9339.208506       0.2272     0.013551    -0.058810          3
MinModeTranslate:  111  16:30:08    -9339.209538       0.1580     --------    -0.066132          3
MinModeTranslate:  111  16:30:08    -9339.209538       0.1580     0.008590    -0.066132          3
MinModeTranslate:  112  16:30:08    -9339.209924       0.1700     --------    -0.070250          3
MinModeTranslate:  112  16:30:08    -9339.209924       0.1700     0.015768    -0.070250          3
MinModeTranslate:  113  16:30:08    -9339.210369       0.1218     --------    -0.077601          3
MinModeTranslate:  113  16:30:08    -9339.210369       0.1218     0.013328    -0.077601          3
MinModeTranslate:  114  16:30:08    -9339.210511       0.1098     --------    -0.086279          3
MinModeTranslate:  114  16:30:08    -9339.210511       0.1098     0.017588    -0.086279          3
MinModeTranslate:  115  16:30:08    -9339.210488       0.1636     --------    -0.095255          3
MinModeTranslate:  115  16:30:08    -9339.210488       0.1636     0.014268    -0.095255          3
MinModeTranslate:  116  16:30:09    -9339.210391       0.1246     --------    -0.104765          3
MinModeTranslate:  116  16:30:09    -9339.210391       0.1246     0.023345    -0.104765          3
MinModeTranslate:  117  16:30:09    -9339.210059       0.1929     --------    -0.110047          3
MinModeTranslate:  117  16:30:09    -9339.210059       0.1929     0.032634    -0.110047          3
MinModeTranslate:  118  16:30:09    -9339.209557       0.2681     --------    -0.121341          3
MinModeTranslate:  118  16:30:09    -9339.209557       0.2681     0.046319    -0.121341          3
MinModeTranslate:  119  16:30:09    -9339.208936       0.1650     --------    -0.126819          3
MinModeTranslate:  119  16:30:09    -9339.208936       0.1650     0.051032    -0.126819          3
MinModeTranslate:  120  16:30:09    -9339.207581       0.1663     --------    -0.138809          3
MinModeTranslate:  120  16:30:09    -9339.207581       0.1663     0.042565    -0.138809          3
MinModeTranslate:  121  16:30:09    -9339.206666       0.1962     --------    -0.144536          3
MinModeTranslate:  121  16:30:09    -9339.206666       0.1962     0.023147    -0.144536          3
MinModeTranslate:  122  16:30:09    -9339.206167       0.1730     --------    -0.148309          3
MinModeTranslate:  122  16:30:09    -9339.206167       0.1730     0.047189    -0.148309          3
MinModeTranslate:  123  16:30:09    -9339.205067       0.1587     --------    -0.146180          3
MinModeTranslate:  123  16:30:09    -9339.205067       0.1587     0.030992    -0.146180          3
MinModeTranslate:  124  16:30:09    -9339.204386       0.1916     --------    -0.148603          3
MinModeTranslate:  124  16:30:09    -9339.204386       0.1916     0.068279    -0.148603          3
MinModeTranslate:  125  16:30:09    -9339.203310       0.2056     --------    -0.142173          3
MinModeTranslate:  125  16:30:10    -9339.203310       0.2056     0.055250    -0.142173          3
MinModeTranslate:  126  16:30:10    -9339.202524       0.1270     --------    -0.133976          3
MinModeTranslate:  126  16:30:10    -9339.202524       0.1270     0.040796    -0.133976          3
MinModeTranslate:  127  16:30:10    -9339.202201       0.3181     --------    -0.127818          3
MinModeTranslate:  127  16:30:10    -9339.202201       0.3181     0.052356    -0.127818          3
MinModeTranslate:  128  16:30:10    -9339.201998       0.1747     --------    -0.111032          3
MinModeTranslate:  128  16:30:10    -9339.201998       0.1747     0.035208    -0.111032          3
MinModeTranslate:  129  16:30:10    -9339.201938       0.1365     --------    -0.101073          3
MinModeTranslate:  129  16:30:10    -9339.201938       0.1365     0.021584    -0.101073          3
MinModeTranslate:  130  16:30:10    -9339.201902       0.1676     --------    -0.091003          3
MinModeTranslate:  130  16:30:10    -9339.201902       0.1676     0.016594    -0.091003          3
MinModeTranslate:  131  16:30:10    -9339.201884       0.0689     --------    -0.083218          2
MinModeTranslate:  131  16:30:10    -9339.201884       0.0689     0.009062    -0.083218          2
MinModeTranslate:  132  16:30:10    -9339.201877       0.1285     --------    -0.080418          1
MinModeTranslate:  132  16:30:10    -9339.201877       0.1285     0.012233    -0.080418          1
MinModeTranslate:  133  16:30:10    -9339.201881       0.0845     --------    -0.073663          2
MinModeTranslate:  133  16:30:10    -9339.201881       0.0845     0.010784    -0.073663          2
MinModeTranslate:  134  16:30:10    -9339.201867       0.0619     --------    -0.068270          1
MinModeTranslate:  134  16:30:10    -9339.201867       0.0619     0.022124    -0.068270          1
MinModeTranslate:  135  16:30:10    -9339.201825       0.1694     --------    -0.055453          1
MinModeTranslate:  135  16:30:10    -9339.201825       0.1694     0.032139    -0.055453          1
MinModeTranslate:  136  16:30:11    -9339.201788       0.1187     --------    -0.036952          1
MinModeTranslate:  136  16:30:11    -9339.201788       0.1187     0.035953    -0.036952          1
MinModeTranslate:  137  16:30:11    -9339.201772       0.1768     --------    -0.004993          3
MinModeTranslate:  137  16:30:11    -9339.201772       0.1768     0.035663    -0.004993          3
MinModeTranslate:  138  16:30:11    -9339.201798       0.1733     --------    -0.002610          2
MinModeTranslate:  138  16:30:11    -9339.201798       0.1733     0.051623    -0.002610          2
MinModeTranslate:  139  16:30:11    -9339.201713       0.0778     --------    -0.000589          2
MinModeTranslate:  139  16:30:11    -9339.201713       0.0778     0.012550    -0.000589          2
MinModeTranslate:  140  16:30:11    -9339.201766       0.1438     --------    -0.001674          2
MinModeTranslate:  140  16:30:11    -9339.201766       0.1438     0.016948    -0.001674          2
MinModeTranslate:  141  16:30:11    -9339.201817       0.0144     --------     0.000218          1
MinModeTranslate:  141  16:30:11    -9339.201817       0.0144     0.100000     0.000218          1
MinModeTranslate:  142  16:30:11    -9339.200171       0.0146     --------     0.006100          2
MinModeTranslate:  142  16:30:11    -9339.200171       0.0146     0.100000     0.006100          2
MinModeTranslate:  143  16:30:11    -9339.198465       0.0156     --------     0.017720          3
MinModeTranslate:  143  16:30:11    -9339.198465       0.0156     0.100000     0.017720          3
MinModeTranslate:  144  16:30:11    -9339.196588       0.0173     --------     0.032236          3
MinModeTranslate:  144  16:30:11    -9339.196588       0.0173     0.100000     0.032236          3
MinModeTranslate:  145  16:30:11    -9339.194428       0.0207     --------     0.050884          3
MinModeTranslate:  145  16:30:11    -9339.194428       0.0207     0.100000     0.050884          3
MinModeTranslate:  146  16:30:11    -9339.191776       0.0253     --------     0.068875          3
MinModeTranslate:  146  16:30:11    -9339.191776       0.0253     0.100000     0.068875          3
MinModeTranslate:  147  16:30:11    -9339.188479       0.0311     --------     0.082930          3
MinModeTranslate:  147  16:30:11    -9339.188479       0.0311     0.100000     0.082930          3
MinModeTranslate:  148  16:30:11    -9339.184448       0.0377     --------     0.089845          3
MinModeTranslate:  148  16:30:11    -9339.184448       0.0377     0.100000     0.089845          3
MinModeTranslate:  149  16:30:12    -9339.179636       0.0443     --------     0.088876          3
MinModeTranslate:  149  16:30:12    -9339.179636       0.0443     0.100000     0.088876          3
MinModeTranslate:  150  16:30:12    -9339.174101       0.0505     --------     0.080817          3
MinModeTranslate:  150  16:30:12    -9339.174101       0.0505     0.100000     0.080817          3
MinModeTranslate:  151  16:30:12    -9339.167897       0.0560     --------     0.068685          3
MinModeTranslate:  151  16:30:12    -9339.167897       0.0560     0.100000     0.068685          3
MinModeTranslate:  152  16:30:12    -9339.161153       0.0607     --------     0.054550          3
MinModeTranslate:  152  16:30:12    -9339.161153       0.0607     0.100000     0.054550          3
MinModeTranslate:  153  16:30:12    -9339.153943       0.0644     --------     0.038461          3
MinModeTranslate:  153  16:30:12    -9339.153943       0.0644     0.100000     0.038461          3
MinModeTranslate:  154  16:30:12    -9339.146405       0.0671     --------     0.014304          3
MinModeTranslate:  154  16:30:12    -9339.146405       0.0671     0.100000     0.014304          3
MinModeTranslate:  155  16:30:12    -9339.138709       0.1726     --------    -0.027877          3
MinModeTranslate:  155  16:30:12    -9339.138709       0.1726     0.064942    -0.027877          3
MinModeTranslate:  156  16:30:12    -9339.133398       0.7087     --------    -0.056219          3
MinModeTranslate:  156  16:30:12    -9339.133398       0.7087     0.076301    -0.056219          3
MinModeTranslate:  157  16:30:12    -9339.124282       1.0792     --------    -0.090725          3
MinModeTranslate:  157  16:30:12    -9339.124282       1.0792     0.100000    -0.090725          3
MinModeTranslate:  158  16:30:12    -9339.123039       0.6216     --------    -0.132738          3
MinModeTranslate:  158  16:30:12    -9339.123039       0.6216     0.011439    -0.132738          3
MinModeTranslate:  159  16:30:12    -9339.129033       0.3325     --------    -0.139656          3
MinModeTranslate:  159  16:30:13    -9339.129033       0.3325     0.007258    -0.139656          3
MinModeTranslate:  160  16:30:13    -9339.130700       0.2051     --------    -0.143688          3
