      Step     Time          Energy          fmax
BFGS:    0 16:55:53    -6226.916937        2.207488
BFGS:    1 16:55:53    -6227.148289        3.215874
BFGS:    2 16:55:53    -6227.326667       10.052819
BFGS:    3 16:55:53    -6228.495952        3.387097
BFGS:    4 16:55:53    -6228.741516        3.049969
BFGS:    5 16:55:53    -6228.965569        4.321162
BFGS:    6 16:55:53    -6229.139159        5.200488
BFGS:    7 16:55:53    -6229.316269        4.526767
BFGS:    8 16:55:53    -6229.463216        2.211685
BFGS:    9 16:55:53    -6229.518748        1.121603
BFGS:   10 16:55:53    -6229.562053        0.911535
BFGS:   11 16:55:53    -6229.577696        0.459236
BFGS:   12 16:55:53    -6229.585542        0.325387
BFGS:   13 16:55:53    -6229.598113        0.531733
BFGS:   14 16:55:53    -6229.624230        1.010048
BFGS:   15 16:55:53    -6229.664567        1.377895
BFGS:   16 16:55:53    -6229.700824        1.513878
BFGS:   17 16:55:53    -6229.733430        1.201552
BFGS:   18 16:55:53    -6229.749086        0.409916
BFGS:   19 16:55:53    -6229.755051        0.389500
BFGS:   20 16:55:53    -6229.760469        0.405396
BFGS:   21 16:55:53    -6229.776798        0.392674
BFGS:   22 16:55:53    -6229.797960        0.359759
BFGS:   23 16:55:53    -6229.808303        0.746064
BFGS:   24 16:55:54    -6229.815955        0.398060
BFGS:   25 16:55:54    -6229.824202        0.286220
BFGS:   26 16:55:54    -6229.828923        0.290851
BFGS:   27 16:55:54    -6229.831826        0.212346
BFGS:   28 16:55:54    -6229.834303        0.131591
BFGS:   29 16:55:54    -6229.835659        0.099331
BFGS:   30 16:55:54    -6229.836439        0.156506
BFGS:   31 16:55:54    -6229.837448        0.082582
BFGS:   32 16:55:54    -6229.838302        0.077297
BFGS:   33 16:55:54    -6229.839369        0.071060
BFGS:   34 16:55:54    -6229.839800        0.071438
BFGS:   35 16:55:54    -6229.840715        0.075998
BFGS:   36 16:55:54    -6229.841454        0.086231
BFGS:   37 16:55:54    -6229.842612        0.109199
BFGS:   38 16:55:54    -6229.843981        0.123183
BFGS:   39 16:55:54    -6229.845816        0.121135
BFGS:   40 16:55:54    -6229.848068        0.192343
BFGS:   41 16:55:54    -6229.848600        0.456626
BFGS:   42 16:55:54    -6229.852056        0.191834
BFGS:   43 16:55:54    -6229.854248        0.177067
BFGS:   44 16:55:54    -6229.858134        0.146653
BFGS:   45 16:55:54    -6229.859286        0.116633
BFGS:   46 16:55:54    -6229.860459        0.105351
BFGS:   47 16:55:54    -6229.861421        0.074219
BFGS:   48 16:55:54    -6229.861826        0.091184
BFGS:   49 16:55:54    -6229.862156        0.053547
BFGS:   50 16:55:54    -6229.862255        0.019605
BFGS:   51 16:55:54    -6229.862286        0.023188
BFGS:   52 16:55:54    -6229.862304        0.015160
BFGS:   53 16:55:54    -6229.862336        0.013161
BFGS:   54 16:55:54    -6229.862350        0.010297
BFGS:   55 16:55:54    -6229.862363        0.014239
BFGS:   56 16:55:54    -6229.862372        0.011715
BFGS:   57 16:55:54    -6229.862382        0.010877
BFGS:   58 16:55:54    -6229.862388        0.006973
BFGS:   59 16:55:54    -6229.862391        0.003364
