      Step     Time          Energy          fmax
BFGS:    0 16:56:17    -6226.490654        1.888766
BFGS:    1 16:56:17    -6226.592111        1.989819
BFGS:    2 16:56:17    -6226.674628        4.617239
BFGS:    3 16:56:17    -6226.796361        5.214485
BFGS:    4 16:56:17    -6226.975200        1.731297
BFGS:    5 16:56:17    -6227.019970        1.601385
BFGS:    6 16:56:17    -6227.190361        3.244096
BFGS:    7 16:56:17    -6227.404717        4.228568
BFGS:    8 16:56:17    -6227.510123        3.771779
BFGS:    9 16:56:17    -6227.635413        3.017081
BFGS:   10 16:56:17    -6227.838010        2.611866
BFGS:   11 16:56:17    -6228.012011        2.220895
BFGS:   12 16:56:17    -6228.228731        2.571357
BFGS:   13 16:56:17    -6228.419478        2.896587
BFGS:   14 16:56:17    -6228.604697        1.740813
BFGS:   15 16:56:17    -6228.713303        1.980423
BFGS:   16 16:56:17    -6228.831989        1.744318
BFGS:   17 16:56:17    -6228.904299        0.992744
BFGS:   18 16:56:18    -6228.944649        0.503812
BFGS:   19 16:56:18    -6228.965261        0.378063
BFGS:   20 16:56:18    -6228.973604        0.341257
BFGS:   21 16:56:18    -6228.978092        0.169573
BFGS:   22 16:56:18    -6228.979234        0.074753
BFGS:   23 16:56:18    -6228.979708        0.060394
BFGS:   24 16:56:18    -6228.979991        0.061256
BFGS:   25 16:56:18    -6228.980323        0.061886
BFGS:   26 16:56:18    -6228.980675        0.078292
BFGS:   27 16:56:18    -6228.981212        0.087032
BFGS:   28 16:56:18    -6228.982211        0.144296
BFGS:   29 16:56:18    -6228.984261        0.217688
BFGS:   30 16:56:18    -6228.987640        0.278646
BFGS:   31 16:56:18    -6228.990822        0.224902
BFGS:   32 16:56:18    -6228.994159        0.121056
BFGS:   33 16:56:18    -6228.995291        0.078801
BFGS:   34 16:56:18    -6228.995826        0.063086
BFGS:   35 16:56:18    -6228.996072        0.061772
BFGS:   36 16:56:18    -6228.996210        0.034670
BFGS:   37 16:56:18    -6228.996305        0.033098
BFGS:   38 16:56:18    -6228.996391        0.031723
BFGS:   39 16:56:18    -6228.996463        0.028631
BFGS:   40 16:56:18    -6228.996511        0.023563
BFGS:   41 16:56:18    -6228.996548        0.018995
BFGS:   42 16:56:18    -6228.996599        0.024508
BFGS:   43 16:56:18    -6228.996687        0.040910
BFGS:   44 16:56:18    -6228.996855        0.062032
BFGS:   45 16:56:18    -6228.997152        0.072856
BFGS:   46 16:56:18    -6228.997523        0.065382
BFGS:   47 16:56:18    -6228.997880        0.067416
BFGS:   48 16:56:18    -6228.998118        0.041227
BFGS:   49 16:56:18    -6228.998183        0.020380
BFGS:   50 16:56:18    -6228.998215        0.012920
BFGS:   51 16:56:18    -6228.998224        0.007474
BFGS:   52 16:56:18    -6228.998224        0.004446
