MinModeTranslate: STEP      TIME          ENERGY    MAX-FORCE     STEPSIZE    CURVATURE  ROT-STEPS
MinModeTranslate:    0  16:38:07   -12452.549786       8.7279     --------   -30.950426          3
MinModeTranslate:    0  16:38:07   -12452.549786       8.7279     0.100000   -30.950426          3
MinModeTranslate:    1  16:38:07   -12452.841521       7.4608     --------   -21.865571          3
MinModeTranslate:    1  16:38:07   -12452.841521       7.4608     0.100000   -21.865571          3
MinModeTranslate:    2  16:38:08   -12453.027724       6.3204     --------   -14.330495          3
MinModeTranslate:    2  16:38:08   -12453.027724       6.3204     0.100000   -14.330495          3
MinModeTranslate:    3  16:38:08   -12453.193171       5.3105     --------   -11.308501          3
MinModeTranslate:    3  16:38:08   -12453.193171       5.3105     0.100000   -11.308501          3
MinModeTranslate:    4  16:38:08   -12453.351718       4.1118     --------   -10.401126          3
MinModeTranslate:    4  16:38:08   -12453.351718       4.1118     0.100000   -10.401126          3
MinModeTranslate:    5  16:38:08   -12453.458589       2.9870     --------   -13.866668          3
MinModeTranslate:    5  16:38:08   -12453.458589       2.9870     0.100000   -13.866668          3
MinModeTranslate:    6  16:38:08   -12453.570854       2.6250     --------   -14.707851          3
MinModeTranslate:    6  16:38:08   -12453.570854       2.6250     0.100000   -14.707851          3
MinModeTranslate:    7  16:38:08   -12453.728400       2.0796     --------   -15.885712          3
MinModeTranslate:    7  16:38:08   -12453.728400       2.0796     0.100000   -15.885712          3
MinModeTranslate:    8  16:38:08   -12453.871784       1.6302     --------   -13.548445          3
MinModeTranslate:    8  16:38:08   -12453.871784       1.6302     0.100000   -13.548445          3
MinModeTranslate:    9  16:38:08   -12453.952123       2.2651     --------   -13.522334          3
MinModeTranslate:    9  16:38:08   -12453.952123       2.2651     0.100000   -13.522334          3
MinModeTranslate:   10  16:38:08   -12454.072795       0.9370     --------   -16.796429          3
MinModeTranslate:   10  16:38:08   -12454.072795       0.9370     0.100000   -16.796429          3
MinModeTranslate:   11  16:38:08   -12454.166487       0.9726     --------   -11.305041          3
MinModeTranslate:   11  16:38:08   -12454.166487       0.9726     0.057338   -11.305041          3
MinModeTranslate:   12  16:38:08   -12454.214735       1.1188     --------   -10.679445          3
MinModeTranslate:   12  16:38:08   -12454.214735       1.1188     0.100000   -10.679445          3
MinModeTranslate:   13  16:38:08   -12454.267309       1.4180     --------    -8.660072          3
MinModeTranslate:   13  16:38:09   -12454.267309       1.4180     0.030210    -8.660072          3
MinModeTranslate:   14  16:38:09   -12454.295005       0.5419     --------    -8.373855          3
MinModeTranslate:   14  16:38:09   -12454.295005       0.5419     0.044316    -8.373855          3
MinModeTranslate:   15  16:38:09   -12454.308182       0.5901     --------   -10.012487          3
MinModeTranslate:   15  16:38:09   -12454.308182       0.5901     0.073050   -10.012487          3
MinModeTranslate:   16  16:38:09   -12454.327894       0.9104     --------   -12.121485          3
MinModeTranslate:   16  16:38:09   -12454.327894       0.9104     0.100000   -12.121485          3
MinModeTranslate:   17  16:38:09   -12454.361211       0.3939     --------   -12.692265          3
MinModeTranslate:   17  16:38:09   -12454.361211       0.3939     0.032045   -12.692265          3
MinModeTranslate:   18  16:38:09   -12454.369842       0.7004     --------   -12.691492          3
MinModeTranslate:   18  16:38:09   -12454.369842       0.7004     0.069955   -12.691492          3
MinModeTranslate:   19  16:38:09   -12454.385327       0.3526     --------   -12.318787          3
MinModeTranslate:   19  16:38:09   -12454.385327       0.3526     0.050102   -12.318787          3
MinModeTranslate:   20  16:38:09   -12454.392818       0.4258     --------   -10.655735          3
MinModeTranslate:   20  16:38:09   -12454.392818       0.4258     0.031533   -10.655735          3
MinModeTranslate:   21  16:38:09   -12454.397463       0.3415     --------    -9.878959          3
MinModeTranslate:   21  16:38:09   -12454.397463       0.3415     0.058375    -9.878959          3
MinModeTranslate:   22  16:38:09   -12454.407072       0.3366     --------    -8.848550          3
MinModeTranslate:   22  16:38:09   -12454.407072       0.3366     0.029668    -8.848550          3
MinModeTranslate:   23  16:38:09   -12454.412073       0.3986     --------    -8.516292          3
MinModeTranslate:   23  16:38:09   -12454.412073       0.3986     0.042816    -8.516292          3
MinModeTranslate:   24  16:38:09   -12454.418495       0.2461     --------    -8.326123          3
MinModeTranslate:   24  16:38:09   -12454.418495       0.2461     0.055051    -8.326123          3
MinModeTranslate:   25  16:38:09   -12454.424488       0.3019     --------    -8.224996          3
MinModeTranslate:   25  16:38:10   -12454.424488       0.3019     0.052045    -8.224996          3
MinModeTranslate:   26  16:38:10   -12454.429856       0.4303     --------    -7.883842          3
MinModeTranslate:   26  16:38:10   -12454.429856       0.4303     0.047956    -7.883842          3
MinModeTranslate:   27  16:38:10   -12454.434887       0.3146     --------    -7.393182          3
MinModeTranslate:   27  16:38:10   -12454.434887       0.3146     0.071067    -7.393182          3
MinModeTranslate:   28  16:38:10   -12454.441586       0.5187     --------    -6.888683          3
MinModeTranslate:   28  16:38:10   -12454.441586       0.5187     0.057196    -6.888683          3
MinModeTranslate:   29  16:38:10   -12454.446450       0.2106     --------    -6.597683          3
MinModeTranslate:   29  16:38:10   -12454.446450       0.2106     0.054587    -6.597683          3
MinModeTranslate:   30  16:38:10   -12454.449902       0.3170     --------    -5.867067          3
MinModeTranslate:   30  16:38:10   -12454.449902       0.3170     0.044363    -5.867067          3
MinModeTranslate:   31  16:38:10   -12454.452385       0.3846     --------    -5.484806          3
MinModeTranslate:   31  16:38:10   -12454.452385       0.3846     0.042297    -5.484806          3
MinModeTranslate:   32  16:38:10   -12454.455577       0.1915     --------    -5.652671          3
MinModeTranslate:   32  16:38:10   -12454.455577       0.1915     0.026563    -5.652671          3
MinModeTranslate:   33  16:38:10   -12454.457447       0.3194     --------    -6.179007          3
MinModeTranslate:   33  16:38:10   -12454.457447       0.3194     0.060012    -6.179007          3
MinModeTranslate:   34  16:38:10   -12454.462761       0.2757     --------    -8.279418          3
MinModeTranslate:   34  16:38:10   -12454.462761       0.2757     0.055794    -8.279418          3
MinModeTranslate:   35  16:38:10   -12454.470077       0.3005     --------    -9.108996          3
MinModeTranslate:   35  16:38:10   -12454.470077       0.3005     0.052682    -9.108996          3
MinModeTranslate:   36  16:38:10   -12454.478284       0.2765     --------    -8.331067          3
MinModeTranslate:   36  16:38:10   -12454.478284       0.2765     0.079744    -8.331067          3
MinModeTranslate:   37  16:38:10   -12454.491178       0.5217     --------   -10.039147          3
MinModeTranslate:   37  16:38:10   -12454.491178       0.5217     0.100000   -10.039147          3
MinModeTranslate:   38  16:38:11   -12454.509369       0.5870     --------   -12.542914          3
MinModeTranslate:   38  16:38:11   -12454.509369       0.5870     0.051810   -12.542914          3
MinModeTranslate:   39  16:38:11   -12454.516736       0.5511     --------   -12.011684          3
MinModeTranslate:   39  16:38:11   -12454.516736       0.5511     0.074227   -12.011684          3
MinModeTranslate:   40  16:38:11   -12454.529599       0.8052     --------    -6.213974          3
MinModeTranslate:   40  16:38:11   -12454.529599       0.8052     0.064174    -6.213974          3
MinModeTranslate:   41  16:38:11   -12454.547674       0.4479     --------    -5.599131          3
MinModeTranslate:   41  16:38:11   -12454.547674       0.4479     0.080547    -5.599131          3
MinModeTranslate:   42  16:38:11   -12454.568049       0.5094     --------    -5.477882          3
MinModeTranslate:   42  16:38:11   -12454.568049       0.5094     0.100000    -5.477882          3
MinModeTranslate:   43  16:38:11   -12454.597481       0.4442     --------    -4.999346          3
MinModeTranslate:   43  16:38:11   -12454.597481       0.4442     0.075585    -4.999346          3
MinModeTranslate:   44  16:38:11   -12454.617479       0.5846     --------    -4.570737          3
MinModeTranslate:   44  16:38:11   -12454.617479       0.5846     0.100000    -4.570737          3
MinModeTranslate:   45  16:38:11   -12454.634529       0.8787     --------    -3.843861          3
MinModeTranslate:   45  16:38:11   -12454.634529       0.8787     0.095736    -3.843861          3
MinModeTranslate:   46  16:38:11   -12454.656435       0.5594     --------    -3.608355          3
MinModeTranslate:   46  16:38:11   -12454.656435       0.5594     0.030594    -3.608355          3
MinModeTranslate:   47  16:38:11   -12454.662053       0.4036     --------    -3.933220          3
MinModeTranslate:   47  16:38:11   -12454.662053       0.4036     0.022477    -3.933220          3
MinModeTranslate:   48  16:38:11   -12454.667955       0.3083     --------    -3.990700          3
MinModeTranslate:   48  16:38:11   -12454.667955       0.3083     0.037499    -3.990700          3
MinModeTranslate:   49  16:38:11   -12454.672773       0.4866     --------    -3.631214          3
MinModeTranslate:   49  16:38:11   -12454.672773       0.4866     0.035691    -3.631214          3
MinModeTranslate:   50  16:38:12   -12454.677651       0.3786     --------    -3.283743          3
MinModeTranslate:   50  16:38:12   -12454.677651       0.3786     0.040246    -3.283743          3
MinModeTranslate:   51  16:38:12   -12454.683449       0.2080     --------    -2.980655          3
MinModeTranslate:   51  16:38:12   -12454.683449       0.2080     0.038536    -2.980655          3
MinModeTranslate:   52  16:38:12   -12454.688385       0.3249     --------    -2.522791          3
MinModeTranslate:   52  16:38:12   -12454.688385       0.3249     0.044783    -2.522791          3
MinModeTranslate:   53  16:38:12   -12454.694366       0.3683     --------    -2.152666          3
MinModeTranslate:   53  16:38:12   -12454.694366       0.3683     0.064760    -2.152666          3
MinModeTranslate:   54  16:38:12   -12454.703946       0.3191     --------    -1.770395          3
MinModeTranslate:   54  16:38:12   -12454.703946       0.3191     0.100000    -1.770395          3
MinModeTranslate:   55  16:38:12   -12454.721896       0.2809     --------    -1.003862          3
MinModeTranslate:   55  16:38:12   -12454.721896       0.2809     0.088495    -1.003862          3
MinModeTranslate:   56  16:38:12   -12454.738866       0.5143     --------    -0.360133          3
MinModeTranslate:   56  16:38:12   -12454.738866       0.5143     0.082674    -0.360133          3
MinModeTranslate:   57  16:38:12   -12454.749009       0.5866     --------    -0.135007          3
MinModeTranslate:   57  16:38:12   -12454.749009       0.5866     0.100000    -0.135007          3
MinModeTranslate:   58  16:38:12   -12454.767315       0.4330     --------    -0.232093          3
MinModeTranslate:   58  16:38:12   -12454.767315       0.4330     0.068689    -0.232093          3
MinModeTranslate:   59  16:38:12   -12454.780797       0.3874     --------    -0.252569          3
MinModeTranslate:   59  16:38:12   -12454.780797       0.3874     0.067859    -0.252569          3
MinModeTranslate:   60  16:38:12   -12454.791763       0.5944     --------    -0.498814          3
MinModeTranslate:   60  16:38:12   -12454.791763       0.5944     0.051748    -0.498814          3
MinModeTranslate:   61  16:38:12   -12454.799356       0.4406     --------    -0.839305          3
MinModeTranslate:   61  16:38:12   -12454.799356       0.4406     0.098438    -0.839305          3
MinModeTranslate:   62  16:38:13   -12454.810861       0.3811     --------    -1.140068          3
MinModeTranslate:   62  16:38:13   -12454.810861       0.3811     0.100000    -1.140068          3
MinModeTranslate:   63  16:38:13   -12454.823537       0.4631     --------    -1.159119          3
MinModeTranslate:   63  16:38:13   -12454.823537       0.4631     0.047127    -1.159119          3
MinModeTranslate:   64  16:38:13   -12454.829943       0.4654     --------    -1.322168          3
MinModeTranslate:   64  16:38:13   -12454.829943       0.4654     0.059703    -1.322168          3
MinModeTranslate:   65  16:38:13   -12454.831442       0.5058     --------    -1.152835          3
MinModeTranslate:   65  16:38:13   -12454.831442       0.5058     0.098299    -1.152835          3
MinModeTranslate:   66  16:38:13   -12454.834297       0.7211     --------    -0.428496          3
MinModeTranslate:   66  16:38:13   -12454.834297       0.7211     0.100000    -0.428496          3
MinModeTranslate:   67  16:38:13   -12454.838735       0.4627     --------    -0.449488          3
MinModeTranslate:   67  16:38:13   -12454.838735       0.4627     0.058777    -0.449488          3
MinModeTranslate:   68  16:38:13   -12454.842580       0.7752     --------    -0.607501          3
MinModeTranslate:   68  16:38:13   -12454.842580       0.7752     0.100000    -0.607501          3
MinModeTranslate:   69  16:38:13   -12454.842092       0.7044     --------    -0.558056          3
MinModeTranslate:   69  16:38:13   -12454.842092       0.7044     0.045528    -0.558056          3
MinModeTranslate:   70  16:38:13   -12454.848299       0.4981     --------    -0.419273          3
MinModeTranslate:   70  16:38:13   -12454.848299       0.4981     0.032196    -0.419273          3
MinModeTranslate:   71  16:38:13   -12454.849469       0.4498     --------    -0.655860          3
MinModeTranslate:   71  16:38:13   -12454.849469       0.4498     0.081956    -0.655860          3
MinModeTranslate:   72  16:38:13   -12454.848873       0.9451     --------    -1.562155          3
MinModeTranslate:   72  16:38:13   -12454.848873       0.9451     0.092472    -1.562155          3
MinModeTranslate:   73  16:38:14   -12454.851834       0.6111     --------    -1.307385          3
MinModeTranslate:   73  16:38:14   -12454.851834       0.6111     0.044625    -1.307385          3
MinModeTranslate:   74  16:38:14   -12454.852896       0.4570     --------    -1.365323          3
MinModeTranslate:   74  16:38:14   -12454.852896       0.4570     0.100000    -1.365323          3
MinModeTranslate:   75  16:38:14   -12454.856479       0.5125     --------    -2.306692          3
MinModeTranslate:   75  16:38:14   -12454.856479       0.5125     0.048206    -2.306692          3
MinModeTranslate:   76  16:38:14   -12454.863561       0.6750     --------    -2.652800          3
MinModeTranslate:   76  16:38:14   -12454.863561       0.6750     0.047573    -2.652800          3
MinModeTranslate:   77  16:38:14   -12454.869830       0.3409     --------    -2.704915          3
MinModeTranslate:   77  16:38:14   -12454.869830       0.3409     0.026704    -2.704915          3
MinModeTranslate:   78  16:38:14   -12454.872966       0.2523     --------    -2.722686          3
MinModeTranslate:   78  16:38:14   -12454.872966       0.2523     0.024432    -2.722686          3
MinModeTranslate:   79  16:38:14   -12454.875816       0.3313     --------    -3.004208          3
MinModeTranslate:   79  16:38:14   -12454.875816       0.3313     0.043305    -3.004208          3
MinModeTranslate:   80  16:38:14   -12454.881327       0.2453     --------    -3.492467          3
MinModeTranslate:   80  16:38:14   -12454.881327       0.2453     0.034768    -3.492467          3
MinModeTranslate:   81  16:38:14   -12454.885883       0.3967     --------    -3.374737          3
MinModeTranslate:   81  16:38:14   -12454.885883       0.3967     0.030660    -3.374737          3
MinModeTranslate:   82  16:38:14   -12454.889777       0.2292     --------    -3.247861          3
MinModeTranslate:   82  16:38:14   -12454.889777       0.2292     0.048222    -3.247861          3
MinModeTranslate:   83  16:38:15   -12454.895900       0.2739     --------    -3.502937          3
MinModeTranslate:   83  16:38:15   -12454.895900       0.2739     0.044754    -3.502937          3
MinModeTranslate:   84  16:38:15   -12454.901308       0.4077     --------    -3.555356          3
MinModeTranslate:   84  16:38:15   -12454.901308       0.4077     0.083654    -3.555356          3
MinModeTranslate:   85  16:38:15   -12454.910388       0.3907     --------    -3.250614          3
MinModeTranslate:   85  16:38:15   -12454.910388       0.3907     0.100000    -3.250614          3
MinModeTranslate:   86  16:38:15   -12454.923042       0.5138     --------    -3.142792          3
MinModeTranslate:   86  16:38:15   -12454.923042       0.5138     0.064950    -3.142792          3
MinModeTranslate:   87  16:38:15   -12454.933512       0.4380     --------    -3.207311          3
MinModeTranslate:   87  16:38:15   -12454.933512       0.4380     0.100000    -3.207311          3
MinModeTranslate:   88  16:38:15   -12454.946779       0.4609     --------    -2.849818          3
MinModeTranslate:   88  16:38:15   -12454.946779       0.4609     0.035444    -2.849818          3
MinModeTranslate:   89  16:38:15   -12454.955393       0.4582     --------    -2.515879          3
MinModeTranslate:   89  16:38:15   -12454.955393       0.4582     0.043868    -2.515879          3
MinModeTranslate:   90  16:38:15   -12454.961557       0.4129     --------    -2.415772          3
MinModeTranslate:   90  16:38:15   -12454.961557       0.4129     0.058998    -2.415772          3
MinModeTranslate:   91  16:38:15   -12454.970742       0.8408     --------    -2.614196          3
MinModeTranslate:   91  16:38:15   -12454.970742       0.8408     0.089249    -2.614196          3
MinModeTranslate:   92  16:38:15   -12454.985286       0.5889     --------    -2.481801          3
MinModeTranslate:   92  16:38:15   -12454.985286       0.5889     0.100000    -2.481801          3
MinModeTranslate:   93  16:38:15   -12455.004168       0.6571     --------    -1.770053          3
MinModeTranslate:   93  16:38:15   -12455.004168       0.6571     0.056432    -1.770053          3
MinModeTranslate:   94  16:38:16   -12455.013809       0.4606     --------    -1.673154          3
MinModeTranslate:   94  16:38:16   -12455.013809       0.4606     0.100000    -1.673154          3
MinModeTranslate:   95  16:38:16   -12455.023609       0.6751     --------    -1.616823          3
MinModeTranslate:   95  16:38:16   -12455.023609       0.6751     0.062114    -1.616823          3
MinModeTranslate:   96  16:38:16   -12455.034690       0.5991     --------    -1.408710          3
MinModeTranslate:   96  16:38:16   -12455.034690       0.5991     0.084859    -1.408710          3
MinModeTranslate:   97  16:38:16   -12455.043749       0.5811     --------    -0.943527          3
MinModeTranslate:   97  16:38:16   -12455.043749       0.5811     0.068539    -0.943527          3
MinModeTranslate:   98  16:38:16   -12455.049117       0.9564     --------    -0.642918          3
MinModeTranslate:   98  16:38:16   -12455.049117       0.9564     0.100000    -0.642918          3
MinModeTranslate:   99  16:38:16   -12455.058361       0.6164     --------    -0.137099          3
MinModeTranslate:   99  16:38:16   -12455.058361       0.6164     0.040797    -0.137099          3
MinModeTranslate:  100  16:38:16   -12455.065051       0.7257     --------    -0.087468          3
MinModeTranslate:  100  16:38:16   -12455.065051       0.7257     0.039927    -0.087468          3
MinModeTranslate:  101  16:38:16   -12455.067409       0.4001     --------    -0.097322          3
MinModeTranslate:  101  16:38:16   -12455.067409       0.4001     0.087109    -0.097322          3
MinModeTranslate:  102  16:38:16   -12455.069098       0.1412     --------     0.359438          3
MinModeTranslate:  102  16:38:16   -12455.069098       0.1412     0.100000     0.359438          3
MinModeTranslate:  103  16:38:16   -12455.040942       0.1861     --------     2.136689          3
MinModeTranslate:  103  16:38:16   -12455.040942       0.1861     0.100000     2.136689          3
MinModeTranslate:  104  16:38:16   -12454.988738       0.2177     --------     3.292975          3
MinModeTranslate:  104  16:38:16   -12454.988738       0.2177     0.100000     3.292975          3
MinModeTranslate:  105  16:38:16   -12454.907735       0.2762     --------     2.263309          3
MinModeTranslate:  105  16:38:16   -12454.907735       0.2762     0.100000     2.263309          3
MinModeTranslate:  106  16:38:16   -12454.813303       0.1934     --------     0.751012          3
MinModeTranslate:  106  16:38:16   -12454.813303       0.1934     0.100000     0.751012          3
MinModeTranslate:  107  16:38:17   -12454.764984       2.3965     --------    -0.058270          3
MinModeTranslate:  107  16:38:17   -12454.764984       2.3965     0.100000    -0.058270          3
MinModeTranslate:  108  16:38:17   -12454.753624       2.2223     --------    -0.266550          3
MinModeTranslate:  108  16:38:17   -12454.753624       2.2223     0.100000    -0.266550          3
MinModeTranslate:  109  16:38:17   -12454.924434       0.0888     --------     0.338899          3
MinModeTranslate:  109  16:38:17   -12454.924434       0.0888     0.100000     0.338899          3
MinModeTranslate:  110  16:38:17   -12454.902164       0.0833     --------     0.305030          3
MinModeTranslate:  110  16:38:17   -12454.902164       0.0833     0.100000     0.305030          3
MinModeTranslate:  111  16:38:17   -12454.881584       0.1031     --------     0.269779          3
MinModeTranslate:  111  16:38:17   -12454.881584       0.1031     0.100000     0.269779          3
MinModeTranslate:  112  16:38:17   -12454.857157       0.1058     --------     0.221864          3
MinModeTranslate:  112  16:38:17   -12454.857157       0.1058     0.100000     0.221864          3
MinModeTranslate:  113  16:38:17   -12454.832438       0.1267     --------     0.193126          3
MinModeTranslate:  113  16:38:17   -12454.832438       0.1267     0.100000     0.193126          3
MinModeTranslate:  114  16:38:17   -12454.803683       0.1273     --------     0.181440          3
MinModeTranslate:  114  16:38:17   -12454.803683       0.1273     0.100000     0.181440          3
MinModeTranslate:  115  16:38:17   -12454.774754       0.1467     --------     0.136699          3
MinModeTranslate:  115  16:38:17   -12454.774754       0.1467     0.100000     0.136699          3
MinModeTranslate:  116  16:38:17   -12454.742304       1.7510     --------    -0.084952          3
MinModeTranslate:  116  16:38:17   -12454.742304       1.7510     0.100000    -0.084952          3
MinModeTranslate:  117  16:38:17   -12454.732569       0.9977     --------    -0.835770          3
MinModeTranslate:  117  16:38:17   -12454.732569       0.9977     0.035574    -0.835770          3
MinModeTranslate:  118  16:38:17   -12454.773394       1.1683     --------    -3.260962          3
MinModeTranslate:  118  16:38:17   -12454.773394       1.1683     0.100000    -3.260962          3
MinModeTranslate:  119  16:38:17   -12454.876071       1.2276     --------   -10.849648          3
MinModeTranslate:  119  16:38:17   -12454.876071       1.2276     0.100000   -10.849648          3
MinModeTranslate:  120  16:38:18   -12454.998646       1.3120     --------   -16.705176          3
MinModeTranslate:  120  16:38:18   -12454.998646       1.3120     0.100000   -16.705176          3
MinModeTranslate:  121  16:38:18   -12455.056617       1.4134     --------   -16.765989          3
MinModeTranslate:  121  16:38:18   -12455.056617       1.4134     0.100000   -16.765989          3
MinModeTranslate:  122  16:38:18   -12455.054631       1.7857     --------    -9.633503          3
MinModeTranslate:  122  16:38:18   -12455.054631       1.7857     0.100000    -9.633503          3
MinModeTranslate:  123  16:38:18   -12455.064533       1.0151     --------    -5.102985          3
MinModeTranslate:  123  16:38:18   -12455.064533       1.0151     0.067028    -5.102985          3
MinModeTranslate:  124  16:38:18   -12455.077745       0.9339     --------    -2.875042          3
MinModeTranslate:  124  16:38:18   -12455.077745       0.9339     0.100000    -2.875042          3
MinModeTranslate:  125  16:38:18   -12455.090246       0.9271     --------    -0.957929          3
MinModeTranslate:  125  16:38:18   -12455.090246       0.9271     0.036523    -0.957929          3
MinModeTranslate:  126  16:38:18   -12455.101452       0.4656     --------    -1.167221          3
MinModeTranslate:  126  16:38:18   -12455.101452       0.4656     0.018820    -1.167221          3
MinModeTranslate:  127  16:38:18   -12455.104676       0.2846     --------    -1.440810          3
MinModeTranslate:  127  16:38:18   -12455.104676       0.2846     0.030318    -1.440810          3
MinModeTranslate:  128  16:38:18   -12455.106417       0.4655     --------    -1.528089          3
MinModeTranslate:  128  16:38:18   -12455.106417       0.4655     0.035189    -1.528089          3
MinModeTranslate:  129  16:38:18   -12455.108215       0.2480     --------    -1.562150          3
MinModeTranslate:  129  16:38:18   -12455.108215       0.2480     0.016022    -1.562150          3
MinModeTranslate:  130  16:38:18   -12455.108931       0.3255     --------    -1.588639          3
MinModeTranslate:  130  16:38:18   -12455.108931       0.3255     0.029144    -1.588639          3
MinModeTranslate:  131  16:38:18   -12455.110002       0.2527     --------    -1.588045          3
MinModeTranslate:  131  16:38:18   -12455.110002       0.2527     0.046170    -1.588045          3
MinModeTranslate:  132  16:38:19   -12455.112963       0.2474     --------    -1.318041          3
MinModeTranslate:  132  16:38:19   -12455.112963       0.2474     0.023662    -1.318041          3
MinModeTranslate:  133  16:38:19   -12455.115001       0.1733     --------    -1.040421          3
MinModeTranslate:  133  16:38:19   -12455.115001       0.1733     0.014028    -1.040421          3
MinModeTranslate:  134  16:38:19   -12455.116293       0.1448     --------    -0.889488          3
MinModeTranslate:  134  16:38:19   -12455.116293       0.1448     0.018593    -0.889488          3
MinModeTranslate:  135  16:38:19   -12455.117912       0.1358     --------    -0.761725          3
MinModeTranslate:  135  16:38:19   -12455.117912       0.1358     0.018983    -0.761725          3
MinModeTranslate:  136  16:38:19   -12455.119462       0.1236     --------    -0.716103          3
MinModeTranslate:  136  16:38:19   -12455.119462       0.1236     0.012008    -0.716103          3
MinModeTranslate:  137  16:38:19   -12455.120312       0.1569     --------    -0.642990          3
MinModeTranslate:  137  16:38:19   -12455.120312       0.1569     0.013490    -0.642990          3
MinModeTranslate:  138  16:38:19   -12455.121213       0.1004     --------    -0.545612          3
MinModeTranslate:  138  16:38:19   -12455.121213       0.1004     0.015548    -0.545612          3
MinModeTranslate:  139  16:38:19   -12455.122172       0.0876     --------    -0.491810          3
MinModeTranslate:  139  16:38:19   -12455.122172       0.0876     0.014741    -0.491810          3
MinModeTranslate:  140  16:38:19   -12455.122983       0.1516     --------    -0.506765          3
MinModeTranslate:  140  16:38:19   -12455.122983       0.1516     0.032345    -0.506765          3
MinModeTranslate:  141  16:38:19   -12455.124600       0.1957     --------    -0.447947          3
MinModeTranslate:  141  16:38:19   -12455.124600       0.1957     0.019727    -0.447947          3
MinModeTranslate:  142  16:38:19   -12455.125563       0.1005     --------    -0.411485          3
MinModeTranslate:  142  16:38:19   -12455.125563       0.1005     0.019837    -0.411485          3
MinModeTranslate:  143  16:38:19   -12455.126467       0.1091     --------    -0.386736          3
MinModeTranslate:  143  16:38:19   -12455.126467       0.1091     0.037266    -0.386736          3
MinModeTranslate:  144  16:38:20   -12455.128004       0.1520     --------    -0.400538          3
MinModeTranslate:  144  16:38:20   -12455.128004       0.1520     0.034226    -0.400538          3
MinModeTranslate:  145  16:38:20   -12455.129308       0.1119     --------    -0.410007          3
MinModeTranslate:  145  16:38:20   -12455.129308       0.1119     0.017898    -0.410007          3
MinModeTranslate:  146  16:38:20   -12455.129911       0.1607     --------    -0.416811          3
MinModeTranslate:  146  16:38:20   -12455.129911       0.1607     0.059248    -0.416811          3
MinModeTranslate:  147  16:38:20   -12455.131743       0.2113     --------    -0.470920          3
MinModeTranslate:  147  16:38:20   -12455.131743       0.2113     0.078165    -0.470920          3
MinModeTranslate:  148  16:38:20   -12455.134023       0.1856     --------    -0.496689          3
MinModeTranslate:  148  16:38:20   -12455.134023       0.1856     0.078173    -0.496689          3
MinModeTranslate:  149  16:38:20   -12455.135854       0.1488     --------    -0.462794          3
MinModeTranslate:  149  16:38:20   -12455.135854       0.1488     0.034464    -0.462794          3
MinModeTranslate:  150  16:38:20   -12455.136937       0.2179     --------    -0.475441          3
MinModeTranslate:  150  16:38:20   -12455.136937       0.2179     0.038540    -0.475441          3
MinModeTranslate:  151  16:38:20   -12455.137933       0.1458     --------    -0.512862          3
MinModeTranslate:  151  16:38:20   -12455.137933       0.1458     0.031441    -0.512862          3
MinModeTranslate:  152  16:38:20   -12455.138577       0.1490     --------    -0.582352          3
MinModeTranslate:  152  16:38:20   -12455.138577       0.1490     0.040326    -0.582352          3
MinModeTranslate:  153  16:38:20   -12455.139022       0.1828     --------    -0.719260          3
MinModeTranslate:  153  16:38:20   -12455.139022       0.1828     0.078653    -0.719260          3
MinModeTranslate:  154  16:38:20   -12455.139750       0.2757     --------    -0.947671          3
MinModeTranslate:  154  16:38:20   -12455.139750       0.2757     0.056783    -0.947671          3
MinModeTranslate:  155  16:38:20   -12455.140610       0.2123     --------    -1.088490          3
MinModeTranslate:  155  16:38:20   -12455.140610       0.2123     0.041241    -1.088490          3
MinModeTranslate:  156  16:38:21   -12455.141363       0.2053     --------    -1.213247          3
MinModeTranslate:  156  16:38:21   -12455.141363       0.2053     0.043659    -1.213247          3
MinModeTranslate:  157  16:38:21   -12455.142399       0.1594     --------    -1.401614          3
MinModeTranslate:  157  16:38:21   -12455.142399       0.1594     0.021558    -1.401614          3
MinModeTranslate:  158  16:38:21   -12455.143097       0.1440     --------    -1.533086          3
MinModeTranslate:  158  16:38:21   -12455.143097       0.1440     0.023214    -1.533086          3
MinModeTranslate:  159  16:38:21   -12455.143913       0.1233     --------    -1.632651          3
MinModeTranslate:  159  16:38:21   -12455.143913       0.1233     0.034027    -1.632651          3
MinModeTranslate:  160  16:38:21   -12455.145297       0.1930     --------    -1.764242          3
