      Step     Time          Energy          fmax
BFGS:    0 16:44:13   -12458.379598        0.306377
BFGS:    1 16:44:13   -12458.381556        0.150355
BFGS:    2 16:44:13   -12458.384142        0.184852
BFGS:    3 16:44:13   -12458.388511        0.313600
BFGS:    4 16:44:13   -12458.430067        1.020254
BFGS:    5 16:44:13   -12458.683981        1.643307
BFGS:    6 16:44:13   -12458.909412        1.212587
BFGS:    7 16:44:13   -12458.948510        1.557846
BFGS:    8 16:44:13   -12459.022211        0.644001
BFGS:    9 16:44:13   -12459.064782        0.574893
BFGS:   10 16:44:13   -12459.103699        0.412841
BFGS:   11 16:44:13   -12459.122136        0.611693
BFGS:   12 16:44:13   -12459.142179        0.731673
BFGS:   13 16:44:14   -12459.161777        0.739489
BFGS:   14 16:44:14   -12459.180232        0.363179
BFGS:   15 16:44:14   -12459.189226        0.216934
BFGS:   16 16:44:14   -12459.195178        0.215675
BFGS:   17 16:44:14   -12459.198916        0.210531
BFGS:   18 16:44:14   -12459.202123        0.138915
BFGS:   19 16:44:14   -12459.205425        0.145833
BFGS:   20 16:44:14   -12459.209306        0.175293
BFGS:   21 16:44:14   -12459.213390        0.196666
BFGS:   22 16:44:14   -12459.216807        0.153194
BFGS:   23 16:44:14   -12459.219377        0.140937
BFGS:   24 16:44:14   -12459.221482        0.130577
BFGS:   25 16:44:14   -12459.223339        0.109465
BFGS:   26 16:44:14   -12459.224964        0.101879
BFGS:   27 16:44:14   -12459.226325        0.089642
BFGS:   28 16:44:14   -12459.227528        0.106038
BFGS:   29 16:44:14   -12459.228752        0.096038
BFGS:   30 16:44:14   -12459.230131        0.125892
BFGS:   31 16:44:14   -12459.231704        0.133626
BFGS:   32 16:44:14   -12459.233289        0.109967
BFGS:   33 16:44:14   -12459.234683        0.106199
BFGS:   34 16:44:14   -12459.235901        0.093502
BFGS:   35 16:44:14   -12459.237186        0.103556
BFGS:   36 16:44:14   -12459.238724        0.112287
BFGS:   37 16:44:14   -12459.240273        0.137941
BFGS:   38 16:44:14   -12459.241438        0.105974
BFGS:   39 16:44:14   -12459.242176        0.059385
BFGS:   40 16:44:14   -12459.242739        0.062372
BFGS:   41 16:44:14   -12459.243371        0.093221
BFGS:   42 16:44:14   -12459.244105        0.089497
BFGS:   43 16:44:14   -12459.244873        0.077417
BFGS:   44 16:44:14   -12459.245619        0.063029
BFGS:   45 16:44:14   -12459.246363        0.081878
BFGS:   46 16:44:14   -12459.247091        0.075239
BFGS:   47 16:44:14   -12459.247698        0.049192
BFGS:   48 16:44:14   -12459.248118        0.050450
BFGS:   49 16:44:14   -12459.248446        0.049403
BFGS:   50 16:44:14   -12459.248763        0.047839
BFGS:   51 16:44:15   -12459.249145        0.046073
BFGS:   52 16:44:15   -12459.249640        0.051839
BFGS:   53 16:44:15   -12459.250191        0.058911
BFGS:   54 16:44:15   -12459.250642        0.044406
BFGS:   55 16:44:15   -12459.250903        0.031867
BFGS:   56 16:44:15   -12459.251058        0.032039
BFGS:   57 16:44:15   -12459.251209        0.035135
BFGS:   58 16:44:15   -12459.251375        0.034281
BFGS:   59 16:44:15   -12459.251556        0.043310
BFGS:   60 16:44:15   -12459.251731        0.041676
BFGS:   61 16:44:15   -12459.251946        0.040825
BFGS:   62 16:44:15   -12459.252204        0.046684
BFGS:   63 16:44:15   -12459.252583        0.055935
BFGS:   64 16:44:15   -12459.253123        0.074042
BFGS:   65 16:44:15   -12459.253927        0.099312
BFGS:   66 16:44:15   -12459.254867        0.093596
BFGS:   67 16:44:15   -12459.255803        0.059975
BFGS:   68 16:44:15   -12459.256278        0.046646
BFGS:   69 16:44:15   -12459.256619        0.041237
BFGS:   70 16:44:15   -12459.256882        0.041468
BFGS:   71 16:44:15   -12459.257116        0.043274
BFGS:   72 16:44:15   -12459.257292        0.039597
BFGS:   73 16:44:15   -12459.257478        0.038738
BFGS:   74 16:44:15   -12459.257691        0.045185
BFGS:   75 16:44:15   -12459.257954        0.053352
BFGS:   76 16:44:15   -12459.258267        0.054578
BFGS:   77 16:44:15   -12459.258582        0.042093
BFGS:   78 16:44:15   -12459.258818        0.030418
BFGS:   79 16:44:15   -12459.258953        0.026807
BFGS:   80 16:44:15   -12459.259050        0.024904
BFGS:   81 16:44:15   -12459.259143        0.027861
BFGS:   82 16:44:15   -12459.259219        0.016775
BFGS:   83 16:44:15   -12459.259274        0.016820
BFGS:   84 16:44:15   -12459.259317        0.016724
BFGS:   85 16:44:15   -12459.259374        0.021149
BFGS:   86 16:44:15   -12459.259465        0.023631
BFGS:   87 16:44:15   -12459.259554        0.021312
BFGS:   88 16:44:15   -12459.259624        0.017772
BFGS:   89 16:44:15   -12459.259665        0.016810
BFGS:   90 16:44:15   -12459.259687        0.014312
BFGS:   91 16:44:15   -12459.259723        0.012368
BFGS:   92 16:44:15   -12459.259758        0.014592
BFGS:   93 16:44:16   -12459.259786        0.012993
BFGS:   94 16:44:16   -12459.259806        0.013582
BFGS:   95 16:44:16   -12459.259824        0.011936
BFGS:   96 16:44:16   -12459.259846        0.013816
BFGS:   97 16:44:16   -12459.259869        0.013790
BFGS:   98 16:44:16   -12459.259896        0.011151
BFGS:   99 16:44:16   -12459.259924        0.010649
BFGS:  100 16:44:16   -12459.259944        0.010983
BFGS:  101 16:44:16   -12459.259965        0.008877
BFGS:  102 16:44:16   -12459.259968        0.005605
BFGS:  103 16:44:16   -12459.259976        0.004527
