MINMODE:METHOD: Dimer
DIM:CONTROL: Search Parameters:
DIM:CONTROL: ------------------
DIM:CONTROL: eigenmode_method = dimer
DIM:CONTROL: f_rot_min = 0.01
DIM:CONTROL: f_rot_max = 0.1
DIM:CONTROL: max_num_rot = 3
DIM:CONTROL: trial_angle = 0.7853981633974483
DIM:CONTROL: trial_trans_step = 0.001
DIM:CONTROL: maximum_translation = 0.1
DIM:CONTROL: cg_translation = True
DIM:CONTROL: use_central_forces = True
DIM:CONTROL: dimer_separation = 0.005
DIM:CONTROL: initial_eigenmode_method = gauss
DIM:CONTROL: extrapolate_forces = True
DIM:CONTROL: displacement_method = gauss
DIM:CONTROL: gauss_std = 0.1
DIM:CONTROL: order = 1
DIM:CONTROL: mask = None
DIM:CONTROL: displacement_center = None
DIM:CONTROL: displacement_radius = None
DIM:CONTROL: number_of_displacement_atoms = None
DIM:CONTROL: ------------------
DIM:ROT: OPT-STEP ROT-STEP CURVATURE ROT-ANGLE ROT-FORCE
DIM:ROT:       0         1  -45.3097   28.4869   54.5342
DIM:ROT:       0         2  -65.6061   19.0021   57.9008
DIM:ROT:       0         3  -73.5960   12.8366   35.9732
DIM:ROT:       1         1  -30.0622    7.7471   14.0018
DIM:ROT:       1         2  -30.7358    4.3260    8.8733
DIM:ROT:       1         3  -30.9774    2.2033    6.1100
DIM:ROT:       2         1  -10.8405    8.7626   13.9997
DIM:ROT:       2         2  -12.0063    5.2418   12.2040
DIM:ROT:       2         3  -12.7187    5.0884    7.8617
DIM:ROT:       3         1   -4.9002    9.8798    9.0962
DIM:ROT:       3         2   -5.4303    3.5820    7.3874
DIM:ROT:       3         3   -5.7566    3.9573    4.6305
DIM:ROT:       4         1   -2.3670    5.9269    8.2978
DIM:ROT:       4         2   -2.7161    3.2711    5.6828
DIM:ROT:       4         3   -2.9535    3.2803    3.8375
DIM:ROT:       5         1   -2.8831    7.2928    5.5952
DIM:ROT:       5         2   -3.0719    3.1664    3.2245
DIM:ROT:       5         3   -3.1728    1.9102    3.0577
DIM:ROT:       6         1   -5.3920    6.5136    5.7075
DIM:ROT:       6         2   -5.5529    2.7766    3.2399
DIM:ROT:       6         3   -5.6338    1.9354    2.4722
DIM:ROT:       7         1   -9.2262    5.0309    5.0584
DIM:ROT:       7         2   -9.4589    4.2227    3.0423
DIM:ROT:       7         3   -9.6132    2.8886    3.1916
DIM:ROT:       8         1  -15.7323    8.4891    6.6368
DIM:ROT:       8         2  -16.2667    4.4321    6.5124
DIM:ROT:       8         3  -16.5437    4.2434    3.7219
DIM:ROT:       9         1   -9.7506    7.6433    9.0548
DIM:ROT:       9         2  -10.2162    5.2186    4.8186
DIM:ROT:       9         3  -10.5049    3.6412    4.3853
DIM:ROT:      10         1   -1.7302   11.1904   11.6680
DIM:ROT:      10         2   -2.6662    7.8977    6.4456
DIM:ROT:      10         3   -3.2856    5.6087    6.2525
DIM:ROT:      11         1   -0.6705   14.6474    9.5809
DIM:ROT:      11         2   -1.7604    8.1442    7.3314
DIM:ROT:      11         3   -2.3504    6.0427    5.8275
DIM:ROT:      12         1   -2.2362   10.2359    7.9606
DIM:ROT:      12         2   -2.7856    6.6649    4.6146
DIM:ROT:      12         3   -3.0663    3.9261    4.2261
DIM:ROT:      13         1   -3.7735    6.4630    6.1377
DIM:ROT:      13         2   -4.0651    4.5266    3.6664
DIM:ROT:      13         3   -4.2804    3.3708    3.7426
DIM:ROT:      14         1   -4.8981    3.3466    4.1820
DIM:ROT:      14         2   -4.9861    2.2715    2.1054
DIM:ROT:      14         3   -5.0457    1.7841    1.8303
DIM:ROT:      15         1   -4.8556    3.9681    3.1111
DIM:ROT:      15         2   -4.9546    2.2890    2.3429
DIM:ROT:      15         3   -5.0284    2.2042    1.9029
DIM:ROT:      16         1   -5.5558   12.4442    4.3916
DIM:ROT:      16         2   -6.6164    8.1670    7.3731
DIM:ROT:      16         3   -8.0150    9.7279    8.1460
DIM:ROT:      17         1   -5.8680    7.2906   10.2162
DIM:ROT:      17         2   -6.5245    6.8557    5.3445
DIM:ROT:      17         3   -7.0962    5.2547    6.2089
DIM:ROT:      18         1   -4.2832    4.5161    5.1532
DIM:ROT:      18         2   -4.5445    3.8987    3.7887
DIM:ROT:      18         3   -4.7592    3.3099    3.6563
DIM:ROT:      19         1   -4.7291   10.1439    5.3494
DIM:ROT:      19         2   -5.3207    4.8959    6.9414
DIM:ROT:      19         3   -5.6798    5.6546    3.6554
DIM:ROT:      20         1   -2.8423    5.5156    6.3183
DIM:ROT:      20         2   -3.0997    3.5209    4.0907
DIM:ROT:      20         3   -3.2591    2.8535    3.0567
DIM:ROT:      21         1   -1.9536    6.7311    4.8256
DIM:ROT:      21         2   -2.1400    2.8003    3.7478
DIM:ROT:      21         3   -2.2375    2.6326    2.1043
DIM:ROT:      22         1   -2.2812    3.0654    3.2288
DIM:ROT:      22         2   -2.3562    1.8195    2.3210
DIM:ROT:      22         3   -2.4002    1.5697    1.5706
DIM:ROT:      23         1   -1.8823    2.9698    2.4538
DIM:ROT:      23         2   -1.9385    1.6268    1.9125
DIM:ROT:      23         3   -1.9746    1.5902    1.2932
DIM:ROT:      24         1   -1.1160    3.1764    2.5768
DIM:ROT:      24         2   -1.1991    1.9108    2.4802
DIM:ROT:      24         3   -1.2618    2.0256    1.7427
DIM:ROT:      25         1   -0.4599    3.1804    2.6970
DIM:ROT:      25         2   -0.5545    2.2022    2.4283
DIM:ROT:      25         3   -0.6236    2.1552    1.8491
DIM:ROT:      26         1   -0.3496    2.4355    2.4918
DIM:ROT:      26         2   -0.4111    1.7457    1.9887
DIM:ROT:      26         3   -0.4592    1.6601    1.6337
DIM:ROT:      27         1   -0.4467    2.4291    2.3401
DIM:ROT:      27         2   -0.4969    1.6287    1.6867
DIM:ROT:      27         3   -0.5354    1.5581    1.4202
DIM:ROT:      28         1   -0.9420    2.8744    2.4215
DIM:ROT:      28         2   -0.9991    1.5615    1.9841
DIM:ROT:      28         3   -1.0430    1.7190    1.4503
DIM:ROT:      29         1   -1.5534    2.9983    2.8168
DIM:ROT:      29         2   -1.6253    1.9265    2.0490
DIM:ROT:      29         3   -1.6797    1.8701    1.6782
DIM:ROT:      30         1   -2.3104    3.3013    2.7532
DIM:ROT:      30         2   -2.3940    1.9052    2.4593
DIM:ROT:      30         3   -2.4604    2.0963    1.7952
DIM:ROT:      31         1   -2.3092    2.4765    2.6772
DIM:ROT:      31         2   -2.3734    1.8909    1.9084
DIM:ROT:      31         3   -2.4237    1.6989    1.6841
DIM:ROT:      32         1   -1.2308    5.4215    3.8930
DIM:ROT:      32         2   -1.3861    2.8153    3.4951
DIM:ROT:      32         3   -1.4993    2.7078    2.3316
DIM:ROT:      33         1   -1.2413    2.6335    3.0510
DIM:ROT:      33         2   -1.3244    2.2692    2.0668
DIM:ROT:      33         3   -1.3853    1.8047    1.9857
DIM:ROT:      34         1   -1.5830    2.3492    2.2114
DIM:ROT:      34         2   -1.6231    1.5108    1.5262
DIM:ROT:      34         3   -1.6615    1.4198    1.4865
DIM:ROT:      35         1   -2.3519    4.9029    3.6223
DIM:ROT:      35         2   -2.5337    3.4278    3.3029
DIM:ROT:      35         3   -2.7113    3.3148    3.1223
DIM:ROT:      36         1   -3.5431    6.6342    4.2916
DIM:ROT:      36         2   -3.9160    4.2513    5.3984
DIM:ROT:      36         3   -4.2886    5.2323    4.0976
DIM:ROT:      37         1   -1.0679    3.8333    5.5695
DIM:ROT:      37         2   -1.2371    3.7221    2.5107
DIM:ROT:      37         3   -1.3416    1.9845    2.7946
DIM:ROT:      38         1    1.2082   10.0481    6.2879
DIM:ROT:      38         2    0.7740    5.0335    5.4586
DIM:ROT:      38         3    0.4718    5.3266    3.0686
DIM:ROT:      39         1    0.7544   13.4713    7.1821
DIM:ROT:      39         2    0.3890    3.9955    5.6365
DIM:ROT:      39         3    0.0946    5.3734    3.1393
DIM:ROT:      40         1    0.1951    2.9712    4.3663
DIM:ROT:      40         2    0.0538    3.4915    2.3274
DIM:ROT:      40         3   -0.0593    2.1569    2.9720
DIM:ROT:      41         1    0.1243    2.4362    2.8229
DIM:ROT:      41         2    0.0423    2.3130    2.0322
DIM:ROT:      41         3   -0.0260    1.8820    2.0939
DIM:ROT:      42         1   -0.1188    4.1205    2.3920
DIM:ROT:      42         2   -0.2465    2.4462    3.0333
DIM:ROT:      42         3   -0.3516    3.1322    2.0104
DIM:ROT:      43         1   -0.5125    5.1373    3.3458
DIM:ROT:      43         2   -0.8806    4.3286    4.8623
DIM:ROT:      43         3   -1.4284    6.9723    4.4951
DIM:ROT:      44         1   -0.5848    3.9067    5.9840
DIM:ROT:      44         2   -0.7758    4.3074    2.5543
DIM:ROT:      44         3   -0.8956    2.1906    3.0678
DIM:ROT:      45         1   -0.7089    9.6557    4.6097
DIM:ROT:      45         2   -0.8486    2.3872    3.3790
DIM:ROT:      45         3   -0.9259    2.6697    1.6851
DIM:ROT:      46         1   -1.0838    2.0134    2.4029
DIM:ROT:      46         2   -1.1350    1.8029    1.6263
DIM:ROT:      46         3   -1.1768    1.4663    1.6241
DIM:ROT:      47         1   -1.1110    2.5747    2.0247
DIM:ROT:      47         2   -1.1679    1.6962    1.8840
DIM:ROT:      47         3   -1.2098    1.7345    1.3922
DIM:ROT:      48         1   -1.1703    1.9445    1.9289
DIM:ROT:      48         2   -1.2152    1.4919    1.7070
DIM:ROT:      48         3   -1.2505    1.4420    1.4022
DIM:ROT:      49         1   -1.2475    1.8987    1.7222
DIM:ROT:      49         2   -1.2840    1.3156    1.5985
DIM:ROT:      49         3   -1.3141    1.3187    1.3258
DIM:ROT:      50         1   -1.2098    3.6083    1.4435
DIM:ROT:      50         2   -1.2823    1.7133    2.4157
DIM:ROT:      50         3   -1.3279    1.8345    1.4327
DIM:ROT:      51         1   -1.0193    1.5222    2.3403
DIM:ROT:      51         2   -1.0733    2.0970    1.4734
DIM:ROT:      51         3   -1.1250    1.4024    2.1087
DIM:ROT:      52         1   -0.4889    2.5202    1.5786
DIM:ROT:      52         2   -0.5369    1.2957    2.1305
DIM:ROT:      52         3   -0.5759    1.7466    1.2614
DIM:ROT:      53         1   -0.3214    1.6908    1.8551
DIM:ROT:      53         2   -0.3617    1.5905    1.4448
DIM:ROT:      53         3   -0.3961    1.3092    1.5095
DIM:ROT:      54         1    0.1985    2.2490    2.2207
DIM:ROT:      54         2    0.1325    1.6776    2.2623
DIM:ROT:      54         3    0.0746    1.8183    1.7982
DIM:ROT:      55         1   -0.0185    2.1033    2.7541
DIM:ROT:      55         2   -0.0878    1.8516    2.1475
DIM:ROT:      55         3   -0.1431    1.6034    1.9826
DIM:ROT:      56         1   -0.2280    4.4491    2.3719
DIM:ROT:      56         2   -0.3205    1.7350    3.0763
DIM:ROT:      56         3   -0.3941    2.6508    1.5829
DIM:ROT:      57         1   -0.5363    1.7346    2.3709
DIM:ROT:      57         2   -0.5884    1.6753    1.7596
DIM:ROT:      57         3   -0.6288    1.3236    1.7626
DIM:ROT:      58         1   -0.6004    2.7739    2.1368
DIM:ROT:      58         2   -0.6509    1.2852    2.2424
DIM:ROT:      58         3   -0.6883    1.6123    1.3112
DIM:ROT:      59         1   -0.9721    1.6203    1.8782
DIM:ROT:      59         2   -1.0041    1.2121    1.5177
DIM:ROT:      59         3   -1.0283    1.1171    1.2362
DIM:ROT:      60         1   -1.1276    1.8425    1.4775
DIM:ROT:      60         2   -1.1537    0.9888    1.4637
DIM:ROT:      60         3   -1.1723    1.0981    0.9759
DIM:ROT:      61         1   -0.9457    0.8061    1.3406
DIM:ROT:      61         2   -0.9582    0.8831    0.8052
DIM:ROT:      61         3   -0.9679    0.6056    0.9418
DIM:ROT:      62         1   -0.5069    1.5868    1.0298
DIM:ROT:      62         2   -0.5238    1.1244    0.8532
DIM:ROT:      62         3   -0.5349    0.9138    0.7093
DIM:ROT:      63         1    0.0620    2.5055    1.8225
DIM:ROT:      63         2    0.0201    1.5176    1.5517
DIM:ROT:      63         3   -0.0047    1.1253    1.2873
DIM:ROT:      64         1    0.3167    2.4471    2.0129
DIM:ROT:      64         2    0.2705    1.2769    2.0158
DIM:ROT:      64         3    0.2376    1.3971    1.3575
DIM:ROT:      65         1    0.5660    3.5459    2.0113
DIM:ROT:      65         2    0.5110    1.4460    2.1761
DIM:ROT:      65         3    0.4778    1.3320    1.4253
DIM:ROT:      66         1    0.7013    1.8492    2.6507
DIM:ROT:      66         2    0.6465    1.6507    1.9119
DIM:ROT:      66         3    0.6059    1.3266    1.8145
DIM:ROT:      67         1    0.6561    4.6276    2.0407
DIM:ROT:      67         2    0.5874    1.8362    2.1547
DIM:ROT:      67         3    0.5523    1.3939    1.4053
DIM:ROT:      68         1    0.6003    1.6794    2.4208
DIM:ROT:      68         2    0.5539    1.5540    1.7201
DIM:ROT:      68         3    0.5190    1.2184    1.6846
DIM:ROT:      69         1    0.5389    2.9793    1.7283
DIM:ROT:      69         2    0.5001    1.3100    1.7303
DIM:ROT:      69         3    0.4769    1.1009    1.1635
DIM:ROT:      70         1    0.5907    1.3262    1.9553
DIM:ROT:      70         2    0.5645    1.1609    1.2974
DIM:ROT:      70         3    0.5458    0.8923    1.2396
DIM:ROT:      71         1    0.6509    2.4504    1.4278
DIM:ROT:      71         2    0.6265    1.0988    1.3010
DIM:ROT:      71         3    0.6130    0.8317    0.9119
DIM:ROT:      72         1    0.6900    1.2606    1.6168
DIM:ROT:      72         2    0.6697    0.9594    1.2180
DIM:ROT:      72         3    0.6548    0.8552    1.0376
DIM:ROT:      73         1    0.6599    2.1163    1.4026
DIM:ROT:      73         2    0.6372    0.9911    1.3190
DIM:ROT:      73         3    0.6222    0.8983    0.9507
DIM:ROT:      74         1    0.6174    1.3548    1.6313
DIM:ROT:      74         2    0.5957    0.9974    1.2685
DIM:ROT:      74         3    0.5786    0.9413    1.0741
DIM:ROT:      75         1    0.5421    1.8228    1.4186
DIM:ROT:      75         2    0.5200    0.9406    1.3728
DIM:ROT:      75         3    0.5034    1.0220    0.9414
DIM:ROT:      76         1    0.3764    1.4467    1.5514
DIM:ROT:      76         2    0.3520    1.0333    1.3645
DIM:ROT:      76         3    0.3330    1.0398    1.0833
DIM:ROT:      77         1    0.0180    1.9630    1.7062
DIM:ROT:      77         2   -0.0208    1.2631    1.8218
DIM:ROT:      77         3   -0.0540    1.4802    1.2881
DIM:ROT:      78         1   -0.3708    2.0989    1.9755
DIM:ROT:      78         2   -0.4129    1.3822    1.7892
DIM:ROT:      78         3   -0.4472    1.4165    1.4025
DIM:ROT:      79         1   -0.7953    1.3452    2.4444
DIM:ROT:      79         2   -0.8243    1.4686    1.1594
DIM:ROT:      79         3   -0.8460    0.8782    1.4320
DIM:ROT:      80         1   -0.3411    2.7168    1.9978
DIM:ROT:      80         2   -0.3852    1.3678    1.8050
DIM:ROT:      80         3   -0.4082    1.0067    1.3240
DIM:ROT:      81         1   -0.0549    2.7427    1.8389
DIM:ROT:      81         2   -0.0971    1.4698    1.6018
DIM:ROT:      81         3   -0.1173    1.0088    1.1248
DIM:ROT:      82         1    0.1656    1.7060    1.6649
DIM:ROT:      82         2    0.1401    1.0786    1.3503
DIM:ROT:      82         3    0.1226    0.9998    1.0032
DIM:ROT:      83         1    0.2290    2.2015    1.5246
DIM:ROT:      83         2    0.2005    1.0736    1.5418
DIM:ROT:      83         3    0.1819    1.1857    0.9205
DIM:ROT:      84         1    0.1740    1.3456    1.4510
DIM:ROT:      84         2    0.1540    1.0144    1.1721
DIM:ROT:      84         3    0.1377    0.9479    0.9738
DIM:ROT:      85         1    0.1123    1.2770    1.2738
DIM:ROT:      85         2    0.0960    0.9067    1.0431
DIM:ROT:      85         3    0.0833    0.8779    0.8556
DIM:ROT:      86         1    0.1151    1.0948    1.1480
DIM:ROT:      86         2    0.1037    0.7766    0.8713
DIM:ROT:      86         3    0.0948    0.7153    0.7166
DIM:ROT:      87         1    0.1992    1.2547    1.0949
DIM:ROT:      87         2    0.1871    0.7833    0.9273
DIM:ROT:      87         3    0.1779    0.7871    0.6874
DIM:ROT:      88         1    0.2826    1.6980    1.2372
DIM:ROT:      88         2    0.2604    1.0123    1.2816
DIM:ROT:      88         3    0.2419    1.1925    0.8958
DIM:ROT:      89         1    0.2577    1.8086    1.5896
DIM:ROT:      89         2    0.2244    1.3128    1.4944
DIM:ROT:      89         3    0.1961    1.3829    1.1951
DIM:ROT:      90         1    0.0818    2.1602    1.6890
DIM:ROT:      90         2    0.0419    1.4104    1.6535
DIM:ROT:      90         3    0.0081    1.5722    1.2439
DIM:ROT:      91         1   -0.1872    1.9783    1.9749
DIM:ROT:      91         2   -0.2284    1.5580    1.5648
DIM:ROT:      91         3   -0.2626    1.4504    1.3767
DIM:ROT:      92         1   -0.4480    2.4229    1.6823
DIM:ROT:      92         2   -0.4862    1.3351    1.6846
DIM:ROT:      92         3   -0.5188    1.6078    1.1707
DIM:ROT:      93         1   -0.9387    1.1038    1.7856
DIM:ROT:      93         2   -0.9624    1.2937    1.0913
DIM:ROT:      93         3   -0.9841    0.8829    1.3855
DIM:ROT:      94         1   -1.1595    1.7308    1.8571
DIM:ROT:      94         2   -1.1921    1.2670    1.5535
DIM:ROT:      94         3   -1.2170    1.1963    1.2307
DIM:ROT:      95         1   -1.0428    1.9637    2.1263
DIM:ROT:      95         2   -1.0798    1.4227    1.5288
DIM:ROT:      95         3   -1.1072    1.1983    1.3419
DIM:ROT:      96         1   -0.9332    2.7519    2.1508
DIM:ROT:      96         2   -0.9997    1.8093    2.1713
DIM:ROT:      96         3   -1.0533    1.9853    1.5613
DIM:ROT:      97         1   -1.2118    2.3521    1.9733
DIM:ROT:      97         2   -1.2642    1.5907    1.9072
DIM:ROT:      97         3   -1.3083    1.6989    1.5108
DIM:ROT:      98         1   -1.6647    2.2765    2.5457
DIM:ROT:      98         2   -1.7258    1.8825    1.9293
DIM:ROT:      98         3   -1.7755    1.6393    1.7375
DIM:ROT:      99         1   -1.6891    2.2296    1.5623
DIM:ROT:      99         2   -1.7254    1.2483    1.6641
DIM:ROT:      99         3   -1.7527    1.3541    1.1836
DIM:ROT:     100         1   -1.4160    1.2469    1.7003
DIM:ROT:     100         2   -1.4377    1.2469    1.0415
DIM:ROT:     100         3   -1.4560    0.8958    1.1700
DIM:ROT:     101         1   -1.0099    1.0611    1.2171
DIM:ROT:     101         2   -1.0241    0.9237    0.9056
DIM:ROT:     101         3   -1.0354    0.7594    0.8862
DIM:ROT:     102         1   -0.8239    0.9677    1.1573
DIM:ROT:     102         2   -0.8342    0.7568    0.8279
DIM:ROT:     102         3   -0.8426    0.6452    0.7599
DIM:ROT:     103         1   -0.5960    1.0615    1.2471
DIM:ROT:     103         2   -0.6089    0.8909    0.8727
DIM:ROT:     103         3   -0.6189    0.7202    0.8230
DIM:ROT:     104         1   -0.5600    1.0555    1.2357
DIM:ROT:     104         2   -0.5697    0.6879    0.8926
DIM:ROT:     104         3   -0.5773    0.6158    0.7057
DIM:ROT:     105         1   -0.5037    0.9076    1.3857
DIM:ROT:     105         2   -0.5171    0.9577    0.8131
DIM:ROT:     105         3   -0.5271    0.6360    0.9247
DIM:ROT:     106         1   -0.5812    1.4486    0.7971
DIM:ROT:     106         2   -0.5917    0.7300    0.8350
DIM:ROT:     106         3   -0.5978    0.5928    0.6055
DIM:ROT:     107         1   -0.6135    1.1659    0.8820
DIM:ROT:     107         2   -0.6251    0.7016    0.9597
DIM:ROT:     107         3   -0.6343    0.7885    0.6770
DIM:ROT:     108         1   -0.8505    1.6247    1.2492
DIM:ROT:     108         2   -0.8732    0.9252    1.4362
DIM:ROT:     108         3   -0.8924    1.0675    1.0223
DIM:ROT:     109         1   -0.9702    1.0946    1.9924
DIM:ROT:     109         2   -1.0021    1.4698    1.2322
DIM:ROT:     109         3   -1.0304    0.9701    1.7112
DIM:ROT:     110         1   -0.8066    4.0532    1.5431
DIM:ROT:     110         2   -0.8527    1.4861    1.7764
DIM:ROT:     110         3   -0.8858    1.5318    1.2557
DIM:ROT:     111         1   -0.9950    1.6372    1.6867
DIM:ROT:     111         2   -1.0360    1.3420    1.8141
DIM:ROT:     111         3   -1.0799    1.5517    1.5825
DIM:ROT:     112         1   -0.9715    1.1813    2.3243
DIM:ROT:     112         2   -1.0063    1.6859    1.1493
DIM:ROT:     112         3   -1.0318    0.9077    1.7014
DIM:ROT:     113         1   -0.5617    2.3349    1.5032
DIM:ROT:     113         2   -0.5955    1.1812    1.6907
DIM:ROT:     113         3   -0.6182    1.2758    1.0307
DIM:ROT:     114         1   -0.7362    2.5586    2.1108
DIM:ROT:     114         2   -0.7863    1.2727    2.3332
DIM:ROT:     114         3   -0.8241    1.5537    1.3696
DIM:ROT:     115         1   -0.5318    2.8697    3.3168
DIM:ROT:     115         2   -0.6086    1.6297    2.7717
DIM:ROT:     115         3   -0.6493    1.4877    1.6307
DIM:ROT:     116         1   -0.4048    1.3718    1.4457
DIM:ROT:     116         2   -0.4254    0.8885    1.2918
DIM:ROT:     116         3   -0.4383    0.8601    0.8871
DIM:ROT:     117         1   -0.3274    0.6649    1.3250
DIM:ROT:     117         2   -0.3357    0.6814    0.6610
DIM:ROT:     117         3   -0.3397    0.3750    0.7031
DIM:ROT:     118         1    0.0257    1.5982    0.8582
DIM:ROT:     118         2    0.0149    0.5945    1.0553
DIM:ROT:     118         3    0.0090    0.5967    0.5819
DIM:ROT:     119         1    0.0343    0.7858    1.6290
DIM:ROT:     119         2    0.0251    0.8230    0.6854
DIM:ROT:     119         3    0.0194    0.4041    0.7779
DIM:ROT:     120         1   -0.1000    1.2425    1.2085
DIM:ROT:     120         2   -0.1144    0.6982    1.2317
DIM:ROT:     120         3   -0.1264    0.8398    0.7893
DIM:ROT:     121         1   -0.3540    3.1942    1.1853
DIM:ROT:     121         2   -0.3822    1.1364    1.4456
DIM:ROT:     121         3   -0.3984    0.9593    0.9508
DIM:ROT:     122         1   -0.4720    0.9304    1.2163
DIM:ROT:     122         2   -0.4885    0.9223    1.0101
DIM:ROT:     122         3   -0.5034    0.8188    1.0485
DIM:ROT:     123         1   -0.6376    1.0591    1.0092
DIM:ROT:     123         2   -0.6531    0.7228    1.1800
DIM:ROT:     123         3   -0.6658    0.8935    0.8510
DIM:ROT:     124         1   -0.4030    0.9112    1.4461
DIM:ROT:     124         2   -0.4135    0.7249    0.8449
DIM:ROT:     124         3   -0.4206    0.5181    0.7807
DIM:ROT:     125         1   -0.0377    1.3830    1.3506
DIM:ROT:     125         2   -0.0572    0.8873    1.3170
DIM:ROT:     125         3   -0.0719    0.9286    0.8915
DIM:ROT:     126         1    0.0784    1.2007    1.0787
DIM:ROT:     126         2    0.0652    0.6760    1.1685
DIM:ROT:     126         3    0.0545    0.8104    0.7359
DIM:ROT:     127         1   -0.1391    0.9834    0.8324
DIM:ROT:     127         2   -0.1450    0.5796    0.6097
DIM:ROT:     127         3   -0.1485    0.4958    0.4299
DIM:ROT:     128         1    0.1038    0.8967    1.2003
DIM:ROT:     128         2    0.0916    0.7792    0.9224
DIM:ROT:     128         3    0.0815    0.6732    0.8649
DIM:ROT:     129         1    0.3673    2.7178    1.1225
DIM:ROT:     129         2    0.3397    1.1524    1.4014
DIM:ROT:     129         3    0.3222    1.2231    0.8166
DIM:ROT:     130         1    0.3976    1.1149    1.4832
DIM:ROT:     130         2    0.3799    0.9296    1.1037
DIM:ROT:     130         3    0.3670    0.7667    0.9860
DIM:ROT:     131         1    0.6876    3.5925    1.7097
DIM:ROT:     131         2    0.6434    1.2737    1.9986
DIM:ROT:     131         3    0.6217    1.1915    1.0378
DIM:ROT:     132         1    1.3962    3.4816    2.2897
DIM:ROT:     132         2    1.3099    1.8059    2.7218
DIM:ROT:     132         3    1.2497    2.0332    1.6967
DIM:ROT:     133         1    1.8615    2.7478    2.8139
DIM:ROT:     133         2    1.7554    2.1993    2.7866
DIM:ROT:     133         3    1.6678    2.2330    2.2831
DIM:ROT:     134         1    1.9322    2.8861    2.6417
DIM:ROT:     134         2    1.8277    2.1296    2.8351
DIM:ROT:     134         3    1.7342    2.4139    2.1983
DIM:ROT:     135         1    1.8400    2.2844    2.8428
DIM:ROT:     135         2    1.7465    2.3036    2.3279
DIM:ROT:     135         3    1.6676    1.9325    2.3772
DIM:ROT:     136         1    1.6395    2.5960    2.2117
DIM:ROT:     136         2    1.5632    1.8056    2.4405
DIM:ROT:     136         3    1.4947    2.1172    1.8250
DIM:ROT:     137         1    1.4012    1.7469    2.3800
DIM:ROT:     137         2    1.3450    1.8801    1.7127
DIM:ROT:     137         3    1.2986    1.4271    1.8990
DIM:ROT:     138         1    1.1777    1.8864    1.6341
DIM:ROT:     138         2    1.1404    1.2790    1.7023
DIM:ROT:     138         3    1.1073    1.4480    1.2850
DIM:ROT:     139         1    1.0068    1.3619    1.6990
DIM:ROT:     139         2    0.9777    1.2637    1.3209
DIM:ROT:     139         3    0.9545    1.0584    1.2847
DIM:ROT:     140         1    0.9076    1.7759    1.4651
DIM:ROT:     140         2    0.8774    1.1276    1.5594
DIM:ROT:     140         3    0.8520    1.2953    1.1093
DIM:ROT:     141         1    0.9011    1.6304    1.6091
DIM:ROT:     141         2    0.8682    1.2301    1.5440
DIM:ROT:     141         3    0.8416    1.2527    1.2369
DIM:ROT:     142         1    1.0053    1.7915    1.7824
DIM:ROT:     142         2    0.9666    1.3545    1.6687
DIM:ROT:     142         3    0.9334    1.3799    1.3669
DIM:ROT:     143         1    1.1525    2.4801    1.8589
DIM:ROT:     143         2    1.0970    1.5008    2.1331
DIM:ROT:     143         3    1.0531    1.8045    1.4099
DIM:ROT:     144         1    1.2563    2.1783    2.2715
DIM:ROT:     144         2    1.1947    1.7542    2.0395
DIM:ROT:     144         3    1.1417    1.7148    1.7506
DIM:ROT:     145         1    1.2635    2.5892    2.1413
DIM:ROT:     145         2    1.1937    1.7286    2.3117
DIM:ROT:     145         3    1.1369    2.0024    1.6491
DIM:ROT:     146         1    1.1894    2.0197    2.3141
DIM:ROT:     146         2    1.1291    1.8652    1.8869
DIM:ROT:     146         3    1.0751    1.6598    1.8460
DIM:ROT:     147         1    1.0651    2.4251    1.8461
DIM:ROT:     147         2    1.0066    1.5924    2.1130
DIM:ROT:     147         3    0.9565    1.9428    1.4981
DIM:ROT:     148         1    0.9316    1.7086    2.1905
DIM:ROT:     148         2    0.8829    1.8473    1.5443
DIM:ROT:     148         3    0.8392    1.4146    1.7545
DIM:ROT:     149         1    0.7920    2.5870    1.4777
DIM:ROT:     149         2    0.7460    1.3635    1.9403
DIM:ROT:     149         3    0.7079    1.8770    1.1760
DIM:ROT:     150         1    0.6822    1.4355    2.0191
DIM:ROT:     150         2    0.6464    1.7350    1.2064
DIM:ROT:     150         3    0.6157    1.1414    1.5342
DIM:ROT:     151         1    0.5756    2.5739    1.1854
DIM:ROT:     151         2    0.5438    1.1381    1.6129
DIM:ROT:     151         3    0.5183    1.5855    0.9189
DIM:ROT:     152         1    0.4908    1.1856    1.6564
DIM:ROT:     152         2    0.4670    1.4071    0.9814
DIM:ROT:     152         3    0.4472    0.9275    1.2265
DIM:ROT:     153         1    0.4139    1.8853    1.0302
DIM:ROT:     153         2    0.3935    0.9334    1.2700
DIM:ROT:     153         3    0.3758    1.3046    0.7699
DIM:ROT:     154         1    0.3567    1.0499    1.2888
DIM:ROT:     154         2    0.3398    1.0702    0.9070
DIM:ROT:     154         3    0.3259    0.8327    0.9707
DIM:ROT:     155         1    0.3209    1.4848    1.0417
DIM:ROT:     155         2    0.3036    0.8992    1.1268
DIM:ROT:     155         3    0.2884    1.1158    0.7737
DIM:ROT:     156         1    0.2891    1.2141    1.1965
DIM:ROT:     156         2    0.2699    1.0306    1.0672
DIM:ROT:     156         3    0.2533    1.0050    0.9548
DIM:ROT:     157         1    0.2414    1.6738    1.1933
DIM:ROT:     157         2    0.2147    1.1268    1.3694
DIM:ROT:     157         3    0.1896    1.4159    1.0112
DIM:ROT:     158         1    0.1037    1.7244    1.6036
DIM:ROT:     158         2    0.0588    1.5992    1.6174
DIM:ROT:     158         3    0.0131    1.7053    1.5508
DIM:ROT:     159         1   -0.1362    2.5185    1.7858
DIM:ROT:     159         2   -0.2163    1.9572    2.3302
DIM:ROT:     159         3   -0.3041    2.6637    1.8854
DIM:ROT:     160         1   -0.6122    2.7651    2.9070
DIM:ROT:     160         2   -0.7683    3.2412    2.7669
DIM:ROT:     160         3   -0.9447    3.1206    3.2732
