MinModeTranslate: STEP      TIME          ENERGY    MAX-FORCE     STEPSIZE    CURVATURE  ROT-STEPS
MinModeTranslate:    0  16:36:58   -12457.395436       0.9192     --------     5.905487          3
MinModeTranslate:    0  16:36:58   -12457.395436       0.9192     0.100000     5.905487          3
MinModeTranslate:    1  16:36:58   -12457.250722       0.6449     --------     1.594045          3
MinModeTranslate:    1  16:36:58   -12457.250722       0.6449     0.100000     1.594045          3
MinModeTranslate:    2  16:36:58   -12457.152472       7.7144     --------    -0.296167          3
MinModeTranslate:    2  16:36:58   -12457.152472       7.7144     0.100000    -0.296167          3
MinModeTranslate:    3  16:36:58   -12457.118565       7.1902     --------    -0.754615          3
MinModeTranslate:    3  16:36:58   -12457.118565       7.1902     0.100000    -0.754615          3
MinModeTranslate:    4  16:36:58   -12458.020515       3.9257     --------    -0.421572          3
MinModeTranslate:    4  16:36:58   -12458.020515       3.9257     0.100000    -0.421572          3
MinModeTranslate:    5  16:36:58   -12458.643983       3.0432     --------    -0.117306          3
MinModeTranslate:    5  16:36:58   -12458.643983       3.0432     0.100000    -0.117306          3
MinModeTranslate:    6  16:36:58   -12459.063658       0.3508     --------     0.165562          3
MinModeTranslate:    6  16:36:58   -12459.063658       0.3508     0.100000     0.165562          3
MinModeTranslate:    7  16:36:58   -12459.011822       0.3366     --------     0.130237          3
MinModeTranslate:    7  16:36:58   -12459.011822       0.3366     0.100000     0.130237          3
MinModeTranslate:    8  16:36:59   -12458.964076       0.3201     --------     0.172013          3
MinModeTranslate:    8  16:36:59   -12458.964076       0.3201     0.100000     0.172013          3
MinModeTranslate:    9  16:36:59   -12458.919872       0.2952     --------     0.209177          3
MinModeTranslate:    9  16:36:59   -12458.919872       0.2952     0.100000     0.209177          3
MinModeTranslate:   10  16:36:59   -12458.879953       0.2739     --------     0.221141          3
MinModeTranslate:   10  16:36:59   -12458.879953       0.2739     0.100000     0.221141          3
MinModeTranslate:   11  16:36:59   -12458.843427       0.2643     --------     0.208992          3
MinModeTranslate:   11  16:36:59   -12458.843427       0.2643     0.100000     0.208992          3
MinModeTranslate:   12  16:36:59   -12458.808505       0.2671     --------     0.145513          3
MinModeTranslate:   12  16:36:59   -12458.808505       0.2671     0.100000     0.145513          3
MinModeTranslate:   13  16:36:59   -12458.773665       0.2732     --------     0.034195          3
MinModeTranslate:   13  16:36:59   -12458.773665       0.2732     0.100000     0.034195          3
MinModeTranslate:   14  16:36:59   -12458.738576       2.7907     --------    -0.067887          3
MinModeTranslate:   14  16:36:59   -12458.738576       2.7907     0.100000    -0.067887          3
MinModeTranslate:   15  16:36:59   -12458.734634       0.2822     --------     0.038078          3
MinModeTranslate:   15  16:36:59   -12458.734634       0.2822     0.100000     0.038078          3
MinModeTranslate:   16  16:36:59   -12458.699717       0.2709     --------     0.111928          3
MinModeTranslate:   16  16:36:59   -12458.699717       0.2709     0.100000     0.111928          3
MinModeTranslate:   17  16:36:59   -12458.664061       0.2521     --------     0.198227          3
MinModeTranslate:   17  16:36:59   -12458.664061       0.2521     0.100000     0.198227          3
MinModeTranslate:   18  16:36:59   -12458.630273       0.2226     --------     0.263370          3
MinModeTranslate:   18  16:36:59   -12458.630273       0.2226     0.100000     0.263370          3
MinModeTranslate:   19  16:36:59   -12458.599839       0.1871     --------     0.307077          3
MinModeTranslate:   19  16:36:59   -12458.599839       0.1871     0.100000     0.307077          3
MinModeTranslate:   20  16:36:59   -12458.573669       0.1425     --------     0.338262          3
MinModeTranslate:   20  16:36:59   -12458.573669       0.1425     0.100000     0.338262          3
MinModeTranslate:   21  16:37:00   -12458.553045       0.0934     --------     0.372394          3
MinModeTranslate:   21  16:37:00   -12458.553045       0.0934     0.100000     0.372394          3
MinModeTranslate:   22  16:37:00   -12458.538589       0.0392     --------     0.417943          3
MinModeTranslate:   22  16:37:00   -12458.538589       0.0392     0.100000     0.417943          3
MinModeTranslate:   23  16:37:00   -12458.530968       0.0176     --------     0.478504          3
MinModeTranslate:   23  16:37:00   -12458.530968       0.0176     0.100000     0.478504          3
MinModeTranslate:   24  16:37:00   -12458.478629       0.0625     --------     0.949652          3
MinModeTranslate:   24  16:37:00   -12458.478629       0.0625     0.100000     0.949652          3
MinModeTranslate:   25  16:37:00   -12458.122861       0.0946     --------     2.142999          3
MinModeTranslate:   25  16:37:00   -12458.122861       0.0946     0.100000     2.142999          3
MinModeTranslate:   26  16:37:00   -12457.998625       0.1563     --------     2.243974          3
MinModeTranslate:   26  16:37:00   -12457.998625       0.1563     0.100000     2.243974          3
MinModeTranslate:   27  16:37:00   -12457.919041       0.2139     --------     2.327430          3
MinModeTranslate:   27  16:37:00   -12457.919041       0.2139     0.100000     2.327430          3
MinModeTranslate:   28  16:37:00   -12457.853022       0.1753     --------     2.404773          3
MinModeTranslate:   28  16:37:00   -12457.853022       0.1753     0.100000     2.404773          3
MinModeTranslate:   29  16:37:00   -12457.816236       0.1896     --------     2.473686          3
MinModeTranslate:   29  16:37:00   -12457.816236       0.1896     0.100000     2.473686          3
MinModeTranslate:   30  16:37:00   -12457.775170       0.1110     --------     2.520866          3
MinModeTranslate:   30  16:37:00   -12457.775170       0.1110     0.100000     2.520866          3
MinModeTranslate:   31  16:37:00   -12457.746638       0.1424     --------     2.515322          3
MinModeTranslate:   31  16:37:00   -12457.746638       0.1424     0.100000     2.515322          3
MinModeTranslate:   32  16:37:00   -12457.708399       0.1085     --------     2.401235          3
MinModeTranslate:   32  16:37:00   -12457.708399       0.1085     0.100000     2.401235          3
MinModeTranslate:   33  16:37:01   -12457.680563       0.1600     --------     2.210049          3
MinModeTranslate:   33  16:37:01   -12457.680563       0.1600     0.100000     2.210049          3
MinModeTranslate:   34  16:37:01   -12457.639656       0.1008     --------     1.980998          3
MinModeTranslate:   34  16:37:01   -12457.639656       0.1008     0.100000     1.980998          3
MinModeTranslate:   35  16:37:01   -12457.614093       0.1478     --------     1.765085          3
MinModeTranslate:   35  16:37:01   -12457.614093       0.1478     0.100000     1.765085          3
MinModeTranslate:   36  16:37:01   -12457.577049       0.1559     --------     1.541705          3
MinModeTranslate:   36  16:37:01   -12457.577049       0.1559     0.100000     1.541705          3
MinModeTranslate:   37  16:37:01   -12457.539939       0.2370     --------     1.346111          3
MinModeTranslate:   37  16:37:01   -12457.539939       0.2370     0.100000     1.346111          3
MinModeTranslate:   38  16:37:01   -12457.489654       0.2649     --------     1.161080          3
MinModeTranslate:   38  16:37:01   -12457.489654       0.2649     0.100000     1.161080          3
MinModeTranslate:   39  16:37:01   -12457.432103       0.3249     --------     1.016713          3
MinModeTranslate:   39  16:37:01   -12457.432103       0.3249     0.100000     1.016713          3
MinModeTranslate:   40  16:37:01   -12457.364506       0.3642     --------     0.872471          3
MinModeTranslate:   40  16:37:01   -12457.364506       0.3642     0.100000     0.872471          3
MinModeTranslate:   41  16:37:01   -12457.292267       0.4229     --------     0.741055          3
MinModeTranslate:   41  16:37:01   -12457.292267       0.4229     0.100000     0.741055          3
MinModeTranslate:   42  16:37:01   -12457.211660       0.4567     --------     0.600036          3
MinModeTranslate:   42  16:37:01   -12457.211660       0.4567     0.100000     0.600036          3
MinModeTranslate:   43  16:37:01   -12457.126176       0.5062     --------     0.468144          3
MinModeTranslate:   43  16:37:01   -12457.126176       0.5062     0.100000     0.468144          3
MinModeTranslate:   44  16:37:01   -12457.032936       0.5340     --------     0.345818          3
MinModeTranslate:   44  16:37:01   -12457.032936       0.5340     0.100000     0.345818          3
MinModeTranslate:   45  16:37:01   -12456.934716       0.5900     --------     0.194105          3
MinModeTranslate:   45  16:37:01   -12456.934716       0.5900     0.100000     0.194105          3
MinModeTranslate:   46  16:37:01   -12456.827211       5.1355     --------    -0.115962          3
MinModeTranslate:   46  16:37:01   -12456.827211       5.1355     0.100000    -0.115962          3
MinModeTranslate:   47  16:37:01   -12456.810149       4.5084     --------    -0.593723          3
MinModeTranslate:   47  16:37:01   -12456.810149       4.5084     0.100000    -0.593723          3
MinModeTranslate:   48  16:37:02   -12457.331202       3.4791     --------    -0.427860          3
MinModeTranslate:   48  16:37:02   -12457.331202       3.4791     0.100000    -0.427860          3
MinModeTranslate:   49  16:37:02   -12457.801337       0.9233     --------     0.258105          3
MinModeTranslate:   49  16:37:02   -12457.801337       0.9233     0.100000     0.258105          3
MinModeTranslate:   50  16:37:02   -12457.622865       2.9588     --------    -0.186558          3
MinModeTranslate:   50  16:37:02   -12457.622865       2.9588     0.100000    -0.186558          3
MinModeTranslate:   51  16:37:02   -12457.599910       2.9620     --------    -0.583992          3
MinModeTranslate:   51  16:37:02   -12457.599910       2.9620     0.100000    -0.583992          3
MinModeTranslate:   52  16:37:02   -12457.953131       1.0313     --------     0.170092          3
MinModeTranslate:   52  16:37:02   -12457.953131       1.0313     0.100000     0.170092          3
MinModeTranslate:   53  16:37:02   -12457.751796       2.7415     --------    -0.689598          3
MinModeTranslate:   53  16:37:02   -12457.751796       2.7415     0.100000    -0.689598          3
MinModeTranslate:   54  16:37:02   -12457.717212       2.7294     --------    -1.423741          3
MinModeTranslate:   54  16:37:02   -12457.717212       2.7294     0.100000    -1.423741          3
MinModeTranslate:   55  16:37:02   -12457.942550       2.7803     --------    -0.728552          3
MinModeTranslate:   55  16:37:02   -12457.942550       2.7803     0.100000    -0.728552          3
MinModeTranslate:   56  16:37:02   -12458.123185       2.7601     --------    -0.090501          3
MinModeTranslate:   56  16:37:02   -12458.123185       2.7601     0.100000    -0.090501          3
MinModeTranslate:   57  16:37:02   -12458.285822       1.2598     --------     0.352211          3
MinModeTranslate:   57  16:37:02   -12458.285822       1.2598     0.100000     0.352211          3
MinModeTranslate:   58  16:37:02   -12458.041634       2.7354     --------    -0.895010          3
MinModeTranslate:   58  16:37:02   -12458.041634       2.7354     0.100000    -0.895010          3
MinModeTranslate:   59  16:37:02   -12457.961495       2.8122     --------    -2.032182          3
MinModeTranslate:   59  16:37:02   -12457.961495       2.8122     0.100000    -2.032182          3
MinModeTranslate:   60  16:37:02   -12457.987913       2.7419     --------    -2.430207          3
MinModeTranslate:   60  16:37:03   -12457.987913       2.7419     0.100000    -2.430207          3
MinModeTranslate:   61  16:37:03   -12457.962007       2.4988     --------    -3.347707          3
MinModeTranslate:   61  16:37:03   -12457.962007       2.4988     0.100000    -3.347707          3
MinModeTranslate:   62  16:37:03   -12457.843729       2.1572     --------    -4.909120          3
MinModeTranslate:   62  16:37:03   -12457.843729       2.1572     0.100000    -4.909120          3
MinModeTranslate:   63  16:37:03   -12457.683313       2.0617     --------    -2.668294          3
MinModeTranslate:   63  16:37:03   -12457.683313       2.0617     0.100000    -2.668294          3
MinModeTranslate:   64  16:37:03   -12457.506175       2.1291     --------    -2.725915          3
MinModeTranslate:   64  16:37:03   -12457.506175       2.1291     0.100000    -2.725915          3
MinModeTranslate:   65  16:37:03   -12457.299013       2.4105     --------     1.454391          3
MinModeTranslate:   65  16:37:03   -12457.299013       2.4105     0.100000     1.454391          3
MinModeTranslate:   66  16:37:03   -12456.980574       2.5187     --------     1.446473          3
MinModeTranslate:   66  16:37:03   -12456.980574       2.5187     0.100000     1.446473          3
MinModeTranslate:   67  16:37:03   -12456.663567       2.2538     --------    -6.362872          3
MinModeTranslate:   67  16:37:03   -12456.663567       2.2538     0.100000    -6.362872          3
MinModeTranslate:   68  16:37:03   -12456.416013       2.3904     --------    -3.064606          3
MinModeTranslate:   68  16:37:03   -12456.416013       2.3904     0.100000    -3.064606          3
MinModeTranslate:   69  16:37:03   -12456.242503       1.9484     --------    -1.686603          3
MinModeTranslate:   69  16:37:03   -12456.242503       1.9484     0.082673    -1.686603          3
MinModeTranslate:   70  16:37:03   -12456.039484       3.4713     --------    -5.154434          3
MinModeTranslate:   70  16:37:03   -12456.039484       3.4713     0.100000    -5.154434          3
MinModeTranslate:   71  16:37:03   -12455.877390       2.8668     --------    -0.897227          3
MinModeTranslate:   71  16:37:03   -12455.877390       2.8668     0.040622    -0.897227          3
MinModeTranslate:   72  16:37:03   -12455.926105       1.5586     --------    -0.318680          3
MinModeTranslate:   72  16:37:03   -12455.926105       1.5586     0.100000    -0.318680          3
MinModeTranslate:   73  16:37:04   -12455.750310       1.6243     --------     4.389195          3
MinModeTranslate:   73  16:37:04   -12455.750310       1.6243     0.100000     4.389195          3
MinModeTranslate:   74  16:37:04   -12455.525862       3.5062     --------    -0.294693          3
MinModeTranslate:   74  16:37:04   -12455.525862       3.5062     0.100000    -0.294693          3
MinModeTranslate:   75  16:37:04   -12455.380687       1.7595     --------    -4.423421          3
MinModeTranslate:   75  16:37:04   -12455.380687       1.7595     0.100000    -4.423421          3
MinModeTranslate:   76  16:37:04   -12455.225300       1.4676     --------    -5.991350          3
MinModeTranslate:   76  16:37:04   -12455.225300       1.4676     0.072657    -5.991350          3
MinModeTranslate:   77  16:37:04   -12455.117333       2.6393     --------    -5.840596          3
MinModeTranslate:   77  16:37:04   -12455.117333       2.6393     0.100000    -5.840596          3
MinModeTranslate:   78  16:37:04   -12455.032916       2.4173     --------    -3.115120          3
MinModeTranslate:   78  16:37:04   -12455.032916       2.4173     0.027598    -3.115120          3
MinModeTranslate:   79  16:37:04   -12455.068659       1.0170     --------    -2.486138          3
MinModeTranslate:   79  16:37:04   -12455.068659       1.0170     0.100000    -2.486138          3
MinModeTranslate:   80  16:37:04   -12454.986927       0.9523     --------     1.710445          3
MinModeTranslate:   80  16:37:04   -12454.986927       0.9523     0.100000     1.710445          3
MinModeTranslate:   81  16:37:04   -12454.860201       1.2169     --------     2.846863          3
MinModeTranslate:   81  16:37:04   -12454.860201       1.2169     0.100000     2.846863          3
MinModeTranslate:   82  16:37:04   -12454.718651       1.5018     --------    -7.383482          3
MinModeTranslate:   82  16:37:04   -12454.718651       1.5018     0.100000    -7.383482          3
MinModeTranslate:   83  16:37:04   -12454.674626       0.8851     --------   -10.734366          3
MinModeTranslate:   83  16:37:04   -12454.674626       0.8851     0.035418   -10.734366          3
MinModeTranslate:   84  16:37:04   -12454.672783       0.5466     --------    -8.583055          3
MinModeTranslate:   84  16:37:04   -12454.672783       0.5466     0.018014    -8.583055          3
MinModeTranslate:   85  16:37:04   -12454.678863       0.3585     --------    -7.343113          3
MinModeTranslate:   85  16:37:05   -12454.678863       0.3585     0.031222    -7.343113          3
MinModeTranslate:   86  16:37:05   -12454.687020       0.7895     --------    -5.187746          3
MinModeTranslate:   86  16:37:05   -12454.687020       0.7895     0.100000    -5.187746          3
MinModeTranslate:   87  16:37:05   -12454.715414       0.0238     --------     0.990609          3
MinModeTranslate:   87  16:37:05   -12454.715414       0.0238     0.100000     0.990609          3
MinModeTranslate:   88  16:37:05   -12454.721450       0.7535     --------    -8.252273          3
MinModeTranslate:   88  16:37:05   -12454.721450       0.7535     0.041828    -8.252273          3
MinModeTranslate:   89  16:37:05   -12454.713660       0.7481     --------    -4.749729          3
MinModeTranslate:   89  16:37:05   -12454.713660       0.7481     0.025097    -4.749729          3
MinModeTranslate:   90  16:37:05   -12454.727825       0.4172     --------    -7.039121          3
MinModeTranslate:   90  16:37:05   -12454.727825       0.4172     0.015868    -7.039121          3
MinModeTranslate:   91  16:37:05   -12454.733862       0.5141     --------    -7.498239          3
MinModeTranslate:   91  16:37:05   -12454.733862       0.5141     0.033010    -7.498239          3
MinModeTranslate:   92  16:37:05   -12454.742001       0.5122     --------    -7.354977          3
MinModeTranslate:   92  16:37:05   -12454.742001       0.5122     0.045350    -7.354977          3
MinModeTranslate:   93  16:37:05   -12454.751106       0.5310     --------    -7.207384          3
MinModeTranslate:   93  16:37:05   -12454.751106       0.5310     0.029032    -7.207384          3
MinModeTranslate:   94  16:37:05   -12454.756797       0.3633     --------    -6.478272          3
MinModeTranslate:   94  16:37:05   -12454.756797       0.3633     0.036968    -6.478272          3
MinModeTranslate:   95  16:37:05   -12454.765520       0.2576     --------    -5.004203          3
MinModeTranslate:   95  16:37:05   -12454.765520       0.2576     0.018670    -5.004203          3
MinModeTranslate:   96  16:37:05   -12454.768939       0.3038     --------    -4.270329          3
MinModeTranslate:   96  16:37:05   -12454.768939       0.3038     0.019321    -4.270329          3
MinModeTranslate:   97  16:37:05   -12454.771987       0.1679     --------    -3.383658          3
MinModeTranslate:   97  16:37:05   -12454.771987       0.1679     0.006982    -3.383658          3
MinModeTranslate:   98  16:37:06   -12454.772831       0.1346     --------    -3.298542          3
MinModeTranslate:   98  16:37:06   -12454.772831       0.1346     0.006921    -3.298542          3
MinModeTranslate:   99  16:37:06   -12454.773416       0.1036     --------    -3.206147          3
MinModeTranslate:   99  16:37:06   -12454.773416       0.1036     0.015498    -3.206147          3
MinModeTranslate:  100  16:37:06   -12454.774508       0.1003     --------    -3.305975          3
MinModeTranslate:  100  16:37:06   -12454.774508       0.1003     0.010347    -3.305975          3
MinModeTranslate:  101  16:37:06   -12454.775101       0.1177     --------    -3.423544          3
MinModeTranslate:  101  16:37:06   -12454.775101       0.1177     0.029215    -3.423544          3
MinModeTranslate:  102  16:37:06   -12454.776557       0.1695     --------    -3.889025          3
MinModeTranslate:  102  16:37:06   -12454.776557       0.1695     0.014634    -3.889025          3
MinModeTranslate:  103  16:37:06   -12454.777302       0.1018     --------    -4.027387          3
MinModeTranslate:  103  16:37:06   -12454.777302       0.1018     0.021475    -4.027387          3
MinModeTranslate:  104  16:37:06   -12454.778366       0.1608     --------    -4.325455          3
MinModeTranslate:  104  16:37:06   -12454.778366       0.1608     0.013424    -4.325455          3
MinModeTranslate:  105  16:37:06   -12454.779003       0.1449     --------    -4.350144          3
MinModeTranslate:  105  16:37:06   -12454.779003       0.1449     0.046110    -4.350144          3
MinModeTranslate:  106  16:37:06   -12454.781108       0.1322     --------    -4.465045          3
MinModeTranslate:  106  16:37:06   -12454.781108       0.1322     0.027394    -4.465045          3
MinModeTranslate:  107  16:37:06   -12454.782261       0.1272     --------    -4.434307          3
MinModeTranslate:  107  16:37:06   -12454.782261       0.1272     0.031321    -4.434307          3
MinModeTranslate:  108  16:37:06   -12454.783448       0.2084     --------    -4.378462          3
MinModeTranslate:  108  16:37:06   -12454.783448       0.2084     0.048611    -4.378462          3
MinModeTranslate:  109  16:37:06   -12454.785159       0.2096     --------    -4.115875          3
MinModeTranslate:  109  16:37:06   -12454.785159       0.2096     0.082169    -4.115875          3
MinModeTranslate:  110  16:37:06   -12454.787931       0.3596     --------    -3.780003          3
MinModeTranslate:  110  16:37:06   -12454.787931       0.3596     0.079095    -3.780003          3
MinModeTranslate:  111  16:37:07   -12454.790940       0.2927     --------    -3.124907          3
MinModeTranslate:  111  16:37:07   -12454.790940       0.2927     0.076781    -3.124907          3
MinModeTranslate:  112  16:37:07   -12454.796821       0.2361     --------    -2.552056          3
MinModeTranslate:  112  16:37:07   -12454.796821       0.2361     0.096758    -2.552056          3
MinModeTranslate:  113  16:37:07   -12454.802575       0.3681     --------    -1.612305          3
MinModeTranslate:  113  16:37:07   -12454.802575       0.3681     0.100000    -1.612305          3
MinModeTranslate:  114  16:37:07   -12454.810658       0.4681     --------    -0.889725          3
MinModeTranslate:  114  16:37:07   -12454.810658       0.4681     0.093158    -0.889725          3
MinModeTranslate:  115  16:37:07   -12454.815827       0.5072     --------    -0.041625          3
MinModeTranslate:  115  16:37:07   -12454.815827       0.5072     0.050209    -0.041625          3
MinModeTranslate:  116  16:37:07   -12454.823167       0.0214     --------     0.275078          3
MinModeTranslate:  116  16:37:07   -12454.823167       0.0214     0.100000     0.275078          3
MinModeTranslate:  117  16:37:07   -12454.831514       0.3798     --------    -8.123809          3
MinModeTranslate:  117  16:37:07   -12454.831514       0.3798     0.049885    -8.123809          3
MinModeTranslate:  118  16:37:07   -12454.822050       0.4928     --------    -4.377946          3
MinModeTranslate:  118  16:37:07   -12454.822050       0.4928     0.010833    -4.377946          3
MinModeTranslate:  119  16:37:07   -12454.825039       0.1951     --------    -5.506918          3
MinModeTranslate:  119  16:37:07   -12454.825039       0.1951     0.006814    -5.506918          3
MinModeTranslate:  120  16:37:07   -12454.826284       0.2454     --------    -5.452176          3
MinModeTranslate:  120  16:37:07   -12454.826284       0.2454     0.027828    -5.452176          3
MinModeTranslate:  121  16:37:07   -12454.829318       0.3187     --------    -4.564209          3
MinModeTranslate:  121  16:37:07   -12454.829318       0.3187     0.014099    -4.564209          3
MinModeTranslate:  122  16:37:07   -12454.830761       0.1843     --------    -4.257602          3
MinModeTranslate:  122  16:37:07   -12454.830761       0.1843     0.013706    -4.257602          3
MinModeTranslate:  123  16:37:08   -12454.832049       0.1988     --------    -3.701021          3
MinModeTranslate:  123  16:37:08   -12454.832049       0.1988     0.046896    -3.701021          3
MinModeTranslate:  124  16:37:08   -12454.836953       0.2464     --------    -1.989885          3
MinModeTranslate:  124  16:37:08   -12454.836953       0.2464     0.036484    -1.989885          3
MinModeTranslate:  125  16:37:08   -12454.841250       0.2317     --------    -0.827973          3
MinModeTranslate:  125  16:37:08   -12454.841250       0.2317     0.020165    -0.827973          3
MinModeTranslate:  126  16:37:08   -12454.843068       0.2124     --------    -0.254993          3
MinModeTranslate:  126  16:37:08   -12454.843068       0.2124     0.033712    -0.254993          3
MinModeTranslate:  127  16:37:08   -12454.846056       0.0220     --------     0.356287          3
MinModeTranslate:  127  16:37:08   -12454.846056       0.0220     0.100000     0.356287          3
MinModeTranslate:  128  16:37:08   -12454.855139       0.3582     --------    -8.949723          3
MinModeTranslate:  128  16:37:08   -12454.855139       0.3582     0.042948    -8.949723          3
MinModeTranslate:  129  16:37:08   -12454.845753       0.3145     --------    -5.368712          3
MinModeTranslate:  129  16:37:08   -12454.845753       0.3145     0.003384    -5.368712          3
MinModeTranslate:  130  16:37:08   -12454.846519       0.2284     --------    -5.686075          3
MinModeTranslate:  130  16:37:08   -12454.846519       0.2284     0.004510    -5.686075          3
MinModeTranslate:  131  16:37:08   -12454.847282       0.2004     --------    -5.486821          3
MinModeTranslate:  131  16:37:08   -12454.847282       0.2004     0.010935    -5.486821          3
MinModeTranslate:  132  16:37:08   -12454.847991       0.1555     --------    -5.216187          3
MinModeTranslate:  132  16:37:08   -12454.847991       0.1555     0.010354    -5.216187          3
MinModeTranslate:  133  16:37:08   -12454.848392       0.1946     --------    -4.757218          3
MinModeTranslate:  133  16:37:08   -12454.848392       0.1946     0.009632    -4.757218          3
MinModeTranslate:  134  16:37:09   -12454.848766       0.1135     --------    -4.271436          3
MinModeTranslate:  134  16:37:09   -12454.848766       0.1135     0.020095    -4.271436          3
MinModeTranslate:  135  16:37:09   -12454.849795       0.1306     --------    -3.075255          3
MinModeTranslate:  135  16:37:09   -12454.849795       0.1306     0.022517    -3.075255          3
MinModeTranslate:  136  16:37:09   -12454.851335       0.2110     --------    -1.702025          3
MinModeTranslate:  136  16:37:09   -12454.851335       0.2110     0.022871    -1.702025          3
MinModeTranslate:  137  16:37:09   -12454.853017       0.2036     --------    -0.570715          3
MinModeTranslate:  137  16:37:09   -12454.853017       0.2036     0.030695    -0.570715          3
MinModeTranslate:  138  16:37:09   -12454.855048       0.0088     --------     0.756605          3
MinModeTranslate:  138  16:37:09   -12454.855048       0.0088     0.100000     0.756605          3
MinModeTranslate:  139  16:37:09   -12454.862666       0.3514     --------    -8.268716          3
MinModeTranslate:  139  16:37:09   -12454.862666       0.3514     0.049939    -8.268716          3
MinModeTranslate:  140  16:37:09   -12454.854810       0.1426     --------    -3.836162          3
MinModeTranslate:  140  16:37:09   -12454.854810       0.1426     0.006024    -3.836162          3
MinModeTranslate:  141  16:37:09   -12454.855748       0.1192     --------    -3.843545          3
MinModeTranslate:  141  16:37:09   -12454.855748       0.1192     0.010863    -3.843545          3
MinModeTranslate:  142  16:37:09   -12454.856471       0.1121     --------    -3.720728          3
MinModeTranslate:  142  16:37:09   -12454.856471       0.1121     0.007589    -3.720728          3
MinModeTranslate:  143  16:37:09   -12454.856853       0.1456     --------    -3.673173          3
MinModeTranslate:  143  16:37:09   -12454.856853       0.1456     0.011181    -3.673173          3
MinModeTranslate:  144  16:37:10   -12454.857401       0.0966     --------    -3.353260          3
MinModeTranslate:  144  16:37:10   -12454.857401       0.0966     0.010638    -3.353260          3
MinModeTranslate:  145  16:37:10   -12454.857922       0.1557     --------    -3.011586          3
MinModeTranslate:  145  16:37:10   -12454.857922       0.1557     0.017624    -3.011586          3
MinModeTranslate:  146  16:37:10   -12454.858878       0.1407     --------    -2.264785          3
MinModeTranslate:  146  16:37:10   -12454.858878       0.1407     0.036693    -2.264785          3
MinModeTranslate:  147  16:37:10   -12454.861119       0.1279     --------    -0.750960          3
MinModeTranslate:  147  16:37:10   -12454.861119       0.1279     0.034458    -0.750960          3
MinModeTranslate:  148  16:37:10   -12454.863110       0.0074     --------     0.434372          3
MinModeTranslate:  148  16:37:10   -12454.863110       0.0074     0.100000     0.434372          3
MinModeTranslate:  149  16:37:10   -12454.874127       0.3924     --------    -8.980331          3
MinModeTranslate:  149  16:37:10   -12454.874127       0.3924     0.049653    -8.980331          3
MinModeTranslate:  150  16:37:10   -12454.863637       0.1383     --------    -4.612744          3
MinModeTranslate:  150  16:37:10   -12454.863637       0.1383     0.005299    -4.612744          3
MinModeTranslate:  151  16:37:10   -12454.864427       0.1992     --------    -4.610279          3
MinModeTranslate:  151  16:37:10   -12454.864427       0.1992     0.006494    -4.610279          3
MinModeTranslate:  152  16:37:10   -12454.864925       0.1279     --------    -4.371433          3
MinModeTranslate:  152  16:37:10   -12454.864925       0.1279     0.011588    -4.371433          3
MinModeTranslate:  153  16:37:10   -12454.865475       0.1312     --------    -4.019730          3
MinModeTranslate:  153  16:37:10   -12454.865475       0.1312     0.012464    -4.019730          3
MinModeTranslate:  154  16:37:10   -12454.865977       0.0812     --------    -3.395612          3
MinModeTranslate:  154  16:37:10   -12454.865977       0.0812     0.015446    -3.395612          3
MinModeTranslate:  155  16:37:10   -12454.866610       0.1924     --------    -2.484391          3
MinModeTranslate:  155  16:37:10   -12454.866610       0.1924     0.019684    -2.484391          3
MinModeTranslate:  156  16:37:10   -12454.867568       0.1218     --------    -1.218188          3
MinModeTranslate:  156  16:37:11   -12454.867568       0.1218     0.023349    -1.218188          3
MinModeTranslate:  157  16:37:11   -12454.868623       0.1906     --------    -0.117010          3
MinModeTranslate:  157  16:37:11   -12454.868623       0.1906     0.022671    -0.117010          3
MinModeTranslate:  158  16:37:11   -12454.869555       0.0092     --------     0.842034          3
MinModeTranslate:  158  16:37:11   -12454.869555       0.0092     0.100000     0.842034          3
MinModeTranslate:  159  16:37:11   -12454.852340       0.1992     --------     3.803208          3
MinModeTranslate:  159  16:37:11   -12454.852340       0.1992     0.100000     3.803208          3
MinModeTranslate:  160  16:37:11   -12454.793782       0.4418     --------     1.146577          3
