MINMODE:METHOD: Dimer
DIM:CONTROL: Search Parameters:
DIM:CONTROL: ------------------
DIM:CONTROL: eigenmode_method = dimer
DIM:CONTROL: f_rot_min = 0.01
DIM:CONTROL: f_rot_max = 0.1
DIM:CONTROL: max_num_rot = 3
DIM:CONTROL: trial_angle = 0.7853981633974483
DIM:CONTROL: trial_trans_step = 0.001
DIM:CONTROL: maximum_translation = 0.1
DIM:CONTROL: cg_translation = True
DIM:CONTROL: use_central_forces = True
DIM:CONTROL: dimer_separation = 0.005
DIM:CONTROL: initial_eigenmode_method = gauss
DIM:CONTROL: extrapolate_forces = True
DIM:CONTROL: displacement_method = gauss
DIM:CONTROL: gauss_std = 0.1
DIM:CONTROL: order = 1
DIM:CONTROL: mask = None
DIM:CONTROL: displacement_center = None
DIM:CONTROL: displacement_radius = None
DIM:CONTROL: number_of_displacement_atoms = None
DIM:CONTROL: ------------------
DIM:ROT: OPT-STEP ROT-STEP CURVATURE ROT-ANGLE ROT-FORCE
DIM:ROT:       0         1    8.3453   18.7138    9.3712
DIM:ROT:       0         2    7.2437    8.0082    7.7728
DIM:ROT:       0         3    6.4420    8.7772    5.2201
DIM:ROT:       1         1    4.1406    5.5444    6.7650
DIM:ROT:       1         2    3.7348    6.3945    3.6273
DIM:ROT:       1         3    3.3705    4.1429    5.0067
DIM:ROT:       2         1   -0.4147    9.5125    5.6443
DIM:ROT:       2         2   -0.9491    5.0835    5.6832
DIM:ROT:       2         3   -1.2590    4.8996    3.6628
DIM:ROT:       3         1   -3.3869   10.2288    5.7929
DIM:ROT:       3         2   -4.1523    5.6513    7.2557
DIM:ROT:       3         3   -4.7139    7.0217    4.5044
DIM:ROT:       4         1   -6.2800    9.6741    8.2173
DIM:ROT:       4         2   -7.3416    7.5179    7.9132
DIM:ROT:       4         3   -8.0768    6.8417    6.2294
DIM:ROT:       5         1   -5.8758    5.8699    6.8134
DIM:ROT:       5         2   -6.2495    4.4374    4.7743
DIM:ROT:       5         3   -6.5033    3.5546    3.9717
DIM:ROT:       6         1   -3.8120    9.2658    9.5692
DIM:ROT:       6         2   -4.2285    4.4743    5.6072
DIM:ROT:       6         3   -4.4358    3.5174    3.2632
DIM:ROT:       7         1    2.5821    9.2800    8.8401
DIM:ROT:       7         2    2.1937    5.0237    4.2331
DIM:ROT:       7         3    1.9595    3.5924    3.7998
DIM:ROT:       8         1    4.0402   10.2420   13.5404
DIM:ROT:       8         2    3.3899    6.1627    6.0682
DIM:ROT:       8         3    2.9393    4.8899    5.4179
DIM:ROT:       9         1  -10.9340   11.4614    9.3084
DIM:ROT:       9         2  -12.0433    6.3923    9.5673
DIM:ROT:       9         3  -12.7506    6.6095    6.1120
DIM:ROT:      10         1  -25.6657   16.2450   10.1446
DIM:ROT:      10         2  -26.5081    4.8174    9.7497
DIM:ROT:      10         3  -26.7761    4.4777    3.4890
DIM:ROT:      11         1  -32.5579    7.1151    9.8569
DIM:ROT:      11         2  -32.9413    3.5055    5.5624
DIM:ROT:      11         3  -33.0856    2.3788    3.3681
DIM:ROT:      12         1  -34.5766    9.2286   11.1228
DIM:ROT:      12         2  -34.8738    3.0152    4.6133
DIM:ROT:      12         3  -34.9342    1.4462    2.3162
DIM:ROT:      13         1  -32.7097    3.3503    3.9672
DIM:ROT:      13         2  -32.7423    1.0715    1.8284
DIM:ROT:      13         3  -32.7507    0.6425    0.8721
DIM:ROT:      14         1  -34.6053    1.9584    3.0088
DIM:ROT:      14         2  -34.6338    0.8246    1.4629
DIM:ROT:      14         3  -34.6396    0.4770    0.7799
DIM:ROT:      15         1  -33.7065    2.8937    6.7645
DIM:ROT:      15         2  -33.7748    1.4981    2.6146
DIM:ROT:      15         3  -33.7923    0.7229    1.5219
DIM:ROT:      16         1  -34.8875    4.2667    6.2043
DIM:ROT:      16         2  -34.9487    1.4861    2.7568
DIM:ROT:      16         3  -34.9666    0.7814    1.3060
DIM:ROT:      17         1  -34.4238    1.6352    3.3924
DIM:ROT:      17         2  -34.4480    0.8770    1.5197
DIM:ROT:      17         3  -34.4537    0.4811    0.9411
DIM:ROT:      18         1  -37.6800    1.9190    3.1998
DIM:ROT:      18         2  -37.7170    0.8929    1.5184
DIM:ROT:      18         3  -37.7227    0.4723    0.8770
DIM:ROT:      19         1  -37.5584    1.2082    1.8658
DIM:ROT:      19         2  -37.5651    0.4725    0.9081
DIM:ROT:      19         3  -37.5687    0.2841    0.4690
DIM:ROT:      20         1  -38.7405    2.8120    5.0924
DIM:ROT:      20         2  -38.7911    1.2809    2.2709
DIM:ROT:      20         3  -38.8061    0.6939    1.2050
DIM:ROT:      21         1  -39.4789    3.2425    5.2292
DIM:ROT:      21         2  -39.5402    1.4286    3.1122
DIM:ROT:      21         3  -39.5683    0.9763    1.5217
DIM:ROT:      22         1  -40.3195    3.1171    4.8642
DIM:ROT:      22         2  -40.3759    1.2892    2.7334
DIM:ROT:      22         3  -40.3918    0.7965    1.2731
DIM:ROT:      23         1  -39.1123    2.5197    4.4449
DIM:ROT:      23         2  -39.1674    1.3707    2.6102
DIM:ROT:      23         3  -39.1949    1.0731    1.6531
DIM:ROT:      24         1  -37.2124    2.5567    3.2373
DIM:ROT:      24         2  -37.2495    1.2033    2.3796
DIM:ROT:      24         3  -37.2724    1.0321    1.3643
DIM:ROT:      25         1  -34.4675    1.8912    2.0429
DIM:ROT:      25         2  -34.4702    0.5871    1.2094
DIM:ROT:      25         3  -34.4724    0.3829    0.5049
DIM:ROT:      26         1  -33.1141    2.0211    3.1874
DIM:ROT:      26         2  -33.1358    0.8031    1.8586
DIM:ROT:      26         3  -33.1411    0.5579    0.9087
DIM:ROT:      27         1  -30.0023    1.6920    2.7475
DIM:ROT:      27         2  -30.0084    0.8073    1.5311
DIM:ROT:      27         3  -30.0123    0.5285    0.8185
DIM:ROT:      28         1  -31.3896    2.3210    3.8710
DIM:ROT:      28         2  -31.4128    1.0788    2.4519
DIM:ROT:      28         3  -31.4239    0.7741    1.2716
DIM:ROT:      29         1  -31.0854    1.1284    2.4636
DIM:ROT:      29         2  -31.0901    0.6207    1.1475
DIM:ROT:      29         3  -31.0920    0.3370    0.6937
DIM:ROT:      30         1  -30.6423    1.7670    2.7544
DIM:ROT:      30         2  -30.6423    0.6922    1.4468
DIM:ROT:      30         3  -30.6446    0.4461    0.6635
DIM:ROT:      31         1  -35.3613    1.9538    4.0790
DIM:ROT:      31         2  -35.4078    1.1719    1.9439
DIM:ROT:      31         3  -35.4180    0.6228    1.2773
DIM:ROT:      32         1  -33.4783    1.7692    3.1611
DIM:ROT:      32         2  -33.4811    0.6518    1.4183
DIM:ROT:      32         3  -33.4846    0.3734    0.6278
DIM:ROT:      33         1  -30.8066    1.7286    2.2333
DIM:ROT:      33         2  -30.8074    0.4696    0.9706
DIM:ROT:      33         3  -30.8104    0.3031    0.5128
DIM:ROT:      34         1  -33.0903    1.5237    2.9606
DIM:ROT:      34         2  -33.0957    0.7151    1.3922
DIM:ROT:      34         3  -33.1007    0.4222    0.7654
DIM:ROT:      35         1  -34.1031    1.3173    1.8825
DIM:ROT:      35         2  -34.1077    0.5622    1.1608
DIM:ROT:      35         3  -34.1112    0.3896    0.6088
DIM:ROT:      36         1  -31.1146    1.3952    2.2845
DIM:ROT:      36         2  -31.1204    0.5418    1.0467
DIM:ROT:      36         3  -31.1233    0.3439    0.5485
DIM:ROT:      37         1  -28.2563    1.4838    2.0190
DIM:ROT:      37         2  -28.2754    0.6385    1.2037
DIM:ROT:      37         3  -28.2813    0.4696    0.6859
DIM:ROT:      38         1  -22.6884    4.9737    4.2463
DIM:ROT:      38         2  -22.7711    1.3384    3.1998
DIM:ROT:      38         3  -22.7997    0.9551    1.3580
DIM:ROT:      39         1  -18.3452    5.3232    4.1457
DIM:ROT:      39         2  -18.4213    1.4387    2.9792
DIM:ROT:      39         3  -18.4396    0.8375    1.2666
DIM:ROT:      40         1  -18.2138    1.3143    1.8091
DIM:ROT:      40         2  -18.2280    0.6859    1.3668
DIM:ROT:      40         3  -18.2367    0.5780    0.7937
DIM:ROT:      41         1  -18.9173    1.3255    1.2664
DIM:ROT:      41         2  -18.9247    0.4548    0.9064
DIM:ROT:      41         3  -18.9270    0.3300    0.4426
DIM:ROT:      42         1  -17.8728    1.8338    2.5618
DIM:ROT:      42         2  -17.8829    0.5640    1.0956
DIM:ROT:      42         3  -17.8872    0.4036    0.5859
DIM:ROT:      43         1  -18.0188    0.4700    0.6249
DIM:ROT:      43         2  -18.0217    0.2520    0.4777
DIM:ROT:      43         3  -18.0233    0.2064    0.2972
DIM:ROT:      44         1  -19.2251    1.7288    1.8162
DIM:ROT:      44         2  -19.2254    0.6414    0.7529
DIM:ROT:      44         3  -19.2296    0.2513    0.4832
DIM:ROT:      45         1  -19.7577    0.5907    0.6741
DIM:ROT:      45         2  -19.7594    0.2392    0.4194
DIM:ROT:      45         3  -19.7608    0.1571    0.2518
DIM:ROT:      46         1  -20.9668    1.0742    1.4801
DIM:ROT:      46         2  -20.9728    0.4019    0.8446
DIM:ROT:      46         3  -20.9767    0.3404    0.4748
DIM:ROT:      47         1  -20.3164    0.7128    0.7680
DIM:ROT:      47         2  -20.3200    0.2361    0.4665
DIM:ROT:      47         3  -20.3204    0.1581    0.2643
DIM:ROT:      48         1  -19.6620    0.6163    1.0308
DIM:ROT:      48         2  -19.6645    0.2419    0.4869
DIM:ROT:      48         3  -19.6652    0.1851    0.2759
DIM:ROT:      49         1  -21.2734    1.1337    1.7953
DIM:ROT:      49         2  -21.2847    0.5786    0.8467
DIM:ROT:      49         3  -21.2864    0.3135    0.5419
DIM:ROT:      50         1  -21.6398    0.7710    1.0725
DIM:ROT:      50         2  -21.6464    0.4148    0.7051
DIM:ROT:      50         3  -21.6493    0.2959    0.4866
DIM:ROT:      51         1  -19.4243    0.7903    1.2777
DIM:ROT:      51         2  -19.4306    0.5036    0.6957
DIM:ROT:      51         3  -19.4338    0.3134    0.4766
DIM:ROT:      52         1  -18.2871    1.0368    1.7039
DIM:ROT:      52         2  -18.2985    0.6286    0.9929
DIM:ROT:      52         3  -18.3051    0.4415    0.6974
DIM:ROT:      53         1  -20.0372    1.8655    1.7342
DIM:ROT:      53         2  -20.0406    0.6494    0.7819
DIM:ROT:      53         3  -20.0437    0.3129    0.4328
DIM:ROT:      54         1  -19.1968    3.4013    3.4721
DIM:ROT:      54         2  -19.2067    1.0123    1.5308
DIM:ROT:      54         3  -19.2133    0.5863    0.8039
DIM:ROT:      55         1  -17.9933    2.5580    2.2696
DIM:ROT:      55         2  -17.9992    0.7643    1.4148
DIM:ROT:      55         3  -18.0058    0.5254    0.8423
DIM:ROT:      56         1  -18.2539    4.8091    5.3263
DIM:ROT:      56         2  -18.3052    1.5155    3.2570
DIM:ROT:      56         3  -18.3369    1.1792    1.5669
DIM:ROT:      57         1  -20.1464    1.6321    2.1867
DIM:ROT:      57         2  -20.1715    0.7856    1.7704
DIM:ROT:      57         3  -20.1818    0.6825    0.9637
DIM:ROT:      58         1  -18.9508    1.7247    2.0204
DIM:ROT:      58         2  -18.9604    0.5812    1.0767
DIM:ROT:      58         3  -18.9645    0.3953    0.6627
DIM:ROT:      59         1  -18.1891    1.1772    1.4076
DIM:ROT:      59         2  -18.1927    0.4263    0.8079
DIM:ROT:      59         3  -18.1952    0.3101    0.5077
DIM:ROT:      60         1  -17.5161    1.0086    1.2787
DIM:ROT:      60         2  -17.5213    0.3534    0.7184
DIM:ROT:      60         3  -17.5232    0.2745    0.4097
DIM:ROT:      61         1  -17.3218    1.3672    1.3496
DIM:ROT:      61         2  -17.3288    0.4714    0.7143
DIM:ROT:      61         3  -17.3312    0.2721    0.5208
DIM:ROT:      62         1  -17.9644    0.8536    1.4572
DIM:ROT:      62         2  -17.9748    0.4521    0.7922
DIM:ROT:      62         3  -17.9781    0.3134    0.5720
DIM:ROT:      63         1  -19.0874    1.6784    1.9749
DIM:ROT:      63         2  -19.1133    0.6813    1.2576
DIM:ROT:      63         3  -19.1179    0.4417    0.6954
DIM:ROT:      64         1  -19.2149    0.6782    0.9470
DIM:ROT:      64         2  -19.2171    0.2989    0.5250
DIM:ROT:      64         3  -19.2188    0.2128    0.3570
DIM:ROT:      65         1  -19.6143    0.7816    0.8997
DIM:ROT:      65         2  -19.6154    0.2895    0.4698
DIM:ROT:      65         3  -19.6161    0.1740    0.3050
DIM:ROT:      66         1  -19.8546    0.8585    0.7474
DIM:ROT:      66         2  -19.8550    0.3285    0.4203
DIM:ROT:      66         3  -19.8550    0.1560    0.2481
DIM:ROT:      67         1  -20.2409    0.8228    1.0205
DIM:ROT:      67         2  -20.2455    0.3844    0.6842
DIM:ROT:      67         3  -20.2475    0.2695    0.4555
DIM:ROT:      68         1  -20.7304    0.6212    0.8064
DIM:ROT:      68         2  -20.7366    0.3481    0.4724
DIM:ROT:      68         3  -20.7373    0.1962    0.3169
DIM:ROT:      69         1  -20.7556    0.4043    0.5960
DIM:ROT:      69         2  -20.7581    0.2146    0.3574
DIM:ROT:      69         3  -20.7587    0.1450    0.2590
DIM:ROT:      70         1  -20.5997    0.4555    0.6889
DIM:ROT:      70         2  -20.6021    0.2922    0.3737
DIM:ROT:      70         3  -20.6027    0.1571    0.2994
DIM:ROT:      71         1  -20.9837    0.4253    0.6885
DIM:ROT:      71         2  -20.9872    0.2232    0.3876
DIM:ROT:      71         3  -20.9878    0.1575    0.2820
DIM:ROT:      72         1  -20.9564    0.6759    0.6378
DIM:ROT:      72         2  -20.9582    0.2388    0.4131
DIM:ROT:      72         3  -20.9589    0.1407    0.2532
DIM:ROT:      73         1  -20.4114    0.7562    0.9291
DIM:ROT:      73         2  -20.4138    0.3343    0.4194
DIM:ROT:      73         3  -20.4147    0.1592    0.2885
DIM:ROT:      74         1  -20.5636    1.3203    1.7118
DIM:ROT:      74         2  -20.5725    0.5655    1.0442
DIM:ROT:      74         3  -20.5759    0.3906    0.6613
DIM:ROT:      75         1  -20.2768    1.6794    1.2492
DIM:ROT:      75         2  -20.2825    0.3676    0.7718
DIM:ROT:      75         3  -20.2837    0.2380    0.3919
DIM:ROT:      76         1  -19.7960    1.4890    1.5236
DIM:ROT:      76         2  -19.8081    0.4943    1.1301
DIM:ROT:      76         3  -19.8114    0.4191    0.5199
DIM:ROT:      77         1  -19.7037    1.0433    1.3648
DIM:ROT:      77         2  -19.7125    0.5735    0.8260
DIM:ROT:      77         3  -19.7158    0.3547    0.6151
DIM:ROT:      78         1  -20.0682    0.9942    1.4248
DIM:ROT:      78         2  -20.0798    0.5736    0.7911
DIM:ROT:      78         3  -20.0830    0.3248    0.5862
DIM:ROT:      79         1  -20.3693    0.8461    0.9273
DIM:ROT:      79         2  -20.3769    0.3228    0.7333
DIM:ROT:      79         3  -20.3788    0.3000    0.3837
DIM:ROT:      80         1  -20.1519    0.5039    0.7180
DIM:ROT:      80         2  -20.1550    0.2521    0.5033
DIM:ROT:      80         3  -20.1560    0.1943    0.3035
DIM:ROT:      81         1  -19.5880    1.1297    1.4289
DIM:ROT:      81         2  -19.5975    0.4345    0.6814
DIM:ROT:      81         3  -19.5997    0.2377    0.3893
DIM:ROT:      82         1  -19.7080    0.3650    0.4638
DIM:ROT:      82         2  -19.7095    0.1766    0.3986
DIM:ROT:      82         3  -19.7099    0.1609    0.2010
DIM:ROT:      83         1  -19.6505    0.3091    0.3632
DIM:ROT:      83         2  -19.6515    0.1228    0.2491
DIM:ROT:      83         3  -19.6518    0.0862    0.1335
DIM:ROT:      84         1  -19.1724    0.4252    0.5474
DIM:ROT:      84         2  -19.1739    0.1717    0.2818
DIM:ROT:      84         3  -19.1742    0.0979    0.1840
DIM:ROT:      85         1  -19.2530    0.1900    0.3108
DIM:ROT:      85         2  -19.2538    0.1159    0.1553
DIM:ROT:      85         3  -19.2538    0.0638    0.1296
DIM:ROT:      86         1  -19.3831    0.1906    0.2365
DIM:ROT:      86         2  -19.3843    0.0858    0.1336
DIM:ROT:      86         3  -19.3844    0.0523    0.0822
DIM:ROT:      87         1  -19.2909    0.0909    0.1099
DIM:ROT:      87         2  -19.2910    0.0443    0.0946
DIM:ROT:      88         1  -19.2867    0.0978    0.0987
DIM:ROT:      89         1  -19.2991    0.1103    0.1454
DIM:ROT:      89         2  -19.2991    0.0521    0.1123
DIM:ROT:      89         3  -19.2992    0.0437    0.0612
DIM:ROT:      90         1  -19.1299    0.3201    0.3717
DIM:ROT:      90         2  -19.1317    0.1159    0.2002
DIM:ROT:      90         3  -19.1320    0.0663    0.1075
DIM:ROT:      91         1  -19.0434    0.2393    0.2228
DIM:ROT:      91         2  -19.0443    0.0655    0.1455
DIM:ROT:      91         3  -19.0444    0.0482    0.0683
DIM:ROT:      92         1  -18.9579    0.1378    0.2421
DIM:ROT:      92         2  -18.9578    0.0646    0.0996
DIM:ROT:      93         1  -18.9434    0.1831    0.2964
DIM:ROT:      93         2  -18.9439    0.0991    0.1350
DIM:ROT:      93         3  -18.9439    0.0540    0.1055
DIM:ROT:      94         1  -18.8837    0.2044    0.3658
DIM:ROT:      94         2  -18.8844    0.1178    0.1184
DIM:ROT:      94         3  -18.8845    0.0536    0.1150
DIM:ROT:      95         1  -18.5190    0.4146    0.4577
DIM:ROT:      95         2  -18.5208    0.1470    0.1800
DIM:ROT:      95         3  -18.5210    0.0665    0.1288
DIM:ROT:      96         1  -18.4042    0.2549    0.2548
DIM:ROT:      96         2  -18.4052    0.0826    0.1413
DIM:ROT:      96         3  -18.4054    0.0528    0.0935
DIM:ROT:      97         1  -18.5787    0.2255    0.3483
DIM:ROT:      97         2  -18.5798    0.1232    0.2248
DIM:ROT:      97         3  -18.5799    0.0947    0.1532
DIM:ROT:      98         1  -18.1222    0.7177    0.8939
DIM:ROT:      98         2  -18.1254    0.2870    0.4163
DIM:ROT:      98         3  -18.1263    0.1605    0.2912
DIM:ROT:      99         1  -17.8030    0.7752    0.8571
DIM:ROT:      99         2  -17.8080    0.3308    0.4035
DIM:ROT:      99         3  -17.8092    0.1782    0.2648
DIM:ROT:     100         1  -17.7710    1.0358    1.1204
DIM:ROT:     100         2  -17.7781    0.3393    0.6429
DIM:ROT:     100         3  -17.7798    0.2454    0.4021
DIM:ROT:     101         1  -17.7526    0.6525    0.6689
DIM:ROT:     101         2  -17.7561    0.2531    0.4564
DIM:ROT:     101         3  -17.7572    0.1795    0.2955
DIM:ROT:     102         1  -17.7847    0.3387    0.4543
DIM:ROT:     102         2  -17.7858    0.1697    0.3356
DIM:ROT:     102         3  -17.7865    0.1461    0.2140
DIM:ROT:     103         1  -18.1218    0.4913    0.6069
DIM:ROT:     103         2  -18.1258    0.2127    0.3212
DIM:ROT:     103         3  -18.1262    0.1218    0.1841
DIM:ROT:     104         1  -18.2533    0.3315    0.5623
DIM:ROT:     104         2  -18.2537    0.1476    0.2340
DIM:ROT:     104         3  -18.2541    0.0907    0.1729
DIM:ROT:     105         1  -18.2085    0.2516    0.3768
DIM:ROT:     105         2  -18.2095    0.1373    0.1630
DIM:ROT:     105         3  -18.2098    0.0695    0.1068
DIM:ROT:     106         1  -18.3632    0.2931    0.4596
DIM:ROT:     106         2  -18.3632    0.1210    0.2204
DIM:ROT:     106         3  -18.3634    0.0800    0.1435
DIM:ROT:     107         1  -18.7337    0.3170    0.4635
DIM:ROT:     107         2  -18.7346    0.1357    0.2585
DIM:ROT:     107         3  -18.7350    0.1041    0.1642
DIM:ROT:     108         1  -18.4412    0.3947    0.5571
DIM:ROT:     108         2  -18.4431    0.1856    0.2842
DIM:ROT:     108         3  -18.4435    0.1006    0.1723
DIM:ROT:     109         1  -18.4757    0.1478    0.2668
DIM:ROT:     109         2  -18.4760    0.0831    0.1446
DIM:ROT:     109         3  -18.4762    0.0595    0.1025
DIM:ROT:     110         1  -18.6465    0.2429    0.4215
DIM:ROT:     110         2  -18.6483    0.1210    0.1776
DIM:ROT:     110         3  -18.6486    0.0635    0.1302
DIM:ROT:     111         1  -18.7401    0.4782    0.5699
DIM:ROT:     111         2  -18.7447    0.1697    0.3532
DIM:ROT:     111         3  -18.7451    0.1216    0.1812
DIM:ROT:     112         1  -19.0299    0.2671    0.4106
DIM:ROT:     112         2  -19.0315    0.1308    0.2664
DIM:ROT:     112         3  -19.0319    0.1003    0.1558
DIM:ROT:     113         1  -19.1208    0.2454    0.5197
DIM:ROT:     113         2  -19.1210    0.1604    0.2268
DIM:ROT:     113         3  -19.1212    0.0980    0.1980
DIM:ROT:     114         1  -18.7830    0.2173    0.3430
DIM:ROT:     114         2  -18.7838    0.0872    0.1640
DIM:ROT:     114         3  -18.7839    0.0566    0.0961
DIM:ROT:     115         1  -18.7680    0.0830    0.1152
DIM:ROT:     115         2  -18.7680    0.0317    0.0637
DIM:ROT:     116         1  -18.8924    0.1169    0.1778
DIM:ROT:     116         2  -18.8933    0.0509    0.0828
DIM:ROT:     117         1  -18.8938    0.1533    0.2326
DIM:ROT:     117         2  -18.8947    0.0781    0.1243
DIM:ROT:     117         3  -18.8947    0.0466    0.0850
DIM:ROT:     118         1  -18.9595    0.1904    0.2545
DIM:ROT:     118         2  -18.9610    0.0701    0.1070
DIM:ROT:     118         3  -18.9611    0.0371    0.0661
DIM:ROT:     119         1  -18.9865    0.1869    0.2546
DIM:ROT:     119         2  -18.9880    0.0613    0.1130
DIM:ROT:     119         3  -18.9880    0.0389    0.0679
DIM:ROT:     120         1  -18.9801    0.3438    0.5462
DIM:ROT:     120         2  -18.9826    0.1517    0.3194
DIM:ROT:     120         3  -18.9831    0.1147    0.1741
DIM:ROT:     121         1  -18.7711    0.2363    0.3279
DIM:ROT:     121         2  -18.7714    0.1385    0.1828
DIM:ROT:     121         3  -18.7717    0.0772    0.1228
DIM:ROT:     122         1  -18.6936    0.1545    0.2179
DIM:ROT:     122         2  -18.6938    0.0767    0.1547
DIM:ROT:     122         3  -18.6939    0.0675    0.0945
DIM:ROT:     123         1  -18.6368    0.1569    0.1805
DIM:ROT:     123         2  -18.6371    0.0652    0.1050
DIM:ROT:     123         3  -18.6370    0.0418    0.0702
DIM:ROT:     124         1  -18.4025    0.2696    0.2697
DIM:ROT:     124         2  -18.4034    0.0833    0.1710
DIM:ROT:     124         3  -18.4035    0.0539    0.0801
DIM:ROT:     125         1  -18.4106    0.0920    0.1207
DIM:ROT:     125         2  -18.4107    0.0460    0.0840
DIM:ROT:     126         1  -18.4374    0.1004    0.1521
DIM:ROT:     126         2  -18.4375    0.0478    0.0852
DIM:ROT:     127         1  -18.3014    0.1677    0.2613
DIM:ROT:     127         2  -18.3017    0.0881    0.1708
DIM:ROT:     127         3  -18.3019    0.0742    0.1079
DIM:ROT:     128         1  -18.5104    0.3949    0.4349
DIM:ROT:     128         2  -18.5137    0.1394    0.1684
DIM:ROT:     128         3  -18.5137    0.0660    0.1066
DIM:ROT:     129         1  -18.5416    0.1104    0.2032
DIM:ROT:     129         2  -18.5418    0.0706    0.1101
DIM:ROT:     129         3  -18.5418    0.0473    0.0879
DIM:ROT:     130         1  -18.3411    0.3449    0.5573
DIM:ROT:     130         2  -18.3429    0.1956    0.2679
DIM:ROT:     130         3  -18.3433    0.1017    0.1955
DIM:ROT:     131         1  -18.3542    0.2828    0.3340
DIM:ROT:     131         2  -18.3544    0.1336    0.1988
DIM:ROT:     131         3  -18.3546    0.0783    0.1197
DIM:ROT:     132         1  -18.5244    0.2612    0.3400
DIM:ROT:     132         2  -18.5263    0.1551    0.1934
DIM:ROT:     132         3  -18.5265    0.1008    0.1327
DIM:ROT:     133         1  -18.6220    0.2407    0.3042
DIM:ROT:     133         2  -18.6239    0.1147    0.2184
DIM:ROT:     133         3  -18.6241    0.0883    0.1366
DIM:ROT:     134         1  -18.5888    0.3254    0.3904
DIM:ROT:     134         2  -18.5899    0.1576    0.2810
DIM:ROT:     134         3  -18.5903    0.1201    0.1906
DIM:ROT:     135         1  -18.5385    0.3149    0.2821
DIM:ROT:     135         2  -18.5395    0.1331    0.1886
DIM:ROT:     135         3  -18.5400    0.0756    0.1215
DIM:ROT:     136         1  -18.4884    0.1931    0.2370
DIM:ROT:     136         2  -18.4890    0.0821    0.1591
DIM:ROT:     136         3  -18.4891    0.0647    0.0947
DIM:ROT:     137         1  -18.4249    0.2931    0.4200
DIM:ROT:     137         2  -18.4265    0.1343    0.2174
DIM:ROT:     137         3  -18.4267    0.0746    0.1319
DIM:ROT:     138         1  -18.5509    0.1525    0.2516
DIM:ROT:     138         2  -18.5522    0.0705    0.1347
DIM:ROT:     138         3  -18.5523    0.0497    0.0825
DIM:ROT:     139         1  -18.6165    0.1943    0.2335
DIM:ROT:     139         2  -18.6182    0.0822    0.1232
DIM:ROT:     139         3  -18.6182    0.0473    0.0666
DIM:ROT:     140         1  -18.6155    0.1380    0.2050
DIM:ROT:     140         2  -18.6162    0.0589    0.1128
DIM:ROT:     140         3  -18.6163    0.0420    0.0701
DIM:ROT:     141         1  -18.7051    0.0859    0.1278
DIM:ROT:     141         2  -18.7055    0.0492    0.0551
DIM:ROT:     142         1  -18.6439    0.1214    0.1447
DIM:ROT:     142         2  -18.6442    0.0407    0.0701
DIM:ROT:     143         1  -18.6195    0.0697    0.0914
DIM:ROT:     144         1  -18.6510    0.0492    0.0698
DIM:ROT:     145         1  -18.6143    0.1011    0.1432
DIM:ROT:     145         2  -18.6147    0.0476    0.0890
DIM:ROT:     146         1  -18.6214    0.0451    0.0676
DIM:ROT:     147         1  -18.6779    0.0594    0.0905
DIM:ROT:     148         1  -18.7013    0.0615    0.1012
DIM:ROT:     148         2  -18.7015    0.0333    0.0687
DIM:ROT:     149         1  -18.7278    0.0601    0.0889
DIM:ROT:     150         1  -18.7442    0.0459    0.0557
DIM:ROT:     151         1  -18.7013    0.0603    0.1076
DIM:ROT:     151         2  -18.7014    0.0312    0.0551
DIM:ROT:     152         1  -18.7189    0.0399    0.0736
DIM:ROT:     153         1  -18.7454    0.0516    0.0505
DIM:ROT:     154         1  -18.7398    0.0305    0.0735
DIM:ROT:     155         1  -18.7814    0.0469    0.0842
DIM:ROT:     156         1  -18.7674    0.0687    0.0595
DIM:ROT:     157         1  -18.7414    0.0433    0.0478
DIM:ROT:     158         1  -18.7467    0.0462    0.0580
DIM:ROT:     159         1  -18.7436    0.0442    0.0759
DIM:ROT:     160         1  -18.7421    0.0954    0.1084
DIM:ROT:     160         2  -18.7427    0.0499    0.0702
