MinModeTranslate: STEP      TIME          ENERGY    MAX-FORCE     STEPSIZE    CURVATURE  ROT-STEPS
MinModeTranslate:    0  15:15:53    -8291.043374      10.9521     --------   -23.589879          3
MinModeTranslate:    0  15:15:53    -8291.043374      10.9521     0.100000   -23.589879          3
MinModeTranslate:    1  15:15:53    -8292.155195       9.1163     --------   -20.582292          3
MinModeTranslate:    1  15:15:53    -8292.155195       9.1163     0.100000   -20.582292          3
MinModeTranslate:    2  15:15:53    -8292.882667       8.5039     --------   -17.101741          3
MinModeTranslate:    2  15:15:53    -8292.882667       8.5039     0.100000   -17.101741          3
MinModeTranslate:    3  15:15:53    -8293.186983       5.7388     --------   -12.875252          3
MinModeTranslate:    3  15:15:53    -8293.186983       5.7388     0.100000   -12.875252          3
MinModeTranslate:    4  15:15:53    -8293.520016       4.4048     --------    -6.953506          3
MinModeTranslate:    4  15:15:53    -8293.520016       4.4048     0.100000    -6.953506          3
MinModeTranslate:    5  15:15:53    -8293.751578       3.4407     --------    -3.074719          3
MinModeTranslate:    5  15:15:53    -8293.751578       3.4407     0.100000    -3.074719          3
MinModeTranslate:    6  15:15:53    -8293.859752       2.8882     --------    -4.644112          3
MinModeTranslate:    6  15:15:53    -8293.859752       2.8882     0.100000    -4.644112          3
MinModeTranslate:    7  15:15:54    -8293.834355       2.7876     --------    -2.513667          3
MinModeTranslate:    7  15:15:54    -8293.834355       2.7876     0.100000    -2.513667          3
MinModeTranslate:    8  15:15:54    -8293.739242       1.8476     --------     2.659269          3
MinModeTranslate:    8  15:15:54    -8293.739242       1.8476     0.100000     2.659269          3
MinModeTranslate:    9  15:15:54    -8293.450041       2.0159     --------     2.214634          3
MinModeTranslate:    9  15:15:54    -8293.450041       2.0159     0.100000     2.214634          3
MinModeTranslate:   10  15:15:54    -8293.155855       2.1051     --------     0.722167          3
MinModeTranslate:   10  15:15:54    -8293.155855       2.1051     0.100000     0.722167          3
MinModeTranslate:   11  15:15:54    -8292.864367       2.7743     --------    -1.073387          3
MinModeTranslate:   11  15:15:54    -8292.864367       2.7743     0.100000    -1.073387          3
MinModeTranslate:   12  15:15:54    -8292.762051       3.3204     --------    -1.099495          3
MinModeTranslate:   12  15:15:54    -8292.762051       3.3204     0.100000    -1.099495          3
MinModeTranslate:   13  15:15:54    -8292.971250       2.5163     --------    -2.791954          3
MinModeTranslate:   13  15:15:54    -8292.971250       2.5163     0.100000    -2.791954          3
MinModeTranslate:   14  15:15:54    -8293.145807       2.1657     --------    -4.916634          3
MinModeTranslate:   14  15:15:54    -8293.145807       2.1657     0.100000    -4.916634          3
MinModeTranslate:   15  15:15:54    -8293.327920       1.7656     --------    -6.054350          3
MinModeTranslate:   15  15:15:54    -8293.327920       1.7656     0.100000    -6.054350          3
MinModeTranslate:   16  15:15:54    -8293.419986       2.2108     --------    -6.555385          3
MinModeTranslate:   16  15:15:54    -8293.419986       2.2108     0.100000    -6.555385          3
MinModeTranslate:   17  15:15:54    -8293.487517       1.4298     --------    -8.987670          3
MinModeTranslate:   17  15:15:54    -8293.487517       1.4298     0.042906    -8.987670          3
MinModeTranslate:   18  15:15:54    -8293.531089       0.6511     --------   -10.270227          3
MinModeTranslate:   18  15:15:54    -8293.531089       0.6511     0.097376   -10.270227          3
MinModeTranslate:   19  15:15:55    -8293.589005       1.3800     --------   -13.499729          3
MinModeTranslate:   19  15:15:55    -8293.589005       1.3800     0.100000   -13.499729          3
MinModeTranslate:   20  15:15:55    -8293.680400       1.1192     --------   -14.091220          3
MinModeTranslate:   20  15:15:55    -8293.680400       1.1192     0.061396   -14.091220          3
MinModeTranslate:   21  15:15:55    -8293.695441       1.0265     --------   -16.786889          3
MinModeTranslate:   21  15:15:55    -8293.695441       1.0265     0.071305   -16.786889          3
MinModeTranslate:   22  15:15:55    -8293.719840       0.9618     --------   -18.728941          3
MinModeTranslate:   22  15:15:55    -8293.719840       0.9618     0.050576   -18.728941          3
MinModeTranslate:   23  15:15:55    -8293.758601       0.5698     --------   -16.990138          3
MinModeTranslate:   23  15:15:55    -8293.758601       0.5698     0.091668   -16.990138          3
MinModeTranslate:   24  15:15:55    -8293.802567       1.2066     --------   -19.642184          3
MinModeTranslate:   24  15:15:55    -8293.802567       1.2066     0.100000   -19.642184          3
MinModeTranslate:   25  15:15:55    -8293.844508       0.8423     --------   -22.217419          3
MinModeTranslate:   25  15:15:55    -8293.844508       0.8423     0.100000   -22.217419          3
MinModeTranslate:   26  15:15:55    -8293.923130       0.9917     --------   -26.022426          3
MinModeTranslate:   26  15:15:55    -8293.923130       0.9917     0.100000   -26.022426          3
MinModeTranslate:   27  15:15:55    -8294.062427       1.7345     --------   -35.208260          3
MinModeTranslate:   27  15:15:55    -8294.062427       1.7345     0.100000   -35.208260          3
MinModeTranslate:   28  15:15:55    -8294.299308       2.4115     --------   -37.908203          3
MinModeTranslate:   28  15:15:55    -8294.299308       2.4115     0.100000   -37.908203          3
MinModeTranslate:   29  15:15:55    -8294.512893       1.9238     --------   -25.214231          3
MinModeTranslate:   29  15:15:56    -8294.512893       1.9238     0.100000   -25.214231          3
MinModeTranslate:   30  15:15:56    -8294.619901       1.3819     --------   -21.849597          3
MinModeTranslate:   30  15:15:56    -8294.619901       1.3819     0.092898   -21.849597          3
MinModeTranslate:   31  15:15:56    -8294.734101       1.3712     --------   -24.150792          3
MinModeTranslate:   31  15:15:56    -8294.734101       1.3712     0.100000   -24.150792          3
MinModeTranslate:   32  15:15:56    -8294.849809       0.9315     --------   -24.854209          3
MinModeTranslate:   32  15:15:56    -8294.849809       0.9315     0.047465   -24.854209          3
MinModeTranslate:   33  15:15:56    -8294.872086       1.0702     --------   -22.063154          3
MinModeTranslate:   33  15:15:56    -8294.872086       1.0702     0.099435   -22.063154          3
MinModeTranslate:   34  15:15:56    -8294.944818       0.8504     --------   -22.941215          3
MinModeTranslate:   34  15:15:56    -8294.944818       0.8504     0.100000   -22.941215          3
MinModeTranslate:   35  15:15:56    -8295.018170       1.1999     --------   -26.378947          3
MinModeTranslate:   35  15:15:56    -8295.018170       1.1999     0.100000   -26.378947          3
MinModeTranslate:   36  15:15:56    -8295.093355       0.8349     --------   -24.426381          3
MinModeTranslate:   36  15:15:56    -8295.093355       0.8349     0.037190   -24.426381          3
MinModeTranslate:   37  15:15:56    -8295.095237       0.7028     --------   -21.852115          3
MinModeTranslate:   37  15:15:56    -8295.095237       0.7028     0.059136   -21.852115          3
MinModeTranslate:   38  15:15:56    -8295.121161       0.5746     --------   -22.375194          3
MinModeTranslate:   38  15:15:56    -8295.121161       0.5746     0.037983   -22.375194          3
MinModeTranslate:   39  15:15:56    -8295.144345       0.5149     --------   -24.031234          3
MinModeTranslate:   39  15:15:56    -8295.144345       0.5149     0.100000   -24.031234          3
MinModeTranslate:   40  15:15:57    -8295.186231       0.6013     --------   -24.412242          3
MinModeTranslate:   40  15:15:57    -8295.186231       0.6013     0.041523   -24.412242          3
MinModeTranslate:   41  15:15:57    -8295.202335       0.6719     --------   -23.348351          3
MinModeTranslate:   41  15:15:57    -8295.202335       0.6719     0.075544   -23.348351          3
MinModeTranslate:   42  15:15:57    -8295.221404       0.8129     --------   -22.964145          3
MinModeTranslate:   42  15:15:57    -8295.221404       0.8129     0.063814   -22.964145          3
MinModeTranslate:   43  15:15:57    -8295.250196       0.6807     --------   -24.335312          3
MinModeTranslate:   43  15:15:57    -8295.250196       0.6807     0.052055   -24.335312          3
MinModeTranslate:   44  15:15:57    -8295.261409       0.5783     --------   -25.280657          3
MinModeTranslate:   44  15:15:57    -8295.261409       0.5783     0.064150   -25.280657          3
MinModeTranslate:   45  15:15:57    -8295.269727       0.6742     --------   -26.242865          3
MinModeTranslate:   45  15:15:57    -8295.269727       0.6742     0.028492   -26.242865          3
MinModeTranslate:   46  15:15:57    -8295.278165       0.3200     --------   -27.307712          3
MinModeTranslate:   46  15:15:57    -8295.278165       0.3200     0.013434   -27.307712          3
MinModeTranslate:   47  15:15:57    -8295.279796       0.2753     --------   -27.806738          3
MinModeTranslate:   47  15:15:57    -8295.279796       0.2753     0.019998   -27.806738          3
MinModeTranslate:   48  15:15:57    -8295.281777       0.1853     --------   -27.543085          3
MinModeTranslate:   48  15:15:57    -8295.281777       0.1853     0.021603   -27.543085          3
MinModeTranslate:   49  15:15:57    -8295.285378       0.2026     --------   -26.716292          3
MinModeTranslate:   49  15:15:57    -8295.285378       0.2026     0.018280   -26.716292          3
MinModeTranslate:   50  15:15:57    -8295.287497       0.2426     --------   -26.521068          3
MinModeTranslate:   50  15:15:57    -8295.287497       0.2426     0.049407   -26.521068          3
MinModeTranslate:   51  15:15:58    -8295.290944       0.3337     --------   -27.208657          3
MinModeTranslate:   51  15:15:58    -8295.290944       0.3337     0.044123   -27.208657          3
MinModeTranslate:   52  15:15:58    -8295.295718       0.2673     --------   -27.581109          3
MinModeTranslate:   52  15:15:58    -8295.295718       0.2673     0.024312   -27.581109          3
MinModeTranslate:   53  15:15:58    -8295.297858       0.1836     --------   -27.775370          3
MinModeTranslate:   53  15:15:58    -8295.297858       0.1836     0.038887   -27.775370          3
MinModeTranslate:   54  15:15:58    -8295.299860       0.2122     --------   -28.092986          3
MinModeTranslate:   54  15:15:58    -8295.299860       0.2122     0.022105   -28.092986          3
MinModeTranslate:   55  15:15:58    -8295.301568       0.1690     --------   -28.045597          3
MinModeTranslate:   55  15:15:58    -8295.301568       0.1690     0.016103   -28.045597          3
MinModeTranslate:   56  15:15:58    -8295.302716       0.1298     --------   -27.991749          3
MinModeTranslate:   56  15:15:58    -8295.302716       0.1298     0.022945   -27.991749          3
MinModeTranslate:   57  15:15:58    -8295.303886       0.2043     --------   -28.016900          3
MinModeTranslate:   57  15:15:58    -8295.303886       0.2043     0.023344   -28.016900          3
MinModeTranslate:   58  15:15:58    -8295.305167       0.1225     --------   -28.032703          3
MinModeTranslate:   58  15:15:58    -8295.305167       0.1225     0.023142   -28.032703          3
MinModeTranslate:   59  15:15:58    -8295.306534       0.1918     --------   -28.189504          3
MinModeTranslate:   59  15:15:58    -8295.306534       0.1918     0.049138   -28.189504          3
MinModeTranslate:   60  15:15:58    -8295.309107       0.1856     --------   -28.504452          3
MinModeTranslate:   60  15:15:58    -8295.309107       0.1856     0.032456   -28.504452          3
MinModeTranslate:   61  15:15:58    -8295.310443       0.1714     --------   -28.459604          3
MinModeTranslate:   61  15:15:58    -8295.310443       0.1714     0.038032   -28.459604          3
MinModeTranslate:   62  15:15:59    -8295.312166       0.1940     --------   -28.360760          3
MinModeTranslate:   62  15:15:59    -8295.312166       0.1940     0.028113   -28.360760          3
MinModeTranslate:   63  15:15:59    -8295.313609       0.1320     --------   -28.276730          3
MinModeTranslate:   63  15:15:59    -8295.313609       0.1320     0.022056   -28.276730          3
MinModeTranslate:   64  15:15:59    -8295.314495       0.1355     --------   -28.102670          3
MinModeTranslate:   64  15:15:59    -8295.314495       0.1355     0.031131   -28.102670          3
MinModeTranslate:   65  15:15:59    -8295.315648       0.2823     --------   -28.014870          2
MinModeTranslate:   65  15:15:59    -8295.315648       0.2823     0.039388   -28.014870          2
MinModeTranslate:   66  15:15:59    -8295.317756       0.1753     --------   -28.135980          3
MinModeTranslate:   66  15:15:59    -8295.317756       0.1753     0.037827   -28.135980          3
MinModeTranslate:   67  15:15:59    -8295.319016       0.2176     --------   -28.210234          3
MinModeTranslate:   67  15:15:59    -8295.319016       0.2176     0.033987   -28.210234          3
MinModeTranslate:   68  15:15:59    -8295.319814       0.2252     --------   -28.072001          3
MinModeTranslate:   68  15:15:59    -8295.319814       0.2252     0.033511   -28.072001          3
MinModeTranslate:   69  15:15:59    -8295.321194       0.1360     --------   -27.926578          3
MinModeTranslate:   69  15:15:59    -8295.321194       0.1360     0.015502   -27.926578          3
MinModeTranslate:   70  15:15:59    -8295.321790       0.1059     --------   -27.829459          3
MinModeTranslate:   70  15:15:59    -8295.321790       0.1059     0.024705   -27.829459          3
MinModeTranslate:   71  15:15:59    -8295.322382       0.1456     --------   -27.622635          2
MinModeTranslate:   71  15:15:59    -8295.322382       0.1456     0.036820   -27.622635          2
MinModeTranslate:   72  15:15:59    -8295.323865       0.2405     --------   -27.849771          3
MinModeTranslate:   72  15:16:00    -8295.323865       0.2405     0.039302   -27.849771          3
MinModeTranslate:   73  15:16:00    -8295.325625       0.1494     --------   -28.224262          3
MinModeTranslate:   73  15:16:00    -8295.325625       0.1494     0.053064   -28.224262          3
MinModeTranslate:   74  15:16:00    -8295.326526       0.2220     --------   -27.854782          3
MinModeTranslate:   74  15:16:00    -8295.326526       0.2220     0.043362   -27.854782          3
MinModeTranslate:   75  15:16:00    -8295.327921       0.1590     --------   -27.576120          3
MinModeTranslate:   75  15:16:00    -8295.327921       0.1590     0.032144   -27.576120          3
MinModeTranslate:   76  15:16:00    -8295.329084       0.0962     --------   -27.709933          3
MinModeTranslate:   76  15:16:00    -8295.329084       0.0962     0.026752   -27.709933          3
MinModeTranslate:   77  15:16:00    -8295.329585       0.1907     --------   -28.044821          3
MinModeTranslate:   77  15:16:00    -8295.329585       0.1907     0.037538   -28.044821          3
MinModeTranslate:   78  15:16:00    -8295.330582       0.1426     --------   -28.279062          3
MinModeTranslate:   78  15:16:00    -8295.330582       0.1426     0.024325   -28.279062          3
MinModeTranslate:   79  15:16:00    -8295.331441       0.1139     --------   -28.278934          3
MinModeTranslate:   79  15:16:00    -8295.331441       0.1139     0.020705   -28.278934          3
MinModeTranslate:   80  15:16:00    -8295.331872       0.1101     --------   -28.333926          3
MinModeTranslate:   80  15:16:00    -8295.331872       0.1101     0.025540   -28.333926          3
MinModeTranslate:   81  15:16:00    -8295.332360       0.1781     --------   -28.284437          3
MinModeTranslate:   81  15:16:00    -8295.332360       0.1781     0.026052   -28.284437          3
MinModeTranslate:   82  15:16:00    -8295.333196       0.0782     --------   -28.125851          3
MinModeTranslate:   82  15:16:00    -8295.333196       0.0782     0.022184   -28.125851          3
MinModeTranslate:   83  15:16:01    -8295.333704       0.1471     --------   -28.162763          3
MinModeTranslate:   83  15:16:01    -8295.333704       0.1471     0.024572   -28.162763          3
MinModeTranslate:   84  15:16:01    -8295.334097       0.1720     --------   -28.299471          3
MinModeTranslate:   84  15:16:01    -8295.334097       0.1720     0.043664   -28.299471          3
MinModeTranslate:   85  15:16:01    -8295.335253       0.1452     --------   -28.407438          3
MinModeTranslate:   85  15:16:01    -8295.335253       0.1452     0.025728   -28.407438          3
MinModeTranslate:   86  15:16:01    -8295.335948       0.1430     --------   -28.383242          3
MinModeTranslate:   86  15:16:01    -8295.335948       0.1430     0.038753   -28.383242          3
MinModeTranslate:   87  15:16:01    -8295.336526       0.2019     --------   -28.338132          3
MinModeTranslate:   87  15:16:01    -8295.336526       0.2019     0.079358   -28.338132          3
MinModeTranslate:   88  15:16:01    -8295.338398       0.2052     --------   -28.355082          3
MinModeTranslate:   88  15:16:01    -8295.338398       0.2052     0.076825   -28.355082          3
MinModeTranslate:   89  15:16:01    -8295.340599       0.2971     --------   -28.557732          3
MinModeTranslate:   89  15:16:01    -8295.340599       0.2971     0.086354   -28.557732          3
MinModeTranslate:   90  15:16:01    -8295.342484       0.2340     --------   -28.862050          3
MinModeTranslate:   90  15:16:01    -8295.342484       0.2340     0.100000   -28.862050          3
MinModeTranslate:   91  15:16:01    -8295.344844       0.1744     --------   -28.960408          3
MinModeTranslate:   91  15:16:01    -8295.344844       0.1744     0.008324   -28.960408          3
MinModeTranslate:   92  15:16:01    -8295.345489       0.0942     --------   -28.926544          3
MinModeTranslate:   92  15:16:01    -8295.345489       0.0942     0.014188   -28.926544          3
MinModeTranslate:   93  15:16:02    -8295.346180       0.1384     --------   -28.953281          2
MinModeTranslate:   93  15:16:02    -8295.346180       0.1384     0.014968   -28.953281          2
MinModeTranslate:   94  15:16:02    -8295.346925       0.1001     --------   -29.031721          2
MinModeTranslate:   94  15:16:02    -8295.346925       0.1001     0.020588   -29.031721          2
MinModeTranslate:   95  15:16:02    -8295.347857       0.1928     --------   -28.787245          3
MinModeTranslate:   95  15:16:02    -8295.347857       0.1928     0.025387   -28.787245          3
MinModeTranslate:   96  15:16:02    -8295.348983       0.1582     --------   -28.477969          3
MinModeTranslate:   96  15:16:02    -8295.348983       0.1582     0.032168   -28.477969          3
MinModeTranslate:   97  15:16:02    -8295.350333       0.1427     --------   -28.399433          3
MinModeTranslate:   97  15:16:02    -8295.350333       0.1427     0.028439   -28.399433          3
MinModeTranslate:   98  15:16:02    -8295.351473       0.1742     --------   -28.497544          3
MinModeTranslate:   98  15:16:02    -8295.351473       0.1742     0.029109   -28.497544          3
MinModeTranslate:   99  15:16:02    -8295.352654       0.1607     --------   -28.594607          3
MinModeTranslate:   99  15:16:02    -8295.352654       0.1607     0.030944   -28.594607          3
MinModeTranslate:  100  15:16:02    -8295.353935       0.1126     --------   -28.529385          3
MinModeTranslate:  100  15:16:02    -8295.353935       0.1126     0.017585   -28.529385          3
MinModeTranslate:  101  15:16:02    -8295.354572       0.1134     --------   -28.321444          2
MinModeTranslate:  101  15:16:02    -8295.354572       0.1134     0.033063   -28.321444          2
MinModeTranslate:  102  15:16:02    -8295.355723       0.1702     --------   -28.196432          3
MinModeTranslate:  102  15:16:02    -8295.355723       0.1702     0.015177   -28.196432          3
MinModeTranslate:  103  15:16:02    -8295.356263       0.0668     --------   -28.247818          2
MinModeTranslate:  103  15:16:02    -8295.356263       0.0668     0.013741   -28.247818          2
MinModeTranslate:  104  15:16:02    -8295.356684       0.0823     --------   -28.376029          2
MinModeTranslate:  104  15:16:02    -8295.356684       0.0823     0.013669   -28.376029          2
MinModeTranslate:  105  15:16:03    -8295.357121       0.1148     --------   -28.511168          3
MinModeTranslate:  105  15:16:03    -8295.357121       0.1148     0.015270   -28.511168          3
MinModeTranslate:  106  15:16:03    -8295.357597       0.1024     --------   -28.596713          3
MinModeTranslate:  106  15:16:03    -8295.357597       0.1024     0.015188   -28.596713          3
MinModeTranslate:  107  15:16:03    -8295.357987       0.0897     --------   -28.491940          3
MinModeTranslate:  107  15:16:03    -8295.357987       0.0897     0.013657   -28.491940          3
MinModeTranslate:  108  15:16:03    -8295.358339       0.1097     --------   -28.446668          3
MinModeTranslate:  108  15:16:03    -8295.358339       0.1097     0.015457   -28.446668          3
MinModeTranslate:  109  15:16:03    -8295.358761       0.0626     --------   -28.420969          3
MinModeTranslate:  109  15:16:03    -8295.358761       0.0626     0.014124   -28.420969          3
MinModeTranslate:  110  15:16:03    -8295.359086       0.1238     --------   -28.343424          2
MinModeTranslate:  110  15:16:03    -8295.359086       0.1238     0.035671   -28.343424          2
MinModeTranslate:  111  15:16:03    -8295.359931       0.1384     --------   -28.406020          3
MinModeTranslate:  111  15:16:03    -8295.359931       0.1384     0.012635   -28.406020          3
MinModeTranslate:  112  15:16:03    -8295.360246       0.0921     --------   -28.501761          2
MinModeTranslate:  112  15:16:03    -8295.360246       0.0921     0.025829   -28.501761          2
MinModeTranslate:  113  15:16:03    -8295.360752       0.0893     --------   -28.699242          3
MinModeTranslate:  113  15:16:03    -8295.360752       0.0893     0.012066   -28.699242          3
MinModeTranslate:  114  15:16:03    -8295.360983       0.0795     --------   -28.726717          2
MinModeTranslate:  114  15:16:03    -8295.360983       0.0795     0.008074   -28.726717          2
MinModeTranslate:  115  15:16:03    -8295.361156       0.0557     --------   -28.681212          1
MinModeTranslate:  115  15:16:03    -8295.361156       0.0557     0.010466   -28.681212          1
MinModeTranslate:  116  15:16:03    -8295.361354       0.0592     --------   -28.564438          2
MinModeTranslate:  116  15:16:03    -8295.361354       0.0592     0.011010   -28.564438          2
MinModeTranslate:  117  15:16:03    -8295.361550       0.0761     --------   -28.531138          2
MinModeTranslate:  117  15:16:03    -8295.361550       0.0761     0.009180   -28.531138          2
MinModeTranslate:  118  15:16:04    -8295.361714       0.0510     --------   -28.570594          2
MinModeTranslate:  118  15:16:04    -8295.361714       0.0510     0.011245   -28.570594          2
MinModeTranslate:  119  15:16:04    -8295.361899       0.0586     --------   -28.635623          2
MinModeTranslate:  119  15:16:04    -8295.361899       0.0586     0.018291   -28.635623          2
MinModeTranslate:  120  15:16:04    -8295.362183       0.0753     --------   -28.768772          2
MinModeTranslate:  120  15:16:04    -8295.362183       0.0753     0.008964   -28.768772          2
MinModeTranslate:  121  15:16:04    -8295.362321       0.0562     --------   -28.768891          2
MinModeTranslate:  121  15:16:04    -8295.362321       0.0562     0.027936   -28.768891          2
MinModeTranslate:  122  15:16:04    -8295.362749       0.0927     --------   -28.679812          2
MinModeTranslate:  122  15:16:04    -8295.362749       0.0927     0.030433   -28.679812          2
MinModeTranslate:  123  15:16:04    -8295.363205       0.0922     --------   -28.844856          3
MinModeTranslate:  123  15:16:04    -8295.363205       0.0922     0.024473   -28.844856          3
MinModeTranslate:  124  15:16:04    -8295.363546       0.0923     --------   -28.895181          2
MinModeTranslate:  124  15:16:04    -8295.363546       0.0923     0.040790   -28.895181          2
MinModeTranslate:  125  15:16:04    -8295.364120       0.1251     --------   -28.679212          3
MinModeTranslate:  125  15:16:04    -8295.364120       0.1251     0.035212   -28.679212          3
MinModeTranslate:  126  15:16:04    -8295.364598       0.0692     --------   -28.559134          3
MinModeTranslate:  126  15:16:04    -8295.364598       0.0692     0.030568   -28.559134          3
MinModeTranslate:  127  15:16:04    -8295.365003       0.1197     --------   -28.619578          3
MinModeTranslate:  127  15:16:04    -8295.365003       0.1197     0.020412   -28.619578          3
MinModeTranslate:  128  15:16:04    -8295.365292       0.0538     --------   -28.632055          2
MinModeTranslate:  128  15:16:04    -8295.365292       0.0538     0.019804   -28.632055          2
MinModeTranslate:  129  15:16:04    -8295.365560       0.0455     --------   -28.584841          2
MinModeTranslate:  129  15:16:04    -8295.365560       0.0455     0.010976   -28.584841          2
MinModeTranslate:  130  15:16:04    -8295.365691       0.0815     --------   -28.573847          2
MinModeTranslate:  130  15:16:04    -8295.365691       0.0815     0.025949   -28.573847          2
MinModeTranslate:  131  15:16:04    -8295.366023       0.0664     --------   -28.537231          2
MinModeTranslate:  131  15:16:04    -8295.366023       0.0664     0.022782   -28.537231          2
MinModeTranslate:  132  15:16:04    -8295.366306       0.0482     --------   -28.512161          2
MinModeTranslate:  132  15:16:04    -8295.366306       0.0482     0.017679   -28.512161          2
MinModeTranslate:  133  15:16:04    -8295.366512       0.1072     --------   -28.517348          2
MinModeTranslate:  133  15:16:05    -8295.366512       0.1072     0.026863   -28.517348          2
MinModeTranslate:  134  15:16:05    -8295.366848       0.0798     --------   -28.567058          3
MinModeTranslate:  134  15:16:05    -8295.366848       0.0798     0.018452   -28.567058          3
MinModeTranslate:  135  15:16:05    -8295.367068       0.0684     --------   -28.619498          2
MinModeTranslate:  135  15:16:05    -8295.367068       0.0684     0.020090   -28.619498          2
MinModeTranslate:  136  15:16:05    -8295.367293       0.0673     --------   -28.584006          2
MinModeTranslate:  136  15:16:05    -8295.367293       0.0673     0.016983   -28.584006          2
MinModeTranslate:  137  15:16:05    -8295.367500       0.0899     --------   -28.676654          2
MinModeTranslate:  137  15:16:05    -8295.367500       0.0899     0.018414   -28.676654          2
MinModeTranslate:  138  15:16:05    -8295.367719       0.0458     --------   -28.856837          3
MinModeTranslate:  138  15:16:05    -8295.367719       0.0458     0.012862   -28.856837          3
MinModeTranslate:  139  15:16:05    -8295.367855       0.0536     --------   -28.801153          2
MinModeTranslate:  139  15:16:05    -8295.367855       0.0536     0.022467   -28.801153          2
MinModeTranslate:  140  15:16:05    -8295.368109       0.0789     --------   -28.697233          3
MinModeTranslate:  140  15:16:05    -8295.368109       0.0789     0.011556   -28.697233          3
MinModeTranslate:  141  15:16:05    -8295.368244       0.0414     --------   -28.728272          2
MinModeTranslate:  141  15:16:05    -8295.368244       0.0414     0.007939   -28.728272          2
MinModeTranslate:  142  15:16:05    -8295.368317       0.0368     --------   -28.756516          2
MinModeTranslate:  142  15:16:05    -8295.368317       0.0368     0.010764   -28.756516          2
MinModeTranslate:  143  15:16:05    -8295.368426       0.0347     --------   -28.781497          2
MinModeTranslate:  143  15:16:05    -8295.368426       0.0347     0.003024   -28.781497          2
MinModeTranslate:  144  15:16:05    -8295.368457       0.0326     --------   -28.783764          1
MinModeTranslate:  144  15:16:05    -8295.368457       0.0326     0.007614   -28.783764          1
MinModeTranslate:  145  15:16:05    -8295.368529       0.0267     --------   -28.707658          2
MinModeTranslate:  145  15:16:05    -8295.368529       0.0267     0.005169   -28.707658          2
MinModeTranslate:  146  15:16:05    -8295.368570       0.0429     --------   -28.714210          1
MinModeTranslate:  146  15:16:05    -8295.368570       0.0429     0.008236   -28.714210          1
MinModeTranslate:  147  15:16:05    -8295.368640       0.0398     --------   -28.762564          1
MinModeTranslate:  147  15:16:05    -8295.368640       0.0398     0.018634   -28.762564          1
MinModeTranslate:  148  15:16:05    -8295.368795       0.0864     --------   -28.868377          2
MinModeTranslate:  148  15:16:05    -8295.368795       0.0864     0.022987   -28.868377          2
MinModeTranslate:  149  15:16:05    -8295.368981       0.0434     --------   -28.961755          2
MinModeTranslate:  149  15:16:06    -8295.368981       0.0434     0.008109   -28.961755          2
MinModeTranslate:  150  15:16:06    -8295.369049       0.0408     --------   -28.911764          1
MinModeTranslate:  150  15:16:06    -8295.369049       0.0408     0.009534   -28.911764          1
MinModeTranslate:  151  15:16:06    -8295.369120       0.0608     --------   -28.814838          2
MinModeTranslate:  151  15:16:06    -8295.369120       0.0608     0.021877   -28.814838          2
MinModeTranslate:  152  15:16:06    -8295.369288       0.0515     --------   -28.820433          2
MinModeTranslate:  152  15:16:06    -8295.369288       0.0515     0.007705   -28.820433          2
MinModeTranslate:  153  15:16:06    -8295.369352       0.0532     --------   -28.851577          2
MinModeTranslate:  153  15:16:06    -8295.369352       0.0532     0.012360   -28.851577          2
MinModeTranslate:  154  15:16:06    -8295.369443       0.0307     --------   -28.895847          2
MinModeTranslate:  154  15:16:06    -8295.369443       0.0307     0.008471   -28.895847          2
MinModeTranslate:  155  15:16:06    -8295.369513       0.0229     --------   -28.980231          2
MinModeTranslate:  155  15:16:06    -8295.369513       0.0229     0.006740   -28.980231          2
MinModeTranslate:  156  15:16:06    -8295.369561       0.0444     --------   -28.995905          2
MinModeTranslate:  156  15:16:06    -8295.369561       0.0444     0.009866   -28.995905          2
MinModeTranslate:  157  15:16:06    -8295.369628       0.0352     --------   -28.968223          2
MinModeTranslate:  157  15:16:06    -8295.369628       0.0352     0.007245   -28.968223          2
MinModeTranslate:  158  15:16:06    -8295.369680       0.0279     --------   -28.979193          2
MinModeTranslate:  158  15:16:06    -8295.369680       0.0279     0.005377   -28.979193          2
MinModeTranslate:  159  15:16:06    -8295.369718       0.0275     --------   -28.972991          1
MinModeTranslate:  159  15:16:06    -8295.369718       0.0275     0.007155   -28.972991          1
MinModeTranslate:  160  15:16:06    -8295.369758       0.0429     --------   -28.966715          2
