MinModeTranslate: STEP      TIME          ENERGY    MAX-FORCE     STEPSIZE    CURVATURE  ROT-STEPS
MinModeTranslate:    0  16:45:12   -12453.245537       3.7612     --------     4.744296          3
MinModeTranslate:    0  16:45:12   -12453.245537       3.7612     0.100000     4.744296          3
MinModeTranslate:    1  16:45:12   -12452.439911       4.6346     --------     2.806071          3
MinModeTranslate:    1  16:45:12   -12452.439911       4.6346     0.100000     2.806071          3
MinModeTranslate:    2  16:45:12   -12451.589253      14.4839     --------    -3.273000          3
MinModeTranslate:    2  16:45:12   -12451.589253      14.4839     0.100000    -3.273000          3
MinModeTranslate:    3  16:45:12   -12451.392552      11.6018     --------    -3.633623          3
MinModeTranslate:    3  16:45:12   -12451.392552      11.6018     0.100000    -3.633623          3
MinModeTranslate:    4  16:45:13   -12452.757117       7.5026     --------    -6.840612          3
MinModeTranslate:    4  16:45:13   -12452.757117       7.5026     0.100000    -6.840612          3
MinModeTranslate:    5  16:45:13   -12453.476782       7.4681     --------   -13.380353          3
MinModeTranslate:    5  16:45:13   -12453.476782       7.4681     0.100000   -13.380353          3
MinModeTranslate:    6  16:45:13   -12453.751479       7.0805     --------   -16.356573          3
MinModeTranslate:    6  16:45:13   -12453.751479       7.0805     0.100000   -16.356573          3
MinModeTranslate:    7  16:45:13   -12453.969849       5.6368     --------    -8.748471          3
MinModeTranslate:    7  16:45:13   -12453.969849       5.6368     0.100000    -8.748471          3
MinModeTranslate:    8  16:45:13   -12454.275222       4.6583     --------    -3.856890          3
MinModeTranslate:    8  16:45:13   -12454.275222       4.6583     0.100000    -3.856890          3
MinModeTranslate:    9  16:45:13   -12454.554530       3.9479     --------    -0.641080          3
MinModeTranslate:    9  16:45:13   -12454.554530       3.9479     0.100000    -0.641080          3
MinModeTranslate:   10  16:45:13   -12454.692178       3.2654     --------     0.849923          3
MinModeTranslate:   10  16:45:13   -12454.692178       3.2654     0.100000     0.849923          3
MinModeTranslate:   11  16:45:13   -12454.319363       3.1978     --------     1.467835          3
MinModeTranslate:   11  16:45:13   -12454.319363       3.1978     0.100000     1.467835          3
MinModeTranslate:   12  16:45:13   -12453.953889       3.3112     --------    -8.663578          3
MinModeTranslate:   12  16:45:13   -12453.953889       3.3112     0.100000    -8.663578          3
MinModeTranslate:   13  16:45:14   -12453.846086       2.6046     --------    -7.640440          3
MinModeTranslate:   13  16:45:14   -12453.846086       2.6046     0.100000    -7.640440          3
MinModeTranslate:   14  16:45:14   -12453.945328       2.0794     --------    -2.782925          3
MinModeTranslate:   14  16:45:14   -12453.945328       2.0794     0.100000    -2.782925          3
MinModeTranslate:   15  16:45:14   -12454.014534       1.6589     --------    -0.333606          3
MinModeTranslate:   15  16:45:14   -12454.014534       1.6589     0.100000    -0.333606          3
MinModeTranslate:   16  16:45:14   -12454.029325       1.6470     --------     0.222106          3
MinModeTranslate:   16  16:45:14   -12454.029325       1.6470     0.100000     0.222106          3
MinModeTranslate:   17  16:45:14   -12453.848550       1.5125     --------    -3.454639          3
MinModeTranslate:   17  16:45:14   -12453.848550       1.5125     0.100000    -3.454639          3
MinModeTranslate:   18  16:45:14   -12453.754826       1.5134     --------    -2.356162          3
MinModeTranslate:   18  16:45:14   -12453.754826       1.5134     0.100000    -2.356162          3
MinModeTranslate:   19  16:45:14   -12453.707558       1.2110     --------    -3.002219          3
MinModeTranslate:   19  16:45:14   -12453.707558       1.2110     0.063469    -3.002219          3
MinModeTranslate:   20  16:45:14   -12453.660030       1.9881     --------    -4.363528          3
MinModeTranslate:   20  16:45:14   -12453.660030       1.9881     0.100000    -4.363528          3
MinModeTranslate:   21  16:45:14   -12453.628751       1.3678     --------    -3.915867          3
MinModeTranslate:   21  16:45:14   -12453.628751       1.3678     0.021631    -3.915867          3
MinModeTranslate:   22  16:45:15   -12453.635054       0.7720     --------    -3.883837          3
MinModeTranslate:   22  16:45:15   -12453.635054       0.7720     0.100000    -3.883837          3
MinModeTranslate:   23  16:45:15   -12453.592015       0.7475     --------    -2.106483          3
MinModeTranslate:   23  16:45:15   -12453.592015       0.7475     0.100000    -2.106483          3
MinModeTranslate:   24  16:45:15   -12453.568683       0.4911     --------     2.202843          3
MinModeTranslate:   24  16:45:15   -12453.568683       0.4911     0.100000     2.202843          3
MinModeTranslate:   25  16:45:15   -12453.496638       0.8367     --------     5.045568          3
MinModeTranslate:   25  16:45:15   -12453.496638       0.8367     0.100000     5.045568          3
MinModeTranslate:   26  16:45:15   -12453.378040       1.1485     --------     1.252205          3
MinModeTranslate:   26  16:45:15   -12453.378040       1.1485     0.100000     1.252205          3
MinModeTranslate:   27  16:45:15   -12453.244272       0.9989     --------    -3.777953          3
MinModeTranslate:   27  16:45:15   -12453.244272       0.9989     0.100000    -3.777953          3
MinModeTranslate:   28  16:45:15   -12453.166318       0.7460     --------    -1.746567          3
MinModeTranslate:   28  16:45:15   -12453.166318       0.7460     0.100000    -1.746567          3
MinModeTranslate:   29  16:45:15   -12453.110923       0.8255     --------     0.623999          3
MinModeTranslate:   29  16:45:15   -12453.110923       0.8255     0.100000     0.623999          3
MinModeTranslate:   30  16:45:15   -12453.021316       0.7454     --------    -2.865704          3
MinModeTranslate:   30  16:45:15   -12453.021316       0.7454     0.077314    -2.865704          3
MinModeTranslate:   31  16:45:15   -12452.967508       1.6312     --------    -5.321143          3
MinModeTranslate:   31  16:45:15   -12452.967508       1.6312     0.097970    -5.321143          3
MinModeTranslate:   32  16:45:16   -12452.935850       2.1184     --------    -4.449425          3
MinModeTranslate:   32  16:45:16   -12452.935850       2.1184     0.039804    -4.449425          3
MinModeTranslate:   33  16:45:16   -12452.971537       0.4958     --------    -3.218547          3
MinModeTranslate:   33  16:45:16   -12452.971537       0.4958     0.021891    -3.218547          3
MinModeTranslate:   34  16:45:16   -12452.979600       0.2850     --------    -2.700133          3
MinModeTranslate:   34  16:45:16   -12452.979600       0.2850     0.032635    -2.700133          3
MinModeTranslate:   35  16:45:16   -12452.987758       0.4705     --------    -2.185947          3
MinModeTranslate:   35  16:45:16   -12452.987758       0.4705     0.072352    -2.185947          3
MinModeTranslate:   36  16:45:16   -12453.004088       0.7169     --------    -1.167122          3
MinModeTranslate:   36  16:45:16   -12453.004088       0.7169     0.100000    -1.167122          3
MinModeTranslate:   37  16:45:16   -12453.025725       0.4846     --------    -0.362679          3
MinModeTranslate:   37  16:45:16   -12453.025725       0.4846     0.060722    -0.362679          3
MinModeTranslate:   38  16:45:16   -12453.037938       0.4152     --------    -0.202134          3
MinModeTranslate:   38  16:45:16   -12453.037938       0.4152     0.045044    -0.202134          3
MinModeTranslate:   39  16:45:16   -12453.046364       0.6098     --------    -0.219693          3
MinModeTranslate:   39  16:45:16   -12453.046364       0.6098     0.073881    -0.219693          3
MinModeTranslate:   40  16:45:16   -12453.060240       0.4790     --------    -0.539213          3
MinModeTranslate:   40  16:45:17   -12453.060240       0.4790     0.050978    -0.539213          3
MinModeTranslate:   41  16:45:17   -12453.068966       0.2894     --------    -0.622708          3
MinModeTranslate:   41  16:45:17   -12453.068966       0.2894     0.024935    -0.622708          3
MinModeTranslate:   42  16:45:17   -12453.072382       0.2407     --------    -0.564210          3
MinModeTranslate:   42  16:45:17   -12453.072382       0.2407     0.033961    -0.564210          3
MinModeTranslate:   43  16:45:17   -12453.075948       0.2864     --------    -0.568567          3
MinModeTranslate:   43  16:45:17   -12453.075948       0.2864     0.041991    -0.568567          3
MinModeTranslate:   44  16:45:17   -12453.080006       0.2466     --------    -0.526416          3
MinModeTranslate:   44  16:45:17   -12453.080006       0.2466     0.064101    -0.526416          3
MinModeTranslate:   45  16:45:17   -12453.085217       0.2869     --------    -0.519214          3
MinModeTranslate:   45  16:45:17   -12453.085217       0.2869     0.074337    -0.519214          3
MinModeTranslate:   46  16:45:17   -12453.090438       0.3112     --------    -0.575153          3
MinModeTranslate:   46  16:45:17   -12453.090438       0.3112     0.094359    -0.575153          3
MinModeTranslate:   47  16:45:17   -12453.097506       0.3445     --------    -0.592499          3
MinModeTranslate:   47  16:45:17   -12453.097506       0.3445     0.061731    -0.592499          3
MinModeTranslate:   48  16:45:17   -12453.104215       0.2306     --------    -0.601078          3
MinModeTranslate:   48  16:45:17   -12453.104215       0.2306     0.042633    -0.601078          3
MinModeTranslate:   49  16:45:18   -12453.108754       0.2106     --------    -0.500980          3
MinModeTranslate:   49  16:45:18   -12453.108754       0.2106     0.060338    -0.500980          3
MinModeTranslate:   50  16:45:18   -12453.113957       0.2891     --------    -0.398932          3
MinModeTranslate:   50  16:45:18   -12453.113957       0.2891     0.100000    -0.398932          3
MinModeTranslate:   51  16:45:18   -12453.123097       0.5847     --------    -0.297780          3
MinModeTranslate:   51  16:45:18   -12453.123097       0.5847     0.100000    -0.297780          3
MinModeTranslate:   52  16:45:18   -12453.133771       0.3801     --------    -0.228891          3
MinModeTranslate:   52  16:45:18   -12453.133771       0.3801     0.036532    -0.228891          3
MinModeTranslate:   53  16:45:18   -12453.144308       0.4553     --------    -0.218027          3
MinModeTranslate:   53  16:45:18   -12453.144308       0.4553     0.065920    -0.218027          3
MinModeTranslate:   54  16:45:18   -12453.159465       0.7859     --------    -0.159940          3
MinModeTranslate:   54  16:45:18   -12453.159465       0.7859     0.062176    -0.159940          3
MinModeTranslate:   55  16:45:18   -12453.173260       0.3269     --------    -0.284118          3
MinModeTranslate:   55  16:45:18   -12453.173260       0.3269     0.030050    -0.284118          3
MinModeTranslate:   56  16:45:18   -12453.179349       0.3890     --------    -0.340128          3
MinModeTranslate:   56  16:45:18   -12453.179349       0.3890     0.100000    -0.340128          3
MinModeTranslate:   57  16:45:18   -12453.196925       0.3597     --------    -0.353576          3
MinModeTranslate:   57  16:45:18   -12453.196925       0.3597     0.045760    -0.353576          3
MinModeTranslate:   58  16:45:19   -12453.204542       0.4134     --------    -0.388504          3
MinModeTranslate:   58  16:45:19   -12453.204542       0.4134     0.084149    -0.388504          3
MinModeTranslate:   59  16:45:19   -12453.216306       0.5338     --------    -0.455695          3
MinModeTranslate:   59  16:45:19   -12453.216306       0.5338     0.085312    -0.455695          3
MinModeTranslate:   60  16:45:19   -12453.227053       0.4529     --------    -0.705064          3
MinModeTranslate:   60  16:45:19   -12453.227053       0.4529     0.083387    -0.705064          3
MinModeTranslate:   61  16:45:19   -12453.239140       0.2977     --------    -1.100669          3
MinModeTranslate:   61  16:45:19   -12453.239140       0.2977     0.052458    -1.100669          3
MinModeTranslate:   62  16:45:19   -12453.245767       0.2551     --------    -1.338291          3
MinModeTranslate:   62  16:45:19   -12453.245767       0.2551     0.040654    -1.338291          3
MinModeTranslate:   63  16:45:19   -12453.250291       0.3498     --------    -1.419525          3
MinModeTranslate:   63  16:45:19   -12453.250291       0.3498     0.033313    -1.419525          3
MinModeTranslate:   64  16:45:19   -12453.253448       0.2937     --------    -1.336501          3
MinModeTranslate:   64  16:45:19   -12453.253448       0.2937     0.071419    -1.336501          3
MinModeTranslate:   65  16:45:19   -12453.259615       0.3459     --------    -1.112278          3
MinModeTranslate:   65  16:45:19   -12453.259615       0.3459     0.049237    -1.112278          3
MinModeTranslate:   66  16:45:19   -12453.263474       0.3160     --------    -1.055142          3
MinModeTranslate:   66  16:45:19   -12453.263474       0.3160     0.061466    -1.055142          3
MinModeTranslate:   67  16:45:20   -12453.267371       0.1972     --------    -1.129882          3
MinModeTranslate:   67  16:45:20   -12453.267371       0.1972     0.040792    -1.129882          3
MinModeTranslate:   68  16:45:20   -12453.269798       0.2141     --------    -1.296859          3
MinModeTranslate:   68  16:45:20   -12453.269798       0.2141     0.025784    -1.296859          3
MinModeTranslate:   69  16:45:20   -12453.271318       0.2472     --------    -1.439766          3
MinModeTranslate:   69  16:45:20   -12453.271318       0.2472     0.045796    -1.439766          3
MinModeTranslate:   70  16:45:20   -12453.273931       0.2481     --------    -1.804475          3
MinModeTranslate:   70  16:45:20   -12453.273931       0.2481     0.036633    -1.804475          3
MinModeTranslate:   71  16:45:20   -12453.276281       0.1212     --------    -2.057018          3
MinModeTranslate:   71  16:45:20   -12453.276281       0.1212     0.024968    -2.057018          3
MinModeTranslate:   72  16:45:20   -12453.277689       0.1744     --------    -2.115436          3
MinModeTranslate:   72  16:45:20   -12453.277689       0.1744     0.027202    -2.115436          3
MinModeTranslate:   73  16:45:20   -12453.279241       0.1734     --------    -2.170244          3
MinModeTranslate:   73  16:45:20   -12453.279241       0.1734     0.050535    -2.170244          3
MinModeTranslate:   74  16:45:20   -12453.282323       0.2365     --------    -2.195526          3
MinModeTranslate:   74  16:45:20   -12453.282323       0.2365     0.084875    -2.195526          3
MinModeTranslate:   75  16:45:20   -12453.288288       0.3518     --------    -2.046397          3
MinModeTranslate:   75  16:45:20   -12453.288288       0.3518     0.064051    -2.046397          3
MinModeTranslate:   76  16:45:20   -12453.293200       0.2695     --------    -1.759768          3
MinModeTranslate:   76  16:45:20   -12453.293200       0.2695     0.079136    -1.759768          3
MinModeTranslate:   77  16:45:21   -12453.299347       0.3462     --------    -1.352621          3
MinModeTranslate:   77  16:45:21   -12453.299347       0.3462     0.071189    -1.352621          3
MinModeTranslate:   78  16:45:21   -12453.304455       0.2074     --------    -0.891180          3
MinModeTranslate:   78  16:45:21   -12453.304455       0.2074     0.100000    -0.891180          3
MinModeTranslate:   79  16:45:21   -12453.312932       0.2899     --------    -0.000964          3
MinModeTranslate:   79  16:45:21   -12453.312932       0.2899     0.080706    -0.000964          3
MinModeTranslate:   80  16:45:21   -12453.320231       0.0675     --------     0.665231          3
MinModeTranslate:   80  16:45:21   -12453.320231       0.0675     0.100000     0.665231          3
MinModeTranslate:   81  16:45:21   -12453.304383       0.2124     --------     2.094997          3
MinModeTranslate:   81  16:45:21   -12453.304383       0.2124     0.100000     2.094997          3
MinModeTranslate:   82  16:45:21   -12453.264272       0.3591     --------     0.890662          3
MinModeTranslate:   82  16:45:21   -12453.264272       0.3591     0.100000     0.890662          3
MinModeTranslate:   83  16:45:21   -12453.212281       0.5988     --------    -0.582379          3
MinModeTranslate:   83  16:45:21   -12453.212281       0.5988     0.100000    -0.582379          3
MinModeTranslate:   84  16:45:21   -12453.172478       0.4836     --------    -1.259178          3
MinModeTranslate:   84  16:45:21   -12453.172478       0.4836     0.100000    -1.259178          3
MinModeTranslate:   85  16:45:21   -12453.179049       0.7166     --------    -0.883997          3
MinModeTranslate:   85  16:45:21   -12453.179049       0.7166     0.068331    -0.883997          3
MinModeTranslate:   86  16:45:21   -12453.177349       0.6679     --------    -0.620631          3
MinModeTranslate:   86  16:45:21   -12453.177349       0.6679     0.058750    -0.620631          3
MinModeTranslate:   87  16:45:22   -12453.166573       0.5588     --------    -0.556909          3
MinModeTranslate:   87  16:45:22   -12453.166573       0.5588     0.088223    -0.556909          3
MinModeTranslate:   88  16:45:22   -12453.150552       0.6094     --------    -0.799973          3
MinModeTranslate:   88  16:45:22   -12453.150552       0.6094     0.100000    -0.799973          3
MinModeTranslate:   89  16:45:22   -12453.132987       0.9447     --------    -0.994756          3
MinModeTranslate:   89  16:45:22   -12453.132987       0.9447     0.065458    -0.994756          3
MinModeTranslate:   90  16:45:22   -12453.126495       0.5867     --------    -0.986680          3
MinModeTranslate:   90  16:45:22   -12453.126495       0.5867     0.068834    -0.986680          3
MinModeTranslate:   91  16:45:22   -12453.118014       0.3733     --------    -0.908301          3
MinModeTranslate:   91  16:45:22   -12453.118014       0.3733     0.075008    -0.908301          3
MinModeTranslate:   92  16:45:22   -12453.112195       0.5068     --------    -0.791471          3
MinModeTranslate:   92  16:45:22   -12453.112195       0.5068     0.067256    -0.791471          3
MinModeTranslate:   93  16:45:22   -12453.109532       0.4958     --------    -0.687239          3
MinModeTranslate:   93  16:45:22   -12453.109532       0.4958     0.047238    -0.687239          3
MinModeTranslate:   94  16:45:22   -12453.109095       0.3776     --------    -0.609181          3
MinModeTranslate:   94  16:45:22   -12453.109095       0.3776     0.046616    -0.609181          3
MinModeTranslate:   95  16:45:22   -12453.109753       0.3698     --------    -0.547483          3
MinModeTranslate:   95  16:45:22   -12453.109753       0.3698     0.041113    -0.547483          3
MinModeTranslate:   96  16:45:22   -12453.111296       0.3012     --------    -0.490371          3
MinModeTranslate:   96  16:45:22   -12453.111296       0.3012     0.036170    -0.490371          3
MinModeTranslate:   97  16:45:23   -12453.112834       0.4018     --------    -0.431083          3
MinModeTranslate:   97  16:45:23   -12453.112834       0.4018     0.038857    -0.431083          3
MinModeTranslate:   98  16:45:23   -12453.114891       0.2418     --------    -0.354122          3
MinModeTranslate:   98  16:45:23   -12453.114891       0.2418     0.041767    -0.354122          3
MinModeTranslate:   99  16:45:23   -12453.117111       0.2336     --------    -0.267601          3
MinModeTranslate:   99  16:45:23   -12453.117111       0.2336     0.035700    -0.267601          3
MinModeTranslate:  100  16:45:23   -12453.119273       0.2857     --------    -0.196866          3
MinModeTranslate:  100  16:45:23   -12453.119273       0.2857     0.020573    -0.196866          3
MinModeTranslate:  101  16:45:23   -12453.120486       0.1234     --------    -0.157279          3
MinModeTranslate:  101  16:45:23   -12453.120486       0.1234     0.019156    -0.157279          3
MinModeTranslate:  102  16:45:23   -12453.121344       0.1331     --------    -0.120989          3
MinModeTranslate:  102  16:45:23   -12453.121344       0.1331     0.023012    -0.120989          3
MinModeTranslate:  103  16:45:23   -12453.122276       0.2278     --------    -0.085700          3
MinModeTranslate:  103  16:45:23   -12453.122276       0.2278     0.015105    -0.085700          3
MinModeTranslate:  104  16:45:23   -12453.122838       0.1220     --------    -0.029091          3
MinModeTranslate:  104  16:45:23   -12453.122838       0.1220     0.011972    -0.029091          3
MinModeTranslate:  105  16:45:23   -12453.123183       0.0927     --------    -0.003428          3
MinModeTranslate:  105  16:45:23   -12453.123183       0.0927     0.013426    -0.003428          3
MinModeTranslate:  106  16:45:24   -12453.123455       0.1251     --------    -0.003777          3
MinModeTranslate:  106  16:45:24   -12453.123455       0.1251     0.010398    -0.003777          3
MinModeTranslate:  107  16:45:24   -12453.123622       0.0722     --------    -0.004659          3
MinModeTranslate:  107  16:45:24   -12453.123622       0.0722     0.007185    -0.004659          3
MinModeTranslate:  108  16:45:24   -12453.123717       0.0664     --------    -0.005258          1
MinModeTranslate:  108  16:45:24   -12453.123717       0.0664     0.009035    -0.005258          1
MinModeTranslate:  109  16:45:24   -12453.123755       0.0607     --------    -0.005426          2
MinModeTranslate:  109  16:45:24   -12453.123755       0.0607     0.009044    -0.005426          2
MinModeTranslate:  110  16:45:24   -12453.123763       0.1053     --------    -0.005520          2
MinModeTranslate:  110  16:45:24   -12453.123763       0.1053     0.006215    -0.005520          2
MinModeTranslate:  111  16:45:24   -12453.123746       0.0511     --------    -0.005790          2
MinModeTranslate:  111  16:45:24   -12453.123746       0.0511     0.014732    -0.005790          2
MinModeTranslate:  112  16:45:24   -12453.123620       0.0671     --------    -0.006061          2
MinModeTranslate:  112  16:45:24   -12453.123620       0.0671     0.015477    -0.006061          2
MinModeTranslate:  113  16:45:24   -12453.123464       0.1037     --------    -0.006426          1
MinModeTranslate:  113  16:45:24   -12453.123464       0.1037     0.011522    -0.006426          1
MinModeTranslate:  114  16:45:24   -12453.123329       0.0793     --------    -0.006575          1
MinModeTranslate:  114  16:45:24   -12453.123329       0.0793     0.022635    -0.006575          1
MinModeTranslate:  115  16:45:24   -12453.123019       0.0768     --------    -0.006046          1
MinModeTranslate:  115  16:45:24   -12453.123019       0.0768     0.015561    -0.006046          1
MinModeTranslate:  116  16:45:24   -12453.122793       0.0702     --------    -0.006079          1
MinModeTranslate:  116  16:45:24   -12453.122793       0.0702     0.010791    -0.006079          1
MinModeTranslate:  117  16:45:24   -12453.122619       0.0809     --------    -0.006324          1
MinModeTranslate:  117  16:45:24   -12453.122619       0.0809     0.012277    -0.006324          1
MinModeTranslate:  118  16:45:24   -12453.122403       0.0662     --------    -0.006525          1
MinModeTranslate:  118  16:45:24   -12453.122403       0.0662     0.016397    -0.006525          1
MinModeTranslate:  119  16:45:25   -12453.122074       0.0642     --------    -0.006729          1
MinModeTranslate:  119  16:45:25   -12453.122074       0.0642     0.021922    -0.006729          1
MinModeTranslate:  120  16:45:25   -12453.121611       0.1382     --------    -0.007013          1
MinModeTranslate:  120  16:45:25   -12453.121611       0.1382     0.054247    -0.007013          1
MinModeTranslate:  121  16:45:25   -12453.120463       0.1823     --------    -0.007360          1
MinModeTranslate:  121  16:45:25   -12453.120463       0.1823     0.100000    -0.007360          1
MinModeTranslate:  122  16:45:25   -12453.119000       0.1496     --------    -0.007208          2
MinModeTranslate:  122  16:45:25   -12453.119000       0.1496     0.044571    -0.007208          2
MinModeTranslate:  123  16:45:25   -12453.118808       0.2457     --------    -0.006645          2
MinModeTranslate:  123  16:45:25   -12453.118808       0.2457     0.076174    -0.006645          2
MinModeTranslate:  124  16:45:25   -12453.117808       0.1835     --------    -0.005417          2
MinModeTranslate:  124  16:45:25   -12453.117808       0.1835     0.074151    -0.005417          2
MinModeTranslate:  125  16:45:25   -12453.117566       0.2080     --------    -0.004616          2
MinModeTranslate:  125  16:45:25   -12453.117566       0.2080     0.046720    -0.004616          2
MinModeTranslate:  126  16:45:25   -12453.117452       0.2254     --------    -0.004666          1
MinModeTranslate:  126  16:45:25   -12453.117452       0.2254     0.050647    -0.004666          1
MinModeTranslate:  127  16:45:25   -12453.117310       0.1405     --------    -0.004891          1
MinModeTranslate:  127  16:45:25   -12453.117310       0.1405     0.054988    -0.004891          1
MinModeTranslate:  128  16:45:25   -12453.117143       0.2370     --------    -0.004257          1
MinModeTranslate:  128  16:45:25   -12453.117143       0.2370     0.050813    -0.004257          1
MinModeTranslate:  129  16:45:25   -12453.116974       0.1953     --------    -0.003707          1
MinModeTranslate:  129  16:45:25   -12453.116974       0.1953     0.049871    -0.003707          1
MinModeTranslate:  130  16:45:25   -12453.116818       0.1477     --------    -0.003860          1
MinModeTranslate:  130  16:45:25   -12453.116818       0.1477     0.039468    -0.003860          1
MinModeTranslate:  131  16:45:25   -12453.116713       0.2247     --------    -0.003643          1
MinModeTranslate:  131  16:45:25   -12453.116713       0.2247     0.045635    -0.003643          1
MinModeTranslate:  132  16:45:25   -12453.116570       0.1488     --------    -0.002782          1
MinModeTranslate:  132  16:45:26   -12453.116570       0.1488     0.039480    -0.002782          1
MinModeTranslate:  133  16:45:26   -12453.116444       0.1072     --------    -0.002235          1
MinModeTranslate:  133  16:45:26   -12453.116444       0.1072     0.036765    -0.002235          1
MinModeTranslate:  134  16:45:26   -12453.116392       0.1922     --------    -0.002711          1
MinModeTranslate:  134  16:45:26   -12453.116392       0.1922     0.045531    -0.002711          1
MinModeTranslate:  135  16:45:26   -12453.116335       0.1448     --------    -0.002538          1
MinModeTranslate:  135  16:45:26   -12453.116335       0.1448     0.039528    -0.002538          1
MinModeTranslate:  136  16:45:26   -12453.116261       0.1770     --------    -0.001538          1
MinModeTranslate:  136  16:45:26   -12453.116261       0.1770     0.042507    -0.001538          1
MinModeTranslate:  137  16:45:26   -12453.116268       0.1572     --------    -0.001045          1
MinModeTranslate:  137  16:45:26   -12453.116268       0.1572     0.019607    -0.001045          1
MinModeTranslate:  138  16:45:26   -12453.116290       0.1059     --------    -0.000847          1
MinModeTranslate:  138  16:45:26   -12453.116290       0.1059     0.039392    -0.000847          1
MinModeTranslate:  139  16:45:26   -12453.116259       0.1419     --------    -0.000469          1
MinModeTranslate:  139  16:45:26   -12453.116259       0.1419     0.049930    -0.000469          1
MinModeTranslate:  140  16:45:26   -12453.116207       0.2629     --------    -0.000408          1
MinModeTranslate:  140  16:45:26   -12453.116207       0.2629     0.048685    -0.000408          1
MinModeTranslate:  141  16:45:26   -12453.116224       0.1366     --------    -0.000416          1
MinModeTranslate:  141  16:45:26   -12453.116224       0.1366     0.046278    -0.000416          1
MinModeTranslate:  142  16:45:26   -12453.116193       0.1260     --------    -0.000302          1
MinModeTranslate:  142  16:45:26   -12453.116193       0.1260     0.053894    -0.000302          1
MinModeTranslate:  143  16:45:26   -12453.116185       0.2361     --------    -0.001037          1
MinModeTranslate:  143  16:45:26   -12453.116185       0.2361     0.046633    -0.001037          1
MinModeTranslate:  144  16:45:26   -12453.116210       0.1139     --------    -0.001384          1
MinModeTranslate:  144  16:45:26   -12453.116210       0.1139     0.054029    -0.001384          1
MinModeTranslate:  145  16:45:27   -12453.116167       0.0151     --------     0.000103          1
MinModeTranslate:  145  16:45:27   -12453.116167       0.0151     0.100000     0.000103          1
MinModeTranslate:  146  16:45:27   -12453.114543       0.0152     --------     0.000017          1
MinModeTranslate:  146  16:45:27   -12453.114543       0.0152     0.100000     0.000017          1
MinModeTranslate:  147  16:45:27   -12453.112905       0.1282     --------    -0.000004          1
MinModeTranslate:  147  16:45:27   -12453.112905       0.1282     0.100000    -0.000004          1
MinModeTranslate:  148  16:45:27   -12453.111517       0.2319     --------    -0.000499          1
MinModeTranslate:  148  16:45:27   -12453.111517       0.2319     0.100000    -0.000499          1
MinModeTranslate:  149  16:45:27   -12453.109497       0.3138     --------    -0.000761          1
MinModeTranslate:  149  16:45:27   -12453.109497       0.3138     0.100000    -0.000761          1
MinModeTranslate:  150  16:45:27   -12453.108783       0.1201     --------    -0.000432          1
MinModeTranslate:  150  16:45:27   -12453.108783       0.1201     0.053862    -0.000432          1
MinModeTranslate:  151  16:45:27   -12453.108097       0.0151     --------     0.000201          1
MinModeTranslate:  151  16:45:27   -12453.108097       0.0151     0.100000     0.000201          1
MinModeTranslate:  152  16:45:27   -12453.106482       0.0150     --------     0.000206          1
MinModeTranslate:  152  16:45:27   -12453.106482       0.0150     0.100000     0.000206          1
MinModeTranslate:  153  16:45:27   -12453.104861       0.0150     --------     0.000131          1
MinModeTranslate:  153  16:45:27   -12453.104861       0.0150     0.100000     0.000131          1
MinModeTranslate:  154  16:45:27   -12453.103246       0.0149     --------     0.000177          1
MinModeTranslate:  154  16:45:27   -12453.103246       0.0149     0.100000     0.000177          1
MinModeTranslate:  155  16:45:27   -12453.101631       0.0149     --------     0.000145          1
MinModeTranslate:  155  16:45:27   -12453.101631       0.0149     0.100000     0.000145          1
MinModeTranslate:  156  16:45:27   -12453.100033       0.0148     --------     0.000207          1
MinModeTranslate:  156  16:45:27   -12453.100033       0.0148     0.100000     0.000207          1
MinModeTranslate:  157  16:45:27   -12453.098438       0.0148     --------     0.000240          1
MinModeTranslate:  157  16:45:27   -12453.098438       0.0148     0.100000     0.000240          1
MinModeTranslate:  158  16:45:27   -12453.096841       0.0147     --------     0.000291          1
MinModeTranslate:  158  16:45:27   -12453.096841       0.0147     0.100000     0.000291          1
MinModeTranslate:  159  16:45:27   -12453.095257       0.0147     --------     0.000350          1
MinModeTranslate:  159  16:45:27   -12453.095257       0.0147     0.100000     0.000350          1
MinModeTranslate:  160  16:45:27   -12453.093662       0.0146     --------     0.000391          1
