MinModeTranslate: STEP      TIME          ENERGY    MAX-FORCE     STEPSIZE    CURVATURE  ROT-STEPS
MinModeTranslate:    0  16:46:59   -12451.431536      37.4543     --------   -47.065122          3
MinModeTranslate:    0  16:46:59   -12451.431536      37.4543     0.097269   -47.065122          3
MinModeTranslate:    1  16:46:59   -12454.210807      12.9493     --------    -8.489052          3
MinModeTranslate:    1  16:46:59   -12454.210807      12.9493     0.100000    -8.489052          3
MinModeTranslate:    2  16:46:59   -12455.404135       7.0901     --------    -1.983954          3
MinModeTranslate:    2  16:46:59   -12455.404135       7.0901     0.100000    -1.983954          3
MinModeTranslate:    3  16:46:59   -12455.956945       6.2082     --------    -2.710407          3
MinModeTranslate:    3  16:46:59   -12455.956945       6.2082     0.100000    -2.710407          3
MinModeTranslate:    4  16:46:59   -12456.085186       4.6356     --------    -1.802986          3
MinModeTranslate:    4  16:46:59   -12456.085186       4.6356     0.100000    -1.802986          3
MinModeTranslate:    5  16:46:59   -12456.122860       4.4943     --------    -3.239056          3
MinModeTranslate:    5  16:46:59   -12456.122860       4.4943     0.100000    -3.239056          3
MinModeTranslate:    6  16:47:00   -12456.106030       4.2326     --------    -1.289388          3
MinModeTranslate:    6  16:47:00   -12456.106030       4.2326     0.100000    -1.289388          3
MinModeTranslate:    7  16:47:00   -12456.072789       3.9665     --------    -0.430602          3
MinModeTranslate:    7  16:47:00   -12456.072789       3.9665     0.100000    -0.430602          3
MinModeTranslate:    8  16:47:00   -12456.040229       3.8321     --------    -2.096717          3
MinModeTranslate:    8  16:47:00   -12456.040229       3.8321     0.100000    -2.096717          3
MinModeTranslate:    9  16:47:00   -12455.934813       3.6803     --------    -4.256589          3
MinModeTranslate:    9  16:47:00   -12455.934813       3.6803     0.100000    -4.256589          3
MinModeTranslate:   10  16:47:00   -12455.806516       3.4062     --------    -1.369790          3
MinModeTranslate:   10  16:47:00   -12455.806516       3.4062     0.100000    -1.369790          3
MinModeTranslate:   11  16:47:00   -12455.656759       2.8859     --------     0.591398          3
MinModeTranslate:   11  16:47:00   -12455.656759       2.8859     0.100000     0.591398          3
MinModeTranslate:   12  16:47:00   -12455.324853       3.2350     --------    -7.015120          3
MinModeTranslate:   12  16:47:00   -12455.324853       3.2350     0.100000    -7.015120          3
MinModeTranslate:   13  16:47:00   -12455.115408       3.7393     --------    -3.108733          3
MinModeTranslate:   13  16:47:00   -12455.115408       3.7393     0.100000    -3.108733          3
MinModeTranslate:   14  16:47:00   -12455.011539       2.3119     --------     3.794933          3
MinModeTranslate:   14  16:47:00   -12455.011539       2.3119     0.100000     3.794933          3
MinModeTranslate:   15  16:47:00   -12454.728124       2.6058     --------    -2.469959          3
MinModeTranslate:   15  16:47:00   -12454.728124       2.6058     0.100000    -2.469959          3
MinModeTranslate:   16  16:47:01   -12454.553453       2.2619     --------    -5.548274          3
MinModeTranslate:   16  16:47:01   -12454.553453       2.2619     0.100000    -5.548274          3
MinModeTranslate:   17  16:47:01   -12454.452621       1.8173     --------    -4.195173          3
MinModeTranslate:   17  16:47:01   -12454.452621       1.8173     0.076337    -4.195173          3
MinModeTranslate:   18  16:47:01   -12454.371888       3.0658     --------    -0.545379          3
MinModeTranslate:   18  16:47:01   -12454.371888       3.0658     0.100000    -0.545379          3
MinModeTranslate:   19  16:47:01   -12454.281813       1.6078     --------     2.427320          3
MinModeTranslate:   19  16:47:01   -12454.281813       1.6078     0.100000     2.427320          3
MinModeTranslate:   20  16:47:01   -12454.093149       2.8771     --------    -1.815766          3
MinModeTranslate:   20  16:47:01   -12454.093149       2.8771     0.100000    -1.815766          3
MinModeTranslate:   21  16:47:01   -12454.012287       1.3990     --------    -5.154180          3
MinModeTranslate:   21  16:47:01   -12454.012287       1.3990     0.041771    -5.154180          3
MinModeTranslate:   22  16:47:01   -12453.986425       2.0330     --------    -4.973026          3
MinModeTranslate:   22  16:47:01   -12453.986425       2.0330     0.100000    -4.973026          3
MinModeTranslate:   23  16:47:01   -12453.942574       2.4572     --------    -3.461896          3
MinModeTranslate:   23  16:47:01   -12453.942574       2.4572     0.026061    -3.461896          3
MinModeTranslate:   24  16:47:01   -12453.969729       0.9772     --------    -3.025557          3
MinModeTranslate:   24  16:47:01   -12453.969729       0.9772     0.100000    -3.025557          3
MinModeTranslate:   25  16:47:02   -12453.926550       1.2562     --------    -0.207866          3
MinModeTranslate:   25  16:47:02   -12453.926550       1.2562     0.100000    -0.207866          3
MinModeTranslate:   26  16:47:02   -12453.915594       0.8349     --------     2.474835          3
MinModeTranslate:   26  16:47:02   -12453.915594       0.8349     0.100000     2.474835          3
MinModeTranslate:   27  16:47:02   -12453.808315       1.0185     --------     0.786874          3
MinModeTranslate:   27  16:47:02   -12453.808315       1.0185     0.100000     0.786874          3
MinModeTranslate:   28  16:47:02   -12453.696221       1.6421     --------    -4.291156          3
MinModeTranslate:   28  16:47:02   -12453.696221       1.6421     0.100000    -4.291156          3
MinModeTranslate:   29  16:47:02   -12453.635484       2.2978     --------    -1.938787          3
MinModeTranslate:   29  16:47:02   -12453.635484       2.2978     0.100000    -1.938787          3
MinModeTranslate:   30  16:47:02   -12453.563449       0.6122     --------     2.840151          3
MinModeTranslate:   30  16:47:02   -12453.563449       0.6122     0.100000     2.840151          3
MinModeTranslate:   31  16:47:02   -12453.474334       0.8824     --------     1.293796          3
MinModeTranslate:   31  16:47:02   -12453.474334       0.8824     0.100000     1.293796          3
MinModeTranslate:   32  16:47:02   -12453.370644       2.5480     --------    -3.409145          3
MinModeTranslate:   32  16:47:02   -12453.370644       2.5480     0.100000    -3.409145          3
MinModeTranslate:   33  16:47:02   -12453.326817       0.7433     --------    -5.105299          3
MinModeTranslate:   33  16:47:02   -12453.326817       0.7433     0.059365    -5.105299          3
MinModeTranslate:   34  16:47:02   -12453.315371       0.7249     --------    -4.024330          3
MinModeTranslate:   34  16:47:02   -12453.315371       0.7249     0.088747    -4.024330          3
MinModeTranslate:   35  16:47:02   -12453.317144       0.7720     --------    -0.628604          3
MinModeTranslate:   35  16:47:02   -12453.317144       0.7720     0.049478    -0.628604          3
MinModeTranslate:   36  16:47:03   -12453.332758       0.0929     --------     0.471896          3
MinModeTranslate:   36  16:47:03   -12453.332758       0.0929     0.100000     0.471896          3
MinModeTranslate:   37  16:47:03   -12453.316756       0.1778     --------     1.374396          3
MinModeTranslate:   37  16:47:03   -12453.316756       0.1778     0.100000     1.374396          3
MinModeTranslate:   38  16:47:03   -12453.288049       0.2781     --------     0.783464          3
MinModeTranslate:   38  16:47:03   -12453.288049       0.2781     0.100000     0.783464          3
MinModeTranslate:   39  16:47:03   -12453.251489       0.6935     --------    -0.374555          3
MinModeTranslate:   39  16:47:03   -12453.251489       0.6935     0.100000    -0.374555          3
MinModeTranslate:   40  16:47:03   -12453.224503       0.6467     --------    -1.449865          3
MinModeTranslate:   40  16:47:03   -12453.224503       0.6467     0.100000    -1.449865          3
MinModeTranslate:   41  16:47:03   -12453.211395       0.3174     --------    -1.406917          3
MinModeTranslate:   41  16:47:03   -12453.211395       0.3174     0.028479    -1.406917          3
MinModeTranslate:   42  16:47:03   -12453.214627       0.7625     --------    -1.332004          3
MinModeTranslate:   42  16:47:03   -12453.214627       0.7625     0.056908    -1.332004          3
MinModeTranslate:   43  16:47:03   -12453.216544       0.8890     --------    -1.063477          3
MinModeTranslate:   43  16:47:03   -12453.216544       0.8890     0.100000    -1.063477          3
MinModeTranslate:   44  16:47:03   -12453.240431       0.8113     --------    -0.565571          3
MinModeTranslate:   44  16:47:03   -12453.240431       0.8113     0.008274    -0.565571          3
MinModeTranslate:   45  16:47:03   -12453.245094       0.2587     --------    -0.581708          3
MinModeTranslate:   45  16:47:04   -12453.245094       0.2587     0.014338    -0.581708          3
MinModeTranslate:   46  16:47:04   -12453.247616       0.3549     --------    -0.571928          3
MinModeTranslate:   46  16:47:04   -12453.247616       0.3549     0.085656    -0.571928          3
MinModeTranslate:   47  16:47:04   -12453.258190       0.5645     --------    -0.357486          3
MinModeTranslate:   47  16:47:04   -12453.258190       0.5645     0.093807    -0.357486          3
MinModeTranslate:   48  16:47:04   -12453.268628       0.7710     --------    -0.278789          3
MinModeTranslate:   48  16:47:04   -12453.268628       0.7710     0.100000    -0.278789          3
MinModeTranslate:   49  16:47:04   -12453.281940       0.4993     --------    -0.064084          3
MinModeTranslate:   49  16:47:04   -12453.281940       0.4993     0.060450    -0.064084          3
MinModeTranslate:   50  16:47:04   -12453.290730       0.0572     --------     0.027993          3
MinModeTranslate:   50  16:47:04   -12453.290730       0.0572     0.100000     0.027993          3
MinModeTranslate:   51  16:47:04   -12453.283801       0.0570     --------     0.131042          3
MinModeTranslate:   51  16:47:04   -12453.283801       0.0570     0.100000     0.131042          3
MinModeTranslate:   52  16:47:04   -12453.276784       0.0601     --------     0.066746          3
MinModeTranslate:   52  16:47:04   -12453.276784       0.0601     0.100000     0.066746          3
MinModeTranslate:   53  16:47:04   -12453.269626       0.0574     --------     0.054652          3
MinModeTranslate:   53  16:47:04   -12453.269626       0.0574     0.100000     0.054652          3
MinModeTranslate:   54  16:47:04   -12453.262900       0.0571     --------     0.045493          3
MinModeTranslate:   54  16:47:04   -12453.262900       0.0571     0.100000     0.045493          3
MinModeTranslate:   55  16:47:04   -12453.256259       0.0542     --------     0.038713          3
MinModeTranslate:   55  16:47:04   -12453.256259       0.0542     0.100000     0.038713          3
MinModeTranslate:   56  16:47:04   -12453.249982       0.0533     --------     0.033486          3
MinModeTranslate:   56  16:47:04   -12453.249982       0.0533     0.100000     0.033486          3
MinModeTranslate:   57  16:47:05   -12453.243859       0.0509     --------     0.029832          3
MinModeTranslate:   57  16:47:05   -12453.243859       0.0509     0.100000     0.029832          3
MinModeTranslate:   58  16:47:05   -12453.238002       0.0500     --------     0.027162          3
MinModeTranslate:   58  16:47:05   -12453.238002       0.0500     0.100000     0.027162          3
MinModeTranslate:   59  16:47:05   -12453.232289       0.0480     --------     0.025288          3
MinModeTranslate:   59  16:47:05   -12453.232289       0.0480     0.100000     0.025288          3
MinModeTranslate:   60  16:47:05   -12453.226803       0.0470     --------     0.024364          3
MinModeTranslate:   60  16:47:05   -12453.226803       0.0470     0.100000     0.024364          3
MinModeTranslate:   61  16:47:05   -12453.221438       0.0451     --------     0.023809          3
MinModeTranslate:   61  16:47:05   -12453.221438       0.0451     0.100000     0.023809          3
MinModeTranslate:   62  16:47:05   -12453.216288       0.0442     --------     0.024362          3
MinModeTranslate:   62  16:47:05   -12453.216288       0.0442     0.100000     0.024362          3
MinModeTranslate:   63  16:47:05   -12453.211261       0.0423     --------     0.025604          3
MinModeTranslate:   63  16:47:05   -12453.211261       0.0423     0.100000     0.025604          3
MinModeTranslate:   64  16:47:05   -12453.206422       0.0415     --------     0.027324          3
MinModeTranslate:   64  16:47:05   -12453.206422       0.0415     0.100000     0.027324          3
MinModeTranslate:   65  16:47:05   -12453.201676       0.0397     --------     0.029488          3
MinModeTranslate:   65  16:47:05   -12453.201676       0.0397     0.100000     0.029488          3
MinModeTranslate:   66  16:47:05   -12453.197117       0.0395     --------     0.032076          3
MinModeTranslate:   66  16:47:05   -12453.197117       0.0395     0.100000     0.032076          3
MinModeTranslate:   67  16:47:06   -12453.192569       0.0379     --------     0.034623          3
MinModeTranslate:   67  16:47:06   -12453.192569       0.0379     0.100000     0.034623          3
MinModeTranslate:   68  16:47:06   -12453.188199       0.0385     --------     0.036617          3
MinModeTranslate:   68  16:47:06   -12453.188199       0.0385     0.100000     0.036617          3
MinModeTranslate:   69  16:47:06   -12453.183752       0.0372     --------     0.038183          3
MinModeTranslate:   69  16:47:06   -12453.183752       0.0372     0.100000     0.038183          3
MinModeTranslate:   70  16:47:06   -12453.179454       0.0384     --------     0.038961          3
MinModeTranslate:   70  16:47:06   -12453.179454       0.0384     0.100000     0.038961          3
MinModeTranslate:   71  16:47:06   -12453.175024       0.0373     --------     0.039026          3
MinModeTranslate:   71  16:47:06   -12453.175024       0.0373     0.100000     0.039026          3
MinModeTranslate:   72  16:47:06   -12453.170721       0.0390     --------     0.038570          3
MinModeTranslate:   72  16:47:06   -12453.170721       0.0390     0.100000     0.038570          3
MinModeTranslate:   73  16:47:06   -12453.166232       0.0380     --------     0.037686          3
MinModeTranslate:   73  16:47:06   -12453.166232       0.0380     0.100000     0.037686          3
MinModeTranslate:   74  16:47:06   -12453.161872       0.0399     --------     0.036331          3
MinModeTranslate:   74  16:47:06   -12453.161872       0.0399     0.100000     0.036331          3
MinModeTranslate:   75  16:47:06   -12453.157315       0.0390     --------     0.034863          3
MinModeTranslate:   75  16:47:06   -12453.157315       0.0390     0.100000     0.034863          3
MinModeTranslate:   76  16:47:06   -12453.152874       0.0406     --------     0.033132          3
MinModeTranslate:   76  16:47:06   -12453.152874       0.0406     0.100000     0.033132          3
MinModeTranslate:   77  16:47:06   -12453.148266       0.0399     --------     0.031563          3
MinModeTranslate:   77  16:47:06   -12453.148266       0.0399     0.100000     0.031563          3
MinModeTranslate:   78  16:47:06   -12453.143756       0.0414     --------     0.029859          3
MinModeTranslate:   78  16:47:07   -12453.143756       0.0414     0.100000     0.029859          3
MinModeTranslate:   79  16:47:07   -12453.139086       0.0407     --------     0.028568          3
MinModeTranslate:   79  16:47:07   -12453.139086       0.0407     0.100000     0.028568          3
MinModeTranslate:   80  16:47:07   -12453.134516       0.0420     --------     0.027096          3
MinModeTranslate:   80  16:47:07   -12453.134516       0.0420     0.100000     0.027096          3
MinModeTranslate:   81  16:47:07   -12453.129799       0.0412     --------     0.026072          3
MinModeTranslate:   81  16:47:07   -12453.129799       0.0412     0.100000     0.026072          3
MinModeTranslate:   82  16:47:07   -12453.125199       0.0423     --------     0.024910          3
MinModeTranslate:   82  16:47:07   -12453.125199       0.0423     0.100000     0.024910          3
MinModeTranslate:   83  16:47:07   -12453.120473       0.0413     --------     0.024017          3
MinModeTranslate:   83  16:47:07   -12453.120473       0.0413     0.100000     0.024017          3
MinModeTranslate:   84  16:47:07   -12453.115875       0.0422     --------     0.023118          3
MinModeTranslate:   84  16:47:07   -12453.115875       0.0422     0.100000     0.023118          3
MinModeTranslate:   85  16:47:07   -12453.111192       0.0412     --------     0.022357          3
MinModeTranslate:   85  16:47:07   -12453.111192       0.0412     0.100000     0.022357          3
MinModeTranslate:   86  16:47:07   -12453.106618       0.0418     --------     0.021666          3
MinModeTranslate:   86  16:47:07   -12453.106618       0.0418     0.100000     0.021666          3
MinModeTranslate:   87  16:47:07   -12453.101989       0.0405     --------     0.020853          3
MinModeTranslate:   87  16:47:07   -12453.101989       0.0405     0.100000     0.020853          3
MinModeTranslate:   88  16:47:08   -12453.097516       0.0407     --------     0.019994          3
MinModeTranslate:   88  16:47:08   -12453.097516       0.0407     0.100000     0.019994          3
MinModeTranslate:   89  16:47:08   -12453.093021       0.0391     --------     0.019207          3
MinModeTranslate:   89  16:47:08   -12453.093021       0.0391     0.100000     0.019207          3
MinModeTranslate:   90  16:47:08   -12453.088697       0.0390     --------     0.018272          3
MinModeTranslate:   90  16:47:08   -12453.088697       0.0390     0.100000     0.018272          3
MinModeTranslate:   91  16:47:08   -12453.084403       0.0371     --------     0.017416          3
MinModeTranslate:   91  16:47:08   -12453.084403       0.0371     0.100000     0.017416          3
MinModeTranslate:   92  16:47:08   -12453.080309       0.0364     --------     0.015987          3
MinModeTranslate:   92  16:47:08   -12453.080309       0.0364     0.100000     0.015987          3
MinModeTranslate:   93  16:47:08   -12453.076320       0.0339     --------     0.014803          3
MinModeTranslate:   93  16:47:08   -12453.076320       0.0339     0.100000     0.014803          3
MinModeTranslate:   94  16:47:08   -12453.072604       0.0329     --------     0.013203          3
MinModeTranslate:   94  16:47:08   -12453.072604       0.0329     0.100000     0.013203          3
MinModeTranslate:   95  16:47:08   -12453.068995       0.0298     --------     0.012002          3
MinModeTranslate:   95  16:47:08   -12453.068995       0.0298     0.100000     0.012002          3
MinModeTranslate:   96  16:47:08   -12453.065738       0.0281     --------     0.010450          3
MinModeTranslate:   96  16:47:08   -12453.065738       0.0281     0.100000     0.010450          3
MinModeTranslate:   97  16:47:08   -12453.062668       0.0248     --------     0.009309          3
MinModeTranslate:   97  16:47:08   -12453.062668       0.0248     0.100000     0.009309          3
MinModeTranslate:   98  16:47:08   -12453.059971       0.0224     --------     0.007477          3
MinModeTranslate:   98  16:47:08   -12453.059971       0.0224     0.100000     0.007477          3
MinModeTranslate:   99  16:47:09   -12453.057523       0.0186     --------     0.006277          3
MinModeTranslate:   99  16:47:09   -12453.057523       0.0186     0.100000     0.006277          3
MinModeTranslate:  100  16:47:09   -12453.055502       0.0158     --------     0.004429          3
MinModeTranslate:  100  16:47:09   -12453.055502       0.0158     0.100000     0.004429          3
MinModeTranslate:  101  16:47:09   -12453.053793       0.0112     --------     0.003012          3
MinModeTranslate:  101  16:47:09   -12453.053793       0.0112     0.100000     0.003012          3
MinModeTranslate:  102  16:47:09   -12453.052583       0.9598     --------    -0.000562          3
MinModeTranslate:  102  16:47:09   -12453.052583       0.9598     0.100000    -0.000562          3
MinModeTranslate:  103  16:47:09   -12453.052498       0.9181     --------    -0.002029          3
MinModeTranslate:  103  16:47:09   -12453.052498       0.9181     0.012976    -0.002029          3
MinModeTranslate:  104  16:47:09   -12453.063548       0.5272     --------    -0.011020          3
MinModeTranslate:  104  16:47:09   -12453.063548       0.5272     0.052931    -0.011020          3
MinModeTranslate:  105  16:47:09   -12453.085305       0.8616     --------    -0.017080          3
MinModeTranslate:  105  16:47:09   -12453.085305       0.8616     0.041304    -0.017080          3
MinModeTranslate:  106  16:47:09   -12453.100940       0.5892     --------    -0.020518          3
MinModeTranslate:  106  16:47:09   -12453.100940       0.5892     0.036573    -0.020518          3
MinModeTranslate:  107  16:47:09   -12453.113872       0.6558     --------    -0.022580          3
MinModeTranslate:  107  16:47:09   -12453.113872       0.6558     0.069546    -0.022580          3
MinModeTranslate:  108  16:47:10   -12453.135807       1.4325     --------    -0.007576          3
MinModeTranslate:  108  16:47:10   -12453.135807       1.4325     0.092527    -0.007576          3
MinModeTranslate:  109  16:47:10   -12453.161497       0.6494     --------    -0.000291          3
MinModeTranslate:  109  16:47:10   -12453.161497       0.6494     0.100000    -0.000291          3
MinModeTranslate:  110  16:47:10   -12453.193035       0.0167     --------     0.005365          3
MinModeTranslate:  110  16:47:10   -12453.193035       0.0167     0.100000     0.005365          3
MinModeTranslate:  111  16:47:10   -12453.191214       0.0170     --------     0.003464          3
MinModeTranslate:  111  16:47:10   -12453.191214       0.0170     0.100000     0.003464          3
MinModeTranslate:  112  16:47:10   -12453.189380       0.0182     --------     0.002140          3
MinModeTranslate:  112  16:47:10   -12453.189380       0.0182     0.100000     0.002140          3
MinModeTranslate:  113  16:47:10   -12453.187420       0.0178     --------     0.000650          3
MinModeTranslate:  113  16:47:10   -12453.187420       0.0178     0.100000     0.000650          3
MinModeTranslate:  114  16:47:10   -12453.185516       0.8853     --------    -0.000453          2
MinModeTranslate:  114  16:47:10   -12453.185516       0.8853     0.100000    -0.000453          2
MinModeTranslate:  115  16:47:10   -12453.185420       0.7892     --------    -0.001076          3
MinModeTranslate:  115  16:47:10   -12453.185420       0.7892     0.011450    -0.001076          3
MinModeTranslate:  116  16:47:10   -12453.194703       0.0183     --------     0.002278          3
MinModeTranslate:  116  16:47:10   -12453.194703       0.0183     0.100000     0.002278          3
MinModeTranslate:  117  16:47:10   -12453.192748       0.0179     --------     0.001329          3
MinModeTranslate:  117  16:47:10   -12453.192748       0.0179     0.100000     0.001329          3
MinModeTranslate:  118  16:47:10   -12453.190825       0.0179     --------     0.000572          1
MinModeTranslate:  118  16:47:10   -12453.190825       0.0179     0.100000     0.000572          1
MinModeTranslate:  119  16:47:11   -12453.188895       0.4795     --------    -0.000200          2
MinModeTranslate:  119  16:47:11   -12453.188895       0.4795     0.100000    -0.000200          2
MinModeTranslate:  120  16:47:11   -12453.188777       0.3937     --------    -0.001317          2
MinModeTranslate:  120  16:47:11   -12453.188777       0.3937     0.021691    -0.001317          2
MinModeTranslate:  121  16:47:11   -12453.197818       0.8256     --------    -0.005810          2
MinModeTranslate:  121  16:47:11   -12453.197818       0.8256     0.052370    -0.005810          2
MinModeTranslate:  122  16:47:11   -12453.216123       0.3352     --------    -0.004824          2
MinModeTranslate:  122  16:47:11   -12453.216123       0.3352     0.033827    -0.004824          2
MinModeTranslate:  123  16:47:11   -12453.225018       0.5018     --------    -0.004177          2
MinModeTranslate:  123  16:47:11   -12453.225018       0.5018     0.027593    -0.004177          2
MinModeTranslate:  124  16:47:11   -12453.231708       0.3715     --------    -0.003962          3
MinModeTranslate:  124  16:47:11   -12453.231708       0.3715     0.045025    -0.003962          3
MinModeTranslate:  125  16:47:11   -12453.240229       0.4278     --------    -0.000116          3
MinModeTranslate:  125  16:47:11   -12453.240229       0.4278     0.078693    -0.000116          3
MinModeTranslate:  126  16:47:11   -12453.254220       0.0135     --------     0.010065          3
MinModeTranslate:  126  16:47:11   -12453.254220       0.0135     0.100000     0.010065          3
MinModeTranslate:  127  16:47:11   -12453.252725       0.0131     --------     0.008606          3
MinModeTranslate:  127  16:47:11   -12453.252725       0.0131     0.100000     0.008606          3
MinModeTranslate:  128  16:47:11   -12453.251286       0.0135     --------     0.007660          3
MinModeTranslate:  128  16:47:11   -12453.251286       0.0135     0.100000     0.007660          3
MinModeTranslate:  129  16:47:11   -12453.249800       0.0131     --------     0.006719          3
MinModeTranslate:  129  16:47:11   -12453.249800       0.0131     0.100000     0.006719          3
MinModeTranslate:  130  16:47:12   -12453.248355       0.0134     --------     0.006211          1
MinModeTranslate:  130  16:47:12   -12453.248355       0.0134     0.100000     0.006211          1
MinModeTranslate:  131  16:47:12   -12453.246893       0.0135     --------     0.005383          2
MinModeTranslate:  131  16:47:12   -12453.246893       0.0135     0.100000     0.005383          2
MinModeTranslate:  132  16:47:12   -12453.245423       0.0136     --------     0.004780          2
MinModeTranslate:  132  16:47:12   -12453.245423       0.0136     0.100000     0.004780          2
MinModeTranslate:  133  16:47:12   -12453.243951       0.0130     --------     0.004223          3
MinModeTranslate:  133  16:47:12   -12453.243951       0.0130     0.100000     0.004223          3
MinModeTranslate:  134  16:47:12   -12453.242542       0.0131     --------     0.003448          3
MinModeTranslate:  134  16:47:12   -12453.242542       0.0131     0.100000     0.003448          3
MinModeTranslate:  135  16:47:12   -12453.241137       0.0130     --------     0.002954          2
MinModeTranslate:  135  16:47:12   -12453.241137       0.0130     0.100000     0.002954          2
MinModeTranslate:  136  16:47:12   -12453.239727       0.0129     --------     0.002374          2
MinModeTranslate:  136  16:47:12   -12453.239727       0.0129     0.100000     0.002374          2
MinModeTranslate:  137  16:47:12   -12453.238344       0.0122     --------     0.001840          3
MinModeTranslate:  137  16:47:12   -12453.238344       0.0122     0.100000     0.001840          3
MinModeTranslate:  138  16:47:12   -12453.237022       0.0126     --------     0.001482          1
MinModeTranslate:  138  16:47:12   -12453.237022       0.0126     0.100000     0.001482          1
MinModeTranslate:  139  16:47:12   -12453.235676       0.0122     --------     0.001028          2
MinModeTranslate:  139  16:47:12   -12453.235676       0.0122     0.100000     0.001028          2
MinModeTranslate:  140  16:47:12   -12453.234362       0.0113     --------     0.000461          3
MinModeTranslate:  140  16:47:12   -12453.234362       0.0113     0.100000     0.000461          3
MinModeTranslate:  141  16:47:12   -12453.233157       0.6100     --------    -0.000026          1
MinModeTranslate:  141  16:47:12   -12453.233157       0.6100     0.100000    -0.000026          1
MinModeTranslate:  142  16:47:12   -12453.233105       0.5714     --------    -0.000707          2
MinModeTranslate:  142  16:47:12   -12453.233105       0.5714     0.011570    -0.000707          2
MinModeTranslate:  143  16:47:13   -12453.239594       0.4497     --------    -0.003941          3
MinModeTranslate:  143  16:47:13   -12453.239594       0.4497     0.016428    -0.003941          3
MinModeTranslate:  144  16:47:13   -12453.244974       0.3995     --------    -0.004339          2
MinModeTranslate:  144  16:47:13   -12453.244974       0.3995     0.026094    -0.004339          2
MinModeTranslate:  145  16:47:13   -12453.251298       0.2526     --------    -0.007397          2
MinModeTranslate:  145  16:47:13   -12453.251298       0.2526     0.023936    -0.007397          2
MinModeTranslate:  146  16:47:13   -12453.255695       0.4580     --------    -0.008095          2
MinModeTranslate:  146  16:47:13   -12453.255695       0.4580     0.031449    -0.008095          2
MinModeTranslate:  147  16:47:13   -12453.260918       0.3211     --------    -0.004988          2
MinModeTranslate:  147  16:47:13   -12453.260918       0.3211     0.050929    -0.004988          2
MinModeTranslate:  148  16:47:13   -12453.268214       0.2578     --------    -0.001754          3
MinModeTranslate:  148  16:47:13   -12453.268214       0.2578     0.045647    -0.001754          3
MinModeTranslate:  149  16:47:13   -12453.275768       0.7995     --------    -0.000118          3
MinModeTranslate:  149  16:47:13   -12453.275768       0.7995     0.057205    -0.000118          3
MinModeTranslate:  150  16:47:13   -12453.284540       0.0071     --------     0.000180          3
MinModeTranslate:  150  16:47:13   -12453.284540       0.0071     0.100000     0.000180          3
MinModeTranslate:  151  16:47:13   -12453.283783       0.4601     --------    -0.001013          3
MinModeTranslate:  151  16:47:13   -12453.283783       0.4601     0.100000    -0.001013          3
MinModeTranslate:  152  16:47:13   -12453.283762       0.4369     --------    -0.001886          3
MinModeTranslate:  152  16:47:13   -12453.283762       0.4369     0.012878    -0.001886          3
MinModeTranslate:  153  16:47:13   -12453.289816       0.0077     --------     0.000027          2
MinModeTranslate:  153  16:47:13   -12453.289816       0.0077     0.100000     0.000027          2
MinModeTranslate:  154  16:47:14   -12453.288995       0.4951     --------    -0.000559          2
MinModeTranslate:  154  16:47:14   -12453.288995       0.4951     0.100000    -0.000559          2
MinModeTranslate:  155  16:47:14   -12453.288922       0.3829     --------    -0.001098          2
MinModeTranslate:  155  16:47:14   -12453.288922       0.3829     0.005576    -0.001098          2
MinModeTranslate:  156  16:47:14   -12453.290628       0.2969     --------    -0.001586          2
MinModeTranslate:  156  16:47:14   -12453.290628       0.2969     0.030733    -0.001586          2
MinModeTranslate:  157  16:47:14   -12453.296409       0.2385     --------    -0.000549          2
MinModeTranslate:  157  16:47:14   -12453.296409       0.2385     0.017455    -0.000549          2
MinModeTranslate:  158  16:47:14   -12453.299193       0.3328     --------    -0.001226          1
MinModeTranslate:  158  16:47:14   -12453.299193       0.3328     0.022903    -0.001226          1
MinModeTranslate:  159  16:47:14   -12453.302613       0.2277     --------    -0.001173          2
MinModeTranslate:  159  16:47:14   -12453.302613       0.2277     0.025429    -0.001173          2
MinModeTranslate:  160  16:47:14   -12453.305721       0.2241     --------    -0.001390          2
