      Step     Time          Energy          fmax
BFGS:    0 15:15:51    -8293.999525       25.504658
BFGS:    1 15:15:51    -8296.361544        3.171085
BFGS:    2 15:15:51    -8296.715410        1.968527
BFGS:    3 15:15:51    -8296.983395        2.176357
BFGS:    4 15:15:51    -8297.029445        1.307606
BFGS:    5 15:15:51    -8297.060541        0.659929
BFGS:    6 15:15:51    -8297.092551        0.581017
BFGS:    7 15:15:51    -8297.124148        0.735009
BFGS:    8 15:15:51    -8297.158410        0.538992
BFGS:    9 15:15:51    -8297.185389        0.590512
BFGS:   10 15:15:51    -8297.199573        0.414230
BFGS:   11 15:15:51    -8297.213588        0.288378
BFGS:   12 15:15:51    -8297.220829        0.243304
BFGS:   13 15:15:51    -8297.229293        0.323477
BFGS:   14 15:15:51    -8297.233765        0.299265
BFGS:   15 15:15:51    -8297.237508        0.137412
BFGS:   16 15:15:52    -8297.240461        0.118987
BFGS:   17 15:15:52    -8297.244164        0.187954
BFGS:   18 15:15:52    -8297.248091        0.214623
BFGS:   19 15:15:52    -8297.251620        0.178728
BFGS:   20 15:15:52    -8297.254554        0.147861
BFGS:   21 15:15:52    -8297.257160        0.127576
BFGS:   22 15:15:52    -8297.259580        0.128430
BFGS:   23 15:15:52    -8297.261682        0.124467
BFGS:   24 15:15:52    -8297.263362        0.114336
BFGS:   25 15:15:52    -8297.264884        0.143364
BFGS:   26 15:15:52    -8297.266281        0.140995
BFGS:   27 15:15:52    -8297.267448        0.097121
BFGS:   28 15:15:52    -8297.268239        0.056324
BFGS:   29 15:15:52    -8297.268861        0.057700
BFGS:   30 15:15:52    -8297.269495        0.082543
BFGS:   31 15:15:52    -8297.270230        0.085345
BFGS:   32 15:15:52    -8297.271021        0.067483
BFGS:   33 15:15:52    -8297.271931        0.066139
BFGS:   34 15:15:52    -8297.273096        0.085338
BFGS:   35 15:15:52    -8297.274611        0.091002
BFGS:   36 15:15:52    -8297.276404        0.100894
BFGS:   37 15:15:52    -8297.278266        0.146300
BFGS:   38 15:15:52    -8297.280101        0.189293
BFGS:   39 15:15:52    -8297.282172        0.193392
BFGS:   40 15:15:52    -8297.284483        0.146448
BFGS:   41 15:15:52    -8297.286458        0.099358
BFGS:   42 15:15:52    -8297.287937        0.098338
BFGS:   43 15:15:52    -8297.289272        0.121996
BFGS:   44 15:15:52    -8297.290546        0.118877
BFGS:   45 15:15:52    -8297.291877        0.097325
BFGS:   46 15:15:52    -8297.293309        0.111025
BFGS:   47 15:15:52    -8297.294584        0.139706
BFGS:   48 15:15:52    -8297.295293        0.145987
BFGS:   49 15:15:52    -8297.296158        0.086788
BFGS:   50 15:15:52    -8297.296615        0.053310
BFGS:   51 15:15:52    -8297.297054        0.068955
BFGS:   52 15:15:52    -8297.297438        0.103559
BFGS:   53 15:15:52    -8297.297832        0.088763
BFGS:   54 15:15:52    -8297.298090        0.039785
BFGS:   55 15:15:52    -8297.298283        0.040179
BFGS:   56 15:15:52    -8297.298526        0.060019
BFGS:   57 15:15:52    -8297.298812        0.076370
BFGS:   58 15:15:52    -8297.299076        0.051215
BFGS:   59 15:15:52    -8297.299235        0.024590
BFGS:   60 15:15:52    -8297.299344        0.031401
BFGS:   61 15:15:52    -8297.299467        0.051625
BFGS:   62 15:15:52    -8297.299644        0.051766
BFGS:   63 15:15:52    -8297.299826        0.031567
BFGS:   64 15:15:52    -8297.299988        0.029838
BFGS:   65 15:15:52    -8297.300111        0.033183
BFGS:   66 15:15:52    -8297.300235        0.037704
BFGS:   67 15:15:52    -8297.300363        0.027362
BFGS:   68 15:15:52    -8297.300501        0.031729
BFGS:   69 15:15:52    -8297.300620        0.024635
BFGS:   70 15:15:52    -8297.300723        0.020890
BFGS:   71 15:15:53    -8297.300822        0.021577
BFGS:   72 15:15:53    -8297.300940        0.032077
BFGS:   73 15:15:53    -8297.301077        0.041130
BFGS:   74 15:15:53    -8297.301249        0.040203
BFGS:   75 15:15:53    -8297.301428        0.036974
BFGS:   76 15:15:53    -8297.301576        0.038996
BFGS:   77 15:15:53    -8297.301671        0.035326
BFGS:   78 15:15:53    -8297.301783        0.027330
BFGS:   79 15:15:53    -8297.301852        0.017996
BFGS:   80 15:15:53    -8297.301902        0.011571
BFGS:   81 15:15:53    -8297.301915        0.010584
BFGS:   82 15:15:53    -8297.301941        0.010272
BFGS:   83 15:15:53    -8297.301949        0.008643
BFGS:   84 15:15:53    -8297.301963        0.007022
BFGS:   85 15:15:53    -8297.301977        0.008012
BFGS:   86 15:15:53    -8297.301984        0.007272
BFGS:   87 15:15:53    -8297.301991        0.005735
BFGS:   88 15:15:53    -8297.302005        0.004216
