MinModeTranslate: STEP      TIME          ENERGY    MAX-FORCE     STEPSIZE    CURVATURE  ROT-STEPS
MinModeTranslate:    0  16:45:42   -12457.084734       5.9233     --------    -7.118081          3
MinModeTranslate:    0  16:45:42   -12457.084734       5.9233     0.100000    -7.118081          3
MinModeTranslate:    1  16:45:42   -12457.354080       5.3883     --------    -6.471581          3
MinModeTranslate:    1  16:45:42   -12457.354080       5.3883     0.100000    -6.471581          3
MinModeTranslate:    2  16:45:42   -12457.360123       3.9683     --------   -13.947064          3
MinModeTranslate:    2  16:45:42   -12457.360123       3.9683     0.100000   -13.947064          3
MinModeTranslate:    3  16:45:42   -12457.150550       3.6193     --------    -7.032675          3
MinModeTranslate:    3  16:45:42   -12457.150550       3.6193     0.100000    -7.032675          3
MinModeTranslate:    4  16:45:42   -12456.969959       3.3499     --------    -0.636162          3
MinModeTranslate:    4  16:45:42   -12456.969959       3.3499     0.100000    -0.636162          3
MinModeTranslate:    5  16:45:42   -12456.919054       3.1233     --------     1.983322          3
MinModeTranslate:    5  16:45:42   -12456.919054       3.1233     0.100000     1.983322          3
MinModeTranslate:    6  16:45:43   -12456.551485       2.8633     --------    -1.044099          3
MinModeTranslate:    6  16:45:43   -12456.551485       2.8633     0.100000    -1.044099          3
MinModeTranslate:    7  16:45:43   -12456.347267       2.7433     --------    -3.904032          3
MinModeTranslate:    7  16:45:43   -12456.347267       2.7433     0.100000    -3.904032          3
MinModeTranslate:    8  16:45:43   -12456.319462       2.4873     --------    -5.947783          3
MinModeTranslate:    8  16:45:43   -12456.319462       2.4873     0.100000    -5.947783          3
MinModeTranslate:    9  16:45:43   -12456.389118       2.1111     --------    -1.439783          3
MinModeTranslate:    9  16:45:43   -12456.389118       2.1111     0.100000    -1.439783          3
MinModeTranslate:   10  16:45:43   -12456.315394       1.9868     --------    -4.621065          3
MinModeTranslate:   10  16:45:43   -12456.315394       1.9868     0.100000    -4.621065          3
MinModeTranslate:   11  16:45:43   -12456.251694       1.8177     --------    -5.914966          3
MinModeTranslate:   11  16:45:43   -12456.251694       1.8177     0.100000    -5.914966          3
MinModeTranslate:   12  16:45:43   -12456.338122       1.7662     --------    -4.323801          3
MinModeTranslate:   12  16:45:43   -12456.338122       1.7662     0.100000    -4.323801          3
MinModeTranslate:   13  16:45:43   -12456.453943       1.6884     --------    -2.907140          3
MinModeTranslate:   13  16:45:43   -12456.453943       1.6884     0.100000    -2.907140          3
MinModeTranslate:   14  16:45:44   -12456.426283       1.8990     --------    -3.054814          3
MinModeTranslate:   14  16:45:44   -12456.426283       1.8990     0.100000    -3.054814          3
MinModeTranslate:   15  16:45:44   -12456.319188       2.6038     --------    -2.455722          3
MinModeTranslate:   15  16:45:44   -12456.319188       2.6038     0.100000    -2.455722          3
MinModeTranslate:   16  16:45:44   -12456.312639       1.7106     --------    -2.270487          3
MinModeTranslate:   16  16:45:44   -12456.312639       1.7106     0.100000    -2.270487          3
MinModeTranslate:   17  16:45:44   -12456.215301       1.4541     --------    -2.017396          3
MinModeTranslate:   17  16:45:44   -12456.215301       1.4541     0.100000    -2.017396          3
MinModeTranslate:   18  16:45:44   -12456.137870       1.1237     --------    -1.966344          3
MinModeTranslate:   18  16:45:44   -12456.137870       1.1237     0.100000    -1.966344          3
MinModeTranslate:   19  16:45:44   -12456.091332       1.1343     --------    -2.239636          3
MinModeTranslate:   19  16:45:44   -12456.091332       1.1343     0.100000    -2.239636          3
MinModeTranslate:   20  16:45:44   -12456.052978       1.1239     --------    -1.560382          3
MinModeTranslate:   20  16:45:44   -12456.052978       1.1239     0.100000    -1.560382          3
MinModeTranslate:   21  16:45:44   -12456.029276       1.0201     --------    -0.431000          3
MinModeTranslate:   21  16:45:44   -12456.029276       1.0201     0.100000    -0.431000          3
MinModeTranslate:   22  16:45:44   -12455.997882       0.5178     --------     0.018534          3
MinModeTranslate:   22  16:45:44   -12455.997882       0.5178     0.100000     0.018534          3
MinModeTranslate:   23  16:45:45   -12455.933062       1.1034     --------    -0.003031          3
MinModeTranslate:   23  16:45:45   -12455.933062       1.1034     0.100000    -0.003031          3
MinModeTranslate:   24  16:45:45   -12455.917567       1.1643     --------    -0.373511          3
MinModeTranslate:   24  16:45:45   -12455.917567       1.1643     0.091648    -0.373511          3
MinModeTranslate:   25  16:45:45   -12455.968982       1.1798     --------    -1.489696          3
MinModeTranslate:   25  16:45:45   -12455.968982       1.1798     0.100000    -1.489696          3
MinModeTranslate:   26  16:45:45   -12456.038743       1.3759     --------    -1.752415          3
MinModeTranslate:   26  16:45:45   -12456.038743       1.3759     0.084966    -1.752415          3
MinModeTranslate:   27  16:45:45   -12456.141903       0.7754     --------    -0.786987          3
MinModeTranslate:   27  16:45:45   -12456.141903       0.7754     0.100000    -0.786987          3
MinModeTranslate:   28  16:45:45   -12456.225713       1.0153     --------    -1.482529          3
MinModeTranslate:   28  16:45:45   -12456.225713       1.0153     0.100000    -1.482529          3
MinModeTranslate:   29  16:45:45   -12456.346473       0.8029     --------    -2.555410          3
MinModeTranslate:   29  16:45:45   -12456.346473       0.8029     0.100000    -2.555410          3
MinModeTranslate:   30  16:45:45   -12456.406581       2.0448     --------    -3.416112          3
MinModeTranslate:   30  16:45:45   -12456.406581       2.0448     0.100000    -3.416112          3
MinModeTranslate:   31  16:45:45   -12456.471190       2.6022     --------    -4.286804          3
MinModeTranslate:   31  16:45:46   -12456.471190       2.6022     0.081197    -4.286804          3
MinModeTranslate:   32  16:45:46   -12456.575946       1.3294     --------    -5.219348          3
MinModeTranslate:   32  16:45:46   -12456.575946       1.3294     0.100000    -5.219348          3
MinModeTranslate:   33  16:45:46   -12456.637442       1.0742     --------    -7.169043          3
MinModeTranslate:   33  16:45:46   -12456.637442       1.0742     0.092715    -7.169043          3
MinModeTranslate:   34  16:45:46   -12456.647774       1.3194     --------    -6.328900          3
MinModeTranslate:   34  16:45:46   -12456.647774       1.3194     0.100000    -6.328900          3
MinModeTranslate:   35  16:45:46   -12456.668634       1.4994     --------    -5.316294          3
MinModeTranslate:   35  16:45:46   -12456.668634       1.4994     0.038988    -5.316294          3
MinModeTranslate:   36  16:45:46   -12456.712730       0.5264     --------    -5.633756          3
MinModeTranslate:   36  16:45:46   -12456.712730       0.5264     0.054750    -5.633756          3
MinModeTranslate:   37  16:45:46   -12456.715601       0.8594     --------    -5.058816          3
MinModeTranslate:   37  16:45:46   -12456.715601       0.8594     0.100000    -5.058816          3
MinModeTranslate:   38  16:45:46   -12456.750306       0.8453     --------    -6.056714          3
MinModeTranslate:   38  16:45:46   -12456.750306       0.8453     0.065618    -6.056714          3
MinModeTranslate:   39  16:45:46   -12456.797912       0.7732     --------    -7.672585          3
MinModeTranslate:   39  16:45:46   -12456.797912       0.7732     0.063173    -7.672585          3
MinModeTranslate:   40  16:45:47   -12456.831307       0.8745     --------    -8.246765          3
MinModeTranslate:   40  16:45:47   -12456.831307       0.8745     0.079415    -8.246765          3
MinModeTranslate:   41  16:45:47   -12456.861477       1.0375     --------    -9.132125          3
MinModeTranslate:   41  16:45:47   -12456.861477       1.0375     0.100000    -9.132125          3
MinModeTranslate:   42  16:45:47   -12456.892199       0.6364     --------   -11.031529          3
MinModeTranslate:   42  16:45:47   -12456.892199       0.6364     0.042557   -11.031529          3
MinModeTranslate:   43  16:45:47   -12456.901723       0.4011     --------   -11.644864          3
MinModeTranslate:   43  16:45:47   -12456.901723       0.4011     0.044312   -11.644864          3
MinModeTranslate:   44  16:45:47   -12456.906148       0.5195     --------   -11.897709          3
MinModeTranslate:   44  16:45:47   -12456.906148       0.5195     0.040223   -11.897709          3
MinModeTranslate:   45  16:45:47   -12456.919265       0.4904     --------   -12.067817          3
MinModeTranslate:   45  16:45:47   -12456.919265       0.4904     0.029342   -12.067817          3
MinModeTranslate:   46  16:45:47   -12456.929292       0.3320     --------   -12.389383          3
MinModeTranslate:   46  16:45:47   -12456.929292       0.3320     0.050091   -12.389383          3
MinModeTranslate:   47  16:45:47   -12456.936389       0.5062     --------   -13.359527          3
MinModeTranslate:   47  16:45:47   -12456.936389       0.5062     0.100000   -13.359527          3
MinModeTranslate:   48  16:45:47   -12456.949961       0.5538     --------   -15.146721          3
MinModeTranslate:   48  16:45:47   -12456.949961       0.5538     0.076340   -15.146721          3
MinModeTranslate:   49  16:45:48   -12456.966833       0.2940     --------   -15.608067          3
MinModeTranslate:   49  16:45:48   -12456.966833       0.2940     0.046896   -15.608067          3
MinModeTranslate:   50  16:45:48   -12456.973246       0.2322     --------   -15.987134          3
MinModeTranslate:   50  16:45:48   -12456.973246       0.2322     0.037098   -15.987134          3
MinModeTranslate:   51  16:45:48   -12456.975956       0.3116     --------   -16.680623          3
MinModeTranslate:   51  16:45:48   -12456.975956       0.3116     0.064567   -16.680623          3
MinModeTranslate:   52  16:45:48   -12456.984153       0.2398     --------   -18.499078          3
MinModeTranslate:   52  16:45:48   -12456.984153       0.2398     0.034581   -18.499078          3
MinModeTranslate:   53  16:45:48   -12456.990467       0.3279     --------   -19.568033          3
MinModeTranslate:   53  16:45:48   -12456.990467       0.3279     0.092619   -19.568033          3
MinModeTranslate:   54  16:45:48   -12456.997698       0.5220     --------   -20.747689          3
MinModeTranslate:   54  16:45:48   -12456.997698       0.5220     0.088714   -20.747689          3
MinModeTranslate:   55  16:45:48   -12457.002782       0.4946     --------   -21.600265          3
MinModeTranslate:   55  16:45:48   -12457.002782       0.4946     0.051159   -21.600265          3
MinModeTranslate:   56  16:45:48   -12457.013996       0.2835     --------   -20.426660          3
MinModeTranslate:   56  16:45:48   -12457.013996       0.2835     0.022496   -20.426660          3
MinModeTranslate:   57  16:45:48   -12457.018096       0.2756     --------   -20.031131          3
MinModeTranslate:   57  16:45:49   -12457.018096       0.2756     0.022620   -20.031131          3
MinModeTranslate:   58  16:45:49   -12457.021465       0.2004     --------   -20.132414          3
MinModeTranslate:   58  16:45:49   -12457.021465       0.2004     0.026168   -20.132414          3
MinModeTranslate:   59  16:45:49   -12457.024707       0.2153     --------   -20.231931          3
MinModeTranslate:   59  16:45:49   -12457.024707       0.2153     0.049181   -20.231931          3
MinModeTranslate:   60  16:45:49   -12457.030431       0.3145     --------   -20.333898          3
MinModeTranslate:   60  16:45:49   -12457.030431       0.3145     0.048829   -20.333898          3
MinModeTranslate:   61  16:45:49   -12457.035775       0.3357     --------   -19.797902          3
MinModeTranslate:   61  16:45:49   -12457.035775       0.3357     0.030900   -19.797902          3
MinModeTranslate:   62  16:45:49   -12457.038451       0.2538     --------   -19.518227          3
MinModeTranslate:   62  16:45:49   -12457.038451       0.2538     0.066195   -19.518227          3
MinModeTranslate:   63  16:45:49   -12457.044215       0.1858     --------   -19.569782          3
MinModeTranslate:   63  16:45:49   -12457.044215       0.1858     0.051528   -19.569782          3
MinModeTranslate:   64  16:45:49   -12457.048803       0.2485     --------   -19.254552          3
MinModeTranslate:   64  16:45:49   -12457.048803       0.2485     0.054012   -19.254552          3
MinModeTranslate:   65  16:45:49   -12457.053387       0.2307     --------   -19.244661          3
MinModeTranslate:   65  16:45:49   -12457.053387       0.2307     0.046260   -19.244661          3
MinModeTranslate:   66  16:45:50   -12457.056523       0.3042     --------   -19.552559          3
MinModeTranslate:   66  16:45:50   -12457.056523       0.3042     0.041743   -19.552559          3
MinModeTranslate:   67  16:45:50   -12457.059453       0.1623     --------   -19.682294          3
MinModeTranslate:   67  16:45:50   -12457.059453       0.1623     0.045339   -19.682294          3
MinModeTranslate:   68  16:45:50   -12457.062583       0.2867     --------   -19.899593          3
MinModeTranslate:   68  16:45:50   -12457.062583       0.2867     0.059264   -19.899593          3
MinModeTranslate:   69  16:45:50   -12457.066824       0.2188     --------   -20.114412          3
MinModeTranslate:   69  16:45:50   -12457.066824       0.2188     0.066225   -20.114412          3
MinModeTranslate:   70  16:45:50   -12457.070900       0.4078     --------   -20.105028          3
MinModeTranslate:   70  16:45:50   -12457.070900       0.4078     0.100000   -20.105028          3
MinModeTranslate:   71  16:45:50   -12457.078131       0.3292     --------   -20.192364          3
MinModeTranslate:   71  16:45:50   -12457.078131       0.3292     0.069673   -20.192364          3
MinModeTranslate:   72  16:45:50   -12457.084854       0.2373     --------   -19.885685          3
MinModeTranslate:   72  16:45:50   -12457.084854       0.2373     0.087084   -19.885685          3
MinModeTranslate:   73  16:45:50   -12457.091178       0.3197     --------   -19.289175          3
MinModeTranslate:   73  16:45:50   -12457.091178       0.3197     0.055998   -19.289175          3
MinModeTranslate:   74  16:45:50   -12457.095159       0.1666     --------   -19.692270          3
MinModeTranslate:   74  16:45:50   -12457.095159       0.1666     0.032839   -19.692270          3
MinModeTranslate:   75  16:45:51   -12457.096945       0.1498     --------   -20.412402          3
MinModeTranslate:   75  16:45:51   -12457.096945       0.1498     0.028282   -20.412402          3
MinModeTranslate:   76  16:45:51   -12457.098738       0.1150     --------   -20.726239          3
MinModeTranslate:   76  16:45:51   -12457.098738       0.1150     0.027630   -20.726239          3
MinModeTranslate:   77  16:45:51   -12457.100388       0.1510     --------   -20.579178          3
MinModeTranslate:   77  16:45:51   -12457.100388       0.1510     0.024990   -20.579178          3
MinModeTranslate:   78  16:45:51   -12457.101651       0.1910     --------   -20.343854          3
MinModeTranslate:   78  16:45:51   -12457.101651       0.1910     0.028165   -20.343854          3
MinModeTranslate:   79  16:45:51   -12457.102884       0.1331     --------   -20.328967          3
MinModeTranslate:   79  16:45:51   -12457.102884       0.1331     0.023236   -20.328967          3
MinModeTranslate:   80  16:45:51   -12457.104036       0.1443     --------   -20.424019          3
MinModeTranslate:   80  16:45:51   -12457.104036       0.1443     0.033056   -20.424019          3
MinModeTranslate:   81  16:45:51   -12457.105699       0.1354     --------   -20.651268          3
MinModeTranslate:   81  16:45:51   -12457.105699       0.1354     0.024880   -20.651268          3
MinModeTranslate:   82  16:45:51   -12457.106691       0.1390     --------   -20.619502          3
MinModeTranslate:   82  16:45:51   -12457.106691       0.1390     0.027025   -20.619502          3
MinModeTranslate:   83  16:45:51   -12457.107697       0.1584     --------   -20.447074          3
MinModeTranslate:   83  16:45:52   -12457.107697       0.1584     0.024546   -20.447074          3
MinModeTranslate:   84  16:45:52   -12457.108743       0.1526     --------   -20.296993          3
MinModeTranslate:   84  16:45:52   -12457.108743       0.1526     0.038379   -20.296993          3
MinModeTranslate:   85  16:45:52   -12457.110175       0.1393     --------   -20.294960          3
MinModeTranslate:   85  16:45:52   -12457.110175       0.1393     0.036905   -20.294960          3
MinModeTranslate:   86  16:45:52   -12457.111391       0.1610     --------   -20.258573          3
MinModeTranslate:   86  16:45:52   -12457.111391       0.1610     0.055466   -20.258573          3
MinModeTranslate:   87  16:45:52   -12457.113575       0.2149     --------   -20.086251          3
MinModeTranslate:   87  16:45:52   -12457.113575       0.2149     0.039717   -20.086251          3
MinModeTranslate:   88  16:45:52   -12457.115111       0.1519     --------   -19.994182          3
MinModeTranslate:   88  16:45:52   -12457.115111       0.1519     0.045884   -19.994182          3
MinModeTranslate:   89  16:45:52   -12457.116708       0.1414     --------   -20.203759          3
MinModeTranslate:   89  16:45:52   -12457.116708       0.1414     0.039380   -20.203759          3
MinModeTranslate:   90  16:45:52   -12457.118204       0.1207     --------   -20.481711          3
MinModeTranslate:   90  16:45:52   -12457.118204       0.1207     0.042192   -20.481711          3
MinModeTranslate:   91  16:45:53   -12457.119650       0.2018     --------   -20.783708          3
MinModeTranslate:   91  16:45:53   -12457.119650       0.2018     0.033410   -20.783708          3
MinModeTranslate:   92  16:45:53   -12457.120673       0.1318     --------   -20.944909          3
MinModeTranslate:   92  16:45:53   -12457.120673       0.1318     0.027830   -20.944909          3
MinModeTranslate:   93  16:45:53   -12457.121753       0.1416     --------   -20.899636          3
MinModeTranslate:   93  16:45:53   -12457.121753       0.1416     0.024122   -20.899636          3
MinModeTranslate:   94  16:45:53   -12457.122523       0.0846     --------   -20.916601          3
MinModeTranslate:   94  16:45:53   -12457.122523       0.0846     0.046991   -20.916601          3
MinModeTranslate:   95  16:45:53   -12457.123790       0.1967     --------   -21.098273          3
MinModeTranslate:   95  16:45:53   -12457.123790       0.1967     0.049287   -21.098273          3
MinModeTranslate:   96  16:45:53   -12457.125524       0.1131     --------   -21.314260          3
MinModeTranslate:   96  16:45:53   -12457.125524       0.1131     0.021942   -21.314260          3
MinModeTranslate:   97  16:45:53   -12457.126417       0.1637     --------   -21.312327          3
MinModeTranslate:   97  16:45:53   -12457.126417       0.1637     0.020769   -21.312327          3
MinModeTranslate:   98  16:45:53   -12457.127280       0.0944     --------   -21.237576          3
MinModeTranslate:   98  16:45:53   -12457.127280       0.0944     0.023035   -21.237576          3
MinModeTranslate:   99  16:45:54   -12457.128495       0.1016     --------   -21.336128          3
MinModeTranslate:   99  16:45:54   -12457.128495       0.1016     0.015136   -21.336128          3
MinModeTranslate:  100  16:45:54   -12457.129152       0.1337     --------   -21.523593          3
MinModeTranslate:  100  16:45:54   -12457.129152       0.1337     0.034491   -21.523593          3
MinModeTranslate:  101  16:45:54   -12457.130132       0.1638     --------   -21.761169          3
MinModeTranslate:  101  16:45:54   -12457.130132       0.1638     0.025373   -21.761169          3
MinModeTranslate:  102  16:45:54   -12457.131047       0.1139     --------   -21.881338          3
MinModeTranslate:  102  16:45:54   -12457.131047       0.1139     0.038819   -21.881338          3
MinModeTranslate:  103  16:45:54   -12457.132976       0.1003     --------   -21.711047          3
MinModeTranslate:  103  16:45:54   -12457.132976       0.1003     0.020344   -21.711047          3
MinModeTranslate:  104  16:45:54   -12457.133695       0.1004     --------   -21.653939          3
MinModeTranslate:  104  16:45:54   -12457.133695       0.1004     0.031710   -21.653939          3
MinModeTranslate:  105  16:45:54   -12457.134690       0.1630     --------   -21.884864          3
MinModeTranslate:  105  16:45:54   -12457.134690       0.1630     0.022857   -21.884864          3
MinModeTranslate:  106  16:45:54   -12457.135684       0.1349     --------   -22.072470          3
MinModeTranslate:  106  16:45:54   -12457.135684       0.1349     0.020930   -22.072470          3
MinModeTranslate:  107  16:45:54   -12457.136459       0.1022     --------   -21.933282          3
MinModeTranslate:  107  16:45:55   -12457.136459       0.1022     0.019981   -21.933282          3
MinModeTranslate:  108  16:45:55   -12457.136974       0.0953     --------   -21.829155          3
MinModeTranslate:  108  16:45:55   -12457.136974       0.0953     0.018361   -21.829155          3
MinModeTranslate:  109  16:45:55   -12457.137567       0.1083     --------   -21.843524          3
MinModeTranslate:  109  16:45:55   -12457.137567       0.1083     0.016090   -21.843524          3
MinModeTranslate:  110  16:45:55   -12457.138197       0.0763     --------   -21.957210          3
MinModeTranslate:  110  16:45:55   -12457.138197       0.0763     0.017418   -21.957210          3
MinModeTranslate:  111  16:45:55   -12457.138668       0.1247     --------   -22.078917          3
MinModeTranslate:  111  16:45:55   -12457.138668       0.1247     0.022364   -22.078917          3
MinModeTranslate:  112  16:45:55   -12457.139204       0.1256     --------   -22.172597          3
MinModeTranslate:  112  16:45:55   -12457.139204       0.1256     0.036848   -22.172597          3
MinModeTranslate:  113  16:45:55   -12457.140406       0.1115     --------   -21.900455          3
MinModeTranslate:  113  16:45:55   -12457.140406       0.1115     0.016973   -21.900455          3
MinModeTranslate:  114  16:45:55   -12457.140894       0.0807     --------   -21.898192          3
MinModeTranslate:  114  16:45:55   -12457.140894       0.0807     0.026220   -21.898192          3
MinModeTranslate:  115  16:45:55   -12457.141384       0.1041     --------   -22.150265          3
MinModeTranslate:  115  16:45:55   -12457.141384       0.1041     0.015608   -22.150265          3
MinModeTranslate:  116  16:45:56   -12457.141810       0.0658     --------   -22.229874          3
MinModeTranslate:  116  16:45:56   -12457.141810       0.0658     0.012764   -22.229874          3
MinModeTranslate:  117  16:45:56   -12457.142143       0.1044     --------   -22.069048          3
MinModeTranslate:  117  16:45:56   -12457.142143       0.1044     0.015587   -22.069048          3
MinModeTranslate:  118  16:45:56   -12457.142475       0.0669     --------   -21.948879          3
MinModeTranslate:  118  16:45:56   -12457.142475       0.0669     0.012246   -21.948879          3
MinModeTranslate:  119  16:45:56   -12457.142693       0.0596     --------   -21.970161          3
MinModeTranslate:  119  16:45:56   -12457.142693       0.0596     0.012864   -21.970161          3
MinModeTranslate:  120  16:45:56   -12457.142967       0.0485     --------   -22.124275          3
MinModeTranslate:  120  16:45:56   -12457.142967       0.0485     0.010685   -22.124275          3
MinModeTranslate:  121  16:45:56   -12457.143192       0.0645     --------   -22.140475          3
MinModeTranslate:  121  16:45:56   -12457.143192       0.0645     0.013388   -22.140475          3
MinModeTranslate:  122  16:45:56   -12457.143425       0.0670     --------   -22.083403          3
MinModeTranslate:  122  16:45:56   -12457.143425       0.0670     0.014847   -22.083403          3
MinModeTranslate:  123  16:45:56   -12457.143673       0.0640     --------   -22.027844          3
MinModeTranslate:  123  16:45:56   -12457.143673       0.0640     0.014734   -22.027844          3
MinModeTranslate:  124  16:45:56   -12457.143950       0.0766     --------   -22.074639          3
MinModeTranslate:  124  16:45:56   -12457.143950       0.0766     0.016979   -22.074639          3
MinModeTranslate:  125  16:45:57   -12457.144257       0.0577     --------   -22.074896          3
MinModeTranslate:  125  16:45:57   -12457.144257       0.0577     0.012411   -22.074896          3
MinModeTranslate:  126  16:45:57   -12457.144416       0.0436     --------   -22.069153          3
MinModeTranslate:  126  16:45:57   -12457.144416       0.0436     0.012680   -22.069153          3
MinModeTranslate:  127  16:45:57   -12457.144606       0.0635     --------   -22.011804          3
MinModeTranslate:  127  16:45:57   -12457.144606       0.0635     0.012502   -22.011804          3
MinModeTranslate:  128  16:45:57   -12457.144827       0.0426     --------   -21.995170          3
MinModeTranslate:  128  16:45:57   -12457.144827       0.0426     0.007721   -21.995170          3
MinModeTranslate:  129  16:45:57   -12457.144943       0.0425     --------   -22.024846          3
MinModeTranslate:  129  16:45:57   -12457.144943       0.0425     0.011922   -22.024846          3
MinModeTranslate:  130  16:45:57   -12457.145077       0.0530     --------   -22.167509          3
MinModeTranslate:  130  16:45:57   -12457.145077       0.0530     0.008043   -22.167509          3
MinModeTranslate:  131  16:45:57   -12457.145191       0.0358     --------   -22.162756          3
MinModeTranslate:  131  16:45:57   -12457.145191       0.0358     0.011289   -22.162756          3
MinModeTranslate:  132  16:45:57   -12457.145345       0.0370     --------   -22.058865          3
MinModeTranslate:  132  16:45:57   -12457.145345       0.0370     0.006225   -22.058865          3
MinModeTranslate:  133  16:45:57   -12457.145411       0.0347     --------   -22.044992          2
MinModeTranslate:  133  16:45:57   -12457.145411       0.0347     0.011753   -22.044992          2
MinModeTranslate:  134  16:45:58   -12457.145545       0.0451     --------   -22.113249          2
MinModeTranslate:  134  16:45:58   -12457.145545       0.0451     0.009730   -22.113249          2
MinModeTranslate:  135  16:45:58   -12457.145667       0.0566     --------   -22.158321          3
MinModeTranslate:  135  16:45:58   -12457.145667       0.0566     0.012353   -22.158321          3
MinModeTranslate:  136  16:45:58   -12457.145814       0.0460     --------   -22.241771          2
MinModeTranslate:  136  16:45:58   -12457.145814       0.0460     0.008780   -22.241771          2
MinModeTranslate:  137  16:45:58   -12457.145883       0.0322     --------   -22.204404          3
MinModeTranslate:  137  16:45:58   -12457.145883       0.0322     0.009547   -22.204404          3
MinModeTranslate:  138  16:45:58   -12457.145983       0.0287     --------   -22.159928          3
MinModeTranslate:  138  16:45:58   -12457.145983       0.0287     0.007755   -22.159928          3
MinModeTranslate:  139  16:45:58   -12457.146065       0.0368     --------   -22.182123          2
MinModeTranslate:  139  16:45:58   -12457.146065       0.0368     0.009257   -22.182123          2
MinModeTranslate:  140  16:45:58   -12457.146160       0.0280     --------   -22.232683          3
MinModeTranslate:  140  16:45:58   -12457.146160       0.0280     0.006812   -22.232683          3
MinModeTranslate:  141  16:45:58   -12457.146209       0.0324     --------   -22.212562          2
MinModeTranslate:  141  16:45:58   -12457.146209       0.0324     0.011039   -22.212562          2
MinModeTranslate:  142  16:45:58   -12457.146310       0.0341     --------   -22.209319          3
MinModeTranslate:  142  16:45:58   -12457.146310       0.0341     0.009628   -22.209319          3
MinModeTranslate:  143  16:45:58   -12457.146421       0.0243     --------   -22.209227          2
MinModeTranslate:  143  16:45:58   -12457.146421       0.0243     0.007730   -22.209227          2
MinModeTranslate:  144  16:45:59   -12457.146465       0.0357     --------   -22.286289          3
MinModeTranslate:  144  16:45:59   -12457.146465       0.0357     0.008740   -22.286289          3
MinModeTranslate:  145  16:45:59   -12457.146520       0.0289     --------   -22.338242          3
MinModeTranslate:  145  16:45:59   -12457.146520       0.0289     0.011017   -22.338242          3
MinModeTranslate:  146  16:45:59   -12457.146643       0.0352     --------   -22.302656          3
MinModeTranslate:  146  16:45:59   -12457.146643       0.0352     0.011254   -22.302656          3
MinModeTranslate:  147  16:45:59   -12457.146754       0.0350     --------   -22.226435          3
MinModeTranslate:  147  16:45:59   -12457.146754       0.0350     0.024540   -22.226435          3
MinModeTranslate:  148  16:45:59   -12457.146886       0.0744     --------   -22.263882          3
MinModeTranslate:  148  16:45:59   -12457.146886       0.0744     0.029647   -22.263882          3
MinModeTranslate:  149  16:45:59   -12457.147160       0.0659     --------   -22.319248          3
MinModeTranslate:  149  16:45:59   -12457.147160       0.0659     0.028686   -22.319248          3
MinModeTranslate:  150  16:45:59   -12457.147450       0.0701     --------   -22.438159          3
MinModeTranslate:  150  16:45:59   -12457.147450       0.0701     0.026627   -22.438159          3
MinModeTranslate:  151  16:45:59   -12457.147572       0.0683     --------   -22.469955          3
MinModeTranslate:  151  16:45:59   -12457.147572       0.0683     0.052102   -22.469955          3
MinModeTranslate:  152  16:45:59   -12457.147985       0.0856     --------   -22.391781          3
MinModeTranslate:  152  16:45:59   -12457.147985       0.0856     0.034846   -22.391781          3
MinModeTranslate:  153  16:46:00   -12457.148378       0.0666     --------   -22.286103          3
MinModeTranslate:  153  16:46:00   -12457.148378       0.0666     0.032135   -22.286103          3
MinModeTranslate:  154  16:46:00   -12457.148595       0.0773     --------   -22.354048          3
MinModeTranslate:  154  16:46:00   -12457.148595       0.0773     0.067305   -22.354048          3
MinModeTranslate:  155  16:46:00   -12457.148969       0.0836     --------   -22.520209          3
MinModeTranslate:  155  16:46:00   -12457.148969       0.0836     0.040207   -22.520209          3
MinModeTranslate:  156  16:46:00   -12457.149374       0.0491     --------   -22.581133          3
MinModeTranslate:  156  16:46:00   -12457.149374       0.0491     0.030492   -22.581133          3
MinModeTranslate:  157  16:46:00   -12457.149701       0.0555     --------   -22.398388          3
MinModeTranslate:  157  16:46:00   -12457.149701       0.0555     0.016737   -22.398388          3
MinModeTranslate:  158  16:46:00   -12457.149871       0.0701     --------   -22.382015          3
MinModeTranslate:  158  16:46:00   -12457.149871       0.0701     0.028661   -22.382015          3
MinModeTranslate:  159  16:46:00   -12457.150268       0.0638     --------   -22.570770          3
MinModeTranslate:  159  16:46:00   -12457.150268       0.0638     0.020404   -22.570770          3
MinModeTranslate:  160  16:46:00   -12457.150496       0.0718     --------   -22.811813          3
