MINMODE:METHOD: Dimer
DIM:CONTROL: Search Parameters:
DIM:CONTROL: ------------------
DIM:CONTROL: eigenmode_method = dimer
DIM:CONTROL: f_rot_min = 0.01
DIM:CONTROL: f_rot_max = 0.1
DIM:CONTROL: max_num_rot = 3
DIM:CONTROL: trial_angle = 0.7853981633974483
DIM:CONTROL: trial_trans_step = 0.001
DIM:CONTROL: maximum_translation = 0.1
DIM:CONTROL: cg_translation = True
DIM:CONTROL: use_central_forces = True
DIM:CONTROL: dimer_separation = 0.005
DIM:CONTROL: initial_eigenmode_method = gauss
DIM:CONTROL: extrapolate_forces = True
DIM:CONTROL: displacement_method = gauss
DIM:CONTROL: gauss_std = 0.1
DIM:CONTROL: order = 1
DIM:CONTROL: mask = None
DIM:CONTROL: displacement_center = None
DIM:CONTROL: displacement_radius = None
DIM:CONTROL: number_of_displacement_atoms = None
DIM:CONTROL: ------------------
DIM:ROT: OPT-STEP ROT-STEP CURVATURE ROT-ANGLE ROT-FORCE
DIM:ROT:       0         1    4.8465   15.6457    9.4897
DIM:ROT:       0         2    3.6329    7.9798    8.5689
DIM:ROT:       0         3    3.0582    4.3149    7.5832
DIM:ROT:       1         1    3.0820    4.1911    7.8882
DIM:ROT:       1         2    2.5943    4.9103    5.5413
DIM:ROT:       1         3    2.2069    3.2465    7.0045
DIM:ROT:       2         1    1.1924    3.2926    5.8086
DIM:ROT:       2         2    0.9307    2.7491    5.3376
DIM:ROT:       2         3    0.7322    2.4629    4.7635
DIM:ROT:       3         1   -1.3968    4.0736    7.1214
DIM:ROT:       3         2   -1.8372    3.7799    6.4998
DIM:ROT:       3         3   -2.2775    3.5049    7.0475
DIM:ROT:       4         1   -3.3716    5.1335    8.5514
DIM:ROT:       4         2   -4.1657    4.6257    9.6102
DIM:ROT:       4         3   -4.9483    4.9724    9.0234
DIM:ROT:       5         1   -1.0334    2.2540    7.3926
DIM:ROT:       5         2   -1.1343    2.1952    2.7857
DIM:ROT:       5         3   -1.2096    1.2272    3.3842
DIM:ROT:       6         1    2.5642   12.6197    7.7151
DIM:ROT:       6         2    1.6227    4.3407   11.9695
DIM:ROT:       6         3    1.3150    3.7250    5.0278
DIM:ROT:       7         1    0.2183    2.1980    6.0525
DIM:ROT:       7         2    0.1079    2.1431    2.9635
DIM:ROT:       7         3    0.0101    1.4360    3.6790
DIM:ROT:       8         1    0.3084    3.1625    4.6141
DIM:ROT:       8         2    0.1071    2.3045    4.8822
DIM:ROT:       8         3   -0.0659    2.4456    4.1201
DIM:ROT:       9         1   -0.7885    2.9501    5.3118
DIM:ROT:       9         2   -1.0046    2.4663    4.9419
DIM:ROT:       9         3   -1.2305    2.5727    4.8872
DIM:ROT:      10         1    0.7153    2.5245    5.7149
DIM:ROT:      10         2    0.5605    2.1638    4.0375
DIM:ROT:      10         3    0.4407    1.8121    3.9384
DIM:ROT:      11         1   -3.6024   10.3216    5.9796
DIM:ROT:      11         2   -4.3548    3.9994   10.4242
DIM:ROT:      11         3   -4.8285    3.9985    6.7010
DIM:ROT:      12         1   -2.6285    3.7019    8.7900
DIM:ROT:      12         2   -3.1606    4.2297    6.9995
DIM:ROT:      12         3   -3.6518    3.4670    8.1399
DIM:ROT:      13         1   -0.6775    3.6335    7.0759
DIM:ROT:      13         2   -1.0304    2.9492    6.7668
DIM:ROT:      13         3   -1.3880    3.1697    6.2342
DIM:ROT:      14         1   -1.0563    3.5701    6.8022
DIM:ROT:      14         2   -1.3603    3.2897    5.2311
DIM:ROT:      14         3   -1.6181    2.7926    5.4300
DIM:ROT:      15         1   -5.2170    2.4845    6.6300
DIM:ROT:      15         2   -5.3761    1.8807    4.9185
DIM:ROT:      15         3   -5.5208    1.8069    4.4753
DIM:ROT:      16         1  -12.7756    9.0166    7.8774
DIM:ROT:      16         2  -13.4920    3.9409    9.9154
DIM:ROT:      16         3  -13.8153    3.6821    5.1983
DIM:ROT:      17         1  -26.4668    8.8899   13.0134
DIM:ROT:      17         2  -27.6915    4.2961   16.1735
DIM:ROT:      17         3  -28.4806    5.3227    8.2066
DIM:ROT:      18         1  -28.3343    4.4122   10.6590
DIM:ROT:      18         2  -28.7220    3.2852    6.4479
DIM:ROT:      18         3  -28.9003    2.0727    4.9566
DIM:ROT:      19         1  -21.8318    5.4943    9.5884
DIM:ROT:      19         2  -22.1503    2.0028    8.8164
DIM:ROT:      19         3  -22.3239    2.2167    4.3311
DIM:ROT:      20         1  -21.6628    4.2318    7.8182
DIM:ROT:      20         2  -22.0106    2.2791    8.6102
DIM:ROT:      20         3  -22.2181    2.5688    4.7291
DIM:ROT:      21         1  -22.5621    1.7284    4.2095
DIM:ROT:      21         2  -22.6410    1.4015    3.0888
DIM:ROT:      21         3  -22.6928    1.0715    2.5947
DIM:ROT:      22         1  -25.5006    2.1646    3.7803
DIM:ROT:      22         2  -25.5444    0.8670    2.6977
DIM:ROT:      22         3  -25.5657    0.7399    1.5267
DIM:ROT:      23         1  -24.2867    2.6636    4.0874
DIM:ROT:      23         2  -24.3402    0.9819    2.5876
DIM:ROT:      23         3  -24.3594    0.6722    1.5135
DIM:ROT:      24         1  -23.9624    2.2242    3.5007
DIM:ROT:      24         2  -23.9998    0.7511    2.6625
DIM:ROT:      24         3  -24.0163    0.6533    1.4107
DIM:ROT:      25         1  -23.0804    3.3403    3.6727
DIM:ROT:      25         2  -23.1132    0.7724    1.8730
DIM:ROT:      25         3  -23.1252    0.4840    1.1717
DIM:ROT:      26         1  -20.8631    1.9677    1.8544
DIM:ROT:      26         2  -20.8857    0.5186    1.5462
DIM:ROT:      26         3  -20.8933    0.3812    0.9072
DIM:ROT:      27         1  -17.6556    1.2219    1.5942
DIM:ROT:      27         2  -17.6737    0.5357    1.4774
DIM:ROT:      27         3  -17.6838    0.5002    0.9096
DIM:ROT:      28         1  -13.6400    2.7871    3.4527
DIM:ROT:      28         2  -13.6958    1.4722    2.0424
DIM:ROT:      28         3  -13.7237    0.9802    1.2466
DIM:ROT:      29         1  -11.0087    2.6043    2.5618
DIM:ROT:      29         2  -11.0409    0.7999    1.8842
DIM:ROT:      29         3  -11.0535    0.5226    1.1940
DIM:ROT:      30         1   -9.8356    1.3126    1.8901
DIM:ROT:      30         2   -9.8578    0.5739    1.9604
DIM:ROT:      30         3   -9.8720    0.7224    1.0297
DIM:ROT:      31         1   -9.0217    1.3274    2.1983
DIM:ROT:      31         2   -9.0504    0.7308    2.0731
DIM:ROT:      31         3   -9.0664    0.7500    1.1872
DIM:ROT:      32         1   -6.9392    4.4448    4.1425
DIM:ROT:      32         2   -7.0109    1.0451    3.9438
DIM:ROT:      32         3   -7.0527    1.5615    1.4322
DIM:ROT:      33         1   -6.2432    1.3601    2.9420
DIM:ROT:      33         2   -6.2826    0.9719    2.2706
DIM:ROT:      33         3   -6.3067    0.8313    1.6931
DIM:ROT:      34         1   -6.2630    0.8674    1.9412
DIM:ROT:      34         2   -6.2812    0.6420    1.5984
DIM:ROT:      34         3   -6.2957    0.6081    1.3021
DIM:ROT:      35         1   -6.2253    0.8035    1.5200
DIM:ROT:      35         2   -6.2393    0.5595    1.3656
DIM:ROT:      35         3   -6.2495    0.5555    1.0369
DIM:ROT:      36         1   -5.0306    1.6180    2.1891
DIM:ROT:      36         2   -5.0639    0.7909    2.4912
DIM:ROT:      36         3   -5.0926    1.0731    1.4590
DIM:ROT:      37         1   -4.4666    1.1420    2.3432
DIM:ROT:      37         2   -4.5026    0.9606    2.1338
DIM:ROT:      37         3   -4.5301    0.9039    1.7939
DIM:ROT:      38         1   -3.9780    1.5557    2.4186
DIM:ROT:      38         2   -4.0200    0.9301    2.7128
DIM:ROT:      38         3   -4.0583    1.1981    1.7642
DIM:ROT:      39         1   -3.9902    0.9514    2.3736
DIM:ROT:      39         2   -4.0225    1.0134    1.8092
DIM:ROT:      39         3   -4.0474    0.7792    1.9028
DIM:ROT:      40         1   -3.9633    1.0229    1.6869
DIM:ROT:      40         2   -3.9872    0.7104    1.9672
DIM:ROT:      40         3   -4.0101    0.8820    1.4347
DIM:ROT:      41         1   -3.7378    1.0743    1.8652
DIM:ROT:      41         2   -3.7662    0.8197    1.9799
DIM:ROT:      41         3   -3.7895    0.8975    1.5265
DIM:ROT:      42         1   -3.4976    1.0295    2.1371
DIM:ROT:      42         2   -3.5266    0.8618    1.9692
DIM:ROT:      42         3   -3.5538    0.8644    1.7464
DIM:ROT:      43         1   -3.5319    0.9774    1.8459
DIM:ROT:      43         2   -3.5576    0.8053    1.8313
DIM:ROT:      43         3   -3.5785    0.8169    1.5073
DIM:ROT:      44         1   -3.5528    0.9621    1.8958
DIM:ROT:      44         2   -3.5746    0.7267    1.7729
DIM:ROT:      44         3   -3.5946    0.7669    1.4500
DIM:ROT:      45         1   -3.5315    0.9803    1.6411
DIM:ROT:      45         2   -3.5533    0.7102    1.7620
DIM:ROT:      45         3   -3.5710    0.7985    1.3044
DIM:ROT:      46         1   -3.5323    0.6890    1.6505
DIM:ROT:      46         2   -3.5476    0.6731    1.3132
DIM:ROT:      46         3   -3.5623    0.5896    1.3694
DIM:ROT:      47         1   -3.4923    0.8108    1.2573
DIM:ROT:      47         2   -3.5064    0.5664    1.4208
DIM:ROT:      47         3   -3.5184    0.6761    1.0354
DIM:ROT:      48         1   -2.9962    0.7853    1.6810
DIM:ROT:      48         2   -3.0129    0.6657    1.4166
DIM:ROT:      48         3   -3.0287    0.6486    1.3432
DIM:ROT:      49         1   -2.2470    2.1099    1.8977
DIM:ROT:      49         2   -2.2933    0.9799    2.7452
DIM:ROT:      49         3   -2.3313    1.4387    1.5361
DIM:ROT:      50         1   -1.9234    1.1307    2.7822
DIM:ROT:      50         2   -1.9662    1.1790    2.0947
DIM:ROT:      50         3   -2.0066    0.9689    2.3211
DIM:ROT:      51         1   -1.9605    1.3149    1.9972
DIM:ROT:      51         2   -2.0011    0.9668    2.3816
DIM:ROT:      51         3   -2.0352    1.1413    1.7453
DIM:ROT:      52         1   -2.0801    1.0049    2.3541
DIM:ROT:      52         2   -2.1139    1.0095    1.9202
DIM:ROT:      52         3   -2.1458    0.8753    2.0219
DIM:ROT:      53         1   -2.1560    1.1483    1.8054
DIM:ROT:      53         2   -2.1890    0.8845    2.1211
DIM:ROT:      53         3   -2.2167    1.0162    1.5928
DIM:ROT:      54         1   -2.1797    0.8616    2.0076
DIM:ROT:      54         2   -2.2045    0.8803    1.6278
DIM:ROT:      54         3   -2.2280    0.7554    1.7392
DIM:ROT:      55         1   -2.1764    0.6975    1.3681
DIM:ROT:      55         2   -2.1910    0.6349    1.3067
DIM:ROT:      55         3   -2.2033    0.6094    1.1860
DIM:ROT:      56         1   -2.1035    0.4664    1.1868
DIM:ROT:      56         2   -2.1115    0.5131    0.8877
DIM:ROT:      56         3   -2.1191    0.4095    1.0276
DIM:ROT:      57         1   -2.0791    0.7120    0.9438
DIM:ROT:      57         2   -2.0869    0.4195    1.0512
DIM:ROT:      57         3   -2.0929    0.4782    0.7339
DIM:ROT:      58         1   -2.1313    0.4906    1.0856
DIM:ROT:      58         2   -2.1377    0.4174    0.8823
DIM:ROT:      58         3   -2.1433    0.3840    0.8208
DIM:ROT:      59         1   -2.2278    0.5680    0.8478
DIM:ROT:      59         2   -2.2345    0.3829    0.9967
DIM:ROT:      59         3   -2.2396    0.4509    0.6727
DIM:ROT:      60         1   -2.3324    0.4308    0.9883
DIM:ROT:      60         2   -2.3377    0.3838    0.8137
DIM:ROT:      60         3   -2.3424    0.3428    0.7704
DIM:ROT:      61         1   -2.4171    0.5954    0.8765
DIM:ROT:      61         2   -2.4227    0.3517    0.9302
DIM:ROT:      61         3   -2.4269    0.3968    0.6127
DIM:ROT:      62         1   -2.5446    0.5787    1.0420
DIM:ROT:      62         2   -2.5503    0.3639    0.9813
DIM:ROT:      62         3   -2.5552    0.4063    0.6876
DIM:ROT:      63         1   -2.6596    0.5153    0.9169
DIM:ROT:      63         2   -2.6655    0.3840    0.9212
DIM:ROT:      63         3   -2.6701    0.4037    0.6962
DIM:ROT:      64         1   -2.7317    0.4126    0.8648
DIM:ROT:      64         2   -2.7364    0.3563    0.7854
DIM:ROT:      64         3   -2.7408    0.3477    0.7151
DIM:ROT:      65         1   -2.7317    0.4917    0.8284
DIM:ROT:      65         2   -2.7366    0.3377    0.8538
DIM:ROT:      65         3   -2.7405    0.3766    0.6109
DIM:ROT:      66         1   -2.7404    0.3726    0.7982
DIM:ROT:      66         2   -2.7440    0.3076    0.6947
DIM:ROT:      66         3   -2.7472    0.2974    0.6134
DIM:ROT:      67         1   -2.7809    0.4897    0.7530
DIM:ROT:      67         2   -2.7848    0.3033    0.7982
DIM:ROT:      67         3   -2.7881    0.3600    0.5378
DIM:ROT:      68         1   -2.8584    0.4477    0.8661
DIM:ROT:      68         2   -2.8625    0.3196    0.7758
DIM:ROT:      68         3   -2.8663    0.3399    0.6252
DIM:ROT:      69         1   -2.8717    0.3033    0.6810
DIM:ROT:      69         2   -2.8748    0.3111    0.5810
DIM:ROT:      69         3   -2.8774    0.2649    0.5864
DIM:ROT:      70         1   -2.8440    0.3465    0.5701
DIM:ROT:      70         2   -2.8462    0.2201    0.5942
DIM:ROT:      70         3   -2.8483    0.2739    0.4247
DIM:ROT:      71         1   -2.8197    0.2883    0.6378
DIM:ROT:      71         2   -2.8215    0.2091    0.4623
DIM:ROT:      71         3   -2.8227    0.1914    0.3830
DIM:ROT:      72         1   -2.7925    0.2833    0.4897
DIM:ROT:      72         2   -2.7939    0.1717    0.4413
DIM:ROT:      72         3   -2.7951    0.1924    0.3369
DIM:ROT:      73         1   -2.7888    0.2759    0.4926
DIM:ROT:      73         2   -2.7902    0.1844    0.4515
DIM:ROT:      73         3   -2.7913    0.1938    0.3330
DIM:ROT:      74         1   -2.8092    0.5083    0.7401
DIM:ROT:      74         2   -2.8116    0.2216    0.5903
DIM:ROT:      74         3   -2.8134    0.2387    0.4076
DIM:ROT:      75         1   -2.8263    0.4376    0.6892
DIM:ROT:      75         2   -2.8295    0.2517    0.6523
DIM:ROT:      75         3   -2.8315    0.2721    0.4328
DIM:ROT:      76         1   -2.8129    0.3527    0.6052
DIM:ROT:      76         2   -2.8154    0.2305    0.6123
DIM:ROT:      76         3   -2.8176    0.2620    0.4344
DIM:ROT:      77         1   -2.7633    0.3410    0.6588
DIM:ROT:      77         2   -2.7661    0.2493    0.5917
DIM:ROT:      77         3   -2.7680    0.2456    0.4574
DIM:ROT:      78         1   -2.7402    0.6347    0.7920
DIM:ROT:      78         2   -2.7440    0.2661    0.8143
DIM:ROT:      78         3   -2.7471    0.3734    0.4589
DIM:ROT:      79         1   -2.7409    0.3731    0.8420
DIM:ROT:      79         2   -2.7444    0.2991    0.6452
DIM:ROT:      79         3   -2.7469    0.2610    0.5442
DIM:ROT:      80         1   -2.7202    0.4054    0.6017
DIM:ROT:      80         2   -2.7229    0.2325    0.6579
DIM:ROT:      80         3   -2.7253    0.2953    0.4370
DIM:ROT:      81         1   -2.7224    0.2734    0.6261
DIM:ROT:      81         2   -2.7248    0.2569    0.5042
DIM:ROT:      81         3   -2.7266    0.2161    0.4782
DIM:ROT:      82         1   -2.7630    0.4706    0.5343
DIM:ROT:      82         2   -2.7660    0.2340    0.7037
DIM:ROT:      82         3   -2.7685    0.3312    0.4124
DIM:ROT:      83         1   -2.8411    0.4125    0.8206
DIM:ROT:      83         2   -2.8446    0.2970    0.6960
DIM:ROT:      83         3   -2.8473    0.2958    0.5368
DIM:ROT:      84         1   -2.8712    0.3426    0.6097
DIM:ROT:      84         2   -2.8739    0.2521    0.6272
DIM:ROT:      84         3   -2.8765    0.2891    0.5003
DIM:ROT:      85         1   -2.8946    0.3395    0.6529
DIM:ROT:      85         2   -2.8976    0.2742    0.6107
DIM:ROT:      85         3   -2.9000    0.2789    0.5162
DIM:ROT:      86         1   -2.7928    0.4171    0.7157
DIM:ROT:      86         2   -2.7963    0.2793    0.7206
DIM:ROT:      86         3   -2.7997    0.3359    0.5501
DIM:ROT:      87         1   -2.7024    0.4206    0.7379
DIM:ROT:      87         2   -2.7068    0.3272    0.7671
DIM:ROT:      87         3   -2.7106    0.3579    0.6119
DIM:ROT:      88         1   -2.6341    0.4703    0.8701
DIM:ROT:      88         2   -2.6395    0.3617    0.8603
DIM:ROT:      88         3   -2.6446    0.3997    0.7157
DIM:ROT:      89         1   -2.6345    0.6736    0.9121
DIM:ROT:      89         2   -2.6424    0.4160    1.0872
DIM:ROT:      89         3   -2.6490    0.5275    0.7337
DIM:ROT:      90         1   -2.6650    0.4307    1.0798
DIM:ROT:      90         2   -2.6717    0.4855    0.7961
DIM:ROT:      90         3   -2.6782    0.3814    0.9427
DIM:ROT:      91         1   -2.7425    0.9745    0.8056
DIM:ROT:      91         2   -2.7529    0.4326    1.3252
DIM:ROT:      91         3   -2.7607    0.6887    0.6638
DIM:ROT:      92         1   -2.7957    0.3887    1.1671
DIM:ROT:      92         2   -2.8023    0.5777    0.6517
DIM:ROT:      92         3   -2.8086    0.3405    1.0092
DIM:ROT:      93         1   -2.8917    0.9928    0.7102
DIM:ROT:      93         2   -2.8967    0.3385    0.9587
DIM:ROT:      93         3   -2.9006    0.4146    0.5457
DIM:ROT:      94         1   -2.9610    0.3721    0.9311
DIM:ROT:      94         2   -2.9647    0.3372    0.6517
DIM:ROT:      94         3   -2.9677    0.2744    0.6436
DIM:ROT:      95         1   -3.0018    0.6870    0.6525
DIM:ROT:      95         2   -3.0044    0.2582    0.7784
DIM:ROT:      95         3   -3.0072    0.3839    0.4065
DIM:ROT:      96         1   -2.9448    0.2744    0.8115
DIM:ROT:      96         2   -2.9470    0.2749    0.4310
DIM:ROT:      96         3   -2.9487    0.1783    0.4790
DIM:ROT:      97         1   -2.8228    0.6169    0.4832
DIM:ROT:      97         2   -2.8247    0.2590    0.3736
DIM:ROT:      97         3   -2.8258    0.1518    0.3986
DIM:ROT:      98         1   -2.6773    0.3582    0.5199
DIM:ROT:      98         2   -2.6789    0.1789    0.5168
DIM:ROT:      98         3   -2.6803    0.2384    0.3261
DIM:ROT:      99         1   -2.5778    0.3509    0.5172
DIM:ROT:      99         2   -2.5799    0.2108    0.5663
DIM:ROT:      99         3   -2.5817    0.2673    0.3665
DIM:ROT:     100         1   -2.4939    0.3169    0.6217
DIM:ROT:     100         2   -2.4962    0.2312    0.5570
DIM:ROT:     100         3   -2.4983    0.2443    0.4478
DIM:ROT:     101         1   -2.4719    0.3689    0.5810
DIM:ROT:     101         2   -2.4746    0.2418    0.6163
DIM:ROT:     101         3   -2.4769    0.2874    0.4351
DIM:ROT:     102         1   -2.4578    0.2852    0.5629
DIM:ROT:     102         2   -2.4600    0.2282    0.5258
DIM:ROT:     102         3   -2.4620    0.2392    0.4538
DIM:ROT:     103         1   -2.3763    0.5049    0.7332
DIM:ROT:     103         2   -2.3800    0.2692    0.7486
DIM:ROT:     103         3   -2.3829    0.3499    0.4532
DIM:ROT:     104         1   -2.2895    0.3643    0.6802
DIM:ROT:     104         2   -2.2925    0.2504    0.6344
DIM:ROT:     104         3   -2.2950    0.2752    0.4804
DIM:ROT:     105         1   -2.2424    0.3022    0.6244
DIM:ROT:     105         2   -2.2450    0.2616    0.5573
DIM:ROT:     105         3   -2.2472    0.2433    0.4837
DIM:ROT:     106         1   -2.1996    0.4669    0.5259
DIM:ROT:     106         2   -2.2021    0.2054    0.6490
DIM:ROT:     106         3   -2.2042    0.3119    0.3538
DIM:ROT:     107         1   -2.1891    0.2983    0.7169
DIM:ROT:     107         2   -2.1917    0.2598    0.5128
DIM:ROT:     107         3   -2.1934    0.2062    0.4602
DIM:ROT:     108         1   -2.2048    0.4837    0.4349
DIM:ROT:     108         2   -2.2067    0.1750    0.5719
DIM:ROT:     108         3   -2.2083    0.2980    0.2850
DIM:ROT:     109         1   -2.2332    0.2014    0.5753
DIM:ROT:     109         2   -2.2346    0.2293    0.3316
DIM:ROT:     109         3   -2.2357    0.1492    0.3955
DIM:ROT:     110         1   -2.2588    0.6027    0.3062
DIM:ROT:     110         2   -2.2602    0.1585    0.5126
DIM:ROT:     110         3   -2.2612    0.2031    0.2476
DIM:ROT:     111         1   -2.2835    0.1524    0.4108
DIM:ROT:     111         2   -2.2844    0.1871    0.2793
DIM:ROT:     111         3   -2.2853    0.1288    0.3392
DIM:ROT:     112         1   -2.3101    0.6488    0.3209
DIM:ROT:     112         2   -2.3115    0.1978    0.4465
DIM:ROT:     112         3   -2.3123    0.1409    0.3181
DIM:ROT:     113         1   -2.3222    0.1761    0.3299
DIM:ROT:     113         2   -2.3231    0.1485    0.3249
DIM:ROT:     113         3   -2.3238    0.1503    0.2818
DIM:ROT:     114         1   -2.3187    0.4566    0.4014
DIM:ROT:     114         2   -2.3203    0.1909    0.5279
DIM:ROT:     114         3   -2.3217    0.2078    0.3263
DIM:ROT:     115         1   -2.3096    0.2330    0.4931
DIM:ROT:     115         2   -2.3113    0.2170    0.4432
DIM:ROT:     115         3   -2.3127    0.1981    0.4090
DIM:ROT:     116         1   -2.2969    0.4373    0.4279
DIM:ROT:     116         2   -2.2992    0.2088    0.6662
DIM:ROT:     116         3   -2.3015    0.3445    0.3552
DIM:ROT:     117         1   -2.2831    0.2712    0.7276
DIM:ROT:     117         2   -2.2858    0.3077    0.4756
DIM:ROT:     117         3   -2.2879    0.2205    0.5651
DIM:ROT:     118         1   -2.2920    0.8477    0.5160
DIM:ROT:     118         2   -2.2964    0.2856    0.9737
DIM:ROT:     118         3   -2.3002    0.4731    0.4291
DIM:ROT:     119         1   -2.3079    0.2697    0.8045
DIM:ROT:     119         2   -2.3112    0.3976    0.4698
DIM:ROT:     119         3   -2.3138    0.2332    0.6835
DIM:ROT:     120         1   -2.3289    1.1477    0.5453
DIM:ROT:     120         2   -2.3338    0.3186    1.0228
DIM:ROT:     120         3   -2.3375    0.3922    0.4969
DIM:ROT:     121         1   -2.3363    0.2820    0.7786
DIM:ROT:     121         2   -2.3392    0.3298    0.4883
DIM:ROT:     121         3   -2.3415    0.2286    0.5986
DIM:ROT:     122         1   -2.3336    0.6688    0.4531
DIM:ROT:     122         2   -2.3372    0.2527    0.8277
DIM:ROT:     122         3   -2.3399    0.3641    0.3961
DIM:ROT:     123         1   -2.3326    0.2501    0.7268
DIM:ROT:     123         2   -2.3353    0.3405    0.4412
DIM:ROT:     123         3   -2.3374    0.2106    0.5961
DIM:ROT:     124         1   -2.3438    1.1346    0.5108
DIM:ROT:     124         2   -2.3496    0.5374    0.5919
DIM:ROT:     124         3   -2.3514    0.2037    0.5560
DIM:ROT:     125         1   -2.3641    0.4485    0.4246
DIM:ROT:     125         2   -2.3660    0.2058    0.4959
DIM:ROT:     125         3   -2.3674    0.2040    0.3620
DIM:ROT:     126         1   -2.3764    0.1930    0.5299
DIM:ROT:     126         2   -2.3780    0.2374    0.3614
DIM:ROT:     126         3   -2.3792    0.1648    0.4408
DIM:ROT:     127         1   -2.4022    0.8352    0.4865
DIM:ROT:     127         2   -2.4055    0.2898    0.5698
DIM:ROT:     127         3   -2.4070    0.1921    0.4455
DIM:ROT:     128         1   -2.4465    0.6927    0.5423
DIM:ROT:     128         2   -2.4491    0.2201    0.6458
DIM:ROT:     128         3   -2.4509    0.2779    0.3686
DIM:ROT:     129         1   -2.4611    0.1732    0.4459
DIM:ROT:     129         2   -2.4621    0.1923    0.3047
DIM:ROT:     129         3   -2.4631    0.1471    0.3672
DIM:ROT:     130         1   -2.4702    0.1409    0.3409
DIM:ROT:     130         2   -2.4710    0.1547    0.2770
DIM:ROT:     130         3   -2.4717    0.1265    0.3017
DIM:ROT:     131         1   -2.4729    0.4842    0.2381
DIM:ROT:     131         2   -2.4741    0.1411    0.4743
DIM:ROT:     131         3   -2.4748    0.1841    0.2049
DIM:ROT:     132         1   -2.4116    0.1401    0.4598
DIM:ROT:     132         2   -2.4123    0.1813    0.2180
DIM:ROT:     132         3   -2.4128    0.0962    0.2900
DIM:ROT:     133         1   -2.4075    0.3408    0.2561
DIM:ROT:     133         2   -2.4083    0.1218    0.3846
DIM:ROT:     133         3   -2.4089    0.1745    0.1909
DIM:ROT:     134         1   -2.4283    0.2048    0.2952
DIM:ROT:     134         2   -2.4289    0.1187    0.3339
DIM:ROT:     134         3   -2.4296    0.1577    0.2182
DIM:ROT:     135         1   -2.4452    0.1604    0.4350
DIM:ROT:     135         2   -2.4460    0.1706    0.2921
DIM:ROT:     135         3   -2.4466    0.1211    0.3126
DIM:ROT:     136         1   -2.4209    0.3669    0.2733
DIM:ROT:     136         2   -2.4219    0.1680    0.3478
DIM:ROT:     136         3   -2.4225    0.1167    0.2548
DIM:ROT:     137         1   -2.4078    0.1454    0.3563
DIM:ROT:     137         2   -2.4085    0.1557    0.2726
DIM:ROT:     137         3   -2.4091    0.1235    0.2926
DIM:ROT:     138         1   -2.4196    0.7047    0.2450
DIM:ROT:     138         2   -2.4210    0.2744    0.3516
DIM:ROT:     138         3   -2.4216    0.1327    0.2285
DIM:ROT:     139         1   -2.4620    0.1395    0.2550
DIM:ROT:     139         2   -2.4625    0.0942    0.2320
DIM:ROT:     139         3   -2.4628    0.1051    0.1916
DIM:ROT:     140         1   -2.5119    0.1367    0.2721
DIM:ROT:     140         2   -2.5123    0.1113    0.2495
DIM:ROT:     140         3   -2.5128    0.1111    0.2147
DIM:ROT:     141         1   -2.5248    0.1401    0.2199
DIM:ROT:     141         2   -2.5253    0.0997    0.2553
DIM:ROT:     141         3   -2.5257    0.1229    0.1967
DIM:ROT:     142         1   -2.4900    0.0943    0.2723
DIM:ROT:     142         2   -2.4904    0.1238    0.1776
DIM:ROT:     142         3   -2.4907    0.0826    0.2324
DIM:ROT:     143         1   -2.4158    0.2052    0.2569
DIM:ROT:     143         2   -2.4164    0.1055    0.2720
DIM:ROT:     143         3   -2.4168    0.1157    0.1967
DIM:ROT:     144         1   -2.3474    0.1773    0.3073
DIM:ROT:     144         2   -2.3481    0.1319    0.3216
DIM:ROT:     144         3   -2.3488    0.1469    0.2490
DIM:ROT:     145         1   -2.3417    0.1554    0.2874
DIM:ROT:     145         2   -2.3423    0.1248    0.2992
DIM:ROT:     145         3   -2.3430    0.1389    0.2552
DIM:ROT:     146         1   -2.3794    0.1758    0.3586
DIM:ROT:     146         2   -2.3801    0.1347    0.2994
DIM:ROT:     146         3   -2.3808    0.1332    0.2621
DIM:ROT:     147         1   -2.4589    0.2910    0.3848
DIM:ROT:     147         2   -2.4603    0.1670    0.4725
DIM:ROT:     147         3   -2.4616    0.2224    0.3109
DIM:ROT:     148         1   -2.4712    0.1691    0.4755
DIM:ROT:     148         2   -2.4724    0.2089    0.3191
DIM:ROT:     148         3   -2.4734    0.1433    0.3934
DIM:ROT:     149         1   -2.4600    0.2485    0.3402
DIM:ROT:     149         2   -2.4610    0.1446    0.3892
DIM:ROT:     149         3   -2.4619    0.1789    0.2771
DIM:ROT:     150         1   -2.4241    0.1671    0.4131
DIM:ROT:     150         2   -2.4252    0.1854    0.3311
DIM:ROT:     150         3   -2.4261    0.1491    0.3636
DIM:ROT:     151         1   -2.4112    0.2260    0.3243
DIM:ROT:     151         2   -2.4123    0.1500    0.4107
DIM:ROT:     151         3   -2.4134    0.2005    0.2867
DIM:ROT:     152         1   -2.4040    0.1588    0.4388
DIM:ROT:     152         2   -2.4051    0.2027    0.3051
DIM:ROT:     152         3   -2.4060    0.1399    0.3816
DIM:ROT:     153         1   -2.4108    0.2520    0.2812
DIM:ROT:     153         2   -2.4118    0.1334    0.4150
DIM:ROT:     153         3   -2.4127    0.2075    0.2414
DIM:ROT:     154         1   -2.4228    0.1228    0.3665
DIM:ROT:     154         2   -2.4235    0.1824    0.2256
DIM:ROT:     154         3   -2.4241    0.1098    0.3260
DIM:ROT:     155         1   -2.4354    0.3256    0.2005
DIM:ROT:     155         2   -2.4363    0.1184    0.4250
DIM:ROT:     155         3   -2.4371    0.2378    0.1712
DIM:ROT:     156         1   -2.4385    0.1095    0.3711
DIM:ROT:     156         2   -2.4390    0.1660    0.1719
DIM:ROT:     156         3   -2.4393    0.0830    0.2646
DIM:ROT:     157         1   -2.4155    0.2637    0.1748
DIM:ROT:     157         2   -2.4158    0.0887    0.2969
DIM:ROT:     157         3   -2.4162    0.1384    0.1399
DIM:ROT:     158         1   -2.3933    0.0825    0.2613
DIM:ROT:     158         2   -2.3936    0.1268    0.1451
DIM:ROT:     158         3   -2.3939    0.0711    0.2210
DIM:ROT:     159         1   -2.3497    0.1696    0.1543
DIM:ROT:     159         2   -2.3500    0.0756    0.2518
DIM:ROT:     159         3   -2.3503    0.1345    0.1262
DIM:ROT:     160         1   -2.3653    0.0852    0.2468
DIM:ROT:     160         2   -2.3656    0.1036    0.1542
DIM:ROT:     160         3   -2.3658    0.0687    0.1896
