MinModeTranslate: STEP      TIME          ENERGY    MAX-FORCE     STEPSIZE    CURVATURE  ROT-STEPS
MinModeTranslate:    0  16:27:21    -9342.161707       1.8321     --------     3.058222          3
MinModeTranslate:    0  16:27:21    -9342.161707       1.8321     0.100000     3.058222          3
MinModeTranslate:    1  16:27:21    -9341.885943       1.7551     --------     2.206944          3
MinModeTranslate:    1  16:27:21    -9341.885943       1.7551     0.100000     2.206944          3
MinModeTranslate:    2  16:27:21    -9341.621683       2.0749     --------     0.732185          3
MinModeTranslate:    2  16:27:21    -9341.621683       2.0749     0.100000     0.732185          3
MinModeTranslate:    3  16:27:21    -9341.333048       6.5827     --------    -2.277451          3
MinModeTranslate:    3  16:27:21    -9341.333048       6.5827     0.100000    -2.277451          3
MinModeTranslate:    4  16:27:21    -9341.260209       5.9591     --------    -4.948299          3
MinModeTranslate:    4  16:27:21    -9341.260209       5.9591     0.100000    -4.948299          3
MinModeTranslate:    5  16:27:21    -9341.659345       6.1778     --------    -1.209593          3
MinModeTranslate:    5  16:27:21    -9341.659345       6.1778     0.100000    -1.209593          3
MinModeTranslate:    6  16:27:21    -9341.987145       2.2900     --------     1.315031          3
MinModeTranslate:    6  16:27:21    -9341.987145       2.2900     0.100000     1.315031          3
MinModeTranslate:    7  16:27:21    -9341.663373       2.4633     --------     0.010075          3
MinModeTranslate:    7  16:27:21    -9341.663373       2.4633     0.100000     0.010075          3
MinModeTranslate:    8  16:27:22    -9341.316984       5.6839     --------    -0.065874          3
MinModeTranslate:    8  16:27:22    -9341.316984       5.6839     0.100000    -0.065874          3
MinModeTranslate:    9  16:27:22    -9341.226099       5.4458     --------    -1.230519          3
MinModeTranslate:    9  16:27:22    -9341.226099       5.4458     0.100000    -1.230519          3
MinModeTranslate:   10  16:27:22    -9341.637188       3.0074     --------     0.440733          3
MinModeTranslate:   10  16:27:22    -9341.637188       3.0074     0.100000     0.440733          3
MinModeTranslate:   11  16:27:22    -9341.202034       5.6740     --------    -4.828547          3
MinModeTranslate:   11  16:27:22    -9341.202034       5.6740     0.100000    -4.828547          3
MinModeTranslate:   12  16:27:22    -9341.057090       5.1155     --------    -3.651837          3
MinModeTranslate:   12  16:27:22    -9341.057090       5.1155     0.100000    -3.651837          3
MinModeTranslate:   13  16:27:22    -9341.177342       4.4643     --------    -1.387966          3
MinModeTranslate:   13  16:27:22    -9341.177342       4.4643     0.100000    -1.387966          3
MinModeTranslate:   14  16:27:22    -9341.203911       3.7331     --------    -1.618146          3
MinModeTranslate:   14  16:27:22    -9341.203911       3.7331     0.100000    -1.618146          3
MinModeTranslate:   15  16:27:22    -9341.174263       3.7885     --------    -5.520811          3
MinModeTranslate:   15  16:27:22    -9341.174263       3.7885     0.100000    -5.520811          3
MinModeTranslate:   16  16:27:22    -9341.107685       4.3935     --------   -13.815289          3
MinModeTranslate:   16  16:27:22    -9341.107685       4.3935     0.100000   -13.815289          3
MinModeTranslate:   17  16:27:22    -9340.925909       3.5985     --------   -28.480617          3
MinModeTranslate:   17  16:27:22    -9340.925909       3.5985     0.100000   -28.480617          3
MinModeTranslate:   18  16:27:22    -9340.829302       2.7387     --------   -28.900254          3
MinModeTranslate:   18  16:27:22    -9340.829302       2.7387     0.100000   -28.900254          3
MinModeTranslate:   19  16:27:22    -9340.918780       3.7731     --------   -22.323852          3
MinModeTranslate:   19  16:27:23    -9340.918780       3.7731     0.100000   -22.323852          3
MinModeTranslate:   20  16:27:23    -9341.117706       2.3267     --------   -22.218113          3
MinModeTranslate:   20  16:27:23    -9341.117706       2.3267     0.024240   -22.218113          3
MinModeTranslate:   21  16:27:23    -9341.168756       1.2991     --------   -22.692809          3
MinModeTranslate:   21  16:27:23    -9341.168756       1.2991     0.100000   -22.692809          3
MinModeTranslate:   22  16:27:23    -9341.347225       0.8498     --------   -25.565715          3
MinModeTranslate:   22  16:27:23    -9341.347225       0.8498     0.085578   -25.565715          3
MinModeTranslate:   23  16:27:23    -9341.418465       1.6170     --------   -24.359357          3
MinModeTranslate:   23  16:27:23    -9341.418465       1.6170     0.100000   -24.359357          3
MinModeTranslate:   24  16:27:23    -9341.495589       1.7119     --------   -24.016256          3
MinModeTranslate:   24  16:27:23    -9341.495589       1.7119     0.083322   -24.016256          3
MinModeTranslate:   25  16:27:23    -9341.565211       1.0420     --------   -23.125249          3
MinModeTranslate:   25  16:27:23    -9341.565211       1.0420     0.091644   -23.125249          3
MinModeTranslate:   26  16:27:23    -9341.619392       0.8891     --------   -20.893337          3
MinModeTranslate:   26  16:27:23    -9341.619392       0.8891     0.068847   -20.893337          3
MinModeTranslate:   27  16:27:23    -9341.653009       0.9592     --------   -17.683780          3
MinModeTranslate:   27  16:27:23    -9341.653009       0.9592     0.051677   -17.683780          3
MinModeTranslate:   28  16:27:23    -9341.675381       0.6944     --------   -13.723694          3
MinModeTranslate:   28  16:27:23    -9341.675381       0.6944     0.042295   -13.723694          3
MinModeTranslate:   29  16:27:23    -9341.689635       0.4480     --------   -11.053460          3
MinModeTranslate:   29  16:27:23    -9341.689635       0.4480     0.039711   -11.053460          3
MinModeTranslate:   30  16:27:23    -9341.701889       0.6103     --------    -9.871961          3
MinModeTranslate:   30  16:27:23    -9341.701889       0.6103     0.037213    -9.871961          3
MinModeTranslate:   31  16:27:23    -9341.712620       0.6669     --------    -9.066399          3
MinModeTranslate:   31  16:27:24    -9341.712620       0.6669     0.082367    -9.066399          3
MinModeTranslate:   32  16:27:24    -9341.733935       0.6424     --------    -7.052712          3
MinModeTranslate:   32  16:27:24    -9341.733935       0.6424     0.067321    -7.052712          3
MinModeTranslate:   33  16:27:24    -9341.749901       0.5652     --------    -6.306704          3
MinModeTranslate:   33  16:27:24    -9341.749901       0.5652     0.041832    -6.306704          3
MinModeTranslate:   34  16:27:24    -9341.759607       0.5598     --------    -6.295747          3
MinModeTranslate:   34  16:27:24    -9341.759607       0.5598     0.037289    -6.295747          3
MinModeTranslate:   35  16:27:24    -9341.767728       0.3913     --------    -6.249532          3
MinModeTranslate:   35  16:27:24    -9341.767728       0.3913     0.048142    -6.249532          3
MinModeTranslate:   36  16:27:24    -9341.776623       0.3893     --------    -5.092634          3
MinModeTranslate:   36  16:27:24    -9341.776623       0.3893     0.024496    -5.092634          3
MinModeTranslate:   37  16:27:24    -9341.780793       0.3760     --------    -4.530093          3
MinModeTranslate:   37  16:27:24    -9341.780793       0.3760     0.027623    -4.530093          3
MinModeTranslate:   38  16:27:24    -9341.785246       0.2859     --------    -4.058310          3
MinModeTranslate:   38  16:27:24    -9341.785246       0.2859     0.019450    -4.058310          3
MinModeTranslate:   39  16:27:24    -9341.788062       0.2353     --------    -4.047380          3
MinModeTranslate:   39  16:27:24    -9341.788062       0.2353     0.024036    -4.047380          3
MinModeTranslate:   40  16:27:24    -9341.791001       0.4574     --------    -4.010130          3
MinModeTranslate:   40  16:27:24    -9341.791001       0.4574     0.060887    -4.010130          3
MinModeTranslate:   41  16:27:24    -9341.797847       0.4666     --------    -3.789516          3
MinModeTranslate:   41  16:27:24    -9341.797847       0.4666     0.051950    -3.789516          3
MinModeTranslate:   42  16:27:25    -9341.802948       0.2536     --------    -3.553782          3
MinModeTranslate:   42  16:27:25    -9341.802948       0.2536     0.018847    -3.553782          3
MinModeTranslate:   43  16:27:25    -9341.804749       0.3431     --------    -3.578545          3
MinModeTranslate:   43  16:27:25    -9341.804749       0.3431     0.031168    -3.578545          3
MinModeTranslate:   44  16:27:25    -9341.806837       0.3545     --------    -3.594621          3
MinModeTranslate:   44  16:27:25    -9341.806837       0.3545     0.054400    -3.594621          3
MinModeTranslate:   45  16:27:25    -9341.810482       0.3634     --------    -3.571025          3
MinModeTranslate:   45  16:27:25    -9341.810482       0.3634     0.037600    -3.571025          3
MinModeTranslate:   46  16:27:25    -9341.813106       0.4322     --------    -3.562264          3
MinModeTranslate:   46  16:27:25    -9341.813106       0.4322     0.033752    -3.562264          3
MinModeTranslate:   47  16:27:25    -9341.815625       0.2849     --------    -3.518445          3
MinModeTranslate:   47  16:27:25    -9341.815625       0.2849     0.090126    -3.518445          3
MinModeTranslate:   48  16:27:25    -9341.823960       0.4076     --------    -3.028704          3
MinModeTranslate:   48  16:27:25    -9341.823960       0.4076     0.100000    -3.028704          3
MinModeTranslate:   49  16:27:25    -9341.836629       0.6921     --------    -2.331343          3
MinModeTranslate:   49  16:27:25    -9341.836629       0.6921     0.075635    -2.331343          3
MinModeTranslate:   50  16:27:25    -9341.846987       0.3731     --------    -2.006562          3
MinModeTranslate:   50  16:27:25    -9341.846987       0.3731     0.055933    -2.006562          3
MinModeTranslate:   51  16:27:25    -9341.854054       0.3248     --------    -2.035170          3
MinModeTranslate:   51  16:27:25    -9341.854054       0.3248     0.082910    -2.035170          3
MinModeTranslate:   52  16:27:25    -9341.864572       0.4407     --------    -2.145833          3
MinModeTranslate:   52  16:27:25    -9341.864572       0.4407     0.037773    -2.145833          3
MinModeTranslate:   53  16:27:25    -9341.869949       0.4112     --------    -2.216705          3
MinModeTranslate:   53  16:27:25    -9341.869949       0.4112     0.046399    -2.216705          3
MinModeTranslate:   54  16:27:26    -9341.875778       0.3140     --------    -2.227973          3
MinModeTranslate:   54  16:27:26    -9341.875778       0.3140     0.051452    -2.227973          3
MinModeTranslate:   55  16:27:26    -9341.880901       0.4029     --------    -2.203302          3
MinModeTranslate:   55  16:27:26    -9341.880901       0.4029     0.079371    -2.203302          3
MinModeTranslate:   56  16:27:26    -9341.886663       0.5032     --------    -2.119059          3
MinModeTranslate:   56  16:27:26    -9341.886663       0.5032     0.066081    -2.119059          3
MinModeTranslate:   57  16:27:26    -9341.891580       0.3709     --------    -2.092887          3
MinModeTranslate:   57  16:27:26    -9341.891580       0.3709     0.054579    -2.092887          3
MinModeTranslate:   58  16:27:26    -9341.894426       0.3786     --------    -2.143299          3
MinModeTranslate:   58  16:27:26    -9341.894426       0.3786     0.034959    -2.143299          3
MinModeTranslate:   59  16:27:26    -9341.897212       0.2948     --------    -2.239621          3
MinModeTranslate:   59  16:27:26    -9341.897212       0.2948     0.044189    -2.239621          3
MinModeTranslate:   60  16:27:26    -9341.899665       0.4645     --------    -2.342363          3
MinModeTranslate:   60  16:27:26    -9341.899665       0.4645     0.041155    -2.342363          3
MinModeTranslate:   61  16:27:26    -9341.902481       0.2302     --------    -2.426859          3
MinModeTranslate:   61  16:27:26    -9341.902481       0.2302     0.038609    -2.426859          3
MinModeTranslate:   62  16:27:26    -9341.904636       0.2902     --------    -2.555190          3
MinModeTranslate:   62  16:27:26    -9341.904636       0.2902     0.028330    -2.555190          3
MinModeTranslate:   63  16:27:26    -9341.907164       0.3027     --------    -2.670130          3
MinModeTranslate:   63  16:27:26    -9341.907164       0.3027     0.029214    -2.670130          3
MinModeTranslate:   64  16:27:26    -9341.909963       0.3447     --------    -2.740820          3
MinModeTranslate:   64  16:27:26    -9341.909963       0.3447     0.042224    -2.740820          3
MinModeTranslate:   65  16:27:27    -9341.914682       0.1870     --------    -2.740498          3
MinModeTranslate:   65  16:27:27    -9341.914682       0.1870     0.029978    -2.740498          3
MinModeTranslate:   66  16:27:27    -9341.917655       0.3211     --------    -2.747154          3
MinModeTranslate:   66  16:27:27    -9341.917655       0.3211     0.032951    -2.747154          3
MinModeTranslate:   67  16:27:27    -9341.921014       0.2394     --------    -2.788062          3
MinModeTranslate:   67  16:27:27    -9341.921014       0.2394     0.036967    -2.788062          3
MinModeTranslate:   68  16:27:27    -9341.924561       0.2009     --------    -2.866252          3
MinModeTranslate:   68  16:27:27    -9341.924561       0.2009     0.018047    -2.866252          3
MinModeTranslate:   69  16:27:27    -9341.926112       0.2693     --------    -2.877405          3
MinModeTranslate:   69  16:27:27    -9341.926112       0.2693     0.029640    -2.877405          3
MinModeTranslate:   70  16:27:27    -9341.927879       0.3046     --------    -2.848291          3
MinModeTranslate:   70  16:27:27    -9341.927879       0.3046     0.034129    -2.848291          3
MinModeTranslate:   71  16:27:27    -9341.929397       0.1786     --------    -2.822684          3
MinModeTranslate:   71  16:27:27    -9341.929397       0.1786     0.033050    -2.822684          3
MinModeTranslate:   72  16:27:27    -9341.930010       0.3131     --------    -2.795113          3
MinModeTranslate:   72  16:27:27    -9341.930010       0.3131     0.027346    -2.795113          3
MinModeTranslate:   73  16:27:27    -9341.930707       0.2110     --------    -2.791321          3
MinModeTranslate:   73  16:27:27    -9341.930707       0.2110     0.056276    -2.791321          3
MinModeTranslate:   74  16:27:27    -9341.932714       0.1860     --------    -2.813380          3
MinModeTranslate:   74  16:27:27    -9341.932714       0.1860     0.036058    -2.813380          3
MinModeTranslate:   75  16:27:27    -9341.934741       0.3079     --------    -2.831548          3
MinModeTranslate:   75  16:27:27    -9341.934741       0.3079     0.023711    -2.831548          3
MinModeTranslate:   76  16:27:27    -9341.936064       0.1578     --------    -2.817555          3
MinModeTranslate:   76  16:27:27    -9341.936064       0.1578     0.027279    -2.817555          3
MinModeTranslate:   77  16:27:28    -9341.938017       0.2739     --------    -2.768039          3
MinModeTranslate:   77  16:27:28    -9341.938017       0.2739     0.048696    -2.768039          3
MinModeTranslate:   78  16:27:28    -9341.941739       0.1686     --------    -2.747148          3
MinModeTranslate:   78  16:27:28    -9341.941739       0.1686     0.044217    -2.747148          3
MinModeTranslate:   79  16:27:28    -9341.944869       0.1177     --------    -2.746860          3
MinModeTranslate:   79  16:27:28    -9341.944869       0.1177     0.022374    -2.746860          3
MinModeTranslate:   80  16:27:28    -9341.946138       0.2584     --------    -2.725280          3
MinModeTranslate:   80  16:27:28    -9341.946138       0.2584     0.019053    -2.725280          3
MinModeTranslate:   81  16:27:28    -9341.947148       0.1289     --------    -2.726554          3
MinModeTranslate:   81  16:27:28    -9341.947148       0.1289     0.030130    -2.726554          3
MinModeTranslate:   82  16:27:28    -9341.948230       0.2511     --------    -2.768538          3
MinModeTranslate:   82  16:27:28    -9341.948230       0.2511     0.055395    -2.768538          3
MinModeTranslate:   83  16:27:28    -9341.949814       0.1764     --------    -2.847266          3
MinModeTranslate:   83  16:27:28    -9341.949814       0.1764     0.027058    -2.847266          3
MinModeTranslate:   84  16:27:28    -9341.950620       0.2269     --------    -2.876478          3
MinModeTranslate:   84  16:27:28    -9341.950620       0.2269     0.035922    -2.876478          3
MinModeTranslate:   85  16:27:28    -9341.952001       0.1449     --------    -2.900037          3
MinModeTranslate:   85  16:27:28    -9341.952001       0.1449     0.044312    -2.900037          3
MinModeTranslate:   86  16:27:28    -9341.953627       0.2670     --------    -2.799667          3
MinModeTranslate:   86  16:27:28    -9341.953627       0.2670     0.035070    -2.799667          3
MinModeTranslate:   87  16:27:28    -9341.954982       0.1388     --------    -2.710579          3
MinModeTranslate:   87  16:27:28    -9341.954982       0.1388     0.034335    -2.710579          3
MinModeTranslate:   88  16:27:28    -9341.956423       0.2205     --------    -2.644628          3
MinModeTranslate:   88  16:27:28    -9341.956423       0.2205     0.050465    -2.644628          3
MinModeTranslate:   89  16:27:29    -9341.958883       0.2847     --------    -2.649014          3
MinModeTranslate:   89  16:27:29    -9341.958883       0.2847     0.030314    -2.649014          3
MinModeTranslate:   90  16:27:29    -9341.960425       0.1705     --------    -2.678216          3
MinModeTranslate:   90  16:27:29    -9341.960425       0.1705     0.051561    -2.678216          3
MinModeTranslate:   91  16:27:29    -9341.963171       0.2198     --------    -2.760693          3
MinModeTranslate:   91  16:27:29    -9341.963171       0.2198     0.021817    -2.760693          3
MinModeTranslate:   92  16:27:29    -9341.964132       0.2015     --------    -2.808630          3
MinModeTranslate:   92  16:27:29    -9341.964132       0.2015     0.045061    -2.808630          3
MinModeTranslate:   93  16:27:29    -9341.966017       0.2061     --------    -2.900610          3
MinModeTranslate:   93  16:27:29    -9341.966017       0.2061     0.038736    -2.900610          3
MinModeTranslate:   94  16:27:29    -9341.967248       0.2757     --------    -2.967728          3
MinModeTranslate:   94  16:27:29    -9341.967248       0.2757     0.039529    -2.967728          3
MinModeTranslate:   95  16:27:29    -9341.968477       0.2135     --------    -3.007209          3
MinModeTranslate:   95  16:27:29    -9341.968477       0.2135     0.044169    -3.007209          3
MinModeTranslate:   96  16:27:29    -9341.969617       0.2469     --------    -2.948657          3
MinModeTranslate:   96  16:27:29    -9341.969617       0.2469     0.040749    -2.948657          3
MinModeTranslate:   97  16:27:29    -9341.970818       0.2737     --------    -2.825783          3
MinModeTranslate:   97  16:27:29    -9341.970818       0.2737     0.037572    -2.825783          3
MinModeTranslate:   98  16:27:29    -9341.972023       0.1688     --------    -2.680349          3
MinModeTranslate:   98  16:27:29    -9341.972023       0.1688     0.030773    -2.680349          3
MinModeTranslate:   99  16:27:29    -9341.973136       0.2796     --------    -2.581733          3
MinModeTranslate:   99  16:27:29    -9341.973136       0.2796     0.034548    -2.581733          3
MinModeTranslate:  100  16:27:29    -9341.974496       0.1685     --------    -2.498284          3
MinModeTranslate:  100  16:27:29    -9341.974496       0.1685     0.032262    -2.498284          3
MinModeTranslate:  101  16:27:30    -9341.975857       0.2260     --------    -2.476882          3
MinModeTranslate:  101  16:27:30    -9341.975857       0.2260     0.029914    -2.476882          3
MinModeTranslate:  102  16:27:30    -9341.977153       0.2253     --------    -2.462037          3
MinModeTranslate:  102  16:27:30    -9341.977153       0.2253     0.076193    -2.462037          3
MinModeTranslate:  103  16:27:30    -9341.980501       0.2695     --------    -2.382885          3
MinModeTranslate:  103  16:27:30    -9341.980501       0.2695     0.054635    -2.382885          3
MinModeTranslate:  104  16:27:30    -9341.982963       0.2052     --------    -2.294973          3
MinModeTranslate:  104  16:27:30    -9341.982963       0.2052     0.031413    -2.294973          3
MinModeTranslate:  105  16:27:30    -9341.984490       0.2176     --------    -2.247216          3
MinModeTranslate:  105  16:27:30    -9341.984490       0.2176     0.044205    -2.247216          3
MinModeTranslate:  106  16:27:30    -9341.986499       0.2648     --------    -2.204188          3
MinModeTranslate:  106  16:27:30    -9341.986499       0.2648     0.054263    -2.204188          3
MinModeTranslate:  107  16:27:30    -9341.988608       0.2507     --------    -2.193417          3
MinModeTranslate:  107  16:27:30    -9341.988608       0.2507     0.035923    -2.193417          3
MinModeTranslate:  108  16:27:30    -9341.989607       0.1371     --------    -2.208310          3
MinModeTranslate:  108  16:27:30    -9341.989607       0.1371     0.029878    -2.208310          3
MinModeTranslate:  109  16:27:30    -9341.990464       0.2461     --------    -2.235695          3
MinModeTranslate:  109  16:27:30    -9341.990464       0.2461     0.024908    -2.235695          3
MinModeTranslate:  110  16:27:30    -9341.991114       0.1368     --------    -2.261165          3
MinModeTranslate:  110  16:27:30    -9341.991114       0.1368     0.019686    -2.261165          3
MinModeTranslate:  111  16:27:30    -9341.991511       0.1197     --------    -2.285274          3
MinModeTranslate:  111  16:27:30    -9341.991511       0.1197     0.032205    -2.285274          3
MinModeTranslate:  112  16:27:30    -9341.992109       0.1979     --------    -2.312341          3
MinModeTranslate:  112  16:27:30    -9341.992109       0.1979     0.020975    -2.312341          3
MinModeTranslate:  113  16:27:31    -9341.992637       0.1427     --------    -2.323835          3
MinModeTranslate:  113  16:27:31    -9341.992637       0.1427     0.032047    -2.323835          3
MinModeTranslate:  114  16:27:31    -9341.993540       0.1517     --------    -2.321692          3
MinModeTranslate:  114  16:27:31    -9341.993540       0.1517     0.016793    -2.321692          3
MinModeTranslate:  115  16:27:31    -9341.994253       0.1431     --------    -2.312694          3
MinModeTranslate:  115  16:27:31    -9341.994253       0.1431     0.018075    -2.312694          3
MinModeTranslate:  116  16:27:31    -9341.995031       0.1536     --------    -2.301525          3
MinModeTranslate:  116  16:27:31    -9341.995031       0.1536     0.028617    -2.301525          3
MinModeTranslate:  117  16:27:31    -9341.996453       0.1193     --------    -2.287877          3
MinModeTranslate:  117  16:27:31    -9341.996453       0.1193     0.021912    -2.287877          3
MinModeTranslate:  118  16:27:31    -9341.997448       0.1096     --------    -2.300156          3
MinModeTranslate:  118  16:27:31    -9341.997448       0.1096     0.010663    -2.300156          3
MinModeTranslate:  119  16:27:31    -9341.997951       0.1215     --------    -2.313848          3
MinModeTranslate:  119  16:27:31    -9341.997951       0.1215     0.020567    -2.313848          3
MinModeTranslate:  120  16:27:31    -9341.998744       0.1456     --------    -2.337451          3
MinModeTranslate:  120  16:27:31    -9341.998744       0.1456     0.020250    -2.337451          3
MinModeTranslate:  121  16:27:31    -9341.999436       0.1286     --------    -2.341520          3
MinModeTranslate:  121  16:27:31    -9341.999436       0.1286     0.018756    -2.341520          3
MinModeTranslate:  122  16:27:31    -9341.999888       0.1477     --------    -2.339948          3
MinModeTranslate:  122  16:27:31    -9341.999888       0.1477     0.020295    -2.339948          3
MinModeTranslate:  123  16:27:31    -9342.000356       0.1598     --------    -2.337438          3
MinModeTranslate:  123  16:27:31    -9342.000356       0.1598     0.039696    -2.337438          3
MinModeTranslate:  124  16:27:31    -9342.001052       0.2123     --------    -2.351395          3
MinModeTranslate:  124  16:27:31    -9342.001052       0.2123     0.022153    -2.351395          3
MinModeTranslate:  125  16:27:32    -9342.001764       0.1442     --------    -2.367420          3
MinModeTranslate:  125  16:27:32    -9342.001764       0.1442     0.015689    -2.367420          3
MinModeTranslate:  126  16:27:32    -9342.002085       0.1751     --------    -2.379204          3
MinModeTranslate:  126  16:27:32    -9342.002085       0.1751     0.034268    -2.379204          3
MinModeTranslate:  127  16:27:32    -9342.003142       0.1900     --------    -2.406959          3
MinModeTranslate:  127  16:27:32    -9342.003142       0.1900     0.050879    -2.406959          3
MinModeTranslate:  128  16:27:32    -9342.004684       0.1558     --------    -2.450895          3
MinModeTranslate:  128  16:27:32    -9342.004684       0.1558     0.006817    -2.450895          3
MinModeTranslate:  129  16:27:32    -9342.005229       0.1313     --------    -2.463136          3
MinModeTranslate:  129  16:27:32    -9342.005229       0.1313     0.006671    -2.463136          3
MinModeTranslate:  130  16:27:32    -9342.005632       0.1371     --------    -2.471678          3
MinModeTranslate:  130  16:27:32    -9342.005632       0.1371     0.013663    -2.471678          3
MinModeTranslate:  131  16:27:32    -9342.006409       0.0984     --------    -2.474840          3
MinModeTranslate:  131  16:27:32    -9342.006409       0.0984     0.018410    -2.474840          3
MinModeTranslate:  132  16:27:32    -9342.007243       0.0951     --------    -2.412785          3
MinModeTranslate:  132  16:27:32    -9342.007243       0.0951     0.019733    -2.412785          3
MinModeTranslate:  133  16:27:32    -9342.008104       0.1016     --------    -2.408850          3
MinModeTranslate:  133  16:27:32    -9342.008104       0.1016     0.013321    -2.408850          3
MinModeTranslate:  134  16:27:32    -9342.008613       0.1906     --------    -2.429553          3
MinModeTranslate:  134  16:27:32    -9342.008613       0.1906     0.011844    -2.429553          3
MinModeTranslate:  135  16:27:32    -9342.009054       0.1176     --------    -2.446645          3
MinModeTranslate:  135  16:27:32    -9342.009054       0.1176     0.014736    -2.446645          3
MinModeTranslate:  136  16:27:32    -9342.009766       0.1780     --------    -2.422483          3
MinModeTranslate:  136  16:27:33    -9342.009766       0.1780     0.022994    -2.422483          3
MinModeTranslate:  137  16:27:33    -9342.010730       0.2803     --------    -2.409135          3
MinModeTranslate:  137  16:27:33    -9342.010730       0.2803     0.024459    -2.409135          3
MinModeTranslate:  138  16:27:33    -9342.011761       0.1724     --------    -2.421648          3
MinModeTranslate:  138  16:27:33    -9342.011761       0.1724     0.008977    -2.421648          3
MinModeTranslate:  139  16:27:33    -9342.012745       0.2559     --------    -2.462809          3
MinModeTranslate:  139  16:27:33    -9342.012745       0.2559     0.009634    -2.462809          3
MinModeTranslate:  140  16:27:33    -9342.013636       0.1933     --------    -2.512765          3
MinModeTranslate:  140  16:27:33    -9342.013636       0.1933     0.013579    -2.512765          3
MinModeTranslate:  141  16:27:33    -9342.014701       0.1245     --------    -2.525726          3
MinModeTranslate:  141  16:27:33    -9342.014701       0.1245     0.005921    -2.525726          3
MinModeTranslate:  142  16:27:33    -9342.015112       0.1740     --------    -2.490734          3
MinModeTranslate:  142  16:27:33    -9342.015112       0.1740     0.010259    -2.490734          3
MinModeTranslate:  143  16:27:33    -9342.015750       0.1448     --------    -2.416841          3
MinModeTranslate:  143  16:27:33    -9342.015750       0.1448     0.020930    -2.416841          3
MinModeTranslate:  144  16:27:33    -9342.016850       0.1780     --------    -2.348782          3
MinModeTranslate:  144  16:27:33    -9342.016850       0.1780     0.009719    -2.348782          3
MinModeTranslate:  145  16:27:33    -9342.017351       0.1397     --------    -2.342978          3
MinModeTranslate:  145  16:27:33    -9342.017351       0.1397     0.015095    -2.342978          3
MinModeTranslate:  146  16:27:33    -9342.018109       0.1232     --------    -2.380761          3
MinModeTranslate:  146  16:27:33    -9342.018109       0.1232     0.026923    -2.380761          3
MinModeTranslate:  147  16:27:34    -9342.019137       0.1442     --------    -2.461560          3
MinModeTranslate:  147  16:27:34    -9342.019137       0.1442     0.009292    -2.461560          3
MinModeTranslate:  148  16:27:34    -9342.019511       0.1153     --------    -2.473405          3
MinModeTranslate:  148  16:27:34    -9342.019511       0.1153     0.010956    -2.473405          3
MinModeTranslate:  149  16:27:34    -9342.019963       0.0968     --------    -2.461910          3
MinModeTranslate:  149  16:27:34    -9342.019963       0.0968     0.017806    -2.461910          3
MinModeTranslate:  150  16:27:34    -9342.020576       0.1362     --------    -2.426106          3
MinModeTranslate:  150  16:27:34    -9342.020576       0.1362     0.016765    -2.426106          3
MinModeTranslate:  151  16:27:34    -9342.021173       0.2080     --------    -2.413361          3
MinModeTranslate:  151  16:27:34    -9342.021173       0.2080     0.015091    -2.413361          3
MinModeTranslate:  152  16:27:34    -9342.021702       0.0964     --------    -2.406025          3
MinModeTranslate:  152  16:27:34    -9342.021702       0.0964     0.005813    -2.406025          3
MinModeTranslate:  153  16:27:34    -9342.022036       0.0836     --------    -2.412695          3
MinModeTranslate:  153  16:27:34    -9342.022036       0.0836     0.003902    -2.412695          3
MinModeTranslate:  154  16:27:34    -9342.022219       0.0976     --------    -2.424137          3
MinModeTranslate:  154  16:27:34    -9342.022219       0.0976     0.004455    -2.424137          3
MinModeTranslate:  155  16:27:34    -9342.022400       0.0624     --------    -2.437059          3
MinModeTranslate:  155  16:27:34    -9342.022400       0.0624     0.004988    -2.437059          3
MinModeTranslate:  156  16:27:34    -9342.022559       0.0523     --------    -2.439330          3
MinModeTranslate:  156  16:27:34    -9342.022559       0.0523     0.007749    -2.439330          3
MinModeTranslate:  157  16:27:35    -9342.022749       0.0781     --------    -2.416215          3
MinModeTranslate:  157  16:27:35    -9342.022749       0.0781     0.003758    -2.416215          3
MinModeTranslate:  158  16:27:35    -9342.022848       0.0552     --------    -2.393880          3
MinModeTranslate:  158  16:27:35    -9342.022848       0.0552     0.006336    -2.393880          3
MinModeTranslate:  159  16:27:35    -9342.022997       0.0322     --------    -2.350304          3
MinModeTranslate:  159  16:27:35    -9342.022997       0.0322     0.007067    -2.350304          3
MinModeTranslate:  160  16:27:35    -9342.023132       0.0409     --------    -2.365834          3
