      Step     Time          Energy          fmax
BFGS:    0 16:26:11    -9345.068946        0.595518
BFGS:    1 16:26:11    -9345.072648        0.311948
BFGS:    2 16:26:11    -9345.073804        0.146382
BFGS:    3 16:26:11    -9345.075333        0.193035
BFGS:    4 16:26:11    -9345.079900        0.565614
BFGS:    5 16:26:11    -9345.085711        1.020831
BFGS:    6 16:26:11    -9345.095156        1.355008
BFGS:    7 16:26:11    -9345.118304        1.962529
BFGS:    8 16:26:11    -9345.171941        0.964038
BFGS:    9 16:26:11    -9345.212756        1.574575
BFGS:   10 16:26:11    -9345.275673        0.704747
BFGS:   11 16:26:11    -9345.271648        1.662938
BFGS:   12 16:26:11    -9345.303012        0.982822
BFGS:   13 16:26:11    -9345.319819        0.446551
BFGS:   14 16:26:12    -9345.334424        0.323103
BFGS:   15 16:26:12    -9345.348302        0.442124
BFGS:   16 16:26:12    -9345.355314        0.296215
BFGS:   17 16:26:12    -9345.361468        0.263764
BFGS:   18 16:26:12    -9345.368935        0.277363
BFGS:   19 16:26:12    -9345.373186        0.217365
BFGS:   20 16:26:12    -9345.376212        0.140110
BFGS:   21 16:26:12    -9345.379015        0.137603
BFGS:   22 16:26:12    -9345.381750        0.184039
BFGS:   23 16:26:12    -9345.384734        0.180556
BFGS:   24 16:26:12    -9345.388119        0.224531
BFGS:   25 16:26:12    -9345.392017        0.199855
BFGS:   26 16:26:12    -9345.395383        0.133281
BFGS:   27 16:26:12    -9345.397174        0.140961
BFGS:   28 16:26:12    -9345.398067        0.087935
BFGS:   29 16:26:12    -9345.398792        0.078694
BFGS:   30 16:26:12    -9345.399526        0.062686
BFGS:   31 16:26:12    -9345.400177        0.069110
BFGS:   32 16:26:12    -9345.400823        0.075481
BFGS:   33 16:26:12    -9345.401513        0.073115
BFGS:   34 16:26:12    -9345.402207        0.072765
BFGS:   35 16:26:12    -9345.402748        0.062133
BFGS:   36 16:26:12    -9345.403156        0.071798
BFGS:   37 16:26:12    -9345.403575        0.073950
BFGS:   38 16:26:12    -9345.404129        0.071003
BFGS:   39 16:26:12    -9345.404714        0.073144
BFGS:   40 16:26:12    -9345.405177        0.060692
BFGS:   41 16:26:12    -9345.405516        0.059165
BFGS:   42 16:26:12    -9345.405851        0.055993
BFGS:   43 16:26:12    -9345.406352        0.072687
BFGS:   44 16:26:12    -9345.407073        0.107928
BFGS:   45 16:26:12    -9345.408041        0.113388
BFGS:   46 16:26:12    -9345.409098        0.093866
BFGS:   47 16:26:12    -9345.409997        0.078185
BFGS:   48 16:26:12    -9345.410657        0.061399
BFGS:   49 16:26:12    -9345.411100        0.059809
BFGS:   50 16:26:12    -9345.411512        0.057740
BFGS:   51 16:26:12    -9345.411988        0.065329
BFGS:   52 16:26:12    -9345.412655        0.072968
BFGS:   53 16:26:12    -9345.413515        0.081323
BFGS:   54 16:26:12    -9345.414302        0.128973
BFGS:   55 16:26:12    -9345.415098        0.147434
BFGS:   56 16:26:13    -9345.416242        0.136078
BFGS:   57 16:26:13    -9345.417333        0.092193
BFGS:   58 16:26:13    -9345.418054        0.063563
BFGS:   59 16:26:13    -9345.418520        0.062967
BFGS:   60 16:26:13    -9345.418936        0.051888
BFGS:   61 16:26:13    -9345.419351        0.042141
BFGS:   62 16:26:13    -9345.419816        0.050363
BFGS:   63 16:26:13    -9345.420085        0.057513
BFGS:   64 16:26:13    -9345.420322        0.050750
BFGS:   65 16:26:13    -9345.420554        0.034966
BFGS:   66 16:26:13    -9345.420780        0.044845
BFGS:   67 16:26:13    -9345.421025        0.054402
BFGS:   68 16:26:13    -9345.421356        0.057364
BFGS:   69 16:26:13    -9345.421798        0.060135
BFGS:   70 16:26:13    -9345.422238        0.051419
BFGS:   71 16:26:13    -9345.422519        0.035973
BFGS:   72 16:26:13    -9345.422614        0.016241
BFGS:   73 16:26:13    -9345.422645        0.014619
BFGS:   74 16:26:13    -9345.422670        0.015154
BFGS:   75 16:26:13    -9345.422710        0.017909
BFGS:   76 16:26:13    -9345.422798        0.026680
BFGS:   77 16:26:13    -9345.422978        0.041521
BFGS:   78 16:26:13    -9345.423275        0.062672
BFGS:   79 16:26:13    -9345.423658        0.068959
BFGS:   80 16:26:13    -9345.424055        0.058799
BFGS:   81 16:26:13    -9345.424345        0.042192
BFGS:   82 16:26:13    -9345.424542        0.030173
BFGS:   83 16:26:13    -9345.424662        0.048076
BFGS:   84 16:26:13    -9345.424795        0.044662
BFGS:   85 16:26:13    -9345.424954        0.052244
BFGS:   86 16:26:13    -9345.425151        0.039180
BFGS:   87 16:26:13    -9345.425431        0.045366
BFGS:   88 16:26:13    -9345.425840        0.055798
BFGS:   89 16:26:13    -9345.426121        0.072503
BFGS:   90 16:26:13    -9345.424332        0.359440
BFGS:   91 16:26:13    -9345.426333        0.090296
BFGS:   92 16:26:13    -9345.426368        0.057229
BFGS:   93 16:26:13    -9345.426476        0.018833
BFGS:   94 16:26:13    -9345.426499        0.014781
BFGS:   95 16:26:13    -9345.426520        0.010395
BFGS:   96 16:26:13    -9345.426527        0.011314
BFGS:   97 16:26:13    -9345.426536        0.011357
BFGS:   98 16:26:13    -9345.426555        0.012938
BFGS:   99 16:26:13    -9345.426581        0.014830
BFGS:  100 16:26:13    -9345.426618        0.018684
BFGS:  101 16:26:13    -9345.426684        0.020626
BFGS:  102 16:26:13    -9345.426758        0.022923
BFGS:  103 16:26:13    -9345.426800        0.015645
BFGS:  104 16:26:14    -9345.426814        0.006265
BFGS:  105 16:26:14    -9345.426822        0.009390
BFGS:  106 16:26:14    -9345.426835        0.006597
BFGS:  107 16:26:14    -9345.426838        0.005940
BFGS:  108 16:26:14    -9345.426840        0.006164
BFGS:  109 16:26:14    -9345.426853        0.008673
BFGS:  110 16:26:14    -9345.426863        0.014476
BFGS:  111 16:26:14    -9345.426883        0.018791
BFGS:  112 16:26:14    -9345.426894        0.016866
BFGS:  113 16:26:14    -9345.426912        0.008763
BFGS:  114 16:26:14    -9345.426917        0.005924
BFGS:  115 16:26:14    -9345.426923        0.006379
BFGS:  116 16:26:14    -9345.426937        0.010423
BFGS:  117 16:26:14    -9345.426959        0.015350
BFGS:  118 16:26:14    -9345.426989        0.022507
BFGS:  119 16:26:14    -9345.427044        0.019898
BFGS:  120 16:26:14    -9345.427099        0.052543
BFGS:  121 16:26:14    -9345.427197        0.035630
BFGS:  122 16:26:14    -9345.427260        0.028249
BFGS:  123 16:26:14    -9345.427295        0.014750
BFGS:  124 16:26:14    -9345.427309        0.009130
BFGS:  125 16:26:14    -9345.427310        0.014065
BFGS:  126 16:26:14    -9345.427312        0.010137
BFGS:  127 16:26:14    -9345.427318        0.005709
BFGS:  128 16:26:14    -9345.427318        0.007424
BFGS:  129 16:26:14    -9345.427319        0.006009
BFGS:  130 16:26:14    -9345.427323        0.003407
