MINMODE:METHOD: Dimer
DIM:CONTROL: Search Parameters:
DIM:CONTROL: ------------------
DIM:CONTROL: eigenmode_method = dimer
DIM:CONTROL: f_rot_min = 0.01
DIM:CONTROL: f_rot_max = 0.1
DIM:CONTROL: max_num_rot = 3
DIM:CONTROL: trial_angle = 0.7853981633974483
DIM:CONTROL: trial_trans_step = 0.001
DIM:CONTROL: maximum_translation = 0.1
DIM:CONTROL: cg_translation = True
DIM:CONTROL: use_central_forces = True
DIM:CONTROL: dimer_separation = 0.005
DIM:CONTROL: initial_eigenmode_method = gauss
DIM:CONTROL: extrapolate_forces = True
DIM:CONTROL: displacement_method = gauss
DIM:CONTROL: gauss_std = 0.1
DIM:CONTROL: order = 1
DIM:CONTROL: mask = None
DIM:CONTROL: displacement_center = None
DIM:CONTROL: displacement_radius = None
DIM:CONTROL: number_of_displacement_atoms = None
DIM:CONTROL: ------------------
DIM:ROT: OPT-STEP ROT-STEP CURVATURE ROT-ANGLE ROT-FORCE
DIM:ROT:       0         1  -12.0527    9.7930   14.5911
DIM:ROT:       0         2  -12.8478    6.5341    7.3538
DIM:ROT:       0         3  -13.3315    4.3148    6.3599
DIM:ROT:       1         1   -7.5651    5.2936    7.7004
DIM:ROT:       1         2   -7.9035    4.7813    4.0079
DIM:ROT:       1         3   -8.1027    2.8442    4.0860
DIM:ROT:       2         1   -6.8991    7.0848    6.9159
DIM:ROT:       2         2   -7.1713    3.4966    4.2038
DIM:ROT:       2         3   -7.2948    2.7315    2.6416
DIM:ROT:       3         1  -11.0679    5.3149    6.9976
DIM:ROT:       3         2  -11.1894    2.3348    2.7388
DIM:ROT:       3         3  -11.2247    1.2999    1.6102
DIM:ROT:       4         1   -5.8699    4.4757    6.8624
DIM:ROT:       4         2   -5.9986    3.3159    1.9641
DIM:ROT:       4         3   -6.0722    1.5422    2.3242
DIM:ROT:       5         1    1.9102    8.7862    5.4390
DIM:ROT:       5         2    1.5586    4.1072    4.4293
DIM:ROT:       5         3    1.3673    3.3224    3.2485
DIM:ROT:       6         1   -9.7421   10.7681    8.8530
DIM:ROT:       6         2  -10.1223    3.6990    5.4766
DIM:ROT:       6         3  -10.2153    2.3432    2.3344
DIM:ROT:       7         1  -17.6832    7.5823    7.0929
DIM:ROT:       7         2  -17.9984    3.1237    5.6773
DIM:ROT:       7         3  -18.1147    2.5649    2.5602
DIM:ROT:       8         1  -27.1951   14.3999    9.5469
DIM:ROT:       8         2  -27.7094    3.8755    6.5889
DIM:ROT:       8         3  -27.8062    2.1435    2.6855
DIM:ROT:       9         1  -29.6432    4.9835    7.5042
DIM:ROT:       9         2  -29.8209    2.4375    3.3255
DIM:ROT:       9         3  -29.8746    1.4005    1.9804
DIM:ROT:      10         1  -32.3237    4.0352    5.4547
DIM:ROT:      10         2  -32.3994    1.6576    2.6633
DIM:ROT:      10         3  -32.4342    1.1389    1.5229
DIM:ROT:      11         1  -19.0473    6.4056   10.6337
DIM:ROT:      11         2  -19.1799    2.2709    2.6567
DIM:ROT:      11         3  -19.2022    0.9076    1.5369
DIM:ROT:      12         1  -17.4418    9.6721    7.9792
DIM:ROT:      12         2  -17.8869    3.5941    6.8842
DIM:ROT:      12         3  -18.0502    2.8715    3.0511
DIM:ROT:      13         1  -21.7825   11.4113    8.9536
DIM:ROT:      13         2  -22.1726    3.0377    6.5068
DIM:ROT:      13         3  -22.2640    2.0307    2.2644
DIM:ROT:      14         1  -13.8817    3.1883    3.4695
DIM:ROT:      14         2  -13.9399    1.5963    1.7491
DIM:ROT:      14         3  -13.9608    0.8955    1.1819
DIM:ROT:      15         1   -8.9274    5.0399    4.1241
DIM:ROT:      15         2   -9.1569    2.6121    4.2508
DIM:ROT:      15         3   -9.2749    2.7388    2.2901
DIM:ROT:      16         1   -6.7731    8.4051    4.8806
DIM:ROT:      16         2   -7.2896    4.4237    6.1070
DIM:ROT:      16         3   -7.5737    4.4095    3.6038
DIM:ROT:      17         1   -6.8106    6.4979    5.8284
DIM:ROT:      17         2   -7.3500    4.7115    6.2678
DIM:ROT:      17         3   -7.7488    4.9134    4.5840
DIM:ROT:      18         1   -7.2629    4.8027    4.4200
DIM:ROT:      18         2   -7.5371    3.3185    4.5103
DIM:ROT:      18         3   -7.7401    3.4062    3.2257
DIM:ROT:      19         1   -8.1206    3.1694    4.6949
DIM:ROT:      19         2   -8.2165    2.0430    2.2455
DIM:ROT:      19         3   -8.2681    1.3027    1.8401
DIM:ROT:      20         1  -12.9839   12.0188    7.6490
DIM:ROT:      20         2  -13.5587    4.4904    6.8722
DIM:ROT:      20         3  -13.7625    3.2455    3.1785
DIM:ROT:      21         1  -19.1264   12.1942    7.5567
DIM:ROT:      21         2  -19.3421    2.0806    3.9859
DIM:ROT:      21         3  -19.3838    1.2272    1.3022
DIM:ROT:      22         1  -15.9503    6.1429    3.7749
DIM:ROT:      22         2  -16.0177    1.0972    2.0272
DIM:ROT:      22         3  -16.0324    0.6522    0.6709
DIM:ROT:      23         1   -6.3648    8.7962    6.2179
DIM:ROT:      23         2   -6.6192    2.7561    4.7452
DIM:ROT:      23         3   -6.6978    2.2842    1.9304
DIM:ROT:      24         1   -3.0480    6.5595    3.2747
DIM:ROT:      24         2   -3.1256    1.8014    2.3370
DIM:ROT:      24         3   -3.1650    1.4020    1.3996
DIM:ROT:      25         1    0.2098    3.1102    2.8417
DIM:ROT:      25         2    0.1021    2.1682    2.7575
DIM:ROT:      25         3    0.0160    2.2396    2.0906
DIM:ROT:      26         1    7.1595    9.2064    8.3351
DIM:ROT:      26         2    6.4903    5.7938    6.6529
DIM:ROT:      26         3    5.9449    5.2873    5.7624
DIM:ROT:      27         1    8.4395   10.1444    9.5852
DIM:ROT:      27         2    7.4805    7.5490    7.2707
DIM:ROT:      27         3    6.7155    5.6565    7.8865
DIM:ROT:      28         1    3.7707    4.9793   11.3180
DIM:ROT:      28         2    3.3901    4.9237    4.5828
DIM:ROT:      28         3    3.1040    2.8507    5.5179
DIM:ROT:      29         1   -3.4263   10.1022    8.6117
DIM:ROT:      29         2   -4.4282    6.6730    8.1982
DIM:ROT:      29         3   -5.0701    4.5110    8.2434
DIM:ROT:      30         1   -3.1901    3.3698    7.1005
DIM:ROT:      30         2   -3.5492    4.1968    4.9328
DIM:ROT:      30         3   -3.8811    3.0262    6.3048
DIM:ROT:      31         1   -3.7698    7.1720    4.5468
DIM:ROT:      31         2   -4.1182    3.8143    5.2212
DIM:ROT:      31         3   -4.3840    4.1110    3.7595
DIM:ROT:      32         1   -3.3999    4.8974    8.2264
DIM:ROT:      32         2   -3.8999    5.1009    5.6018
DIM:ROT:      32         3   -4.3010    3.7473    6.2889
DIM:ROT:      33         1   -7.5008    4.8707    6.5608
DIM:ROT:      33         2   -7.9205    4.4622    5.3770
DIM:ROT:      33         3   -8.2744    3.8575    5.1799
DIM:ROT:      34         1   -8.4238    6.3385    6.0612
DIM:ROT:      34         2   -8.8923    4.0404    6.5903
DIM:ROT:      34         3   -9.2108    4.0029    4.5950
DIM:ROT:      35         1  -10.2900    7.0257    5.9328
DIM:ROT:      35         2  -10.8164    3.9365    7.5496
DIM:ROT:      35         3  -11.2301    4.7960    4.8803
DIM:ROT:      36         1  -13.0988    7.6606    9.2829
DIM:ROT:      36         2  -14.1290    6.5558    8.9487
DIM:ROT:      36         3  -14.9377    6.0353    7.7724
DIM:ROT:      37         1  -11.3366    5.9268    6.7222
DIM:ROT:      37         2  -11.7667    4.1865    5.8106
DIM:ROT:      37         3  -12.0421    3.5290    4.5801
DIM:ROT:      38         1   -6.9539    2.6893    4.6971
DIM:ROT:      38         2   -7.0475    2.4334    2.4415
DIM:ROT:      38         3   -7.1001    1.4430    2.4736
DIM:ROT:      39         1   -1.7257   36.3201   21.1352
DIM:ROT:      39         2   -3.5697    7.9601   12.9600
DIM:ROT:      39         3   -3.9298    4.1558    4.9670
DIM:ROT:      40         1   -3.9589    2.3057    3.9083
DIM:ROT:      40         2   -4.0408    1.8439    2.5231
DIM:ROT:      40         3   -4.0903    1.2565    2.2600
DIM:ROT:      41         1   -4.1815    1.7452    1.2729
DIM:ROT:      41         2   -4.1984    0.8529    1.2119
DIM:ROT:      41         3   -4.2082    0.7288    0.8021
DIM:ROT:      42         1   -4.1056    2.5449    1.9539
DIM:ROT:      42         2   -4.1389    1.0068    1.7735
DIM:ROT:      42         3   -4.1524    0.8757    0.9043
DIM:ROT:      43         1   -3.8869    3.3229    3.4837
DIM:ROT:      43         2   -4.0383    2.7979    3.1247
DIM:ROT:      43         3   -4.1723    2.6273    2.9756
DIM:ROT:      44         1   -3.2171    1.9430    3.2484
DIM:ROT:      44         2   -3.3141    2.7707    2.0610
DIM:ROT:      44         3   -3.4093    1.8250    3.0112
DIM:ROT:      45         1   -1.8452    4.0347    3.6511
DIM:ROT:      45         2   -1.9854    2.4148    3.3180
DIM:ROT:      45         3   -2.0707    2.3175    2.1610
DIM:ROT:      46         1   -2.3333    3.4347    2.2818
DIM:ROT:      46         2   -2.4122    1.8958    2.4804
DIM:ROT:      46         3   -2.4700    2.0452    1.6438
DIM:ROT:      47         1   -1.9783    1.8551    2.3452
DIM:ROT:      47         2   -2.0173    1.5727    1.5687
DIM:ROT:      47         3   -2.0491    1.2493    1.5696
DIM:ROT:      48         1   -1.0723    6.8737    4.5949
DIM:ROT:      48         2   -1.1758    2.6050    3.0635
DIM:ROT:      48         3   -1.2323    1.7714    1.8457
DIM:ROT:      49         1   -1.3075    2.1788    1.9924
DIM:ROT:      49         2   -1.3549    1.4668    2.0202
DIM:ROT:      49         3   -1.3951    1.6530    1.4693
DIM:ROT:      50         1   -1.4425    1.5673    1.6621
DIM:ROT:      50         2   -1.4811    1.4488    1.5919
DIM:ROT:      50         3   -1.5173    1.4043    1.4893
DIM:ROT:      51         1   -1.3933    1.1832    1.3585
DIM:ROT:      51         2   -1.4183    1.1922    1.2159
DIM:ROT:      51         3   -1.4404    1.0725    1.2274
DIM:ROT:      52         1   -1.3127    1.0160    1.0789
DIM:ROT:      52         2   -1.3293    0.9508    1.0436
DIM:ROT:      52         3   -1.3451    0.9303    0.9864
DIM:ROT:      53         1   -1.6591    1.0074    1.0426
DIM:ROT:      53         2   -1.6736    0.8633    1.0123
DIM:ROT:      53         3   -1.6866    0.8553    0.8961
DIM:ROT:      54         1   -1.8917    0.7564    0.9020
DIM:ROT:      54         2   -1.9014    0.7553    0.7673
DIM:ROT:      54         3   -1.9102    0.6576    0.7819
DIM:ROT:      55         1   -1.9272    0.6162    0.6827
DIM:ROT:      55         2   -1.9336    0.5796    0.6402
DIM:ROT:      55         3   -1.9391    0.5457    0.6032
DIM:ROT:      56         1   -2.0060    0.4966    0.5527
DIM:ROT:      56         2   -2.0101    0.4661    0.5171
DIM:ROT:      56         3   -2.0139    0.4418    0.4895
DIM:ROT:      57         1   -2.0768    0.3772    0.4683
DIM:ROT:      57         2   -2.0795    0.3862    0.3905
DIM:ROT:      57         3   -2.0818    0.3285    0.4035
DIM:ROT:      58         1   -2.0786    0.3669    0.3415
DIM:ROT:      58         2   -2.0803    0.2606    0.3557
DIM:ROT:      58         3   -2.0817    0.2944    0.2640
DIM:ROT:      59         1   -2.0173    0.2319    0.3163
DIM:ROT:      59         2   -2.0184    0.2478    0.2299
DIM:ROT:      59         3   -2.0192    0.1862    0.2489
DIM:ROT:      60         1   -1.9927    0.2379    0.1929
DIM:ROT:      60         2   -1.9934    0.1556    0.2278
DIM:ROT:      60         3   -1.9940    0.1906    0.1524
DIM:ROT:      61         1   -2.0156    0.1592    0.2080
DIM:ROT:      61         2   -2.0161    0.1568    0.1564
DIM:ROT:      61         3   -2.0165    0.1229    0.1578
DIM:ROT:      62         1   -1.9955    0.1838    0.1444
DIM:ROT:      62         2   -1.9959    0.1104    0.1648
DIM:ROT:      62         3   -1.9962    0.1314    0.1050
DIM:ROT:      63         1   -1.9896    0.1033    0.1415
DIM:ROT:      63         2   -1.9899    0.1059    0.0999
DIM:ROT:      64         1   -1.9949    0.1116    0.1292
DIM:ROT:      64         2   -1.9952    0.0928    0.1084
DIM:ROT:      64         3   -1.9953    0.0819    0.0935
DIM:ROT:      65         1   -1.9930    0.0803    0.0857
DIM:ROT:      66         1   -1.9843    0.0788    0.0893
DIM:ROT:      67         1   -1.9896    0.0832    0.0872
DIM:ROT:      68         1   -2.0016    0.0671    0.0832
DIM:ROT:      69         1   -2.0017    0.0611    0.0692
