      Step     Time          Energy          fmax
BFGS:    0 14:22:30    -6378.461470        0.714737
BFGS:    1 14:22:30    -6378.481979        0.757228
BFGS:    2 14:22:30    -6378.781268        3.104331
BFGS:    3 14:22:30    -6378.767841        5.851094
BFGS:    4 14:22:30    -6379.191748        1.586724
BFGS:    5 14:22:30    -6379.339457        1.315899
BFGS:    6 14:22:30    -6379.535669        0.709598
BFGS:    7 14:22:30    -6379.590209        0.553518
BFGS:    8 14:22:30    -6379.617407        0.550235
BFGS:    9 14:22:30    -6379.660120        0.688395
BFGS:   10 14:22:30    -6379.699958        0.871815
BFGS:   11 14:22:30    -6379.757276        0.625211
BFGS:   12 14:22:30    -6379.799233        0.590209
BFGS:   13 14:22:30    -6379.831788        0.456012
BFGS:   14 14:22:30    -6379.872852        0.493006
BFGS:   15 14:22:30    -6379.905175        0.364659
BFGS:   16 14:22:30    -6379.933270        0.375744
BFGS:   17 14:22:31    -6379.947501        0.372835
BFGS:   18 14:22:31    -6379.958672        0.190457
BFGS:   19 14:22:31    -6379.963834        0.132040
BFGS:   20 14:22:31    -6379.965689        0.117774
BFGS:   21 14:22:31    -6379.968655        0.087428
BFGS:   22 14:22:31    -6379.970360        0.075733
BFGS:   23 14:22:31    -6379.971619        0.065761
BFGS:   24 14:22:31    -6379.972375        0.073000
BFGS:   25 14:22:31    -6379.973245        0.089057
BFGS:   26 14:22:31    -6379.974308        0.111430
BFGS:   27 14:22:31    -6379.975520        0.105522
BFGS:   28 14:22:31    -6379.976653        0.088047
BFGS:   29 14:22:31    -6379.977729        0.089927
BFGS:   30 14:22:31    -6379.978925        0.114620
BFGS:   31 14:22:31    -6379.980344        0.112931
BFGS:   32 14:22:31    -6379.981852        0.082633
BFGS:   33 14:22:31    -6379.983301        0.085233
BFGS:   34 14:22:31    -6379.984692        0.090414
BFGS:   35 14:22:31    -6379.986223        0.088924
BFGS:   36 14:22:31    -6379.987706        0.097004
BFGS:   37 14:22:31    -6379.988841        0.099746
BFGS:   38 14:22:31    -6379.989674        0.086886
BFGS:   39 14:22:31    -6379.990260        0.067090
BFGS:   40 14:22:31    -6379.990714        0.046138
BFGS:   41 14:22:31    -6379.991038        0.038955
BFGS:   42 14:22:31    -6379.991256        0.035123
BFGS:   43 14:22:31    -6379.991416        0.030310
BFGS:   44 14:22:31    -6379.991552        0.030688
BFGS:   45 14:22:31    -6379.991687        0.026621
BFGS:   46 14:22:31    -6379.991812        0.029691
BFGS:   47 14:22:31    -6379.991954        0.031607
BFGS:   48 14:22:31    -6379.992136        0.032733
BFGS:   49 14:22:31    -6379.992357        0.035966
BFGS:   50 14:22:31    -6379.992595        0.035668
BFGS:   51 14:22:31    -6379.992809        0.033647
BFGS:   52 14:22:31    -6379.993012        0.034216
BFGS:   53 14:22:31    -6379.993229        0.036288
BFGS:   54 14:22:31    -6379.993486        0.047994
BFGS:   55 14:22:31    -6379.993762        0.040346
BFGS:   56 14:22:31    -6379.994019        0.051914
BFGS:   57 14:22:31    -6379.994259        0.043751
BFGS:   58 14:22:31    -6379.994500        0.037946
BFGS:   59 14:22:31    -6379.994727        0.037392
BFGS:   60 14:22:31    -6379.994951        0.040434
BFGS:   61 14:22:31    -6379.995193        0.045080
BFGS:   62 14:22:31    -6379.995520        0.040763
BFGS:   63 14:22:31    -6379.995896        0.044308
BFGS:   64 14:22:31    -6379.996242        0.041845
BFGS:   65 14:22:31    -6379.996588        0.046508
BFGS:   66 14:22:31    -6379.996991        0.053357
BFGS:   67 14:22:31    -6379.997445        0.076031
BFGS:   68 14:22:31    -6379.997939        0.082745
BFGS:   69 14:22:31    -6379.998500        0.062893
BFGS:   70 14:22:31    -6379.999342        0.048094
BFGS:   71 14:22:31    -6379.999899        0.054141
BFGS:   72 14:22:31    -6380.000584        0.048126
BFGS:   73 14:22:31    -6380.001070        0.066241
BFGS:   74 14:22:31    -6380.001436        0.046773
BFGS:   75 14:22:31    -6380.001887        0.050581
BFGS:   76 14:22:31    -6380.002234        0.049495
BFGS:   77 14:22:31    -6380.002504        0.049242
BFGS:   78 14:22:31    -6380.002847        0.042740
BFGS:   79 14:22:31    -6380.003332        0.047952
BFGS:   80 14:22:31    -6380.003924        0.058478
BFGS:   81 14:22:32    -6380.004640        0.088960
BFGS:   82 14:22:32    -6380.005290        0.069018
BFGS:   83 14:22:32    -6380.005750        0.131907
BFGS:   84 14:22:32    -6380.006547        0.067910
BFGS:   85 14:22:32    -6380.007099        0.058449
BFGS:   86 14:22:32    -6380.008003        0.084883
BFGS:   87 14:22:32    -6380.008289        0.046462
BFGS:   88 14:22:32    -6380.008697        0.045351
BFGS:   89 14:22:32    -6380.009152        0.050326
BFGS:   90 14:22:32    -6380.009380        0.105596
BFGS:   91 14:22:32    -6380.010097        0.094960
BFGS:   92 14:22:32    -6380.011635        0.062725
BFGS:   93 14:22:32    -6380.013088        0.108972
BFGS:   94 14:22:32    -6380.013454        0.055110
BFGS:   95 14:22:32    -6380.013637        0.104392
BFGS:   96 14:22:32    -6380.014031        0.057533
BFGS:   97 14:22:32    -6380.014124        0.022013
BFGS:   98 14:22:32    -6380.014222        0.018820
BFGS:   99 14:22:32    -6380.014346        0.033712
BFGS:  100 14:22:32    -6380.014445        0.028625
BFGS:  101 14:22:32    -6380.014597        0.030386
BFGS:  102 14:22:32    -6380.014747        0.036678
BFGS:  103 14:22:32    -6380.014908        0.039491
BFGS:  104 14:22:32    -6380.015082        0.038925
BFGS:  105 14:22:32    -6380.015321        0.041852
BFGS:  106 14:22:32    -6380.015672        0.058874
BFGS:  107 14:22:32    -6380.016215        0.069321
BFGS:  108 14:22:32    -6380.016995        0.104722
BFGS:  109 14:22:32    -6380.017989        0.099313
BFGS:  110 14:22:32    -6380.018810        0.055375
BFGS:  111 14:22:32    -6380.019277        0.049893
BFGS:  112 14:22:32    -6380.019578        0.041301
BFGS:  113 14:22:32    -6380.019775        0.098808
BFGS:  114 14:22:32    -6380.020121        0.045933
BFGS:  115 14:22:32    -6380.020522        0.038059
BFGS:  116 14:22:32    -6380.020989        0.052773
BFGS:  117 14:22:32    -6380.021249        0.053585
BFGS:  118 14:22:32    -6380.021666        0.044983
BFGS:  119 14:22:32    -6380.022167        0.040311
BFGS:  120 14:22:32    -6380.022845        0.060180
BFGS:  121 14:22:32    -6380.023687        0.061025
BFGS:  122 14:22:32    -6380.024507        0.065042
BFGS:  123 14:22:32    -6380.025098        0.074954
BFGS:  124 14:22:32    -6380.025767        0.055597
BFGS:  125 14:22:32    -6380.026187        0.032117
BFGS:  126 14:22:32    -6380.026379        0.042572
BFGS:  127 14:22:32    -6380.026511        0.030850
BFGS:  128 14:22:32    -6380.026627        0.017036
BFGS:  129 14:22:32    -6380.026709        0.016222
BFGS:  130 14:22:32    -6380.026764        0.018551
BFGS:  131 14:22:32    -6380.026804        0.019562
BFGS:  132 14:22:32    -6380.026854        0.027226
BFGS:  133 14:22:32    -6380.026935        0.037837
BFGS:  134 14:22:32    -6380.027085        0.045627
BFGS:  135 14:22:32    -6380.027307        0.042379
BFGS:  136 14:22:32    -6380.027530        0.030478
BFGS:  137 14:22:32    -6380.027680        0.019873
BFGS:  138 14:22:32    -6380.027767        0.023772
BFGS:  139 14:22:32    -6380.027812        0.022586
BFGS:  140 14:22:32    -6380.027859        0.018959
BFGS:  141 14:22:32    -6380.027902        0.016158
BFGS:  142 14:22:32    -6380.027986        0.020649
BFGS:  143 14:22:32    -6380.028117        0.028018
BFGS:  144 14:22:33    -6380.028366        0.050129
BFGS:  145 14:22:33    -6380.028729        0.064920
BFGS:  146 14:22:33    -6380.029096        0.055753
BFGS:  147 14:22:33    -6380.029390        0.048141
BFGS:  148 14:22:33    -6380.029630        0.038000
BFGS:  149 14:22:33    -6380.029863        0.025184
BFGS:  150 14:22:33    -6380.030109        0.025785
BFGS:  151 14:22:33    -6380.030270        0.020382
BFGS:  152 14:22:33    -6380.030345        0.014991
BFGS:  153 14:22:33    -6380.030359        0.007737
BFGS:  154 14:22:33    -6380.030368        0.005937
BFGS:  155 14:22:33    -6380.030369        0.004013
