      Step     Time          Energy          fmax
BFGS:    0 16:55:44    -6227.076883        0.672465
BFGS:    1 16:55:44    -6227.093172        0.715131
BFGS:    2 16:55:44    -6227.193103        2.397680
BFGS:    3 16:55:44    -6227.361345        3.491440
BFGS:    4 16:55:44    -6227.751217        1.903262
BFGS:    5 16:55:44    -6228.074875        2.226251
BFGS:    6 16:55:44    -6228.381372        3.512076
BFGS:    7 16:55:44    -6228.613563        4.738924
BFGS:    8 16:55:44    -6228.830789        3.620543
BFGS:    9 16:55:44    -6228.957342        1.654617
BFGS:   10 16:55:44    -6229.032690        1.313526
BFGS:   11 16:55:44    -6229.087141        1.199205
BFGS:   12 16:55:44    -6229.119477        0.665017
BFGS:   13 16:55:44    -6229.143466        0.543804
BFGS:   14 16:55:44    -6229.157711        0.474407
BFGS:   15 16:55:44    -6229.169870        0.324684
BFGS:   16 16:55:44    -6229.174401        0.244732
BFGS:   17 16:55:44    -6229.178408        0.272907
BFGS:   18 16:55:44    -6229.182875        0.317839
BFGS:   19 16:55:44    -6229.186305        0.212132
BFGS:   20 16:55:44    -6229.188180        0.106198
BFGS:   21 16:55:44    -6229.189043        0.086995
BFGS:   22 16:55:44    -6229.189783        0.116803
BFGS:   23 16:55:44    -6229.190844        0.116295
BFGS:   24 16:55:44    -6229.192269        0.156872
BFGS:   25 16:55:44    -6229.193921        0.157643
BFGS:   26 16:55:44    -6229.195545        0.138570
BFGS:   27 16:55:44    -6229.197088        0.135614
BFGS:   28 16:55:44    -6229.198638        0.136676
BFGS:   29 16:55:44    -6229.199846        0.192911
BFGS:   30 16:55:44    -6229.200910        0.158631
BFGS:   31 16:55:44    -6229.201826        0.151197
BFGS:   32 16:55:44    -6229.202706        0.150923
BFGS:   33 16:55:44    -6229.203298        0.144936
BFGS:   34 16:55:44    -6229.204398        0.146350
BFGS:   35 16:55:44    -6229.205214        0.148626
BFGS:   36 16:55:44    -6229.205729        0.148892
BFGS:   37 16:55:44    -6229.206059        0.153410
BFGS:   38 16:55:44    -6229.206386        0.144561
BFGS:   39 16:55:44    -6229.206743        0.112781
BFGS:   40 16:55:44    -6229.206888        0.090206
BFGS:   41 16:55:44    -6229.207054        0.063130
BFGS:   42 16:55:44    -6229.207141        0.049082
BFGS:   43 16:55:44    -6229.207184        0.047679
BFGS:   44 16:55:44    -6229.207204        0.050837
BFGS:   45 16:55:44    -6229.207234        0.052731
BFGS:   46 16:55:44    -6229.207278        0.056544
BFGS:   47 16:55:44    -6229.207346        0.050186
BFGS:   48 16:55:44    -6229.207400        0.029142
BFGS:   49 16:55:44    -6229.207428        0.012632
BFGS:   50 16:55:44    -6229.207433        0.007462
BFGS:   51 16:55:44    -6229.207440        0.004888
