MINMODE:METHOD: Dimer
DIM:CONTROL: Search Parameters:
DIM:CONTROL: ------------------
DIM:CONTROL: eigenmode_method = dimer
DIM:CONTROL: f_rot_min = 0.01
DIM:CONTROL: f_rot_max = 0.1
DIM:CONTROL: max_num_rot = 3
DIM:CONTROL: trial_angle = 0.7853981633974483
DIM:CONTROL: trial_trans_step = 0.001
DIM:CONTROL: maximum_translation = 0.1
DIM:CONTROL: cg_translation = True
DIM:CONTROL: use_central_forces = True
DIM:CONTROL: dimer_separation = 0.005
DIM:CONTROL: initial_eigenmode_method = gauss
DIM:CONTROL: extrapolate_forces = True
DIM:CONTROL: displacement_method = gauss
DIM:CONTROL: gauss_std = 0.1
DIM:CONTROL: order = 1
DIM:CONTROL: mask = None
DIM:CONTROL: displacement_center = None
DIM:CONTROL: displacement_radius = None
DIM:CONTROL: number_of_displacement_atoms = None
DIM:CONTROL: ------------------
DIM:ROT: OPT-STEP ROT-STEP CURVATURE ROT-ANGLE ROT-FORCE
DIM:ROT:       0         1    3.8046   23.1165  106.8403
DIM:ROT:       0         2   -6.2894   27.5813   18.1848
DIM:ROT:       0         3  -12.8283    9.8727   37.8305
DIM:ROT:       1         1   -2.7296    8.9499   11.4042
DIM:ROT:       1         2   -3.7020    5.6512   10.0160
DIM:ROT:       1         3   -4.5489    5.8869    8.2373
DIM:ROT:       2         1    0.2876    3.7007    5.3625
DIM:ROT:       2         2    0.0518    3.6535    3.6207
DIM:ROT:       2         3   -0.1173    2.4906    3.9938
DIM:ROT:       3         1   -1.6447    2.6612    4.7177
DIM:ROT:       3         2   -1.8055    2.8205    3.0992
DIM:ROT:       3         3   -1.9210    1.9324    3.5542
DIM:ROT:       4         1    0.3247    2.3955    3.8514
DIM:ROT:       4         2    0.2563    2.1822    1.6089
DIM:ROT:       4         3    0.2168    1.1043    2.1574
DIM:ROT:       5         1    0.4245    5.6229    9.4154
DIM:ROT:       5         2    0.3213    2.3511    1.7813
DIM:ROT:       5         3    0.2978    0.9068    1.4715
DIM:ROT:       6         1    0.7101    5.1909    8.2680
DIM:ROT:       6         2    0.6156    2.2229    1.8125
DIM:ROT:       6         3    0.5892    0.9077    1.6573
DIM:ROT:       7         1    1.0457    5.0644    7.5073
DIM:ROT:       7         2    0.9345    2.7180    1.8631
DIM:ROT:       7         3    0.8969    1.1893    1.8132
DIM:ROT:       8         1    0.9106    5.1859    7.3068
DIM:ROT:       8         2    0.7990    2.4071    2.1356
DIM:ROT:       8         3    0.7480    1.2697    2.3193
DIM:ROT:       9         1    0.8262    5.3179    7.0391
DIM:ROT:       9         2    0.6942    2.7929    2.3283
DIM:ROT:       9         3    0.6211    1.5181    2.7510
DIM:ROT:      10         1    2.6272    5.1572    5.1740
DIM:ROT:      10         2    2.4786    2.5111    3.1501
DIM:ROT:      10         3    2.3690    2.0347    3.1053
DIM:ROT:      11         1    1.2427    3.6133    4.3475
DIM:ROT:      11         2    1.1556    1.7474    2.9760
DIM:ROT:      11         3    1.0735    2.0527    2.2615
DIM:ROT:      12         1    1.6881    4.0630    4.9727
DIM:ROT:      12         2    1.5845    1.8690    3.2790
DIM:ROT:      12         3    1.4993    2.1561    2.3234
DIM:ROT:      13         1    2.0833    3.6652    4.3891
DIM:ROT:      13         2    1.9549    2.0407    3.7139
DIM:ROT:      13         3    1.8403    2.4632    2.6217
DIM:ROT:      14         1    2.0130    3.0551    3.9320
DIM:ROT:      14         2    1.8624    2.2600    3.7875
DIM:ROT:      14         3    1.7427    2.3875    2.9259
DIM:ROT:      15         1    1.7754    2.6028    3.4871
DIM:ROT:      15         2    1.6377    2.2018    3.5969
DIM:ROT:      15         3    1.5058    2.3513    3.1619
DIM:ROT:      16         1    1.4386    2.3403    3.7877
DIM:ROT:      16         2    1.2932    2.4994    3.3059
DIM:ROT:      16         3    1.1642    2.1541    3.4962
DIM:ROT:      17         1    0.7442    3.0136    3.0593
DIM:ROT:      17         2    0.6066    2.0078    3.9590
DIM:ROT:      17         3    0.4768    2.6795    2.7265
DIM:ROT:      18         1   -0.0295    1.8024    3.8268
DIM:ROT:      18         2   -0.1339    2.6011    2.2742
DIM:ROT:      18         3   -0.2183    1.5327    3.2332
DIM:ROT:      19         1   -0.1660    4.7844    2.0056
DIM:ROT:      19         2   -0.2851    1.6856    4.0576
DIM:ROT:      19         3   -0.3658    2.7980    1.6084
DIM:ROT:      20         1   -0.2171    1.6139    3.2287
DIM:ROT:      20         2   -0.2570    1.4079    1.6065
DIM:ROT:      20         3   -0.2867    0.9793    1.7320
DIM:ROT:      21         1   -0.4854    1.6353    1.5725
DIM:ROT:      21         2   -0.5171    1.0147    1.7902
DIM:ROT:      21         3   -0.5396    1.0426    1.2407
DIM:ROT:      22         1   -0.7976    1.7321    2.8770
DIM:ROT:      22         2   -0.8873    2.3558    2.1229
DIM:ROT:      22         3   -0.9723    1.7479    2.9081
DIM:ROT:      23         1   -0.4465    0.8502    1.6223
DIM:ROT:      23         2   -0.4533    0.5360    0.6734
DIM:ROT:      23         3   -0.4581    0.4075    0.6756
DIM:ROT:      24         1   -0.2699    1.0249    1.2879
DIM:ROT:      24         2   -0.2815    0.8015    0.8194
DIM:ROT:      24         3   -0.2887    0.5007    0.8410
DIM:ROT:      25         1   -0.0225    1.2923    2.0050
DIM:ROT:      25         2   -0.0375    1.0351    0.8186
DIM:ROT:      25         3   -0.0481    0.5697    1.0506
DIM:ROT:      26         1    0.1239    1.2374    1.7472
DIM:ROT:      26         2    0.1019    1.5605    0.8092
DIM:ROT:      26         3    0.0855    0.7224    1.2633
DIM:ROT:      27         1   -0.0119    0.7126    1.1566
DIM:ROT:      27         2   -0.0181    0.5355    0.6670
DIM:ROT:      27         3   -0.0236    0.4399    0.6973
DIM:ROT:      28         1   -0.1190    0.7203    0.9148
DIM:ROT:      28         2   -0.1239    0.5722    0.5108
DIM:ROT:      28         3   -0.1275    0.3367    0.5908
DIM:ROT:      29         1   -0.1179    0.5086    0.4856
DIM:ROT:      29         2   -0.1210    0.3142    0.5571
DIM:ROT:      29         3   -0.1236    0.3742    0.3901
DIM:ROT:      30         1   -0.1903    0.5575    0.9405
DIM:ROT:      30         2   -0.1960    0.6102    0.4866
DIM:ROT:      30         3   -0.2003    0.3707    0.7085
DIM:ROT:      31         1   -0.0757    0.7903    1.3254
DIM:ROT:      31         2   -0.0800    0.5221    0.4270
DIM:ROT:      31         3   -0.0830    0.2895    0.5710
DIM:ROT:      32         1    0.0189    1.0620    1.7394
DIM:ROT:      32         2    0.0100    1.0314    0.4649
DIM:ROT:      32         3    0.0038    0.4340    0.7950
DIM:ROT:      33         1   -0.1320    0.5874    0.9098
DIM:ROT:      33         2   -0.1350    0.4082    0.4308
DIM:ROT:      33         3   -0.1375    0.3007    0.4691
DIM:ROT:      34         1   -0.1638    0.5470    0.7698
DIM:ROT:      34         2   -0.1666    0.4202    0.4035
DIM:ROT:      34         3   -0.1689    0.2782    0.4622
DIM:ROT:      35         1   -0.2212    0.6621    0.5660
DIM:ROT:      35         2   -0.2274    0.4458    0.7493
DIM:ROT:      35         3   -0.2322    0.5232    0.5480
DIM:ROT:      36         1   -0.1741    0.3757    0.6760
DIM:ROT:      36         2   -0.1780    0.4863    0.4450
DIM:ROT:      36         3   -0.1816    0.3418    0.6128
DIM:ROT:      37         1   -0.1242    0.3778    0.5671
DIM:ROT:      37         2   -0.1265    0.3458    0.3682
DIM:ROT:      37         3   -0.1285    0.2636    0.4445
DIM:ROT:      38         1   -0.1120    1.3680    2.4560
DIM:ROT:      38         2   -0.1174    0.6451    0.3402
DIM:ROT:      38         3   -0.1201    0.2870    0.5660
DIM:ROT:      39         1   -0.0051    1.3987    2.3690
DIM:ROT:      39         2   -0.0131    0.9449    0.4140
DIM:ROT:      39         3   -0.0172    0.3539    0.6519
DIM:ROT:      40         1    0.0106    1.1946    1.9958
DIM:ROT:      40         2    0.0037    0.8261    0.4338
DIM:ROT:      40         3   -0.0010    0.3568    0.7423
DIM:ROT:      41         1   -0.0533    0.8553    1.5998
DIM:ROT:      41         2   -0.0559    0.4499    0.2510
DIM:ROT:      41         3   -0.0572    0.1889    0.3929
DIM:ROT:      42         1    0.0152    0.4953    0.7936
DIM:ROT:      42         2    0.0124    0.5356    0.3024
DIM:ROT:      42         3    0.0100    0.2568    0.5054
DIM:ROT:      43         1    0.0576    0.5113    0.8335
DIM:ROT:      43         2    0.0555    0.3390    0.3601
DIM:ROT:      43         3    0.0537    0.2494    0.4096
DIM:ROT:      44         1    0.0475    0.5786    0.8118
DIM:ROT:      44         2    0.0442    0.5235    0.3619
DIM:ROT:      44         3    0.0420    0.2871    0.4479
DIM:ROT:      45         1    0.0123    0.5541    0.7983
DIM:ROT:      45         2    0.0096    0.3855    0.3896
DIM:ROT:      45         3    0.0078    0.2488    0.4302
DIM:ROT:      46         1    0.0013    0.5882    0.8011
DIM:ROT:      46         2   -0.0020    0.4843    0.3962
DIM:ROT:      46         3   -0.0041    0.2833    0.4496
DIM:ROT:      47         1   -0.0324    0.5170    0.7515
DIM:ROT:      47         2   -0.0345    0.3368    0.3777
DIM:ROT:      47         3   -0.0359    0.2163    0.3812
DIM:ROT:      48         1   -0.0765    0.4958    0.7571
DIM:ROT:      48         2   -0.0784    0.3482    0.3563
DIM:ROT:      48         3   -0.0799    0.2142    0.3695
DIM:ROT:      49         1   -0.0606    0.2956    0.2906
DIM:ROT:      49         2   -0.0615    0.1893    0.2809
DIM:ROT:      49         3   -0.0622    0.1781    0.2198
DIM:ROT:      50         1   -0.0396    0.3420    0.4944
DIM:ROT:      50         2   -0.0410    0.2633    0.3061
DIM:ROT:      50         3   -0.0421    0.2088    0.3042
DIM:ROT:      51         1   -0.0665    0.4356    0.5232
DIM:ROT:      51         2   -0.0680    0.2448    0.3735
DIM:ROT:      51         3   -0.0690    0.2052    0.2866
DIM:ROT:      52         1   -0.1199    0.6247    0.4471
DIM:ROT:      52         2   -0.1229    0.3110    0.6029
DIM:ROT:      52         3   -0.1258    0.4194    0.3642
DIM:ROT:      53         1   -0.0965    0.2677    0.5122
DIM:ROT:      53         2   -0.0985    0.3550    0.3156
DIM:ROT:      53         3   -0.1002    0.2321    0.4311
DIM:ROT:      54         1   -0.0630    0.2736    0.3261
DIM:ROT:      54         2   -0.0639    0.1842    0.3015
DIM:ROT:      54         3   -0.0647    0.1911    0.2314
DIM:ROT:      55         1   -0.0725    0.3397    0.5021
DIM:ROT:      55         2   -0.0739    0.2359    0.3342
DIM:ROT:      55         3   -0.0749    0.1900    0.2958
DIM:ROT:      56         1   -0.0778    0.2980    0.3022
DIM:ROT:      56         2   -0.0791    0.2045    0.3438
DIM:ROT:      56         3   -0.0801    0.2339    0.2559
DIM:ROT:      57         1   -0.0948    0.2403    0.3804
DIM:ROT:      57         2   -0.0960    0.2421    0.2723
DIM:ROT:      57         3   -0.0970    0.1918    0.3137
DIM:ROT:      58         1   -0.1032    0.2188    0.3383
DIM:ROT:      58         2   -0.1040    0.1920    0.2331
DIM:ROT:      58         3   -0.1046    0.1527    0.2516
DIM:ROT:      59         1   -0.1060    0.2430    0.3561
DIM:ROT:      59         2   -0.1068    0.2221    0.2139
DIM:ROT:      59         3   -0.1075    0.1516    0.2622
DIM:ROT:      60         1   -0.1312    0.2672    0.3581
DIM:ROT:      60         2   -0.1326    0.2623    0.2590
DIM:ROT:      60         3   -0.1335    0.1896    0.3077
DIM:ROT:      61         1   -0.1340    0.2417    0.3656
DIM:ROT:      61         2   -0.1350    0.2262    0.2308
DIM:ROT:      61         3   -0.1358    0.1639    0.2835
DIM:ROT:      62         1   -0.0918    0.3237    0.4719
DIM:ROT:      62         2   -0.0931    0.2964    0.2659
DIM:ROT:      62         3   -0.0943    0.1920    0.3453
DIM:ROT:      63         1   -0.1073    0.2904    0.4632
DIM:ROT:      63         2   -0.1084    0.2840    0.2156
DIM:ROT:      63         3   -0.1093    0.1670    0.3130
DIM:ROT:      64         1   -0.1514    0.2912    0.4472
DIM:ROT:      64         2   -0.1530    0.3333    0.2386
DIM:ROT:      64         3   -0.1540    0.1920    0.3528
DIM:ROT:      65         1   -0.1219    0.4723    0.8158
DIM:ROT:      65         2   -0.1233    0.3357    0.2370
DIM:ROT:      65         3   -0.1244    0.1805    0.3568
DIM:ROT:      66         1   -0.0907    0.3725    0.5515
DIM:ROT:      66         2   -0.0927    0.4433    0.2685
DIM:ROT:      66         3   -0.0945    0.2310    0.4343
DIM:ROT:      67         1   -0.0999    0.4347    0.7517
DIM:ROT:      67         2   -0.1013    0.3649    0.2200
DIM:ROT:      67         3   -0.1025    0.1803    0.3645
DIM:ROT:      68         1   -0.1092    0.2419    0.3748
DIM:ROT:      68         2   -0.1100    0.2551    0.1973
DIM:ROT:      68         3   -0.1108    0.1508    0.2888
DIM:ROT:      69         1   -0.0790    0.3248    0.5515
DIM:ROT:      69         2   -0.0801    0.3398    0.1779
DIM:ROT:      69         3   -0.0810    0.1577    0.3229
DIM:ROT:      70         1   -0.0533    0.2542    0.3746
DIM:ROT:      70         2   -0.0543    0.3098    0.1964
DIM:ROT:      70         3   -0.0553    0.1681    0.3131
DIM:ROT:      71         1   -0.0544    0.2482    0.3957
DIM:ROT:      71         2   -0.0551    0.2453    0.1888
DIM:ROT:      71         3   -0.0559    0.1496    0.2844
DIM:ROT:      72         1   -0.0732    0.2636    0.4533
DIM:ROT:      72         2   -0.0741    0.3102    0.1464
DIM:ROT:      72         3   -0.0747    0.1327    0.2773
DIM:ROT:      73         1   -0.0516    0.2074    0.3478
DIM:ROT:      73         2   -0.0521    0.2335    0.1318
DIM:ROT:      73         3   -0.0526    0.1149    0.2371
DIM:ROT:      74         1   -0.0234    0.2503    0.3638
DIM:ROT:      74         2   -0.0244    0.3731    0.1787
DIM:ROT:      74         3   -0.0256    0.1815    0.3125
DIM:ROT:      75         1   -0.0242    0.2442    0.4281
DIM:ROT:      75         2   -0.0246    0.1611    0.1454
DIM:ROT:      75         3   -0.0250    0.1058    0.2004
DIM:ROT:      76         1   -0.0190    0.2326    0.3996
DIM:ROT:      76         2   -0.0196    0.2560    0.1193
DIM:ROT:      76         3   -0.0199    0.1062    0.2200
DIM:ROT:      77         1    0.0185    0.3788    0.6741
DIM:ROT:      77         2    0.0179    0.2482    0.1241
DIM:ROT:      77         3    0.0175    0.1052    0.2147
DIM:ROT:      78         1   -0.0856    0.4396    0.7466
DIM:ROT:      78         2   -0.0870    0.2782    0.2610
DIM:ROT:      78         3   -0.0879    0.1713    0.2981
DIM:ROT:      79         1   -0.0308    0.2612    0.4803
DIM:ROT:      79         2   -0.0311    0.1279    0.1570
DIM:ROT:      79         3   -0.0314    0.1067    0.1519
DIM:ROT:      80         1   -0.0395    0.1159    0.1355
DIM:ROT:      80         2   -0.0398    0.0994    0.1484
DIM:ROT:      80         3   -0.0400    0.1090    0.1283
DIM:ROT:      81         1   -0.0391    0.0950    0.1503
DIM:ROT:      81         2   -0.0393    0.1137    0.1198
DIM:ROT:      81         3   -0.0395    0.0929    0.1477
DIM:ROT:      82         1   -0.0385    0.1150    0.1330
DIM:ROT:      82         2   -0.0388    0.0986    0.1415
DIM:ROT:      82         3   -0.0390    0.1017    0.1290
DIM:ROT:      83         1   -0.0443    0.1062    0.1661
DIM:ROT:      83         2   -0.0445    0.1134    0.1165
DIM:ROT:      83         3   -0.0448    0.0892    0.1470
DIM:ROT:      84         1   -0.0365    0.1508    0.2521
DIM:ROT:      84         2   -0.0367    0.1409    0.1069
DIM:ROT:      84         3   -0.0370    0.0840    0.1633
DIM:ROT:      85         1   -0.0122    0.2572    0.4388
DIM:ROT:      85         2   -0.0127    0.2836    0.1091
DIM:ROT:      85         3   -0.0131    0.1132    0.2176
DIM:ROT:      86         1   -0.0118    0.2145    0.3745
DIM:ROT:      86         2   -0.0122    0.1942    0.1009
DIM:ROT:      86         3   -0.0125    0.0877    0.1887
DIM:ROT:      87         1    0.0148    0.6497    1.1574
DIM:ROT:      87         2    0.0138    0.3060    0.1544
DIM:ROT:      87         3    0.0133    0.1315    0.2005
DIM:ROT:      88         1    0.1389    0.4368    0.6338
DIM:ROT:      88         2    0.1372    0.3513    0.2996
DIM:ROT:      88         3    0.1358    0.2227    0.3638
DIM:ROT:      89         1    0.2174    0.5325    0.6549
DIM:ROT:      89         2    0.2140    0.4915    0.4034
DIM:ROT:      89         3    0.2114    0.3247    0.4734
DIM:ROT:      90         1    0.1694    0.4952    0.6142
DIM:ROT:      90         2    0.1668    0.4105    0.3594
DIM:ROT:      90         3    0.1650    0.2676    0.3973
DIM:ROT:      91         1    0.0321    0.4682    0.6500
DIM:ROT:      91         2    0.0303    0.2898    0.3427
DIM:ROT:      91         3    0.0292    0.2032    0.3257
DIM:ROT:      92         1   -0.0722    0.5346    0.6643
DIM:ROT:      92         2   -0.0747    0.3572    0.3920
DIM:ROT:      92         3   -0.0763    0.2532    0.3758
DIM:ROT:      93         1   -0.0710    0.5361    0.6461
DIM:ROT:      93         2   -0.0735    0.3435    0.4201
DIM:ROT:      93         3   -0.0753    0.2613    0.3947
DIM:ROT:      94         1   -0.1164    0.1746    0.3103
DIM:ROT:      94         2   -0.1172    0.1969    0.2181
DIM:ROT:      94         3   -0.1178    0.1423    0.2470
DIM:ROT:      95         1   -0.1310    0.1781    0.1824
DIM:ROT:      95         2   -0.1315    0.1272    0.2243
DIM:ROT:      95         3   -0.1319    0.1618    0.1650
DIM:ROT:      96         1   -0.1375    0.1256    0.2277
DIM:ROT:      96         2   -0.1380    0.1648    0.1605
DIM:ROT:      96         3   -0.1384    0.1173    0.2114
DIM:ROT:      97         1   -0.1453    0.1429    0.1563
DIM:ROT:      97         2   -0.1457    0.1117    0.1857
DIM:ROT:      97         3   -0.1460    0.1341    0.1497
DIM:ROT:      98         1   -0.1422    0.1147    0.1848
DIM:ROT:      98         2   -0.1426    0.1330    0.1502
DIM:ROT:      98         3   -0.1429    0.1097    0.1769
DIM:ROT:      99         1   -0.1413    0.1280    0.1618
DIM:ROT:      99         2   -0.1417    0.1158    0.1677
DIM:ROT:      99         3   -0.1420    0.1204    0.1563
DIM:ROT:     100         1   -0.1496    0.1299    0.1595
DIM:ROT:     100         2   -0.1499    0.1134    0.1660
DIM:ROT:     100         3   -0.1503    0.1189    0.1529
DIM:ROT:     101         1   -0.1425    0.1268    0.2245
DIM:ROT:     101         2   -0.1429    0.1485    0.1440
DIM:ROT:     101         3   -0.1432    0.1087    0.1918
DIM:ROT:     102         1   -0.1414    0.1927    0.2100
DIM:ROT:     102         2   -0.1420    0.2134    0.1660
DIM:ROT:     102         3   -0.1425    0.1572    0.1945
DIM:ROT:     103         1   -0.1590    0.2474    0.4486
DIM:ROT:     103         2   -0.1597    0.1764    0.1888
DIM:ROT:     103         3   -0.1601    0.1261    0.2221
DIM:ROT:     104         1   -0.1303    0.5033    0.8529
DIM:ROT:     104         2   -0.1316    0.3195    0.2139
DIM:ROT:     104         3   -0.1322    0.1396    0.2680
DIM:ROT:     105         1   -0.1261    0.3745    0.5800
DIM:ROT:     105         2   -0.1276    0.4008    0.2063
DIM:ROT:     105         3   -0.1285    0.1703    0.2962
DIM:ROT:     106         1   -0.1401    0.4412    0.7440
DIM:ROT:     106         2   -0.1417    0.4054    0.2100
DIM:ROT:     106         3   -0.1424    0.1611    0.2863
DIM:ROT:     107         1   -0.1292    0.2111    0.2776
DIM:ROT:     107         2   -0.1300    0.2852    0.1653
DIM:ROT:     107         3   -0.1307    0.1692    0.2359
DIM:ROT:     108         1   -0.1340    0.2384    0.3834
DIM:ROT:     108         2   -0.1347    0.2141    0.2097
DIM:ROT:     108         3   -0.1354    0.1542    0.2585
DIM:ROT:     109         1   -0.1564    0.1976    0.2483
DIM:ROT:     109         2   -0.1570    0.1697    0.1985
DIM:ROT:     109         3   -0.1574    0.1368    0.2059
DIM:ROT:     110         1   -0.1513    0.1608    0.2120
DIM:ROT:     110         2   -0.1518    0.1468    0.1795
DIM:ROT:     110         3   -0.1522    0.1315    0.1897
DIM:ROT:     111         1   -0.1414    0.1577    0.2496
DIM:ROT:     111         2   -0.1418    0.1530    0.1697
DIM:ROT:     111         3   -0.1423    0.1202    0.1990
DIM:ROT:     112         1   -0.1507    0.1765    0.1994
DIM:ROT:     112         2   -0.1512    0.1440    0.1777
DIM:ROT:     112         3   -0.1516    0.1253    0.1774
DIM:ROT:     113         1   -0.1481    0.1421    0.2386
DIM:ROT:     113         2   -0.1485    0.1495    0.1612
DIM:ROT:     113         3   -0.1489    0.1161    0.1941
DIM:ROT:     114         1   -0.1400    0.2061    0.1966
DIM:ROT:     114         2   -0.1405    0.1781    0.1792
DIM:ROT:     114         3   -0.1410    0.1503    0.1757
DIM:ROT:     115         1   -0.1491    0.1472    0.1586
DIM:ROT:     115         2   -0.1495    0.1165    0.1850
DIM:ROT:     115         3   -0.1498    0.1383    0.1475
DIM:ROT:     116         1   -0.1493    0.1226    0.1995
DIM:ROT:     116         2   -0.1497    0.1476    0.1463
DIM:ROT:     116         3   -0.1501    0.1145    0.1841
DIM:ROT:     117         1   -0.1314    0.1510    0.1464
DIM:ROT:     117         2   -0.1317    0.1077    0.1797
DIM:ROT:     117         3   -0.1320    0.1314    0.1351
DIM:ROT:     118         1   -0.1324    0.1036    0.1634
DIM:ROT:     118         2   -0.1327    0.1168    0.1342
DIM:ROT:     118         3   -0.1330    0.0993    0.1563
DIM:ROT:     119         1   -0.1340    0.1068    0.1415
DIM:ROT:     119         2   -0.1343    0.1015    0.1444
DIM:ROT:     119         3   -0.1345    0.1035    0.1368
DIM:ROT:     120         1   -0.1186    0.1238    0.1366
DIM:ROT:     120         2   -0.1188    0.0970    0.1556
DIM:ROT:     120         3   -0.1191    0.1154    0.1289
DIM:ROT:     121         1   -0.1137    0.1013    0.1657
DIM:ROT:     121         2   -0.1140    0.1167    0.1344
DIM:ROT:     121         3   -0.1143    0.0958    0.1549
DIM:ROT:     122         1   -0.1041    0.1455    0.1895
DIM:ROT:     122         2   -0.1044    0.1142    0.1618
DIM:ROT:     122         3   -0.1047    0.1134    0.1467
DIM:ROT:     123         1   -0.0708    0.1727    0.1915
DIM:ROT:     123         2   -0.0712    0.1174    0.1799
DIM:ROT:     123         3   -0.0715    0.1192    0.1482
DIM:ROT:     124         1   -0.0528    0.1637    0.2068
DIM:ROT:     124         2   -0.0532    0.1248    0.1904
DIM:ROT:     124         3   -0.0535    0.1268    0.1617
DIM:ROT:     125         1   -0.0578    0.1330    0.1929
DIM:ROT:     125         2   -0.0581    0.1150    0.1634
DIM:ROT:     125         3   -0.0584    0.1064    0.1516
DIM:ROT:     126         1   -0.0379    0.1641    0.2114
DIM:ROT:     126         2   -0.0383    0.1296    0.1800
DIM:ROT:     126         3   -0.0386    0.1235    0.1670
DIM:ROT:     127         1   -0.0155    0.1930    0.2058
DIM:ROT:     127         2   -0.0159    0.1319    0.2078
DIM:ROT:     127         3   -0.0163    0.1345    0.1649
DIM:ROT:     128         1   -0.0238    0.1184    0.2123
DIM:ROT:     128         2   -0.0241    0.1288    0.1406
DIM:ROT:     128         3   -0.0244    0.0939    0.1640
DIM:ROT:     129         1   -0.0231    0.1677    0.1539
DIM:ROT:     129         2   -0.0235    0.1086    0.1685
DIM:ROT:     129         3   -0.0237    0.1117    0.1294
DIM:ROT:     130         1   -0.0173    0.1137    0.1594
DIM:ROT:     130         2   -0.0175    0.1038    0.1441
DIM:ROT:     130         3   -0.0178    0.0972    0.1369
DIM:ROT:     131         1   -0.0217    0.0963    0.1288
DIM:ROT:     131         2   -0.0219    0.0870    0.1281
DIM:ROT:     131         3   -0.0221    0.0881    0.1172
DIM:ROT:     132         1   -0.0225    0.0902    0.1183
DIM:ROT:     132         2   -0.0226    0.0823    0.1207
DIM:ROT:     132         3   -0.0228    0.0852    0.1114
DIM:ROT:     133         1   -0.0192    0.0850    0.1124
DIM:ROT:     133         2   -0.0193    0.0793    0.1146
DIM:ROT:     133         3   -0.0195    0.0810    0.1069
DIM:ROT:     134         1   -0.0204    0.0736    0.1145
DIM:ROT:     134         2   -0.0206    0.0815    0.0989
DIM:ROT:     135         1   -0.0215    0.0743    0.1233
DIM:ROT:     135         2   -0.0216    0.0872    0.0961
DIM:ROT:     136         1   -0.0107    0.0793    0.1457
DIM:ROT:     136         2   -0.0109    0.0989    0.0923
DIM:ROT:     137         1   -0.0080    0.0767    0.1482
DIM:ROT:     137         2   -0.0081    0.1051    0.0886
DIM:ROT:     138         1   -0.0075    0.1103    0.2251
DIM:ROT:     138         2   -0.0077    0.1172    0.1067
DIM:ROT:     138         3   -0.0079    0.0766    0.1409
DIM:ROT:     139         1    0.0113    0.1474    0.1686
DIM:ROT:     139         2    0.0111    0.1285    0.1200
DIM:ROT:     139         3    0.0108    0.0932    0.1338
DIM:ROT:     140         1    0.0426    0.3953    0.5704
DIM:ROT:     140         2    0.0415    0.2266    0.2925
DIM:ROT:     140         3    0.0408    0.1575    0.2402
DIM:ROT:     141         1    0.0095    0.4630    0.5682
DIM:ROT:     141         2    0.0081    0.2572    0.3362
DIM:ROT:     141         3    0.0073    0.1750    0.2537
DIM:ROT:     142         1   -0.0132    0.4800    0.5498
DIM:ROT:     142         2   -0.0147    0.2672    0.3553
DIM:ROT:     142         3   -0.0156    0.1894    0.2633
DIM:ROT:     143         1   -0.0151    0.4339    0.3691
DIM:ROT:     143         2   -0.0162    0.2156    0.2984
DIM:ROT:     143         3   -0.0167    0.1628    0.1963
DIM:ROT:     144         1    0.0026    0.3222    0.4344
DIM:ROT:     144         2    0.0015    0.2019    0.3088
DIM:ROT:     144         3    0.0008    0.1706    0.2436
DIM:ROT:     145         1    0.0187    0.4265    0.5962
DIM:ROT:     145         2    0.0172    0.2575    0.3674
DIM:ROT:     145         3    0.0161    0.1973    0.3030
DIM:ROT:     146         1    0.0120    0.4623    0.6045
DIM:ROT:     146         2    0.0102    0.2744    0.3848
DIM:ROT:     146         3    0.0091    0.2080    0.3126
DIM:ROT:     147         1    0.0000    0.4765    0.6010
DIM:ROT:     147         2   -0.0018    0.2794    0.3992
DIM:ROT:     147         3   -0.0031    0.2156    0.3214
DIM:ROT:     148         1    0.0216    0.5078    0.6045
DIM:ROT:     148         2    0.0193    0.3087    0.4269
DIM:ROT:     148         3    0.0179    0.2442    0.3491
DIM:ROT:     149         1    0.0383    0.5311    0.5991
DIM:ROT:     149         2    0.0358    0.3147    0.4602
DIM:ROT:     149         3    0.0342    0.2628    0.3620
DIM:ROT:     150         1    0.0432    0.5108    0.6053
DIM:ROT:     150         2    0.0407    0.3093    0.4709
DIM:ROT:     150         3    0.0390    0.2706    0.3663
DIM:ROT:     151         1    0.0419    0.4959    0.6116
DIM:ROT:     151         2    0.0394    0.3049    0.4735
DIM:ROT:     151         3    0.0376    0.2717    0.3675
DIM:ROT:     152         1    0.0414    0.5020    0.6062
DIM:ROT:     152         2    0.0389    0.3046    0.4821
DIM:ROT:     152         3    0.0371    0.2768    0.3645
DIM:ROT:     153         1    0.0422    0.4926    0.6072
DIM:ROT:     153         2    0.0397    0.3030    0.4874
DIM:ROT:     153         3    0.0379    0.2802    0.3675
DIM:ROT:     154         1    0.0455    0.5016    0.5927
DIM:ROT:     154         2    0.0429    0.3016    0.4912
DIM:ROT:     154         3    0.0411    0.2841    0.3615
DIM:ROT:     155         1    0.0525    0.4765    0.5900
DIM:ROT:     155         2    0.0500    0.2986    0.4854
DIM:ROT:     155         3    0.0482    0.2821    0.3645
DIM:ROT:     156         1    0.0630    0.4799    0.5770
DIM:ROT:     156         2    0.0605    0.2960    0.4826
DIM:ROT:     156         3    0.0587    0.2816    0.3570
DIM:ROT:     157         1    0.0745    0.4616    0.5681
DIM:ROT:     157         2    0.0721    0.2900    0.4750
DIM:ROT:     157         3    0.0704    0.2774    0.3537
DIM:ROT:     158         1    0.0847    0.4603    0.5677
DIM:ROT:     158         2    0.0824    0.2903    0.4727
DIM:ROT:     158         3    0.0806    0.2769    0.3517
DIM:ROT:     159         1    0.0914    0.4670    0.5539
DIM:ROT:     159         2    0.0891    0.2843    0.4757
DIM:ROT:     159         3    0.0874    0.2789    0.3437
DIM:ROT:     160         1    0.0941    0.4550    0.5522
DIM:ROT:     160         2    0.0917    0.2841    0.4709
DIM:ROT:     160         3    0.0900    0.2775    0.3441
