MINMODE:METHOD: Dimer
DIM:CONTROL: Search Parameters:
DIM:CONTROL: ------------------
DIM:CONTROL: eigenmode_method = dimer
DIM:CONTROL: f_rot_min = 0.01
DIM:CONTROL: f_rot_max = 0.1
DIM:CONTROL: max_num_rot = 3
DIM:CONTROL: trial_angle = 0.7853981633974483
DIM:CONTROL: trial_trans_step = 0.001
DIM:CONTROL: maximum_translation = 0.1
DIM:CONTROL: cg_translation = True
DIM:CONTROL: use_central_forces = True
DIM:CONTROL: dimer_separation = 0.005
DIM:CONTROL: initial_eigenmode_method = gauss
DIM:CONTROL: extrapolate_forces = True
DIM:CONTROL: displacement_method = gauss
DIM:CONTROL: gauss_std = 0.1
DIM:CONTROL: order = 1
DIM:CONTROL: mask = None
DIM:CONTROL: displacement_center = None
DIM:CONTROL: displacement_radius = None
DIM:CONTROL: number_of_displacement_atoms = None
DIM:CONTROL: ------------------
DIM:ROT: OPT-STEP ROT-STEP CURVATURE ROT-ANGLE ROT-FORCE
DIM:ROT:       0         1   -0.9826   20.0560   39.1079
DIM:ROT:       0         2   -3.6864    8.3232   19.9721
DIM:ROT:       0         3   -4.8482    6.1555   10.6634
DIM:ROT:       1         1    1.3461    5.7052   11.7843
DIM:ROT:       1         2    0.5616    5.7668    7.5659
DIM:ROT:       1         3   -0.1195    4.4364    8.9437
DIM:ROT:       2         1    0.7012   16.5260   10.2450
DIM:ROT:       2         2   -0.2916    6.5170    9.0313
DIM:ROT:       2         3   -0.7716    4.1019    6.6233
DIM:ROT:       3         1   -0.0789    4.9545    7.6973
DIM:ROT:       3         2   -0.3762    3.6189    4.5950
DIM:ROT:       3         3   -0.6004    2.7902    4.5399
DIM:ROT:       4         1   -0.0580    2.4086    3.3753
DIM:ROT:       4         2   -0.1640    2.0970    2.8337
DIM:ROT:       4         3   -0.2419    1.8195    2.5301
DIM:ROT:       5         1    0.2908    4.2750    2.4551
DIM:ROT:       5         2    0.1775    1.8368    3.5567
DIM:ROT:       5         3    0.1101    2.2937    1.6433
DIM:ROT:       6         1    0.0179    1.9281    3.3650
DIM:ROT:       6         2   -0.0224    1.2492    1.7420
DIM:ROT:       6         3   -0.0439    0.9500    1.3716
DIM:ROT:       7         1   -0.0652    2.7114    2.2006
DIM:ROT:       7         2   -0.1013    1.7047    1.1504
DIM:ROT:       7         3   -0.1167    0.9216    0.9511
DIM:ROT:       8         1   -0.1887    0.6455    1.4561
DIM:ROT:       8         2   -0.1968    0.7591    0.5841
DIM:ROT:       8         3   -0.2025    0.3995    0.8452
DIM:ROT:       9         1   -0.1635    0.9591    2.2911
DIM:ROT:       9         2   -0.1764    1.0121    0.6979
DIM:ROT:       9         3   -0.1830    0.4561    0.8798
DIM:ROT:      10         1   -0.1314    2.9419    0.5674
DIM:ROT:      10         2   -0.1427    0.6098    1.0119
DIM:ROT:      10         3   -0.1455    0.3531    0.4838
DIM:ROT:      11         1    0.0679    0.6607    1.1965
DIM:ROT:      11         2    0.0585    0.7053    0.7267
DIM:ROT:      11         3    0.0515    0.5008    0.8392
DIM:ROT:      12         1    0.1088    1.3753    1.8860
DIM:ROT:      12         2    0.0917    0.7618    1.2160
DIM:ROT:      12         3    0.0819    0.6924    0.8414
DIM:ROT:      13         1    0.1657    1.7394    1.9056
DIM:ROT:      13         2    0.1448    0.8076    1.3968
DIM:ROT:      13         3    0.1336    0.7613    0.8722
DIM:ROT:      14         1    0.1985    1.7735    1.9124
DIM:ROT:      14         2    0.1773    0.8290    1.3983
DIM:ROT:      14         3    0.1657    0.7689    0.8782
DIM:ROT:      15         1    0.2541    1.6932    1.8949
DIM:ROT:      15         2    0.2326    0.8250    1.4396
DIM:ROT:      15         3    0.2205    0.7751    0.9036
DIM:ROT:      16         1    0.3410    1.6223    1.9015
DIM:ROT:      16         2    0.3182    0.8678    1.4521
DIM:ROT:      16         3    0.3054    0.8041    0.9284
DIM:ROT:      17         1    0.4171    1.5934    1.8546
DIM:ROT:      17         2    0.3943    0.8447    1.4945
DIM:ROT:      17         3    0.3813    0.7998    0.9428
DIM:ROT:      18         1    0.4948    1.5957    1.8632
DIM:ROT:      18         2    0.4704    0.8979    1.5066
DIM:ROT:      18         3    0.4564    0.8392    0.9736
DIM:ROT:      19         1    0.5317    1.5437    1.8530
DIM:ROT:      19         2    0.5072    0.8826    1.5505
DIM:ROT:      19         3    0.4921    0.8483    1.0226
DIM:ROT:      20         1    0.4953    1.5318    1.8807
DIM:ROT:      20         2    0.4692    0.9523    1.5323
DIM:ROT:      20         3    0.4531    0.8799    1.0696
DIM:ROT:      21         1    0.4326    1.4327    1.8739
DIM:ROT:      21         2    0.4073    0.9285    1.5279
DIM:ROT:      21         3    0.3903    0.8718    1.1213
DIM:ROT:      22         1    0.3977    1.4463    1.8484
DIM:ROT:      22         2    0.3721    0.9714    1.4830
DIM:ROT:      22         3    0.3551    0.8868    1.1154
DIM:ROT:      23         1    0.4096    1.3109    1.8242
DIM:ROT:      23         2    0.3865    0.9134    1.4212
DIM:ROT:      23         3    0.3703    0.8273    1.1215
DIM:ROT:      24         1    0.4618    1.3309    1.7748
DIM:ROT:      24         2    0.4390    0.9417    1.3665
DIM:ROT:      24         3    0.4236    0.8264    1.0793
DIM:ROT:      25         1    0.5277    1.2395    1.7163
DIM:ROT:      25         2    0.5071    0.8694    1.3326
DIM:ROT:      25         3    0.4926    0.7817    1.0604
DIM:ROT:      26         1    0.5708    1.2868    1.6635
DIM:ROT:      26         2    0.5498    0.8995    1.3116
DIM:ROT:      26         3    0.5355    0.8060    1.0279
DIM:ROT:      27         1    0.6008    1.2107    1.6244
DIM:ROT:      27         2    0.5815    0.8356    1.3004
DIM:ROT:      27         3    0.5676    0.7785    1.0264
DIM:ROT:      28         1    0.6212    1.2682    1.6029
DIM:ROT:      28         2    0.6010    0.8774    1.2932
DIM:ROT:      28         3    0.5869    0.8081    1.0134
DIM:ROT:      29         1    0.6262    1.1937    1.6072
DIM:ROT:      29         2    0.6071    0.8310    1.2935
DIM:ROT:      29         3    0.5927    0.7900    1.0350
DIM:ROT:      30         1    0.6074    1.2901    1.5979
DIM:ROT:      30         2    0.5868    0.8810    1.3138
DIM:ROT:      30         3    0.5719    0.8376    1.0323
DIM:ROT:      31         1    0.5695    1.2095    1.6232
DIM:ROT:      31         2    0.5494    0.8530    1.3238
DIM:ROT:      31         3    0.5336    0.8340    1.0791
DIM:ROT:      32         1    0.5217    1.3066    1.6053
DIM:ROT:      32         2    0.4997    0.9131    1.3595
DIM:ROT:      32         3    0.4828    0.8950    1.0937
DIM:ROT:      33         1    0.4756    1.1929    1.6542
DIM:ROT:      33         2    0.4541    0.9061    1.3461
DIM:ROT:      33         3    0.4359    0.8805    1.1681
DIM:ROT:      34         1    0.4376    1.2829    1.5928
DIM:ROT:      34         2    0.4143    0.9522    1.3865
DIM:ROT:      34         3    0.3953    0.9440    1.1651
DIM:ROT:      35         1    0.4043    1.1557    1.6475
DIM:ROT:      35         2    0.3820    0.9448    1.3427
DIM:ROT:      35         3    0.3623    0.9047    1.2338
DIM:ROT:      36         1    0.3722    1.2361    1.5311
DIM:ROT:      36         2    0.3494    0.9442    1.3729
DIM:ROT:      36         3    0.3302    0.9488    1.1701
DIM:ROT:      37         1    0.3358    1.0732    1.5576
DIM:ROT:      37         2    0.3159    0.9008    1.2599
DIM:ROT:      37         3    0.2980    0.8554    1.1822
DIM:ROT:      38         1    0.3309    1.0728    1.3725
DIM:ROT:      38         2    0.3133    0.8314    1.2032
DIM:ROT:      38         3    0.2986    0.8237    1.0366
DIM:ROT:      39         1    0.3580    0.8944    1.3273
DIM:ROT:      39         2    0.3443    0.7552    1.0341
DIM:ROT:      39         3    0.3322    0.6979    0.9801
DIM:ROT:      40         1    0.3943    0.9142    1.1764
DIM:ROT:      40         2    0.3821    0.6951    0.9958
DIM:ROT:      40         3    0.3720    0.6812    0.8551
DIM:ROT:      41         1    0.4091    0.8516    1.1823
DIM:ROT:      41         2    0.3979    0.6660    0.9556
DIM:ROT:      41         3    0.3881    0.6481    0.8536
DIM:ROT:      42         1    0.3891    0.9328    1.1624
DIM:ROT:      42         2    0.3769    0.6892    0.9987
DIM:ROT:      42         3    0.3669    0.6901    0.8404
DIM:ROT:      43         1    0.3496    0.9119    1.2019
DIM:ROT:      43         2    0.3373    0.6875    1.0176
DIM:ROT:      43         3    0.3265    0.6976    0.8781
DIM:ROT:      44         1    0.3185    0.9529    1.1796
DIM:ROT:      44         2    0.3055    0.7050    1.0430
DIM:ROT:      44         3    0.2947    0.7187    0.8662
DIM:ROT:      45         1    0.3108    0.8759    1.1915
DIM:ROT:      45         2    0.2988    0.6863    0.9941
DIM:ROT:      45         3    0.2882    0.6799    0.8786
DIM:ROT:      46         1    0.3155    0.8816    1.1253
DIM:ROT:      46         2    0.3038    0.6729    0.9819
DIM:ROT:      46         3    0.2942    0.6728    0.8287
DIM:ROT:      47         1    0.3168    0.8317    1.1010
DIM:ROT:      47         2    0.3061    0.6445    0.9416
DIM:ROT:      47         3    0.2967    0.6483    0.8197
DIM:ROT:      48         1    0.3087    0.8257    1.0716
DIM:ROT:      48         2    0.2981    0.6447    0.9288
DIM:ROT:      48         3    0.2894    0.6368    0.7946
DIM:ROT:      49         1    0.2948    0.8126    1.0339
DIM:ROT:      49         2    0.2850    0.6146    0.9143
DIM:ROT:      49         3    0.2763    0.6355    0.7767
DIM:ROT:      50         1    0.2820    0.7798    1.0361
DIM:ROT:      50         2    0.2722    0.6225    0.8888
DIM:ROT:      50         3    0.2642    0.6074    0.7704
DIM:ROT:      51         1    0.2747    0.7925    0.9725
DIM:ROT:      51         2    0.2656    0.5864    0.8859
DIM:ROT:      51         3    0.2575    0.6207    0.7357
DIM:ROT:      52         1    0.2682    0.7284    0.9948
DIM:ROT:      52         2    0.2593    0.6001    0.8424
DIM:ROT:      52         3    0.2520    0.5737    0.7448
DIM:ROT:      53         1    0.2615    0.7762    0.9196
DIM:ROT:      53         2    0.2530    0.5617    0.8614
DIM:ROT:      53         3    0.2455    0.6074    0.6988
DIM:ROT:      54         1    0.2553    0.6855    0.9637
DIM:ROT:      54         2    0.2470    0.5858    0.8036
DIM:ROT:      54         3    0.2402    0.5452    0.7281
DIM:ROT:      55         1    0.2487    0.7759    0.8673
DIM:ROT:      55         2    0.2406    0.5429    0.8515
DIM:ROT:      55         3    0.2335    0.6056    0.6657
DIM:ROT:      56         1    0.2421    0.6491    0.9360
DIM:ROT:      56         2    0.2343    0.5730    0.7706
DIM:ROT:      56         3    0.2280    0.5208    0.7134
DIM:ROT:      57         1    0.2350    0.7765    0.8203
DIM:ROT:      57         2    0.2273    0.5251    0.8416
DIM:ROT:      57         3    0.2206    0.6034    0.6343
DIM:ROT:      58         1    0.2279    0.6108    0.9147
DIM:ROT:      58         2    0.2206    0.5647    0.7322
DIM:ROT:      58         3    0.2147    0.4933    0.7026
DIM:ROT:      59         1    0.2199    0.7789    0.7715
DIM:ROT:      59         2    0.2126    0.5072    0.8275
DIM:ROT:      59         3    0.2063    0.6002    0.5994
DIM:ROT:      60         1    0.2119    0.5733    0.8769
DIM:ROT:      60         2    0.2052    0.5457    0.6922
DIM:ROT:      60         3    0.1999    0.4666    0.6794
DIM:ROT:      61         1    0.2036    0.7595    0.7257
DIM:ROT:      61         2    0.1968    0.4878    0.7992
DIM:ROT:      61         3    0.1910    0.5858    0.5675
DIM:ROT:      62         1    0.1950    0.5366    0.8433
DIM:ROT:      62         2    0.1889    0.5287    0.6502
DIM:ROT:      62         3    0.1840    0.4391    0.6575
DIM:ROT:      63         1    0.1863    0.7401    0.6788
DIM:ROT:      63         2    0.1801    0.4678    0.7676
DIM:ROT:      63         3    0.1748    0.5724    0.5333
DIM:ROT:      64         1    0.1772    0.5026    0.7961
DIM:ROT:      64         2    0.1718    0.5025    0.6107
DIM:ROT:      64         3    0.1674    0.4139    0.6261
DIM:ROT:      65         1    0.1685    0.7014    0.6375
DIM:ROT:      65         2    0.1629    0.4472    0.7265
DIM:ROT:      65         3    0.1581    0.5492    0.5042
DIM:ROT:      66         1    0.1594    0.4727    0.7463
DIM:ROT:      66         2    0.1546    0.4742    0.5768
DIM:ROT:      66         3    0.1507    0.3920    0.5928
DIM:ROT:      67         1    0.1507    0.6749    0.5969
DIM:ROT:      67         2    0.1456    0.4262    0.6926
DIM:ROT:      67         3    0.1413    0.5325    0.4736
DIM:ROT:      68         1    0.1416    0.4437    0.7018
DIM:ROT:      68         2    0.1373    0.4486    0.5419
DIM:ROT:      68         3    0.1338    0.3694    0.5621
DIM:ROT:      69         1    0.1332    0.6298    0.5617
DIM:ROT:      69         2    0.1286    0.4057    0.6502
DIM:ROT:      69         3    0.1247    0.5071    0.4479
DIM:ROT:      70         1    0.1241    0.4278    0.6344
DIM:ROT:      70         2    0.1203    0.4057    0.5238
DIM:ROT:      70         3    0.1172    0.3575    0.5131
DIM:ROT:      71         1    0.1163    0.5683    0.5401
DIM:ROT:      71         2    0.1123    0.3873    0.6005
DIM:ROT:      71         3    0.1088    0.4653    0.4317
DIM:ROT:      72         1    0.1078    0.4119    0.5836
DIM:ROT:      72         2    0.1044    0.3732    0.5063
DIM:ROT:      72         3    0.1017    0.3448    0.4745
DIM:ROT:      73         1    0.1005    0.5256    0.5134
DIM:ROT:      73         2    0.0969    0.3669    0.5615
DIM:ROT:      73         3    0.0939    0.4334    0.4106
DIM:ROT:      74         1    0.0928    0.3886    0.5527
DIM:ROT:      74         2    0.0898    0.3516    0.4794
DIM:ROT:      74         3    0.0874    0.3245    0.4487
DIM:ROT:      75         1    0.0860    0.4985    0.4844
DIM:ROT:      75         2    0.0828    0.3445    0.5324
DIM:ROT:      75         3    0.0801    0.4098    0.3860
DIM:ROT:      76         1    0.0811    0.4191    0.4713
DIM:ROT:      76         2    0.0784    0.3066    0.4983
DIM:ROT:      76         3    0.0761    0.3478    0.3838
DIM:ROT:      77         1    0.0801    0.4258    0.4781
DIM:ROT:      77         2    0.0773    0.3381    0.4723
DIM:ROT:      77         3    0.0750    0.3562    0.3854
DIM:ROT:      78         1    0.0842    0.3720    0.4880
DIM:ROT:      78         2    0.0817    0.3137    0.4602
DIM:ROT:      78         3    0.0796    0.3131    0.3980
DIM:ROT:      79         1    0.0792    0.3163    0.6910
DIM:ROT:      79         2    0.0764    0.5626    0.2947
DIM:ROT:      79         3    0.0738    0.2665    0.5593
DIM:ROT:      80         1    0.0753    0.3265    0.3755
DIM:ROT:      80         2    0.0736    0.2610    0.3846
DIM:ROT:      80         3    0.0719    0.2864    0.3274
DIM:ROT:      81         1    0.0707    0.8004    0.3138
DIM:ROT:      81         2    0.0682    0.2624    0.5367
DIM:ROT:      81         3    0.0664    0.3719    0.2724
DIM:ROT:      82         1    0.0651    0.6572    0.2870
DIM:ROT:      82         2    0.0630    0.2552    0.4528
DIM:ROT:      82         3    0.0615    0.3262    0.2633
DIM:ROT:      83         1    0.0633    0.2634    0.5371
DIM:ROT:      83         2    0.0616    0.3864    0.2643
DIM:ROT:      83         3    0.0601    0.2126    0.4114
DIM:ROT:      84         1    0.0622    0.2909    0.3389
DIM:ROT:      84         2    0.0609    0.2306    0.3343
DIM:ROT:      84         3    0.0596    0.2487    0.2842
DIM:ROT:      85         1    0.0595    0.6835    0.2745
DIM:ROT:      85         2    0.0576    0.2281    0.4677
DIM:ROT:      85         3    0.0562    0.3384    0.2358
DIM:ROT:      86         1    0.0563    0.4276    0.2640
DIM:ROT:      86         2    0.0549    0.2107    0.3798
DIM:ROT:      86         3    0.0536    0.3148    0.2289
DIM:ROT:      87         1    0.0554    0.2505    0.5219
DIM:ROT:      87         2    0.0537    0.4007    0.2378
DIM:ROT:      87         3    0.0523    0.2027    0.4018
DIM:ROT:      88         1    0.0539    0.2807    0.2896
DIM:ROT:      88         2    0.0527    0.2087    0.3194
DIM:ROT:      88         3    0.0516    0.2477    0.2526
DIM:ROT:      89         1    0.0494    1.0369    0.2332
DIM:ROT:      89         2    0.0471    0.2685    0.4514
DIM:ROT:      89         3    0.0460    0.2343    0.2712
DIM:ROT:      90         1    0.0464    0.2337    0.2558
DIM:ROT:      90         2    0.0454    0.2021    0.2681
DIM:ROT:      90         3    0.0445    0.2220    0.2414
DIM:ROT:      91         1    0.0450    0.2204    0.2870
DIM:ROT:      91         2    0.0441    0.2063    0.2651
DIM:ROT:      91         3    0.0432    0.2005    0.2563
DIM:ROT:      92         1    0.0436    0.2855    0.2587
DIM:ROT:      92         2    0.0425    0.1981    0.3065
DIM:ROT:      92         3    0.0415    0.2555    0.2273
DIM:ROT:      93         1    0.0417    0.2202    0.2876
DIM:ROT:      93         2    0.0407    0.2119    0.2616
DIM:ROT:      93         3    0.0398    0.1991    0.2560
DIM:ROT:      94         1    0.0401    0.2468    0.2704
DIM:ROT:      94         2    0.0391    0.2022    0.2764
DIM:ROT:      94         3    0.0381    0.2228    0.2386
DIM:ROT:      95         1    0.0381    0.2353    0.2601
DIM:ROT:      95         2    0.0371    0.1942    0.2763
DIM:ROT:      95         3    0.0363    0.2129    0.2326
DIM:ROT:      96         1    0.0363    0.2291    0.2648
DIM:ROT:      96         2    0.0353    0.1997    0.2594
DIM:ROT:      96         3    0.0345    0.2093    0.2371
DIM:ROT:      97         1    0.0345    0.2005    0.2774
DIM:ROT:      97         2    0.0336    0.2054    0.2401
DIM:ROT:      97         3    0.0328    0.1834    0.2500
DIM:ROT:      98         1    0.0324    0.2638    0.2290
DIM:ROT:      98         2    0.0315    0.1802    0.2849
DIM:ROT:      98         3    0.0306    0.2403    0.2057
DIM:ROT:      99         1    0.0304    0.1843    0.2849
DIM:ROT:      99         2    0.0296    0.2195    0.2150
DIM:ROT:      99         3    0.0289    0.1689    0.2575
DIM:ROT:     100         1    0.0284    0.2398    0.2171
DIM:ROT:     100         2    0.0276    0.1715    0.2641
DIM:ROT:     100         3    0.0269    0.2210    0.1977
DIM:ROT:     101         1    0.0264    0.1820    0.2424
DIM:ROT:     101         2    0.0257    0.1879    0.2160
DIM:ROT:     101         3    0.0250    0.1687    0.2221
DIM:ROT:     102         1    0.0248    0.1935    0.2237
DIM:ROT:     102         2    0.0241    0.1720    0.2223
DIM:ROT:     102         3    0.0234    0.1797    0.2049
DIM:ROT:     103         1    0.0229    0.1999    0.2027
DIM:ROT:     103         2    0.0223    0.1603    0.2323
DIM:ROT:     103         3    0.0217    0.1854    0.1865
DIM:ROT:     104         1    0.0213    0.1669    0.2314
DIM:ROT:     104         2    0.0207    0.1807    0.1902
DIM:ROT:     104         3    0.0201    0.1556    0.2130
DIM:ROT:     105         1    0.0196    0.1806    0.1917
DIM:ROT:     105         2    0.0191    0.1496    0.2137
DIM:ROT:     105         3    0.0185    0.1685    0.1778
DIM:ROT:     106         1    0.0161    0.1710    0.1991
DIM:ROT:     106         2    0.0156    0.1532    0.1977
DIM:ROT:     106         3    0.0151    0.1598    0.1842
DIM:ROT:     107         1    0.0192    0.1503    0.2083
DIM:ROT:     107         2    0.0187    0.1592    0.1804
DIM:ROT:     107         3    0.0182    0.1402    0.1922
DIM:ROT:     108         1    0.0266    0.1810    0.1691
DIM:ROT:     108         2    0.0261    0.1316    0.2017
DIM:ROT:     108         3    0.0257    0.1668    0.1541
DIM:ROT:     109         1    0.0306    0.1232    0.1979
DIM:ROT:     109         2    0.0302    0.1522    0.1417
DIM:ROT:     109         3    0.0299    0.1122    0.1770
DIM:ROT:     110         1    0.0232    0.1489    0.1307
DIM:ROT:     110         2    0.0230    0.0990    0.1585
DIM:ROT:     110         3    0.0227    0.1318    0.1125
DIM:ROT:     111         1    0.0144    0.1045    0.1562
DIM:ROT:     111         2    0.0142    0.1074    0.1179
DIM:ROT:     111         3    0.0140    0.0860    0.1235
DIM:ROT:     112         1    0.0411    0.1464    0.1526
DIM:ROT:     112         2    0.0409    0.1015    0.1490
DIM:ROT:     112         3    0.0406    0.1175    0.1172
DIM:ROT:     113         1    0.1206    0.5056    0.1893
DIM:ROT:     113         2    0.1195    0.1860    0.3282
DIM:ROT:     113         3    0.1189    0.2103    0.1798
DIM:ROT:     114         1    0.1715    0.2568    0.3022
DIM:ROT:     114         2    0.1704    0.2282    0.2987
DIM:ROT:     114         3    0.1692    0.2360    0.2747
DIM:ROT:     115         1    0.0618    0.2340    0.3683
DIM:ROT:     115         2    0.0608    0.2452    0.2510
DIM:ROT:     115         3    0.0598    0.1896    0.2803
DIM:ROT:     116         1   -0.1897    0.7525    0.3751
DIM:ROT:     116         2   -0.1923    0.3758    0.4064
DIM:ROT:     116         3   -0.1937    0.2420    0.3434
DIM:ROT:     117         1   -0.4140    0.8346    0.4856
DIM:ROT:     117         2   -0.4192    0.3980    0.7531
DIM:ROT:     117         3   -0.4237    0.6089    0.4222
DIM:ROT:     118         1   -0.3126    0.3474    0.8927
DIM:ROT:     118         2   -0.3170    0.8004    0.3096
DIM:ROT:     118         3   -0.3209    0.3050    0.7390
DIM:ROT:     119         1   -0.3081    0.6083    0.3488
DIM:ROT:     119         2   -0.3113    0.3340    0.5658
DIM:ROT:     119         3   -0.3143    0.5326    0.3293
DIM:ROT:     120         1   -0.2447    0.2282    0.4817
DIM:ROT:     120         2   -0.2461    0.4583    0.1810
DIM:ROT:     120         3   -0.2474    0.1932    0.3918
DIM:ROT:     121         1   -0.2162    0.7420    0.1696
DIM:ROT:     121         2   -0.2181    0.2048    0.5198
DIM:ROT:     121         3   -0.2194    0.4617    0.1680
DIM:ROT:     122         1   -0.2102    0.2904    0.5039
DIM:ROT:     122         2   -0.2126    0.3802    0.3591
DIM:ROT:     122         3   -0.2150    0.2853    0.4886
DIM:ROT:     123         1   -0.1910    0.1357    0.2173
DIM:ROT:     123         2   -0.1913    0.1504    0.1451
DIM:ROT:     123         3   -0.1916    0.1102    0.1670
DIM:ROT:     124         1   -0.1400    0.0956    0.1987
DIM:ROT:     124         2   -0.1402    0.1130    0.1029
DIM:ROT:     124         3   -0.1404    0.0701    0.1324
DIM:ROT:     125         1   -0.0602    0.1772    0.2229
DIM:ROT:     125         2   -0.0608    0.1587    0.2242
DIM:ROT:     125         3   -0.0614    0.1657    0.2047
DIM:ROT:     126         1   -0.0058    0.0985    0.1177
DIM:ROT:     126         2   -0.0059    0.0680    0.1077
DIM:ROT:     126         3   -0.0060    0.0751    0.0896
DIM:ROT:     127         1    0.0099    0.0685    0.1272
DIM:ROT:     127         2    0.0098    0.0828    0.0848
DIM:ROT:     128         1   -0.0898    0.3407    0.2095
DIM:ROT:     128         2   -0.0907    0.1591    0.3367
DIM:ROT:     128         3   -0.0915    0.2647    0.1700
DIM:ROT:     129         1   -0.1140    0.2053    0.3326
DIM:ROT:     129         2   -0.1150    0.2270    0.2641
DIM:ROT:     129         3   -0.1161    0.1898    0.3043
DIM:ROT:     130         1   -0.1175    0.2211    0.2631
DIM:ROT:     130         2   -0.1184    0.1960    0.2924
DIM:ROT:     130         3   -0.1194    0.2141    0.2546
DIM:ROT:     131         1   -0.1230    0.2335    0.3004
DIM:ROT:     131         2   -0.1242    0.2188    0.3101
DIM:ROT:     131         3   -0.1254    0.2313    0.2974
DIM:ROT:     132         1   -0.1120    0.1647    0.2729
DIM:ROT:     132         2   -0.1127    0.2056    0.2032
DIM:ROT:     132         3   -0.1134    0.1544    0.2528
DIM:ROT:     133         1   -0.1088    0.2192    0.1927
DIM:ROT:     133         2   -0.1095    0.1431    0.2687
DIM:ROT:     133         3   -0.1101    0.2074    0.1815
DIM:ROT:     134         1   -0.1069    0.1499    0.3017
DIM:ROT:     134         2   -0.1077    0.2484    0.1756
DIM:ROT:     134         3   -0.1084    0.1437    0.2872
DIM:ROT:     135         1   -0.1045    0.6807    0.1619
DIM:ROT:     135         2   -0.1060    0.1962    0.4538
DIM:ROT:     135         3   -0.1068    0.2816    0.1716
DIM:ROT:     136         1   -0.1033    0.1419    0.2808
DIM:ROT:     136         2   -0.1038    0.1822    0.1490
DIM:ROT:     136         3   -0.1042    0.1153    0.2128
DIM:ROT:     137         1   -0.0879    0.1594    0.1886
DIM:ROT:     137         2   -0.0883    0.1243    0.1793
DIM:ROT:     137         3   -0.0886    0.1301    0.1527
DIM:ROT:     138         1   -0.0851    0.1188    0.1705
DIM:ROT:     138         2   -0.0854    0.1246    0.1543
DIM:ROT:     138         3   -0.0858    0.1161    0.1655
DIM:ROT:     139         1   -0.0831    0.1763    0.1875
DIM:ROT:     139         2   -0.0837    0.1468    0.2242
DIM:ROT:     139         3   -0.0842    0.1738    0.1860
DIM:ROT:     140         1   -0.0680    0.1117    0.1760
DIM:ROT:     140         2   -0.0683    0.1299    0.1333
DIM:ROT:     140         3   -0.0686    0.1055    0.1633
DIM:ROT:     141         1   -0.0614    0.1024    0.2088
DIM:ROT:     141         2   -0.0617    0.1566    0.1206
DIM:ROT:     141         3   -0.0620    0.0930    0.1854
DIM:ROT:     142         1   -0.0548    0.6305    0.1225
DIM:ROT:     142         2   -0.0558    0.1698    0.3707
DIM:ROT:     142         3   -0.0563    0.1759    0.1482
DIM:ROT:     143         1   -0.0513    0.1249    0.1523
DIM:ROT:     143         2   -0.0516    0.1056    0.1556
DIM:ROT:     143         3   -0.0519    0.1145    0.1402
DIM:ROT:     144         1   -0.0496    0.1087    0.2475
DIM:ROT:     144         2   -0.0499    0.1714    0.1007
DIM:ROT:     144         3   -0.0502    0.0847    0.1802
DIM:ROT:     145         1   -0.0472    0.1421    0.1513
DIM:ROT:     145         2   -0.0475    0.0994    0.1608
DIM:ROT:     145         3   -0.0478    0.1208    0.1306
DIM:ROT:     146         1   -0.0464    0.2691    0.1702
DIM:ROT:     146         2   -0.0469    0.1505    0.1951
DIM:ROT:     146         3   -0.0473    0.1290    0.1641
DIM:ROT:     147         1    0.0013    0.1955    0.2504
DIM:ROT:     147         2    0.0010    0.1023    0.1443
DIM:ROT:     147         3    0.0008    0.1019    0.1270
DIM:ROT:     148         1    0.0317    0.2844    0.2782
DIM:ROT:     148         2    0.0310    0.1759    0.2098
DIM:ROT:     148         3    0.0305    0.1430    0.2024
DIM:ROT:     149         1   -0.0051    0.3925    0.3500
DIM:ROT:     149         2   -0.0064    0.2315    0.2969
DIM:ROT:     149         3   -0.0074    0.1934    0.2833
DIM:ROT:     150         1   -0.1089    0.3455    0.4134
DIM:ROT:     150         2   -0.1102    0.2179    0.3058
DIM:ROT:     150         3   -0.1112    0.2155    0.2791
DIM:ROT:     151         1   -0.1091    0.1850    0.2712
DIM:ROT:     151         2   -0.1099    0.1942    0.2442
DIM:ROT:     151         3   -0.1107    0.1784    0.2605
DIM:ROT:     152         1   -0.1097    0.1321    0.2482
DIM:ROT:     152         2   -0.1102    0.1921    0.1662
DIM:ROT:     152         3   -0.1108    0.1289    0.2410
DIM:ROT:     153         1   -0.1315    0.8799    0.1730
DIM:ROT:     153         2   -0.1342    0.2474    0.6105
DIM:ROT:     153         3   -0.1363    0.7047    0.1744
DIM:ROT:     154         1   -0.1439    0.2356    0.5699
DIM:ROT:     154         2   -0.1457    0.5353    0.1920
DIM:ROT:     154         3   -0.1474    0.2062    0.4675
DIM:ROT:     155         1   -0.1538    0.6106    0.1746
DIM:ROT:     155         2   -0.1550    0.2324    0.3676
DIM:ROT:     155         3   -0.1558    0.1637    0.2248
DIM:ROT:     156         1   -0.1652    0.1551    0.2558
DIM:ROT:     156         2   -0.1657    0.1673    0.1896
DIM:ROT:     156         3   -0.1662    0.1408    0.2230
DIM:ROT:     157         1   -0.1770    0.2531    0.2037
DIM:ROT:     157         2   -0.1778    0.1656    0.3018
DIM:ROT:     157         3   -0.1787    0.2402    0.2016
DIM:ROT:     158         1   -0.1887    0.1804    0.3339
DIM:ROT:     158         2   -0.1896    0.2498    0.2260
DIM:ROT:     158         3   -0.1906    0.1755    0.3212
DIM:ROT:     159         1   -0.1750    0.1449    0.1816
DIM:ROT:     159         2   -0.1754    0.1282    0.1891
DIM:ROT:     159         3   -0.1758    0.1384    0.1734
DIM:ROT:     160         1   -0.2009    0.1914    0.2916
DIM:ROT:     160         2   -0.2014    0.1479    0.2120
DIM:ROT:     160         3   -0.2019    0.1496    0.2041
