MINMODE:METHOD: Dimer
DIM:CONTROL: Search Parameters:
DIM:CONTROL: ------------------
DIM:CONTROL: eigenmode_method = dimer
DIM:CONTROL: f_rot_min = 0.01
DIM:CONTROL: f_rot_max = 0.1
DIM:CONTROL: max_num_rot = 3
DIM:CONTROL: trial_angle = 0.7853981633974483
DIM:CONTROL: trial_trans_step = 0.001
DIM:CONTROL: maximum_translation = 0.1
DIM:CONTROL: cg_translation = True
DIM:CONTROL: use_central_forces = True
DIM:CONTROL: dimer_separation = 0.005
DIM:CONTROL: initial_eigenmode_method = gauss
DIM:CONTROL: extrapolate_forces = True
DIM:CONTROL: displacement_method = gauss
DIM:CONTROL: gauss_std = 0.1
DIM:CONTROL: order = 1
DIM:CONTROL: mask = None
DIM:CONTROL: displacement_center = None
DIM:CONTROL: displacement_radius = None
DIM:CONTROL: number_of_displacement_atoms = None
DIM:CONTROL: ------------------
DIM:ROT: OPT-STEP ROT-STEP CURVATURE ROT-ANGLE ROT-FORCE
DIM:ROT:       0         1    4.4710   15.6220   17.4505
DIM:ROT:       0         2    2.4209    7.6698   14.8704
DIM:ROT:       0         3    1.2343    7.6148    9.0280
DIM:ROT:       1         1    1.5482    5.8255    8.7836
DIM:ROT:       1         2    0.9540    4.5699    7.3971
DIM:ROT:       1         3    0.5237    3.9670    6.0113
DIM:ROT:       2         1    3.5544    5.6841    7.2509
DIM:ROT:       2         2    3.0469    4.1878    6.7385
DIM:ROT:       2         3    2.6808    4.0885    5.1842
DIM:ROT:       3         1    3.1940    7.8941    6.7537
DIM:ROT:       3         2    2.5638    4.2952    8.3404
DIM:ROT:       3         3    2.0476    5.6590    5.1352
DIM:ROT:       4         1    1.0113    4.0190    8.1304
DIM:ROT:       4         2    0.5986    5.1878    4.4788
DIM:ROT:       4         3    0.2899    3.0419    5.9044
DIM:ROT:       5         1    0.7899    6.6438    3.0917
DIM:ROT:       5         2    0.5529    2.7576    4.8656
DIM:ROT:       5         3    0.4159    2.9999    2.6398
DIM:ROT:       6         1    3.0533    4.2551    4.5241
DIM:ROT:       6         2    2.7449    3.3630    5.1717
DIM:ROT:       6         3    2.4777    3.7686    4.1066
DIM:ROT:       7         1    5.2637    6.0099    6.2389
DIM:ROT:       7         2    4.6678    4.6639    7.2910
DIM:ROT:       7         3    4.0697    5.6726    5.9010
DIM:ROT:       8         1    3.6738    6.1893    7.0288
DIM:ROT:       8         2    2.9646    5.3508    7.5137
DIM:ROT:       8         3    2.3424    5.5824    6.4762
DIM:ROT:       9         1    0.7594    4.4051    7.6995
DIM:ROT:       9         2    0.2748    5.4855    5.0581
DIM:ROT:       9         3   -0.1540    3.7191    6.4734
DIM:ROT:      10         1   -1.2549   11.2800    4.0084
DIM:ROT:      10         2   -1.6853    3.4292    7.1174
DIM:ROT:      10         3   -1.9147    4.4377    3.0006
DIM:ROT:      11         1   -1.7526    2.7070    3.2432
DIM:ROT:      11         2   -1.8652    2.5744    2.3819
DIM:ROT:      11         3   -1.9501    2.0675    2.4229
DIM:ROT:      12         1   -0.7467    3.5626    4.3018
DIM:ROT:      12         2   -0.8867    2.5379    3.0205
DIM:ROT:      12         3   -0.9870    2.2598    2.5796
DIM:ROT:      13         1   -0.3630    3.8410    3.3293
DIM:ROT:      13         2   -0.5159    2.4231    3.5622
DIM:ROT:      13         3   -0.6314    2.6037    2.5262
DIM:ROT:      14         1   -0.4403    2.0064    3.1723
DIM:ROT:      14         2   -0.5284    2.2570    2.2232
DIM:ROT:      14         3   -0.5972    1.5911    2.5044
DIM:ROT:      15         1   -0.7700    2.2160    2.1308
DIM:ROT:      15         2   -0.8287    1.5220    2.2107
DIM:ROT:      15         3   -0.8767    1.6084    1.6775
DIM:ROT:      16         1   -0.6602    1.9712    2.7136
DIM:ROT:      16         2   -0.7185    1.5403    2.1600
DIM:ROT:      16         3   -0.7631    1.3425    1.9295
DIM:ROT:      17         1   -0.6912    1.8623    2.1434
DIM:ROT:      17         2   -0.7351    1.7337    1.4764
DIM:ROT:      17         3   -0.7711    1.2777    1.5725
DIM:ROT:      18         1   -0.5980    1.3912    1.8048
DIM:ROT:      18         2   -0.6228    1.2552    1.1716
DIM:ROT:      18         3   -0.6437    0.9135    1.2923
DIM:ROT:      19         1   -0.6218    1.0004    1.2381
DIM:ROT:      19         2   -0.6372    0.7182    1.2566
DIM:ROT:      19         3   -0.6509    0.7877    0.9750
DIM:ROT:      20         1   -0.5559    1.1750    1.3716
DIM:ROT:      20         2   -0.5713    0.7366    1.2123
DIM:ROT:      20         3   -0.5835    0.7338    0.9640
DIM:ROT:      21         1   -0.5246    0.6666    0.8604
DIM:ROT:      21         2   -0.5328    0.6276    0.7431
DIM:ROT:      21         3   -0.5402    0.5720    0.7342
DIM:ROT:      22         1   -0.2678    1.6925    1.2098
DIM:ROT:      22         2   -0.2883    0.8360    1.4890
DIM:ROT:      22         3   -0.3020    0.8816    0.8754
DIM:ROT:      23         1   -0.0644    0.8682    1.2877
DIM:ROT:      23         2   -0.0742    0.7253    0.8101
DIM:ROT:      23         3   -0.0824    0.5666    0.8074
DIM:ROT:      24         1   -0.2820    0.7199    0.8513
DIM:ROT:      24         2   -0.2878    0.4972    0.7039
DIM:ROT:      24         3   -0.2926    0.4421    0.6215
DIM:ROT:      25         1   -0.1846    0.5999    0.8840
DIM:ROT:      25         2   -0.1892    0.4842    0.5797
DIM:ROT:      25         3   -0.1934    0.3996    0.5912
DIM:ROT:      26         1    0.0236    0.5683    0.5333
DIM:ROT:      26         2    0.0191    0.4016    0.6375
DIM:ROT:      26         3    0.0153    0.4845    0.4555
DIM:ROT:      27         1    0.0387    2.6214    3.4398
DIM:ROT:      27         2    0.0253    1.0008    0.9607
DIM:ROT:      27         3    0.0177    0.5365    0.8248
DIM:ROT:      28         1    0.0837    2.7356    3.3566
DIM:ROT:      28         2    0.0597    1.4045    1.1196
DIM:ROT:      28         3    0.0469    0.6967    1.0565
DIM:ROT:      29         1    0.1381    2.7327    3.2734
DIM:ROT:      29         2    0.1124    1.3614    1.2186
DIM:ROT:      29         3    0.0965    0.7652    1.1880
DIM:ROT:      30         1    0.2153    2.7450    3.1827
DIM:ROT:      30         2    0.1882    1.3709    1.2623
DIM:ROT:      30         3    0.1718    0.7809    1.2180
DIM:ROT:      31         1    0.3148    2.6883    3.0566
DIM:ROT:      31         2    0.2893    1.2648    1.2840
DIM:ROT:      31         3    0.2726    0.7994    1.1982
DIM:ROT:      32         1    0.4312    2.6453    2.9081
DIM:ROT:      32         2    0.4057    1.2470    1.2917
DIM:ROT:      32         3    0.3896    0.7901    1.1785
DIM:ROT:      33         1    0.5526    2.5748    2.7790
DIM:ROT:      33         2    0.5272    1.1813    1.3422
DIM:ROT:      33         3    0.5099    0.8428    1.1802
DIM:ROT:      34         1    0.6660    2.5505    2.6392
DIM:ROT:      34         2    0.6385    1.2243    1.3791
DIM:ROT:      34         3    0.6204    0.8706    1.2116
DIM:ROT:      35         1    1.0090    2.6109    2.4943
DIM:ROT:      35         2    0.9728    1.2691    1.7062
DIM:ROT:      35         3    0.9441    1.1649    1.3997
DIM:ROT:      36         1    1.1671    2.5441    2.3889
DIM:ROT:      36         2    1.1211    1.3449    1.9840
DIM:ROT:      36         3    1.0848    1.4087    1.5035
DIM:ROT:      37         1    1.1647    2.1441    2.4815
DIM:ROT:      37         2    1.1167    1.3951    2.0013
DIM:ROT:      37         3    1.0743    1.4750    1.6209
DIM:ROT:      38         1    1.1576    2.2999    2.3523
DIM:ROT:      38         2    1.1019    1.4767    2.1644
DIM:ROT:      38         3    1.0556    1.6232    1.6601
DIM:ROT:      39         1    1.1302    2.0993    2.4584
DIM:ROT:      39         2    1.0707    1.5992    2.1495
DIM:ROT:      39         3    1.0163    1.6494    1.8559
DIM:ROT:      40         1    1.0790    2.2824    2.2866
DIM:ROT:      40         2    1.0103    1.6499    2.3751
DIM:ROT:      40         3    0.9514    1.8580    1.8450
DIM:ROT:      41         1    1.0022    1.9818    2.4763
DIM:ROT:      41         2    0.9347    1.8083    2.1537
DIM:ROT:      41         3    0.8717    1.7048    2.0833
DIM:ROT:      42         1    0.8906    2.2518    2.0948
DIM:ROT:      42         2    0.8212    1.6381    2.4133
DIM:ROT:      42         3    0.7611    1.9378    1.8039
DIM:ROT:      43         1    0.7590    1.6704    2.4191
DIM:ROT:      43         2    0.7004    1.8766    1.8028
DIM:ROT:      43         3    0.6460    1.4646    2.0932
DIM:ROT:      44         1    0.6317    2.3194    1.6511
DIM:ROT:      44         2    0.5754    1.3836    2.3213
DIM:ROT:      44         3    0.5273    1.9643    1.4209
DIM:ROT:      45         1    0.5281    1.3695    2.2957
DIM:ROT:      45         2    0.4833    1.8835    1.3766
DIM:ROT:      45         3    0.4424    1.1802    1.9519
DIM:ROT:      46         1    0.4292    2.6319    1.2623
DIM:ROT:      46         2    0.3838    1.1782    2.2053
DIM:ROT:      46         3    0.3476    1.9749    1.0593
DIM:ROT:      47         1    0.3647    1.1342    2.0964
DIM:ROT:      47         2    0.3333    1.6994    1.0690
DIM:ROT:      47         3    0.3055    0.9329    1.6797
DIM:ROT:      48         1    0.3049    2.7177    0.9987
DIM:ROT:      48         2    0.2717    0.9755    1.9447
DIM:ROT:      48         3    0.2493    1.5781    0.8210
DIM:ROT:      49         1    0.2699    0.8950    1.7059
DIM:ROT:      49         2    0.2518    1.2547    0.8360
DIM:ROT:      49         3    0.2361    0.6976    1.2652
DIM:ROT:      50         1    0.2361    2.3732    0.7601
DIM:ROT:      50         2    0.2176    0.7327    1.4466
DIM:ROT:      50         3    0.2071    0.9529    0.6414
DIM:ROT:      51         1    0.2100    0.6403    1.2139
DIM:ROT:      51         2    0.2012    0.8382    0.6114
DIM:ROT:      51         3    0.1936    0.4891    0.8720
DIM:ROT:      52         1    0.1863    1.9724    0.5713
DIM:ROT:      52         2    0.1780    0.5866    0.8152
DIM:ROT:      52         3    0.1738    0.4363    0.5535
DIM:ROT:      53         1    0.1769    0.4347    0.7290
DIM:ROT:      53         2    0.1728    0.5133    0.4679
DIM:ROT:      53         3    0.1690    0.3608    0.5848
DIM:ROT:      54         1    0.1726    1.4445    0.4907
DIM:ROT:      54         2    0.1674    0.5156    0.5753
DIM:ROT:      54         3    0.1649    0.3420    0.4341
DIM:ROT:      55         1    0.1789    0.4026    0.6360
DIM:ROT:      55         2    0.1757    0.4140    0.4354
DIM:ROT:      55         3    0.1730    0.3179    0.4799
DIM:ROT:      56         1    0.1853    1.2874    0.4725
DIM:ROT:      56         2    0.1812    0.4457    0.5273
DIM:ROT:      56         3    0.1791    0.3142    0.3876
DIM:ROT:      57         1    0.1956    0.3974    0.6109
DIM:ROT:      57         2    0.1927    0.3911    0.4319
DIM:ROT:      57         3    0.1901    0.3105    0.4562
DIM:ROT:      58         1    0.1997    1.2508    0.4693
DIM:ROT:      58         2    0.1959    0.4251    0.5245
DIM:ROT:      58         3    0.1938    0.3077    0.3780
DIM:ROT:      59         1    0.2042    0.3878    0.5985
DIM:ROT:      59         2    0.2014    0.3839    0.4213
DIM:ROT:      59         3    0.1990    0.3037    0.4478
DIM:ROT:      60         1    0.2022    1.1878    0.4512
DIM:ROT:      60         2    0.1986    0.4177    0.4969
DIM:ROT:      60         3    0.1967    0.2938    0.3648
DIM:ROT:      61         1    0.2017    0.3688    0.5791
DIM:ROT:      61         2    0.1992    0.3697    0.3968
DIM:ROT:      61         3    0.1970    0.2870    0.4288
DIM:ROT:      62         1    0.1974    1.1096    0.4319
DIM:ROT:      62         2    0.1941    0.4225    0.4595
DIM:ROT:      62         3    0.1924    0.2885    0.3452
DIM:ROT:      63         1    0.1957    0.3592    0.5669
DIM:ROT:      63         2    0.1933    0.3604    0.3840
DIM:ROT:      63         3    0.1912    0.2780    0.4163
DIM:ROT:      64         1    0.1910    1.0663    0.4230
DIM:ROT:      64         2    0.1877    0.4162    0.4510
DIM:ROT:      64         3    0.1861    0.2852    0.3377
DIM:ROT:      65         1    0.1896    0.3565    0.5576
DIM:ROT:      65         2    0.1873    0.3568    0.3818
DIM:ROT:      65         3    0.1852    0.2779    0.4128
DIM:ROT:      66         1    0.1863    1.0856    0.4188
DIM:ROT:      66         2    0.1829    0.4268    0.4593
DIM:ROT:      66         3    0.1812    0.2947    0.3390
DIM:ROT:      67         1    0.1858    0.3582    0.5578
DIM:ROT:      67         2    0.1833    0.3650    0.3857
DIM:ROT:      67         3    0.1812    0.2851    0.4231
DIM:ROT:      68         1    0.1822    1.1149    0.4185
DIM:ROT:      68         2    0.1786    0.4057    0.5075
DIM:ROT:      68         3    0.1768    0.2985    0.3591
DIM:ROT:      69         1    0.1803    0.3658    0.5653
DIM:ROT:      69         2    0.1777    0.3831    0.3975
DIM:ROT:      69         3    0.1753    0.3012    0.4462
DIM:ROT:      70         1    0.1759    1.1608    0.4208
DIM:ROT:      70         2    0.1719    0.4055    0.5578
DIM:ROT:      70         3    0.1699    0.3214    0.3742
DIM:ROT:      71         1    0.1723    0.3673    0.5835
DIM:ROT:      71         2    0.1695    0.4079    0.3969
DIM:ROT:      71         3    0.1670    0.3072    0.4698
DIM:ROT:      72         1    0.1663    1.2533    0.4151
DIM:ROT:      72         2    0.1622    0.4160    0.5628
DIM:ROT:      72         3    0.1601    0.3180    0.3822
DIM:ROT:      73         1    0.1661    0.3555    0.5717
DIM:ROT:      73         2    0.1635    0.4044    0.3814
DIM:ROT:      73         3    0.1611    0.2972    0.4611
DIM:ROT:      74         1    0.1642    1.2409    0.4001
DIM:ROT:      74         2    0.1604    0.4072    0.5276
DIM:ROT:      74         3    0.1586    0.2968    0.3670
DIM:ROT:      75         1    0.1668    0.3397    0.5437
DIM:ROT:      75         2    0.1644    0.3813    0.3625
DIM:ROT:      75         3    0.1622    0.2812    0.4334
DIM:ROT:      76         1    0.1652    1.1775    0.3844
DIM:ROT:      76         2    0.1619    0.3919    0.4885
DIM:ROT:      76         3    0.1602    0.2799    0.3488
DIM:ROT:      77         1    0.1658    0.3246    0.5118
DIM:ROT:      77         2    0.1636    0.3591    0.3477
DIM:ROT:      77         3    0.1616    0.2696    0.4094
DIM:ROT:      78         1    0.1613    1.1336    0.3646
DIM:ROT:      78         2    0.1583    0.3678    0.4747
DIM:ROT:      78         3    0.1566    0.2754    0.3329
DIM:ROT:      79         1    0.1578    0.3084    0.4930
DIM:ROT:      79         2    0.1558    0.3531    0.3296
DIM:ROT:      79         3    0.1540    0.2587    0.3996
DIM:ROT:      80         1    0.1512    1.1123    0.3450
DIM:ROT:      80         2    0.1483    0.3595    0.4560
DIM:ROT:      80         3    0.1468    0.2684    0.3147
DIM:ROT:      81         1    0.1464    0.2905    0.4748
DIM:ROT:      81         2    0.1445    0.3456    0.3077
DIM:ROT:      81         3    0.1429    0.2441    0.3863
DIM:ROT:      82         1    0.1406    1.1433    0.3232
DIM:ROT:      82         2    0.1379    0.3761    0.4146
DIM:ROT:      82         3    0.1366    0.2606    0.2970
DIM:ROT:      83         1    0.1379    0.2689    0.4499
DIM:ROT:      83         2    0.1363    0.3338    0.2823
DIM:ROT:      83         3    0.1348    0.2267    0.3680
DIM:ROT:      84         1    0.1339    1.1596    0.3024
DIM:ROT:      84         2    0.1311    0.4212    0.3743
DIM:ROT:      84         3    0.1294    0.3694    0.2664
DIM:ROT:      85         1    0.1326    0.4560    0.2945
DIM:ROT:      85         2    0.1309    0.2730    0.3508
DIM:ROT:      85         3    0.1297    0.2765    0.2522
DIM:ROT:      86         1    0.1291    0.5589    0.2982
DIM:ROT:      86         2    0.1273    0.2554    0.4060
DIM:ROT:      86         3    0.1259    0.3238    0.2383
DIM:ROT:      87         1    0.1261    0.2881    0.5122
DIM:ROT:      87         2    0.1243    0.3618    0.2807
DIM:ROT:      87         3    0.1229    0.2226    0.3779
DIM:ROT:      88         1    0.1173    1.1174    0.2894
DIM:ROT:      88         2    0.1150    0.3820    0.3563
DIM:ROT:      88         3    0.1136    0.2428    0.3033
DIM:ROT:      89         1    0.1057    0.5941    0.2526
DIM:ROT:      89         2    0.1039    0.2631    0.4040
DIM:ROT:      89         3    0.1023    0.3894    0.2233
DIM:ROT:      90         1    0.0947    0.3028    0.4192
DIM:ROT:      90         2    0.0932    0.3192    0.2776
DIM:ROT:      90         3    0.0918    0.2349    0.3203
DIM:ROT:      91         1    0.0801    0.7052    0.2959
DIM:ROT:      91         2    0.0781    0.2736    0.4224
DIM:ROT:      91         3    0.0764    0.3964    0.2327
DIM:ROT:      92         1    0.0643    0.3221    0.4027
DIM:ROT:      92         2    0.0626    0.3293    0.2980
DIM:ROT:      92         3    0.0611    0.2668    0.3210
DIM:ROT:      93         1    0.0501    0.4658    0.3327
DIM:ROT:      93         2    0.0482    0.2736    0.4076
DIM:ROT:      93         3    0.0465    0.3528    0.2684
DIM:ROT:      94         1    0.0390    0.3769    0.3620
DIM:ROT:      94         2    0.0372    0.2850    0.3711
DIM:ROT:      94         3    0.0356    0.3013    0.3015
DIM:ROT:      95         1    0.0377    0.3034    0.4613
DIM:ROT:      95         2    0.0358    0.3274    0.3285
DIM:ROT:      95         3    0.0341    0.2529    0.3743
DIM:ROT:      96         1    0.0445    0.8978    0.3006
DIM:ROT:      96         2    0.0419    0.2802    0.5280
DIM:ROT:      96         3    0.0402    0.3884    0.2539
DIM:ROT:      97         1    0.0655    0.2783    0.5271
DIM:ROT:      97         2    0.0637    0.4069    0.2609
DIM:ROT:      97         3    0.0621    0.2255    0.4070
DIM:ROT:      98         1    0.0381    0.2331    0.3415
DIM:ROT:      98         2    0.0369    0.2553    0.2679
DIM:ROT:      98         3    0.0358    0.2096    0.2975
DIM:ROT:      99         1    0.0215    0.9396    0.2397
DIM:ROT:      99         2    0.0195    0.2692    0.4267
DIM:ROT:      99         3    0.0183    0.2626    0.2650
DIM:ROT:     100         1    0.0199    0.2185    0.3982
DIM:ROT:     100         2    0.0185    0.3318    0.2278
DIM:ROT:     100         3    0.0174    0.1968    0.3486
DIM:ROT:     101         1    0.0256    1.1911    0.2314
DIM:ROT:     101         2    0.0230    0.4129    0.3608
DIM:ROT:     101         3    0.0218    0.2530    0.2817
DIM:ROT:     102         1    0.0377    0.2860    0.2550
DIM:ROT:     102         2    0.0366    0.2221    0.2821
DIM:ROT:     102         3    0.0356    0.2471    0.2322
DIM:ROT:     103         1    0.0530    0.3587    0.2767
DIM:ROT:     103         2    0.0517    0.2321    0.3256
DIM:ROT:     103         3    0.0505    0.2853    0.2324
DIM:ROT:     104         1    0.0657    0.2524    0.3953
DIM:ROT:     104         2    0.0644    0.2885    0.2691
DIM:ROT:     104         3    0.0632    0.2088    0.3201
DIM:ROT:     105         1    0.0703    0.9062    0.2574
DIM:ROT:     105         2    0.0683    0.2697    0.4462
DIM:ROT:     105         3    0.0671    0.2859    0.2470
DIM:ROT:     106         1    0.0740    0.2252    0.4030
DIM:ROT:     106         2    0.0726    0.3292    0.2336
DIM:ROT:     106         3    0.0714    0.1993    0.3461
DIM:ROT:     107         1    0.0699    1.2422    0.2216
DIM:ROT:     107         2    0.0673    0.3632    0.4038
DIM:ROT:     107         3    0.0660    0.2708    0.2738
DIM:ROT:     108         1    0.0657    0.2179    0.2640
DIM:ROT:     108         2    0.0648    0.2295    0.2294
DIM:ROT:     108         3    0.0639    0.1978    0.2513
DIM:ROT:     109         1    0.0604    0.4076    0.2168
DIM:ROT:     109         2    0.0592    0.2076    0.3305
DIM:ROT:     109         3    0.0582    0.3003    0.1923
DIM:ROT:     110         1    0.0559    0.2087    0.3755
DIM:ROT:     110         2    0.0548    0.3014    0.2050
DIM:ROT:     110         3    0.0539    0.1750    0.3078
DIM:ROT:     111         1    0.0469    1.0915    0.2048
DIM:ROT:     111         2    0.0449    0.2891    0.3814
DIM:ROT:     111         3    0.0440    0.2439    0.2307
DIM:ROT:     112         1    0.0584    0.2183    0.3316
DIM:ROT:     112         2    0.0574    0.2595    0.2355
DIM:ROT:     112         3    0.0564    0.1924    0.2909
DIM:ROT:     113         1    0.0577    0.8963    0.2370
DIM:ROT:     113         2    0.0555    0.2623    0.4829
DIM:ROT:     113         3    0.0543    0.3083    0.2329
DIM:ROT:     114         1    0.0620    0.2393    0.4165
DIM:ROT:     114         2    0.0605    0.3341    0.2516
DIM:ROT:     114         3    0.0592    0.2123    0.3581
DIM:ROT:     115         1    0.0597    0.2298    0.2653
DIM:ROT:     115         2    0.0588    0.2069    0.2639
DIM:ROT:     115         3    0.0578    0.2174    0.2487
DIM:ROT:     116         1    0.0579    0.2740    0.2370
DIM:ROT:     116         2    0.0569    0.1914    0.2982
DIM:ROT:     116         3    0.0560    0.2496    0.2136
DIM:ROT:     117         1    0.0589    0.2083    0.3485
DIM:ROT:     117         2    0.0579    0.2796    0.2185
DIM:ROT:     117         3    0.0569    0.1871    0.3056
DIM:ROT:     118         1    0.0628    1.1419    0.2268
DIM:ROT:     118         2    0.0603    0.2946    0.4708
DIM:ROT:     118         3    0.0591    0.2905    0.2535
DIM:ROT:     119         1    0.0693    0.2648    0.3641
DIM:ROT:     119         2    0.0678    0.3360    0.2551
DIM:ROT:     119         3    0.0663    0.2475    0.3371
DIM:ROT:     120         1    0.0652    0.2559    0.2828
DIM:ROT:     120         2    0.0640    0.2622    0.2673
DIM:ROT:     120         3    0.0628    0.2468    0.2715
DIM:ROT:     121         1    0.0626    0.3442    0.2381
DIM:ROT:     121         2    0.0613    0.2270    0.3270
DIM:ROT:     121         3    0.0600    0.3255    0.2239
DIM:ROT:     122         1    0.0571    0.2403    0.3626
DIM:ROT:     122         2    0.0557    0.3513    0.2271
DIM:ROT:     122         3    0.0544    0.2235    0.3317
DIM:ROT:     123         1    0.0517    0.5991    0.2198
DIM:ROT:     123         2    0.0498    0.2540    0.4323
DIM:ROT:     123         3    0.0481    0.4615    0.2051
DIM:ROT:     124         1    0.0442    0.2602    0.4338
DIM:ROT:     124         2    0.0425    0.4438    0.2191
DIM:ROT:     124         3    0.0410    0.2342    0.3803
DIM:ROT:     125         1    0.0384    0.8960    0.2151
DIM:ROT:     125         2    0.0357    0.2982    0.5330
DIM:ROT:     125         3    0.0337    0.5399    0.2075
DIM:ROT:     126         1    0.0335    0.2307    0.3866
DIM:ROT:     126         2    0.0320    0.4255    0.1932
DIM:ROT:     126         3    0.0307    0.2161    0.3575
DIM:ROT:     127         1    0.0336    0.3227    0.2033
DIM:ROT:     127         2    0.0326    0.2000    0.2936
DIM:ROT:     127         3    0.0316    0.2976    0.1920
DIM:ROT:     128         1    0.0337    0.2097    0.2791
DIM:ROT:     128         2    0.0328    0.2596    0.2083
DIM:ROT:     128         3    0.0319    0.1967    0.2583
DIM:ROT:     129         1    0.0281    0.3199    0.1877
DIM:ROT:     129         2    0.0272    0.1932    0.2874
DIM:ROT:     129         3    0.0262    0.2932    0.1817
DIM:ROT:     130         1    0.0215    0.2038    0.3105
DIM:ROT:     130         2    0.0205    0.3080    0.1885
DIM:ROT:     130         3    0.0195    0.1904    0.2856
DIM:ROT:     131         1    0.0162    0.5839    0.1850
DIM:ROT:     131         2    0.0146    0.2295    0.3982
DIM:ROT:     131         3    0.0133    0.4285    0.1763
DIM:ROT:     132         1    0.0113    0.2299    0.3800
DIM:ROT:     132         2    0.0099    0.3904    0.1928
DIM:ROT:     132         3    0.0087    0.2076    0.3340
DIM:ROT:     133         1    0.0064    0.8024    0.1924
DIM:ROT:     133         2    0.0042    0.2644    0.4834
DIM:ROT:     133         3    0.0024    0.5630    0.1794
DIM:ROT:     134         1    0.0021    0.2153    0.3804
DIM:ROT:     134         2    0.0008    0.4501    0.1635
DIM:ROT:     134         3   -0.0004    0.1980    0.3441
DIM:ROT:     135         1    0.0019    0.2929    0.1669
DIM:ROT:     135         2    0.0011    0.1696    0.2583
DIM:ROT:     135         3    0.0004    0.2667    0.1576
DIM:ROT:     136         1    0.0042    0.1711    0.2369
DIM:ROT:     136         2    0.0036    0.2214    0.1670
DIM:ROT:     136         3    0.0030    0.1589    0.2169
DIM:ROT:     137         1    0.0085    0.2172    0.1902
DIM:ROT:     137         2    0.0079    0.1692    0.2129
DIM:ROT:     137         3    0.0073    0.1991    0.1734
DIM:ROT:     138         1    0.0106    0.2100    0.2085
DIM:ROT:     138         2    0.0100    0.1834    0.2138
DIM:ROT:     138         3    0.0093    0.1925    0.1886
DIM:ROT:     139         1    0.0053    0.1739    0.1807
DIM:ROT:     139         2    0.0048    0.1626    0.1777
DIM:ROT:     139         3    0.0042    0.1654    0.1721
DIM:ROT:     140         1   -0.0017    0.1580    0.1979
DIM:ROT:     140         2   -0.0022    0.1762    0.1605
DIM:ROT:     140         3   -0.0027    0.1466    0.1806
DIM:ROT:     141         1   -0.0066    0.2585    0.1541
DIM:ROT:     141         2   -0.0072    0.1503    0.2291
DIM:ROT:     141         3   -0.0078    0.2302    0.1428
DIM:ROT:     142         1   -0.0269    0.2451    0.3959
DIM:ROT:     142         2   -0.0281    0.2127    0.2937
DIM:ROT:     142         3   -0.0289    0.1805    0.2812
DIM:ROT:     143         1   -0.0340    0.4542    0.2956
DIM:ROT:     143         2   -0.0355    0.2510    0.3310
DIM:ROT:     143         3   -0.0367    0.2955    0.2288
DIM:ROT:     144         1   -0.0561    0.2390    0.3783
DIM:ROT:     144         2   -0.0575    0.2847    0.2820
DIM:ROT:     144         3   -0.0588    0.2171    0.3379
DIM:ROT:     145         1   -0.0584    0.2233    0.2434
DIM:ROT:     145         2   -0.0592    0.1705    0.2729
DIM:ROT:     145         3   -0.0600    0.2020    0.2235
DIM:ROT:     146         1   -0.0480    0.1772    0.2968
DIM:ROT:     146         2   -0.0485    0.1907    0.1590
DIM:ROT:     146         3   -0.0490    0.1311    0.2022
DIM:ROT:     147         1   -0.0482    0.2006    0.1978
DIM:ROT:     147         2   -0.0487    0.1518    0.1665
DIM:ROT:     147         3   -0.0490    0.1239    0.1719
DIM:ROT:     148         1   -0.0472    0.1344    0.2015
DIM:ROT:     148         2   -0.0476    0.1398    0.1473
DIM:ROT:     148         3   -0.0479    0.1131    0.1706
DIM:ROT:     149         1   -0.0499    0.2070    0.1435
DIM:ROT:     149         2   -0.0504    0.1206    0.2120
DIM:ROT:     149         3   -0.0508    0.1716    0.1371
DIM:ROT:     150         1   -0.0516    0.1234    0.2341
DIM:ROT:     150         2   -0.0520    0.1614    0.1398
DIM:ROT:     150         3   -0.0523    0.1062    0.1916
DIM:ROT:     151         1   -0.0500    0.2182    0.1254
DIM:ROT:     151         2   -0.0504    0.1113    0.2085
DIM:ROT:     151         3   -0.0507    0.1694    0.1212
DIM:ROT:     152         1   -0.0471    0.1176    0.2369
DIM:ROT:     152         2   -0.0475    0.1650    0.1247
DIM:ROT:     152         3   -0.0478    0.0998    0.1879
DIM:ROT:     153         1   -0.0356    0.1510    0.1190
DIM:ROT:     153         2   -0.0358    0.0872    0.1290
DIM:ROT:     153         3   -0.0360    0.0925    0.0977
DIM:ROT:     154         1   -0.0321    0.1025    0.1463
DIM:ROT:     154         2   -0.0323    0.0948    0.1094
DIM:ROT:     154         3   -0.0325    0.0799    0.1134
DIM:ROT:     155         1   -0.0251    0.1241    0.1679
DIM:ROT:     155         2   -0.0253    0.0957    0.1147
DIM:ROT:     155         3   -0.0254    0.0802    0.1181
DIM:ROT:     156         1   -0.0123    0.1606    0.1817
DIM:ROT:     156         2   -0.0126    0.1142    0.1451
DIM:ROT:     156         3   -0.0128    0.0999    0.1280
DIM:ROT:     157         1   -0.0060    0.1696    0.1897
DIM:ROT:     157         2   -0.0063    0.1205    0.1568
DIM:ROT:     157         3   -0.0066    0.1057    0.1400
DIM:ROT:     158         1    0.0049    0.1920    0.2599
DIM:ROT:     158         2    0.0045    0.1474    0.1637
DIM:ROT:     158         3    0.0042    0.1089    0.1677
DIM:ROT:     159         1   -0.0025    0.2019    0.1239
DIM:ROT:     159         2   -0.0028    0.0994    0.1805
DIM:ROT:     159         3   -0.0030    0.1251    0.1046
DIM:ROT:     160         1   -0.0126    0.0976    0.1905
DIM:ROT:     160         2   -0.0128    0.1381    0.1053
DIM:ROT:     160         3   -0.0131    0.0811    0.1525
