      Step     Time          Energy          fmax
BFGS:    0 15:51:22    -9343.597650        0.406715
BFGS:    1 15:51:22    -9343.603073        0.388245
BFGS:    2 15:51:22    -9343.632039        0.613916
BFGS:    3 15:51:22    -9343.687371        1.535125
BFGS:    4 15:51:22    -9343.739809        2.065265
BFGS:    5 15:51:22    -9343.813519        2.439382
BFGS:    6 15:51:22    -9343.885879        2.496266
BFGS:    7 15:51:22    -9344.040144        1.332545
BFGS:    8 15:51:22    -9344.184369        0.905647
BFGS:    9 15:51:22    -9344.268480        1.054898
BFGS:   10 15:51:22    -9344.355390        1.227526
BFGS:   11 15:51:22    -9344.451525        0.853097
BFGS:   12 15:51:22    -9344.518637        1.063015
BFGS:   13 15:51:22    -9344.530627        2.460922
BFGS:   14 15:51:22    -9344.603543        0.750192
BFGS:   15 15:51:22    -9344.627434        1.284442
BFGS:   16 15:51:22    -9344.687078        0.540705
BFGS:   17 15:51:22    -9344.743496        0.579672
BFGS:   18 15:51:22    -9344.787520        0.722101
BFGS:   19 15:51:22    -9344.821905        0.783469
BFGS:   20 15:51:23    -9344.861725        0.582689
BFGS:   21 15:51:23    -9344.909866        0.354804
BFGS:   22 15:51:23    -9344.920075        0.333364
BFGS:   23 15:51:23    -9344.925655        0.190547
BFGS:   24 15:51:23    -9344.930050        0.196386
BFGS:   25 15:51:23    -9344.934857        0.291656
BFGS:   26 15:51:23    -9344.940345        0.282517
BFGS:   27 15:51:23    -9344.945278        0.201005
BFGS:   28 15:51:23    -9344.949058        0.177848
BFGS:   29 15:51:23    -9344.952249        0.167708
BFGS:   30 15:51:23    -9344.955552        0.207107
BFGS:   31 15:51:23    -9344.958332        0.173541
BFGS:   32 15:51:23    -9344.960095        0.121093
BFGS:   33 15:51:23    -9344.961540        0.120752
BFGS:   34 15:51:23    -9344.963151        0.145222
BFGS:   35 15:51:23    -9344.964755        0.152989
BFGS:   36 15:51:23    -9344.965824        0.091159
BFGS:   37 15:51:23    -9344.966429        0.065128
BFGS:   38 15:51:23    -9344.966883        0.063901
BFGS:   39 15:51:23    -9344.967402        0.079884
BFGS:   40 15:51:23    -9344.967876        0.056958
BFGS:   41 15:51:23    -9344.968194        0.050032
BFGS:   42 15:51:23    -9344.968435        0.050477
BFGS:   43 15:51:23    -9344.968977        0.090682
BFGS:   44 15:51:23    -9344.969664        0.121680
BFGS:   45 15:51:23    -9344.970701        0.128983
BFGS:   46 15:51:23    -9344.970581        0.298422
BFGS:   47 15:51:23    -9344.972308        0.107579
BFGS:   48 15:51:23    -9344.972896        0.114176
BFGS:   49 15:51:23    -9344.974143        0.113007
BFGS:   50 15:51:23    -9344.974961        0.113587
BFGS:   51 15:51:23    -9344.975465        0.094626
BFGS:   52 15:51:23    -9344.978414        0.090220
BFGS:   53 15:51:23    -9344.979335        0.095932
BFGS:   54 15:51:23    -9344.980364        0.099300
BFGS:   55 15:51:23    -9344.982808        0.111382
BFGS:   56 15:51:23    -9344.985333        0.134104
BFGS:   57 15:51:23    -9344.987557        0.144677
BFGS:   58 15:51:23    -9344.989068        0.150454
BFGS:   59 15:51:23    -9344.990788        0.151611
BFGS:   60 15:51:23    -9344.992526        0.135416
BFGS:   61 15:51:23    -9344.993976        0.090531
BFGS:   62 15:51:23    -9344.994369        0.182106
BFGS:   63 15:51:23    -9344.994872        0.037955
BFGS:   64 15:51:23    -9344.995079        0.041507
BFGS:   65 15:51:23    -9344.995332        0.049074
BFGS:   66 15:51:23    -9344.995516        0.049182
BFGS:   67 15:51:23    -9344.995720        0.034100
BFGS:   68 15:51:23    -9344.995929        0.033057
BFGS:   69 15:51:23    -9344.996226        0.049038
BFGS:   70 15:51:23    -9344.996645        0.071417
BFGS:   71 15:51:23    -9344.997285        0.126074
BFGS:   72 15:51:23    -9344.998274        0.083273
BFGS:   73 15:51:23    -9344.999436        0.272843
BFGS:   74 15:51:24    -9345.001343        0.490968
BFGS:   75 15:51:24    -9345.005753        0.219358
BFGS:   76 15:51:24    -9345.009274        0.499440
BFGS:   77 15:51:24    -9345.016831        0.159177
BFGS:   78 15:51:24    -9345.021190        0.570034
BFGS:   79 15:51:24    -9345.026192        0.247307
BFGS:   80 15:51:24    -9345.029638        0.098173
BFGS:   81 15:51:24    -9345.032379        0.422244
BFGS:   82 15:51:24    -9345.036668        0.182032
BFGS:   83 15:51:24    -9345.039719        0.102432
BFGS:   84 15:51:24    -9345.039887        0.363979
BFGS:   85 15:51:24    -9345.043035        0.081979
BFGS:   86 15:51:24    -9345.044025        0.119527
BFGS:   87 15:51:24    -9345.045897        0.234998
BFGS:   88 15:51:24    -9345.048066        0.139637
BFGS:   89 15:51:24    -9345.052348        0.146368
BFGS:   90 15:51:24    -9345.055355        0.198447
BFGS:   91 15:51:24    -9345.057083        0.069858
BFGS:   92 15:51:24    -9345.058126        0.176427
BFGS:   93 15:51:24    -9345.058812        0.094700
BFGS:   94 15:51:24    -9345.059374        0.057603
BFGS:   95 15:51:24    -9345.059685        0.082743
BFGS:   96 15:51:24    -9345.060147        0.088968
BFGS:   97 15:51:24    -9345.060669        0.068752
BFGS:   98 15:51:24    -9345.061186        0.113745
BFGS:   99 15:51:24    -9345.061854        0.078849
BFGS:  100 15:51:24    -9345.062588        0.080615
BFGS:  101 15:51:24    -9345.063486        0.133651
BFGS:  102 15:51:24    -9345.064031        0.059285
BFGS:  103 15:51:24    -9345.064657        0.074416
BFGS:  104 15:51:24    -9345.065289        0.088615
BFGS:  105 15:51:24    -9345.066035        0.120149
BFGS:  106 15:51:24    -9345.067075        0.140337
BFGS:  107 15:51:24    -9345.068463        0.119019
BFGS:  108 15:51:24    -9345.069755        0.127813
BFGS:  109 15:51:24    -9345.070801        0.101062
BFGS:  110 15:51:24    -9345.071433        0.079252
BFGS:  111 15:51:24    -9345.072138        0.079398
BFGS:  112 15:51:24    -9345.072550        0.065557
BFGS:  113 15:51:24    -9345.073361        0.050613
BFGS:  114 15:51:24    -9345.073570        0.038947
BFGS:  115 15:51:24    -9345.073706        0.037299
BFGS:  116 15:51:24    -9345.073814        0.023238
BFGS:  117 15:51:24    -9345.073950        0.034474
BFGS:  118 15:51:24    -9345.074027        0.027953
BFGS:  119 15:51:24    -9345.074115        0.029598
BFGS:  120 15:51:24    -9345.074264        0.025381
BFGS:  121 15:51:24    -9345.074508        0.026648
BFGS:  122 15:51:24    -9345.074706        0.035208
BFGS:  123 15:51:24    -9345.074914        0.043518
BFGS:  124 15:51:24    -9345.075107        0.045714
BFGS:  125 15:51:24    -9345.075318        0.052011
BFGS:  126 15:51:24    -9345.075583        0.056599
BFGS:  127 15:51:24    -9345.075935        0.061437
BFGS:  128 15:51:25    -9345.076315        0.062742
BFGS:  129 15:51:25    -9345.076627        0.060351
BFGS:  130 15:51:25    -9345.076805        0.035471
BFGS:  131 15:51:25    -9345.076867        0.024085
BFGS:  132 15:51:25    -9345.076886        0.021333
BFGS:  133 15:51:25    -9345.076894        0.016120
BFGS:  134 15:51:25    -9345.076902        0.006858
BFGS:  135 15:51:25    -9345.076903        0.008356
BFGS:  136 15:51:25    -9345.076908        0.011798
BFGS:  137 15:51:25    -9345.076922        0.009701
BFGS:  138 15:51:25    -9345.076926        0.010859
BFGS:  139 15:51:25    -9345.076953        0.017105
BFGS:  140 15:51:25    -9345.077015        0.034662
BFGS:  141 15:51:25    -9345.077183        0.075644
BFGS:  142 15:51:25    -9345.077446        0.180395
BFGS:  143 15:51:25    -9345.077888        0.157117
BFGS:  144 15:51:25    -9345.078911        0.159727
BFGS:  145 15:51:25    -9345.080007        0.105525
BFGS:  146 15:51:25    -9345.080101        0.068774
BFGS:  147 15:51:25    -9345.079144        0.287805
BFGS:  148 15:51:25    -9345.080715        0.069680
BFGS:  149 15:51:25    -9345.080969        0.051720
BFGS:  150 15:51:25    -9345.081355        0.205774
BFGS:  151 15:51:25    -9345.082064        0.043444
BFGS:  152 15:51:25    -9345.082704        0.053543
BFGS:  153 15:51:25    -9345.082575        0.295003
BFGS:  154 15:51:25    -9345.083840        0.049463
BFGS:  155 15:51:25    -9345.084150        0.169047
BFGS:  156 15:51:25    -9345.084622        0.270197
BFGS:  157 15:51:25    -9345.085992        0.147190
BFGS:  158 15:51:25    -9345.086925        0.090881
BFGS:  159 15:51:25    -9345.087066        0.226358
BFGS:  160 15:51:25    -9345.088566        0.129418
BFGS:  161 15:51:25    -9345.088476        0.171982
BFGS:  162 15:51:25    -9345.090402        0.092941
BFGS:  163 15:51:25    -9345.091245        0.125840
BFGS:  164 15:51:25    -9345.091832        0.190893
BFGS:  165 15:51:25    -9345.092911        0.209885
BFGS:  166 15:51:25    -9345.090925        0.251628
BFGS:  167 15:51:25    -9345.093662        0.134024
BFGS:  168 15:51:25    -9345.093841        0.092471
BFGS:  169 15:51:25    -9345.094238        0.045270
BFGS:  170 15:51:25    -9345.094339        0.038459
BFGS:  171 15:51:25    -9345.094472        0.074884
BFGS:  172 15:51:25    -9345.094603        0.050064
BFGS:  173 15:51:25    -9345.094686        0.041845
BFGS:  174 15:51:25    -9345.094765        0.054814
BFGS:  175 15:51:25    -9345.094923        0.061625
BFGS:  176 15:51:25    -9345.095256        0.057673
BFGS:  177 15:51:25    -9345.095478        0.055553
BFGS:  178 15:51:25    -9345.095785        0.077393
BFGS:  179 15:51:25    -9345.096071        0.091768
BFGS:  180 15:51:25    -9345.096552        0.080064
BFGS:  181 15:51:25    -9345.096944        0.081427
BFGS:  182 15:51:26    -9345.097176        0.076950
BFGS:  183 15:51:26    -9345.097161        0.085686
BFGS:  184 15:51:26    -9345.097216        0.133411
BFGS:  185 15:51:26    -9345.097397        0.072779
BFGS:  186 15:51:26    -9345.097490        0.034481
BFGS:  187 15:51:26    -9345.097564        0.046160
BFGS:  188 15:51:26    -9345.097743        0.078261
BFGS:  189 15:51:26    -9345.097969        0.071590
BFGS:  190 15:51:26    -9345.098534        0.058047
BFGS:  191 15:51:26    -9345.098010        0.339151
BFGS:  192 15:51:26    -9345.099177        0.122489
BFGS:  193 15:51:26    -9345.099532        0.040516
BFGS:  194 15:51:26    -9345.099690        0.166802
BFGS:  195 15:51:26    -9345.100000        0.035197
BFGS:  196 15:51:26    -9345.100286        0.036237
BFGS:  197 15:51:26    -9345.101223        0.103873
BFGS:  198 15:51:26    -9345.101528        0.121740
BFGS:  199 15:51:26    -9345.102129        0.135733
BFGS:  200 15:51:26    -9345.102236        0.176509
BFGS:  201 15:51:26    -9345.102874        0.048130
BFGS:  202 15:51:26    -9345.103278        0.072228
BFGS:  203 15:51:26    -9345.103713        0.053783
BFGS:  204 15:51:26    -9345.104201        0.096124
BFGS:  205 15:51:26    -9345.104450        0.072587
BFGS:  206 15:51:26    -9345.104697        0.107049
BFGS:  207 15:51:26    -9345.104926        0.096820
BFGS:  208 15:51:26    -9345.105129        0.081536
BFGS:  209 15:51:26    -9345.105383        0.082768
BFGS:  210 15:51:26    -9345.105717        0.067786
BFGS:  211 15:51:26    -9345.105784        0.072355
BFGS:  212 15:51:26    -9345.106050        0.100610
BFGS:  213 15:51:26    -9345.106268        0.080138
BFGS:  214 15:51:26    -9345.106569        0.054612
BFGS:  215 15:51:26    -9345.106786        0.030178
BFGS:  216 15:51:26    -9345.107401        0.043903
BFGS:  217 15:51:26    -9345.107916        0.147151
BFGS:  218 15:51:26    -9345.108129        0.096283
BFGS:  219 15:51:26    -9345.108391        0.050794
BFGS:  220 15:51:26    -9345.108437        0.086661
BFGS:  221 15:51:26    -9345.108584        0.056040
BFGS:  222 15:51:26    -9345.108647        0.033562
BFGS:  223 15:51:26    -9345.108700        0.025431
BFGS:  224 15:51:26    -9345.108720        0.014246
BFGS:  225 15:51:26    -9345.108738        0.024715
BFGS:  226 15:51:26    -9345.108766        0.017803
BFGS:  227 15:51:26    -9345.108788        0.016981
BFGS:  228 15:51:26    -9345.108812        0.019114
BFGS:  229 15:51:26    -9345.108824        0.015964
BFGS:  230 15:51:26    -9345.108849        0.013145
BFGS:  231 15:51:26    -9345.108872        0.014404
BFGS:  232 15:51:26    -9345.108894        0.016945
BFGS:  233 15:51:26    -9345.108920        0.018159
BFGS:  234 15:51:27    -9345.108949        0.016237
BFGS:  235 15:51:27    -9345.108982        0.013257
BFGS:  236 15:51:27    -9345.108998        0.009808
BFGS:  237 15:51:27    -9345.109007        0.004707
