MinModeTranslate: STEP      TIME          ENERGY    MAX-FORCE     STEPSIZE    CURVATURE  ROT-STEPS
MinModeTranslate:    0  16:27:07    -9337.747714       1.2580     --------     1.287430          3
MinModeTranslate:    0  16:27:07    -9337.747714       1.2580     0.100000     1.287430          3
MinModeTranslate:    1  16:27:07    -9337.550602      13.4253     --------   -19.705487          3
MinModeTranslate:    1  16:27:07    -9337.550602      13.4253     0.100000   -19.705487          3
MinModeTranslate:    2  16:27:07    -9337.525055      13.4872     --------   -41.627973          3
MinModeTranslate:    2  16:27:07    -9337.525055      13.4872     0.100000   -41.627973          3
MinModeTranslate:    3  16:27:07    -9338.943643       6.6474     --------   -23.351045          3
MinModeTranslate:    3  16:27:07    -9338.943643       6.6474     0.100000   -23.351045          3
MinModeTranslate:    4  16:27:07    -9339.483192       4.8897     --------   -21.364004          3
MinModeTranslate:    4  16:27:07    -9339.483192       4.8897     0.100000   -21.364004          3
MinModeTranslate:    5  16:27:07    -9339.664104       3.4437     --------    -5.908852          3
MinModeTranslate:    5  16:27:07    -9339.664104       3.4437     0.100000    -5.908852          3
MinModeTranslate:    6  16:27:07    -9339.786629       3.2787     --------    -2.748875          3
MinModeTranslate:    6  16:27:07    -9339.786629       3.2787     0.100000    -2.748875          3
MinModeTranslate:    7  16:27:08    -9339.932095       2.9425     --------    -0.649981          3
MinModeTranslate:    7  16:27:08    -9339.932095       2.9425     0.100000    -0.649981          3
MinModeTranslate:    8  16:27:08    -9340.072113       2.7926     --------    -1.565198          3
MinModeTranslate:    8  16:27:08    -9340.072113       2.7926     0.100000    -1.565198          3
MinModeTranslate:    9  16:27:08    -9340.122618       2.8573     --------    -1.998812          3
MinModeTranslate:    9  16:27:08    -9340.122618       2.8573     0.100000    -1.998812          3
MinModeTranslate:   10  16:27:08    -9340.130204       1.1829     --------     3.228098          3
MinModeTranslate:   10  16:27:08    -9340.130204       1.1829     0.100000     3.228098          3
MinModeTranslate:   11  16:27:08    -9339.901093       1.4006     --------     1.593819          3
MinModeTranslate:   11  16:27:08    -9339.901093       1.4006     0.100000     1.593819          3
MinModeTranslate:   12  16:27:08    -9339.660353       3.0578     --------    -1.788109          3
MinModeTranslate:   12  16:27:08    -9339.660353       3.0578     0.100000    -1.788109          3
MinModeTranslate:   13  16:27:08    -9339.506875       3.1935     --------    -1.083142          3
MinModeTranslate:   13  16:27:08    -9339.506875       3.1935     0.100000    -1.083142          3
MinModeTranslate:   14  16:27:08    -9339.415943       2.0788     --------    -0.203308          3
MinModeTranslate:   14  16:27:08    -9339.415943       2.0788     0.097863    -0.203308          3
MinModeTranslate:   15  16:27:08    -9339.373574       4.7626     --------    -0.374443          3
MinModeTranslate:   15  16:27:08    -9339.373574       4.7626     0.100000    -0.374443          3
MinModeTranslate:   16  16:27:08    -9339.437375       3.2306     --------    -1.668175          3
MinModeTranslate:   16  16:27:08    -9339.437375       3.2306     0.036967    -1.668175          3
MinModeTranslate:   17  16:27:08    -9339.510642       1.5900     --------    -3.554479          3
MinModeTranslate:   17  16:27:08    -9339.510642       1.5900     0.100000    -3.554479          3
MinModeTranslate:   18  16:27:08    -9339.610933       1.3625     --------    -8.988012          3
MinModeTranslate:   18  16:27:08    -9339.610933       1.3625     0.100000    -8.988012          3
MinModeTranslate:   19  16:27:08    -9339.815879       1.7468     --------   -18.911452          3
MinModeTranslate:   19  16:27:08    -9339.815879       1.7468     0.100000   -18.911452          3
MinModeTranslate:   20  16:27:09    -9340.007305       2.6349     --------   -52.068541          3
MinModeTranslate:   20  16:27:09    -9340.007305       2.6349     0.100000   -52.068541          3
MinModeTranslate:   21  16:27:09    -9340.148083       2.0262     --------   -47.261353          3
MinModeTranslate:   21  16:27:09    -9340.148083       2.0262     0.100000   -47.261353          3
MinModeTranslate:   22  16:27:09    -9340.277140       0.9505     --------    -4.887552          3
MinModeTranslate:   22  16:27:09    -9340.277140       0.9505     0.040575    -4.887552          3
MinModeTranslate:   23  16:27:09    -9340.318135       1.2898     --------   -11.828983          3
MinModeTranslate:   23  16:27:09    -9340.318135       1.2898     0.100000   -11.828983          3
MinModeTranslate:   24  16:27:09    -9340.391787       1.6944     --------   -47.438274          3
MinModeTranslate:   24  16:27:09    -9340.391787       1.6944     0.100000   -47.438274          3
MinModeTranslate:   25  16:27:09    -9340.506770       1.1652     --------   -40.860858          3
MinModeTranslate:   25  16:27:09    -9340.506770       1.1652     0.100000   -40.860858          3
MinModeTranslate:   26  16:27:09    -9340.590505       1.3667     --------   -38.417641          3
MinModeTranslate:   26  16:27:09    -9340.590505       1.3667     0.100000   -38.417641          3
MinModeTranslate:   27  16:27:09    -9340.659443       1.1997     --------   -37.118324          3
MinModeTranslate:   27  16:27:09    -9340.659443       1.1997     0.059669   -37.118324          3
MinModeTranslate:   28  16:27:09    -9340.718523       1.4070     --------   -76.834525          3
MinModeTranslate:   28  16:27:09    -9340.718523       1.4070     0.082703   -76.834525          3
MinModeTranslate:   29  16:27:09    -9340.787773       1.0991     --------  -120.510752          3
MinModeTranslate:   29  16:27:09    -9340.787773       1.0991     0.100000  -120.510752          3
MinModeTranslate:   30  16:27:09    -9340.862979       1.5222     --------  -102.330501          3
MinModeTranslate:   30  16:27:09    -9340.862979       1.5222     0.096167  -102.330501          3
MinModeTranslate:   31  16:27:09    -9340.932640       1.3040     --------   -95.538711          3
MinModeTranslate:   31  16:27:09    -9340.932640       1.3040     0.100000   -95.538711          3
MinModeTranslate:   32  16:27:10    -9340.932601       1.4194     --------  -160.641678          3
MinModeTranslate:   32  16:27:10    -9340.932601       1.4194     0.036176  -160.641678          3
MinModeTranslate:   33  16:27:10    -9340.970419       0.8410     --------  -195.229936          3
MinModeTranslate:   33  16:27:10    -9340.970419       0.8410     0.036022  -195.229936          3
MinModeTranslate:   34  16:27:10    -9341.000412       0.7728     --------  -194.310852          3
MinModeTranslate:   34  16:27:10    -9341.000412       0.7728     0.041806  -194.310852          3
MinModeTranslate:   35  16:27:10    -9341.029078       1.3376     --------  -271.211905          3
MinModeTranslate:   35  16:27:10    -9341.029078       1.3376     0.045446  -271.211905          3
MinModeTranslate:   36  16:27:10    -9341.037711       0.4558     --------  -259.623859          3
MinModeTranslate:   36  16:27:10    -9341.037711       0.4558     0.037907  -259.623859          3
MinModeTranslate:   37  16:27:10    -9341.053839       0.4764     --------  -274.276126          3
MinModeTranslate:   37  16:27:10    -9341.053839       0.4764     0.032146  -274.276126          3
MinModeTranslate:   38  16:27:10    -9341.071120       1.2468     --------  -310.202908          3
MinModeTranslate:   38  16:27:10    -9341.071120       1.2468     0.067530  -310.202908          3
MinModeTranslate:   39  16:27:10    -9341.081275       0.8113     --------  -260.003638          3
MinModeTranslate:   39  16:27:10    -9341.081275       0.8113     0.062404  -260.003638          3
MinModeTranslate:   40  16:27:10    -9341.110244       0.9559     --------  -197.655503          3
MinModeTranslate:   40  16:27:10    -9341.110244       0.9559     0.100000  -197.655503          3
MinModeTranslate:   41  16:27:11    -9341.146879       1.5574     --------  -306.625033          3
MinModeTranslate:   41  16:27:11    -9341.146879       1.5574     0.100000  -306.625033          3
MinModeTranslate:   42  16:27:11    -9341.188146       1.1095     --------  -219.162839          3
MinModeTranslate:   42  16:27:11    -9341.188146       1.1095     0.056427  -219.162839          3
MinModeTranslate:   43  16:27:11    -9341.231113       1.3160     --------  -169.232817          3
MinModeTranslate:   43  16:27:11    -9341.231113       1.3160     0.077207  -169.232817          3
MinModeTranslate:   44  16:27:11    -9341.263776       0.8997     --------  -185.087889          3
MinModeTranslate:   44  16:27:11    -9341.263776       0.8997     0.053125  -185.087889          3
MinModeTranslate:   45  16:27:11    -9341.298136       1.1997     --------  -207.310560          3
MinModeTranslate:   45  16:27:11    -9341.298136       1.1997     0.043347  -207.310560          3
MinModeTranslate:   46  16:27:11    -9341.321925       0.7455     --------  -222.405161          3
MinModeTranslate:   46  16:27:11    -9341.321925       0.7455     0.076376  -222.405161          3
MinModeTranslate:   47  16:27:11    -9341.347582       0.7356     --------  -212.765882          3
MinModeTranslate:   47  16:27:11    -9341.347582       0.7356     0.057198  -212.765882          3
MinModeTranslate:   48  16:27:11    -9341.364754       0.7827     --------  -214.226905          3
MinModeTranslate:   48  16:27:11    -9341.364754       0.7827     0.050878  -214.226905          3
MinModeTranslate:   49  16:27:11    -9341.382534       0.5666     --------  -220.693942          3
MinModeTranslate:   49  16:27:11    -9341.382534       0.5666     0.038543  -220.693942          3
MinModeTranslate:   50  16:27:11    -9341.394469       0.7754     --------  -236.112932          3
MinModeTranslate:   50  16:27:11    -9341.394469       0.7754     0.082070  -236.112932          3
MinModeTranslate:   51  16:27:12    -9341.416247       0.7898     --------  -232.314356          3
MinModeTranslate:   51  16:27:12    -9341.416247       0.7898     0.073105  -232.314356          3
MinModeTranslate:   52  16:27:12    -9341.438475       0.7918     --------  -237.145289          3
MinModeTranslate:   52  16:27:12    -9341.438475       0.7918     0.044277  -237.145289          3
MinModeTranslate:   53  16:27:12    -9341.449553       0.4414     --------  -192.430390          3
MinModeTranslate:   53  16:27:12    -9341.449553       0.4414     0.028784  -192.430390          3
MinModeTranslate:   54  16:27:12    -9341.455634       0.4475     --------  -201.857859          3
MinModeTranslate:   54  16:27:12    -9341.455634       0.4475     0.089070  -201.857859          3
MinModeTranslate:   55  16:27:12    -9341.472083       0.4633     --------  -182.474334          3
MinModeTranslate:   55  16:27:12    -9341.472083       0.4633     0.043202  -182.474334          3
MinModeTranslate:   56  16:27:12    -9341.479195       0.4254     --------  -163.737579          3
MinModeTranslate:   56  16:27:12    -9341.479195       0.4254     0.030320  -163.737579          3
MinModeTranslate:   57  16:27:12    -9341.484980       0.3995     --------  -178.435536          3
MinModeTranslate:   57  16:27:12    -9341.484980       0.3995     0.037555  -178.435536          3
MinModeTranslate:   58  16:27:12    -9341.491473       0.3742     --------  -174.984143          3
MinModeTranslate:   58  16:27:12    -9341.491473       0.3742     0.064966  -174.984143          3
MinModeTranslate:   59  16:27:12    -9341.502242       0.3511     --------  -155.481859          3
MinModeTranslate:   59  16:27:12    -9341.502242       0.3511     0.049773  -155.481859          3
MinModeTranslate:   60  16:27:12    -9341.511106       0.5544     --------  -183.163741          3
MinModeTranslate:   60  16:27:12    -9341.511106       0.5544     0.100000  -183.163741          3
MinModeTranslate:   61  16:27:12    -9341.522683       0.6925     --------  -153.996243          3
MinModeTranslate:   61  16:27:12    -9341.522683       0.6925     0.100000  -153.996243          3
MinModeTranslate:   62  16:27:13    -9341.538138       0.5789     --------  -155.694875          3
MinModeTranslate:   62  16:27:13    -9341.538138       0.5789     0.036875  -155.694875          3
MinModeTranslate:   63  16:27:13    -9341.555743       0.6981     --------  -161.821357          3
MinModeTranslate:   63  16:27:13    -9341.555743       0.6981     0.057402  -161.821357          3
MinModeTranslate:   64  16:27:13    -9341.571918       0.5258     --------  -191.172299          3
MinModeTranslate:   64  16:27:13    -9341.571918       0.5258     0.060935  -191.172299          3
MinModeTranslate:   65  16:27:13    -9341.588109       0.7724     --------  -205.814428          3
MinModeTranslate:   65  16:27:13    -9341.588109       0.7724     0.056149  -205.814428          3
MinModeTranslate:   66  16:27:13    -9341.603367       0.4521     --------  -205.297412          3
MinModeTranslate:   66  16:27:13    -9341.603367       0.4521     0.066493  -205.297412          3
MinModeTranslate:   67  16:27:13    -9341.626192       0.7760     --------  -211.536197          3
MinModeTranslate:   67  16:27:13    -9341.626192       0.7760     0.033823  -211.536197          3
MinModeTranslate:   68  16:27:13    -9341.632615       0.5848     --------  -195.859751          3
MinModeTranslate:   68  16:27:13    -9341.632615       0.5848     0.100000  -195.859751          3
MinModeTranslate:   69  16:27:13    -9341.658123       0.7323     --------  -196.351374          3
MinModeTranslate:   69  16:27:13    -9341.658123       0.7323     0.100000  -196.351374          3
MinModeTranslate:   70  16:27:13    -9341.683992       1.2474     --------  -213.130700          3
MinModeTranslate:   70  16:27:13    -9341.683992       1.2474     0.100000  -213.130700          3
MinModeTranslate:   71  16:27:13    -9341.707902       1.3383     --------  -228.535475          3
MinModeTranslate:   71  16:27:13    -9341.707902       1.3383     0.020218  -228.535475          3
MinModeTranslate:   72  16:27:13    -9341.725201       0.5418     --------  -243.894029          3
MinModeTranslate:   72  16:27:13    -9341.725201       0.5418     0.039022  -243.894029          3
MinModeTranslate:   73  16:27:13    -9341.743341       0.6818     --------  -232.094734          3
MinModeTranslate:   73  16:27:13    -9341.743341       0.6818     0.014738  -232.094734          3
MinModeTranslate:   74  16:27:13    -9341.747410       0.3799     --------  -247.414753          3
MinModeTranslate:   74  16:27:14    -9341.747410       0.3799     0.021104  -247.414753          3
MinModeTranslate:   75  16:27:14    -9341.752541       0.3464     --------  -224.241449          3
MinModeTranslate:   75  16:27:14    -9341.752541       0.3464     0.020872  -224.241449          3
MinModeTranslate:   76  16:27:14    -9341.756863       0.3689     --------  -230.469337          3
MinModeTranslate:   76  16:27:14    -9341.756863       0.3689     0.045613  -230.469337          3
MinModeTranslate:   77  16:27:14    -9341.765356       0.3990     --------  -239.370008          3
MinModeTranslate:   77  16:27:14    -9341.765356       0.3990     0.031828  -239.370008          3
MinModeTranslate:   78  16:27:14    -9341.772243       0.4914     --------  -246.989890          3
MinModeTranslate:   78  16:27:14    -9341.772243       0.4914     0.045252  -246.989890          3
MinModeTranslate:   79  16:27:14    -9341.779591       0.4054     --------  -210.485767          3
MinModeTranslate:   79  16:27:14    -9341.779591       0.4054     0.024089  -210.485767          3
MinModeTranslate:   80  16:27:14    -9341.782910       0.3131     --------  -220.374982          3
MinModeTranslate:   80  16:27:14    -9341.782910       0.3131     0.049044  -220.374982          3
MinModeTranslate:   81  16:27:14    -9341.790090       0.3695     --------  -232.958167          3
MinModeTranslate:   81  16:27:14    -9341.790090       0.3695     0.022253  -232.958167          3
MinModeTranslate:   82  16:27:14    -9341.793368       0.4092     --------  -237.944621          3
MinModeTranslate:   82  16:27:14    -9341.793368       0.4092     0.031373  -237.944621          3
MinModeTranslate:   83  16:27:14    -9341.797544       0.3024     --------  -242.765902          3
MinModeTranslate:   83  16:27:14    -9341.797544       0.3024     0.019705  -242.765902          3
MinModeTranslate:   84  16:27:14    -9341.801047       0.4497     --------  -227.011889          3
MinModeTranslate:   84  16:27:14    -9341.801047       0.4497     0.030291  -227.011889          3
MinModeTranslate:   85  16:27:14    -9341.803417       0.2418     --------  -238.596933          3
MinModeTranslate:   85  16:27:14    -9341.803417       0.2418     0.027117  -238.596933          3
MinModeTranslate:   86  16:27:14    -9341.805950       0.3471     --------  -234.759238          3
MinModeTranslate:   86  16:27:15    -9341.805950       0.3471     0.041209  -234.759238          3
MinModeTranslate:   87  16:27:15    -9341.809918       0.2839     --------  -236.075417          3
MinModeTranslate:   87  16:27:15    -9341.809918       0.2839     0.037479  -236.075417          3
MinModeTranslate:   88  16:27:15    -9341.814775       0.5334     --------  -257.412620          3
MinModeTranslate:   88  16:27:15    -9341.814775       0.5334     0.049215  -257.412620          3
MinModeTranslate:   89  16:27:15    -9341.817123       0.2684     --------  -250.592398          3
MinModeTranslate:   89  16:27:15    -9341.817123       0.2684     0.092095  -250.592398          3
MinModeTranslate:   90  16:27:15    -9341.825307       0.8409     --------  -259.477858          3
MinModeTranslate:   90  16:27:15    -9341.825307       0.8409     0.100000  -259.477858          3
MinModeTranslate:   91  16:27:15    -9341.840491       0.7590     --------  -263.296164          3
MinModeTranslate:   91  16:27:15    -9341.840491       0.7590     0.016300  -263.296164          3
MinModeTranslate:   92  16:27:15    -9341.848956       0.3927     --------  -256.124225          3
MinModeTranslate:   92  16:27:15    -9341.848956       0.3927     0.016200  -256.124225          3
MinModeTranslate:   93  16:27:15    -9341.854797       0.5893     --------  -281.359426          3
MinModeTranslate:   93  16:27:15    -9341.854797       0.5893     0.017612  -281.359426          3
MinModeTranslate:   94  16:27:15    -9341.856983       0.3301     --------  -269.809849          3
MinModeTranslate:   94  16:27:15    -9341.856983       0.3301     0.033784  -269.809849          3
MinModeTranslate:   95  16:27:15    -9341.864644       0.3529     --------  -236.202960          3
MinModeTranslate:   95  16:27:15    -9341.864644       0.3529     0.017432  -236.202960          3
MinModeTranslate:   96  16:27:15    -9341.869217       0.5961     --------  -255.637060          3
MinModeTranslate:   96  16:27:15    -9341.869217       0.5961     0.049403  -255.637060          3
MinModeTranslate:   97  16:27:15    -9341.875198       0.4125     --------  -269.452101          3
MinModeTranslate:   97  16:27:15    -9341.875198       0.4125     0.030776  -269.452101          3
MinModeTranslate:   98  16:27:16    -9341.882253       0.5013     --------  -262.920607          3
MinModeTranslate:   98  16:27:16    -9341.882253       0.5013     0.028716  -262.920607          3
MinModeTranslate:   99  16:27:16    -9341.887829       0.5310     --------  -280.108858          3
MinModeTranslate:   99  16:27:16    -9341.887829       0.5310     0.039635  -280.108858          3
MinModeTranslate:  100  16:27:16    -9341.892545       0.4422     --------  -261.238709          3
MinModeTranslate:  100  16:27:16    -9341.892545       0.4422     0.050783  -261.238709          3
MinModeTranslate:  101  16:27:16    -9341.903071       0.6151     --------  -242.004753          3
MinModeTranslate:  101  16:27:16    -9341.903071       0.6151     0.025539  -242.004753          3
MinModeTranslate:  102  16:27:16    -9341.904308       0.3783     --------  -261.885553          3
MinModeTranslate:  102  16:27:16    -9341.904308       0.3783     0.049117  -261.885553          3
MinModeTranslate:  103  16:27:16    -9341.909947       0.4076     --------  -258.689475          3
MinModeTranslate:  103  16:27:16    -9341.909947       0.4076     0.025727  -258.689475          3
MinModeTranslate:  104  16:27:16    -9341.914119       0.4636     --------  -250.894430          3
MinModeTranslate:  104  16:27:16    -9341.914119       0.4636     0.024703  -250.894430          3
MinModeTranslate:  105  16:27:16    -9341.917028       0.3552     --------  -274.315149          3
MinModeTranslate:  105  16:27:16    -9341.917028       0.3552     0.036502  -274.315149          3
MinModeTranslate:  106  16:27:16    -9341.920250       0.2666     --------  -274.210223          3
MinModeTranslate:  106  16:27:16    -9341.920250       0.2666     0.010971  -274.210223          3
MinModeTranslate:  107  16:27:16    -9341.922177       0.3173     --------  -263.501870          3
MinModeTranslate:  107  16:27:16    -9341.922177       0.3173     0.006548  -263.501870          3
MinModeTranslate:  108  16:27:16    -9341.922220       0.1175     --------  -270.104679          3
MinModeTranslate:  108  16:27:16    -9341.922220       0.1175     0.006652  -270.104679          3
MinModeTranslate:  109  16:27:16    -9341.922720       0.1655     --------  -272.783415          2
MinModeTranslate:  109  16:27:16    -9341.922720       0.1655     0.007130  -272.783415          2
MinModeTranslate:  110  16:27:17    -9341.923319       0.1595     --------  -267.601035          3
MinModeTranslate:  110  16:27:17    -9341.923319       0.1595     0.005541  -267.601035          3
MinModeTranslate:  111  16:27:17    -9341.923504       0.1143     --------  -270.588289          3
MinModeTranslate:  111  16:27:17    -9341.923504       0.1143     0.012932  -270.588289          3
MinModeTranslate:  112  16:27:17    -9341.924197       0.1166     --------  -268.099299          2
MinModeTranslate:  112  16:27:17    -9341.924197       0.1166     0.009216  -268.099299          2
MinModeTranslate:  113  16:27:17    -9341.925031       0.2734     --------  -261.547144          3
MinModeTranslate:  113  16:27:17    -9341.925031       0.2734     0.033124  -261.547144          3
MinModeTranslate:  114  16:27:17    -9341.926112       0.1860     --------  -268.372806          3
MinModeTranslate:  114  16:27:17    -9341.926112       0.1860     0.038822  -268.372806          3
MinModeTranslate:  115  16:27:17    -9341.927949       0.2419     --------  -265.993573          3
MinModeTranslate:  115  16:27:17    -9341.927949       0.2419     0.015184  -265.993573          3
MinModeTranslate:  116  16:27:17    -9341.928432       0.1514     --------  -259.255816          3
MinModeTranslate:  116  16:27:17    -9341.928432       0.1514     0.017474  -259.255816          3
MinModeTranslate:  117  16:27:17    -9341.928943       0.1425     --------  -266.926480          3
MinModeTranslate:  117  16:27:17    -9341.928943       0.1425     0.024657  -266.926480          3
MinModeTranslate:  118  16:27:17    -9341.929798       0.1134     --------  -270.391986          3
MinModeTranslate:  118  16:27:17    -9341.929798       0.1134     0.009919  -270.391986          3
MinModeTranslate:  119  16:27:17    -9341.930434       0.2271     --------  -260.378198          3
MinModeTranslate:  119  16:27:17    -9341.930434       0.2271     0.017516  -260.378198          3
MinModeTranslate:  120  16:27:17    -9341.930716       0.1042     --------  -256.856630          3
MinModeTranslate:  120  16:27:17    -9341.930716       0.1042     0.014036  -256.856630          3
MinModeTranslate:  121  16:27:17    -9341.931532       0.2107     --------  -268.348691          3
MinModeTranslate:  121  16:27:17    -9341.931532       0.2107     0.011785  -268.348691          3
MinModeTranslate:  122  16:27:17    -9341.931682       0.1099     --------  -269.396661          3
MinModeTranslate:  122  16:27:18    -9341.931682       0.1099     0.008697  -269.396661          3
MinModeTranslate:  123  16:27:18    -9341.932053       0.1187     --------  -266.764998          2
MinModeTranslate:  123  16:27:18    -9341.932053       0.1187     0.008797  -266.764998          2
MinModeTranslate:  124  16:27:18    -9341.932553       0.1605     --------  -262.956704          3
MinModeTranslate:  124  16:27:18    -9341.932553       0.1605     0.004856  -262.956704          3
MinModeTranslate:  125  16:27:18    -9341.932635       0.0780     --------  -257.000181          3
MinModeTranslate:  125  16:27:18    -9341.932635       0.0780     0.010201  -257.000181          3
MinModeTranslate:  126  16:27:18    -9341.932943       0.0523     --------  -259.709960          3
MinModeTranslate:  126  16:27:18    -9341.932943       0.0523     0.003096  -259.709960          3
MinModeTranslate:  127  16:27:18    -9341.933066       0.0784     --------  -261.778925          3
MinModeTranslate:  127  16:27:18    -9341.933066       0.0784     0.003423  -261.778925          3
MinModeTranslate:  128  16:27:18    -9341.933117       0.0423     --------  -259.801867          3
MinModeTranslate:  128  16:27:18    -9341.933117       0.0423     0.003219  -259.801867          3
MinModeTranslate:  129  16:27:18    -9341.933186       0.0473     --------  -260.335103          2
MinModeTranslate:  129  16:27:18    -9341.933186       0.0473     0.006371  -260.335103          2
MinModeTranslate:  130  16:27:18    -9341.933333       0.0795     --------  -261.024680          3
MinModeTranslate:  130  16:27:18    -9341.933333       0.0795     0.002615  -261.024680          3
MinModeTranslate:  131  16:27:18    -9341.933372       0.0533     --------  -259.128898          3
MinModeTranslate:  131  16:27:18    -9341.933372       0.0533     0.008027  -259.128898          3
MinModeTranslate:  132  16:27:18    -9341.933500       0.0526     --------  -261.897036          3
MinModeTranslate:  132  16:27:18    -9341.933500       0.0526     0.007746  -261.897036          3
MinModeTranslate:  133  16:27:18    -9341.933635       0.0790     --------  -264.511072          3
MinModeTranslate:  133  16:27:18    -9341.933635       0.0790     0.010169  -264.511072          3
MinModeTranslate:  134  16:27:18    -9341.933829       0.1093     --------  -261.508197          3
MinModeTranslate:  134  16:27:19    -9341.933829       0.1093     0.007719  -261.508197          3
MinModeTranslate:  135  16:27:19    -9341.933886       0.0584     --------  -262.661642          3
MinModeTranslate:  135  16:27:19    -9341.933886       0.0584     0.019878  -262.661642          3
MinModeTranslate:  136  16:27:19    -9341.934233       0.1110     --------  -263.156156          3
MinModeTranslate:  136  16:27:19    -9341.934233       0.1110     0.008418  -263.156156          3
MinModeTranslate:  137  16:27:19    -9341.934355       0.0890     --------  -260.638373          3
MinModeTranslate:  137  16:27:19    -9341.934355       0.0890     0.035973  -260.638373          3
MinModeTranslate:  138  16:27:19    -9341.934878       0.0767     --------  -267.943609          3
MinModeTranslate:  138  16:27:19    -9341.934878       0.0767     0.029465  -267.943609          3
MinModeTranslate:  139  16:27:19    -9341.935265       0.1641     --------  -266.485506          2
MinModeTranslate:  139  16:27:19    -9341.935265       0.1641     0.067209  -266.485506          2
MinModeTranslate:  140  16:27:19    -9341.935890       0.2302     --------  -259.959755          3
MinModeTranslate:  140  16:27:19    -9341.935890       0.2302     0.031717  -259.959755          3
MinModeTranslate:  141  16:27:19    -9341.936417       0.1315     --------  -263.770248          3
MinModeTranslate:  141  16:27:19    -9341.936417       0.1315     0.008233  -263.770248          3
MinModeTranslate:  142  16:27:19    -9341.936926       0.1427     --------  -263.866298          3
MinModeTranslate:  142  16:27:19    -9341.936926       0.1427     0.005491  -263.866298          3
MinModeTranslate:  143  16:27:19    -9341.937077       0.0787     --------  -268.698971          3
MinModeTranslate:  143  16:27:19    -9341.937077       0.0787     0.005908  -268.698971          3
MinModeTranslate:  144  16:27:19    -9341.937269       0.1024     --------  -266.914198          2
MinModeTranslate:  144  16:27:19    -9341.937269       0.1024     0.006609  -266.914198          2
MinModeTranslate:  145  16:27:19    -9341.937500       0.0569     --------  -267.949000          3
MinModeTranslate:  145  16:27:19    -9341.937500       0.0569     0.003925  -267.949000          3
MinModeTranslate:  146  16:27:19    -9341.937651       0.0968     --------  -265.342994          3
MinModeTranslate:  146  16:27:19    -9341.937651       0.0968     0.004511  -265.342994          3
MinModeTranslate:  147  16:27:20    -9341.937726       0.0497     --------  -266.149246          3
MinModeTranslate:  147  16:27:20    -9341.937726       0.0497     0.006195  -266.149246          3
MinModeTranslate:  148  16:27:20    -9341.937886       0.0676     --------  -263.315567          3
MinModeTranslate:  148  16:27:20    -9341.937886       0.0676     0.009008  -263.315567          3
MinModeTranslate:  149  16:27:20    -9341.938112       0.0618     --------  -264.114023          3
MinModeTranslate:  149  16:27:20    -9341.938112       0.0618     0.003713  -264.114023          3
MinModeTranslate:  150  16:27:20    -9341.938216       0.0777     --------  -263.085447          3
MinModeTranslate:  150  16:27:20    -9341.938216       0.0777     0.006352  -263.085447          3
MinModeTranslate:  151  16:27:20    -9341.938306       0.0394     --------  -266.570805          3
MinModeTranslate:  151  16:27:20    -9341.938306       0.0394     0.005545  -266.570805          3
MinModeTranslate:  152  16:27:20    -9341.938430       0.0644     --------  -264.014016          3
MinModeTranslate:  152  16:27:20    -9341.938430       0.0644     0.009255  -264.014016          3
MinModeTranslate:  153  16:27:20    -9341.938602       0.0856     --------  -263.206859          3
MinModeTranslate:  153  16:27:20    -9341.938602       0.0856     0.007277  -263.206859          3
MinModeTranslate:  154  16:27:20    -9341.938709       0.0617     --------  -259.822495          3
MinModeTranslate:  154  16:27:20    -9341.938709       0.0617     0.017959  -259.822495          3
MinModeTranslate:  155  16:27:20    -9341.939023       0.1008     --------  -261.652340          3
MinModeTranslate:  155  16:27:20    -9341.939023       0.1008     0.010627  -261.652340          3
MinModeTranslate:  156  16:27:20    -9341.939187       0.1127     --------  -259.122961          3
MinModeTranslate:  156  16:27:20    -9341.939187       0.1127     0.026230  -259.122961          3
MinModeTranslate:  157  16:27:20    -9341.939623       0.1202     --------  -260.856709          3
MinModeTranslate:  157  16:27:20    -9341.939623       0.1202     0.028534  -260.856709          3
MinModeTranslate:  158  16:27:21    -9341.940014       0.1142     --------  -255.576644          3
MinModeTranslate:  158  16:27:21    -9341.940014       0.1142     0.034638  -255.576644          3
MinModeTranslate:  159  16:27:21    -9341.940727       0.1920     --------  -258.128766          3
MinModeTranslate:  159  16:27:21    -9341.940727       0.1920     0.027510  -258.128766          3
MinModeTranslate:  160  16:27:21    -9341.941110       0.1172     --------  -254.980219          3
