MINMODE:METHOD: Dimer
DIM:CONTROL: Search Parameters:
DIM:CONTROL: ------------------
DIM:CONTROL: eigenmode_method = dimer
DIM:CONTROL: f_rot_min = 0.01
DIM:CONTROL: f_rot_max = 0.1
DIM:CONTROL: max_num_rot = 3
DIM:CONTROL: trial_angle = 0.7853981633974483
DIM:CONTROL: trial_trans_step = 0.001
DIM:CONTROL: maximum_translation = 0.1
DIM:CONTROL: cg_translation = True
DIM:CONTROL: use_central_forces = True
DIM:CONTROL: dimer_separation = 0.005
DIM:CONTROL: initial_eigenmode_method = gauss
DIM:CONTROL: extrapolate_forces = True
DIM:CONTROL: displacement_method = gauss
DIM:CONTROL: gauss_std = 0.1
DIM:CONTROL: order = 1
DIM:CONTROL: mask = None
DIM:CONTROL: displacement_center = None
DIM:CONTROL: displacement_radius = None
DIM:CONTROL: number_of_displacement_atoms = None
DIM:CONTROL: ------------------
DIM:ROT: OPT-STEP ROT-STEP CURVATURE ROT-ANGLE ROT-FORCE
DIM:ROT:       0         1    7.9729   16.5151   17.5734
DIM:ROT:       0         2    5.0023   13.4551   12.3088
DIM:ROT:       0         3    2.7972   10.1290   12.1676
DIM:ROT:       1         1   16.0627   52.6081   25.4163
DIM:ROT:       1         2  -52.1053   17.5525   43.0947
DIM:ROT:       1         3  -54.7626   10.0465   15.8795
DIM:ROT:       2         1 -488.9928   22.0030  180.2269
DIM:ROT:       2         2 -490.3550    1.0644   10.3002
DIM:ROT:       2         3 -490.1592    0.0957    0.9606
DIM:ROT:       3         1 -248.3783    8.1215   40.4302
DIM:ROT:       3         2 -246.7773    0.8214    4.5567
DIM:ROT:       3         3 -246.6662    0.1197    0.6537
DIM:ROT:       4         1 -248.9384    6.7724   33.6945
DIM:ROT:       4         2 -247.6012    0.7149    4.0406
DIM:ROT:       4         3 -247.5044    0.0980    0.5232
DIM:ROT:       5         1 -590.5411    5.9980   64.1970
DIM:ROT:       5         2 -589.4581    0.2645    3.0386
DIM:ROT:       5         3 -589.4075    0.0156    0.1791
DIM:ROT:       6         1 -221.0608    7.1323   31.2837
DIM:ROT:       6         2 -219.9102    0.8404    4.4909
DIM:ROT:       6         3 -219.8061    0.1255    0.6496
DIM:ROT:       7         1 -344.6550    5.9380   37.9646
DIM:ROT:       7         2 -343.4785    0.4415    3.1228
DIM:ROT:       7         3 -343.4030    0.0349    0.2318
DIM:ROT:       8         1 -606.9119    2.8223   30.5188
DIM:ROT:       8         2 -606.4953    0.1219    1.4091
DIM:ROT:       8         3 -606.4700    0.0071    0.0829
DIM:ROT:       9         1 -692.1000    3.8676   49.5703
DIM:ROT:       9         2 -691.7522    0.1893    2.4862
DIM:ROT:       9         3 -691.7537    0.0137    0.1786
DIM:ROT:      10         1 -446.2045    4.9070   39.5906
DIM:ROT:      10         2 -445.0655    0.3206    2.8351
DIM:ROT:      10         3 -445.0059    0.0237    0.2066
DIM:ROT:      11         1 -443.0662    2.7321   23.7230
DIM:ROT:      11         2 -442.5543    0.1730    1.4987
DIM:ROT:      11         3 -442.5243    0.0152    0.1323
DIM:ROT:      12         1 -427.7620    5.5807   46.1500
DIM:ROT:      12         2 -427.0640    0.3222    2.7006
DIM:ROT:      12         3 -427.0267    0.0263    0.2215
DIM:ROT:      13         1 -323.5394    2.3032   14.0739
DIM:ROT:      13         2 -323.2072    0.1861    1.2463
DIM:ROT:      13         3 -323.1849    0.0228    0.1555
DIM:ROT:      14         1 -406.5559    4.5483   35.8301
DIM:ROT:      14         2 -406.2635    0.2774    2.2643
DIM:ROT:      14         3 -406.2470    0.0261    0.2217
DIM:ROT:      15         1 -312.2387    7.5897   45.0456
DIM:ROT:      15         2 -311.7136    0.4431    2.6811
DIM:ROT:      15         3 -311.6893    0.0423    0.2689
DIM:ROT:      16         1 -271.7965    1.7747    9.9633
DIM:ROT:      16         2 -271.6530    0.1748    1.0961
DIM:ROT:      16         3 -271.6425    0.0292    0.1674
DIM:ROT:      17         1 -221.1375    5.7781   25.9618
DIM:ROT:      17         2 -221.7789    0.5584    2.7949
DIM:ROT:      17         3 -221.8141    0.0886    0.4456
DIM:ROT:      18         1 -193.8609    4.5351   19.9534
DIM:ROT:      18         2 -194.0768    0.4433    1.8385
DIM:ROT:      18         3 -194.0766    0.0595    0.2772
DIM:ROT:      19         1 -158.2063    6.0856   20.5836
DIM:ROT:      19         2 -157.9133    0.8046    3.2353
DIM:ROT:      19         3 -157.8921    0.1615    0.6185
DIM:ROT:      20         1 -156.7167    6.7133   23.4092
DIM:ROT:      20         2 -157.0948    0.8979    3.7765
DIM:ROT:      20         3 -157.1189    0.2055    0.8298
DIM:ROT:      21         1 -167.0335    3.1977   11.4906
DIM:ROT:      21         2 -166.9275    0.3354    1.4393
DIM:ROT:      21         3 -166.9252    0.0630    0.2551
DIM:ROT:      22         1 -171.6560    2.7972    9.7392
DIM:ROT:      22         2 -171.5907    0.2151    0.8678
DIM:ROT:      22         3 -171.5901    0.0292    0.1142
DIM:ROT:      23         1 -152.7772    2.3965    8.4154
DIM:ROT:      23         2 -152.8224    0.2749    1.0671
DIM:ROT:      23         3 -152.8247    0.0557    0.2230
DIM:ROT:      24         1 -136.5164    5.4874   15.5393
DIM:ROT:      24         2 -136.3135    0.7099    2.7446
DIM:ROT:      24         3 -136.3015    0.1600    0.5440
DIM:ROT:      25         1 -148.4456    3.4176   10.8126
DIM:ROT:      25         2 -148.4281    0.3066    1.2461
DIM:ROT:      25         3 -148.4233    0.0650    0.2427
DIM:ROT:      26         1 -156.0605    4.1051   13.7007
DIM:ROT:      26         2 -156.2585    0.4770    2.0047
DIM:ROT:      26         3 -156.2691    0.1068    0.4133
DIM:ROT:      27         1 -168.9376    3.9910   14.3401
DIM:ROT:      27         2 -168.7778    0.3797    1.6972
DIM:ROT:      27         3 -168.7741    0.0739    0.3002
DIM:ROT:      28         1 -178.8261    3.8380   13.8163
DIM:ROT:      28         2 -178.8041    0.2349    0.9356
DIM:ROT:      28         3 -178.8065    0.0348    0.1476
DIM:ROT:      29         1 -183.9563    2.6690    9.8584
DIM:ROT:      29         2 -183.8375    0.2358    1.1543
DIM:ROT:      29         3 -183.8344    0.0471    0.2027
DIM:ROT:      30         1 -196.7476    2.2245    8.8653
DIM:ROT:      30         2 -196.6887    0.1513    0.6789
DIM:ROT:      30         3 -196.6849    0.0202    0.0957
DIM:ROT:      31         1 -193.2852    1.1712    4.7235
DIM:ROT:      31         2 -193.2929    0.1034    0.4732
DIM:ROT:      31         3 -193.2926    0.0178    0.0820
DIM:ROT:      32         1 -191.0217    1.4637    5.5482
DIM:ROT:      32         2 -190.9666    0.1110    0.5197
DIM:ROT:      32         3 -190.9647    0.0204    0.0954
DIM:ROT:      33         1 -190.0660    2.9949   12.1693
DIM:ROT:      33         2 -190.1884    0.2939    1.4062
DIM:ROT:      33         3 -190.1946    0.0564    0.2505
DIM:ROT:      34         1 -185.0276    2.7526   10.2138
DIM:ROT:      34         2 -184.9164    0.2841    1.3494
DIM:ROT:      34         3 -184.9136    0.0531    0.2226
DIM:ROT:      35         1 -186.3556    0.6615    2.6654
DIM:ROT:      35         2 -186.3564    0.0872    0.4295
DIM:ROT:      35         3 -186.3557    0.0196    0.0846
DIM:ROT:      36         1 -188.9687    2.5131    9.6669
DIM:ROT:      36         2 -188.8931    0.1719    0.7403
DIM:ROT:      36         3 -188.8923    0.0254    0.1139
DIM:ROT:      37         1 -184.7446    2.6363   10.2394
DIM:ROT:      37         2 -184.5985    0.2654    1.2814
DIM:ROT:      37         3 -184.5913    0.0504    0.2080
DIM:ROT:      38         1 -196.7802    3.6133   14.5858
DIM:ROT:      38         2 -196.9122    0.3892    1.9085
DIM:ROT:      38         3 -196.9185    0.0737    0.3308
DIM:ROT:      39         1 -193.1347    2.9633   11.2973
DIM:ROT:      39         2 -192.9972    0.2642    1.3750
DIM:ROT:      39         3 -192.9931    0.0472    0.1963
DIM:ROT:      40         1 -199.2760    2.6279   11.2453
DIM:ROT:      40         2 -199.2943    0.3170    1.6138
DIM:ROT:      40         3 -199.2947    0.0622    0.2829
DIM:ROT:      41         1 -194.8028    2.6454   10.2288
DIM:ROT:      41         2 -194.6779    0.2104    1.0135
DIM:ROT:      41         3 -194.6744    0.0301    0.1358
DIM:ROT:      42         1 -185.3649    4.0047   16.0409
DIM:ROT:      42         2 -185.4624    0.4541    1.9129
DIM:ROT:      42         3 -185.4715    0.0783    0.3571
DIM:ROT:      43         1 -178.2509    2.5763    9.8703
DIM:ROT:      43         2 -178.1470    0.3228    1.5588
DIM:ROT:      43         3 -178.1425    0.0712    0.2848
DIM:ROT:      44         1 -166.7062    1.7476    6.4656
DIM:ROT:      44         2 -166.7532    0.2729    1.2362
DIM:ROT:      44         3 -166.7561    0.0666    0.2606
DIM:ROT:      45         1 -153.1231    1.0531    3.8473
DIM:ROT:      45         2 -153.1146    0.1260    0.4709
DIM:ROT:      45         3 -153.1144    0.0296    0.1165
DIM:ROT:      46         1 -148.4114    1.1022    3.5172
DIM:ROT:      46         2 -148.3814    0.1685    0.7507
DIM:ROT:      46         3 -148.3802    0.0429    0.1439
DIM:ROT:      47         1 -146.0604    2.1213    6.7308
DIM:ROT:      47         2 -146.1287    0.3201    1.3719
DIM:ROT:      47         3 -146.1337    0.0834    0.2896
DIM:ROT:      48         1 -146.1094    2.1744    6.6753
DIM:ROT:      48         2 -146.0573    0.2563    1.1565
DIM:ROT:      48         3 -146.0573    0.0600    0.1938
DIM:ROT:      49         1 -141.9613    1.9009    5.6167
DIM:ROT:      49         2 -141.9201    0.1521    0.5515
DIM:ROT:      49         3 -141.9177    0.0270    0.1045
DIM:ROT:      50         1 -137.1822    2.0481    6.3967
DIM:ROT:      50         2 -137.2613    0.3964    1.6239
DIM:ROT:      50         3 -137.2685    0.1154    0.3797
DIM:ROT:      51         1 -131.5742    1.9569    5.6904
DIM:ROT:      51         2 -131.5416    0.2682    1.1013
DIM:ROT:      51         3 -131.5427    0.0732    0.2269
DIM:ROT:      52         1 -121.6041    1.6006    4.3886
DIM:ROT:      52         2 -121.5752    0.2544    0.9731
DIM:ROT:      52         3 -121.5740    0.0752    0.2318
DIM:ROT:      53         1 -109.4872    2.4668    6.3261
DIM:ROT:      53         2 -109.5456    0.4117    1.4762
DIM:ROT:      53         3 -109.5501    0.1333    0.3835
DIM:ROT:      54         1  -98.9529    2.3925    5.2938
DIM:ROT:      54         2  -98.9507    0.2914    0.9025
DIM:ROT:      54         3  -98.9536    0.0771    0.2083
DIM:ROT:      55         1  -96.2053    2.4476    5.3509
DIM:ROT:      55         2  -96.1710    0.3712    1.1968
DIM:ROT:      55         3  -96.1716    0.1110    0.3129
DIM:ROT:      56         1  -94.6164    1.4002    3.1150
DIM:ROT:      56         2  -94.6167    0.1943    0.6942
DIM:ROT:      56         3  -94.6169    0.0635    0.1594
DIM:ROT:      57         1  -99.0715    0.9457    2.3448
DIM:ROT:      57         2  -99.0840    0.1733    0.6272
DIM:ROT:      57         3  -99.0849    0.0577    0.1499
DIM:ROT:      58         1 -104.5042    2.0812    5.4032
DIM:ROT:      58         2 -104.4696    0.4554    1.5814
DIM:ROT:      58         3 -104.4691    0.1622    0.4497
DIM:ROT:      59         1 -107.4770    0.6132    1.5725
DIM:ROT:      59         2 -107.4710    0.0784    0.2757
DIM:ROT:      59         3 -107.4707    0.0249    0.0685
DIM:ROT:      60         1 -113.5737    1.2175    3.2225
DIM:ROT:      60         2 -113.5806    0.1490    0.5811
DIM:ROT:      60         3 -113.5799    0.0408    0.1158
DIM:ROT:      61         1 -112.7059    1.9387    5.2449
DIM:ROT:      61         2 -112.6642    0.3899    1.3579
DIM:ROT:      61         3 -112.6624    0.1246    0.3721
DIM:ROT:      62         1 -116.9505    2.1559    5.7525
DIM:ROT:      62         2 -116.9580    0.2982    1.2108
DIM:ROT:      62         3 -116.9563    0.0867    0.2443
DIM:ROT:      63         1 -124.8127    2.1488    6.1402
DIM:ROT:      63         2 -124.8448    0.3092    1.1900
DIM:ROT:      63         3 -124.8439    0.0802    0.2531
DIM:ROT:      64         1 -124.2785    2.0860    6.3672
DIM:ROT:      64         2 -124.2223    0.4217    1.5470
DIM:ROT:      64         3 -124.2187    0.1283    0.4129
DIM:ROT:      65         1 -126.2284    1.1691    3.6888
DIM:ROT:      65         2 -126.2493    0.2460    0.9723
DIM:ROT:      65         3 -126.2493    0.0758    0.2431
DIM:ROT:      66         1 -126.5714    0.7714    2.4607
DIM:ROT:      66         2 -126.5867    0.1433    0.5204
DIM:ROT:      66         3 -126.5872    0.0394    0.1334
DIM:ROT:      67         1 -123.6819    1.5242    4.4938
DIM:ROT:      67         2 -123.6446    0.2869    1.0773
DIM:ROT:      67         3 -123.6429    0.0853    0.2705
DIM:ROT:      68         1 -123.9089    1.3596    3.9993
DIM:ROT:      68         2 -123.9260    0.2506    0.9628
DIM:ROT:      68         3 -123.9249    0.0728    0.2326
DIM:ROT:      69         1 -127.4217    0.9792    2.6172
DIM:ROT:      69         2 -127.4014    0.0865    0.2985
DIM:ROT:      69         3 -127.4015    0.0192    0.0663
DIM:ROT:      70         1 -130.2467    1.4031    4.0877
DIM:ROT:      70         2 -130.2051    0.1823    0.6945
DIM:ROT:      70         3 -130.2044    0.0434    0.1433
DIM:ROT:      71         1 -137.0013    1.6264    5.0540
DIM:ROT:      71         2 -137.0264    0.2517    0.9893
DIM:ROT:      71         3 -137.0251    0.0627    0.2175
DIM:ROT:      72         1 -140.3856    1.6872    5.3517
DIM:ROT:      72         2 -140.3302    0.2637    1.0428
DIM:ROT:      72         3 -140.3284    0.0687    0.2412
DIM:ROT:      73         1 -143.1405    1.2503    3.6949
DIM:ROT:      73         2 -143.1077    0.0931    0.3391
DIM:ROT:      73         3 -143.1065    0.0199    0.0741
DIM:ROT:      74         1 -145.6009    1.4295    4.6345
DIM:ROT:      74         2 -145.6065    0.1729    0.7170
DIM:ROT:      74         3 -145.6040    0.0382    0.1400
DIM:ROT:      75         1 -137.7251    1.6521    5.3491
DIM:ROT:      75         2 -137.6681    0.3029    1.1761
DIM:ROT:      75         3 -137.6641    0.0812    0.2791
DIM:ROT:      76         1 -141.5432    1.2423    3.8002
DIM:ROT:      76         2 -141.5372    0.1487    0.6137
DIM:ROT:      76         3 -141.5344    0.0343    0.1223
DIM:ROT:      77         1 -146.0832    0.9309    2.9598
DIM:ROT:      77         2 -146.0471    0.1203    0.5023
DIM:ROT:      77         3 -146.0457    0.0295    0.1056
DIM:ROT:      78         1 -144.1962    0.4360    1.6120
DIM:ROT:      78         2 -144.1813    0.0797    0.3039
DIM:ROT:      78         3 -144.1796    0.0208    0.0765
DIM:ROT:      79         1 -149.6517    1.0069    3.4167
DIM:ROT:      79         2 -149.6566    0.1415    0.5845
DIM:ROT:      79         3 -149.6541    0.0320    0.1208
DIM:ROT:      80         1 -145.9557    0.8517    2.9385
DIM:ROT:      80         2 -145.9220    0.1643    0.6678
DIM:ROT:      80         3 -145.9190    0.0450    0.1616
DIM:ROT:      81         1 -148.6168    0.7052    2.3016
DIM:ROT:      81         2 -148.6104    0.0780    0.3215
DIM:ROT:      81         3 -148.6082    0.0157    0.0592
DIM:ROT:      82         1 -150.0061    0.5959    2.0663
DIM:ROT:      82         2 -149.9821    0.1059    0.4612
DIM:ROT:      82         3 -149.9804    0.0294    0.1034
DIM:ROT:      83         1 -150.8042    0.5444    1.7077
DIM:ROT:      83         2 -150.7955    0.0502    0.1909
DIM:ROT:      83         3 -150.7944    0.0095    0.0377
DIM:ROT:      84         1 -151.6810    0.8818    2.7072
DIM:ROT:      84         2 -151.6459    0.0775    0.3570
DIM:ROT:      84         3 -151.6450    0.0171    0.0588
DIM:ROT:      85         1 -154.6253    0.8615    2.8831
DIM:ROT:      85         2 -154.6167    0.0995    0.4167
DIM:ROT:      85         3 -154.6137    0.0199    0.0770
DIM:ROT:      86         1 -150.3050    1.1314    3.8412
DIM:ROT:      86         2 -150.2524    0.2045    0.8754
DIM:ROT:      86         3 -150.2481    0.0528    0.1867
DIM:ROT:      87         1 -154.6062    1.1347    3.9542
DIM:ROT:      87         2 -154.6039    0.1595    0.6866
DIM:ROT:      87         3 -154.5997    0.0342    0.1291
DIM:ROT:      88         1 -151.2154    0.4866    1.6023
DIM:ROT:      88         2 -151.1956    0.0687    0.2930
DIM:ROT:      88         3 -151.1947    0.0152    0.0529
DIM:ROT:      89         1 -152.8413    0.6224    2.0416
DIM:ROT:      89         2 -152.8259    0.0802    0.3485
DIM:ROT:      89         3 -152.8236    0.0171    0.0586
DIM:ROT:      90         1 -153.4849    0.5660    1.8737
DIM:ROT:      90         2 -153.4737    0.0699    0.2899
DIM:ROT:      90         3 -153.4718    0.0149    0.0543
DIM:ROT:      91         1 -152.3043    0.5944    1.9670
DIM:ROT:      91         2 -152.2772    0.0775    0.3469
DIM:ROT:      91         3 -152.2760    0.0172    0.0609
DIM:ROT:      92         1 -154.4007    0.6447    2.2388
DIM:ROT:      92         2 -154.3976    0.1012    0.4264
DIM:ROT:      92         3 -154.3951    0.0234    0.0879
DIM:ROT:      93         1 -151.4005    0.3930    1.2991
DIM:ROT:      93         2 -151.3851    0.0546    0.2354
DIM:ROT:      93         3 -151.3845    0.0122    0.0423
DIM:ROT:      94         1 -151.4924    0.2252    0.8181
DIM:ROT:      94         2 -151.4908    0.0384    0.1587
DIM:ROT:      94         3 -151.4899    0.0089    0.0340
DIM:ROT:      95         1 -151.3569    0.2032    0.7558
DIM:ROT:      95         2 -151.3566    0.0342    0.1308
DIM:ROT:      95         3 -151.3561    0.0078    0.0297
DIM:ROT:      96         1 -152.0792    0.1596    0.5205
DIM:ROT:      96         2 -152.0737    0.0187    0.0780
DIM:ROT:      97         1 -155.8067    0.4441    1.5596
DIM:ROT:      97         2 -155.8089    0.0796    0.3362
DIM:ROT:      97         3 -155.8074    0.0193    0.0725
DIM:ROT:      98         1 -154.8204    0.5516    1.9682
DIM:ROT:      98         2 -154.7972    0.0824    0.3599
DIM:ROT:      98         3 -154.7960    0.0188    0.0696
DIM:ROT:      99         1 -156.7901    0.3332    1.2383
DIM:ROT:      99         2 -156.7929    0.0625    0.2608
DIM:ROT:      99         3 -156.7919    0.0158    0.0624
DIM:ROT:     100         1 -156.7692    0.5308    1.7300
DIM:ROT:     100         2 -156.7542    0.0546    0.2456
DIM:ROT:     100         3 -156.7533    0.0124    0.0477
DIM:ROT:     101         1 -153.1996    0.5187    1.8986
DIM:ROT:     101         2 -153.1800    0.1004    0.4148
DIM:ROT:     101         3 -153.1782    0.0252    0.0931
DIM:ROT:     102         1 -158.2297    0.9669    3.6116
DIM:ROT:     102         2 -158.2485    0.1734    0.7306
DIM:ROT:     102         3 -158.2469    0.0423    0.1671
DIM:ROT:     103         1 -155.0992    1.1341    4.2265
DIM:ROT:     103         2 -155.0515    0.2083    0.8856
DIM:ROT:     103         3 -155.0474    0.0536    0.2017
DIM:ROT:     104         1 -156.3341    0.3665    1.2666
DIM:ROT:     104         2 -156.3300    0.0487    0.2207
DIM:ROT:     104         3 -156.3289    0.0115    0.0429
DIM:ROT:     105         1 -158.8470    0.7645    2.5464
DIM:ROT:     105         2 -158.8327    0.0588    0.2401
DIM:ROT:     105         3 -158.8311    0.0098    0.0370
DIM:ROT:     106         1 -154.1173    0.8472    3.1506
DIM:ROT:     106         2 -154.0791    0.1705    0.6993
DIM:ROT:     106         3 -154.0750    0.0439    0.1652
DIM:ROT:     107         1 -160.4684    1.0537    3.9133
DIM:ROT:     107         2 -160.4786    0.1756    0.7648
DIM:ROT:     107         3 -160.4752    0.0405    0.1589
DIM:ROT:     108         1 -158.8006    0.8154    3.0815
DIM:ROT:     108         2 -158.7614    0.1511    0.6508
DIM:ROT:     108         3 -158.7577    0.0386    0.1480
DIM:ROT:     109         1 -165.3642    0.5519    2.0706
DIM:ROT:     109         2 -165.3667    0.0889    0.3943
DIM:ROT:     109         3 -165.3644    0.0201    0.0805
DIM:ROT:     110         1 -166.2641    0.4306    1.6636
DIM:ROT:     110         2 -166.2411    0.0744    0.3401
DIM:ROT:     110         3 -166.2390    0.0184    0.0715
DIM:ROT:     111         1 -171.5877    0.6110    2.4149
DIM:ROT:     111         2 -171.5910    0.1041    0.4695
DIM:ROT:     111         3 -171.5884    0.0236    0.0978
DIM:ROT:     112         1 -166.9403    0.5487    2.1379
DIM:ROT:     112         2 -166.9132    0.0963    0.4204
DIM:ROT:     112         3 -166.9107    0.0226    0.0903
DIM:ROT:     113         1 -168.5864    0.4960    1.8941
DIM:ROT:     113         2 -168.5852    0.0725    0.3286
DIM:ROT:     113         3 -168.5831    0.0151    0.0612
DIM:ROT:     114         1 -165.3886    0.4656    1.7394
DIM:ROT:     114         2 -165.3653    0.0834    0.3730
DIM:ROT:     114         3 -165.3633    0.0205    0.0786
DIM:ROT:     115         1 -166.8037    0.3700    1.4111
DIM:ROT:     115         2 -166.8021    0.0556    0.2515
DIM:ROT:     115         3 -166.8004    0.0118    0.0477
DIM:ROT:     116         1 -165.7575    0.3117    1.2043
DIM:ROT:     116         2 -165.7411    0.0524    0.2341
DIM:ROT:     116         3 -165.7397    0.0127    0.0498
DIM:ROT:     117         1 -169.8304    0.4787    1.8989
DIM:ROT:     117         2 -169.8328    0.0871    0.3831
DIM:ROT:     117         3 -169.8307    0.0201    0.0837
DIM:ROT:     118         1 -168.4370    0.2457    0.9055
DIM:ROT:     118         2 -168.4241    0.0317    0.1511
DIM:ROT:     118         3 -168.4234    0.0065    0.0253
DIM:ROT:     119         1 -169.4265    0.2689    1.0748
DIM:ROT:     119         2 -169.4264    0.0509    0.2209
DIM:ROT:     119         3 -169.4251    0.0119    0.0491
DIM:ROT:     120         1 -167.3606    0.3219    1.2317
DIM:ROT:     120         2 -167.3443    0.0550    0.2506
DIM:ROT:     120         3 -167.3429    0.0132    0.0518
DIM:ROT:     121         1 -169.5576    0.2853    1.1389
DIM:ROT:     121         2 -169.5586    0.0467    0.2031
DIM:ROT:     121         3 -169.5575    0.0102    0.0427
DIM:ROT:     122         1 -169.2325    0.2316    0.8840
DIM:ROT:     122         2 -169.2204    0.0392    0.1818
DIM:ROT:     122         3 -169.2195    0.0096    0.0374
DIM:ROT:     123         1 -170.2798    0.2324    0.9146
DIM:ROT:     123         2 -170.2805    0.0394    0.1772
DIM:ROT:     123         3 -170.2795    0.0090    0.0374
DIM:ROT:     124         1 -168.4115    0.2926    1.1339
DIM:ROT:     124         2 -168.3967    0.0485    0.2190
DIM:ROT:     124         3 -168.3955    0.0114    0.0453
DIM:ROT:     125         1 -170.5300    0.3394    1.3725
DIM:ROT:     125         2 -170.5313    0.0619    0.2699
DIM:ROT:     125         3 -170.5298    0.0140    0.0588
DIM:ROT:     126         1 -169.2304    0.1537    0.5695
DIM:ROT:     126         2 -169.2230    0.0232    0.1073
DIM:ROT:     126         3 -169.2226    0.0053    0.0207
DIM:ROT:     127         1 -169.5762    0.1935    0.7426
DIM:ROT:     127         2 -169.5746    0.0310    0.1421
DIM:ROT:     127         3 -169.5736    0.0067    0.0270
DIM:ROT:     128         1 -167.6965    0.2294    0.8934
DIM:ROT:     128         2 -167.6852    0.0411    0.1829
DIM:ROT:     128         3 -167.6842    0.0103    0.0409
DIM:ROT:     129         1 -168.3739    0.1746    0.6717
DIM:ROT:     129         2 -168.3740    0.0280    0.1277
DIM:ROT:     129         3 -168.3733    0.0063    0.0256
DIM:ROT:     130         1 -166.4973    0.3161    1.1956
DIM:ROT:     130         2 -166.4813    0.0546    0.2452
DIM:ROT:     130         3 -166.4800    0.0132    0.0516
DIM:ROT:     131         1 -167.9029    0.2605    1.0330
DIM:ROT:     131         2 -167.9035    0.0433    0.1869
DIM:ROT:     131         3 -167.9024    0.0096    0.0395
DIM:ROT:     132         1 -167.5699    0.1332    0.5064
DIM:ROT:     132         2 -167.5633    0.0226    0.1045
DIM:ROT:     132         3 -167.5628    0.0056    0.0216
DIM:ROT:     133         1 -168.8444    0.2518    0.9399
DIM:ROT:     133         2 -168.8422    0.0378    0.1726
DIM:ROT:     133         3 -168.8410    0.0078    0.0309
DIM:ROT:     134         1 -166.9417    0.2726    1.0446
DIM:ROT:     134         2 -166.9281    0.0464    0.2073
DIM:ROT:     134         3 -166.9270    0.0112    0.0441
DIM:ROT:     135         1 -167.6087    0.1673    0.6328
DIM:ROT:     135         2 -167.6081    0.0253    0.1165
DIM:ROT:     135         3 -167.6073    0.0054    0.0219
DIM:ROT:     136         1 -167.0224    0.1603    0.6088
DIM:ROT:     136         2 -167.0144    0.0286    0.1299
DIM:ROT:     136         3 -167.0137    0.0073    0.0285
DIM:ROT:     137         1 -167.6100    0.1305    0.5057
DIM:ROT:     137         2 -167.6096    0.0205    0.0932
DIM:ROT:     138         1 -166.3206    0.1651    0.6204
DIM:ROT:     138         2 -166.3125    0.0277    0.1246
DIM:ROT:     138         3 -166.3119    0.0066    0.0256
DIM:ROT:     139         1 -167.0160    0.1500    0.6122
DIM:ROT:     139         2 -167.0161    0.0279    0.1194
DIM:ROT:     139         3 -167.0155    0.0065    0.0272
DIM:ROT:     140         1 -165.9144    0.1239    0.4549
DIM:ROT:     140         2 -165.9083    0.0171    0.0771
DIM:ROT:     141         1 -166.2317    0.1197    0.4569
DIM:ROT:     141         2 -166.2308    0.0216    0.0954
DIM:ROT:     142         1 -165.2108    0.2063    0.7544
DIM:ROT:     142         2 -165.2002    0.0301    0.1382
DIM:ROT:     142         3 -165.1996    0.0067    0.0256
DIM:ROT:     143         1 -165.8941    0.1107    0.4491
DIM:ROT:     143         2 -165.8942    0.0195    0.0819
DIM:ROT:     144         1 -164.9619    0.0857    0.3108
DIM:ROT:     144         2 -164.9581    0.0142    0.0648
DIM:ROT:     145         1 -165.4976    0.0983    0.3844
DIM:ROT:     145         2 -165.4974    0.0169    0.0751
DIM:ROT:     146         1 -165.1900    0.0639    0.2444
DIM:ROT:     146         2 -165.1872    0.0109    0.0477
DIM:ROT:     147         1 -166.6081    0.1240    0.4773
DIM:ROT:     147         2 -166.6085    0.0209    0.0905
DIM:ROT:     148         1 -165.9060    0.1572    0.6049
DIM:ROT:     148         2 -165.8982    0.0268    0.1192
DIM:ROT:     148         3 -165.8975    0.0064    0.0253
DIM:ROT:     149         1 -166.5343    0.1312    0.5218
DIM:ROT:     149         2 -166.5346    0.0231    0.0992
DIM:ROT:     150         1 -165.5164    0.1218    0.4410
DIM:ROT:     150         2 -165.5104    0.0185    0.0864
DIM:ROT:     151         1 -165.4634    0.0937    0.3583
DIM:ROT:     151         2 -165.4631    0.0143    0.0639
DIM:ROT:     152         1 -164.2609    0.1553    0.5875
DIM:ROT:     152         2 -164.2536    0.0279    0.1218
DIM:ROT:     152         3 -164.2530    0.0068    0.0266
DIM:ROT:     153         1 -165.0159    0.1213    0.4663
DIM:ROT:     153         2 -165.0157    0.0195    0.0861
DIM:ROT:     154         1 -164.8522    0.0739    0.2876
DIM:ROT:     154         2 -164.8487    0.0144    0.0624
DIM:ROT:     155         1 -166.0844    0.1292    0.4642
DIM:ROT:     155         2 -166.0834    0.0162    0.0726
DIM:ROT:     156         1 -165.3625    0.1081    0.4199
DIM:ROT:     156         2 -165.3572    0.0195    0.0856
DIM:ROT:     157         1 -165.8166    0.1428    0.5052
DIM:ROT:     157         2 -165.8147    0.0161    0.0761
DIM:ROT:     158         1 -165.4539    0.1246    0.4609
DIM:ROT:     158         2 -165.4477    0.0205    0.0929
DIM:ROT:     159         1 -166.0829    0.1027    0.3931
DIM:ROT:     159         2 -166.0828    0.0163    0.0715
DIM:ROT:     160         1 -165.6401    0.0765    0.2919
DIM:ROT:     160         2 -165.6365    0.0130    0.0568
