MinModeTranslate: STEP      TIME          ENERGY    MAX-FORCE     STEPSIZE    CURVATURE  ROT-STEPS
MinModeTranslate:    0  16:25:16    -6225.693373       1.7994     --------     1.076860          3
MinModeTranslate:    0  16:25:16    -6225.693373       1.7994     0.100000     1.076860          3
MinModeTranslate:    1  16:25:16    -6225.385477      14.3799     --------    -3.619367          3
MinModeTranslate:    1  16:25:16    -6225.385477      14.3799     0.100000    -3.619367          3
MinModeTranslate:    2  16:25:16    -6225.347735      11.7710     --------    -1.838507          3
MinModeTranslate:    2  16:25:16    -6225.347735      11.7710     0.072538    -1.838507          3
MinModeTranslate:    3  16:25:16    -6225.941296       2.0310     --------     0.949935          3
MinModeTranslate:    3  16:25:16    -6225.941296       2.0310     0.100000     0.949935          3
MinModeTranslate:    4  16:25:16    -6225.631276       2.0623     --------     1.430730          3
MinModeTranslate:    4  16:25:17    -6225.631276       2.0623     0.100000     1.430730          3
MinModeTranslate:    5  16:25:17    -6225.318113       4.0046     --------    -0.549564          3
MinModeTranslate:    5  16:25:17    -6225.318113       4.0046     0.100000    -0.549564          3
MinModeTranslate:    6  16:25:17    -6225.245263       3.2230     --------    -2.533383          3
MinModeTranslate:    6  16:25:17    -6225.245263       3.2230     0.100000    -2.533383          3
MinModeTranslate:    7  16:25:17    -6225.778203       3.1644     --------    -3.604409          3
MinModeTranslate:    7  16:25:17    -6225.778203       3.1644     0.100000    -3.604409          3
MinModeTranslate:    8  16:25:17    -6226.359954       3.0162     --------    -3.474154          3
MinModeTranslate:    8  16:25:17    -6226.359954       3.0162     0.100000    -3.474154          3
MinModeTranslate:    9  16:25:17    -6226.902810       2.6622     --------    -2.767445          3
MinModeTranslate:    9  16:25:17    -6226.902810       2.6622     0.100000    -2.767445          3
MinModeTranslate:   10  16:25:17    -6227.354111       2.4082     --------    -2.953993          3
MinModeTranslate:   10  16:25:17    -6227.354111       2.4082     0.100000    -2.953993          3
MinModeTranslate:   11  16:25:17    -6227.670779       3.3878     --------    -1.635392          3
MinModeTranslate:   11  16:25:17    -6227.670779       3.3878     0.100000    -1.635392          3
MinModeTranslate:   12  16:25:17    -6228.047240       1.6180     --------    -1.668690          3
MinModeTranslate:   12  16:25:17    -6228.047240       1.6180     0.100000    -1.668690          3
MinModeTranslate:   13  16:25:17    -6228.282892       2.4644     --------    -2.016793          3
MinModeTranslate:   13  16:25:17    -6228.282892       2.4644     0.089218    -2.016793          3
MinModeTranslate:   14  16:25:17    -6228.442833       2.1824     --------    -0.520200          3
MinModeTranslate:   14  16:25:17    -6228.442833       2.1824     0.100000    -0.520200          3
MinModeTranslate:   15  16:25:17    -6228.590573       1.8060     --------    -0.282498          3
MinModeTranslate:   15  16:25:17    -6228.590573       1.8060     0.025083    -0.282498          3
MinModeTranslate:   16  16:25:18    -6228.625166       0.7841     --------    -0.832347          3
MinModeTranslate:   16  16:25:18    -6228.625166       0.7841     0.100000    -0.832347          3
MinModeTranslate:   17  16:25:18    -6228.726917       0.9510     --------    -0.553882          3
MinModeTranslate:   17  16:25:18    -6228.726917       0.9510     0.022864    -0.553882          3
MinModeTranslate:   18  16:25:18    -6228.745431       0.7004     --------    -0.249350          3
MinModeTranslate:   18  16:25:18    -6228.745431       0.7004     0.100000    -0.249350          3
MinModeTranslate:   19  16:25:18    -6228.801226       1.2786     --------    -0.377120          3
MinModeTranslate:   19  16:25:18    -6228.801226       1.2786     0.094643    -0.377120          3
MinModeTranslate:   20  16:25:18    -6228.856263       1.4666     --------    -0.134804          3
MinModeTranslate:   20  16:25:18    -6228.856263       1.4666     0.074653    -0.134804          3
MinModeTranslate:   21  16:25:18    -6228.884411       0.0295     --------     0.330964          3
MinModeTranslate:   21  16:25:18    -6228.884411       0.0295     0.100000     0.330964          3
MinModeTranslate:   22  16:25:18    -6228.878466       0.0307     --------     0.404696          3
MinModeTranslate:   22  16:25:18    -6228.878466       0.0307     0.100000     0.404696          3
MinModeTranslate:   23  16:25:18    -6228.871714       0.0325     --------     0.492303          3
MinModeTranslate:   23  16:25:18    -6228.871714       0.0325     0.100000     0.492303          3
MinModeTranslate:   24  16:25:18    -6228.864060       0.0330     --------     0.567667          3
MinModeTranslate:   24  16:25:18    -6228.864060       0.0330     0.100000     0.567667          3
MinModeTranslate:   25  16:25:18    -6228.856238       0.0300     --------     0.610561          3
MinModeTranslate:   25  16:25:18    -6228.856238       0.0300     0.100000     0.610561          3
MinModeTranslate:   26  16:25:18    -6228.848754       0.0221     --------     0.630971          3
MinModeTranslate:   26  16:25:18    -6228.848754       0.0221     0.100000     0.630971          3
MinModeTranslate:   27  16:25:18    -6228.842284       0.0094     --------     0.656111          3
MinModeTranslate:   27  16:25:18    -6228.842284       0.0094     0.100000     0.656111          3
MinModeTranslate:   28  16:25:19    -6228.837411       0.0040     --------     0.717838          3
MinModeTranslate:   28  16:25:19    -6228.837411       0.0040     0.100000     0.717838          3
MinModeTranslate:   29  16:25:19    -6228.793981       0.0141     --------     1.137902          3
MinModeTranslate:   29  16:25:19    -6228.793981       0.0141     0.100000     1.137902          3
MinModeTranslate:   30  16:25:19    -6228.450270       0.0103     --------     1.855892          3
MinModeTranslate:   30  16:25:19    -6228.450270       0.0103     0.100000     1.855892          3
MinModeTranslate:   31  16:25:19    -6228.439503       0.0668     --------     1.603411          3
MinModeTranslate:   31  16:25:19    -6228.439503       0.0668     0.100000     1.603411          3
MinModeTranslate:   32  16:25:19    -6228.412132       0.0951     --------     1.445187          3
MinModeTranslate:   32  16:25:19    -6228.412132       0.0951     0.100000     1.445187          3
MinModeTranslate:   33  16:25:19    -6228.371893       0.0836     --------     1.306581          3
MinModeTranslate:   33  16:25:19    -6228.371893       0.0836     0.100000     1.306581          3
MinModeTranslate:   34  16:25:19    -6228.350840       0.0873     --------     1.261221          3
MinModeTranslate:   34  16:25:19    -6228.350840       0.0873     0.100000     1.261221          3
MinModeTranslate:   35  16:25:19    -6228.327836       0.0259     --------     0.997179          3
MinModeTranslate:   35  16:25:19    -6228.327836       0.0259     0.100000     0.997179          3
MinModeTranslate:   36  16:25:19    -6228.317624       0.0361     --------     0.917247          3
MinModeTranslate:   36  16:25:19    -6228.317624       0.0361     0.100000     0.917247          3
MinModeTranslate:   37  16:25:19    -6228.302901       0.0488     --------     0.428560          3
MinModeTranslate:   37  16:25:19    -6228.302901       0.0488     0.100000     0.428560          3
MinModeTranslate:   38  16:25:19    -6228.264951       0.0070     --------     0.351322          3
MinModeTranslate:   38  16:25:19    -6228.264951       0.0070     0.100000     0.351322          3
MinModeTranslate:   39  16:25:19    -6228.261711       0.0174     --------     0.306298          3
MinModeTranslate:   39  16:25:19    -6228.261711       0.0174     0.100000     0.306298          3
MinModeTranslate:   40  16:25:19    -6228.255489       0.0232     --------     0.196808          3
MinModeTranslate:   40  16:25:19    -6228.255489       0.0232     0.100000     0.196808          3
MinModeTranslate:   41  16:25:19    -6228.247754       0.0293     --------     0.153812          3
MinModeTranslate:   41  16:25:19    -6228.247754       0.0293     0.100000     0.153812          3
MinModeTranslate:   42  16:25:20    -6228.239640       0.0301     --------     0.071829          3
MinModeTranslate:   42  16:25:20    -6228.239640       0.0301     0.100000     0.071829          3
MinModeTranslate:   43  16:25:20    -6228.232712       5.4812     --------    -0.006990          3
MinModeTranslate:   43  16:25:20    -6228.232712       5.4812     0.100000    -0.006990          3
MinModeTranslate:   44  16:25:20    -6228.231732       5.4360     --------    -0.074619          3
MinModeTranslate:   44  16:25:20    -6228.231732       5.4360     0.100000    -0.074619          3
MinModeTranslate:   45  16:25:20    -6228.520281       4.9385     --------    -0.120254          3
MinModeTranslate:   45  16:25:20    -6228.520281       4.9385     0.094592    -0.120254          3
MinModeTranslate:   46  16:25:20    -6228.609564       6.9669     --------    -0.196690          3
MinModeTranslate:   46  16:25:20    -6228.609564       6.9669     0.055402    -0.196690          3
MinModeTranslate:   47  16:25:20    -6228.838066       1.5284     --------    -0.219730          3
MinModeTranslate:   47  16:25:20    -6228.838066       1.5284     0.029144    -0.219730          3
MinModeTranslate:   48  16:25:20    -6228.868448       0.8707     --------    -0.172871          3
MinModeTranslate:   48  16:25:20    -6228.868448       0.8707     0.025182    -0.172871          3
MinModeTranslate:   49  16:25:20    -6228.882236       0.7194     --------    -0.162789          3
MinModeTranslate:   49  16:25:20    -6228.882236       0.7194     0.042041    -0.162789          3
MinModeTranslate:   50  16:25:20    -6228.899477       0.2449     --------    -0.158178          3
MinModeTranslate:   50  16:25:20    -6228.899477       0.2449     0.023807    -0.158178          3
MinModeTranslate:   51  16:25:20    -6228.903581       0.4385     --------    -0.155031          3
MinModeTranslate:   51  16:25:20    -6228.903581       0.4385     0.024284    -0.155031          3
MinModeTranslate:   52  16:25:20    -6228.907225       0.3818     --------    -0.189460          3
MinModeTranslate:   52  16:25:20    -6228.907225       0.3818     0.100000    -0.189460          3
MinModeTranslate:   53  16:25:21    -6228.929735       0.4313     --------    -0.155646          3
MinModeTranslate:   53  16:25:21    -6228.929735       0.4313     0.048514    -0.155646          3
MinModeTranslate:   54  16:25:21    -6228.942018       0.4812     --------    -0.083813          3
MinModeTranslate:   54  16:25:21    -6228.942018       0.4812     0.049103    -0.083813          3
MinModeTranslate:   55  16:25:21    -6228.948355       0.5663     --------    -0.072219          3
MinModeTranslate:   55  16:25:21    -6228.948355       0.5663     0.069384    -0.072219          3
MinModeTranslate:   56  16:25:21    -6228.959796       0.4081     --------    -0.036994          3
MinModeTranslate:   56  16:25:21    -6228.959796       0.4081     0.089924    -0.036994          3
MinModeTranslate:   57  16:25:21    -6228.973632       0.6569     --------    -0.011817          3
MinModeTranslate:   57  16:25:21    -6228.973632       0.6569     0.034488    -0.011817          3
MinModeTranslate:   58  16:25:21    -6228.978623       0.3238     --------    -0.037470          3
MinModeTranslate:   58  16:25:21    -6228.978623       0.3238     0.087195    -0.037470          3
MinModeTranslate:   59  16:25:21    -6228.991117       0.0012     --------     0.016855          3
MinModeTranslate:   59  16:25:21    -6228.991117       0.0012     0.100000     0.016855          3
MinModeTranslate:   60  16:25:21    -6228.990780       0.0013     --------     0.004620          3
MinModeTranslate:   60  16:25:21    -6228.990780       0.0013     0.100000     0.004620          3
MinModeTranslate:   61  16:25:21    -6228.990455       0.3482     --------    -0.006548          3
MinModeTranslate:   61  16:25:21    -6228.990455       0.3482     0.100000    -0.006548          3
MinModeTranslate:   62  16:25:21    -6228.990425       0.3192     --------    -0.008197          3
MinModeTranslate:   62  16:25:21    -6228.990425       0.3192     0.007291    -0.008197          3
MinModeTranslate:   63  16:25:21    -6228.992168       0.1209     --------    -0.021402          3
MinModeTranslate:   63  16:25:21    -6228.992168       0.1209     0.003150    -0.021402          3
MinModeTranslate:   64  16:25:21    -6228.992488       0.0963     --------    -0.022027          2
MinModeTranslate:   64  16:25:21    -6228.992488       0.0963     0.004147    -0.022027          2
MinModeTranslate:   65  16:25:21    -6228.992758       0.0624     --------    -0.028783          2
MinModeTranslate:   65  16:25:21    -6228.992758       0.0624     0.038495    -0.028783          2
MinModeTranslate:   66  16:25:21    -6228.994288       0.1885     --------    -0.018946          2
MinModeTranslate:   66  16:25:22    -6228.994288       0.1885     0.016924    -0.018946          2
MinModeTranslate:   67  16:25:22    -6228.994940       0.1949     --------    -0.028215          3
MinModeTranslate:   67  16:25:22    -6228.994940       0.1949     0.100000    -0.028215          3
MinModeTranslate:   68  16:25:22    -6228.999808       0.1020     --------    -0.024519          3
MinModeTranslate:   68  16:25:22    -6228.999808       0.1020     0.007259    -0.024519          3
MinModeTranslate:   69  16:25:22    -6229.000366       0.1410     --------    -0.017428          1
MinModeTranslate:   69  16:25:22    -6229.000366       0.1410     0.007043    -0.017428          1
MinModeTranslate:   70  16:25:22    -6229.000738       0.1337     --------    -0.021097          2
MinModeTranslate:   70  16:25:22    -6229.000738       0.1337     0.005868    -0.021097          2
MinModeTranslate:   71  16:25:22    -6229.001026       0.0476     --------    -0.019350          2
MinModeTranslate:   71  16:25:22    -6229.001026       0.0476     0.003933    -0.019350          2
MinModeTranslate:   72  16:25:22    -6229.001125       0.0563     --------    -0.017913          2
MinModeTranslate:   72  16:25:22    -6229.001125       0.0563     0.002279    -0.017913          2
MinModeTranslate:   73  16:25:22    -6229.001176       0.0508     --------    -0.019564          2
MinModeTranslate:   73  16:25:22    -6229.001176       0.0508     0.023496    -0.019564          2
MinModeTranslate:   74  16:25:22    -6229.001611       0.0706     --------    -0.022830          3
MinModeTranslate:   74  16:25:22    -6229.001611       0.0706     0.014923    -0.022830          3
MinModeTranslate:   75  16:25:22    -6229.001869       0.1290     --------    -0.026840          3
MinModeTranslate:   75  16:25:22    -6229.001869       0.1290     0.046470    -0.026840          3
MinModeTranslate:   76  16:25:22    -6229.002621       0.2425     --------    -0.034122          3
MinModeTranslate:   76  16:25:22    -6229.002621       0.2425     0.100000    -0.034122          3
MinModeTranslate:   77  16:25:22    -6229.004561       0.1245     --------    -0.034586          3
MinModeTranslate:   77  16:25:22    -6229.004561       0.1245     0.003310    -0.034586          3
MinModeTranslate:   78  16:25:22    -6229.004990       0.1087     --------    -0.035152          3
MinModeTranslate:   78  16:25:23    -6229.004990       0.1087     0.003800    -0.035152          3
MinModeTranslate:   79  16:25:23    -6229.005267       0.0712     --------    -0.039013          3
MinModeTranslate:   79  16:25:23    -6229.005267       0.0712     0.003247    -0.039013          3
MinModeTranslate:   80  16:25:23    -6229.005411       0.0288     --------    -0.042241          3
MinModeTranslate:   80  16:25:23    -6229.005411       0.0288     0.003527    -0.042241          3
MinModeTranslate:   81  16:25:23    -6229.005493       0.0386     --------    -0.039421          3
MinModeTranslate:   81  16:25:23    -6229.005493       0.0386     0.001101    -0.039421          3
MinModeTranslate:   82  16:25:23    -6229.005514       0.0265     --------    -0.042593          3
MinModeTranslate:   82  16:25:23    -6229.005514       0.0265     0.019703    -0.042593          3
MinModeTranslate:   83  16:25:23    -6229.005757       0.0696     --------    -0.042588          3
MinModeTranslate:   83  16:25:23    -6229.005757       0.0696     0.100000    -0.042588          3
MinModeTranslate:   84  16:25:23    -6229.007461       0.2215     --------    -0.036796          3
MinModeTranslate:   84  16:25:23    -6229.007461       0.2215     0.058355    -0.036796          3
MinModeTranslate:   85  16:25:23    -6229.008433       0.2090     --------    -0.026051          3
MinModeTranslate:   85  16:25:23    -6229.008433       0.2090     0.040927    -0.026051          3
MinModeTranslate:   86  16:25:23    -6229.008845       0.1397     --------    -0.018062          3
MinModeTranslate:   86  16:25:23    -6229.008845       0.1397     0.007433    -0.018062          3
MinModeTranslate:   87  16:25:23    -6229.009273       0.1382     --------    -0.021813          3
MinModeTranslate:   87  16:25:23    -6229.009273       0.1382     0.005969    -0.021813          3
MinModeTranslate:   88  16:25:23    -6229.009571       0.0627     --------    -0.025849          1
MinModeTranslate:   88  16:25:23    -6229.009571       0.0627     0.003109    -0.025849          1
MinModeTranslate:   89  16:25:23    -6229.009680       0.0370     --------    -0.026256          1
MinModeTranslate:   89  16:25:23    -6229.009680       0.0370     0.001342    -0.026256          1
MinModeTranslate:   90  16:25:23    -6229.009712       0.0402     --------    -0.026757          1
MinModeTranslate:   90  16:25:24    -6229.009712       0.0402     0.001739    -0.026757          1
MinModeTranslate:   91  16:25:24    -6229.009744       0.0138     --------    -0.025725          1
MinModeTranslate:   91  16:25:24    -6229.009744       0.0138     0.001679    -0.025725          1
MinModeTranslate:   92  16:25:24    -6229.009767       0.0350     --------    -0.023891          1
MinModeTranslate:   92  16:25:24    -6229.009767       0.0350     0.005655    -0.023891          1
MinModeTranslate:   93  16:25:24    -6229.009818       0.0494     --------    -0.024198          1
MinModeTranslate:   93  16:25:24    -6229.009818       0.0494     0.019329    -0.024198          1
MinModeTranslate:   94  16:25:24    -6229.010003       0.0505     --------    -0.020200          2
MinModeTranslate:   94  16:25:24    -6229.010003       0.0505     0.016531    -0.020200          2
MinModeTranslate:   95  16:25:24    -6229.010152       0.0962     --------    -0.008063          2
MinModeTranslate:   95  16:25:24    -6229.010152       0.0962     0.061563    -0.008063          2
MinModeTranslate:   96  16:25:24    -6229.010656       0.0008     --------     0.010075          3
MinModeTranslate:   96  16:25:24    -6229.010656       0.0008     0.100000     0.010075          3
MinModeTranslate:   97  16:25:24    -6229.010280       0.0018     --------     0.037864          3
MinModeTranslate:   97  16:25:24    -6229.010280       0.0018     0.100000     0.037864          3
MinModeTranslate:   98  16:25:24    -6229.009480       0.0036     --------     0.056951          3
MinModeTranslate:   98  16:25:24    -6229.009480       0.0036     0.100000     0.056951          3
MinModeTranslate:   99  16:25:24    -6229.008059       0.0058     --------     0.067750          3
MinModeTranslate:   99  16:25:24    -6229.008059       0.0058     0.100000     0.067750          3
MinModeTranslate:  100  16:25:24    -6229.005975       0.0080     --------     0.073357          3
MinModeTranslate:  100  16:25:24    -6229.005975       0.0080     0.100000     0.073357          3
MinModeTranslate:  101  16:25:24    -6229.003341       0.0100     --------     0.076310          3
MinModeTranslate:  101  16:25:24    -6229.003341       0.0100     0.100000     0.076310          3
MinModeTranslate:  102  16:25:25    -6229.000380       0.0118     --------     0.077866          3
MinModeTranslate:  102  16:25:25    -6229.000380       0.0118     0.100000     0.077866          3
MinModeTranslate:  103  16:25:25    -6228.997150       0.0135     --------     0.080171          3
MinModeTranslate:  103  16:25:25    -6228.997150       0.0135     0.100000     0.080171          3
MinModeTranslate:  104  16:25:25    -6228.993582       0.0152     --------     0.084574          3
MinModeTranslate:  104  16:25:25    -6228.993582       0.0152     0.100000     0.084574          3
MinModeTranslate:  105  16:25:25    -6228.989618       0.0170     --------     0.089300          3
MinModeTranslate:  105  16:25:25    -6228.989618       0.0170     0.100000     0.089300          3
MinModeTranslate:  106  16:25:25    -6228.985209       0.0189     --------     0.091526          3
MinModeTranslate:  106  16:25:25    -6228.985209       0.0189     0.100000     0.091526          3
MinModeTranslate:  107  16:25:25    -6228.980340       0.0207     --------     0.092908          3
MinModeTranslate:  107  16:25:25    -6228.980340       0.0207     0.100000     0.092908          3
MinModeTranslate:  108  16:25:25    -6228.975006       0.0225     --------     0.092578          3
MinModeTranslate:  108  16:25:25    -6228.975006       0.0225     0.100000     0.092578          3
MinModeTranslate:  109  16:25:25    -6228.969241       0.0244     --------     0.088308          3
MinModeTranslate:  109  16:25:25    -6228.969241       0.0244     0.100000     0.088308          3
MinModeTranslate:  110  16:25:25    -6228.963067       0.0260     --------     0.074367          3
MinModeTranslate:  110  16:25:25    -6228.963067       0.0260     0.100000     0.074367          3
MinModeTranslate:  111  16:25:25    -6228.956640       0.0267     --------     0.045719          3
MinModeTranslate:  111  16:25:25    -6228.956640       0.0267     0.100000     0.045719          3
MinModeTranslate:  112  16:25:25    -6228.950228       0.0259     --------     0.006204          3
MinModeTranslate:  112  16:25:25    -6228.950228       0.0259     0.100000     0.006204          3
MinModeTranslate:  113  16:25:25    -6228.944220       0.6072     --------    -0.031395          3
MinModeTranslate:  113  16:25:25    -6228.944220       0.6072     0.100000    -0.031395          3
MinModeTranslate:  114  16:25:26    -6228.942453       0.3076     --------    -0.074996          3
MinModeTranslate:  114  16:25:26    -6228.942453       0.3076     0.033197    -0.074996          3
MinModeTranslate:  115  16:25:26    -6228.943724       0.3121     --------    -0.084007          3
MinModeTranslate:  115  16:25:26    -6228.943724       0.3121     0.015746    -0.084007          3
MinModeTranslate:  116  16:25:26    -6228.943561       0.1894     --------    -0.103689          3
MinModeTranslate:  116  16:25:26    -6228.943561       0.1894     0.008518    -0.103689          3
MinModeTranslate:  117  16:25:26    -6228.944016       0.1788     --------    -0.103204          3
MinModeTranslate:  117  16:25:26    -6228.944016       0.1788     0.004920    -0.103204          3
MinModeTranslate:  118  16:25:26    -6228.944173       0.1389     --------    -0.094656          3
MinModeTranslate:  118  16:25:26    -6228.944173       0.1389     0.004879    -0.094656          3
MinModeTranslate:  119  16:25:26    -6228.944226       0.0925     --------    -0.099014          3
MinModeTranslate:  119  16:25:26    -6228.944226       0.0925     0.023905    -0.099014          3
MinModeTranslate:  120  16:25:26    -6228.943959       0.3197     --------    -0.120119          3
MinModeTranslate:  120  16:25:26    -6228.943959       0.3197     0.034975    -0.120119          3
MinModeTranslate:  121  16:25:26    -6228.943533       0.2170     --------    -0.115295          3
MinModeTranslate:  121  16:25:26    -6228.943533       0.2170     0.100000    -0.115295          3
MinModeTranslate:  122  16:25:26    -6228.945046       0.3819     --------    -0.094194          3
MinModeTranslate:  122  16:25:26    -6228.945046       0.3819     0.016859    -0.094194          3
MinModeTranslate:  123  16:25:26    -6228.945942       0.2710     --------    -0.111316          3
MinModeTranslate:  123  16:25:26    -6228.945942       0.2710     0.041457    -0.111316          3
MinModeTranslate:  124  16:25:27    -6228.945611       0.4838     --------    -0.101894          3
MinModeTranslate:  124  16:25:27    -6228.945611       0.4838     0.029484    -0.101894          3
MinModeTranslate:  125  16:25:27    -6228.946334       0.2337     --------    -0.069372          3
MinModeTranslate:  125  16:25:27    -6228.946334       0.2337     0.055723    -0.069372          3
MinModeTranslate:  126  16:25:27    -6228.947353       0.3488     --------    -0.066357          3
MinModeTranslate:  126  16:25:27    -6228.947353       0.3488     0.021773    -0.066357          3
MinModeTranslate:  127  16:25:27    -6228.947693       0.2448     --------    -0.084933          3
MinModeTranslate:  127  16:25:27    -6228.947693       0.2448     0.026287    -0.084933          3
MinModeTranslate:  128  16:25:27    -6228.948072       0.2719     --------    -0.077014          3
MinModeTranslate:  128  16:25:27    -6228.948072       0.2719     0.078860    -0.077014          3
MinModeTranslate:  129  16:25:27    -6228.948638       0.4898     --------    -0.032009          3
MinModeTranslate:  129  16:25:27    -6228.948638       0.4898     0.047679    -0.032009          3
MinModeTranslate:  130  16:25:27    -6228.948947       0.2627     --------    -0.036008          3
MinModeTranslate:  130  16:25:27    -6228.948947       0.2627     0.078382    -0.036008          3
MinModeTranslate:  131  16:25:27    -6228.951025       0.3829     --------    -0.060786          3
MinModeTranslate:  131  16:25:27    -6228.951025       0.3829     0.018916    -0.060786          3
MinModeTranslate:  132  16:25:27    -6228.951365       0.2491     --------    -0.045452          3
MinModeTranslate:  132  16:25:27    -6228.951365       0.2491     0.100000    -0.045452          3
MinModeTranslate:  133  16:25:27    -6228.952516       0.0188     --------     0.008686          3
MinModeTranslate:  133  16:25:27    -6228.952516       0.0188     0.100000     0.008686          3
MinModeTranslate:  134  16:25:27    -6228.948372       0.0180     --------     0.005170          3
MinModeTranslate:  134  16:25:27    -6228.948372       0.0180     0.100000     0.005170          3
MinModeTranslate:  135  16:25:28    -6228.944553       0.5168     --------    -0.039138          3
MinModeTranslate:  135  16:25:28    -6228.944553       0.5168     0.100000    -0.039138          3
MinModeTranslate:  136  16:25:28    -6228.942988       0.2041     --------    -0.083990          3
MinModeTranslate:  136  16:25:28    -6228.942988       0.2041     0.100000    -0.083990          3
MinModeTranslate:  137  16:25:28    -6228.941620       0.0787     --------    -0.076157          3
MinModeTranslate:  137  16:25:28    -6228.941620       0.0787     0.023152    -0.076157          3
MinModeTranslate:  138  16:25:28    -6228.941268       0.1878     --------    -0.059863          3
MinModeTranslate:  138  16:25:28    -6228.941268       0.1878     0.055693    -0.059863          3
MinModeTranslate:  139  16:25:28    -6228.940234       0.3052     --------    -0.024535          2
MinModeTranslate:  139  16:25:28    -6228.940234       0.3052     0.038324    -0.024535          2
MinModeTranslate:  140  16:25:28    -6228.940152       0.1550     --------    -0.010276          3
MinModeTranslate:  140  16:25:28    -6228.940152       0.1550     0.026904    -0.010276          3
MinModeTranslate:  141  16:25:28    -6228.940111       0.0058     --------     0.006213          2
MinModeTranslate:  141  16:25:28    -6228.940111       0.0058     0.100000     0.006213          2
MinModeTranslate:  142  16:25:28    -6228.938747       0.0075     --------     0.058457          3
MinModeTranslate:  142  16:25:28    -6228.938747       0.0075     0.100000     0.058457          3
MinModeTranslate:  143  16:25:28    -6228.936797       0.0108     --------     0.077880          3
MinModeTranslate:  143  16:25:28    -6228.936797       0.0108     0.100000     0.077880          3
MinModeTranslate:  144  16:25:28    -6228.934093       0.0141     --------     0.067261          3
MinModeTranslate:  144  16:25:28    -6228.934093       0.0141     0.100000     0.067261          3
MinModeTranslate:  145  16:25:28    -6228.930755       0.0162     --------     0.033453          3
MinModeTranslate:  145  16:25:28    -6228.930755       0.0162     0.100000     0.033453          3
MinModeTranslate:  146  16:25:28    -6228.927153       0.1250     --------    -0.014606          3
MinModeTranslate:  146  16:25:28    -6228.927153       0.1250     0.058125    -0.014606          3
MinModeTranslate:  147  16:25:28    -6228.924949       0.3294     --------    -0.058939          3
MinModeTranslate:  147  16:25:28    -6228.924949       0.3294     0.046753    -0.058939          3
MinModeTranslate:  148  16:25:29    -6228.922458       0.4312     --------    -0.082856          3
MinModeTranslate:  148  16:25:29    -6228.922458       0.4312     0.065297    -0.082856          3
MinModeTranslate:  149  16:25:29    -6228.921164       0.3411     --------    -0.083826          3
MinModeTranslate:  149  16:25:29    -6228.921164       0.3411     0.067957    -0.083826          3
MinModeTranslate:  150  16:25:29    -6228.920591       0.2069     --------    -0.087042          3
MinModeTranslate:  150  16:25:29    -6228.920591       0.2069     0.027307    -0.087042          3
MinModeTranslate:  151  16:25:29    -6228.920591       0.2752     --------    -0.088281          3
MinModeTranslate:  151  16:25:29    -6228.920591       0.2752     0.027842    -0.088281          3
MinModeTranslate:  152  16:25:29    -6228.920645       0.1120     --------    -0.070286          3
MinModeTranslate:  152  16:25:29    -6228.920645       0.1120     0.011548    -0.070286          3
MinModeTranslate:  153  16:25:29    -6228.920717       0.2003     --------    -0.067144          3
MinModeTranslate:  153  16:25:29    -6228.920717       0.2003     0.018577    -0.067144          3
MinModeTranslate:  154  16:25:29    -6228.920832       0.1211     --------    -0.071509          3
MinModeTranslate:  154  16:25:29    -6228.920832       0.1211     0.018346    -0.071509          3
MinModeTranslate:  155  16:25:29    -6228.920937       0.1893     --------    -0.070845          3
MinModeTranslate:  155  16:25:29    -6228.920937       0.1893     0.014439    -0.070845          3
MinModeTranslate:  156  16:25:29    -6228.921031       0.1578     --------    -0.059105          3
MinModeTranslate:  156  16:25:29    -6228.921031       0.1578     0.061591    -0.059105          3
MinModeTranslate:  157  16:25:29    -6228.921412       0.2719     --------    -0.017984          3
MinModeTranslate:  157  16:25:29    -6228.921412       0.2719     0.047146    -0.017984          3
MinModeTranslate:  158  16:25:29    -6228.921621       0.2473     --------    -0.005032          3
MinModeTranslate:  158  16:25:29    -6228.921621       0.2473     0.100000    -0.005032          3
MinModeTranslate:  159  16:25:30    -6228.923916       0.0085     --------     0.024271          3
MinModeTranslate:  159  16:25:30    -6228.923916       0.0085     0.100000     0.024271          3
MinModeTranslate:  160  16:25:30    -6228.922048       0.0096     --------     0.021244          3
