MINMODE:METHOD: Dimer
DIM:CONTROL: Search Parameters:
DIM:CONTROL: ------------------
DIM:CONTROL: eigenmode_method = dimer
DIM:CONTROL: f_rot_min = 0.01
DIM:CONTROL: f_rot_max = 0.1
DIM:CONTROL: max_num_rot = 3
DIM:CONTROL: trial_angle = 0.7853981633974483
DIM:CONTROL: trial_trans_step = 0.001
DIM:CONTROL: maximum_translation = 0.1
DIM:CONTROL: cg_translation = True
DIM:CONTROL: use_central_forces = True
DIM:CONTROL: dimer_separation = 0.005
DIM:CONTROL: initial_eigenmode_method = gauss
DIM:CONTROL: extrapolate_forces = True
DIM:CONTROL: displacement_method = gauss
DIM:CONTROL: gauss_std = 0.1
DIM:CONTROL: order = 1
DIM:CONTROL: mask = None
DIM:CONTROL: displacement_center = None
DIM:CONTROL: displacement_radius = None
DIM:CONTROL: number_of_displacement_atoms = None
DIM:CONTROL: ------------------
DIM:ROT: OPT-STEP ROT-STEP CURVATURE ROT-ANGLE ROT-FORCE
DIM:ROT:       0         1 -3806.1917   41.5941 1891.2154
DIM:ROT:       0         2 -3793.1412    2.8677  153.7232
DIM:ROT:       0         3 -3797.7619    0.3243   20.6548
DIM:ROT:       1         1 -4014.2757    3.3425  229.4145
DIM:ROT:       1         2 -4013.7990    0.1248    8.5495
DIM:ROT:       1         3 -4013.6906    0.0054    0.3883
DIM:ROT:       2         1 -3773.7166   13.7778  826.4332
DIM:ROT:       2         2 -3787.3088    0.4905   32.6294
DIM:ROT:       2         3 -3787.7345    0.0249    1.5533
DIM:ROT:       3         1 -3860.0523    0.2456   16.7441
DIM:ROT:       3         2 -3860.2384    0.0075    0.4936
DIM:ROT:       3         3 -3860.2408    0.0003    0.0195
DIM:ROT:       4         1 -4607.7772    5.2657  386.7560
DIM:ROT:       4         2 -4604.2445    0.1849   15.2151
DIM:ROT:       4         3 -4604.3771    0.0064    0.4837
DIM:ROT:       5         1 -3266.0913    7.0871  399.2884
DIM:ROT:       5         2 -3261.6781    0.3414   16.0079
DIM:ROT:       5         3 -3261.5597    0.0590    3.1967
DIM:ROT:       6         1 -1132.2954   36.7544  788.8144
DIM:ROT:       6         2 -1108.1842    2.9602   61.3208
DIM:ROT:       6         3 -1108.6067    0.2352    6.8236
DIM:ROT:       7         1 -1131.7749   14.8028  306.5131
DIM:ROT:       7         2 -1134.7632    1.9720   39.4428
DIM:ROT:       7         3 -1134.1549    0.2571    5.6325
DIM:ROT:       8         1 -1148.0943    8.1701  160.8452
DIM:ROT:       8         2 -1148.1414    0.6912   15.7185
DIM:ROT:       8         3 -1147.9227    0.0908    1.8882
DIM:ROT:       9         1 -480.9785   10.9870   98.3087
DIM:ROT:       9         2 -477.7182    1.6379   15.8990
DIM:ROT:       9         3 -477.6428    0.3462    3.1673
DIM:ROT:      10         1 -661.0218   13.1014  182.1241
DIM:ROT:      10         2 -664.1203    1.3672   18.1176
DIM:ROT:      10         3 -664.1689    0.1639    2.2292
DIM:ROT:      11         1 -333.2780    9.3069   63.9856
DIM:ROT:      11         2 -332.1831    1.3851    8.1892
DIM:ROT:      11         3 -332.0711    0.2323    1.5941
DIM:ROT:      12         1 -519.1480   11.6411  115.1286
DIM:ROT:      12         2 -520.3834    1.2213   13.1324
DIM:ROT:      12         3 -520.4304    0.1990    2.1371
DIM:ROT:      13         1 -444.8164    2.8098   27.8059
DIM:ROT:      13         2 -444.5596    0.4300    3.9914
DIM:ROT:      13         3 -444.5228    0.0781    0.7586
DIM:ROT:      14         1 -413.6618    3.7766   29.5813
DIM:ROT:      14         2 -413.4591    0.3452    3.2466
DIM:ROT:      14         3 -413.4413    0.0552    0.4947
DIM:ROT:      15         1 -361.1775    4.6489   34.9161
DIM:ROT:      15         2 -361.5635    0.6889    6.2063
DIM:ROT:      15         3 -361.5884    0.1487    1.1709
DIM:ROT:      16         1 -291.8438    5.2418   32.7964
DIM:ROT:      16         2 -291.5477    0.4789    3.3019
DIM:ROT:      16         3 -291.5144    0.1114    0.7585
DIM:ROT:      17         1 -246.4916    5.6875   31.1101
DIM:ROT:      17         2 -246.5357    1.1659    7.9079
DIM:ROT:      17         3 -246.5045    0.3473    1.9027
DIM:ROT:      18         1 -253.7847    4.9250   25.6634
DIM:ROT:      18         2 -253.9611    0.5470    3.5939
DIM:ROT:      18         3 -253.9694    0.1285    0.7797
DIM:ROT:      19         1 -257.4901    2.8263   15.4410
DIM:ROT:      19         2 -257.4509    0.5964    4.0847
DIM:ROT:      19         3 -257.4407    0.1714    0.9738
DIM:ROT:      20         1 -249.8040    6.7962   38.2305
DIM:ROT:      20         2 -249.8292    1.7892   12.0899
DIM:ROT:      20         3 -249.8067    0.5753    3.2248
DIM:ROT:      21         1 -282.9982    5.4548   31.2100
DIM:ROT:      21         2 -283.0520    0.8466    6.4964
DIM:ROT:      21         3 -283.0428    0.2127    1.3896
DIM:ROT:      22         1 -278.2971    7.7167   41.3810
DIM:ROT:      22         2 -278.0554    1.1223    9.0134
DIM:ROT:      22         3 -278.0381    0.2893    1.7491
DIM:ROT:      23         1 -286.1275    6.6664   41.9036
DIM:ROT:      23         2 -286.0772    1.6118   12.9330
DIM:ROT:      23         3 -286.0776    0.5096    3.1761
DIM:ROT:      24         1 -262.0266    7.1506   38.5894
DIM:ROT:      24         2 -262.1400    0.9033    6.4356
DIM:ROT:      24         3 -262.1847    0.2441    1.5357
DIM:ROT:      25         1 -261.6224    6.7786   46.5394
DIM:ROT:      25         2 -261.7295    1.6652   10.8470
DIM:ROT:      25         3 -261.7715    0.4176    2.8168
DIM:ROT:      26         1 -316.1241    4.6849   38.5915
DIM:ROT:      26         2 -316.5877    0.9829    6.9385
DIM:ROT:      26         3 -316.5392    0.1784    1.4798
DIM:ROT:      27         1 -299.5414    4.5414   33.4915
DIM:ROT:      27         2 -299.3190    0.7646    5.9930
DIM:ROT:      27         3 -299.3387    0.1948    1.3434
DIM:ROT:      28         1 -289.2996    3.1935   21.3577
DIM:ROT:      28         2 -289.3792    0.6137    4.6623
DIM:ROT:      28         3 -289.3527    0.1582    1.0685
DIM:ROT:      29         1 -314.8008    3.5896   32.4540
DIM:ROT:      29         2 -315.1653    0.4893    3.4582
DIM:ROT:      29         3 -315.1565    0.0615    0.4906
DIM:ROT:      30         1 -297.8534    3.1717   23.9863
DIM:ROT:      30         2 -297.7074    0.5708    4.3072
DIM:ROT:      30         3 -297.7154    0.1252    0.8958
DIM:ROT:      31         1 -282.7877    2.5662   21.9018
DIM:ROT:      31         2 -282.9417    0.3831    2.1686
DIM:ROT:      31         3 -282.9391    0.0446    0.3353
DIM:ROT:      32         1 -283.0450    1.9800   14.3123
DIM:ROT:      32         2 -282.9502    0.3604    2.6671
DIM:ROT:      32         3 -282.9623    0.0878    0.5908
DIM:ROT:      33         1 -290.0271    3.1214   26.1839
DIM:ROT:      33         2 -290.3213    0.6418    3.9320
DIM:ROT:      33         3 -290.3086    0.1009    0.8130
DIM:ROT:      34         1 -259.5722    4.0915   26.8037
DIM:ROT:      34         2 -259.4446    0.8035    5.5708
DIM:ROT:      34         3 -259.4729    0.2244    1.3865
DIM:ROT:      35         1 -249.2311    2.4468   18.0687
DIM:ROT:      35         2 -249.3914    0.6137    3.3307
DIM:ROT:      35         3 -249.3822    0.1140    0.8302
DIM:ROT:      36         1 -252.9363    2.1034   15.8530
DIM:ROT:      36         2 -252.8230    0.3819    2.1891
DIM:ROT:      36         3 -252.8249    0.0736    0.5120
DIM:ROT:      37         1 -267.5637    2.8902   22.1855
DIM:ROT:      37         2 -267.7971    0.6491    3.8204
DIM:ROT:      37         3 -267.7795    0.1175    0.8803
DIM:ROT:      38         1 -253.1126    1.3898   10.7253
DIM:ROT:      38         2 -253.0573    0.2055    1.1751
DIM:ROT:      38         3 -253.0587    0.0383    0.2584
DIM:ROT:      39         1 -262.0487    1.2828    8.9457
DIM:ROT:      39         2 -262.1255    0.2903    1.8678
DIM:ROT:      39         3 -262.1148    0.0690    0.4753
DIM:ROT:      40         1 -277.2012    1.1899    9.2535
DIM:ROT:      40         2 -277.1423    0.2385    1.5249
DIM:ROT:      40         3 -277.1514    0.0516    0.3741
DIM:ROT:      41         1 -266.5359    0.8219    6.7028
DIM:ROT:      41         2 -266.5896    0.1544    0.8382
DIM:ROT:      41         3 -266.5904    0.0196    0.1492
DIM:ROT:      42         1 -268.6112    1.6709   13.6500
DIM:ROT:      42         2 -268.5243    0.2108    1.1801
DIM:ROT:      42         3 -268.5255    0.0322    0.2361
DIM:ROT:      43         1 -277.5993    0.8483    6.9025
DIM:ROT:      43         2 -277.6612    0.1863    1.0730
DIM:ROT:      43         3 -277.6570    0.0288    0.2277
DIM:ROT:      44         1 -266.6083    0.4989    3.0200
DIM:ROT:      44         2 -266.6093    0.0631    0.3910
DIM:ROT:      44         3 -266.6086    0.0137    0.0979
DIM:ROT:      45         1 -274.3750    1.0067    8.2651
DIM:ROT:      45         2 -274.3224    0.1506    0.9046
DIM:ROT:      45         3 -274.3260    0.0247    0.1852
DIM:ROT:      46         1 -273.5355    1.7624   14.6521
DIM:ROT:      46         2 -273.6847    0.3192    1.8385
DIM:ROT:      46         3 -273.6820    0.0453    0.3394
DIM:ROT:      47         1 -261.0619    0.9100    6.2093
DIM:ROT:      47         2 -261.0443    0.1890    1.2884
DIM:ROT:      47         3 -261.0512    0.0503    0.3228
DIM:ROT:      48         1 -269.5685    1.1482    9.3302
DIM:ROT:      48         2 -269.5096    0.1791    1.0419
DIM:ROT:      48         3 -269.5124    0.0314    0.2303
DIM:ROT:      49         1 -267.8126    1.6451   13.7139
DIM:ROT:      49         2 -267.9476    0.2825    1.5830
DIM:ROT:      49         3 -267.9476    0.0352    0.2631
DIM:ROT:      50         1 -241.4208    1.3021    8.5769
DIM:ROT:      50         2 -241.4100    0.2865    1.8730
DIM:ROT:      50         3 -241.4195    0.0814    0.5032
DIM:ROT:      51         1 -254.7398    2.2222   17.7504
DIM:ROT:      51         2 -254.6010    0.4112    2.4214
DIM:ROT:      51         3 -254.6094    0.0792    0.5798
DIM:ROT:      52         1 -258.0902    3.5468   31.0896
DIM:ROT:      52         2 -258.5083    0.4384    2.2337
DIM:ROT:      52         3 -258.5197    0.0413    0.2357
DIM:ROT:      53         1 -240.5743    1.0551    5.9591
DIM:ROT:      53         2 -240.5727    0.1830    1.3247
DIM:ROT:      53         3 -240.5846    0.0600    0.3387
DIM:ROT:      54         1 -247.7497    3.4543   28.4995
DIM:ROT:      54         2 -247.5299    0.4626    2.3441
DIM:ROT:      54         3 -247.5357    0.0709    0.5301
DIM:ROT:      55         1 -261.0255    1.0047    7.0449
DIM:ROT:      55         2 -260.9887    0.2543    1.7598
DIM:ROT:      55         3 -261.0012    0.0754    0.5024
DIM:ROT:      56         1 -247.8891    2.5041   21.5057
DIM:ROT:      56         2 -248.1153    0.3133    1.6037
DIM:ROT:      56         3 -248.1213    0.0383    0.2176
DIM:ROT:      57         1 -251.1259    2.8199   20.3755
DIM:ROT:      57         2 -251.0429    0.6596    4.4648
DIM:ROT:      57         3 -251.0733    0.1857    1.2449
DIM:ROT:      58         1 -271.9522    0.7991    4.8033
DIM:ROT:      58         2 -271.9338    0.1356    1.1285
DIM:ROT:      58         3 -271.9440    0.0416    0.2437
DIM:ROT:      59         1 -256.8478    1.7167   14.8027
DIM:ROT:      59         2 -257.0018    0.3477    1.8890
DIM:ROT:      59         3 -257.0046    0.0451    0.3538
DIM:ROT:      60         1 -251.8300    1.3572   11.4796
DIM:ROT:      60         2 -251.7774    0.1984    1.0469
DIM:ROT:      60         3 -251.7805    0.0313    0.2327
DIM:ROT:      61         1 -261.8132    0.9950    7.5923
DIM:ROT:      61         2 -261.7718    0.2210    1.5504
DIM:ROT:      61         3 -261.7817    0.0564    0.4019
DIM:ROT:      62         1 -252.5691    1.6827   14.6509
DIM:ROT:      62         2 -252.7203    0.3023    1.6412
DIM:ROT:      62         3 -252.7215    0.0436    0.3084
DIM:ROT:      63         1 -236.8214    0.7493    5.4438
DIM:ROT:      63         2 -236.8152    0.2166    1.2877
DIM:ROT:      63         3 -236.8218    0.0595    0.4137
DIM:ROT:      64         1 -244.7412    1.3231   11.0269
DIM:ROT:      64         2 -244.6791    0.2380    1.2777
DIM:ROT:      64         3 -244.6838    0.0439    0.3251
DIM:ROT:      65         1 -246.3467    1.4480   12.5688
DIM:ROT:      65         2 -246.4819    0.2896    1.4485
DIM:ROT:      65         3 -246.4828    0.0295    0.2294
DIM:ROT:      66         1 -221.9096    1.3158    7.2835
DIM:ROT:      66         2 -221.9221    0.1926    0.8811
DIM:ROT:      66         3 -221.9245    0.0262    0.1478
DIM:ROT:      67         1 -220.9968    3.6378   28.3154
DIM:ROT:      67         2 -220.7815    0.5946    3.0379
DIM:ROT:      67         3 -220.7865    0.1211    0.8040
DIM:ROT:      68         1 -219.9654    0.5467    3.8887
DIM:ROT:      68         2 -219.9416    0.1467    0.8212
DIM:ROT:      68         3 -219.9448    0.0404    0.2661
DIM:ROT:      69         1 -216.1499    2.3335   18.9576
DIM:ROT:      69         2 -216.3171    0.3666    1.6462
DIM:ROT:      69         3 -216.3234    0.0462    0.2748
DIM:ROT:      70         1 -220.7682    1.2908    9.9985
DIM:ROT:      70         2 -220.7184    0.2643    1.3670
DIM:ROT:      70         3 -220.7206    0.0537    0.3739
DIM:ROT:      71         1 -228.2763    0.8057    4.3679
DIM:ROT:      71         2 -228.2633    0.1290    0.9325
DIM:ROT:      71         3 -228.2716    0.0452    0.2502
DIM:ROT:      72         1 -218.8315    0.4444    3.2354
DIM:ROT:      72         2 -218.8491    0.1348    0.7326
DIM:ROT:      72         3 -218.8491    0.0321    0.2255
DIM:ROT:      73         1 -223.2307    0.6078    3.8980
DIM:ROT:      73         2 -223.2118    0.1203    0.8360
DIM:ROT:      73         3 -223.2164    0.0392    0.2248
DIM:ROT:      74         1 -223.7930    0.2312    1.9113
DIM:ROT:      74         2 -223.8068    0.0426    0.1954
DIM:ROT:      74         3 -223.8071    0.0057    0.0377
DIM:ROT:      75         1 -222.6658    0.2376    1.8051
DIM:ROT:      75         2 -222.6593    0.0617    0.3201
DIM:ROT:      75         3 -222.6600    0.0130    0.0944
DIM:ROT:      76         1 -224.5535    0.1349    0.8377
DIM:ROT:      76         2 -224.5495    0.0256    0.1793
DIM:ROT:      76         3 -224.5506    0.0089    0.0498
DIM:ROT:      77         1 -222.2364    0.2540    2.0511
DIM:ROT:      77         2 -222.2491    0.0559    0.2697
DIM:ROT:      77         3 -222.2492    0.0081    0.0588
DIM:ROT:      78         1 -221.7594    0.3187    2.4717
DIM:ROT:      78         2 -221.7491    0.0621    0.3374
DIM:ROT:      78         3 -221.7500    0.0131    0.0894
DIM:ROT:      79         1 -222.6988    0.0722    0.3677
DIM:ROT:      79         2 -222.7008    0.0116    0.0826
DIM:ROT:      80         1 -221.0630    0.0977    0.6960
DIM:ROT:      80         2 -221.0667    0.0307    0.1728
DIM:ROT:      80         3 -221.0663    0.0078    0.0545
DIM:ROT:      81         1 -221.0499    0.1388    1.1004
DIM:ROT:      81         2 -221.0453    0.0273    0.1271
DIM:ROT:      81         3 -221.0455    0.0043    0.0317
DIM:ROT:      82         1 -221.5591    0.0798    0.6516
DIM:ROT:      82         2 -221.5634    0.0153    0.0729
DIM:ROT:      83         1 -220.8260    0.0698    0.5660
DIM:ROT:      83         2 -220.8289    0.0134    0.0660
DIM:ROT:      84         1 -220.8919    0.0666    0.5054
DIM:ROT:      84         2 -220.8899    0.0159    0.0848
DIM:ROT:      85         1 -221.3680    0.0273    0.1860
DIM:ROT:      85         2 -221.3694    0.0090    0.0518
DIM:ROT:      86         1 -221.1138    0.0436    0.3605
DIM:ROT:      86         2 -221.1159    0.0063    0.0293
DIM:ROT:      87         1 -221.2157    0.0538    0.4297
DIM:ROT:      87         2 -221.2138    0.0093    0.0434
DIM:ROT:      88         1 -221.6386    0.0230    0.1275
DIM:ROT:      88         2 -221.6381    0.0045    0.0318
DIM:ROT:      89         1 -221.3317    0.0418    0.3423
DIM:ROT:      89         2 -221.3337    0.0086    0.0384
DIM:ROT:      90         1 -221.1391    0.0246    0.1875
DIM:ROT:      90         2 -221.1384    0.0062    0.0322
DIM:ROT:      91         1 -221.5627    0.0270    0.1593
DIM:ROT:      91         2 -221.5619    0.0064    0.0436
DIM:ROT:      92         1 -221.4161    0.0626    0.5160
DIM:ROT:      92         2 -221.4193    0.0111    0.0500
DIM:ROT:      93         1 -221.1343    0.0249    0.1521
DIM:ROT:      93         2 -221.1340    0.0063    0.0420
DIM:ROT:      94         1 -221.3739    0.0351    0.2785
DIM:ROT:      94         2 -221.3726    0.0067    0.0320
DIM:ROT:      95         1 -221.4530    0.0207    0.1626
DIM:ROT:      95         2 -221.4540    0.0055    0.0275
DIM:ROT:      96         1 -221.2580    0.0112    0.0829
DIM:ROT:      97         1 -221.2884    0.0265    0.2127
DIM:ROT:      97         2 -221.2875    0.0043    0.0199
DIM:ROT:      98         1 -221.3703    0.0059    0.0319
DIM:ROT:      99         1 -221.2928    0.0119    0.0983
