      Step     Time          Energy          fmax
BFGS:    0 16:27:55    -9342.101088        1.224213
BFGS:    1 16:27:55    -9342.135960        1.118389
BFGS:    2 16:27:55    -9342.199475        0.996768
BFGS:    3 16:27:55    -9342.216716        2.268770
BFGS:    4 16:27:55    -9342.267797        0.653099
BFGS:    5 16:27:55    -9342.298666        0.544984
BFGS:    6 16:27:55    -9342.351572        0.692794
BFGS:    7 16:27:55    -9342.368841        0.648806
BFGS:    8 16:27:55    -9342.386833        0.578159
BFGS:    9 16:27:55    -9342.408826        0.358024
BFGS:   10 16:27:55    -9342.416377        0.214741
BFGS:   11 16:27:55    -9342.423179        0.237508
BFGS:   12 16:27:55    -9342.430293        0.275463
BFGS:   13 16:27:55    -9342.438473        0.204364
BFGS:   14 16:27:55    -9342.444250        0.279833
BFGS:   15 16:27:55    -9342.449053        0.279466
BFGS:   16 16:27:55    -9342.457026        0.242496
BFGS:   17 16:27:55    -9342.461192        0.211680
BFGS:   18 16:27:55    -9342.466006        0.170140
BFGS:   19 16:27:55    -9342.470013        0.208650
BFGS:   20 16:27:55    -9342.475005        0.266614
BFGS:   21 16:27:55    -9342.480229        0.235352
BFGS:   22 16:27:55    -9342.485852        0.316265
BFGS:   23 16:27:55    -9342.490950        0.250774
BFGS:   24 16:27:55    -9342.496680        0.226081
BFGS:   25 16:27:55    -9342.502230        0.169424
BFGS:   26 16:27:55    -9342.504924        0.133085
BFGS:   27 16:27:55    -9342.507241        0.128594
BFGS:   28 16:27:56    -9342.508496        0.118677
BFGS:   29 16:27:56    -9342.509797        0.085381
BFGS:   30 16:27:56    -9342.510904        0.081385
BFGS:   31 16:27:56    -9342.511607        0.058105
BFGS:   32 16:27:56    -9342.512031        0.048052
BFGS:   33 16:27:56    -9342.512500        0.063671
BFGS:   34 16:27:56    -9342.513030        0.085799
BFGS:   35 16:27:56    -9342.513487        0.074133
BFGS:   36 16:27:56    -9342.513785        0.049779
BFGS:   37 16:27:56    -9342.514002        0.044511
BFGS:   38 16:27:56    -9342.514225        0.053383
BFGS:   39 16:27:56    -9342.514477        0.059076
BFGS:   40 16:27:56    -9342.514709        0.054677
BFGS:   41 16:27:56    -9342.515003        0.075650
BFGS:   42 16:27:56    -9342.515520        0.110927
BFGS:   43 16:27:56    -9342.516415        0.125545
BFGS:   44 16:27:56    -9342.517740        0.169656
BFGS:   45 16:27:56    -9342.519520        0.177319
BFGS:   46 16:27:56    -9342.521590        0.122904
BFGS:   47 16:27:56    -9342.523180        0.107255
BFGS:   48 16:27:56    -9342.524043        0.073791
BFGS:   49 16:27:56    -9342.523728        0.165679
BFGS:   50 16:27:56    -9342.524439        0.045248
BFGS:   51 16:27:56    -9342.524535        0.040040
BFGS:   52 16:27:56    -9342.524729        0.039271
BFGS:   53 16:27:56    -9342.524795        0.030871
BFGS:   54 16:27:56    -9342.524953        0.027853
BFGS:   55 16:27:56    -9342.525132        0.037900
BFGS:   56 16:27:56    -9342.525442        0.057958
BFGS:   57 16:27:56    -9342.525785        0.066351
BFGS:   58 16:27:56    -9342.526125        0.054532
BFGS:   59 16:27:56    -9342.526395        0.034469
BFGS:   60 16:27:56    -9342.526567        0.032345
BFGS:   61 16:27:56    -9342.526658        0.031503
BFGS:   62 16:27:56    -9342.526745        0.029015
BFGS:   63 16:27:56    -9342.526828        0.026937
BFGS:   64 16:27:56    -9342.526953        0.030702
BFGS:   65 16:27:57    -9342.527111        0.040828
BFGS:   66 16:27:57    -9342.527283        0.046566
BFGS:   67 16:27:57    -9342.527450        0.039394
BFGS:   68 16:27:57    -9342.527577        0.038187
BFGS:   69 16:27:57    -9342.527687        0.051679
BFGS:   70 16:27:57    -9342.527899        0.039562
BFGS:   71 16:27:57    -9342.528108        0.027876
BFGS:   72 16:27:57    -9342.528290        0.034301
BFGS:   73 16:27:57    -9342.528328        0.017558
BFGS:   74 16:27:57    -9342.528352        0.015284
BFGS:   75 16:27:57    -9342.528367        0.014148
BFGS:   76 16:27:57    -9342.528403        0.014884
BFGS:   77 16:27:57    -9342.528423        0.017211
BFGS:   78 16:27:57    -9342.528460        0.018531
BFGS:   79 16:27:57    -9342.528496        0.021741
BFGS:   80 16:27:57    -9342.528560        0.029369
BFGS:   81 16:27:57    -9342.528639        0.031566
BFGS:   82 16:27:57    -9342.528723        0.031319
BFGS:   83 16:27:57    -9342.528790        0.029859
BFGS:   84 16:27:57    -9342.528826        0.016388
BFGS:   85 16:27:57    -9342.528835        0.011167
BFGS:   86 16:27:57    -9342.528845        0.009851
BFGS:   87 16:27:57    -9342.528860        0.007880
BFGS:   88 16:27:57    -9342.528870        0.007978
BFGS:   89 16:27:57    -9342.528870        0.008444
BFGS:   90 16:27:57    -9342.528876        0.004384
