      Step     Time          Energy          fmax
BFGS:    0 17:25:51   -12457.360247        1.086082
BFGS:    1 17:25:51   -12457.402647        0.924080
BFGS:    2 17:25:51   -12457.475572        0.875233
BFGS:    3 17:25:51   -12457.500630        0.627089
BFGS:    4 17:25:51   -12457.548990        0.712760
BFGS:    5 17:25:51   -12457.573375        0.709772
BFGS:    6 17:25:51   -12457.598555        0.616255
BFGS:    7 17:25:51   -12457.617355        0.381515
BFGS:    8 17:25:51   -12457.635359        0.376424
BFGS:    9 17:25:51   -12457.657924        0.384340
BFGS:   10 17:25:51   -12457.688222        0.374960
BFGS:   11 17:25:51   -12457.715654        0.896627
BFGS:   12 17:25:51   -12457.736366        0.584397
BFGS:   13 17:25:51   -12457.776046        0.429940
BFGS:   14 17:25:51   -12457.793963        0.327004
BFGS:   15 17:25:51   -12457.810116        0.358875
BFGS:   16 17:25:51   -12457.825325        0.442189
BFGS:   17 17:25:51   -12457.839654        0.424692
BFGS:   18 17:25:51   -12457.852663        0.280888
BFGS:   19 17:25:51   -12457.863816        0.259065
BFGS:   20 17:25:51   -12457.875926        0.236319
BFGS:   21 17:25:51   -12457.886294        0.229896
BFGS:   22 17:25:51   -12457.894834        0.209213
BFGS:   23 17:25:51   -12457.903119        0.264808
BFGS:   24 17:25:51   -12457.913360        0.301980
BFGS:   25 17:25:51   -12457.925498        0.300663
BFGS:   26 17:25:51   -12457.938854        0.342669
BFGS:   27 17:25:51   -12457.952821        0.329672
BFGS:   28 17:25:51   -12457.967066        0.308075
BFGS:   29 17:25:51   -12457.980510        0.348679
BFGS:   30 17:25:51   -12457.988951        0.268697
BFGS:   31 17:25:51   -12457.993943        0.202267
BFGS:   32 17:25:51   -12457.998680        0.200244
BFGS:   33 17:25:52   -12458.006673        0.305599
BFGS:   34 17:25:52   -12458.013470        0.296839
BFGS:   35 17:25:52   -12458.018858        0.191876
BFGS:   36 17:25:52   -12458.022769        0.178170
BFGS:   37 17:25:52   -12458.027681        0.190161
BFGS:   38 17:25:52   -12458.035973        0.324077
BFGS:   39 17:25:52   -12458.044254        0.280506
BFGS:   40 17:25:52   -12458.051452        0.250018
BFGS:   41 17:25:52   -12458.058550        0.280744
BFGS:   42 17:25:52   -12458.067622        0.253540
BFGS:   43 17:25:52   -12458.074213        0.296506
BFGS:   44 17:25:52   -12458.082744        0.240957
BFGS:   45 17:25:52   -12458.087942        0.267766
BFGS:   46 17:25:52   -12458.097336        0.276204
BFGS:   47 17:25:52   -12458.107242        0.305835
BFGS:   48 17:25:52   -12458.117966        0.244544
BFGS:   49 17:25:52   -12458.122131        0.291160
BFGS:   50 17:25:52   -12458.122076        0.599201
BFGS:   51 17:25:52   -12458.130611        0.214820
BFGS:   52 17:25:52   -12458.135680        0.179977
BFGS:   53 17:25:52   -12458.152519        0.387870
BFGS:   54 17:25:52   -12458.158923        0.506504
BFGS:   55 17:25:52   -12458.166589        0.221804
BFGS:   56 17:25:52   -12458.175834        0.213634
BFGS:   57 17:25:52   -12458.180868        0.205139
BFGS:   58 17:25:52   -12458.184598        0.212367
BFGS:   59 17:25:52   -12458.187458        0.136712
BFGS:   60 17:25:52   -12458.189432        0.115005
BFGS:   61 17:25:52   -12458.191077        0.118046
BFGS:   62 17:25:52   -12458.192884        0.124534
BFGS:   63 17:25:52   -12458.195248        0.102292
BFGS:   64 17:25:52   -12458.197332        0.107568
BFGS:   65 17:25:52   -12458.199154        0.111120
BFGS:   66 17:25:52   -12458.200803        0.113096
BFGS:   67 17:25:52   -12458.202090        0.071748
BFGS:   68 17:25:52   -12458.202822        0.057704
BFGS:   69 17:25:52   -12458.203184        0.047182
BFGS:   70 17:25:52   -12458.203496        0.046834
BFGS:   71 17:25:52   -12458.203850        0.045170
BFGS:   72 17:25:52   -12458.204165        0.036119
BFGS:   73 17:25:52   -12458.204452        0.048386
BFGS:   74 17:25:52   -12458.204725        0.052083
BFGS:   75 17:25:52   -12458.205007        0.048980
BFGS:   76 17:25:52   -12458.205246        0.040246
BFGS:   77 17:25:52   -12458.205476        0.039712
BFGS:   78 17:25:52   -12458.205726        0.042800
BFGS:   79 17:25:52   -12458.206001        0.036061
BFGS:   80 17:25:52   -12458.206224        0.031788
BFGS:   81 17:25:52   -12458.206327        0.025466
BFGS:   82 17:25:52   -12458.206393        0.018576
BFGS:   83 17:25:53   -12458.206447        0.018222
BFGS:   84 17:25:53   -12458.206519        0.026700
BFGS:   85 17:25:53   -12458.206611        0.032970
BFGS:   86 17:25:53   -12458.206702        0.029196
BFGS:   87 17:25:53   -12458.206793        0.025499
BFGS:   88 17:25:53   -12458.206898        0.027244
BFGS:   89 17:25:53   -12458.207005        0.030020
BFGS:   90 17:25:53   -12458.207074        0.030279
BFGS:   91 17:25:53   -12458.207157        0.029274
BFGS:   92 17:25:53   -12458.207249        0.027048
BFGS:   93 17:25:53   -12458.207330        0.024666
BFGS:   94 17:25:53   -12458.207411        0.021475
BFGS:   95 17:25:53   -12458.207461        0.015981
BFGS:   96 17:25:53   -12458.207500        0.017318
BFGS:   97 17:25:53   -12458.207544        0.018700
BFGS:   98 17:25:53   -12458.207578        0.015478
BFGS:   99 17:25:53   -12458.207611        0.016359
BFGS:  100 17:25:53   -12458.207644        0.015898
BFGS:  101 17:25:53   -12458.207666        0.017508
BFGS:  102 17:25:53   -12458.207695        0.018090
BFGS:  103 17:25:53   -12458.207738        0.014414
BFGS:  104 17:25:53   -12458.207762        0.013400
BFGS:  105 17:25:53   -12458.207798        0.012895
BFGS:  106 17:25:53   -12458.207824        0.011450
BFGS:  107 17:25:53   -12458.207839        0.010413
BFGS:  108 17:25:53   -12458.207853        0.011072
BFGS:  109 17:25:53   -12458.207872        0.011153
BFGS:  110 17:25:53   -12458.207884        0.011795
BFGS:  111 17:25:53   -12458.207900        0.009870
BFGS:  112 17:25:53   -12458.207913        0.007014
BFGS:  113 17:25:53   -12458.207920        0.008403
BFGS:  114 17:25:53   -12458.207924        0.009909
BFGS:  115 17:25:53   -12458.207946        0.010602
BFGS:  116 17:25:53   -12458.207951        0.009928
BFGS:  117 17:25:53   -12458.207964        0.008544
BFGS:  118 17:25:53   -12458.207967        0.006362
BFGS:  119 17:25:53   -12458.207967        0.005849
BFGS:  120 17:25:53   -12458.207979        0.004689
