      Step     Time          Energy          fmax
BFGS:    0 16:55:41    -6227.188998        0.478822
BFGS:    1 16:55:41    -6227.195516        0.400211
BFGS:    2 16:55:41    -6227.263816        1.341973
BFGS:    3 16:55:41    -6227.356975        2.600493
BFGS:    4 16:55:41    -6227.347518        3.087542
BFGS:    5 16:55:41    -6227.451032        1.913259
BFGS:    6 16:55:41    -6227.498291        1.981098
BFGS:    7 16:55:41    -6227.560490        1.949515
BFGS:    8 16:55:41    -6227.618040        1.927381
BFGS:    9 16:55:41    -6227.702872        1.727235
BFGS:   10 16:55:41    -6227.835378        1.851355
BFGS:   11 16:55:41    -6227.969728        1.771204
BFGS:   12 16:55:41    -6228.148029        1.952296
BFGS:   13 16:55:41    -6228.285720        1.669092
BFGS:   14 16:55:41    -6228.417685        1.076656
BFGS:   15 16:55:41    -6228.503045        1.524138
BFGS:   16 16:55:41    -6228.589555        1.230443
BFGS:   17 16:55:41    -6228.673986        1.239951
BFGS:   18 16:55:41    -6228.742215        1.299271
BFGS:   19 16:55:41    -6228.799397        1.415147
BFGS:   20 16:55:42    -6228.869059        1.165267
BFGS:   21 16:55:42    -6228.911197        0.694076
BFGS:   22 16:55:42    -6228.939473        0.577124
BFGS:   23 16:55:42    -6228.954792        0.413321
BFGS:   24 16:55:42    -6228.973864        0.454066
BFGS:   25 16:55:42    -6228.982257        0.402344
BFGS:   26 16:55:42    -6228.985507        0.205051
BFGS:   27 16:55:42    -6228.988008        0.132929
BFGS:   28 16:55:42    -6228.988579        0.081356
BFGS:   29 16:55:42    -6228.988807        0.049273
BFGS:   30 16:55:42    -6228.988990        0.050265
BFGS:   31 16:55:42    -6228.989186        0.053212
BFGS:   32 16:55:42    -6228.989415        0.055070
BFGS:   33 16:55:42    -6228.989712        0.066849
BFGS:   34 16:55:42    -6228.990192        0.083557
BFGS:   35 16:55:42    -6228.990970        0.126356
BFGS:   36 16:55:42    -6228.991981        0.128635
BFGS:   37 16:55:42    -6228.992857        0.083261
BFGS:   38 16:55:42    -6228.993238        0.043309
BFGS:   39 16:55:42    -6228.993334        0.028606
BFGS:   40 16:55:42    -6228.993382        0.026276
BFGS:   41 16:55:42    -6228.993409        0.013582
BFGS:   42 16:55:42    -6228.993412        0.006254
BFGS:   43 16:55:42    -6228.993414        0.005094
BFGS:   44 16:55:42    -6228.993422        0.006982
BFGS:   45 16:55:42    -6228.993421        0.010084
BFGS:   46 16:55:42    -6228.993433        0.014138
BFGS:   47 16:55:42    -6228.993444        0.020619
BFGS:   48 16:55:42    -6228.993476        0.029714
BFGS:   49 16:55:42    -6228.993538        0.043420
BFGS:   50 16:55:42    -6228.993669        0.061876
BFGS:   51 16:55:42    -6228.993846        0.108817
BFGS:   52 16:55:42    -6228.994128        0.104248
BFGS:   53 16:55:42    -6228.994476        0.027229
BFGS:   54 16:55:42    -6228.994509        0.044836
BFGS:   55 16:55:42    -6228.994535        0.013619
BFGS:   56 16:55:42    -6228.994554        0.013404
BFGS:   57 16:55:42    -6228.994575        0.018777
BFGS:   58 16:55:42    -6228.994594        0.023535
BFGS:   59 16:55:42    -6228.994644        0.031426
BFGS:   60 16:55:42    -6228.994734        0.039994
BFGS:   61 16:55:42    -6228.994888        0.046646
BFGS:   62 16:55:42    -6228.995075        0.031618
BFGS:   63 16:55:42    -6228.995166        0.017594
BFGS:   64 16:55:42    -6228.995189        0.015592
BFGS:   65 16:55:42    -6228.995202        0.006646
BFGS:   66 16:55:42    -6228.995207        0.005345
BFGS:   67 16:55:42    -6228.995209        0.002889
