MINMODE:METHOD: Dimer
DIM:CONTROL: Search Parameters:
DIM:CONTROL: ------------------
DIM:CONTROL: eigenmode_method = dimer
DIM:CONTROL: f_rot_min = 0.01
DIM:CONTROL: f_rot_max = 0.1
DIM:CONTROL: max_num_rot = 3
DIM:CONTROL: trial_angle = 0.7853981633974483
DIM:CONTROL: trial_trans_step = 0.001
DIM:CONTROL: maximum_translation = 0.1
DIM:CONTROL: cg_translation = True
DIM:CONTROL: use_central_forces = True
DIM:CONTROL: dimer_separation = 0.005
DIM:CONTROL: initial_eigenmode_method = gauss
DIM:CONTROL: extrapolate_forces = True
DIM:CONTROL: displacement_method = gauss
DIM:CONTROL: gauss_std = 0.1
DIM:CONTROL: order = 1
DIM:CONTROL: mask = None
DIM:CONTROL: displacement_center = None
DIM:CONTROL: displacement_radius = None
DIM:CONTROL: number_of_displacement_atoms = None
DIM:CONTROL: ------------------
DIM:ROT: OPT-STEP ROT-STEP CURVATURE ROT-ANGLE ROT-FORCE
DIM:ROT:       0         1  -15.1433   29.3063   18.8330
DIM:ROT:       0         2  -20.2088   12.8940   22.2554
DIM:ROT:       0         3  -21.9372    9.5376   10.5321
DIM:ROT:       1         1  -25.9674    6.4716   10.7654
DIM:ROT:       1         2  -26.4491    4.0302    6.7171
DIM:ROT:       1         3  -26.6415    2.5005    4.4051
DIM:ROT:       2         1  -28.6534    4.1121    4.4095
DIM:ROT:       2         2  -28.7374    1.2917    3.4793
DIM:ROT:       2         3  -28.7664    1.1754    1.2677
DIM:ROT:       3         1  -29.9345    2.7647    3.7368
DIM:ROT:       3         2  -29.9738    1.0629    2.1231
DIM:ROT:       3         3  -29.9858    0.7074    0.9565
DIM:ROT:       4         1  -30.6826    2.1954    2.7473
DIM:ROT:       4         2  -30.7064    0.7442    1.7928
DIM:ROT:       4         3  -30.7138    0.4885    0.7501
DIM:ROT:       5         1  -30.4302    1.6914    2.6744
DIM:ROT:       5         2  -30.4485    0.7870    1.5372
DIM:ROT:       5         3  -30.4547    0.4976    0.7597
DIM:ROT:       6         1  -30.8976    1.3840    2.1546
DIM:ROT:       6         2  -30.9094    0.6808    1.2047
DIM:ROT:       6         3  -30.9134    0.4110    0.6211
DIM:ROT:       7         1  -26.9619    2.9328    3.4667
DIM:ROT:       7         2  -26.9960    0.9937    2.2832
DIM:ROT:       7         3  -27.0042    0.7288    0.9068
DIM:ROT:       8         1  -22.2223    2.8891    3.8602
DIM:ROT:       8         2  -22.2778    1.3536    2.7007
DIM:ROT:       8         3  -22.2951    0.9922    1.3016
DIM:ROT:       9         1  -22.8966    0.9031    0.9608
DIM:ROT:       9         2  -22.8970    0.3134    0.4622
DIM:ROT:       9         3  -22.8972    0.1693    0.3076
DIM:ROT:      10         1  -23.0965    1.5121    1.3489
DIM:ROT:      10         2  -23.0988    0.4009    0.6871
DIM:ROT:      10         3  -23.0995    0.2179    0.3556
DIM:ROT:      11         1  -23.5802    1.2114    1.5550
DIM:ROT:      11         2  -23.5870    0.4876    0.9374
DIM:ROT:      11         3  -23.5896    0.3329    0.5228
DIM:ROT:      12         1  -23.2625    1.0026    1.0021
DIM:ROT:      12         2  -23.2663    0.3795    0.6227
DIM:ROT:      12         3  -23.2674    0.2204    0.3317
DIM:ROT:      13         1  -23.0702    1.0119    1.2516
DIM:ROT:      13         2  -23.0759    0.4232    0.8325
DIM:ROT:      13         3  -23.0783    0.3094    0.4706
DIM:ROT:      14         1  -23.0788    0.5448    1.0195
DIM:ROT:      14         2  -23.0808    0.3621    0.4678
DIM:ROT:      14         3  -23.0821    0.1971    0.3636
DIM:ROT:      15         1  -22.4077    0.8238    1.6034
DIM:ROT:      15         2  -22.4095    0.4479    0.5336
DIM:ROT:      15         3  -22.4094    0.2156    0.3747
DIM:ROT:      16         1  -21.3706    1.1125    1.2411
DIM:ROT:      16         2  -21.3731    0.4399    0.7951
DIM:ROT:      16         3  -21.3744    0.2959    0.4522
DIM:ROT:      17         1  -20.0925    1.1289    1.1895
DIM:ROT:      17         2  -20.0944    0.4564    0.7719
DIM:ROT:      17         3  -20.0949    0.3374    0.3800
DIM:ROT:      18         1  -19.2981    0.6939    1.1884
DIM:ROT:      18         2  -19.2991    0.4714    0.5700
DIM:ROT:      18         3  -19.2999    0.2715    0.4627
DIM:ROT:      19         1  -19.7436    0.9029    1.0119
DIM:ROT:      19         2  -19.7473    0.4148    0.7416
DIM:ROT:      19         3  -19.7481    0.3039    0.3800
DIM:ROT:      20         1  -21.0329    2.2701    1.7291
DIM:ROT:      20         2  -21.0453    0.6092    1.2245
DIM:ROT:      20         3  -21.0472    0.4302    0.4795
DIM:ROT:      21         1  -22.0995    1.9689    1.5987
DIM:ROT:      21         2  -22.1121    0.5491    1.2174
DIM:ROT:      21         3  -22.1148    0.3990    0.5054
DIM:ROT:      22         1  -21.8723    0.3551    0.7184
DIM:ROT:      22         2  -21.8721    0.2253    0.2842
DIM:ROT:      22         3  -21.8723    0.1141    0.2244
DIM:ROT:      23         1  -20.8199    1.0193    0.9517
DIM:ROT:      23         2  -20.8199    0.3286    0.5956
DIM:ROT:      23         3  -20.8199    0.2233    0.2570
DIM:ROT:      24         1  -20.9276    0.3420    0.5422
DIM:ROT:      24         2  -20.9270    0.1794    0.2561
DIM:ROT:      24         3  -20.9268    0.1071    0.1629
DIM:ROT:      25         1  -21.4923    0.4824    0.6800
DIM:ROT:      25         2  -21.4935    0.2653    0.3862
DIM:ROT:      25         3  -21.4936    0.1644    0.2465
DIM:ROT:      26         1  -21.7612    0.6600    0.6557
DIM:ROT:      26         2  -21.7632    0.2572    0.4740
DIM:ROT:      26         3  -21.7633    0.1842    0.2236
DIM:ROT:      27         1  -21.7904    0.6340    0.6960
DIM:ROT:      27         2  -21.7919    0.2480    0.4831
DIM:ROT:      27         3  -21.7924    0.1851    0.2364
DIM:ROT:      28         1  -21.1125    0.7987    0.7491
DIM:ROT:      28         2  -21.1139    0.2813    0.4443
DIM:ROT:      28         3  -21.1139    0.1779    0.2061
DIM:ROT:      29         1  -20.3525    0.7198    0.9072
DIM:ROT:      29         2  -20.3548    0.3653    0.5950
DIM:ROT:      29         3  -20.3553    0.2575    0.3412
DIM:ROT:      30         1  -19.3345    1.0979    0.9584
DIM:ROT:      30         2  -19.3361    0.3631    0.6025
DIM:ROT:      30         3  -19.3364    0.2331    0.3046
DIM:ROT:      31         1  -18.8034    0.7153    0.7518
DIM:ROT:      31         2  -18.8044    0.3272    0.5323
DIM:ROT:      31         3  -18.8045    0.2452    0.2746
DIM:ROT:      32         1  -18.7558    1.0230    1.1262
DIM:ROT:      32         2  -18.7594    0.4586    0.7225
DIM:ROT:      32         3  -18.7609    0.3253    0.4123
DIM:ROT:      33         1  -19.1835    1.1062    1.5309
DIM:ROT:      33         2  -19.1939    0.6416    0.9554
DIM:ROT:      33         3  -19.1966    0.4398    0.5857
DIM:ROT:      34         1  -19.5908    1.4430    0.9533
DIM:ROT:      34         2  -19.5964    0.3103    0.5942
DIM:ROT:      34         3  -19.5971    0.2012    0.2701
DIM:ROT:      35         1  -19.6019    1.0058    0.9756
DIM:ROT:      35         2  -19.6058    0.3619    0.6710
DIM:ROT:      35         3  -19.6068    0.2940    0.3135
DIM:ROT:      36         1  -18.6001    0.6292    0.8978
DIM:ROT:      36         2  -18.6028    0.3860    0.5349
DIM:ROT:      36         3  -18.6037    0.2563    0.3688
DIM:ROT:      37         1  -18.2314    0.8025    0.4699
DIM:ROT:      37         2  -18.2323    0.2010    0.3486
DIM:ROT:      37         3  -18.2324    0.1286    0.1246
DIM:ROT:      38         1  -18.2165    0.3732    0.5786
DIM:ROT:      38         2  -18.2165    0.2358    0.3247
DIM:ROT:      38         3  -18.2169    0.1514    0.2320
DIM:ROT:      39         1  -18.1248    0.3099    0.4200
DIM:ROT:      39         2  -18.1253    0.1984    0.2795
DIM:ROT:      39         3  -18.1255    0.1383    0.1873
DIM:ROT:      40         1  -18.3168    0.6134    0.6729
DIM:ROT:      40         2  -18.3197    0.3170    0.5156
DIM:ROT:      40         3  -18.3208    0.2480    0.3011
DIM:ROT:      41         1  -18.9009    1.6531    1.1541
DIM:ROT:      41         2  -18.9133    0.5099    1.0037
DIM:ROT:      41         3  -18.9150    0.4375    0.3774
DIM:ROT:      42         1  -19.5726    3.4423    1.6546
DIM:ROT:      42         2  -19.5937    0.5809    1.0723
DIM:ROT:      42         3  -19.5959    0.2989    0.4377
DIM:ROT:      43         1  -20.1913    4.2238    3.2263
DIM:ROT:      43         2  -20.2959    1.7556    3.2501
DIM:ROT:      43         3  -20.3397    1.6619    1.5488
DIM:ROT:      44         1  -19.6024    3.9574    2.7256
DIM:ROT:      44         2  -19.6863    1.5727    2.6677
DIM:ROT:      44         3  -19.7157    1.3346    1.2765
DIM:ROT:      45         1  -17.8073    1.8494    2.0757
DIM:ROT:      45         2  -17.8361    0.9491    1.5912
DIM:ROT:      45         3  -17.8518    0.8105    0.9565
DIM:ROT:      46         1  -16.6507    4.3567    3.1679
DIM:ROT:      46         2  -16.7051    1.3789    2.3820
DIM:ROT:      46         3  -16.7236    1.0411    0.9600
DIM:ROT:      47         1  -15.4467    6.5911    5.1065
DIM:ROT:      47         2  -15.5970    2.3924    3.7306
DIM:ROT:      47         3  -15.6447    1.7189    1.6767
DIM:ROT:      48         1  -15.3930    6.1385    4.1037
DIM:ROT:      48         2  -15.5341    2.0718    4.0362
DIM:ROT:      48         3  -15.5834    1.8533    1.5414
DIM:ROT:      49         1  -15.4892    2.7897    2.5193
DIM:ROT:      49         2  -15.5361    1.1821    2.2320
DIM:ROT:      49         3  -15.5578    1.0575    1.1095
DIM:ROT:      50         1  -12.9096    3.0209    3.8833
DIM:ROT:      50         2  -13.0082    1.8213    2.9825
DIM:ROT:      50         3  -13.0569    1.4395    1.8442
DIM:ROT:      51         1   -8.9560    9.5107    5.4966
DIM:ROT:      51         2   -9.1092    2.1397    3.8165
DIM:ROT:      51         3   -9.1602    1.6401    1.7117
DIM:ROT:      52         1   -8.4090    1.9102    1.8709
DIM:ROT:      52         2   -8.4464    1.0531    1.8569
DIM:ROT:      52         3   -8.4700    1.1280    1.1102
DIM:ROT:      53         1   -8.4016    1.0657    1.7117
DIM:ROT:      53         2   -8.4186    0.9032    1.0015
DIM:ROT:      53         3   -8.4288    0.5789    0.8984
DIM:ROT:      54         1   -9.4843    1.5764    1.7366
DIM:ROT:      54         2   -9.4922    0.7911    1.2620
DIM:ROT:      54         3   -9.4987    0.6322    0.7386
DIM:ROT:      55         1  -10.4345    1.9468    1.3461
DIM:ROT:      55         2  -10.4390    0.6800    1.2614
DIM:ROT:      55         3  -10.4446    0.6646    0.5393
DIM:ROT:      56         1  -11.8591    1.8085    1.9205
DIM:ROT:      56         2  -11.8746    0.9210    1.7058
DIM:ROT:      56         3  -11.8890    0.8806    0.9400
DIM:ROT:      57         1  -12.5144    1.1282    1.5930
DIM:ROT:      57         2  -12.5263    0.8061    1.1043
DIM:ROT:      57         3  -12.5297    0.5736    0.8200
DIM:ROT:      58         1  -13.4515    1.3985    1.6643
DIM:ROT:      58         2  -13.4597    0.7907    1.3186
DIM:ROT:      58         3  -13.4677    0.6727    0.7979
DIM:ROT:      59         1  -13.6280    1.1920    1.2499
DIM:ROT:      59         2  -13.6374    0.6360    1.0298
DIM:ROT:      59         3  -13.6418    0.5233    0.6289
DIM:ROT:      60         1  -12.9656    0.6139    0.9195
DIM:ROT:      60         2  -12.9704    0.4137    0.5889
DIM:ROT:      60         3  -12.9731    0.3050    0.4508
DIM:ROT:      61         1  -11.8806    1.6970    1.4362
DIM:ROT:      61         2  -11.8948    0.6894    1.2705
DIM:ROT:      61         3  -11.9015    0.6254    0.5784
DIM:ROT:      62         1  -11.2451    1.5130    1.0991
DIM:ROT:      62         2  -11.2553    0.5200    1.0362
DIM:ROT:      62         3  -11.2600    0.5149    0.4431
DIM:ROT:      63         1  -11.2951    0.3821    0.6201
DIM:ROT:      63         2  -11.2975    0.3239    0.3661
DIM:ROT:      63         3  -11.2991    0.2096    0.3350
DIM:ROT:      64         1  -11.4135    0.2978    0.4297
DIM:ROT:      64         2  -11.4142    0.2241    0.2762
DIM:ROT:      64         3  -11.4152    0.1575    0.2249
DIM:ROT:      65         1  -11.5324    0.2239    0.3221
DIM:ROT:      65         2  -11.5325    0.1543    0.1980
DIM:ROT:      65         3  -11.5321    0.1020    0.1462
DIM:ROT:      66         1  -11.6890    0.2660    0.2799
DIM:ROT:      66         2  -11.6881    0.1271    0.2209
DIM:ROT:      66         3  -11.6883    0.1116    0.1220
DIM:ROT:      67         1  -11.8660    0.3748    0.2817
DIM:ROT:      67         2  -11.8644    0.1378    0.2594
DIM:ROT:      67         3  -11.8645    0.1489    0.1117
DIM:ROT:      68         1  -11.9046    0.1986    0.3941
DIM:ROT:      68         2  -11.9046    0.1712    0.1313
DIM:ROT:      68         3  -11.9045    0.0763    0.1365
DIM:ROT:      69         1  -12.1422    0.2244    0.3103
DIM:ROT:      69         2  -12.1416    0.1547    0.2151
DIM:ROT:      69         3  -12.1418    0.1167    0.1604
DIM:ROT:      70         1  -12.2273    0.3220    0.1820
DIM:ROT:      70         2  -12.2269    0.0888    0.1735
DIM:ROT:      70         3  -12.2269    0.0760    0.0703
DIM:ROT:      71         1  -12.1106    0.1125    0.1375
DIM:ROT:      71         2  -12.1108    0.0643    0.0835
DIM:ROT:      72         1  -12.0386    0.2190    0.1227
DIM:ROT:      72         2  -12.0387    0.0527    0.0856
DIM:ROT:      73         1  -11.8772    0.2102    0.2273
DIM:ROT:      73         2  -11.8773    0.1105    0.1844
DIM:ROT:      73         3  -11.8774    0.0919    0.1010
DIM:ROT:      74         1  -11.5274    0.8747    0.4215
DIM:ROT:      74         2  -11.5272    0.1237    0.1705
DIM:ROT:      74         3  -11.5275    0.0876    0.0975
DIM:ROT:      75         1  -11.5242    0.0903    0.1495
DIM:ROT:      75         2  -11.5243    0.0792    0.0758
DIM:ROT:      76         1  -11.6856    0.1948    0.2184
DIM:ROT:      76         2  -11.6853    0.1049    0.1595
DIM:ROT:      76         3  -11.6851    0.0800    0.0946
DIM:ROT:      77         1  -11.9784    0.4071    0.4590
DIM:ROT:      77         2  -11.9772    0.2141    0.3562
DIM:ROT:      77         3  -11.9774    0.1760    0.1993
DIM:ROT:      78         1  -12.1526    0.5864    0.3808
DIM:ROT:      78         2  -12.1521    0.1726    0.3577
DIM:ROT:      78         3  -12.1520    0.1592    0.1278
DIM:ROT:      79         1  -12.2650    0.2656    0.3547
DIM:ROT:      79         2  -12.2645    0.1757    0.2610
DIM:ROT:      79         3  -12.2648    0.1365    0.1817
DIM:ROT:      80         1  -12.1820    0.1488    0.2270
DIM:ROT:      80         2  -12.1824    0.1187    0.1430
DIM:ROT:      80         3  -12.1824    0.0782    0.1205
DIM:ROT:      81         1  -12.1184    0.2742    0.1857
DIM:ROT:      81         2  -12.1185    0.0964    0.1763
DIM:ROT:      81         3  -12.1187    0.0826    0.0797
DIM:ROT:      82         1  -12.0704    0.1141    0.1568
DIM:ROT:      82         2  -12.0706    0.0799    0.1111
DIM:ROT:      82         3  -12.0705    0.0594    0.0839
DIM:ROT:      83         1  -12.1180    0.1555    0.1706
DIM:ROT:      83         2  -12.1174    0.0847    0.1381
DIM:ROT:      83         3  -12.1175    0.0721    0.0812
DIM:ROT:      84         1  -12.1268    0.1433    0.2197
DIM:ROT:      84         2  -12.1266    0.1124    0.1258
DIM:ROT:      84         3  -12.1265    0.0692    0.1038
DIM:ROT:      85         1  -12.1160    0.1837    0.2033
DIM:ROT:      85         2  -12.1158    0.1070    0.1676
DIM:ROT:      85         3  -12.1158    0.0953    0.1049
DIM:ROT:      86         1  -12.1494    0.3490    0.2961
DIM:ROT:      86         2  -12.1491    0.1437    0.2647
DIM:ROT:      86         3  -12.1492    0.1436    0.1274
DIM:ROT:      87         1  -12.0720    0.1969    0.2766
DIM:ROT:      87         2  -12.0721    0.1431    0.1887
DIM:ROT:      87         3  -12.0723    0.1032    0.1425
DIM:ROT:      88         1  -12.1839    0.2220    0.2839
DIM:ROT:      88         2  -12.1836    0.1469    0.2200
DIM:ROT:      88         3  -12.1840    0.1207    0.1568
DIM:ROT:      89         1  -12.1307    0.2816    0.2701
DIM:ROT:      89         2  -12.1315    0.1504    0.2658
DIM:ROT:      89         3  -12.1315    0.1471    0.1455
DIM:ROT:      90         1  -12.0729    0.2823    0.2959
DIM:ROT:      90         2  -12.0735    0.1615    0.2703
DIM:ROT:      90         3  -12.0739    0.1527    0.1652
DIM:ROT:      91         1  -12.0373    0.4183    0.3209
DIM:ROT:      91         2  -12.0382    0.1798    0.3220
DIM:ROT:      91         3  -12.0383    0.1829    0.1493
DIM:ROT:      92         1  -11.8588    0.2225    0.3247
DIM:ROT:      92         2  -11.8590    0.1778    0.2009
DIM:ROT:      92         3  -11.8594    0.1175    0.1654
DIM:ROT:      93         1  -11.8551    0.1921    0.2488
DIM:ROT:      93         2  -11.8551    0.1284    0.1746
DIM:ROT:      93         3  -11.8551    0.0991    0.1280
DIM:ROT:      94         1  -11.8376    0.3442    0.2474
DIM:ROT:      94         2  -11.8376    0.1236    0.2152
DIM:ROT:      94         3  -11.8377    0.1110    0.1040
DIM:ROT:      95         1  -12.0253    0.7636    0.4233
DIM:ROT:      95         2  -12.0224    0.1735    0.3445
DIM:ROT:      95         3  -12.0228    0.1405    0.1367
DIM:ROT:      96         1  -12.3342    0.8092    0.6368
DIM:ROT:      96         2  -12.3321    0.3085    0.5764
DIM:ROT:      96         3  -12.3329    0.3112    0.2466
DIM:ROT:      97         1  -12.4462    0.6085    0.3470
DIM:ROT:      97         2  -12.4448    0.1692    0.3386
DIM:ROT:      97         3  -12.4444    0.1653    0.1167
DIM:ROT:      98         1  -12.4367    0.1305    0.1976
DIM:ROT:      98         2  -12.4365    0.1010    0.1302
DIM:ROT:      98         3  -12.4365    0.0726    0.1087
DIM:ROT:      99         1  -12.4544    0.0870    0.1262
DIM:ROT:      99         2  -12.4545    0.0631    0.0830
DIM:ROT:     100         1  -12.4742    0.1068    0.1517
DIM:ROT:     100         2  -12.4746    0.0645    0.0952
DIM:ROT:     101         1  -12.4906    0.1043    0.1469
DIM:ROT:     101         2  -12.4910    0.0649    0.0985
DIM:ROT:     102         1  -12.5430    0.1223    0.1030
DIM:ROT:     102         2  -12.5435    0.0502    0.0960
DIM:ROT:     103         1  -12.5751    0.0927    0.0931
DIM:ROT:     104         1  -12.6533    0.1230    0.1946
DIM:ROT:     104         2  -12.6526    0.0939    0.1117
DIM:ROT:     104         3  -12.6526    0.0579    0.0916
DIM:ROT:     105         1  -12.6723    0.2450    0.1436
DIM:ROT:     105         2  -12.6713    0.0586    0.0974
DIM:ROT:     106         1  -12.7068    0.2424    0.2580
DIM:ROT:     106         2  -12.7061    0.1183    0.2038
DIM:ROT:     106         3  -12.7062    0.1029    0.1110
DIM:ROT:     107         1  -12.7493    0.2182    0.1451
DIM:ROT:     107         2  -12.7486    0.0737    0.1342
DIM:ROT:     107         3  -12.7486    0.0711    0.0539
DIM:ROT:     108         1  -12.7142    0.1587    0.1856
DIM:ROT:     108         2  -12.7143    0.0895    0.1283
DIM:ROT:     108         3  -12.7144    0.0683    0.0866
DIM:ROT:     109         1  -12.7025    0.0949    0.1715
DIM:ROT:     109         2  -12.7024    0.0916    0.0720
DIM:ROT:     110         1  -12.5576    0.2529    0.2147
DIM:ROT:     110         2  -12.5582    0.1073    0.1880
DIM:ROT:     110         3  -12.5584    0.0974    0.0933
DIM:ROT:     111         1  -12.4880    0.1969    0.1496
DIM:ROT:     111         2  -12.4884    0.0770    0.1560
DIM:ROT:     111         3  -12.4885    0.0885    0.0694
DIM:ROT:     112         1  -12.4229    0.0916    0.1316
DIM:ROT:     112         2  -12.4230    0.0700    0.0945
DIM:ROT:     113         1  -12.4200    0.0943    0.0913
DIM:ROT:     114         1  -12.4229    0.0647    0.0929
DIM:ROT:     115         1  -12.4483    0.0773    0.0784
DIM:ROT:     116         1  -12.4646    0.0650    0.0964
DIM:ROT:     117         1  -12.4516    0.0417    0.0731
DIM:ROT:     118         1  -12.3228    0.1882    0.1936
DIM:ROT:     118         2  -12.3227    0.0991    0.1628
DIM:ROT:     118         3  -12.3226    0.0850    0.0894
DIM:ROT:     119         1  -12.3077    0.0916    0.0971
DIM:ROT:     120         1  -12.2909    0.0957    0.1460
DIM:ROT:     120         2  -12.2909    0.0748    0.0929
DIM:ROT:     121         1  -12.3142    0.0401    0.0708
DIM:ROT:     122         1  -12.3236    0.0349    0.0583
DIM:ROT:     123         1  -12.3661    0.1113    0.0883
DIM:ROT:     124         1  -12.3931    0.1395    0.1010
DIM:ROT:     124         2  -12.3928    0.0484    0.0886
DIM:ROT:     125         1  -12.4269    0.1066    0.0800
DIM:ROT:     126         1  -12.4372    0.0592    0.1067
DIM:ROT:     126         2  -12.4370    0.0558    0.0451
DIM:ROT:     127         1  -12.4606    0.0448    0.0518
DIM:ROT:     128         1  -12.4764    0.0512    0.0645
DIM:ROT:     129         1  -12.4947    0.0525    0.0691
DIM:ROT:     130         1  -12.5100    0.0617    0.0715
DIM:ROT:     131         1  -12.5305    0.0634    0.0856
DIM:ROT:     132         1  -12.5487    0.0762    0.0833
