MINMODE:METHOD: Dimer
DIM:CONTROL: Search Parameters:
DIM:CONTROL: ------------------
DIM:CONTROL: eigenmode_method = dimer
DIM:CONTROL: f_rot_min = 0.01
DIM:CONTROL: f_rot_max = 0.1
DIM:CONTROL: max_num_rot = 3
DIM:CONTROL: trial_angle = 0.7853981633974483
DIM:CONTROL: trial_trans_step = 0.001
DIM:CONTROL: maximum_translation = 0.1
DIM:CONTROL: cg_translation = True
DIM:CONTROL: use_central_forces = True
DIM:CONTROL: dimer_separation = 0.005
DIM:CONTROL: initial_eigenmode_method = gauss
DIM:CONTROL: extrapolate_forces = True
DIM:CONTROL: displacement_method = gauss
DIM:CONTROL: gauss_std = 0.1
DIM:CONTROL: order = 1
DIM:CONTROL: mask = None
DIM:CONTROL: displacement_center = None
DIM:CONTROL: displacement_radius = None
DIM:CONTROL: number_of_displacement_atoms = None
DIM:CONTROL: ------------------
DIM:ROT: OPT-STEP ROT-STEP CURVATURE ROT-ANGLE ROT-FORCE
DIM:ROT:       0         1  -16.9557   13.2403   12.0917
DIM:ROT:       0         2  -17.9033    6.2592    9.3198
DIM:ROT:       0         3  -18.3774    4.9607    5.1892
DIM:ROT:       1         1  -12.2597    5.6765    9.0669
DIM:ROT:       1         2  -12.5382    3.7540    3.9907
DIM:ROT:       1         3  -12.6487    1.9778    3.1643
DIM:ROT:       2         1  -14.1292    4.0175    5.2984
DIM:ROT:       2         2  -14.2227    1.8937    2.6222
DIM:ROT:       2         3  -14.2536    1.1077    1.6604
DIM:ROT:       3         1   -4.7582    3.5583    4.6573
DIM:ROT:       3         2   -4.8642    1.9031    2.8170
DIM:ROT:       3         3   -4.9136    1.5065    1.8950
DIM:ROT:       4         1   -0.3124    8.7261    5.5176
DIM:ROT:       4         2   -0.5152    2.8556    3.8509
DIM:ROT:       4         3   -0.6104    2.3765    2.3381
DIM:ROT:       5         1   -4.9366    4.6244    4.1061
DIM:ROT:       5         2   -5.0661    2.1909    3.4392
DIM:ROT:       5         3   -5.1374    2.0234    2.1759
DIM:ROT:       6         1  -16.8774    7.6340    9.0218
DIM:ROT:       6         2  -17.2363    3.6736    6.0287
DIM:ROT:       6         3  -17.4392    2.9602    3.9157
DIM:ROT:       7         1  -25.3442   11.7883   13.7562
DIM:ROT:       7         2  -26.5760    7.0647    9.5875
DIM:ROT:       7         3  -27.1391    4.6733    6.7335
DIM:ROT:       8         1  -16.5586    7.1344   11.0749
DIM:ROT:       8         2  -16.9746    4.0713    5.1349
DIM:ROT:       8         3  -17.2261    2.9552    4.8812
DIM:ROT:       9         1    0.8876   12.4505   13.8841
DIM:ROT:       9         2   -0.8436    8.0828   11.5249
DIM:ROT:       9         3   -2.0238    6.8599    9.2746
DIM:ROT:      10         1    6.2920   11.1608   12.7158
DIM:ROT:      10         2    5.0279    7.5693    9.2386
DIM:ROT:      10         3    4.2076    5.8395    7.6365
DIM:ROT:      11         1    2.4276   11.8726   11.5303
DIM:ROT:      11         2    1.3660    7.4719    8.1069
DIM:ROT:      11         3    0.6805    5.5341    6.9731
DIM:ROT:      12         1   -3.3852    6.7599   13.5088
DIM:ROT:      12         2   -4.4936    7.4410    8.4616
DIM:ROT:      12         3   -5.3690    5.0080    9.7730
DIM:ROT:      13         1   -9.9894   22.6316   10.8827
DIM:ROT:      13         2  -10.8826    5.8709    8.6483
DIM:ROT:      13         3  -11.1851    3.4581    4.9076
DIM:ROT:      14         1  -10.6006    4.5962    4.2470
DIM:ROT:      14         2  -10.7891    3.0600    3.4876
DIM:ROT:      14         3  -10.9151    2.5621    2.7045
DIM:ROT:      15         1  -12.9930    6.7348    7.3921
DIM:ROT:      15         2  -13.4333    4.1737    5.8494
DIM:ROT:      15         3  -13.7027    3.3014    4.6756
DIM:ROT:      16         1  -14.5620   10.3220    8.0207
DIM:ROT:      16         2  -15.4848    5.5319    9.4353
DIM:ROT:      16         3  -16.0089    5.2518    5.7154
DIM:ROT:      17         1  -10.7094    3.1752    6.6974
DIM:ROT:      17         2  -10.8416    2.5912    2.9686
DIM:ROT:      17         3  -10.9017    1.3586    2.6759
DIM:ROT:      18         1   -1.8563   15.3802    9.4227
DIM:ROT:      18         2   -3.0916    7.2668    9.9828
DIM:ROT:      18         3   -3.6159    5.5261    5.6709
DIM:ROT:      19         1   -3.4625   13.2668    9.5201
DIM:ROT:      19         2   -4.1727    4.3514    8.6120
DIM:ROT:      19         3   -4.3949    3.8891    3.2692
DIM:ROT:      20         1   -4.6459    2.4903    3.7756
DIM:ROT:      20         2   -4.7255    1.9919    2.2910
DIM:ROT:      20         3   -4.7705    1.3269    1.9235
DIM:ROT:      21         1   -3.4700    1.8402    2.5041
DIM:ROT:      21         2   -3.5044    1.3543    1.5153
DIM:ROT:      21         3   -3.5242    0.9451    1.2614
DIM:ROT:      22         1   -2.7063    4.4310    2.6540
DIM:ROT:      22         2   -2.8210    1.9588    3.2729
DIM:ROT:      22         3   -2.8785    2.1469    1.6007
DIM:ROT:      23         1   -2.6832    5.0355    2.8614
DIM:ROT:      23         2   -2.8186    2.1106    3.6615
DIM:ROT:      23         3   -2.9027    2.7818    1.7387
DIM:ROT:      24         1   -2.9380    2.8293    3.0618
DIM:ROT:      24         2   -3.0597    2.5326    2.8487
DIM:ROT:      24         3   -3.1628    2.3831    2.5897
DIM:ROT:      25         1   -4.5621    9.2276    4.5483
DIM:ROT:      25         2   -5.2006    4.6090    8.5186
DIM:ROT:      25         3   -5.7699    7.5036    4.3392
DIM:ROT:      26         1  -10.2594    8.2992    9.3387
DIM:ROT:      26         2  -11.3912    6.7227    9.7931
DIM:ROT:      26         3  -12.2833    6.6375    7.9441
DIM:ROT:      27         1  -12.7349    4.8463    6.9852
DIM:ROT:      27         2  -13.1553    4.5245    5.4448
DIM:ROT:      27         3  -13.4628    3.4629    5.0626
DIM:ROT:      28         1   -9.1687    3.4054    4.5664
DIM:ROT:      28         2   -9.3277    2.4022    3.4488
DIM:ROT:      28         3   -9.4172    1.8638    2.5060
DIM:ROT:      29         1   -7.6103    4.9342    3.6456
DIM:ROT:      29         2   -7.7636    2.1250    3.7209
DIM:ROT:      29         3   -7.8356    2.0820    1.8719
DIM:ROT:      30         1   -7.2393    2.2003    3.0858
DIM:ROT:      30         2   -7.3166    1.7875    2.2820
DIM:ROT:      30         3   -7.3716    1.4428    2.0076
DIM:ROT:      31         1   -9.1256    1.7034    2.0699
DIM:ROT:      31         2   -9.1582    1.1402    1.7954
DIM:ROT:      31         3   -9.1798    1.0072    1.2307
DIM:ROT:      32         1  -13.4423   10.8592    3.7684
DIM:ROT:      32         2  -13.6886    2.9613    5.7632
DIM:ROT:      32         3  -13.7841    2.6163    1.9414
DIM:ROT:      33         1  -20.2914    3.7622    6.0877
DIM:ROT:      33         2  -20.4385    2.2889    3.7456
DIM:ROT:      33         3  -20.5068    1.5648    2.4827
DIM:ROT:      34         1  -25.0362    8.4493    7.3584
DIM:ROT:      34         2  -25.1438    1.8433    3.3306
DIM:ROT:      34         3  -25.1635    0.7816    1.3317
DIM:ROT:      35         1  -25.0340    1.6112    2.4233
DIM:ROT:      35         2  -25.0505    0.8195    0.8634
DIM:ROT:      35         3  -25.0548    0.3652    0.5558
DIM:ROT:      36         1  -23.7312    2.3000    2.8213
DIM:ROT:      36         2  -23.7629    1.0942    1.5418
DIM:ROT:      36         3  -23.7724    0.6037    0.9233
DIM:ROT:      37         1  -25.0562    2.4056    3.3420
DIM:ROT:      37         2  -25.0977    1.1201    1.3752
DIM:ROT:      37         3  -25.1057    0.4948    0.8206
DIM:ROT:      38         1  -26.3697    2.0467    2.5311
DIM:ROT:      38         2  -26.3903    0.8530    1.5146
DIM:ROT:      38         3  -26.3978    0.5668    0.7487
DIM:ROT:      39         1  -26.9071    2.2415    2.5576
DIM:ROT:      39         2  -26.9312    0.7899    1.5438
DIM:ROT:      39         3  -26.9390    0.5358    0.7500
DIM:ROT:      40         1  -26.7173    0.4950    0.8611
DIM:ROT:      40         2  -26.7193    0.2547    0.3962
DIM:ROT:      40         3  -26.7198    0.1521    0.2841
DIM:ROT:      41         1  -27.0200    0.5106    0.6318
DIM:ROT:      41         2  -27.0207    0.2047    0.4102
DIM:ROT:      41         3  -27.0211    0.1463    0.1931
DIM:ROT:      42         1  -28.9756    2.0331    2.7062
DIM:ROT:      42         2  -28.9838    0.7997    1.1951
DIM:ROT:      42         3  -28.9887    0.4149    0.6268
DIM:ROT:      43         1  -29.8278    1.2147    1.4062
DIM:ROT:      43         2  -29.8327    0.4061    0.8512
DIM:ROT:      43         3  -29.8350    0.2619    0.3885
DIM:ROT:      44         1  -29.6724    0.8179    1.4380
DIM:ROT:      44         2  -29.6778    0.3487    0.6503
DIM:ROT:      44         3  -29.6796    0.2226    0.3951
DIM:ROT:      45         1  -29.1821    0.7422    0.8434
DIM:ROT:      45         2  -29.1842    0.2528    0.3341
DIM:ROT:      45         3  -29.1848    0.1196    0.1602
DIM:ROT:      46         1  -28.8111    0.3407    0.3685
DIM:ROT:      46         2  -28.8118    0.1158    0.2112
DIM:ROT:      46         3  -28.8119    0.0706    0.0917
DIM:ROT:      47         1  -29.1273    0.7635    1.1273
DIM:ROT:      47         2  -29.1278    0.2971    0.4493
DIM:ROT:      47         3  -29.1286    0.1569    0.2731
DIM:ROT:      48         1  -29.8026    0.5539    0.6990
DIM:ROT:      48         2  -29.8030    0.2252    0.3154
DIM:ROT:      48         3  -29.8034    0.1081    0.1639
DIM:ROT:      49         1  -30.0712    0.4479    0.5676
DIM:ROT:      49         2  -30.0733    0.2156    0.2378
DIM:ROT:      49         3  -30.0736    0.0972    0.1300
DIM:ROT:      50         1  -30.0284    0.3181    0.4147
DIM:ROT:      50         2  -30.0296    0.1575    0.2295
DIM:ROT:      50         3  -30.0298    0.0859    0.1324
DIM:ROT:      51         1  -29.9717    0.3269    0.3491
DIM:ROT:      51         2  -29.9723    0.1301    0.2210
DIM:ROT:      51         3  -29.9727    0.0745    0.1117
DIM:ROT:      52         1  -30.1729    0.7118    0.8666
DIM:ROT:      52         2  -30.1735    0.2919    0.4582
DIM:ROT:      52         3  -30.1745    0.1544    0.2673
DIM:ROT:      53         1  -30.2900    0.3247    0.3793
DIM:ROT:      53         2  -30.2907    0.1371    0.2385
DIM:ROT:      53         3  -30.2909    0.0776    0.1283
DIM:ROT:      54         1  -30.1695    0.2121    0.2929
DIM:ROT:      54         2  -30.1701    0.0951    0.1968
DIM:ROT:      54         3  -30.1702    0.0705    0.1069
DIM:ROT:      55         1  -30.1340    0.1260    0.2260
DIM:ROT:      55         2  -30.1343    0.0704    0.1251
DIM:ROT:      55         3  -30.1343    0.0456    0.0821
DIM:ROT:      56         1  -30.1544    0.1549    0.2214
DIM:ROT:      56         2  -30.1546    0.0724    0.0835
DIM:ROT:      57         1  -30.1505    0.2473    0.3904
DIM:ROT:      57         2  -30.1501    0.1070    0.1747
DIM:ROT:      57         3  -30.1502    0.0597    0.1056
DIM:ROT:      58         1  -30.2374    0.2027    0.3288
DIM:ROT:      58         2  -30.2368    0.0765    0.1617
DIM:ROT:      58         3  -30.2369    0.0494    0.0802
DIM:ROT:      59         1  -30.3019    0.2023    0.2835
DIM:ROT:      59         2  -30.3012    0.0679    0.1086
DIM:ROT:      59         3  -30.3012    0.0341    0.0560
DIM:ROT:      60         1  -30.1759    0.0708    0.1005
DIM:ROT:      60         2  -30.1759    0.0341    0.0714
DIM:ROT:      61         1  -30.1081    0.1330    0.1326
DIM:ROT:      61         2  -30.1082    0.0401    0.0631
DIM:ROT:      62         1  -30.1830    0.2528    0.1999
DIM:ROT:      62         2  -30.1833    0.0592    0.1305
DIM:ROT:      62         3  -30.1834    0.0289    0.0479
DIM:ROT:      63         1  -30.2509    0.1624    0.1910
DIM:ROT:      63         2  -30.2510    0.0713    0.1072
DIM:ROT:      63         3  -30.2510    0.0361    0.0585
DIM:ROT:      64         1  -30.1724    0.2282    0.2748
DIM:ROT:      64         2  -30.1722    0.0880    0.1318
DIM:ROT:      64         3  -30.1723    0.0429    0.0737
DIM:ROT:      65         1  -30.0941    0.1048    0.1135
DIM:ROT:      65         2  -30.0940    0.0376    0.0712
DIM:ROT:      66         1  -30.1768    0.0675    0.1119
DIM:ROT:      66         2  -30.1769    0.0356    0.0682
DIM:ROT:      67         1  -30.2593    0.0820    0.1264
DIM:ROT:      67         2  -30.2594    0.0408    0.0794
DIM:ROT:      68         1  -30.2792    0.0526    0.0670
DIM:ROT:      69         1  -30.2926    0.0723    0.1212
DIM:ROT:      69         2  -30.2924    0.0284    0.0500
DIM:ROT:      70         1  -30.1884    0.0929    0.1883
DIM:ROT:      70         2  -30.1885    0.0302    0.0614
DIM:ROT:      71         1  -30.2056    0.0611    0.1046
DIM:ROT:      71         2  -30.2057    0.0205    0.0377
DIM:ROT:      72         1  -30.3783    0.0873    0.0916
DIM:ROT:      73         1  -30.4214    0.0399    0.0632
DIM:ROT:      74         1  -30.3848    0.0531    0.0910
DIM:ROT:      75         1  -30.3742    0.0841    0.1018
DIM:ROT:      75         2  -30.3742    0.0334    0.0593
DIM:ROT:      76         1  -30.3816    0.0587    0.0742
DIM:ROT:      77         1  -30.3741    0.1514    0.1972
DIM:ROT:      77         2  -30.3743    0.0486    0.0830
DIM:ROT:      78         1  -30.3327    0.0745    0.1134
DIM:ROT:      78         2  -30.3328    0.0344    0.0531
DIM:ROT:      79         1  -30.3533    0.0933    0.1060
DIM:ROT:      79         2  -30.3532    0.0310    0.0688
DIM:ROT:      80         1  -30.4223    0.0896    0.1007
DIM:ROT:      80         2  -30.4222    0.0280    0.0647
DIM:ROT:      81         1  -30.4507    0.0770    0.1025
DIM:ROT:      81         2  -30.4508    0.0261    0.0515
DIM:ROT:      82         1  -30.4256    0.0916    0.1383
DIM:ROT:      82         2  -30.4257    0.0395    0.0569
DIM:ROT:      83         1  -30.4553    0.0696    0.0832
DIM:ROT:      84         1  -30.4475    0.0945    0.1406
DIM:ROT:      84         2  -30.4472    0.0369    0.0793
DIM:ROT:      85         1  -30.4337    0.0868    0.1179
DIM:ROT:      85         2  -30.4335    0.0342    0.0633
DIM:ROT:      86         1  -30.4723    0.0616    0.0792
DIM:ROT:      87         1  -30.5440    0.1402    0.1995
DIM:ROT:      87         2  -30.5443    0.0475    0.0851
DIM:ROT:      88         1  -30.5958    0.1170    0.1869
DIM:ROT:      88         2  -30.5961    0.0511    0.1021
DIM:ROT:      88         3  -30.5961    0.0347    0.0564
DIM:ROT:      89         1  -30.3776    0.3050    0.3170
DIM:ROT:      89         2  -30.3782    0.1024    0.2467
DIM:ROT:      89         3  -30.3783    0.0805    0.0952
DIM:ROT:      90         1  -30.3345    0.2514    0.2242
DIM:ROT:      90         2  -30.3349    0.0712    0.1457
DIM:ROT:      90         3  -30.3350    0.0378    0.0605
DIM:ROT:      91         1  -30.3940    0.2342    0.2188
DIM:ROT:      91         2  -30.3945    0.0668    0.1429
DIM:ROT:      91         3  -30.3945    0.0406    0.0628
DIM:ROT:      92         1  -30.5029    0.5244    0.5532
DIM:ROT:      92         2  -30.5048    0.1819    0.3348
DIM:ROT:      92         3  -30.5048    0.1033    0.1612
DIM:ROT:      93         1  -30.5571    0.5120    0.4291
DIM:ROT:      93         2  -30.5584    0.1269    0.2733
DIM:ROT:      93         3  -30.5583    0.0677    0.1070
DIM:ROT:      94         1  -30.6480    0.6063    0.5005
DIM:ROT:      94         2  -30.6494    0.1517    0.3902
DIM:ROT:      94         3  -30.6496    0.1020    0.1150
DIM:ROT:      95         1  -30.7035    0.3209    0.2644
DIM:ROT:      95         2  -30.7037    0.0767    0.1872
DIM:ROT:      95         3  -30.7039    0.0468    0.0616
DIM:ROT:      96         1  -30.7350    0.0724    0.1193
DIM:ROT:      96         2  -30.7350    0.0402    0.0769
DIM:ROT:      97         1  -30.7128    0.1030    0.1019
DIM:ROT:      97         2  -30.7129    0.0366    0.0621
DIM:ROT:      98         1  -30.7217    0.0721    0.0815
DIM:ROT:      99         1  -30.7599    0.0781    0.0770
DIM:ROT:     100         1  -30.6902    0.0813    0.1195
DIM:ROT:     100         2  -30.6902    0.0371    0.0698
DIM:ROT:     101         1  -30.6213    0.0727    0.1281
DIM:ROT:     101         2  -30.6214    0.0333    0.0554
DIM:ROT:     102         1  -30.5270    0.1215    0.1399
DIM:ROT:     102         2  -30.5270    0.0534    0.0711
DIM:ROT:     103         1  -30.5781    0.1032    0.1342
DIM:ROT:     103         2  -30.5782    0.0529    0.0650
DIM:ROT:     104         1  -30.6139    0.1167    0.1681
DIM:ROT:     104         2  -30.6140    0.0606    0.0791
DIM:ROT:     105         1  -30.6252    0.1185    0.1521
DIM:ROT:     105         2  -30.6253    0.0484    0.0732
DIM:ROT:     106         1  -30.7023    0.1546    0.1776
DIM:ROT:     106         2  -30.7023    0.0583    0.0951
DIM:ROT:     107         1  -30.7028    0.3153    0.3695
DIM:ROT:     107         2  -30.7030    0.1086    0.1788
DIM:ROT:     107         3  -30.7032    0.0547    0.0945
DIM:ROT:     108         1  -30.6707    0.1628    0.2018
DIM:ROT:     108         2  -30.6709    0.0676    0.1152
DIM:ROT:     108         3  -30.6708    0.0380    0.0635
DIM:ROT:     109         1  -30.6205    0.2256    0.2708
DIM:ROT:     109         2  -30.6207    0.0757    0.1280
DIM:ROT:     109         3  -30.6207    0.0397    0.0723
DIM:ROT:     110         1  -30.6312    0.2101    0.2617
DIM:ROT:     110         2  -30.6315    0.0869    0.1418
DIM:ROT:     110         3  -30.6315    0.0493    0.0773
DIM:ROT:     111         1  -30.6635    0.1636    0.2230
DIM:ROT:     111         2  -30.6635    0.0616    0.1242
DIM:ROT:     111         3  -30.6636    0.0403    0.0646
DIM:ROT:     112         1  -30.6510    0.2367    0.2786
DIM:ROT:     112         2  -30.6509    0.0746    0.1235
DIM:ROT:     112         3  -30.6510    0.0360    0.0633
DIM:ROT:     113         1  -30.7384    0.1777    0.2346
DIM:ROT:     113         2  -30.7383    0.0661    0.1372
DIM:ROT:     113         3  -30.7384    0.0446    0.0688
DIM:ROT:     114         1  -30.7269    0.2253    0.2956
DIM:ROT:     114         2  -30.7272    0.0958    0.1476
DIM:ROT:     114         3  -30.7272    0.0507    0.0850
DIM:ROT:     115         1  -30.6892    0.1618    0.1955
DIM:ROT:     115         2  -30.6892    0.0574    0.1051
DIM:ROT:     115         3  -30.6893    0.0332    0.0570
DIM:ROT:     116         1  -30.6748    0.1255    0.1584
DIM:ROT:     116         2  -30.6749    0.0507    0.0949
DIM:ROT:     117         1  -30.6319    0.1847    0.2319
DIM:ROT:     117         2  -30.6318    0.0735    0.1282
DIM:ROT:     117         3  -30.6319    0.0415    0.0728
DIM:ROT:     118         1  -30.5968    0.1427    0.1632
DIM:ROT:     118         2  -30.5967    0.0518    0.0911
DIM:ROT:     119         1  -30.5360    0.2313    0.2398
DIM:ROT:     119         2  -30.5360    0.0726    0.1293
DIM:ROT:     119         3  -30.5361    0.0370    0.0642
DIM:ROT:     120         1  -30.5592    0.1715    0.1678
DIM:ROT:     120         2  -30.5592    0.0517    0.1102
DIM:ROT:     120         3  -30.5593    0.0319    0.0489
DIM:ROT:     121         1  -30.6159    0.1524    0.1770
DIM:ROT:     121         2  -30.6158    0.0604    0.1090
DIM:ROT:     121         3  -30.6159    0.0350    0.0551
DIM:ROT:     122         1  -30.5805    0.2080    0.2413
DIM:ROT:     122         2  -30.5806    0.0766    0.1712
DIM:ROT:     122         3  -30.5807    0.0564    0.0799
DIM:ROT:     123         1  -30.5826    0.1139    0.1473
DIM:ROT:     123         2  -30.5826    0.0463    0.0937
DIM:ROT:     124         1  -30.6066    0.1967    0.2096
DIM:ROT:     124         2  -30.6063    0.0709    0.1091
DIM:ROT:     124         3  -30.6064    0.0346    0.0529
DIM:ROT:     125         1  -30.5968    0.1008    0.1054
DIM:ROT:     125         2  -30.5968    0.0341    0.0814
DIM:ROT:     126         1  -30.5952    0.1454    0.1171
DIM:ROT:     126         2  -30.5953    0.0337    0.0864
DIM:ROT:     127         1  -30.6134    0.3473    0.2643
DIM:ROT:     127         2  -30.6136    0.0771    0.1439
DIM:ROT:     127         3  -30.6137    0.0287    0.0495
DIM:ROT:     128         1  -30.6812    0.2279    0.2797
DIM:ROT:     128         2  -30.6807    0.0859    0.1438
DIM:ROT:     128         3  -30.6808    0.0465    0.0760
DIM:ROT:     129         1  -30.6600    0.1328    0.1586
DIM:ROT:     129         2  -30.6598    0.0500    0.0788
DIM:ROT:     130         1  -30.6264    0.1142    0.1515
DIM:ROT:     130         2  -30.6262    0.0474    0.0643
DIM:ROT:     131         1  -30.6227    0.0893    0.1212
DIM:ROT:     131         2  -30.6226    0.0424    0.0661
DIM:ROT:     132         1  -30.6057    0.0892    0.0968
DIM:ROT:     133         1  -30.5753    0.0665    0.1100
DIM:ROT:     133         2  -30.5754    0.0372    0.0697
DIM:ROT:     134         1  -30.5090    0.1209    0.1386
DIM:ROT:     134         2  -30.5089    0.0452    0.0756
DIM:ROT:     135         1  -30.4543    0.1129    0.1484
DIM:ROT:     135         2  -30.4541    0.0493    0.0737
DIM:ROT:     136         1  -30.4591    0.1536    0.2126
DIM:ROT:     136         2  -30.4586    0.0591    0.0909
DIM:ROT:     137         1  -30.4600    0.2234    0.3224
DIM:ROT:     137         2  -30.4594    0.0805    0.1468
DIM:ROT:     137         3  -30.4595    0.0460    0.0799
DIM:ROT:     138         1  -30.5028    0.1045    0.1090
DIM:ROT:     138         2  -30.5027    0.0326    0.0742
DIM:ROT:     139         1  -30.5525    0.1315    0.1195
DIM:ROT:     139         2  -30.5525    0.0326    0.0742
DIM:ROT:     140         1  -30.5604    0.0926    0.0853
DIM:ROT:     141         1  -30.4932    0.1627    0.2081
DIM:ROT:     141         2  -30.4930    0.0622    0.1074
DIM:ROT:     141         3  -30.4930    0.0358    0.0569
DIM:ROT:     142         1  -30.4895    0.1411    0.1686
DIM:ROT:     142         2  -30.4892    0.0491    0.0804
DIM:ROT:     143         1  -30.5247    0.0665    0.0869
DIM:ROT:     144         1  -30.5750    0.0736    0.0902
DIM:ROT:     145         1  -30.5573    0.0932    0.1287
DIM:ROT:     145         2  -30.5574    0.0349    0.0762
DIM:ROT:     146         1  -30.5720    0.0917    0.1081
DIM:ROT:     146         2  -30.5719    0.0296    0.0475
DIM:ROT:     147         1  -30.5042    0.1936    0.2376
DIM:ROT:     147         2  -30.5039    0.0512    0.0990
DIM:ROT:     148         1  -30.4834    0.0644    0.0994
DIM:ROT:     149         1  -30.4609    0.0765    0.0891
DIM:ROT:     150         1  -30.4607    0.0447    0.0902
DIM:ROT:     151         1  -30.4742    0.0841    0.0935
DIM:ROT:     152         1  -30.4738    0.0752    0.1346
DIM:ROT:     152         2  -30.4738    0.0365    0.0709
DIM:ROT:     153         1  -30.4797    0.0592    0.0862
DIM:ROT:     154         1  -30.5132    0.0637    0.0815
DIM:ROT:     155         1  -30.5190    0.0587    0.0865
DIM:ROT:     156         1  -30.4914    0.0507    0.0955
DIM:ROT:     157         1  -30.4882    0.0718    0.0947
DIM:ROT:     158         1  -30.5338    0.0670    0.0832
DIM:ROT:     159         1  -30.5212    0.0343    0.0675
DIM:ROT:     160         1  -30.4564    0.0418    0.0511
