MinModeTranslate: STEP      TIME          ENERGY    MAX-FORCE     STEPSIZE    CURVATURE  ROT-STEPS
MinModeTranslate:    0  16:39:58   -12456.214275       3.6796     --------     4.367972          3
MinModeTranslate:    0  16:39:58   -12456.214275       3.6796     0.100000     4.367972          3
MinModeTranslate:    1  16:39:58   -12455.451818       4.6846     --------     1.558688          3
MinModeTranslate:    1  16:39:58   -12455.451818       4.6846     0.100000     1.558688          3
MinModeTranslate:    2  16:39:58   -12454.662755       7.1702     --------    -1.371346          3
MinModeTranslate:    2  16:39:58   -12454.662755       7.1702     0.100000    -1.371346          3
MinModeTranslate:    3  16:39:58   -12454.373806       5.1723     --------     0.483004          3
MinModeTranslate:    3  16:39:58   -12454.373806       5.1723     0.100000     0.483004          3
MinModeTranslate:    4  16:39:58   -12453.631776       6.8411     --------    -0.362419          3
MinModeTranslate:    4  16:39:58   -12453.631776       6.8411     0.100000    -0.362419          3
MinModeTranslate:    5  16:39:58   -12453.383988       6.7390     --------    -0.740855          3
MinModeTranslate:    5  16:39:58   -12453.383988       6.7390     0.100000    -0.740855          3
MinModeTranslate:    6  16:39:58   -12453.714172       6.1539     --------    -5.090709          3
MinModeTranslate:    6  16:39:58   -12453.714172       6.1539     0.100000    -5.090709          3
MinModeTranslate:    7  16:39:58   -12454.003405       4.8344     --------    -7.473871          3
MinModeTranslate:    7  16:39:58   -12454.003405       4.8344     0.100000    -7.473871          3
MinModeTranslate:    8  16:39:59   -12454.415049       4.3660     --------    -3.131659          3
MinModeTranslate:    8  16:39:59   -12454.415049       4.3660     0.100000    -3.131659          3
MinModeTranslate:    9  16:39:59   -12454.822729       4.3633     --------    -2.591432          3
MinModeTranslate:    9  16:39:59   -12454.822729       4.3633     0.100000    -2.591432          3
MinModeTranslate:   10  16:39:59   -12455.201774       3.8362     --------    -8.031401          3
MinModeTranslate:   10  16:39:59   -12455.201774       3.8362     0.100000    -8.031401          3
MinModeTranslate:   11  16:39:59   -12455.468354       2.1242     --------    -8.849188          3
MinModeTranslate:   11  16:39:59   -12455.468354       2.1242     0.100000    -8.849188          3
MinModeTranslate:   12  16:39:59   -12455.572199       1.7618     --------    -1.293303          3
MinModeTranslate:   12  16:39:59   -12455.572199       1.7618     0.100000    -1.293303          3
MinModeTranslate:   13  16:39:59   -12455.549100       3.4796     --------    -0.691490          3
MinModeTranslate:   13  16:39:59   -12455.549100       3.4796     0.100000    -0.691490          3
MinModeTranslate:   14  16:39:59   -12455.559298       1.8304     --------    -4.934801          3
MinModeTranslate:   14  16:39:59   -12455.559298       1.8304     0.081942    -4.934801          3
MinModeTranslate:   15  16:39:59   -12455.455072       2.8571     --------    -7.718840          3
MinModeTranslate:   15  16:39:59   -12455.455072       2.8571     0.100000    -7.718840          3
MinModeTranslate:   16  16:39:59   -12455.424114       1.5876     --------    -5.269254          3
MinModeTranslate:   16  16:39:59   -12455.424114       1.5876     0.035258    -5.269254          3
MinModeTranslate:   17  16:39:59   -12455.423560       1.2789     --------    -4.724062          3
MinModeTranslate:   17  16:39:59   -12455.423560       1.2789     0.100000    -4.724062          3
MinModeTranslate:   18  16:39:59   -12455.352185       1.3811     --------    -1.480118          3
MinModeTranslate:   18  16:39:59   -12455.352185       1.3811     0.065798    -1.480118          3
MinModeTranslate:   19  16:39:59   -12455.322366       0.9606     --------     0.425023          3
MinModeTranslate:   19  16:39:59   -12455.322366       0.9606     0.100000     0.425023          3
MinModeTranslate:   20  16:39:59   -12455.197775       1.3612     --------    -0.428525          3
MinModeTranslate:   20  16:39:59   -12455.197775       1.3612     0.100000    -0.428525          3
MinModeTranslate:   21  16:40:00   -12455.112317       1.4508     --------    -2.211004          3
MinModeTranslate:   21  16:40:00   -12455.112317       1.4508     0.100000    -2.211004          3
MinModeTranslate:   22  16:40:00   -12455.031243       1.1535     --------    -2.751660          3
MinModeTranslate:   22  16:40:00   -12455.031243       1.1535     0.022230    -2.751660          3
MinModeTranslate:   23  16:40:00   -12455.043208       0.5477     --------    -2.655888          3
MinModeTranslate:   23  16:40:00   -12455.043208       0.5477     0.055775    -2.655888          3
MinModeTranslate:   24  16:40:00   -12455.018360       1.1028     --------    -2.041763          3
MinModeTranslate:   24  16:40:00   -12455.018360       1.1028     0.100000    -2.041763          3
MinModeTranslate:   25  16:40:00   -12455.005554       0.7132     --------    -1.055862          3
MinModeTranslate:   25  16:40:00   -12455.005554       0.7132     0.019838    -1.055862          3
MinModeTranslate:   26  16:40:00   -12455.019743       0.4069     --------    -1.567791          3
MinModeTranslate:   26  16:40:00   -12455.019743       0.4069     0.026525    -1.567791          3
MinModeTranslate:   27  16:40:00   -12455.020625       0.5933     --------    -1.683720          3
MinModeTranslate:   27  16:40:00   -12455.020625       0.5933     0.083149    -1.683720          3
MinModeTranslate:   28  16:40:00   -12455.015376       0.6770     --------    -1.110812          3
MinModeTranslate:   28  16:40:00   -12455.015376       0.6770     0.100000    -1.110812          3
MinModeTranslate:   29  16:40:00   -12455.027885       0.9320     --------    -1.141452          3
MinModeTranslate:   29  16:40:00   -12455.027885       0.9320     0.100000    -1.141452          3
MinModeTranslate:   30  16:40:00   -12455.061998       0.7271     --------    -1.225714          3
MinModeTranslate:   30  16:40:00   -12455.061998       0.7271     0.079849    -1.225714          3
MinModeTranslate:   31  16:40:00   -12455.080723       0.8954     --------    -1.171048          3
MinModeTranslate:   31  16:40:00   -12455.080723       0.8954     0.083443    -1.171048          3
MinModeTranslate:   32  16:40:00   -12455.102937       0.7224     --------    -1.054036          3
MinModeTranslate:   32  16:40:00   -12455.102937       0.7224     0.100000    -1.054036          3
MinModeTranslate:   33  16:40:00   -12455.123937       0.8776     --------    -0.814675          3
MinModeTranslate:   33  16:40:00   -12455.123937       0.8776     0.091333    -0.814675          3
MinModeTranslate:   34  16:40:00   -12455.152245       0.5276     --------    -0.398402          3
MinModeTranslate:   34  16:40:00   -12455.152245       0.5276     0.047130    -0.398402          3
MinModeTranslate:   35  16:40:00   -12455.163411       0.7347     --------    -0.301645          3
MinModeTranslate:   35  16:40:01   -12455.163411       0.7347     0.100000    -0.301645          3
MinModeTranslate:   36  16:40:01   -12455.187765       0.8332     --------    -0.079039          3
MinModeTranslate:   36  16:40:01   -12455.187765       0.8332     0.097894    -0.079039          3
MinModeTranslate:   37  16:40:01   -12455.218883       0.0803     --------     0.279181          3
MinModeTranslate:   37  16:40:01   -12455.218883       0.0803     0.100000     0.279181          3
MinModeTranslate:   38  16:40:01   -12455.204304       0.0943     --------     0.838441          3
MinModeTranslate:   38  16:40:01   -12455.204304       0.0943     0.100000     0.838441          3
MinModeTranslate:   39  16:40:01   -12455.183891       0.1096     --------     0.957850          3
MinModeTranslate:   39  16:40:01   -12455.183891       0.1096     0.100000     0.957850          3
MinModeTranslate:   40  16:40:01   -12455.158768       0.1112     --------     0.885757          3
MinModeTranslate:   40  16:40:01   -12455.158768       0.1112     0.100000     0.885757          3
MinModeTranslate:   41  16:40:01   -12455.133847       0.1128     --------     0.641410          3
MinModeTranslate:   41  16:40:01   -12455.133847       0.1128     0.100000     0.641410          3
MinModeTranslate:   42  16:40:01   -12455.108534       0.1012     --------     0.254889          3
MinModeTranslate:   42  16:40:01   -12455.108534       0.1012     0.100000     0.254889          3
MinModeTranslate:   43  16:40:01   -12455.087662       1.5984     --------    -0.216314          3
MinModeTranslate:   43  16:40:01   -12455.087662       1.5984     0.100000    -0.216314          3
MinModeTranslate:   44  16:40:01   -12455.085295       1.4108     --------    -0.413488          3
MinModeTranslate:   44  16:40:01   -12455.085295       1.4108     0.026271    -0.413488          3
MinModeTranslate:   45  16:40:01   -12455.110329       0.3496     --------    -0.781079          3
MinModeTranslate:   45  16:40:01   -12455.110329       0.3496     0.021641    -0.781079          3
MinModeTranslate:   46  16:40:01   -12455.115434       0.5041     --------    -0.858821          3
MinModeTranslate:   46  16:40:01   -12455.115434       0.5041     0.027457    -0.858821          3
MinModeTranslate:   47  16:40:01   -12455.124696       0.3608     --------    -0.755558          3
MinModeTranslate:   47  16:40:01   -12455.124696       0.3608     0.066969    -0.755558          3
MinModeTranslate:   48  16:40:01   -12455.135652       0.4988     --------    -0.877021          3
MinModeTranslate:   48  16:40:01   -12455.135652       0.4988     0.067002    -0.877021          3
MinModeTranslate:   49  16:40:01   -12455.145559       0.4059     --------    -0.878750          3
MinModeTranslate:   49  16:40:01   -12455.145559       0.4059     0.058162    -0.878750          3
MinModeTranslate:   50  16:40:01   -12455.153523       0.4729     --------    -0.761779          3
MinModeTranslate:   50  16:40:01   -12455.153523       0.4729     0.072054    -0.761779          3
MinModeTranslate:   51  16:40:02   -12455.162625       0.4912     --------    -0.864570          3
MinModeTranslate:   51  16:40:02   -12455.162625       0.4912     0.060289    -0.864570          3
MinModeTranslate:   52  16:40:02   -12455.172996       0.5519     --------    -0.905364          3
MinModeTranslate:   52  16:40:02   -12455.172996       0.5519     0.055415    -0.905364          3
MinModeTranslate:   53  16:40:02   -12455.179441       0.4321     --------    -0.878178          3
MinModeTranslate:   53  16:40:02   -12455.179441       0.4321     0.100000    -0.878178          3
MinModeTranslate:   54  16:40:02   -12455.191973       0.6495     --------    -0.813149          3
MinModeTranslate:   54  16:40:02   -12455.191973       0.6495     0.092543    -0.813149          3
MinModeTranslate:   55  16:40:02   -12455.210414       0.7828     --------    -0.708883          3
MinModeTranslate:   55  16:40:02   -12455.210414       0.7828     0.089430    -0.708883          3
MinModeTranslate:   56  16:40:02   -12455.227308       0.7639     --------    -0.530623          3
MinModeTranslate:   56  16:40:02   -12455.227308       0.7639     0.100000    -0.530623          3
MinModeTranslate:   57  16:40:02   -12455.244284       0.7105     --------    -0.309961          3
MinModeTranslate:   57  16:40:02   -12455.244284       0.7105     0.046088    -0.309961          3
MinModeTranslate:   58  16:40:02   -12455.259563       0.8731     --------    -0.326110          3
MinModeTranslate:   58  16:40:02   -12455.259563       0.8731     0.083746    -0.326110          3
MinModeTranslate:   59  16:40:02   -12455.275393       0.8929     --------    -0.416227          3
MinModeTranslate:   59  16:40:02   -12455.275393       0.8929     0.087176    -0.416227          3
MinModeTranslate:   60  16:40:02   -12455.294123       1.2862     --------    -0.342823          3
MinModeTranslate:   60  16:40:02   -12455.294123       1.2862     0.096291    -0.342823          3
MinModeTranslate:   61  16:40:02   -12455.299279       1.2546     --------    -0.330092          3
MinModeTranslate:   61  16:40:02   -12455.299279       1.2546     0.076812    -0.330092          3
MinModeTranslate:   62  16:40:02   -12455.323750       1.2711     --------    -0.349270          3
MinModeTranslate:   62  16:40:02   -12455.323750       1.2711     0.043633    -0.349270          3
MinModeTranslate:   63  16:40:02   -12455.340441       0.4931     --------    -0.356581          3
MinModeTranslate:   63  16:40:02   -12455.340441       0.4931     0.052431    -0.356581          3
MinModeTranslate:   64  16:40:02   -12455.344748       0.7185     --------    -0.291827          3
MinModeTranslate:   64  16:40:02   -12455.344748       0.7185     0.049185    -0.291827          3
MinModeTranslate:   65  16:40:02   -12455.344194       0.6011     --------    -0.264532          3
MinModeTranslate:   65  16:40:02   -12455.344194       0.6011     0.100000    -0.264532          3
MinModeTranslate:   66  16:40:03   -12455.348261       0.6962     --------    -0.286857          3
MinModeTranslate:   66  16:40:03   -12455.348261       0.6962     0.017843    -0.286857          3
MinModeTranslate:   67  16:40:03   -12455.351819       0.4112     --------    -0.328208          3
MinModeTranslate:   67  16:40:03   -12455.351819       0.4112     0.053781    -0.328208          3
MinModeTranslate:   68  16:40:03   -12455.348681       0.6270     --------    -0.485473          3
MinModeTranslate:   68  16:40:03   -12455.348681       0.6270     0.036979    -0.485473          3
MinModeTranslate:   69  16:40:03   -12455.345113       0.5528     --------    -0.608389          3
MinModeTranslate:   69  16:40:03   -12455.345113       0.5528     0.033005    -0.608389          3
MinModeTranslate:   70  16:40:03   -12455.341116       0.4731     --------    -0.706863          3
MinModeTranslate:   70  16:40:03   -12455.341116       0.4731     0.092108    -0.706863          3
MinModeTranslate:   71  16:40:03   -12455.328761       0.4995     --------    -0.738913          3
MinModeTranslate:   71  16:40:03   -12455.328761       0.4995     0.062131    -0.738913          3
MinModeTranslate:   72  16:40:03   -12455.320804       0.6557     --------    -0.658182          3
MinModeTranslate:   72  16:40:03   -12455.320804       0.6557     0.077837    -0.658182          3
MinModeTranslate:   73  16:40:03   -12455.311868       0.7222     --------    -0.542744          3
MinModeTranslate:   73  16:40:03   -12455.311868       0.7222     0.090725    -0.542744          3
MinModeTranslate:   74  16:40:03   -12455.305000       0.7065     --------    -0.369280          3
MinModeTranslate:   74  16:40:03   -12455.305000       0.7065     0.080368    -0.369280          3
MinModeTranslate:   75  16:40:03   -12455.300117       0.5855     --------    -0.129526          3
MinModeTranslate:   75  16:40:03   -12455.300117       0.5855     0.043054    -0.129526          3
MinModeTranslate:   76  16:40:03   -12455.298084       0.5011     --------    -0.041898          3
MinModeTranslate:   76  16:40:03   -12455.298084       0.5011     0.088310    -0.041898          3
MinModeTranslate:   77  16:40:03   -12455.293946       0.0774     --------     0.164433          3
MinModeTranslate:   77  16:40:03   -12455.293946       0.0774     0.100000     0.164433          3
MinModeTranslate:   78  16:40:03   -12455.280319       0.0958     --------     0.488312          3
MinModeTranslate:   78  16:40:03   -12455.280319       0.0958     0.100000     0.488312          3
MinModeTranslate:   79  16:40:03   -12455.262195       0.1231     --------     0.418814          3
MinModeTranslate:   79  16:40:03   -12455.262195       0.1231     0.100000     0.418814          3
MinModeTranslate:   80  16:40:03   -12455.239920       0.1339     --------     0.140829          3
MinModeTranslate:   80  16:40:03   -12455.239920       0.1339     0.100000     0.140829          3
MinModeTranslate:   81  16:40:03   -12455.216942       0.1323     --------     0.001527          3
MinModeTranslate:   81  16:40:03   -12455.216942       0.1323     0.100000     0.001527          3
MinModeTranslate:   82  16:40:04   -12455.194597       0.1259     --------     0.022885          3
MinModeTranslate:   82  16:40:04   -12455.194597       0.1259     0.100000     0.022885          3
MinModeTranslate:   83  16:40:04   -12455.172940       0.1242     --------     0.016892          3
MinModeTranslate:   83  16:40:04   -12455.172940       0.1242     0.100000     0.016892          3
MinModeTranslate:   84  16:40:04   -12455.151524       0.5071     --------    -0.029992          3
MinModeTranslate:   84  16:40:04   -12455.151524       0.5071     0.100000    -0.029992          3
MinModeTranslate:   85  16:40:04   -12455.137959       0.5639     --------    -0.082428          3
MinModeTranslate:   85  16:40:04   -12455.137959       0.5639     0.100000    -0.082428          3
MinModeTranslate:   86  16:40:04   -12455.121996       0.5799     --------    -0.083968          3
MinModeTranslate:   86  16:40:04   -12455.121996       0.5799     0.100000    -0.083968          3
MinModeTranslate:   87  16:40:04   -12455.114919       0.5739     --------    -0.020068          3
MinModeTranslate:   87  16:40:04   -12455.114919       0.5739     0.100000    -0.020068          3
MinModeTranslate:   88  16:40:04   -12455.104855       0.7275     --------    -0.067346          3
MinModeTranslate:   88  16:40:04   -12455.104855       0.7275     0.100000    -0.067346          3
MinModeTranslate:   89  16:40:04   -12455.104871       0.3625     --------    -0.123777          3
MinModeTranslate:   89  16:40:04   -12455.104871       0.3625     0.009112    -0.123777          3
MinModeTranslate:   90  16:40:04   -12455.107635       0.2685     --------    -0.099193          3
MinModeTranslate:   90  16:40:04   -12455.107635       0.2685     0.022517    -0.099193          3
MinModeTranslate:   91  16:40:04   -12455.109481       0.3049     --------    -0.087681          3
MinModeTranslate:   91  16:40:04   -12455.109481       0.3049     0.084623    -0.087681          3
MinModeTranslate:   92  16:40:04   -12455.111735       0.4385     --------    -0.168283          3
MinModeTranslate:   92  16:40:04   -12455.111735       0.4385     0.100000    -0.168283          3
MinModeTranslate:   93  16:40:04   -12455.122286       0.4860     --------    -0.055793          3
MinModeTranslate:   93  16:40:04   -12455.122286       0.4860     0.047547    -0.055793          3
MinModeTranslate:   94  16:40:04   -12455.131403       0.5848     --------    -0.099280          3
MinModeTranslate:   94  16:40:04   -12455.131403       0.5848     0.079359    -0.099280          3
MinModeTranslate:   95  16:40:04   -12455.136255       0.1012     --------     0.019595          3
MinModeTranslate:   95  16:40:04   -12455.136255       0.1012     0.100000     0.019595          3
MinModeTranslate:   96  16:40:04   -12455.118954       0.7580     --------    -0.015186          3
MinModeTranslate:   96  16:40:04   -12455.118954       0.7580     0.100000    -0.015186          3
MinModeTranslate:   97  16:40:04   -12455.111497       0.4020     --------    -0.041215          3
MinModeTranslate:   97  16:40:04   -12455.111497       0.4020     0.045133    -0.041215          3
MinModeTranslate:   98  16:40:05   -12455.109990       0.4293     --------    -0.160334          3
MinModeTranslate:   98  16:40:05   -12455.109990       0.4293     0.050620    -0.160334          3
MinModeTranslate:   99  16:40:05   -12455.101386       0.4496     --------    -0.182035          3
MinModeTranslate:   99  16:40:05   -12455.101386       0.4496     0.063532    -0.182035          3
MinModeTranslate:  100  16:40:05   -12455.096952       0.5005     --------    -0.051070          3
MinModeTranslate:  100  16:40:05   -12455.096952       0.5005     0.091713    -0.051070          3
MinModeTranslate:  101  16:40:05   -12455.087779       0.8113     --------    -0.091576          3
MinModeTranslate:  101  16:40:05   -12455.087779       0.8113     0.100000    -0.091576          3
MinModeTranslate:  102  16:40:05   -12455.082883       0.5943     --------    -0.162523          3
MinModeTranslate:  102  16:40:05   -12455.082883       0.5943     0.100000    -0.162523          3
MinModeTranslate:  103  16:40:05   -12455.088615       0.1092     --------     0.062907          3
MinModeTranslate:  103  16:40:05   -12455.088615       0.1092     0.100000     0.062907          3
MinModeTranslate:  104  16:40:05   -12455.067782       0.1059     --------     0.010216          3
MinModeTranslate:  104  16:40:05   -12455.067782       0.1059     0.100000     0.010216          3
MinModeTranslate:  105  16:40:05   -12455.047837       0.5797     --------    -0.066731          3
MinModeTranslate:  105  16:40:05   -12455.047837       0.5797     0.100000    -0.066731          3
MinModeTranslate:  106  16:40:05   -12455.035533       0.4496     --------    -0.190946          3
MinModeTranslate:  106  16:40:05   -12455.035533       0.4496     0.100000    -0.190946          3
MinModeTranslate:  107  16:40:05   -12455.021351       0.4060     --------    -0.259110          3
MinModeTranslate:  107  16:40:05   -12455.021351       0.4060     0.032401    -0.259110          3
MinModeTranslate:  108  16:40:05   -12455.019992       0.4040     --------    -0.264195          3
MinModeTranslate:  108  16:40:05   -12455.019992       0.4040     0.063396    -0.264195          3
MinModeTranslate:  109  16:40:05   -12455.008842       0.7984     --------    -0.340419          3
MinModeTranslate:  109  16:40:05   -12455.008842       0.7984     0.100000    -0.340419          3
MinModeTranslate:  110  16:40:05   -12455.001875       0.5885     --------    -0.500526          3
MinModeTranslate:  110  16:40:05   -12455.001875       0.5885     0.045885    -0.500526          3
MinModeTranslate:  111  16:40:05   -12455.005460       0.2842     --------    -0.595021          3
MinModeTranslate:  111  16:40:05   -12455.005460       0.2842     0.034085    -0.595021          3
MinModeTranslate:  112  16:40:05   -12455.004079       0.2540     --------    -0.717678          3
MinModeTranslate:  112  16:40:05   -12455.004079       0.2540     0.029660    -0.717678          3
MinModeTranslate:  113  16:40:06   -12455.003233       0.3463     --------    -0.819376          3
MinModeTranslate:  113  16:40:06   -12455.003233       0.3463     0.058668    -0.819376          3
MinModeTranslate:  114  16:40:06   -12455.003052       0.2780     --------    -0.860296          3
MinModeTranslate:  114  16:40:06   -12455.003052       0.2780     0.037286    -0.860296          3
MinModeTranslate:  115  16:40:06   -12455.003487       0.2668     --------    -0.907278          3
MinModeTranslate:  115  16:40:06   -12455.003487       0.2668     0.036576    -0.907278          3
MinModeTranslate:  116  16:40:06   -12455.004763       0.2643     --------    -0.960735          3
MinModeTranslate:  116  16:40:06   -12455.004763       0.2643     0.018320    -0.960735          3
MinModeTranslate:  117  16:40:06   -12455.005759       0.1615     --------    -0.993055          3
MinModeTranslate:  117  16:40:06   -12455.005759       0.1615     0.014414    -0.993055          3
MinModeTranslate:  118  16:40:06   -12455.006460       0.1607     --------    -1.000752          3
MinModeTranslate:  118  16:40:06   -12455.006460       0.1607     0.015101    -1.000752          3
MinModeTranslate:  119  16:40:06   -12455.007242       0.1210     --------    -1.027045          3
MinModeTranslate:  119  16:40:06   -12455.007242       0.1210     0.014447    -1.027045          3
MinModeTranslate:  120  16:40:06   -12455.007989       0.1468     --------    -1.035959          3
MinModeTranslate:  120  16:40:06   -12455.007989       0.1468     0.016385    -1.035959          3
MinModeTranslate:  121  16:40:06   -12455.008879       0.1150     --------    -0.990852          3
MinModeTranslate:  121  16:40:06   -12455.008879       0.1150     0.017287    -0.990852          3
MinModeTranslate:  122  16:40:06   -12455.009904       0.1418     --------    -0.958750          3
MinModeTranslate:  122  16:40:06   -12455.009904       0.1418     0.028545    -0.958750          3
MinModeTranslate:  123  16:40:06   -12455.011785       0.2050     --------    -0.843611          3
MinModeTranslate:  123  16:40:06   -12455.011785       0.2050     0.032901    -0.843611          3
MinModeTranslate:  124  16:40:06   -12455.014155       0.1327     --------    -0.583968          3
MinModeTranslate:  124  16:40:06   -12455.014155       0.1327     0.033619    -0.583968          3
MinModeTranslate:  125  16:40:06   -12455.016586       0.1649     --------    -0.358300          3
MinModeTranslate:  125  16:40:06   -12455.016586       0.1649     0.030782    -0.358300          3
MinModeTranslate:  126  16:40:06   -12455.018818       0.1329     --------    -0.181358          3
MinModeTranslate:  126  16:40:06   -12455.018818       0.1329     0.030750    -0.181358          3
MinModeTranslate:  127  16:40:06   -12455.020854       0.0371     --------     0.025838          3
MinModeTranslate:  127  16:40:06   -12455.020854       0.0371     0.100000     0.025838          3
MinModeTranslate:  128  16:40:06   -12455.018954       0.2905     --------    -1.766472          3
MinModeTranslate:  128  16:40:06   -12455.018954       0.2905     0.000831    -1.766472          3
MinModeTranslate:  129  16:40:07   -12455.019028       0.2845     --------    -1.828594          3
MinModeTranslate:  129  16:40:07   -12455.019028       0.2845     0.004937    -1.828594          3
MinModeTranslate:  130  16:40:07   -12455.020260       0.1233     --------    -1.927197          3
MinModeTranslate:  130  16:40:07   -12455.020260       0.1233     0.003394    -1.927197          3
MinModeTranslate:  131  16:40:07   -12455.020505       0.0759     --------    -1.983847          3
MinModeTranslate:  131  16:40:07   -12455.020505       0.0759     0.014790    -1.983847          3
MinModeTranslate:  132  16:40:07   -12455.021019       0.1893     --------    -1.874600          3
MinModeTranslate:  132  16:40:07   -12455.021019       0.1893     0.026807    -1.874600          3
MinModeTranslate:  133  16:40:07   -12455.022129       0.1515     --------    -1.877547          3
MinModeTranslate:  133  16:40:07   -12455.022129       0.1515     0.033003    -1.877547          3
MinModeTranslate:  134  16:40:07   -12455.023900       0.1720     --------    -1.685398          3
MinModeTranslate:  134  16:40:07   -12455.023900       0.1720     0.030805    -1.685398          3
MinModeTranslate:  135  16:40:07   -12455.025955       0.2566     --------    -1.510183          3
MinModeTranslate:  135  16:40:07   -12455.025955       0.2566     0.031897    -1.510183          3
MinModeTranslate:  136  16:40:07   -12455.028469       0.1434     --------    -1.344057          3
MinModeTranslate:  136  16:40:07   -12455.028469       0.1434     0.038316    -1.344057          3
MinModeTranslate:  137  16:40:07   -12455.031674       0.1858     --------    -1.056791          3
MinModeTranslate:  137  16:40:07   -12455.031674       0.1858     0.033981    -1.056791          3
MinModeTranslate:  138  16:40:07   -12455.034265       0.1408     --------    -0.874796          3
MinModeTranslate:  138  16:40:07   -12455.034265       0.1408     0.036231    -0.874796          3
MinModeTranslate:  139  16:40:07   -12455.036468       0.2454     --------    -0.684384          3
MinModeTranslate:  139  16:40:07   -12455.036468       0.2454     0.100000    -0.684384          3
MinModeTranslate:  140  16:40:07   -12455.044280       0.2770     --------    -0.312412          3
MinModeTranslate:  140  16:40:07   -12455.044280       0.2770     0.060029    -0.312412          3
MinModeTranslate:  141  16:40:07   -12455.049951       0.3694     --------    -0.230857          3
MinModeTranslate:  141  16:40:07   -12455.049951       0.3694     0.095421    -0.230857          3
MinModeTranslate:  142  16:40:07   -12455.054150       0.4634     --------    -0.080912          3
MinModeTranslate:  142  16:40:07   -12455.054150       0.4634     0.087037    -0.080912          3
MinModeTranslate:  143  16:40:07   -12455.060004       0.0487     --------     0.124294          3
MinModeTranslate:  143  16:40:07   -12455.060004       0.0487     0.100000     0.124294          3
MinModeTranslate:  144  16:40:08   -12455.056735       0.5317     --------    -1.955330          3
MinModeTranslate:  144  16:40:08   -12455.056735       0.5317     0.005509    -1.955330          3
MinModeTranslate:  145  16:40:08   -12455.057250       0.5192     --------    -2.082154          3
MinModeTranslate:  145  16:40:08   -12455.057250       0.5192     0.010556    -2.082154          3
MinModeTranslate:  146  16:40:08   -12455.062086       0.2451     --------    -2.251929          3
MinModeTranslate:  146  16:40:08   -12455.062086       0.2451     0.012422    -2.251929          3
MinModeTranslate:  147  16:40:08   -12455.064735       0.2022     --------    -2.257581          3
MinModeTranslate:  147  16:40:08   -12455.064735       0.2022     0.013392    -2.257581          3
MinModeTranslate:  148  16:40:08   -12455.066791       0.2425     --------    -2.086113          3
MinModeTranslate:  148  16:40:08   -12455.066791       0.2425     0.030811    -2.086113          3
MinModeTranslate:  149  16:40:08   -12455.070449       0.2386     --------    -1.986067          3
MinModeTranslate:  149  16:40:08   -12455.070449       0.2386     0.040370    -1.986067          3
MinModeTranslate:  150  16:40:08   -12455.074563       0.3685     --------    -1.662145          3
MinModeTranslate:  150  16:40:08   -12455.074563       0.3685     0.020290    -1.662145          3
MinModeTranslate:  151  16:40:08   -12455.076450       0.1456     --------    -1.494751          3
MinModeTranslate:  151  16:40:08   -12455.076450       0.1456     0.019560    -1.494751          3
MinModeTranslate:  152  16:40:08   -12455.078052       0.1760     --------    -1.363173          3
MinModeTranslate:  152  16:40:08   -12455.078052       0.1760     0.064762    -1.363173          3
MinModeTranslate:  153  16:40:08   -12455.082817       0.2726     --------    -0.517632          3
MinModeTranslate:  153  16:40:08   -12455.082817       0.2726     0.026696    -0.517632          3
MinModeTranslate:  154  16:40:08   -12455.084531       0.1966     --------    -0.408316          3
MinModeTranslate:  154  16:40:08   -12455.084531       0.1966     0.014777    -0.408316          3
MinModeTranslate:  155  16:40:08   -12455.085205       0.1389     --------    -0.351716          3
MinModeTranslate:  155  16:40:08   -12455.085205       0.1389     0.032670    -0.351716          3
MinModeTranslate:  156  16:40:08   -12455.086222       0.0622     --------     0.122968          3
MinModeTranslate:  156  16:40:08   -12455.086222       0.0622     0.100000     0.122968          3
MinModeTranslate:  157  16:40:08   -12455.075426       0.0901     --------     0.656461          3
MinModeTranslate:  157  16:40:08   -12455.075426       0.0901     0.100000     0.656461          3
MinModeTranslate:  158  16:40:08   -12455.059306       0.1110     --------     0.473646          3
MinModeTranslate:  158  16:40:08   -12455.059306       0.1110     0.100000     0.473646          3
MinModeTranslate:  159  16:40:08   -12455.041352       0.1110     --------     0.321757          3
MinModeTranslate:  159  16:40:08   -12455.041352       0.1110     0.100000     0.321757          3
MinModeTranslate:  160  16:40:08   -12455.024945       0.1035     --------     0.433988          3
