MinModeTranslate: STEP      TIME          ENERGY    MAX-FORCE     STEPSIZE    CURVATURE  ROT-STEPS
MinModeTranslate:    0  16:35:46    -9341.632993       4.6286     --------   -13.902415          3
MinModeTranslate:    0  16:35:46    -9341.632993       4.6286     0.100000   -13.902415          3
MinModeTranslate:    1  16:35:46    -9341.685033       4.4363     --------    -8.833510          3
MinModeTranslate:    1  16:35:46    -9341.685033       4.4363     0.100000    -8.833510          3
MinModeTranslate:    2  16:35:46    -9341.484152       3.1650     --------   -19.284144          3
MinModeTranslate:    2  16:35:46    -9341.484152       3.1650     0.100000   -19.284144          3
MinModeTranslate:    3  16:35:46    -9341.256077       2.3431     --------    -7.856116          3
MinModeTranslate:    3  16:35:46    -9341.256077       2.3431     0.100000    -7.856116          3
MinModeTranslate:    4  16:35:46    -9341.117355       2.3020     --------    -8.784653          3
MinModeTranslate:    4  16:35:46    -9341.117355       2.3020     0.100000    -8.784653          3
MinModeTranslate:    5  16:35:46    -9341.150948       1.1124     --------    -7.282768          3
MinModeTranslate:    5  16:35:46    -9341.150948       1.1124     0.054917    -7.282768          3
MinModeTranslate:    6  16:35:46    -9341.176473       1.9517     --------    -8.591683          3
MinModeTranslate:    6  16:35:46    -9341.176473       1.9517     0.100000    -8.591683          3
MinModeTranslate:    7  16:35:46    -9341.217905       0.8347     --------   -10.742782          3
MinModeTranslate:    7  16:35:46    -9341.217905       0.8347     0.022738   -10.742782          3
MinModeTranslate:    8  16:35:47    -9341.233732       0.6736     --------   -10.823292          3
MinModeTranslate:    8  16:35:47    -9341.233732       0.6736     0.026691   -10.823292          3
MinModeTranslate:    9  16:35:47    -9341.243739       0.4525     --------   -11.036874          3
MinModeTranslate:    9  16:35:47    -9341.243739       0.4525     0.063551   -11.036874          3
MinModeTranslate:   10  16:35:47    -9341.263460       0.3555     --------   -10.651405          3
MinModeTranslate:   10  16:35:47    -9341.263460       0.3555     0.031025   -10.651405          3
MinModeTranslate:   11  16:35:47    -9341.272381       0.3769     --------   -10.125955          3
MinModeTranslate:   11  16:35:47    -9341.272381       0.3769     0.027527   -10.125955          3
MinModeTranslate:   12  16:35:47    -9341.278101       0.2339     --------    -9.729575          3
MinModeTranslate:   12  16:35:47    -9341.278101       0.2339     0.036934    -9.729575          3
MinModeTranslate:   13  16:35:47    -9341.283155       0.2328     --------    -9.218508          3
MinModeTranslate:   13  16:35:47    -9341.283155       0.2328     0.017617    -9.218508          3
MinModeTranslate:   14  16:35:47    -9341.285287       0.1756     --------    -9.140294          3
MinModeTranslate:   14  16:35:47    -9341.285287       0.1756     0.024491    -9.140294          3
MinModeTranslate:   15  16:35:47    -9341.288059       0.2908     --------    -9.134407          3
MinModeTranslate:   15  16:35:47    -9341.288059       0.2908     0.023684    -9.134407          3
MinModeTranslate:   16  16:35:47    -9341.290826       0.1334     --------    -9.077862          3
MinModeTranslate:   16  16:35:47    -9341.290826       0.1334     0.032824    -9.077862          3
MinModeTranslate:   17  16:35:47    -9341.294118       0.2578     --------    -8.977422          3
MinModeTranslate:   17  16:35:47    -9341.294118       0.2578     0.029303    -8.977422          3
MinModeTranslate:   18  16:35:47    -9341.296611       0.2453     --------    -8.976447          3
MinModeTranslate:   18  16:35:47    -9341.296611       0.2453     0.026341    -8.976447          3
MinModeTranslate:   19  16:35:47    -9341.298325       0.1678     --------    -9.114452          3
MinModeTranslate:   19  16:35:47    -9341.298325       0.1678     0.089159    -9.114452          3
MinModeTranslate:   20  16:35:47    -9341.305562       0.2890     --------    -9.625810          3
MinModeTranslate:   20  16:35:47    -9341.305562       0.2890     0.048995    -9.625810          3
MinModeTranslate:   21  16:35:48    -9341.310082       0.4512     --------   -10.083384          3
MinModeTranslate:   21  16:35:48    -9341.310082       0.4512     0.064089   -10.083384          3
MinModeTranslate:   22  16:35:48    -9341.314619       0.2239     --------   -10.849659          3
MinModeTranslate:   22  16:35:48    -9341.314619       0.2239     0.023453   -10.849659          3
MinModeTranslate:   23  16:35:48    -9341.316638       0.3920     --------   -11.132085          3
MinModeTranslate:   23  16:35:48    -9341.316638       0.3920     0.032885   -11.132085          3
MinModeTranslate:   24  16:35:48    -9341.319429       0.2608     --------   -11.313647          3
MinModeTranslate:   24  16:35:48    -9341.319429       0.2608     0.034621   -11.313647          3
MinModeTranslate:   25  16:35:48    -9341.323049       0.1618     --------   -11.309982          3
MinModeTranslate:   25  16:35:48    -9341.323049       0.1618     0.019440   -11.309982          3
MinModeTranslate:   26  16:35:48    -9341.325103       0.2872     --------   -11.246392          3
MinModeTranslate:   26  16:35:48    -9341.325103       0.2872     0.014974   -11.246392          3
MinModeTranslate:   27  16:35:48    -9341.326350       0.1026     --------   -11.193678          3
MinModeTranslate:   27  16:35:48    -9341.326350       0.1026     0.017960   -11.193678          3
MinModeTranslate:   28  16:35:48    -9341.327236       0.1589     --------   -11.072378          3
MinModeTranslate:   28  16:35:48    -9341.327236       0.1589     0.020236   -11.072378          3
MinModeTranslate:   29  16:35:48    -9341.328378       0.1497     --------   -10.932681          3
MinModeTranslate:   29  16:35:48    -9341.328378       0.1497     0.017845   -10.932681          3
MinModeTranslate:   30  16:35:48    -9341.329586       0.1297     --------   -10.983275          3
MinModeTranslate:   30  16:35:48    -9341.329586       0.1297     0.019129   -10.983275          3
MinModeTranslate:   31  16:35:48    -9341.330879       0.1678     --------   -11.028013          3
MinModeTranslate:   31  16:35:48    -9341.330879       0.1678     0.025101   -11.028013          3
MinModeTranslate:   32  16:35:48    -9341.332365       0.1153     --------   -10.965487          3
MinModeTranslate:   32  16:35:48    -9341.332365       0.1153     0.026415   -10.965487          3
MinModeTranslate:   33  16:35:48    -9341.333471       0.1562     --------   -10.913472          3
MinModeTranslate:   33  16:35:48    -9341.333471       0.1562     0.054919   -10.913472          3
MinModeTranslate:   34  16:35:49    -9341.335677       0.2669     --------   -10.739089          3
MinModeTranslate:   34  16:35:49    -9341.335677       0.2669     0.042777   -10.739089          3
MinModeTranslate:   35  16:35:49    -9341.337828       0.1410     --------   -10.585844          3
MinModeTranslate:   35  16:35:49    -9341.337828       0.1410     0.053466   -10.585844          3
MinModeTranslate:   36  16:35:49    -9341.340633       0.2619     --------   -10.430346          3
MinModeTranslate:   36  16:35:49    -9341.340633       0.2619     0.031437   -10.430346          3
MinModeTranslate:   37  16:35:49    -9341.342198       0.2398     --------   -10.308766          3
MinModeTranslate:   37  16:35:49    -9341.342198       0.2398     0.035518   -10.308766          3
MinModeTranslate:   38  16:35:49    -9341.343900       0.1493     --------   -10.296687          3
MinModeTranslate:   38  16:35:49    -9341.343900       0.1493     0.062039   -10.296687          3
MinModeTranslate:   39  16:35:49    -9341.346794       0.1633     --------   -10.631277          3
MinModeTranslate:   39  16:35:49    -9341.346794       0.1633     0.058017   -10.631277          3
MinModeTranslate:   40  16:35:49    -9341.349857       0.3567     --------   -10.968718          3
MinModeTranslate:   40  16:35:49    -9341.349857       0.3567     0.054231   -10.968718          3
MinModeTranslate:   41  16:35:49    -9341.352730       0.1720     --------   -11.340565          3
MinModeTranslate:   41  16:35:49    -9341.352730       0.1720     0.014246   -11.340565          3
MinModeTranslate:   42  16:35:49    -9341.353894       0.2386     --------   -11.294419          3
MinModeTranslate:   42  16:35:49    -9341.353894       0.2386     0.018597   -11.294419          3
MinModeTranslate:   43  16:35:49    -9341.354783       0.1821     --------   -10.984617          3
MinModeTranslate:   43  16:35:49    -9341.354783       0.1821     0.018239   -10.984617          3
MinModeTranslate:   44  16:35:49    -9341.355933       0.1931     --------   -10.746355          3
MinModeTranslate:   44  16:35:49    -9341.355933       0.1931     0.016952   -10.746355          3
MinModeTranslate:   45  16:35:49    -9341.357497       0.1258     --------   -10.630010          3
MinModeTranslate:   45  16:35:49    -9341.357497       0.1258     0.020325   -10.630010          3
MinModeTranslate:   46  16:35:49    -9341.359366       0.1423     --------   -10.563248          3
MinModeTranslate:   46  16:35:49    -9341.359366       0.1423     0.023742   -10.563248          3
MinModeTranslate:   47  16:35:49    -9341.361116       0.1685     --------   -10.585052          3
MinModeTranslate:   47  16:35:49    -9341.361116       0.1685     0.018535   -10.585052          3
MinModeTranslate:   48  16:35:50    -9341.362112       0.1424     --------   -10.620921          3
MinModeTranslate:   48  16:35:50    -9341.362112       0.1424     0.038225   -10.620921          3
MinModeTranslate:   49  16:35:50    -9341.363621       0.2213     --------   -10.875768          3
MinModeTranslate:   49  16:35:50    -9341.363621       0.2213     0.016986   -10.875768          3
MinModeTranslate:   50  16:35:50    -9341.364646       0.0866     --------   -11.003145          3
MinModeTranslate:   50  16:35:50    -9341.364646       0.0866     0.007534   -11.003145          3
MinModeTranslate:   51  16:35:50    -9341.364986       0.0822     --------   -11.028007          3
MinModeTranslate:   51  16:35:50    -9341.364986       0.0822     0.013161   -11.028007          3
MinModeTranslate:   52  16:35:50    -9341.365519       0.1149     --------   -11.036316          3
MinModeTranslate:   52  16:35:50    -9341.365519       0.1149     0.010355   -11.036316          3
MinModeTranslate:   53  16:35:50    -9341.365870       0.0788     --------   -11.005211          3
MinModeTranslate:   53  16:35:50    -9341.365870       0.0788     0.011610   -11.005211          3
MinModeTranslate:   54  16:35:50    -9341.366203       0.1070     --------   -10.968943          3
MinModeTranslate:   54  16:35:50    -9341.366203       0.1070     0.021852   -10.968943          3
MinModeTranslate:   55  16:35:50    -9341.366883       0.1584     --------   -10.893377          3
MinModeTranslate:   55  16:35:50    -9341.366883       0.1584     0.021430   -10.893377          3
MinModeTranslate:   56  16:35:50    -9341.367672       0.0856     --------   -10.768909          3
MinModeTranslate:   56  16:35:50    -9341.367672       0.0856     0.024005   -10.768909          3
MinModeTranslate:   57  16:35:50    -9341.368408       0.1095     --------   -10.690016          3
MinModeTranslate:   57  16:35:50    -9341.368408       0.1095     0.025217   -10.690016          3
MinModeTranslate:   58  16:35:50    -9341.369065       0.1449     --------   -10.724198          3
MinModeTranslate:   58  16:35:50    -9341.369065       0.1449     0.031433   -10.724198          3
MinModeTranslate:   59  16:35:50    -9341.369799       0.1025     --------   -10.769734          3
MinModeTranslate:   59  16:35:50    -9341.369799       0.1025     0.027935   -10.769734          3
MinModeTranslate:   60  16:35:51    -9341.370463       0.1098     --------   -10.836954          3
MinModeTranslate:   60  16:35:51    -9341.370463       0.1098     0.023549   -10.836954          3
MinModeTranslate:   61  16:35:51    -9341.371088       0.1174     --------   -10.887431          3
MinModeTranslate:   61  16:35:51    -9341.371088       0.1174     0.054289   -10.887431          3
MinModeTranslate:   62  16:35:51    -9341.372600       0.1673     --------   -10.936246          3
MinModeTranslate:   62  16:35:51    -9341.372600       0.1673     0.042535   -10.936246          3
MinModeTranslate:   63  16:35:51    -9341.373754       0.1017     --------   -10.980376          3
MinModeTranslate:   63  16:35:51    -9341.373754       0.1017     0.020064   -10.980376          3
MinModeTranslate:   64  16:35:51    -9341.374199       0.0888     --------   -10.949441          3
MinModeTranslate:   64  16:35:51    -9341.374199       0.0888     0.026413   -10.949441          3
MinModeTranslate:   65  16:35:51    -9341.374535       0.1255     --------   -10.754737          3
MinModeTranslate:   65  16:35:51    -9341.374535       0.1255     0.015840   -10.754737          3
MinModeTranslate:   66  16:35:51    -9341.374858       0.0883     --------   -10.645044          3
MinModeTranslate:   66  16:35:51    -9341.374858       0.0883     0.012021   -10.645044          3
MinModeTranslate:   67  16:35:51    -9341.375173       0.0378     --------   -10.535927          3
MinModeTranslate:   67  16:35:51    -9341.375173       0.0378     0.006307   -10.535927          3
MinModeTranslate:   68  16:35:51    -9341.375322       0.0751     --------   -10.489591          3
MinModeTranslate:   68  16:35:51    -9341.375322       0.0751     0.007686   -10.489591          3
MinModeTranslate:   69  16:35:51    -9341.375472       0.0561     --------   -10.477188          2
MinModeTranslate:   69  16:35:51    -9341.375472       0.0561     0.010271   -10.477188          2
MinModeTranslate:   70  16:35:51    -9341.375652       0.0452     --------   -10.502309          3
MinModeTranslate:   70  16:35:51    -9341.375652       0.0452     0.011808   -10.502309          3
MinModeTranslate:   71  16:35:51    -9341.375844       0.0738     --------   -10.526872          3
MinModeTranslate:   71  16:35:51    -9341.375844       0.0738     0.007486   -10.526872          3
MinModeTranslate:   72  16:35:51    -9341.375972       0.0354     --------   -10.548211          3
MinModeTranslate:   72  16:35:51    -9341.375972       0.0354     0.003947   -10.548211          3
MinModeTranslate:   73  16:35:51    -9341.376040       0.0344     --------   -10.537735          2
MinModeTranslate:   73  16:35:52    -9341.376040       0.0344     0.003787   -10.537735          2
MinModeTranslate:   74  16:35:52    -9341.376090       0.0331     --------   -10.518973          3
MinModeTranslate:   74  16:35:52    -9341.376090       0.0331     0.002518   -10.518973          3
MinModeTranslate:   75  16:35:52    -9341.376120       0.0225     --------   -10.507712          2
MinModeTranslate:   75  16:35:52    -9341.376120       0.0225     0.001997   -10.507712          2
MinModeTranslate:   76  16:35:52    -9341.376140       0.0256     --------   -10.491383          1
MinModeTranslate:   76  16:35:52    -9341.376140       0.0256     0.002550   -10.491383          1
MinModeTranslate:   77  16:35:52    -9341.376165       0.0262     --------   -10.477656          1
MinModeTranslate:   77  16:35:52    -9341.376165       0.0262     0.003042   -10.477656          1
MinModeTranslate:   78  16:35:52    -9341.376191       0.0204     --------   -10.470729          2
MinModeTranslate:   78  16:35:52    -9341.376191       0.0204     0.002676   -10.470729          2
MinModeTranslate:   79  16:35:52    -9341.376218       0.0251     --------   -10.474310          1
MinModeTranslate:   79  16:35:52    -9341.376218       0.0251     0.002081   -10.474310          1
MinModeTranslate:   80  16:35:52    -9341.376226       0.0170     --------   -10.484704          1
MinModeTranslate:   80  16:35:52    -9341.376226       0.0170     0.004909   -10.484704          1
MinModeTranslate:   81  16:35:52    -9341.376261       0.0180     --------   -10.498598          2
MinModeTranslate:   81  16:35:52    -9341.376261       0.0180     0.002212   -10.498598          2
MinModeTranslate:   82  16:35:52    -9341.376275       0.0198     --------   -10.514346          2
MinModeTranslate:   82  16:35:52    -9341.376275       0.0198     0.001725   -10.514346          2
MinModeTranslate:   83  16:35:52    -9341.376284       0.0158     --------   -10.532681          1
MinModeTranslate:   83  16:35:52    -9341.376284       0.0158     0.003724   -10.532681          1
MinModeTranslate:   84  16:35:52    -9341.376304       0.0159     --------   -10.551582          1
MinModeTranslate:   84  16:35:52    -9341.376304       0.0159     0.002749   -10.551582          1
MinModeTranslate:   85  16:35:52    -9341.376320       0.0175     --------   -10.558987          2
MinModeTranslate:   85  16:35:52    -9341.376320       0.0175     0.002485   -10.558987          2
MinModeTranslate:   86  16:35:52    -9341.376332       0.0201     --------   -10.560436          1
MinModeTranslate:   86  16:35:52    -9341.376332       0.0201     0.003077   -10.560436          1
MinModeTranslate:   87  16:35:52    -9341.376351       0.0153     --------   -10.555724          1
MinModeTranslate:   87  16:35:52    -9341.376351       0.0153     0.003237   -10.555724          1
MinModeTranslate:   88  16:35:52    -9341.376360       0.0166     --------   -10.548970          2
MinModeTranslate:   88  16:35:52    -9341.376360       0.0166     0.002455   -10.548970          2
MinModeTranslate:   89  16:35:53    -9341.376377       0.0164     --------   -10.546420          1
MinModeTranslate:   89  16:35:53    -9341.376377       0.0164     0.002799   -10.546420          1
MinModeTranslate:   90  16:35:53    -9341.376392       0.0120     --------   -10.541609          1
MinModeTranslate:   90  16:35:53    -9341.376392       0.0120     0.000914   -10.541609          1
MinModeTranslate:   91  16:35:53    -9341.376390       0.0056     --------   -10.543362          1
MinModeTranslate:   91  16:35:53    -9341.376390       0.0056     0.001249   -10.543362          1
MinModeTranslate:   92  16:35:53    -9341.376399       0.0093     --------   -10.551418          1
MinModeTranslate:   92  16:35:53    -9341.376399       0.0093     0.001388   -10.551418          1
MinModeTranslate:   93  16:35:53    -9341.376400       0.0084     --------   -10.556243          1
MinModeTranslate:   93  16:35:53    -9341.376400       0.0084     0.000315   -10.556243          1
MinModeTranslate:   94  16:35:53    -9341.376405       0.0030     --------   -10.558582          1
