MinModeTranslate: STEP      TIME          ENERGY    MAX-FORCE     STEPSIZE    CURVATURE  ROT-STEPS
MinModeTranslate:    0  15:49:17    -9342.782263       1.9414     --------     5.834951          3
MinModeTranslate:    0  15:49:17    -9342.782263       1.9414     0.100000     5.834951          3
MinModeTranslate:    1  15:49:17    -9342.416635       2.0391     --------     1.187823          3
MinModeTranslate:    1  15:49:17    -9342.416635       2.0391     0.100000     1.187823          3
MinModeTranslate:    2  15:49:17    -9342.066682       4.5661     --------    -0.371707          3
MinModeTranslate:    2  15:49:17    -9342.066682       4.5661     0.100000    -0.371707          3
MinModeTranslate:    3  15:49:17    -9341.966498       2.7433     --------     0.958133          3
MinModeTranslate:    3  15:49:17    -9341.966498       2.7433     0.100000     0.958133          3
MinModeTranslate:    4  15:49:17    -9341.616068       3.5460     --------    -0.145703          3
MinModeTranslate:    4  15:49:17    -9341.616068       3.5460     0.100000    -0.145703          3
MinModeTranslate:    5  15:49:17    -9341.445507       4.1268     --------    -0.546634          3
MinModeTranslate:    5  15:49:17    -9341.445507       4.1268     0.100000    -0.546634          3
MinModeTranslate:    6  15:49:18    -9341.730484       3.9762     --------    -0.512636          3
MinModeTranslate:    6  15:49:18    -9341.730484       3.9762     0.100000    -0.512636          3
MinModeTranslate:    7  15:49:18    -9341.991975       1.8679     --------     0.294446          3
MinModeTranslate:    7  15:49:18    -9341.991975       1.8679     0.100000     0.294446          3
MinModeTranslate:    8  15:49:18    -9341.722754       4.1388     --------    -0.859975          3
MinModeTranslate:    8  15:49:18    -9341.722754       4.1388     0.100000    -0.859975          3
MinModeTranslate:    9  15:49:18    -9341.667232       4.1538     --------    -0.885510          3
MinModeTranslate:    9  15:49:18    -9341.667232       4.1538     0.100000    -0.885510          3
MinModeTranslate:   10  15:49:18    -9341.992368       4.0859     --------    -1.724470          3
MinModeTranslate:   10  15:49:18    -9341.992368       4.0859     0.100000    -1.724470          3
MinModeTranslate:   11  15:49:18    -9342.298246       3.9309     --------    -1.379316          3
MinModeTranslate:   11  15:49:18    -9342.298246       3.9309     0.100000    -1.379316          3
MinModeTranslate:   12  15:49:18    -9342.545655       3.5780     --------    -0.934730          3
MinModeTranslate:   12  15:49:18    -9342.545655       3.5780     0.100000    -0.934730          3
MinModeTranslate:   13  15:49:18    -9342.754628       1.6871     --------     0.238539          3
MinModeTranslate:   13  15:49:18    -9342.754628       1.6871     0.100000     0.238539          3
MinModeTranslate:   14  15:49:18    -9342.501379       1.6303     --------     0.792140          3
MinModeTranslate:   14  15:49:18    -9342.501379       1.6303     0.100000     0.792140          3
MinModeTranslate:   15  15:49:18    -9342.242945       1.7204     --------     1.341056          3
MinModeTranslate:   15  15:49:18    -9342.242945       1.7204     0.100000     1.341056          3
MinModeTranslate:   16  15:49:18    -9341.956515       1.7113     --------     1.620694          3
MinModeTranslate:   16  15:49:18    -9341.956515       1.7113     0.100000     1.620694          3
MinModeTranslate:   17  15:49:18    -9341.665687       1.7588     --------     1.492923          3
MinModeTranslate:   17  15:49:18    -9341.665687       1.7588     0.100000     1.492923          3
MinModeTranslate:   18  15:49:18    -9341.377837       1.5826     --------     0.095336          3
MinModeTranslate:   18  15:49:18    -9341.377837       1.5826     0.100000     0.095336          3
MinModeTranslate:   19  15:49:19    -9341.136466       3.5797     --------    -1.328039          3
MinModeTranslate:   19  15:49:19    -9341.136466       3.5797     0.100000    -1.328039          3
MinModeTranslate:   20  15:49:19    -9341.085429       3.2717     --------    -1.344781          3
MinModeTranslate:   20  15:49:19    -9341.085429       3.2717     0.100000    -1.344781          3
MinModeTranslate:   21  15:49:19    -9341.392246       2.8545     --------    -1.806234          3
MinModeTranslate:   21  15:49:19    -9341.392246       2.8545     0.100000    -1.806234          3
MinModeTranslate:   22  15:49:19    -9341.641345       3.1099     --------    -1.123522          3
MinModeTranslate:   22  15:49:19    -9341.641345       3.1099     0.100000    -1.123522          3
MinModeTranslate:   23  15:49:19    -9341.857226       3.2433     --------    -1.725028          3
MinModeTranslate:   23  15:49:19    -9341.857226       3.2433     0.100000    -1.725028          3
MinModeTranslate:   24  15:49:19    -9342.062523       3.4598     --------    -1.613498          3
MinModeTranslate:   24  15:49:19    -9342.062523       3.4598     0.100000    -1.613498          3
MinModeTranslate:   25  15:49:19    -9342.251004       3.5124     --------    -1.297677          3
MinModeTranslate:   25  15:49:19    -9342.251004       3.5124     0.100000    -1.297677          3
MinModeTranslate:   26  15:49:19    -9342.393040       3.3822     --------    -0.732842          3
MinModeTranslate:   26  15:49:19    -9342.393040       3.3822     0.100000    -0.732842          3
MinModeTranslate:   27  15:49:19    -9342.528189       2.6376     --------    -4.866767          3
MinModeTranslate:   27  15:49:19    -9342.528189       2.6376     0.100000    -4.866767          3
MinModeTranslate:   28  15:49:19    -9342.773486       2.5000     --------    -6.551446          3
MinModeTranslate:   28  15:49:19    -9342.773486       2.5000     0.100000    -6.551446          3
MinModeTranslate:   29  15:49:19    -9342.982205       2.3625     --------    -4.051122          3
MinModeTranslate:   29  15:49:19    -9342.982205       2.3625     0.100000    -4.051122          3
MinModeTranslate:   30  15:49:20    -9343.189609       1.6318     --------    -2.110427          3
MinModeTranslate:   30  15:49:20    -9343.189609       1.6318     0.100000    -2.110427          3
MinModeTranslate:   31  15:49:20    -9343.384104       1.2131     --------    -1.916434          3
MinModeTranslate:   31  15:49:20    -9343.384104       1.2131     0.100000    -1.916434          3
MinModeTranslate:   32  15:49:20    -9343.540051       1.3461     --------    -1.297136          3
MinModeTranslate:   32  15:49:20    -9343.540051       1.3461     0.100000    -1.297136          3
MinModeTranslate:   33  15:49:20    -9343.661600       1.7032     --------    -0.796470          3
MinModeTranslate:   33  15:49:20    -9343.661600       1.7032     0.100000    -0.796470          3
MinModeTranslate:   34  15:49:20    -9343.783544       1.1649     --------    -0.746950          3
MinModeTranslate:   34  15:49:20    -9343.783544       1.1649     0.032496    -0.746950          3
MinModeTranslate:   35  15:49:20    -9343.809290       1.2207     --------    -1.191071          3
MinModeTranslate:   35  15:49:20    -9343.809290       1.2207     0.100000    -1.191071          3
MinModeTranslate:   36  15:49:20    -9343.889308       1.2205     --------    -2.011070          3
MinModeTranslate:   36  15:49:20    -9343.889308       1.2205     0.045931    -2.011070          3
MinModeTranslate:   37  15:49:20    -9343.932384       1.1083     --------    -1.622590          3
MinModeTranslate:   37  15:49:20    -9343.932384       1.1083     0.100000    -1.622590          3
MinModeTranslate:   38  15:49:20    -9343.971287       1.2280     --------    -1.589014          3
MinModeTranslate:   38  15:49:20    -9343.971287       1.2280     0.100000    -1.589014          3
MinModeTranslate:   39  15:49:20    -9344.043945       1.2951     --------    -1.887513          3
MinModeTranslate:   39  15:49:20    -9344.043945       1.2951     0.029971    -1.887513          3
MinModeTranslate:   40  15:49:20    -9344.076846       0.7567     --------    -2.171676          3
MinModeTranslate:   40  15:49:20    -9344.076846       0.7567     0.029133    -2.171676          3
MinModeTranslate:   41  15:49:20    -9344.085734       0.7627     --------    -2.647663          3
MinModeTranslate:   41  15:49:20    -9344.085734       0.7627     0.100000    -2.647663          3
MinModeTranslate:   42  15:49:21    -9344.116672       0.7268     --------    -2.778595          3
MinModeTranslate:   42  15:49:21    -9344.116672       0.7268     0.094600    -2.778595          3
MinModeTranslate:   43  15:49:21    -9344.147150       1.2340     --------    -1.999828          3
MinModeTranslate:   43  15:49:21    -9344.147150       1.2340     0.100000    -1.999828          3
MinModeTranslate:   44  15:49:21    -9344.176047       0.7297     --------    -1.635140          3
MinModeTranslate:   44  15:49:21    -9344.176047       0.7297     0.030757    -1.635140          3
MinModeTranslate:   45  15:49:21    -9344.195456       0.6256     --------    -1.986492          3
MinModeTranslate:   45  15:49:21    -9344.195456       0.6256     0.022905    -1.986492          3
MinModeTranslate:   46  15:49:21    -9344.201992       0.4346     --------    -1.995907          3
MinModeTranslate:   46  15:49:21    -9344.201992       0.4346     0.036374    -1.995907          3
MinModeTranslate:   47  15:49:21    -9344.209678       0.5014     --------    -1.837076          3
MinModeTranslate:   47  15:49:21    -9344.209678       0.5014     0.100000    -1.837076          3
MinModeTranslate:   48  15:49:21    -9344.231662       0.8432     --------    -1.452196          3
MinModeTranslate:   48  15:49:21    -9344.231662       0.8432     0.099787    -1.452196          3
MinModeTranslate:   49  15:49:21    -9344.259084       0.6501     --------    -1.220384          3
MinModeTranslate:   49  15:49:21    -9344.259084       0.6501     0.088045    -1.220384          3
MinModeTranslate:   50  15:49:21    -9344.275786       0.6349     --------    -1.582013          3
MinModeTranslate:   50  15:49:21    -9344.275786       0.6349     0.100000    -1.582013          3
MinModeTranslate:   51  15:49:21    -9344.295796       0.6485     --------    -1.828028          3
MinModeTranslate:   51  15:49:21    -9344.295796       0.6485     0.030261    -1.828028          3
MinModeTranslate:   52  15:49:21    -9344.303515       0.2215     --------    -1.693488          3
MinModeTranslate:   52  15:49:21    -9344.303515       0.2215     0.021647    -1.693488          3
MinModeTranslate:   53  15:49:21    -9344.307250       0.2718     --------    -1.712809          3
MinModeTranslate:   53  15:49:22    -9344.307250       0.2718     0.032753    -1.712809          3
MinModeTranslate:   54  15:49:22    -9344.311135       0.3358     --------    -1.969384          3
MinModeTranslate:   54  15:49:22    -9344.311135       0.3358     0.031531    -1.969384          3
MinModeTranslate:   55  15:49:22    -9344.314088       0.3362     --------    -2.015413          3
MinModeTranslate:   55  15:49:22    -9344.314088       0.3362     0.050897    -2.015413          3
MinModeTranslate:   56  15:49:22    -9344.317968       0.2770     --------    -2.117443          3
MinModeTranslate:   56  15:49:22    -9344.317968       0.2770     0.030565    -2.117443          3
MinModeTranslate:   57  15:49:22    -9344.320089       0.3125     --------    -2.299636          3
MinModeTranslate:   57  15:49:22    -9344.320089       0.3125     0.032243    -2.299636          3
MinModeTranslate:   58  15:49:22    -9344.322490       0.2898     --------    -2.198466          3
MinModeTranslate:   58  15:49:22    -9344.322490       0.2898     0.027358    -2.198466          3
MinModeTranslate:   59  15:49:22    -9344.324242       0.1885     --------    -2.011161          3
MinModeTranslate:   59  15:49:22    -9344.324242       0.1885     0.025866    -2.011161          3
MinModeTranslate:   60  15:49:22    -9344.325938       0.2032     --------    -1.937573          3
MinModeTranslate:   60  15:49:22    -9344.325938       0.2032     0.021798    -1.937573          3
MinModeTranslate:   61  15:49:22    -9344.327573       0.1674     --------    -1.873962          3
MinModeTranslate:   61  15:49:22    -9344.327573       0.1674     0.015535    -1.873962          3
MinModeTranslate:   62  15:49:22    -9344.328604       0.1503     --------    -1.860072          3
MinModeTranslate:   62  15:49:22    -9344.328604       0.1503     0.021389    -1.860072          3
MinModeTranslate:   63  15:49:22    -9344.330002       0.1616     --------    -1.794552          3
MinModeTranslate:   63  15:49:22    -9344.330002       0.1616     0.013498    -1.794552          3
MinModeTranslate:   64  15:49:22    -9344.330891       0.1303     --------    -1.743579          3
MinModeTranslate:   64  15:49:23    -9344.330891       0.1303     0.021386    -1.743579          3
MinModeTranslate:   65  15:49:23    -9344.332066       0.1729     --------    -1.765424          3
MinModeTranslate:   65  15:49:23    -9344.332066       0.1729     0.032370    -1.765424          3
MinModeTranslate:   66  15:49:23    -9344.333898       0.1873     --------    -1.765172          3
MinModeTranslate:   66  15:49:23    -9344.333898       0.1873     0.012870    -1.765172          3
MinModeTranslate:   67  15:49:23    -9344.334699       0.1114     --------    -1.733261          3
MinModeTranslate:   67  15:49:23    -9344.334699       0.1114     0.016537    -1.733261          3
MinModeTranslate:   68  15:49:23    -9344.335351       0.1010     --------    -1.728899          3
MinModeTranslate:   68  15:49:23    -9344.335351       0.1010     0.013424    -1.728899          3
MinModeTranslate:   69  15:49:23    -9344.335863       0.1414     --------    -1.678901          3
MinModeTranslate:   69  15:49:23    -9344.335863       0.1414     0.010119    -1.678901          3
MinModeTranslate:   70  15:49:23    -9344.336219       0.1166     --------    -1.639979          3
MinModeTranslate:   70  15:49:23    -9344.336219       0.1166     0.018297    -1.639979          3
MinModeTranslate:   71  15:49:23    -9344.336669       0.0923     --------    -1.717222          3
MinModeTranslate:   71  15:49:23    -9344.336669       0.0923     0.015797    -1.717222          3
MinModeTranslate:   72  15:49:23    -9344.337021       0.1589     --------    -1.748238          3
MinModeTranslate:   72  15:49:23    -9344.337021       0.1589     0.023839    -1.748238          3
MinModeTranslate:   73  15:49:23    -9344.337725       0.0923     --------    -1.671286          3
MinModeTranslate:   73  15:49:23    -9344.337725       0.0923     0.016488    -1.671286          3
MinModeTranslate:   74  15:49:23    -9344.338056       0.1347     --------    -1.692059          3
MinModeTranslate:   74  15:49:23    -9344.338056       0.1347     0.032842    -1.692059          3
MinModeTranslate:   75  15:49:23    -9344.338732       0.1254     --------    -1.757228          3
MinModeTranslate:   75  15:49:23    -9344.338732       0.1254     0.010534    -1.757228          3
MinModeTranslate:   76  15:49:24    -9344.339154       0.0671     --------    -1.716397          3
MinModeTranslate:   76  15:49:24    -9344.339154       0.0671     0.012653    -1.716397          3
MinModeTranslate:   77  15:49:24    -9344.339589       0.0784     --------    -1.654016          3
MinModeTranslate:   77  15:49:24    -9344.339589       0.0784     0.014143    -1.654016          3
MinModeTranslate:   78  15:49:24    -9344.340014       0.0778     --------    -1.672801          3
MinModeTranslate:   78  15:49:24    -9344.340014       0.0778     0.010478    -1.672801          3
MinModeTranslate:   79  15:49:24    -9344.340307       0.1063     --------    -1.663573          3
MinModeTranslate:   79  15:49:24    -9344.340307       0.1063     0.031892    -1.663573          3
MinModeTranslate:   80  15:49:24    -9344.341181       0.1431     --------    -1.654094          3
MinModeTranslate:   80  15:49:24    -9344.341181       0.1431     0.035779    -1.654094          3
MinModeTranslate:   81  15:49:24    -9344.341979       0.1647     --------    -1.707873          3
MinModeTranslate:   81  15:49:24    -9344.341979       0.1647     0.090778    -1.707873          3
MinModeTranslate:   82  15:49:24    -9344.344301       0.2118     --------    -1.807307          3
MinModeTranslate:   82  15:49:24    -9344.344301       0.2118     0.061500    -1.807307          3
MinModeTranslate:   83  15:49:24    -9344.346560       0.2167     --------    -1.674544          3
MinModeTranslate:   83  15:49:24    -9344.346560       0.2167     0.066850    -1.674544          3
MinModeTranslate:   84  15:49:24    -9344.349071       0.2025     --------    -1.785398          3
MinModeTranslate:   84  15:49:24    -9344.349071       0.2025     0.088036    -1.785398          3
MinModeTranslate:   85  15:49:24    -9344.351246       0.3986     --------    -1.938578          3
MinModeTranslate:   85  15:49:24    -9344.351246       0.3986     0.038223    -1.938578          3
MinModeTranslate:   86  15:49:24    -9344.351636       0.4117     --------    -1.949675          3
MinModeTranslate:   86  15:49:25    -9344.351636       0.4117     0.023244    -1.949675          3
MinModeTranslate:   87  15:49:25    -9344.355046       0.1821     --------    -1.782640          3
MinModeTranslate:   87  15:49:25    -9344.355046       0.1821     0.008958    -1.782640          3
MinModeTranslate:   88  15:49:25    -9344.356040       0.1073     --------    -1.808765          3
MinModeTranslate:   88  15:49:25    -9344.356040       0.1073     0.010181    -1.808765          3
MinModeTranslate:   89  15:49:25    -9344.356779       0.1179     --------    -1.894835          3
MinModeTranslate:   89  15:49:25    -9344.356779       0.1179     0.011372    -1.894835          3
MinModeTranslate:   90  15:49:25    -9344.357496       0.1589     --------    -1.897946          3
MinModeTranslate:   90  15:49:25    -9344.357496       0.1589     0.013167    -1.897946          3
MinModeTranslate:   91  15:49:25    -9344.358236       0.1376     --------    -1.951320          3
MinModeTranslate:   91  15:49:25    -9344.358236       0.1376     0.012472    -1.951320          3
MinModeTranslate:   92  15:49:25    -9344.358872       0.0814     --------    -2.019617          3
MinModeTranslate:   92  15:49:25    -9344.358872       0.0814     0.008450    -2.019617          3
MinModeTranslate:   93  15:49:25    -9344.359220       0.0944     --------    -2.011366          3
MinModeTranslate:   93  15:49:25    -9344.359220       0.0944     0.005418    -2.011366          3
MinModeTranslate:   94  15:49:25    -9344.359421       0.0673     --------    -1.978664          3
MinModeTranslate:   94  15:49:25    -9344.359421       0.0673     0.008488    -1.978664          3
MinModeTranslate:   95  15:49:25    -9344.359706       0.0620     --------    -1.933719          3
MinModeTranslate:   95  15:49:25    -9344.359706       0.0620     0.009437    -1.933719          3
MinModeTranslate:   96  15:49:26    -9344.359975       0.0638     --------    -1.970363          3
MinModeTranslate:   96  15:49:26    -9344.359975       0.0638     0.008519    -1.970363          3
MinModeTranslate:   97  15:49:26    -9344.360208       0.0998     --------    -1.981030          2
MinModeTranslate:   97  15:49:26    -9344.360208       0.0998     0.015930    -1.981030          2
MinModeTranslate:   98  15:49:26    -9344.360612       0.0805     --------    -1.939050          3
MinModeTranslate:   98  15:49:26    -9344.360612       0.0805     0.008321    -1.939050          3
MinModeTranslate:   99  15:49:26    -9344.360818       0.0388     --------    -1.964900          1
MinModeTranslate:   99  15:49:26    -9344.360818       0.0388     0.004946    -1.964900          1
MinModeTranslate:  100  15:49:26    -9344.360927       0.0683     --------    -1.981708          2
MinModeTranslate:  100  15:49:26    -9344.360927       0.0683     0.011013    -1.981708          2
MinModeTranslate:  101  15:49:26    -9344.361158       0.0607     --------    -1.959666          1
MinModeTranslate:  101  15:49:26    -9344.361158       0.0607     0.007849    -1.959666          1
MinModeTranslate:  102  15:49:26    -9344.361306       0.0384     --------    -1.957933          2
MinModeTranslate:  102  15:49:26    -9344.361306       0.0384     0.008734    -1.957933          2
MinModeTranslate:  103  15:49:26    -9344.361475       0.0750     --------    -1.974951          2
MinModeTranslate:  103  15:49:26    -9344.361475       0.0750     0.012887    -1.974951          2
MinModeTranslate:  104  15:49:26    -9344.361699       0.0666     --------    -1.960472          2
MinModeTranslate:  104  15:49:26    -9344.361699       0.0666     0.010857    -1.960472          2
MinModeTranslate:  105  15:49:26    -9344.361897       0.0710     --------    -1.965759          2
MinModeTranslate:  105  15:49:26    -9344.361897       0.0710     0.016820    -1.965759          2
MinModeTranslate:  106  15:49:26    -9344.362181       0.0502     --------    -1.995895          2
MinModeTranslate:  106  15:49:26    -9344.362181       0.0502     0.006076    -1.995895          2
MinModeTranslate:  107  15:49:26    -9344.362278       0.0412     --------    -1.991363          2
MinModeTranslate:  107  15:49:26    -9344.362278       0.0412     0.002963    -1.991363          2
MinModeTranslate:  108  15:49:26    -9344.362329       0.0356     --------    -1.984313          2
MinModeTranslate:  108  15:49:26    -9344.362329       0.0356     0.013796    -1.984313          2
MinModeTranslate:  109  15:49:27    -9344.362511       0.0556     --------    -1.965011          2
MinModeTranslate:  109  15:49:27    -9344.362511       0.0556     0.007896    -1.965011          2
MinModeTranslate:  110  15:49:27    -9344.362614       0.0632     --------    -1.974031          2
MinModeTranslate:  110  15:49:27    -9344.362614       0.0632     0.016830    -1.974031          2
MinModeTranslate:  111  15:49:27    -9344.362853       0.0770     --------    -1.993693          2
MinModeTranslate:  111  15:49:27    -9344.362853       0.0770     0.014042    -1.993693          2
MinModeTranslate:  112  15:49:27    -9344.363041       0.0365     --------    -1.942852          2
MinModeTranslate:  112  15:49:27    -9344.363041       0.0365     0.010034    -1.942852          2
MinModeTranslate:  113  15:49:27    -9344.363128       0.0506     --------    -1.934609          2
MinModeTranslate:  113  15:49:27    -9344.363128       0.0506     0.009630    -1.934609          2
MinModeTranslate:  114  15:49:27    -9344.363237       0.0529     --------    -1.950816          2
MinModeTranslate:  114  15:49:27    -9344.363237       0.0529     0.008409    -1.950816          2
MinModeTranslate:  115  15:49:27    -9344.363313       0.0509     --------    -1.931055          2
MinModeTranslate:  115  15:49:27    -9344.363313       0.0509     0.012620    -1.931055          2
MinModeTranslate:  116  15:49:27    -9344.363435       0.0458     --------    -1.903142          2
MinModeTranslate:  116  15:49:27    -9344.363435       0.0458     0.012943    -1.903142          2
MinModeTranslate:  117  15:49:27    -9344.363553       0.0551     --------    -1.923762          2
MinModeTranslate:  117  15:49:27    -9344.363553       0.0551     0.012887    -1.923762          2
MinModeTranslate:  118  15:49:27    -9344.363662       0.0376     --------    -1.904690          2
MinModeTranslate:  118  15:49:27    -9344.363662       0.0376     0.009652    -1.904690          2
MinModeTranslate:  119  15:49:27    -9344.363764       0.0458     --------    -1.851184          3
MinModeTranslate:  119  15:49:27    -9344.363764       0.0458     0.018987    -1.851184          3
MinModeTranslate:  120  15:49:27    -9344.363937       0.0733     --------    -1.821439          3
MinModeTranslate:  120  15:49:27    -9344.363937       0.0733     0.012669    -1.821439          3
MinModeTranslate:  121  15:49:28    -9344.364040       0.0495     --------    -1.809581          2
MinModeTranslate:  121  15:49:28    -9344.364040       0.0495     0.002930    -1.809581          2
MinModeTranslate:  122  15:49:28    -9344.364071       0.0244     --------    -1.808154          1
MinModeTranslate:  122  15:49:28    -9344.364071       0.0244     0.002136    -1.808154          1
MinModeTranslate:  123  15:49:28    -9344.364093       0.0257     --------    -1.814539          1
MinModeTranslate:  123  15:49:28    -9344.364093       0.0257     0.003068    -1.814539          1
MinModeTranslate:  124  15:49:28    -9344.364120       0.0163     --------    -1.824670          1
MinModeTranslate:  124  15:49:28    -9344.364120       0.0163     0.001826    -1.824670          1
MinModeTranslate:  125  15:49:28    -9344.364135       0.0232     --------    -1.829614          1
MinModeTranslate:  125  15:49:28    -9344.364135       0.0232     0.007203    -1.829614          1
MinModeTranslate:  126  15:49:28    -9344.364189       0.0275     --------    -1.819430          1
MinModeTranslate:  126  15:49:28    -9344.364189       0.0275     0.005851    -1.819430          1
MinModeTranslate:  127  15:49:28    -9344.364238       0.0347     --------    -1.827971          1
MinModeTranslate:  127  15:49:28    -9344.364238       0.0347     0.003600    -1.827971          1
MinModeTranslate:  128  15:49:28    -9344.364262       0.0193     --------    -1.840878          1
MinModeTranslate:  128  15:49:28    -9344.364262       0.0193     0.003521    -1.840878          1
MinModeTranslate:  129  15:49:28    -9344.364284       0.0204     --------    -1.834805          1
MinModeTranslate:  129  15:49:28    -9344.364284       0.0204     0.007770    -1.834805          1
MinModeTranslate:  130  15:49:28    -9344.364336       0.0428     --------    -1.839550          1
MinModeTranslate:  130  15:49:28    -9344.364336       0.0428     0.006053    -1.839550          1
MinModeTranslate:  131  15:49:28    -9344.364367       0.0343     --------    -1.838594          1
MinModeTranslate:  131  15:49:28    -9344.364367       0.0343     0.010177    -1.838594          1
MinModeTranslate:  132  15:49:28    -9344.364431       0.0338     --------    -1.800104          1
MinModeTranslate:  132  15:49:28    -9344.364431       0.0338     0.011630    -1.800104          1
MinModeTranslate:  133  15:49:28    -9344.364495       0.0292     --------    -1.801693          3
MinModeTranslate:  133  15:49:28    -9344.364495       0.0292     0.008835    -1.801693          3
MinModeTranslate:  134  15:49:28    -9344.364551       0.0507     --------    -1.803155          2
MinModeTranslate:  134  15:49:28    -9344.364551       0.0507     0.019605    -1.803155          2
MinModeTranslate:  135  15:49:28    -9344.364659       0.0364     --------    -1.759283          3
MinModeTranslate:  135  15:49:28    -9344.364659       0.0364     0.006460    -1.759283          3
MinModeTranslate:  136  15:49:28    -9344.364693       0.0214     --------    -1.761472          3
MinModeTranslate:  136  15:49:29    -9344.364693       0.0214     0.006208    -1.761472          3
MinModeTranslate:  137  15:49:29    -9344.364735       0.0377     --------    -1.779843          1
MinModeTranslate:  137  15:49:29    -9344.364735       0.0377     0.008035    -1.779843          1
MinModeTranslate:  138  15:49:29    -9344.364780       0.0272     --------    -1.776195          2
MinModeTranslate:  138  15:49:29    -9344.364780       0.0272     0.004899    -1.776195          2
MinModeTranslate:  139  15:49:29    -9344.364810       0.0234     --------    -1.776120          1
MinModeTranslate:  139  15:49:29    -9344.364810       0.0234     0.012765    -1.776120          1
MinModeTranslate:  140  15:49:29    -9344.364871       0.0384     --------    -1.787659          3
MinModeTranslate:  140  15:49:29    -9344.364871       0.0384     0.011596    -1.787659          3
MinModeTranslate:  141  15:49:29    -9344.364934       0.0410     --------    -1.762440          3
MinModeTranslate:  141  15:49:29    -9344.364934       0.0410     0.005486    -1.762440          3
MinModeTranslate:  142  15:49:29    -9344.364971       0.0238     --------    -1.751067          2
MinModeTranslate:  142  15:49:29    -9344.364971       0.0238     0.007641    -1.751067          2
MinModeTranslate:  143  15:49:29    -9344.365010       0.0201     --------    -1.745235          3
MinModeTranslate:  143  15:49:29    -9344.365010       0.0201     0.004460    -1.745235          3
MinModeTranslate:  144  15:49:29    -9344.365029       0.0353     --------    -1.736303          1
MinModeTranslate:  144  15:49:29    -9344.365029       0.0353     0.006670    -1.736303          1
MinModeTranslate:  145  15:49:29    -9344.365069       0.0217     --------    -1.729994          3
MinModeTranslate:  145  15:49:29    -9344.365069       0.0217     0.005847    -1.729994          3
MinModeTranslate:  146  15:49:29    -9344.365094       0.0207     --------    -1.723281          1
MinModeTranslate:  146  15:49:29    -9344.365094       0.0207     0.002655    -1.723281          1
MinModeTranslate:  147  15:49:29    -9344.365104       0.0161     --------    -1.715203          1
MinModeTranslate:  147  15:49:29    -9344.365104       0.0161     0.002676    -1.715203          1
MinModeTranslate:  148  15:49:29    -9344.365116       0.0183     --------    -1.706321          2
MinModeTranslate:  148  15:49:29    -9344.365116       0.0183     0.004042    -1.706321          2
MinModeTranslate:  149  15:49:29    -9344.365134       0.0195     --------    -1.697151          3
MinModeTranslate:  149  15:49:29    -9344.365134       0.0195     0.003337    -1.697151          3
MinModeTranslate:  150  15:49:29    -9344.365152       0.0098     --------    -1.702999          1
MinModeTranslate:  150  15:49:29    -9344.365152       0.0098     0.001721    -1.702999          1
MinModeTranslate:  151  15:49:30    -9344.365150       0.0175     --------    -1.709193          1
MinModeTranslate:  151  15:49:30    -9344.365150       0.0175     0.002871    -1.709193          1
MinModeTranslate:  152  15:49:30    -9344.365162       0.0121     --------    -1.710955          1
MinModeTranslate:  152  15:49:30    -9344.365162       0.0121     0.001941    -1.710955          1
MinModeTranslate:  153  15:49:30    -9344.365172       0.0097     --------    -1.712017          1
MinModeTranslate:  153  15:49:30    -9344.365172       0.0097     0.003011    -1.712017          1
MinModeTranslate:  154  15:49:30    -9344.365186       0.0229     --------    -1.707477          1
MinModeTranslate:  154  15:49:30    -9344.365186       0.0229     0.004184    -1.707477          1
MinModeTranslate:  155  15:49:30    -9344.365194       0.0111     --------    -1.697193          1
MinModeTranslate:  155  15:49:30    -9344.365194       0.0111     0.001022    -1.697193          1
MinModeTranslate:  156  15:49:30    -9344.365203       0.0076     --------    -1.700140          1
MinModeTranslate:  156  15:49:30    -9344.365203       0.0076     0.001599    -1.700140          1
MinModeTranslate:  157  15:49:30    -9344.365202       0.0080     --------    -1.697469          1
MinModeTranslate:  157  15:49:30    -9344.365202       0.0080     0.001265    -1.697469          1
MinModeTranslate:  158  15:49:30    -9344.365210       0.0133     --------    -1.692205          1
MinModeTranslate:  158  15:49:30    -9344.365210       0.0133     0.002784    -1.692205          1
MinModeTranslate:  159  15:49:30    -9344.365214       0.0158     --------    -1.695832          1
MinModeTranslate:  159  15:49:30    -9344.365214       0.0158     0.005984    -1.695832          1
MinModeTranslate:  160  15:49:30    -9344.365227       0.0129     --------    -1.702172          1
