MinModeTranslate: STEP      TIME          ENERGY    MAX-FORCE     STEPSIZE    CURVATURE  ROT-STEPS
MinModeTranslate:    0  17:27:05   -12454.776719       8.8934     --------    -9.561203          3
MinModeTranslate:    0  17:27:05   -12454.776719       8.8934     0.100000    -9.561203          3
MinModeTranslate:    1  17:27:05   -12455.789837       1.4692     --------     0.354644          3
MinModeTranslate:    1  17:27:05   -12455.789837       1.4692     0.100000     0.354644          3
MinModeTranslate:    2  17:27:05   -12455.549270       0.9672     --------     0.322607          3
MinModeTranslate:    2  17:27:05   -12455.549270       0.9672     0.100000     0.322607          3
MinModeTranslate:    3  17:27:05   -12455.372158       4.7454     --------    -1.112715          3
MinModeTranslate:    3  17:27:05   -12455.372158       4.7454     0.100000    -1.112715          3
MinModeTranslate:    4  17:27:05   -12455.358986       4.7771     --------    -3.018435          3
MinModeTranslate:    4  17:27:05   -12455.358986       4.7771     0.100000    -3.018435          3
MinModeTranslate:    5  17:27:05   -12456.038493       4.9073     --------    -2.075236          3
MinModeTranslate:    5  17:27:05   -12456.038493       4.9073     0.100000    -2.075236          3
MinModeTranslate:    6  17:27:05   -12456.750711       5.0390     --------    -1.486002          3
MinModeTranslate:    6  17:27:05   -12456.750711       5.0390     0.100000    -1.486002          3
MinModeTranslate:    7  17:27:05   -12457.442996       4.7180     --------    -1.190268          3
MinModeTranslate:    7  17:27:05   -12457.442996       4.7180     0.100000    -1.190268          3
MinModeTranslate:    8  17:27:05   -12458.015894       3.6107     --------    -1.087002          3
MinModeTranslate:    8  17:27:05   -12458.015894       3.6107     0.100000    -1.087002          3
MinModeTranslate:    9  17:27:06   -12458.415602       2.0995     --------    -0.779794          3
MinModeTranslate:    9  17:27:06   -12458.415602       2.0995     0.100000    -0.779794          3
MinModeTranslate:   10  17:27:06   -12458.623701       2.0901     --------    -0.587490          3
MinModeTranslate:   10  17:27:06   -12458.623701       2.0901     0.100000    -0.587490          3
MinModeTranslate:   11  17:27:06   -12458.807056       1.1115     --------    -0.473106          3
MinModeTranslate:   11  17:27:06   -12458.807056       1.1115     0.100000    -0.473106          3
MinModeTranslate:   12  17:27:06   -12458.927824       0.6581     --------    -0.327459          3
MinModeTranslate:   12  17:27:06   -12458.927824       0.6581     0.100000    -0.327459          3
MinModeTranslate:   13  17:27:06   -12459.024018       1.7964     --------    -0.256501          3
MinModeTranslate:   13  17:27:06   -12459.024018       1.7964     0.100000    -0.256501          3
MinModeTranslate:   14  17:27:06   -12459.131630       0.7349     --------    -0.222330          3
MinModeTranslate:   14  17:27:06   -12459.131630       0.7349     0.100000    -0.222330          3
MinModeTranslate:   15  17:27:06   -12459.224574       0.8044     --------    -0.262970          3
MinModeTranslate:   15  17:27:06   -12459.224574       0.8044     0.100000    -0.262970          3
MinModeTranslate:   16  17:27:06   -12459.294818       1.2647     --------    -0.222293          3
MinModeTranslate:   16  17:27:06   -12459.294818       1.2647     0.100000    -0.222293          3
MinModeTranslate:   17  17:27:06   -12459.362989       1.1538     --------    -0.212935          3
MinModeTranslate:   17  17:27:06   -12459.362989       1.1538     0.028779    -0.212935          3
MinModeTranslate:   18  17:27:06   -12459.395356       0.7916     --------    -0.247394          3
MinModeTranslate:   18  17:27:06   -12459.395356       0.7916     0.063009    -0.247394          3
MinModeTranslate:   19  17:27:06   -12459.431240       0.9359     --------    -0.186618          3
MinModeTranslate:   19  17:27:06   -12459.431240       0.9359     0.048609    -0.186618          3
MinModeTranslate:   20  17:27:06   -12459.460054       0.8748     --------    -0.126381          3
MinModeTranslate:   20  17:27:07   -12459.460054       0.8748     0.094307    -0.126381          3
MinModeTranslate:   21  17:27:07   -12459.503410       1.2904     --------    -0.148511          3
MinModeTranslate:   21  17:27:07   -12459.503410       1.2904     0.100000    -0.148511          3
MinModeTranslate:   22  17:27:07   -12459.568217       1.3547     --------    -0.156727          3
MinModeTranslate:   22  17:27:07   -12459.568217       1.3547     0.023762    -0.156727          3
MinModeTranslate:   23  17:27:07   -12459.591886       0.6283     --------    -0.125594          3
MinModeTranslate:   23  17:27:07   -12459.591886       0.6283     0.021755    -0.125594          3
MinModeTranslate:   24  17:27:07   -12459.602741       0.3692     --------    -0.139837          3
MinModeTranslate:   24  17:27:07   -12459.602741       0.3692     0.075407    -0.139837          3
MinModeTranslate:   25  17:27:07   -12459.626372       0.7206     --------    -0.075511          3
MinModeTranslate:   25  17:27:07   -12459.626372       0.7206     0.100000    -0.075511          3
MinModeTranslate:   26  17:27:07   -12459.670365       0.8961     --------    -0.073421          3
MinModeTranslate:   26  17:27:07   -12459.670365       0.8961     0.043330    -0.073421          3
MinModeTranslate:   27  17:27:07   -12459.692588       1.0319     --------    -0.073192          3
MinModeTranslate:   27  17:27:07   -12459.692588       1.0319     0.070104    -0.073192          3
MinModeTranslate:   28  17:27:07   -12459.714058       1.0803     --------    -0.083841          3
MinModeTranslate:   28  17:27:07   -12459.714058       1.0803     0.077973    -0.083841          3
MinModeTranslate:   29  17:27:07   -12459.743050       1.2496     --------    -0.058458          3
MinModeTranslate:   29  17:27:07   -12459.743050       1.2496     0.054843    -0.058458          3
MinModeTranslate:   30  17:27:07   -12459.762401       0.7001     --------    -0.030172          3
MinModeTranslate:   30  17:27:07   -12459.762401       0.7001     0.092617    -0.030172          3
MinModeTranslate:   31  17:27:07   -12459.790494       0.6433     --------    -0.014644          3
MinModeTranslate:   31  17:27:07   -12459.790494       0.6433     0.064179    -0.014644          3
MinModeTranslate:   32  17:27:07   -12459.807617       0.9806     --------    -0.043034          3
MinModeTranslate:   32  17:27:07   -12459.807617       0.9806     0.088565    -0.043034          3
MinModeTranslate:   33  17:27:08   -12459.829291       0.5902     --------    -0.040017          3
MinModeTranslate:   33  17:27:08   -12459.829291       0.5902     0.096822    -0.040017          3
MinModeTranslate:   34  17:27:08   -12459.851812       0.0074     --------     0.049884          3
MinModeTranslate:   34  17:27:08   -12459.851812       0.0074     0.100000     0.049884          3
MinModeTranslate:   35  17:27:08   -12459.850125       0.0074     --------     0.030773          3
MinModeTranslate:   35  17:27:08   -12459.850125       0.0074     0.100000     0.030773          3
MinModeTranslate:   36  17:27:08   -12459.848513       0.0081     --------     0.027696          3
MinModeTranslate:   36  17:27:08   -12459.848513       0.0081     0.100000     0.027696          3
MinModeTranslate:   37  17:27:08   -12459.846724       0.0075     --------     0.038281          3
MinModeTranslate:   37  17:27:08   -12459.846724       0.0075     0.100000     0.038281          3
MinModeTranslate:   38  17:27:08   -12459.845011       0.0096     --------     0.054834          3
MinModeTranslate:   38  17:27:08   -12459.845011       0.0096     0.100000     0.054834          3
MinModeTranslate:   39  17:27:08   -12459.842753       0.0095     --------     0.070670          3
MinModeTranslate:   39  17:27:08   -12459.842753       0.0095     0.100000     0.070670          3
MinModeTranslate:   40  17:27:08   -12459.840464       0.0136     --------     0.078599          3
MinModeTranslate:   40  17:27:08   -12459.840464       0.0136     0.100000     0.078599          3
MinModeTranslate:   41  17:27:08   -12459.837303       0.0137     --------     0.087655          3
MinModeTranslate:   41  17:27:08   -12459.837303       0.0137     0.100000     0.087655          3
MinModeTranslate:   42  17:27:08   -12459.834049       0.0187     --------     0.105943          3
MinModeTranslate:   42  17:27:08   -12459.834049       0.0187     0.100000     0.105943          3
MinModeTranslate:   43  17:27:08   -12459.829643       0.0200     --------     0.148342          3
MinModeTranslate:   43  17:27:08   -12459.829643       0.0200     0.100000     0.148342          3
MinModeTranslate:   44  17:27:08   -12459.824630       0.0283     --------     0.205822          3
MinModeTranslate:   44  17:27:08   -12459.824630       0.0283     0.100000     0.205822          3
MinModeTranslate:   45  17:27:08   -12459.817624       0.0338     --------     0.265949          3
MinModeTranslate:   45  17:27:08   -12459.817624       0.0338     0.100000     0.265949          3
MinModeTranslate:   46  17:27:08   -12459.808966       0.0458     --------     0.297367          3
MinModeTranslate:   46  17:27:08   -12459.808966       0.0458     0.100000     0.297367          3
MinModeTranslate:   47  17:27:09   -12459.797770       0.0528     --------     0.297346          3
MinModeTranslate:   47  17:27:09   -12459.797770       0.0528     0.100000     0.297346          3
MinModeTranslate:   48  17:27:09   -12459.785089       0.0622     --------     0.259324          3
MinModeTranslate:   48  17:27:09   -12459.785089       0.0622     0.100000     0.259324          3
MinModeTranslate:   49  17:27:09   -12459.770778       0.0646     --------     0.195557          3
MinModeTranslate:   49  17:27:09   -12459.770778       0.0646     0.100000     0.195557          3
MinModeTranslate:   50  17:27:09   -12459.756469       0.0668     --------     0.106471          3
MinModeTranslate:   50  17:27:09   -12459.756469       0.0668     0.100000     0.106471          3
MinModeTranslate:   51  17:27:09   -12459.742166       0.0609     --------     0.022834          3
MinModeTranslate:   51  17:27:09   -12459.742166       0.0609     0.100000     0.022834          3
MinModeTranslate:   52  17:27:09   -12459.729509       0.8275     --------    -0.034505          3
MinModeTranslate:   52  17:27:09   -12459.729509       0.8275     0.100000    -0.034505          3
MinModeTranslate:   53  17:27:09   -12459.727291       0.6012     --------    -0.056752          3
MinModeTranslate:   53  17:27:09   -12459.727291       0.6012     0.017493    -0.056752          3
MinModeTranslate:   54  17:27:09   -12459.738127       0.4408     --------    -0.099193          3
MinModeTranslate:   54  17:27:09   -12459.738127       0.4408     0.035763    -0.099193          3
MinModeTranslate:   55  17:27:09   -12459.751128       0.7224     --------    -0.141088          3
MinModeTranslate:   55  17:27:09   -12459.751128       0.7224     0.043318    -0.141088          3
MinModeTranslate:   56  17:27:09   -12459.765488       0.3325     --------    -0.139121          3
MinModeTranslate:   56  17:27:09   -12459.765488       0.3325     0.048276    -0.139121          3
MinModeTranslate:   57  17:27:09   -12459.777847       0.6511     --------    -0.134391          3
MinModeTranslate:   57  17:27:09   -12459.777847       0.6511     0.047166    -0.134391          3
MinModeTranslate:   58  17:27:09   -12459.788832       0.4122     --------    -0.100962          3
MinModeTranslate:   58  17:27:09   -12459.788832       0.4122     0.048768    -0.100962          3
MinModeTranslate:   59  17:27:09   -12459.799083       0.3997     --------    -0.055129          3
MinModeTranslate:   59  17:27:09   -12459.799083       0.3997     0.059012    -0.055129          3
MinModeTranslate:   60  17:27:09   -12459.809125       0.7766     --------    -0.074930          3
MinModeTranslate:   60  17:27:10   -12459.809125       0.7766     0.070289    -0.074930          3
MinModeTranslate:   61  17:27:10   -12459.821194       0.3091     --------    -0.080642          3
MinModeTranslate:   61  17:27:10   -12459.821194       0.3091     0.049713    -0.080642          3
MinModeTranslate:   62  17:27:10   -12459.827814       0.5394     --------    -0.049701          3
MinModeTranslate:   62  17:27:10   -12459.827814       0.5394     0.090408    -0.049701          3
MinModeTranslate:   63  17:27:10   -12459.839094       0.4891     --------    -0.044612          3
MinModeTranslate:   63  17:27:10   -12459.839094       0.4891     0.053175    -0.044612          3
MinModeTranslate:   64  17:27:10   -12459.846526       0.5104     --------    -0.053292          3
MinModeTranslate:   64  17:27:10   -12459.846526       0.5104     0.080194    -0.053292          3
MinModeTranslate:   65  17:27:10   -12459.855686       0.3578     --------    -0.041067          3
MinModeTranslate:   65  17:27:10   -12459.855686       0.3578     0.099962    -0.041067          3
MinModeTranslate:   66  17:27:10   -12459.867394       0.4222     --------    -0.039122          3
MinModeTranslate:   66  17:27:10   -12459.867394       0.4222     0.033237    -0.039122          3
MinModeTranslate:   67  17:27:10   -12459.871431       0.3776     --------    -0.052449          3
MinModeTranslate:   67  17:27:10   -12459.871431       0.3776     0.100000    -0.052449          3
MinModeTranslate:   68  17:27:10   -12459.883370       0.3366     --------    -0.060448          3
MinModeTranslate:   68  17:27:10   -12459.883370       0.3366     0.090782    -0.060448          3
MinModeTranslate:   69  17:27:10   -12459.894668       0.0098     --------     0.018573          3
MinModeTranslate:   69  17:27:10   -12459.894668       0.0098     0.100000     0.018573          3
MinModeTranslate:   70  17:27:10   -12459.892634       0.5225     --------    -0.000020          3
MinModeTranslate:   70  17:27:10   -12459.892634       0.5225     0.100000    -0.000020          3
MinModeTranslate:   71  17:27:10   -12459.892382       0.4674     --------    -0.007658          3
MinModeTranslate:   71  17:27:10   -12459.892382       0.4674     0.008874    -0.007658          3
MinModeTranslate:   72  17:27:11   -12459.896104       0.2255     --------    -0.029488          3
MinModeTranslate:   72  17:27:11   -12459.896104       0.2255     0.011805    -0.029488          3
MinModeTranslate:   73  17:27:11   -12459.898370       0.2666     --------    -0.032620          3
MinModeTranslate:   73  17:27:11   -12459.898370       0.2666     0.019341    -0.032620          3
MinModeTranslate:   74  17:27:11   -12459.901388       0.1490     --------    -0.013440          3
MinModeTranslate:   74  17:27:11   -12459.901388       0.1490     0.019056    -0.013440          3
MinModeTranslate:   75  17:27:11   -12459.903664       0.2826     --------    -0.021972          3
MinModeTranslate:   75  17:27:11   -12459.903664       0.2826     0.018043    -0.021972          3
MinModeTranslate:   76  17:27:11   -12459.905540       0.1780     --------    -0.024913          3
MinModeTranslate:   76  17:27:11   -12459.905540       0.1780     0.038509    -0.024913          3
MinModeTranslate:   77  17:27:11   -12459.909136       0.1965     --------    -0.000430          3
MinModeTranslate:   77  17:27:11   -12459.909136       0.1965     0.038290    -0.000430          3
MinModeTranslate:   78  17:27:11   -12459.912468       0.3195     --------    -0.002368          3
MinModeTranslate:   78  17:27:11   -12459.912468       0.3195     0.053514    -0.002368          3
MinModeTranslate:   79  17:27:11   -12459.916810       0.0056     --------     0.014279          3
MinModeTranslate:   79  17:27:11   -12459.916810       0.0056     0.100000     0.014279          3
MinModeTranslate:   80  17:27:11   -12459.915653       0.0056     --------     0.001504          3
MinModeTranslate:   80  17:27:11   -12459.915653       0.0056     0.100000     0.001504          3
MinModeTranslate:   81  17:27:11   -12459.914564       0.3035     --------    -0.000271          3
MinModeTranslate:   81  17:27:11   -12459.914564       0.3035     0.100000    -0.000271          3
MinModeTranslate:   82  17:27:11   -12459.914337       0.0051     --------     0.007832          3
MinModeTranslate:   82  17:27:11   -12459.914337       0.0051     0.100000     0.007832          3
MinModeTranslate:   83  17:27:11   -12459.913305       0.0049     --------     0.004097          3
MinModeTranslate:   83  17:27:11   -12459.913305       0.0049     0.100000     0.004097          3
MinModeTranslate:   84  17:27:12   -12459.912358       0.2600     --------    -0.014864          3
MinModeTranslate:   84  17:27:12   -12459.912358       0.2600     0.100000    -0.014864          3
MinModeTranslate:   85  17:27:12   -12459.912350       0.2130     --------    -0.039260          3
MinModeTranslate:   85  17:27:12   -12459.912350       0.2130     0.011799    -0.039260          3
MinModeTranslate:   86  17:27:12   -12459.915330       0.2462     --------    -0.074193          3
MinModeTranslate:   86  17:27:12   -12459.915330       0.2462     0.008961    -0.074193          3
MinModeTranslate:   87  17:27:12   -12459.916841       0.1834     --------    -0.091825          3
MinModeTranslate:   87  17:27:12   -12459.916841       0.1834     0.020023    -0.091825          3
MinModeTranslate:   88  17:27:12   -12459.919337       0.1437     --------    -0.099427          3
MinModeTranslate:   88  17:27:12   -12459.919337       0.1437     0.012377    -0.099427          3
MinModeTranslate:   89  17:27:12   -12459.920571       0.1229     --------    -0.120995          3
MinModeTranslate:   89  17:27:12   -12459.920571       0.1229     0.012012    -0.120995          3
MinModeTranslate:   90  17:27:12   -12459.921596       0.1254     --------    -0.120767          3
MinModeTranslate:   90  17:27:12   -12459.921596       0.1254     0.024139    -0.120767          3
MinModeTranslate:   91  17:27:12   -12459.923402       0.1702     --------    -0.100177          3
MinModeTranslate:   91  17:27:12   -12459.923402       0.1702     0.020735    -0.100177          3
MinModeTranslate:   92  17:27:12   -12459.924825       0.1094     --------    -0.120709          3
MinModeTranslate:   92  17:27:12   -12459.924825       0.1094     0.047794    -0.120709          3
MinModeTranslate:   93  17:27:12   -12459.927758       0.2242     --------    -0.112338          3
MinModeTranslate:   93  17:27:12   -12459.927758       0.2242     0.051070    -0.112338          3
MinModeTranslate:   94  17:27:12   -12459.930771       0.3669     --------    -0.101524          3
MinModeTranslate:   94  17:27:12   -12459.930771       0.3669     0.076876    -0.101524          3
MinModeTranslate:   95  17:27:13   -12459.935454       0.2490     --------    -0.088080          3
MinModeTranslate:   95  17:27:13   -12459.935454       0.2490     0.100000    -0.088080          3
MinModeTranslate:   96  17:27:13   -12459.943358       0.2173     --------    -0.047174          3
MinModeTranslate:   96  17:27:13   -12459.943358       0.2173     0.031864    -0.047174          3
MinModeTranslate:   97  17:27:13   -12459.947289       0.2815     --------    -0.067108          3
MinModeTranslate:   97  17:27:13   -12459.947289       0.2815     0.040954    -0.067108          3
MinModeTranslate:   98  17:27:13   -12459.950795       0.2951     --------    -0.075176          3
MinModeTranslate:   98  17:27:13   -12459.950795       0.2951     0.033468    -0.075176          3
MinModeTranslate:   99  17:27:13   -12459.954643       0.1894     --------    -0.060985          3
MinModeTranslate:   99  17:27:13   -12459.954643       0.1894     0.014557    -0.060985          3
MinModeTranslate:  100  17:27:13   -12459.956121       0.1636     --------    -0.075449          3
MinModeTranslate:  100  17:27:13   -12459.956121       0.1636     0.018623    -0.075449          3
MinModeTranslate:  101  17:27:13   -12459.957775       0.1880     --------    -0.090766          3
MinModeTranslate:  101  17:27:13   -12459.957775       0.1880     0.032542    -0.090766          3
MinModeTranslate:  102  17:27:13   -12459.960455       0.1865     --------    -0.070793          3
MinModeTranslate:  102  17:27:13   -12459.960455       0.1865     0.024442    -0.070793          3
MinModeTranslate:  103  17:27:13   -12459.962288       0.2689     --------    -0.069512          3
MinModeTranslate:  103  17:27:13   -12459.962288       0.2689     0.040063    -0.069512          3
MinModeTranslate:  104  17:27:13   -12459.965181       0.2177     --------    -0.072530          3
MinModeTranslate:  104  17:27:13   -12459.965181       0.2177     0.069937    -0.072530          3
MinModeTranslate:  105  17:27:13   -12459.970054       0.2870     --------    -0.027289          3
MinModeTranslate:  105  17:27:13   -12459.970054       0.2870     0.044317    -0.027289          3
MinModeTranslate:  106  17:27:13   -12459.972867       0.2513     --------    -0.025007          3
MinModeTranslate:  106  17:27:13   -12459.972867       0.2513     0.077961    -0.025007          3
MinModeTranslate:  107  17:27:13   -12459.978083       0.3125     --------    -0.053316          3
MinModeTranslate:  107  17:27:13   -12459.978083       0.3125     0.082933    -0.053316          3
MinModeTranslate:  108  17:27:14   -12459.983389       0.0104     --------     0.014505          3
MinModeTranslate:  108  17:27:14   -12459.983389       0.0104     0.100000     0.014505          3
MinModeTranslate:  109  17:27:14   -12459.981293       0.3115     --------    -0.005899          3
MinModeTranslate:  109  17:27:14   -12459.981293       0.3115     0.100000    -0.005899          3
MinModeTranslate:  110  17:27:14   -12459.980938       0.3131     --------    -0.018691          3
MinModeTranslate:  110  17:27:14   -12459.980938       0.3131     0.006591    -0.018691          3
MinModeTranslate:  111  17:27:14   -12459.982702       0.1289     --------    -0.078918          3
MinModeTranslate:  111  17:27:14   -12459.982702       0.1289     0.008885    -0.078918          3
MinModeTranslate:  112  17:27:14   -12459.983784       0.1511     --------    -0.093095          3
MinModeTranslate:  112  17:27:14   -12459.983784       0.1511     0.013263    -0.093095          3
MinModeTranslate:  113  17:27:14   -12459.985157       0.1306     --------    -0.066641          3
MinModeTranslate:  113  17:27:14   -12459.985157       0.1306     0.014418    -0.066641          3
MinModeTranslate:  114  17:27:14   -12459.986337       0.1139     --------    -0.084576          3
MinModeTranslate:  114  17:27:14   -12459.986337       0.1139     0.010877    -0.084576          3
MinModeTranslate:  115  17:27:14   -12459.987099       0.1489     --------    -0.089165          3
MinModeTranslate:  115  17:27:14   -12459.987099       0.1489     0.017005    -0.089165          3
MinModeTranslate:  116  17:27:14   -12459.988181       0.1294     --------    -0.084854          3
MinModeTranslate:  116  17:27:14   -12459.988181       0.1294     0.010973    -0.084854          3
MinModeTranslate:  117  17:27:14   -12459.988770       0.0590     --------    -0.087270          3
MinModeTranslate:  117  17:27:14   -12459.988770       0.0590     0.013045    -0.087270          3
MinModeTranslate:  118  17:27:14   -12459.989339       0.1061     --------    -0.079844          3
MinModeTranslate:  118  17:27:14   -12459.989339       0.1061     0.005710    -0.079844          3
MinModeTranslate:  119  17:27:14   -12459.989547       0.0722     --------    -0.080552          3
MinModeTranslate:  119  17:27:14   -12459.989547       0.0722     0.011011    -0.080552          3
MinModeTranslate:  120  17:27:15   -12459.989904       0.1137     --------    -0.080528          3
MinModeTranslate:  120  17:27:15   -12459.989904       0.1137     0.026143    -0.080528          3
MinModeTranslate:  121  17:27:15   -12459.990686       0.1088     --------    -0.078449          3
MinModeTranslate:  121  17:27:15   -12459.990686       0.1088     0.035867    -0.078449          3
MinModeTranslate:  122  17:27:15   -12459.991704       0.1912     --------    -0.081731          3
MinModeTranslate:  122  17:27:15   -12459.991704       0.1912     0.040534    -0.081731          3
MinModeTranslate:  123  17:27:15   -12459.992817       0.1552     --------    -0.077913          3
MinModeTranslate:  123  17:27:15   -12459.992817       0.1552     0.086100    -0.077913          3
MinModeTranslate:  124  17:27:15   -12459.995158       0.1571     --------    -0.059941          3
MinModeTranslate:  124  17:27:15   -12459.995158       0.1571     0.061692    -0.059941          3
MinModeTranslate:  125  17:27:15   -12459.996745       0.2865     --------    -0.043645          3
MinModeTranslate:  125  17:27:15   -12459.996745       0.2865     0.071974    -0.043645          3
MinModeTranslate:  126  17:27:15   -12459.998579       0.2688     --------    -0.030164          3
MinModeTranslate:  126  17:27:15   -12459.998579       0.2688     0.100000    -0.030164          3
MinModeTranslate:  127  17:27:15   -12460.002499       0.1503     --------    -0.009568          3
MinModeTranslate:  127  17:27:15   -12460.002499       0.1503     0.009535    -0.009568          3
MinModeTranslate:  128  17:27:15   -12460.004115       0.2134     --------    -0.015941          3
MinModeTranslate:  128  17:27:15   -12460.004115       0.2134     0.010023    -0.015941          3
MinModeTranslate:  129  17:27:15   -12460.005355       0.1631     --------    -0.018835          3
MinModeTranslate:  129  17:27:15   -12460.005355       0.1631     0.015959    -0.018835          3
MinModeTranslate:  130  17:27:15   -12460.006861       0.0047     --------     0.006011          3
MinModeTranslate:  130  17:27:15   -12460.006861       0.0047     0.100000     0.006011          3
MinModeTranslate:  131  17:27:15   -12460.005886       0.0042     --------     0.002427          3
MinModeTranslate:  131  17:27:15   -12460.005886       0.0042     0.100000     0.002427          3
MinModeTranslate:  132  17:27:16   -12460.005007       0.0033     --------     0.011346          3
MinModeTranslate:  132  17:27:16   -12460.005007       0.0033     0.100000     0.011346          3
MinModeTranslate:  133  17:27:16   -12460.004257       0.0021     --------     0.023060          3
MinModeTranslate:  133  17:27:16   -12460.004257       0.0021     0.100000     0.023060          3
MinModeTranslate:  134  17:27:16   -12460.003690       0.0011     --------     0.032989          3
MinModeTranslate:  134  17:27:16   -12460.003690       0.0011     0.100000     0.032989          3
MinModeTranslate:  135  17:27:16   -12460.003247       0.0000     --------     0.046353          3
MinModeTranslate:  135  17:27:16   -12460.003247       0.0000     0.100000     0.046353          3
MinModeTranslate:  136  17:27:16   -12460.002947       0.0003     --------     0.068785          3
MinModeTranslate:  136  17:27:16   -12460.002947       0.0003     0.100000     0.068785          3
MinModeTranslate:  137  17:27:16   -12460.001512       0.0001     --------     0.108774          3
MinModeTranslate:  137  17:27:16   -12460.001512       0.0001     0.100000     0.108774          3
MinModeTranslate:  138  17:27:16   -12459.998001       0.0018     --------     0.152216          3
MinModeTranslate:  138  17:27:16   -12459.998001       0.0018     0.100000     0.152216          3
MinModeTranslate:  139  17:27:16   -12459.990843       0.0043     --------     0.187555          3
MinModeTranslate:  139  17:27:16   -12459.990843       0.0043     0.100000     0.187555          3
MinModeTranslate:  140  17:27:16   -12459.978248       0.0061     --------     0.212879          3
MinModeTranslate:  140  17:27:16   -12459.978248       0.0061     0.100000     0.212879          3
MinModeTranslate:  141  17:27:16   -12459.958366       0.0092     --------     0.228026          3
MinModeTranslate:  141  17:27:16   -12459.958366       0.0092     0.100000     0.228026          3
MinModeTranslate:  142  17:27:16   -12459.929479       0.0092     --------     0.240236          3
MinModeTranslate:  142  17:27:16   -12459.929479       0.0092     0.100000     0.240236          3
MinModeTranslate:  143  17:27:16   -12459.921043       0.0109     --------     0.230407          3
MinModeTranslate:  143  17:27:16   -12459.921043       0.0109     0.100000     0.230407          3
MinModeTranslate:  144  17:27:16   -12459.916245       0.0114     --------     0.229930          3
MinModeTranslate:  144  17:27:16   -12459.916245       0.0114     0.100000     0.229930          3
MinModeTranslate:  145  17:27:17   -12459.912568       0.0143     --------     0.235860          3
MinModeTranslate:  145  17:27:17   -12459.912568       0.0143     0.100000     0.235860          3
MinModeTranslate:  146  17:27:17   -12459.908018       0.0181     --------     0.247895          3
MinModeTranslate:  146  17:27:17   -12459.908018       0.0181     0.100000     0.247895          3
MinModeTranslate:  147  17:27:17   -12459.902513       0.0229     --------     0.256782          3
MinModeTranslate:  147  17:27:17   -12459.902513       0.0229     0.100000     0.256782          3
MinModeTranslate:  148  17:27:17   -12459.895922       0.0289     --------     0.264409          3
MinModeTranslate:  148  17:27:17   -12459.895922       0.0289     0.100000     0.264409          3
MinModeTranslate:  149  17:27:17   -12459.888115       0.0346     --------     0.264004          3
MinModeTranslate:  149  17:27:17   -12459.888115       0.0346     0.100000     0.264004          3
MinModeTranslate:  150  17:27:17   -12459.879148       0.0409     --------     0.262557          3
MinModeTranslate:  150  17:27:17   -12459.879148       0.0409     0.100000     0.262557          3
MinModeTranslate:  151  17:27:17   -12459.868953       0.0463     --------     0.255607          3
MinModeTranslate:  151  17:27:17   -12459.868953       0.0463     0.100000     0.255607          3
MinModeTranslate:  152  17:27:17   -12459.857623       0.0519     --------     0.246159          3
MinModeTranslate:  152  17:27:17   -12459.857623       0.0519     0.100000     0.246159          3
MinModeTranslate:  153  17:27:17   -12459.845151       0.0564     --------     0.231855          3
MinModeTranslate:  153  17:27:17   -12459.845151       0.0564     0.100000     0.231855          3
MinModeTranslate:  154  17:27:17   -12459.831686       0.0607     --------     0.214591          3
MinModeTranslate:  154  17:27:17   -12459.831686       0.0607     0.100000     0.214591          3
MinModeTranslate:  155  17:27:17   -12459.817287       0.0639     --------     0.194005          3
MinModeTranslate:  155  17:27:17   -12459.817287       0.0639     0.100000     0.194005          3
MinModeTranslate:  156  17:27:17   -12459.802108       0.0665     --------     0.172579          3
MinModeTranslate:  156  17:27:17   -12459.802108       0.0665     0.100000     0.172579          3
MinModeTranslate:  157  17:27:17   -12459.786347       0.0680     --------     0.149988          3
MinModeTranslate:  157  17:27:17   -12459.786347       0.0680     0.100000     0.149988          3
MinModeTranslate:  158  17:27:17   -12459.770163       0.0686     --------     0.127504          3
MinModeTranslate:  158  17:27:17   -12459.770163       0.0686     0.100000     0.127504          3
MinModeTranslate:  159  17:27:18   -12459.753832       0.0679     --------     0.104523          3
MinModeTranslate:  159  17:27:18   -12459.753832       0.0679     0.100000     0.104523          3
MinModeTranslate:  160  17:27:18   -12459.737571       0.0663     --------     0.085405          3
