      Step     Time          Energy          fmax
BFGS:    0 17:24:30   -12459.857020        2.099085
BFGS:    1 17:24:30   -12459.963092        2.108707
BFGS:    2 17:24:30   -12460.001278        1.097694
BFGS:    3 17:24:30   -12460.024864        0.498427
BFGS:    4 17:24:30   -12460.050862        0.456243
BFGS:    5 17:24:30   -12460.077578        0.377806
BFGS:    6 17:24:30   -12460.088512        0.314699
BFGS:    7 17:24:30   -12460.099786        0.205784
BFGS:    8 17:24:31   -12460.104664        0.181481
BFGS:    9 17:24:31   -12460.108195        0.134253
BFGS:   10 17:24:31   -12460.110610        0.145465
BFGS:   11 17:24:31   -12460.113028        0.180185
BFGS:   12 17:24:31   -12460.115889        0.174050
BFGS:   13 17:24:31   -12460.119255        0.177841
BFGS:   14 17:24:31   -12460.122587        0.137052
BFGS:   15 17:24:31   -12460.125023        0.106172
BFGS:   16 17:24:31   -12460.126932        0.148764
BFGS:   17 17:24:31   -12460.128594        0.128434
BFGS:   18 17:24:31   -12460.130896        0.146288
BFGS:   19 17:24:31   -12460.133351        0.133229
BFGS:   20 17:24:31   -12460.135065        0.096069
BFGS:   21 17:24:31   -12460.136547        0.085643
BFGS:   22 17:24:31   -12460.137812        0.105059
BFGS:   23 17:24:31   -12460.138875        0.105516
BFGS:   24 17:24:31   -12460.139853        0.094833
BFGS:   25 17:24:31   -12460.140749        0.082971
BFGS:   26 17:24:31   -12460.141638        0.080212
BFGS:   27 17:24:31   -12460.142404        0.084930
BFGS:   28 17:24:31   -12460.142948        0.056965
BFGS:   29 17:24:31   -12460.143513        0.053274
BFGS:   30 17:24:31   -12460.143981        0.043884
BFGS:   31 17:24:31   -12460.144346        0.047807
BFGS:   32 17:24:31   -12460.144681        0.042600
BFGS:   33 17:24:31   -12460.145094        0.063059
BFGS:   34 17:24:31   -12460.145653        0.075020
BFGS:   35 17:24:31   -12460.146400        0.074973
BFGS:   36 17:24:31   -12460.147383        0.084576
BFGS:   37 17:24:31   -12460.148566        0.093276
BFGS:   38 17:24:31   -12460.149902        0.090458
BFGS:   39 17:24:31   -12460.151081        0.162280
BFGS:   40 17:24:31   -12460.152195        0.108795
BFGS:   41 17:24:31   -12460.153483        0.104701
BFGS:   42 17:24:31   -12460.156037        0.304402
BFGS:   43 17:24:31   -12460.158670        0.508010
BFGS:   44 17:24:31   -12460.160848        0.448837
BFGS:   45 17:24:31   -12460.167772        0.723341
BFGS:   46 17:24:31   -12460.166716        0.306353
BFGS:   47 17:24:31   -12460.181284        0.249123
BFGS:   48 17:24:31   -12460.185271        0.717202
BFGS:   49 17:24:31   -12460.193493        0.291437
BFGS:   50 17:24:31   -12460.207405        0.214541
BFGS:   51 17:24:31   -12460.221653        0.411607
BFGS:   52 17:24:31   -12460.229058        1.078979
BFGS:   53 17:24:31   -12460.248772        0.396041
BFGS:   54 17:24:31   -12460.268887        0.525985
BFGS:   55 17:24:31   -12460.288390        0.755667
BFGS:   56 17:24:31   -12460.300227        0.742329
BFGS:   57 17:24:31   -12460.321308        0.254549
BFGS:   58 17:24:31   -12460.335482        0.577842
BFGS:   59 17:24:31   -12460.340008        0.403647
BFGS:   60 17:24:31   -12460.345582        0.396210
BFGS:   61 17:24:31   -12460.352151        0.439496
BFGS:   62 17:24:31   -12460.362010        0.445014
BFGS:   63 17:24:31   -12460.369630        0.293903
BFGS:   64 17:24:31   -12460.375136        0.268021
BFGS:   65 17:24:31   -12460.380800        0.266151
BFGS:   66 17:24:31   -12460.387481        0.248730
BFGS:   67 17:24:31   -12460.394036        0.271221
BFGS:   68 17:24:31   -12460.397814        0.422390
BFGS:   69 17:24:32   -12460.391354        0.707955
BFGS:   70 17:24:32   -12460.404701        0.162129
BFGS:   71 17:24:32   -12460.406922        0.150227
BFGS:   72 17:24:32   -12460.412101        0.234242
BFGS:   73 17:24:32   -12460.414728        0.236150
BFGS:   74 17:24:32   -12460.418358        0.168384
BFGS:   75 17:24:32   -12460.424332        0.123893
BFGS:   76 17:24:32   -12460.425554        0.145962
BFGS:   77 17:24:32   -12460.427672        0.183425
BFGS:   78 17:24:32   -12460.429882        0.190072
BFGS:   79 17:24:32   -12460.432529        0.149806
BFGS:   80 17:24:32   -12460.434809        0.112351
BFGS:   81 17:24:32   -12460.436394        0.086166
BFGS:   82 17:24:32   -12460.437483        0.125398
BFGS:   83 17:24:32   -12460.438500        0.109310
BFGS:   84 17:24:32   -12460.439970        0.132972
BFGS:   85 17:24:32   -12460.441594        0.153514
BFGS:   86 17:24:32   -12460.442842        0.168580
BFGS:   87 17:24:32   -12460.444225        0.151328
BFGS:   88 17:24:32   -12460.445994        0.129866
BFGS:   89 17:24:32   -12460.447924        0.112743
BFGS:   90 17:24:32   -12460.449629        0.106612
BFGS:   91 17:24:32   -12460.451015        0.093837
BFGS:   92 17:24:32   -12460.451877        0.079113
BFGS:   93 17:24:32   -12460.452477        0.041140
BFGS:   94 17:24:32   -12460.452869        0.070301
BFGS:   95 17:24:32   -12460.453174        0.038396
BFGS:   96 17:24:32   -12460.453569        0.038906
BFGS:   97 17:24:32   -12460.453972        0.047880
BFGS:   98 17:24:32   -12460.454376        0.079509
BFGS:   99 17:24:32   -12460.454729        0.095365
BFGS:  100 17:24:32   -12460.455150        0.079946
BFGS:  101 17:24:32   -12460.455736        0.057059
BFGS:  102 17:24:32   -12460.456588        0.067992
BFGS:  103 17:24:32   -12460.457878        0.090071
BFGS:  104 17:24:32   -12460.460002        0.172639
BFGS:  105 17:24:32   -12460.463345        0.458158
BFGS:  106 17:24:32   -12460.466890        0.310429
BFGS:  107 17:24:32   -12460.474790        0.341854
BFGS:  108 17:24:32   -12460.488134        0.735669
BFGS:  109 17:24:32   -12460.424111        2.445499
BFGS:  110 17:24:32   -12460.503328        0.472598
BFGS:  111 17:24:32   -12460.505940        0.148356
BFGS:  112 17:24:33   -12460.511106        0.265041
BFGS:  113 17:24:33   -12460.513757        0.515530
BFGS:  114 17:24:33   -12460.516756        0.364161
BFGS:  115 17:24:33   -12460.520975        0.182619
BFGS:  116 17:24:33   -12460.522091        0.192385
BFGS:  117 17:24:33   -12460.523551        0.118582
BFGS:  118 17:24:33   -12460.524523        0.147328
BFGS:  119 17:24:33   -12460.525266        0.084394
BFGS:  120 17:24:33   -12460.525737        0.057974
BFGS:  121 17:24:33   -12460.526114        0.053506
BFGS:  122 17:24:33   -12460.526487        0.069941
BFGS:  123 17:24:33   -12460.526745        0.071210
BFGS:  124 17:24:33   -12460.526959        0.050064
BFGS:  125 17:24:33   -12460.527108        0.031667
BFGS:  126 17:24:33   -12460.527207        0.023729
BFGS:  127 17:24:33   -12460.527276        0.029185
BFGS:  128 17:24:33   -12460.527347        0.030254
BFGS:  129 17:24:33   -12460.527433        0.032430
BFGS:  130 17:24:33   -12460.527509        0.026099
BFGS:  131 17:24:33   -12460.527587        0.020775
BFGS:  132 17:24:33   -12460.527699        0.022390
BFGS:  133 17:24:33   -12460.527860        0.022820
BFGS:  134 17:24:33   -12460.528046        0.024920
BFGS:  135 17:24:33   -12460.528202        0.040055
BFGS:  136 17:24:33   -12460.528325        0.028886
BFGS:  137 17:24:33   -12460.528464        0.098722
BFGS:  138 17:24:33   -12460.528625        0.059099
BFGS:  139 17:24:33   -12460.528955        0.045391
BFGS:  140 17:24:33   -12460.529422        0.077660
BFGS:  141 17:24:33   -12460.529737        0.075572
BFGS:  142 17:24:33   -12460.530070        0.057995
BFGS:  143 17:24:33   -12460.530261        0.052312
BFGS:  144 17:24:33   -12460.530391        0.027674
BFGS:  145 17:24:33   -12460.530472        0.015955
BFGS:  146 17:24:33   -12460.530530        0.017719
BFGS:  147 17:24:34   -12460.530578        0.017658
BFGS:  148 17:24:34   -12460.530600        0.013278
BFGS:  149 17:24:34   -12460.530620        0.009131
BFGS:  150 17:24:34   -12460.530629        0.007731
BFGS:  151 17:24:34   -12460.530642        0.006086
BFGS:  152 17:24:34   -12460.530641        0.005501
BFGS:  153 17:24:34   -12460.530642        0.004736
BFGS:  154 17:24:34   -12460.530652        0.005546
BFGS:  155 17:24:34   -12460.530654        0.006243
BFGS:  156 17:24:34   -12460.530661        0.006000
BFGS:  157 17:24:34   -12460.530661        0.005360
BFGS:  158 17:24:34   -12460.530665        0.004427
BFGS:  159 17:24:34   -12460.530668        0.005060
BFGS:  160 17:24:34   -12460.530670        0.004775
BFGS:  161 17:24:34   -12460.530674        0.002941
