MinModeTranslate: STEP      TIME          ENERGY    MAX-FORCE     STEPSIZE    CURVATURE  ROT-STEPS
MinModeTranslate:    0  15:49:43    -9337.742294       8.2537     --------    -2.980505          3
MinModeTranslate:    0  15:49:43    -9337.742294       8.2537     0.100000    -2.980505          3
MinModeTranslate:    1  15:49:43    -9338.905755       1.8974     --------     1.239363          3
MinModeTranslate:    1  15:49:43    -9338.905755       1.8974     0.100000     1.239363          3
MinModeTranslate:    2  15:49:43    -9338.998294       1.7329     --------     3.903142          3
MinModeTranslate:    2  15:49:43    -9338.998294       1.7329     0.100000     3.903142          3
MinModeTranslate:    3  15:49:43    -9338.723111       1.6127     --------     3.114944          3
MinModeTranslate:    3  15:49:43    -9338.723111       1.6127     0.100000     3.114944          3
MinModeTranslate:    4  15:49:43    -9338.477129       4.6651     --------    -8.321975          3
MinModeTranslate:    4  15:49:43    -9338.477129       4.6651     0.100000    -8.321975          3
MinModeTranslate:    5  15:49:43    -9338.483585       4.5589     --------   -21.752241          3
MinModeTranslate:    5  15:49:43    -9338.483585       4.5589     0.100000   -21.752241          3
MinModeTranslate:    6  15:49:43    -9339.079148       2.8963     --------   -30.866593          3
MinModeTranslate:    6  15:49:43    -9339.079148       2.8963     0.100000   -30.866593          3
MinModeTranslate:    7  15:49:43    -9339.404542       2.9241     --------   -38.267815          3
MinModeTranslate:    7  15:49:43    -9339.404542       2.9241     0.100000   -38.267815          3
MinModeTranslate:    8  15:49:44    -9339.660410       2.7075     --------   -37.826358          3
MinModeTranslate:    8  15:49:44    -9339.660410       2.7075     0.100000   -37.826358          3
MinModeTranslate:    9  15:49:44    -9339.934432       2.3408     --------   -32.230888          3
MinModeTranslate:    9  15:49:44    -9339.934432       2.3408     0.100000   -32.230888          3
MinModeTranslate:   10  15:49:44    -9340.169463       2.0790     --------   -18.804740          3
MinModeTranslate:   10  15:49:44    -9340.169463       2.0790     0.100000   -18.804740          3
MinModeTranslate:   11  15:49:44    -9340.175352       3.5251     --------   -43.345300          3
MinModeTranslate:   11  15:49:44    -9340.175352       3.5251     0.078379   -43.345300          3
MinModeTranslate:   12  15:49:44    -9340.270505       1.5900     --------   -48.020685          3
MinModeTranslate:   12  15:49:44    -9340.270505       1.5900     0.067118   -48.020685          3
MinModeTranslate:   13  15:49:44    -9340.334342       1.7803     --------   -37.246161          3
MinModeTranslate:   13  15:49:44    -9340.334342       1.7803     0.047931   -37.246161          3
MinModeTranslate:   14  15:49:44    -9340.374880       1.8252     --------   -32.399154          3
MinModeTranslate:   14  15:49:44    -9340.374880       1.8252     0.092375   -32.399154          3
MinModeTranslate:   15  15:49:44    -9340.443924       1.0876     --------   -22.792194          3
MinModeTranslate:   15  15:49:44    -9340.443924       1.0876     0.036630   -22.792194          3
MinModeTranslate:   16  15:49:44    -9340.458168       1.2441     --------   -22.309967          3
MinModeTranslate:   16  15:49:44    -9340.458168       1.2441     0.057025   -22.309967          3
MinModeTranslate:   17  15:49:44    -9340.483411       0.5948     --------   -22.973467          3
MinModeTranslate:   17  15:49:44    -9340.483411       0.5948     0.014424   -22.973467          3
MinModeTranslate:   18  15:49:44    -9340.486625       0.2672     --------   -24.913457          3
MinModeTranslate:   18  15:49:44    -9340.486625       0.2672     0.012900   -24.913457          3
MinModeTranslate:   19  15:49:44    -9340.488023       0.2839     --------   -26.225518          3
MinModeTranslate:   19  15:49:44    -9340.488023       0.2839     0.037898   -26.225518          3
MinModeTranslate:   20  15:49:45    -9340.494989       0.4936     --------   -30.190640          3
MinModeTranslate:   20  15:49:45    -9340.494989       0.4936     0.034297   -30.190640          3
MinModeTranslate:   21  15:49:45    -9340.503076       0.3985     --------   -31.215114          3
MinModeTranslate:   21  15:49:45    -9340.503076       0.3985     0.070987   -31.215114          3
MinModeTranslate:   22  15:49:45    -9340.509818       0.4925     --------   -30.864474          3
MinModeTranslate:   22  15:49:45    -9340.509818       0.4925     0.078524   -30.864474          3
MinModeTranslate:   23  15:49:45    -9340.515785       0.6388     --------   -26.359645          3
MinModeTranslate:   23  15:49:45    -9340.515785       0.6388     0.055085   -26.359645          3
MinModeTranslate:   24  15:49:45    -9340.525349       0.7979     --------   -24.566440          3
MinModeTranslate:   24  15:49:45    -9340.525349       0.7979     0.078289   -24.566440          3
MinModeTranslate:   25  15:49:45    -9340.538571       0.5833     --------   -21.418860          3
MinModeTranslate:   25  15:49:45    -9340.538571       0.5833     0.100000   -21.418860          3
MinModeTranslate:   26  15:49:45    -9340.553740       0.5087     --------   -22.390030          3
MinModeTranslate:   26  15:49:45    -9340.553740       0.5087     0.063110   -22.390030          3
MinModeTranslate:   27  15:49:45    -9340.561775       0.9054     --------   -23.606437          3
MinModeTranslate:   27  15:49:45    -9340.561775       0.9054     0.068405   -23.606437          3
MinModeTranslate:   28  15:49:45    -9340.569279       0.6170     --------   -26.721589          3
MinModeTranslate:   28  15:49:45    -9340.569279       0.6170     0.035439   -26.721589          3
MinModeTranslate:   29  15:49:45    -9340.579519       0.8489     --------   -27.947237          3
MinModeTranslate:   29  15:49:45    -9340.579519       0.8489     0.019188   -27.947237          3
MinModeTranslate:   30  15:49:45    -9340.584360       0.2386     --------   -26.795349          3
MinModeTranslate:   30  15:49:45    -9340.584360       0.2386     0.050343   -26.795349          3
MinModeTranslate:   31  15:49:45    -9340.592952       0.4762     --------   -24.802988          3
MinModeTranslate:   31  15:49:45    -9340.592952       0.4762     0.049601   -24.802988          3
MinModeTranslate:   32  15:49:46    -9340.603461       1.0582     --------   -24.185669          3
MinModeTranslate:   32  15:49:46    -9340.603461       1.0582     0.080541   -24.185669          3
MinModeTranslate:   33  15:49:46    -9340.620605       0.5736     --------   -20.811751          3
MinModeTranslate:   33  15:49:46    -9340.620605       0.5736     0.098198   -20.811751          3
MinModeTranslate:   34  15:49:46    -9340.635251       0.7320     --------   -19.853858          3
MinModeTranslate:   34  15:49:46    -9340.635251       0.7320     0.052995   -19.853858          3
MinModeTranslate:   35  15:49:46    -9340.642196       0.7444     --------   -22.196007          3
MinModeTranslate:   35  15:49:46    -9340.642196       0.7444     0.090705   -22.196007          3
MinModeTranslate:   36  15:49:46    -9340.653793       0.6597     --------   -25.172662          3
MinModeTranslate:   36  15:49:46    -9340.653793       0.6597     0.059054   -25.172662          3
MinModeTranslate:   37  15:49:46    -9340.665430       0.9335     --------   -25.833938          3
MinModeTranslate:   37  15:49:46    -9340.665430       0.9335     0.061456   -25.833938          3
MinModeTranslate:   38  15:49:46    -9340.677498       0.5536     --------   -27.432261          3
MinModeTranslate:   38  15:49:46    -9340.677498       0.5536     0.100000   -27.432261          3
MinModeTranslate:   39  15:49:46    -9340.690280       0.5239     --------   -25.369157          3
MinModeTranslate:   39  15:49:46    -9340.690280       0.5239     0.017741   -25.369157          3
MinModeTranslate:   40  15:49:46    -9340.693346       0.4512     --------   -23.661285          3
MinModeTranslate:   40  15:49:46    -9340.693346       0.4512     0.044249   -23.661285          3
MinModeTranslate:   41  15:49:46    -9340.700087       0.4190     --------   -19.924521          3
MinModeTranslate:   41  15:49:46    -9340.700087       0.4190     0.022081   -19.924521          3
MinModeTranslate:   42  15:49:46    -9340.704682       0.8254     --------   -19.067987          3
MinModeTranslate:   42  15:49:46    -9340.704682       0.8254     0.038458   -19.067987          3
MinModeTranslate:   43  15:49:46    -9340.711700       0.4289     --------   -16.836291          3
MinModeTranslate:   43  15:49:46    -9340.711700       0.4289     0.046640   -16.836291          3
MinModeTranslate:   44  15:49:47    -9340.718916       0.7946     --------   -18.154249          3
MinModeTranslate:   44  15:49:47    -9340.718916       0.7946     0.040852   -18.154249          3
MinModeTranslate:   45  15:49:47    -9340.725516       0.3516     --------   -21.053030          3
MinModeTranslate:   45  15:49:47    -9340.725516       0.3516     0.053083   -21.053030          3
MinModeTranslate:   46  15:49:47    -9340.733125       0.4872     --------   -23.954609          3
MinModeTranslate:   46  15:49:47    -9340.733125       0.4872     0.036842   -23.954609          3
MinModeTranslate:   47  15:49:47    -9340.738285       0.6643     --------   -24.961206          3
MinModeTranslate:   47  15:49:47    -9340.738285       0.6643     0.077181   -24.961206          3
MinModeTranslate:   48  15:49:47    -9340.748062       0.5671     --------   -27.978507          3
MinModeTranslate:   48  15:49:47    -9340.748062       0.5671     0.100000   -27.978507          3
MinModeTranslate:   49  15:49:47    -9340.769931       0.9928     --------   -31.235949          3
MinModeTranslate:   49  15:49:47    -9340.769931       0.9928     0.080160   -31.235949          3
MinModeTranslate:   50  15:49:47    -9340.793290       1.1976     --------   -32.792880          3
MinModeTranslate:   50  15:49:47    -9340.793290       1.1976     0.100000   -32.792880          3
MinModeTranslate:   51  15:49:47    -9340.820994       1.6188     --------   -35.183108          3
MinModeTranslate:   51  15:49:47    -9340.820994       1.6188     0.100000   -35.183108          3
MinModeTranslate:   52  15:49:47    -9340.892675       1.2897     --------   -38.975619          3
MinModeTranslate:   52  15:49:47    -9340.892675       1.2897     0.100000   -38.975619          3
MinModeTranslate:   53  15:49:47    -9340.997499       0.9313     --------   -39.602789          3
MinModeTranslate:   53  15:49:47    -9340.997499       0.9313     0.100000   -39.602789          3
MinModeTranslate:   54  15:49:47    -9341.110451       1.8046     --------   -37.951112          3
MinModeTranslate:   54  15:49:47    -9341.110451       1.8046     0.100000   -37.951112          3
MinModeTranslate:   55  15:49:48    -9341.248875       1.1862     --------   -38.747034          3
MinModeTranslate:   55  15:49:48    -9341.248875       1.1862     0.039402   -38.747034          3
MinModeTranslate:   56  15:49:48    -9341.291943       1.6111     --------   -37.285743          3
MinModeTranslate:   56  15:49:48    -9341.291943       1.6111     0.057072   -37.285743          3
MinModeTranslate:   57  15:49:48    -9341.335227       1.7218     --------   -32.123360          3
MinModeTranslate:   57  15:49:48    -9341.335227       1.7218     0.100000   -32.123360          3
MinModeTranslate:   58  15:49:48    -9341.464836       1.3034     --------   -33.005612          3
MinModeTranslate:   58  15:49:48    -9341.464836       1.3034     0.039095   -33.005612          3
MinModeTranslate:   59  15:49:48    -9341.503745       2.3314     --------   -33.798923          3
MinModeTranslate:   59  15:49:48    -9341.503745       2.3314     0.073212   -33.798923          3
MinModeTranslate:   60  15:49:48    -9341.551803       1.3295     --------   -28.811181          3
MinModeTranslate:   60  15:49:48    -9341.551803       1.3295     0.083918   -28.811181          3
MinModeTranslate:   61  15:49:48    -9341.633036       2.6888     --------   -21.764584          3
MinModeTranslate:   61  15:49:48    -9341.633036       2.6888     0.100000   -21.764584          3
MinModeTranslate:   62  15:49:48    -9341.767545       1.3198     --------   -15.753080          3
MinModeTranslate:   62  15:49:48    -9341.767545       1.3198     0.021866   -15.753080          3
MinModeTranslate:   63  15:49:48    -9341.788874       1.4157     --------   -16.979279          3
MinModeTranslate:   63  15:49:48    -9341.788874       1.4157     0.045019   -16.979279          3
MinModeTranslate:   64  15:49:48    -9341.815823       0.8638     --------   -14.356296          3
MinModeTranslate:   64  15:49:48    -9341.815823       0.8638     0.100000   -14.356296          3
MinModeTranslate:   65  15:49:48    -9341.876212       1.3386     --------   -10.522065          3
MinModeTranslate:   65  15:49:48    -9341.876212       1.3386     0.050321   -10.522065          3
MinModeTranslate:   66  15:49:49    -9341.904477       0.9609     --------   -11.173519          3
MinModeTranslate:   66  15:49:49    -9341.904477       0.9609     0.040750   -11.173519          3
MinModeTranslate:   67  15:49:49    -9341.915478       0.4658     --------   -10.079783          3
MinModeTranslate:   67  15:49:49    -9341.915478       0.4658     0.008472   -10.079783          3
MinModeTranslate:   68  15:49:49    -9341.917639       0.3990     --------    -9.777628          3
MinModeTranslate:   68  15:49:49    -9341.917639       0.3990     0.014963    -9.777628          3
MinModeTranslate:   69  15:49:49    -9341.918864       0.2165     --------    -9.926410          3
MinModeTranslate:   69  15:49:49    -9341.918864       0.2165     0.026274    -9.926410          3
MinModeTranslate:   70  15:49:49    -9341.920904       0.2131     --------    -9.276242          3
MinModeTranslate:   70  15:49:49    -9341.920904       0.2131     0.014495    -9.276242          3
MinModeTranslate:   71  15:49:49    -9341.923153       0.3082     --------    -8.882578          3
MinModeTranslate:   71  15:49:49    -9341.923153       0.3082     0.008897    -8.882578          3
MinModeTranslate:   72  15:49:49    -9341.924562       0.1614     --------    -8.955981          3
MinModeTranslate:   72  15:49:49    -9341.924562       0.1614     0.022666    -8.955981          3
MinModeTranslate:   73  15:49:49    -9341.927219       0.1892     --------    -8.747999          3
MinModeTranslate:   73  15:49:49    -9341.927219       0.1892     0.029931    -8.747999          3
MinModeTranslate:   74  15:49:49    -9341.929663       0.4907     --------    -8.396480          3
MinModeTranslate:   74  15:49:49    -9341.929663       0.4907     0.052191    -8.396480          3
MinModeTranslate:   75  15:49:49    -9341.933700       0.2855     --------    -8.464465          3
MinModeTranslate:   75  15:49:49    -9341.933700       0.2855     0.031162    -8.464465          3
MinModeTranslate:   76  15:49:49    -9341.936406       0.1920     --------    -8.446496          3
MinModeTranslate:   76  15:49:49    -9341.936406       0.1920     0.019054    -8.446496          3
MinModeTranslate:   77  15:49:50    -9341.937571       0.3565     --------    -8.354443          3
MinModeTranslate:   77  15:49:50    -9341.937571       0.3565     0.038160    -8.354443          3
MinModeTranslate:   78  15:49:50    -9341.939998       0.2141     --------    -8.681623          3
MinModeTranslate:   78  15:49:50    -9341.939998       0.2141     0.015258    -8.681623          3
MinModeTranslate:   79  15:49:50    -9341.941410       0.2314     --------    -8.671789          3
MinModeTranslate:   79  15:49:50    -9341.941410       0.2314     0.006864    -8.671789          3
MinModeTranslate:   80  15:49:50    -9341.941963       0.1276     --------    -8.524530          3
MinModeTranslate:   80  15:49:50    -9341.941963       0.1276     0.018023    -8.524530          3
MinModeTranslate:   81  15:49:50    -9341.943254       0.1159     --------    -8.615870          3
MinModeTranslate:   81  15:49:50    -9341.943254       0.1159     0.005812    -8.615870          3
MinModeTranslate:   82  15:49:50    -9341.943607       0.1560     --------    -8.723676          3
MinModeTranslate:   82  15:49:50    -9341.943607       0.1560     0.015332    -8.723676          3
MinModeTranslate:   83  15:49:50    -9341.944390       0.1494     --------    -8.605280          3
MinModeTranslate:   83  15:49:50    -9341.944390       0.1494     0.019425    -8.605280          3
MinModeTranslate:   84  15:49:50    -9341.945327       0.2142     --------    -8.511459          3
MinModeTranslate:   84  15:49:50    -9341.945327       0.2142     0.010438    -8.511459          3
MinModeTranslate:   85  15:49:50    -9341.945825       0.1139     --------    -8.623564          3
MinModeTranslate:   85  15:49:50    -9341.945825       0.1139     0.010883    -8.623564          3
MinModeTranslate:   86  15:49:50    -9341.946299       0.0924     --------    -8.520610          3
MinModeTranslate:   86  15:49:50    -9341.946299       0.0924     0.008774    -8.520610          3
MinModeTranslate:   87  15:49:50    -9341.946646       0.1658     --------    -8.374609          3
MinModeTranslate:   87  15:49:50    -9341.946646       0.1658     0.029253    -8.374609          3
MinModeTranslate:   88  15:49:50    -9341.947798       0.1253     --------    -8.452391          3
MinModeTranslate:   88  15:49:51    -9341.947798       0.1253     0.018269    -8.452391          3
MinModeTranslate:   89  15:49:51    -9341.948454       0.2167     --------    -8.549541          3
MinModeTranslate:   89  15:49:51    -9341.948454       0.2167     0.015361    -8.549541          3
MinModeTranslate:   90  15:49:51    -9341.948971       0.1218     --------    -8.424065          3
MinModeTranslate:   90  15:49:51    -9341.948971       0.1218     0.037625    -8.424065          3
MinModeTranslate:   91  15:49:51    -9341.950168       0.1470     --------    -8.426268          3
MinModeTranslate:   91  15:49:51    -9341.950168       0.1470     0.040430    -8.426268          3
MinModeTranslate:   92  15:49:51    -9341.951423       0.3672     --------    -8.541346          3
MinModeTranslate:   92  15:49:51    -9341.951423       0.3672     0.100000    -8.541346          3
MinModeTranslate:   93  15:49:51    -9341.955073       0.2343     --------    -7.937242          3
MinModeTranslate:   93  15:49:51    -9341.955073       0.2343     0.100000    -7.937242          3
MinModeTranslate:   94  15:49:51    -9341.959225       0.7111     --------    -7.322785          3
MinModeTranslate:   94  15:49:51    -9341.959225       0.7111     0.100000    -7.322785          3
MinModeTranslate:   95  15:49:51    -9341.964937       0.7692     --------    -7.278541          3
MinModeTranslate:   95  15:49:51    -9341.964937       0.7692     0.025811    -7.278541          3
MinModeTranslate:   96  15:49:51    -9341.970710       0.3891     --------    -7.904897          3
MinModeTranslate:   96  15:49:51    -9341.970710       0.3891     0.045839    -7.904897          3
MinModeTranslate:   97  15:49:51    -9341.976013       0.4531     --------    -7.818400          3
MinModeTranslate:   97  15:49:51    -9341.976013       0.4531     0.042876    -7.818400          3
MinModeTranslate:   98  15:49:51    -9341.981914       0.7787     --------    -7.533197          3
MinModeTranslate:   98  15:49:51    -9341.981914       0.7787     0.100000    -7.533197          3
MinModeTranslate:   99  15:49:51    -9341.995791       0.6215     --------    -8.626654          3
MinModeTranslate:   99  15:49:51    -9341.995791       0.6215     0.089637    -8.626654          3
MinModeTranslate:  100  15:49:52    -9342.009136       1.1549     --------    -9.702643          3
MinModeTranslate:  100  15:49:52    -9342.009136       1.1549     0.100000    -9.702643          3
MinModeTranslate:  101  15:49:52    -9342.025295       0.6098     --------    -9.631092          3
MinModeTranslate:  101  15:49:52    -9342.025295       0.6098     0.055246    -9.631092          3
MinModeTranslate:  102  15:49:52    -9342.041439       1.1859     --------    -9.355010          3
MinModeTranslate:  102  15:49:52    -9342.041439       1.1859     0.093214    -9.355010          3
MinModeTranslate:  103  15:49:52    -9342.063774       1.2343     --------    -9.452879          3
MinModeTranslate:  103  15:49:52    -9342.063774       1.2343     0.100000    -9.452879          3
MinModeTranslate:  104  15:49:52    -9342.103587       1.0654     --------    -8.557516          3
MinModeTranslate:  104  15:49:52    -9342.103587       1.0654     0.030460    -8.557516          3
MinModeTranslate:  105  15:49:52    -9342.124422       0.8839     --------    -8.208434          3
MinModeTranslate:  105  15:49:52    -9342.124422       0.8839     0.064812    -8.208434          3
MinModeTranslate:  106  15:49:52    -9342.139931       1.0395     --------    -7.964181          3
MinModeTranslate:  106  15:49:52    -9342.139931       1.0395     0.100000    -7.964181          3
MinModeTranslate:  107  15:49:52    -9342.187346       1.1958     --------    -5.953753          3
MinModeTranslate:  107  15:49:52    -9342.187346       1.1958     0.040601    -5.953753          3
MinModeTranslate:  108  15:49:52    -9342.210236       1.1467     --------    -4.619962          3
MinModeTranslate:  108  15:49:52    -9342.210236       1.1467     0.079418    -4.619962          3
MinModeTranslate:  109  15:49:52    -9342.213372       1.0088     --------    -3.083784          3
MinModeTranslate:  109  15:49:52    -9342.213372       1.0088     0.100000    -3.083784          3
MinModeTranslate:  110  15:49:52    -9342.223633       1.5239     --------    -2.542925          3
MinModeTranslate:  110  15:49:52    -9342.223633       1.5239     0.100000    -2.542925          3
MinModeTranslate:  111  15:49:52    -9342.249498       1.1312     --------    -2.350802          3
MinModeTranslate:  111  15:49:52    -9342.249498       1.1312     0.077014    -2.350802          3
MinModeTranslate:  112  15:49:53    -9342.273037       0.7407     --------    -1.796087          3
MinModeTranslate:  112  15:49:53    -9342.273037       0.7407     0.085113    -1.796087          3
MinModeTranslate:  113  15:49:53    -9342.281107       0.6889     --------    -0.335975          3
MinModeTranslate:  113  15:49:53    -9342.281107       0.6889     0.096397    -0.335975          3
MinModeTranslate:  114  15:49:53    -9342.289604       0.1237     --------     1.016307          3
MinModeTranslate:  114  15:49:53    -9342.289604       0.1237     0.100000     1.016307          3
MinModeTranslate:  115  15:49:53    -9342.261131       0.1759     --------     1.440712          3
MinModeTranslate:  115  15:49:53    -9342.261131       0.1759     0.100000     1.440712          3
MinModeTranslate:  116  15:49:53    -9342.222954       0.2472     --------     0.516503          3
MinModeTranslate:  116  15:49:53    -9342.222954       0.2472     0.100000     0.516503          3
MinModeTranslate:  117  15:49:53    -9342.179533       0.2471     --------     0.145972          3
MinModeTranslate:  117  15:49:53    -9342.179533       0.2471     0.100000     0.145972          3
MinModeTranslate:  118  15:49:53    -9342.139007       0.2596     --------     0.145076          3
MinModeTranslate:  118  15:49:53    -9342.139007       0.2596     0.100000     0.145076          3
MinModeTranslate:  119  15:49:53    -9342.097271       1.1575     --------    -0.015888          3
MinModeTranslate:  119  15:49:53    -9342.097271       1.1575     0.100000    -0.015888          3
MinModeTranslate:  120  15:49:53    -9342.079439       0.6282     --------    -0.143815          3
MinModeTranslate:  120  15:49:53    -9342.079439       0.6282     0.034745    -0.143815          3
MinModeTranslate:  121  15:49:53    -9342.088588       0.4929     --------    -0.488688          3
MinModeTranslate:  121  15:49:53    -9342.088588       0.4929     0.046303    -0.488688          3
MinModeTranslate:  122  15:49:53    -9342.088343       0.6767     --------    -0.554696          3
MinModeTranslate:  122  15:49:53    -9342.088343       0.6767     0.041256    -0.554696          3
MinModeTranslate:  123  15:49:53    -9342.084309       0.6712     --------    -0.536619          3
MinModeTranslate:  123  15:49:53    -9342.084309       0.6712     0.060216    -0.536619          3
MinModeTranslate:  124  15:49:54    -9342.072281       0.4466     --------    -0.620532          3
MinModeTranslate:  124  15:49:54    -9342.072281       0.4466     0.066895    -0.620532          3
MinModeTranslate:  125  15:49:54    -9342.059609       0.7937     --------    -0.817655          3
MinModeTranslate:  125  15:49:54    -9342.059609       0.7937     0.100000    -0.817655          3
MinModeTranslate:  126  15:49:54    -9342.048945       0.6215     --------    -0.739247          3
MinModeTranslate:  126  15:49:54    -9342.048945       0.6215     0.032190    -0.739247          3
MinModeTranslate:  127  15:49:54    -9342.055250       0.2935     --------    -0.640056          3
MinModeTranslate:  127  15:49:54    -9342.055250       0.2935     0.055231    -0.640056          3
MinModeTranslate:  128  15:49:54    -9342.054178       0.6817     --------    -0.490640          3
MinModeTranslate:  128  15:49:54    -9342.054178       0.6817     0.053674    -0.490640          3
MinModeTranslate:  129  15:49:54    -9342.052923       0.4944     --------    -0.227264          3
MinModeTranslate:  129  15:49:54    -9342.052923       0.4944     0.028864    -0.227264          3
MinModeTranslate:  130  15:49:54    -9342.051868       0.3764     --------    -0.048580          3
MinModeTranslate:  130  15:49:54    -9342.051868       0.3764     0.033763    -0.048580          3
MinModeTranslate:  131  15:49:54    -9342.049349       0.1000     --------     0.094605          3
MinModeTranslate:  131  15:49:54    -9342.049349       0.1000     0.100000     0.094605          3
MinModeTranslate:  132  15:49:54    -9342.030943       0.1111     --------     0.416177          3
MinModeTranslate:  132  15:49:54    -9342.030943       0.1111     0.100000     0.416177          3
MinModeTranslate:  133  15:49:54    -9342.009674       0.1330     --------     0.405191          3
MinModeTranslate:  133  15:49:54    -9342.009674       0.1330     0.100000     0.405191          3
MinModeTranslate:  134  15:49:54    -9341.985203       0.1452     --------     0.228020          3
MinModeTranslate:  134  15:49:54    -9341.985203       0.1452     0.100000     0.228020          3
MinModeTranslate:  135  15:49:54    -9341.959943       0.1484     --------     0.103722          3
MinModeTranslate:  135  15:49:54    -9341.959943       0.1484     0.100000     0.103722          3
MinModeTranslate:  136  15:49:55    -9341.935050       0.1441     --------     0.107637          3
MinModeTranslate:  136  15:49:55    -9341.935050       0.1441     0.100000     0.107637          3
MinModeTranslate:  137  15:49:55    -9341.910926       0.1434     --------     0.198141          3
MinModeTranslate:  137  15:49:55    -9341.910926       0.1434     0.100000     0.198141          3
MinModeTranslate:  138  15:49:55    -9341.886723       0.1429     --------     0.205527          3
MinModeTranslate:  138  15:49:55    -9341.886723       0.1429     0.100000     0.205527          3
MinModeTranslate:  139  15:49:55    -9341.862834       0.1418     --------     0.118211          3
MinModeTranslate:  139  15:49:55    -9341.862834       0.1418     0.100000     0.118211          3
MinModeTranslate:  140  15:49:55    -9341.839683       0.5938     --------    -0.043606          3
MinModeTranslate:  140  15:49:55    -9341.839683       0.5938     0.100000    -0.043606          3
MinModeTranslate:  141  15:49:55    -9341.833209       0.4706     --------    -0.259344          3
MinModeTranslate:  141  15:49:55    -9341.833209       0.4706     0.081142    -0.259344          3
MinModeTranslate:  142  15:49:55    -9341.857403       0.8783     --------    -0.347118          3
MinModeTranslate:  142  15:49:55    -9341.857403       0.8783     0.080549    -0.347118          3
MinModeTranslate:  143  15:49:55    -9341.880588       1.2424     --------    -0.376354          3
MinModeTranslate:  143  15:49:55    -9341.880588       1.2424     0.083817    -0.376354          3
MinModeTranslate:  144  15:49:55    -9341.902471       0.5507     --------    -0.516211          3
MinModeTranslate:  144  15:49:55    -9341.902471       0.5507     0.062807    -0.516211          3
MinModeTranslate:  145  15:49:55    -9341.916727       0.4064     --------    -0.406795          3
MinModeTranslate:  145  15:49:55    -9341.916727       0.4064     0.080711    -0.406795          3
MinModeTranslate:  146  15:49:55    -9341.928289       0.8617     --------    -0.288690          3
MinModeTranslate:  146  15:49:55    -9341.928289       0.8617     0.091542    -0.288690          3
MinModeTranslate:  147  15:49:55    -9341.944783       0.3949     --------    -0.245896          3
MinModeTranslate:  147  15:49:55    -9341.944783       0.3949     0.037835    -0.245896          3
MinModeTranslate:  148  15:49:56    -9341.954260       0.4038     --------    -0.211363          3
MinModeTranslate:  148  15:49:56    -9341.954260       0.4038     0.034292    -0.211363          3
MinModeTranslate:  149  15:49:56    -9341.961005       0.4166     --------    -0.134121          3
MinModeTranslate:  149  15:49:56    -9341.961005       0.4166     0.023821    -0.134121          3
MinModeTranslate:  150  15:49:56    -9341.965045       0.2672     --------    -0.132328          3
MinModeTranslate:  150  15:49:56    -9341.965045       0.2672     0.032433    -0.132328          3
MinModeTranslate:  151  15:49:56    -9341.970023       0.2346     --------    -0.067831          3
MinModeTranslate:  151  15:49:56    -9341.970023       0.2346     0.023845    -0.067831          3
MinModeTranslate:  152  15:49:56    -9341.973053       0.2769     --------    -0.015626          3
MinModeTranslate:  152  15:49:56    -9341.973053       0.2769     0.019407    -0.015626          3
MinModeTranslate:  153  15:49:56    -9341.975235       0.2673     --------    -0.024239          3
MinModeTranslate:  153  15:49:56    -9341.975235       0.2673     0.017208    -0.024239          3
MinModeTranslate:  154  15:49:56    -9341.976903       0.1474     --------    -0.002411          3
MinModeTranslate:  154  15:49:56    -9341.976903       0.1474     0.027353    -0.002411          3
MinModeTranslate:  155  15:49:56    -9341.979197       0.0100     --------     0.000967          3
MinModeTranslate:  155  15:49:56    -9341.979197       0.0100     0.100000     0.000967          3
MinModeTranslate:  156  15:49:56    -9341.977083       0.0136     --------     0.062762          3
MinModeTranslate:  156  15:49:56    -9341.977083       0.0136     0.100000     0.062762          3
MinModeTranslate:  157  15:49:56    -9341.974197       0.0186     --------     0.084548          3
MinModeTranslate:  157  15:49:56    -9341.974197       0.0186     0.100000     0.084548          3
MinModeTranslate:  158  15:49:56    -9341.970421       0.0233     --------     0.096241          3
MinModeTranslate:  158  15:49:56    -9341.970421       0.0233     0.100000     0.096241          3
MinModeTranslate:  159  15:49:56    -9341.965796       0.0284     --------     0.130716          3
MinModeTranslate:  159  15:49:56    -9341.965796       0.0284     0.100000     0.130716          3
MinModeTranslate:  160  15:49:57    -9341.960179       0.0343     --------     0.129909          3
