MINMODE:METHOD: Dimer
DIM:CONTROL: Search Parameters:
DIM:CONTROL: ------------------
DIM:CONTROL: eigenmode_method = dimer
DIM:CONTROL: f_rot_min = 0.01
DIM:CONTROL: f_rot_max = 0.1
DIM:CONTROL: max_num_rot = 3
DIM:CONTROL: trial_angle = 0.7853981633974483
DIM:CONTROL: trial_trans_step = 0.001
DIM:CONTROL: maximum_translation = 0.1
DIM:CONTROL: cg_translation = True
DIM:CONTROL: use_central_forces = True
DIM:CONTROL: dimer_separation = 0.005
DIM:CONTROL: initial_eigenmode_method = gauss
DIM:CONTROL: extrapolate_forces = True
DIM:CONTROL: displacement_method = gauss
DIM:CONTROL: gauss_std = 0.1
DIM:CONTROL: order = 1
DIM:CONTROL: mask = None
DIM:CONTROL: displacement_center = None
DIM:CONTROL: displacement_radius = None
DIM:CONTROL: number_of_displacement_atoms = None
DIM:CONTROL: ------------------
DIM:ROT: OPT-STEP ROT-STEP CURVATURE ROT-ANGLE ROT-FORCE
DIM:ROT:       0         1  -14.9708   29.8870   17.8611
DIM:ROT:       0         2  -19.6813   12.5187   21.3293
DIM:ROT:       0         3  -21.2313    9.0798    9.8959
DIM:ROT:       1         1  -25.0766    6.3235   10.5305
DIM:ROT:       1         2  -25.5623    4.0334    6.7703
DIM:ROT:       1         3  -25.7641    2.5726    4.5445
DIM:ROT:       2         1  -27.7037    3.9765    4.4080
DIM:ROT:       2         2  -27.7952    1.3911    3.6166
DIM:ROT:       2         3  -27.8289    1.2535    1.3944
DIM:ROT:       3         1  -29.1467    2.6915    3.5901
DIM:ROT:       3         2  -29.1877    1.0656    2.2758
DIM:ROT:       3         3  -29.2006    0.7655    1.0129
DIM:ROT:       4         1  -28.2919    1.7406    2.9477
DIM:ROT:       4         2  -28.3160    0.8724    1.7479
DIM:ROT:       4         3  -28.3253    0.5302    1.0019
DIM:ROT:       5         1  -27.7887    2.0540    3.1671
DIM:ROT:       5         2  -27.8159    0.9620    1.9673
DIM:ROT:       5         3  -27.8251    0.6288    0.9701
DIM:ROT:       6         1  -29.1879    1.0052    1.0059
DIM:ROT:       6         2  -29.1902    0.2689    0.6016
DIM:ROT:       6         3  -29.1908    0.1770    0.2812
DIM:ROT:       7         1  -26.0203    2.9579    4.0450
DIM:ROT:       7         2  -26.0670    1.2564    2.3843
DIM:ROT:       7         3  -26.0786    0.7794    1.0806
DIM:ROT:       8         1  -24.8494    1.5299    1.8307
DIM:ROT:       8         2  -24.8594    0.6093    1.2472
DIM:ROT:       8         3  -24.8624    0.4382    0.5315
DIM:ROT:       9         1  -24.4826    1.5935    2.9429
DIM:ROT:       9         2  -24.4966    0.9491    1.1845
DIM:ROT:       9         3  -24.5006    0.4355    0.8054
DIM:ROT:      10         1  -23.3931    2.6897    2.7051
DIM:ROT:      10         2  -23.4110    0.8626    1.6172
DIM:ROT:      10         3  -23.4162    0.5497    0.7326
DIM:ROT:      11         1  -23.4478    0.8919    1.1903
DIM:ROT:      11         2  -23.4539    0.4781    0.8200
DIM:ROT:      11         3  -23.4558    0.3471    0.4804
DIM:ROT:      12         1  -23.6810    1.8961    1.4394
DIM:ROT:      12         2  -23.6891    0.4748    0.8923
DIM:ROT:      12         3  -23.6901    0.2660    0.3947
DIM:ROT:      13         1  -23.7740    1.1479    1.2893
DIM:ROT:      13         2  -23.7805    0.4971    0.7608
DIM:ROT:      13         3  -23.7823    0.3132    0.4183
DIM:ROT:      14         1  -24.4560    0.7701    0.8312
DIM:ROT:      14         2  -24.4580    0.2374    0.4262
DIM:ROT:      14         3  -24.4583    0.1491    0.2133
DIM:ROT:      15         1  -25.2366    0.5866    0.9426
DIM:ROT:      15         2  -25.2384    0.3026    0.4463
DIM:ROT:      15         3  -25.2390    0.1633    0.2549
DIM:ROT:      16         1  -25.3357    0.4493    0.5759
DIM:ROT:      16         2  -25.3364    0.2153    0.2681
DIM:ROT:      16         3  -25.3365    0.1119    0.1538
DIM:ROT:      17         1  -25.2276    0.5610    0.7586
DIM:ROT:      17         2  -25.2284    0.2581    0.3524
DIM:ROT:      17         3  -25.2285    0.1273    0.2240
DIM:ROT:      18         1  -24.6104    0.6268    1.0504
DIM:ROT:      18         2  -24.6116    0.3732    0.4943
DIM:ROT:      18         3  -24.6122    0.1973    0.3380
DIM:ROT:      19         1  -23.7022    0.6357    0.8271
DIM:ROT:      19         2  -23.7025    0.3251    0.4560
DIM:ROT:      19         3  -23.7025    0.1982    0.2874
DIM:ROT:      20         1  -23.2217    0.6227    0.8802
DIM:ROT:      20         2  -23.2224    0.3417    0.4998
DIM:ROT:      20         3  -23.2224    0.2091    0.3027
DIM:ROT:      21         1  -23.4172    0.6589    0.5153
DIM:ROT:      21         2  -23.4165    0.1805    0.3572
DIM:ROT:      21         3  -23.4162    0.1237    0.1360
DIM:ROT:      22         1  -24.1258    0.7433    0.7275
DIM:ROT:      22         2  -24.1263    0.2801    0.4865
DIM:ROT:      22         3  -24.1262    0.2005    0.2219
DIM:ROT:      23         1  -24.6413    0.9180    0.9062
DIM:ROT:      23         2  -24.6431    0.3307    0.6165
DIM:ROT:      23         3  -24.6433    0.2111    0.2911
DIM:ROT:      24         1  -24.6179    0.9668    0.8056
DIM:ROT:      24         2  -24.6189    0.2377    0.5620
DIM:ROT:      24         3  -24.6194    0.1861    0.2416
DIM:ROT:      25         1  -24.2761    0.5616    0.9191
DIM:ROT:      25         2  -24.2776    0.3905    0.4773
DIM:ROT:      25         3  -24.2782    0.2182    0.3504
DIM:ROT:      26         1  -23.6199    0.8734    0.7778
DIM:ROT:      26         2  -23.6207    0.2425    0.5609
DIM:ROT:      26         3  -23.6214    0.2037    0.2435
DIM:ROT:      27         1  -23.0438    0.4424    0.7755
DIM:ROT:      27         2  -23.0436    0.2391    0.3141
DIM:ROT:      27         3  -23.0435    0.1163    0.2118
DIM:ROT:      28         1  -23.1903    0.2966    0.3633
DIM:ROT:      28         2  -23.1901    0.1298    0.2015
DIM:ROT:      28         3  -23.1901    0.0808    0.1245
DIM:ROT:      29         1  -23.4667    0.3856    0.4122
DIM:ROT:      29         2  -23.4666    0.1700    0.2916
DIM:ROT:      29         3  -23.4664    0.1274    0.1419
DIM:ROT:      30         1  -23.8417    0.4507    0.7145
DIM:ROT:      30         2  -23.8424    0.2634    0.3761
DIM:ROT:      30         3  -23.8425    0.1458    0.2528
DIM:ROT:      31         1  -23.6716    0.8746    0.8428
DIM:ROT:      31         2  -23.6740    0.3284    0.5258
DIM:ROT:      31         3  -23.6743    0.2173    0.2434
DIM:ROT:      32         1  -23.2335    0.8151    1.0678
DIM:ROT:      32         2  -23.2377    0.4091    0.6370
DIM:ROT:      32         3  -23.2392    0.2584    0.4030
DIM:ROT:      33         1  -23.1228    1.3560    0.8440
DIM:ROT:      33         2  -23.1239    0.2678    0.4639
DIM:ROT:      33         3  -23.1243    0.1334    0.2167
DIM:ROT:      34         1  -22.7142    1.4150    1.2985
DIM:ROT:      34         2  -22.7174    0.4776    0.9427
DIM:ROT:      34         3  -22.7195    0.3485    0.4068
DIM:ROT:      35         1  -22.3868    1.9282    1.5094
DIM:ROT:      35         2  -22.3900    0.5308    0.9125
DIM:ROT:      35         3  -22.3916    0.3183    0.4006
DIM:ROT:      36         1  -22.0493    1.9395    2.3219
DIM:ROT:      36         2  -22.0639    0.8365    1.4340
DIM:ROT:      36         3  -22.0699    0.5562    0.7944
DIM:ROT:      37         1  -23.1563    4.0541    3.5723
DIM:ROT:      37         2  -23.1886    1.2754    2.2467
DIM:ROT:      37         3  -23.2007    0.9381    0.9280
DIM:ROT:      38         1  -23.9892    2.5941    2.1592
DIM:ROT:      38         2  -24.0053    0.8159    1.5894
DIM:ROT:      38         3  -24.0095    0.5664    0.6349
DIM:ROT:      39         1  -24.5188    1.8188    1.6510
DIM:ROT:      39         2  -24.5320    0.6767    1.1915
DIM:ROT:      39         3  -24.5355    0.4424    0.5370
DIM:ROT:      40         1  -25.7262    1.7656    2.3513
DIM:ROT:      40         2  -25.7451    0.9422    1.5007
DIM:ROT:      40         3  -25.7534    0.6179    0.9129
DIM:ROT:      41         1  -27.0711    3.1349    2.7332
DIM:ROT:      41         2  -27.0916    0.9885    1.9736
DIM:ROT:      41         3  -27.0968    0.7575    0.7169
DIM:ROT:      42         1  -24.9534    2.4499    2.1615
DIM:ROT:      42         2  -24.9550    0.7010    1.2857
DIM:ROT:      42         3  -24.9534    0.4306    0.4818
DIM:ROT:      43         1  -23.5186    1.1888    2.2044
DIM:ROT:      43         2  -23.5173    0.7466    0.8106
DIM:ROT:      43         3  -23.5154    0.3284    0.5932
DIM:ROT:      44         1  -23.0986    0.6008    0.9008
DIM:ROT:      44         2  -23.0962    0.3511    0.4805
DIM:ROT:      44         3  -23.0947    0.2078    0.3124
DIM:ROT:      45         1  -22.3537    1.1751    0.9809
DIM:ROT:      45         2  -22.3485    0.3410    0.6587
DIM:ROT:      45         3  -22.3463    0.2556    0.2287
DIM:ROT:      46         1  -23.4158    1.2072    1.0636
DIM:ROT:      46         2  -23.4160    0.3566    0.7038
DIM:ROT:      46         3  -23.4149    0.2556    0.3043
DIM:ROT:      47         1  -25.8707    2.6118    2.0109
DIM:ROT:      47         2  -25.8809    0.6129    1.0624
DIM:ROT:      47         3  -25.8785    0.3785    0.4425
DIM:ROT:      48         1  -27.6113    1.5213    1.8396
DIM:ROT:      48         2  -27.6241    0.6935    1.1461
DIM:ROT:      48         3  -27.6222    0.4555    0.5846
DIM:ROT:      49         1  -30.1895    2.5021    2.4343
DIM:ROT:      49         2  -30.2008    0.7685    1.5689
DIM:ROT:      49         3  -30.2045    0.5704    0.6267
DIM:ROT:      50         1  -29.3808    2.3752    2.3275
DIM:ROT:      50         2  -29.3895    0.7426    1.4720
DIM:ROT:      50         3  -29.3879    0.5236    0.5639
DIM:ROT:      51         1  -27.3600    1.4937    2.3729
DIM:ROT:      51         2  -27.3693    0.8500    1.3188
DIM:ROT:      51         3  -27.3704    0.5078    0.7969
DIM:ROT:      52         1  -22.3528    4.9875    4.5427
DIM:ROT:      52         2  -22.4176    1.5428    3.1068
DIM:ROT:      52         3  -22.4342    1.2093    1.1678
DIM:ROT:      53         1  -22.0227    0.8543    1.6401
DIM:ROT:      53         2  -22.0272    0.6790    0.6773
DIM:ROT:      53         3  -22.0284    0.3060    0.5871
DIM:ROT:      54         1  -22.6322    1.2375    1.3988
DIM:ROT:      54         2  -22.6421    0.4774    0.8733
DIM:ROT:      54         3  -22.6426    0.3103    0.4001
DIM:ROT:      55         1  -21.5828    1.8026    1.9475
DIM:ROT:      55         2  -21.6053    0.7706    1.4936
DIM:ROT:      55         3  -21.6107    0.6286    0.6907
DIM:ROT:      56         1  -20.2160    2.5687    1.7440
DIM:ROT:      56         2  -20.2294    0.6793    1.2515
DIM:ROT:      56         3  -20.2325    0.4475    0.4979
DIM:ROT:      57         1  -17.4724    4.0327    2.7065
DIM:ROT:      57         2  -17.5130    1.0955    2.3057
DIM:ROT:      57         3  -17.5263    0.9729    0.8015
DIM:ROT:      58         1  -15.8277    3.6452    2.2888
DIM:ROT:      58         2  -15.8535    0.8927    1.8496
DIM:ROT:      58         3  -15.8627    0.7501    0.6803
DIM:ROT:      59         1  -14.9753    1.6799    2.0087
DIM:ROT:      59         2  -15.0027    0.9529    1.6292
DIM:ROT:      59         3  -15.0163    0.8050    0.9447
DIM:ROT:      60         1  -14.2879    2.0395    1.5007
DIM:ROT:      60         2  -14.3079    0.7289    1.3809
DIM:ROT:      60         3  -14.3147    0.6526    0.6029
DIM:ROT:      61         1  -13.0635    1.6650    1.8361
DIM:ROT:      61         2  -13.0904    0.9210    1.5967
DIM:ROT:      61         3  -13.1049    0.8312    0.9080
DIM:ROT:      62         1  -12.8114    0.9900    1.1767
DIM:ROT:      62         2  -12.8241    0.6056    1.0111
DIM:ROT:      62         3  -12.8313    0.5481    0.6463
DIM:ROT:      63         1  -12.7186    0.5648    0.9330
DIM:ROT:      63         2  -12.7235    0.4794    0.5481
DIM:ROT:      63         3  -12.7268    0.2949    0.4838
DIM:ROT:      64         1  -13.5176    0.7565    0.8891
DIM:ROT:      64         2  -13.5175    0.3888    0.6770
DIM:ROT:      64         3  -13.5195    0.3277    0.3780
DIM:ROT:      65         1  -14.1011    1.1272    0.8060
DIM:ROT:      65         2  -14.0996    0.3597    0.6534
DIM:ROT:      65         3  -14.0993    0.2852    0.2649
DIM:ROT:      66         1  -14.5051    0.4686    0.7545
DIM:ROT:      66         2  -14.5045    0.3581    0.4216
DIM:ROT:      66         3  -14.5049    0.2138    0.3440
DIM:ROT:      67         1  -15.2229    1.5429    0.9190
DIM:ROT:      67         2  -15.2182    0.3860    0.6525
DIM:ROT:      67         3  -15.2183    0.2536    0.2380
DIM:ROT:      68         1  -15.4291    0.3573    0.4496
DIM:ROT:      68         2  -15.4283    0.2269    0.3199
DIM:ROT:      68         3  -15.4285    0.1699    0.2141
DIM:ROT:      69         1  -15.3334    0.3301    0.3896
DIM:ROT:      69         2  -15.3346    0.1747    0.2840
DIM:ROT:      69         3  -15.3345    0.1360    0.1704
DIM:ROT:      70         1  -15.4368    0.2305    0.3628
DIM:ROT:      70         2  -15.4363    0.1677    0.2092
DIM:ROT:      70         3  -15.4366    0.1042    0.1638
DIM:ROT:      71         1  -15.4562    0.2258    0.3427
DIM:ROT:      71         2  -15.4562    0.1633    0.1923
DIM:ROT:      71         3  -15.4560    0.0974    0.1454
DIM:ROT:      72         1  -15.5564    0.2329    0.4189
DIM:ROT:      72         2  -15.5558    0.1817    0.1774
DIM:ROT:      72         3  -15.5560    0.0881    0.1570
DIM:ROT:      73         1  -15.5256    0.1094    0.1680
DIM:ROT:      73         2  -15.5255    0.0817    0.0925
DIM:ROT:      74         1  -15.2978    0.3440    0.2626
DIM:ROT:      74         2  -15.2982    0.1257    0.2337
DIM:ROT:      74         3  -15.2982    0.1133    0.0924
DIM:ROT:      75         1  -15.3161    0.0907    0.1748
DIM:ROT:      75         2  -15.3160    0.0814    0.0743
DIM:ROT:      76         1  -15.2558    0.0984    0.1041
DIM:ROT:      76         2  -15.2561    0.0540    0.0886
DIM:ROT:      77         1  -15.2482    0.1339    0.1019
DIM:ROT:      77         2  -15.2486    0.0480    0.0915
DIM:ROT:      78         1  -15.1689    0.1195    0.1588
DIM:ROT:      78         2  -15.1690    0.0817    0.1059
DIM:ROT:      78         3  -15.1690    0.0563    0.0738
DIM:ROT:      79         1  -15.0975    0.2393    0.1890
DIM:ROT:      79         2  -15.0977    0.0934    0.1691
DIM:ROT:      79         3  -15.0978    0.0912    0.0731
DIM:ROT:      80         1  -15.0177    0.1347    0.2404
DIM:ROT:      80         2  -15.0176    0.1137    0.1050
DIM:ROT:      80         3  -15.0177    0.0528    0.0922
DIM:ROT:      81         1  -14.9916    0.1929    0.1436
DIM:ROT:      81         2  -14.9918    0.0706    0.1273
DIM:ROT:      81         3  -14.9918    0.0611    0.0531
DIM:ROT:      82         1  -15.0081    0.0696    0.0824
DIM:ROT:      83         1  -14.9628    0.1112    0.0970
DIM:ROT:      84         1  -14.9831    0.0518    0.0986
DIM:ROT:      85         1  -14.9635    0.0520    0.0824
DIM:ROT:      86         1  -14.9803    0.0638    0.1043
DIM:ROT:      86         2  -14.9801    0.0458    0.0524
DIM:ROT:      87         1  -14.9745    0.0516    0.0430
DIM:ROT:      88         1  -15.0157    0.0511    0.0724
DIM:ROT:      89         1  -15.0802    0.0804    0.1069
DIM:ROT:      89         2  -15.0800    0.0527    0.0700
DIM:ROT:      90         1  -15.1240    0.0880    0.0726
DIM:ROT:      91         1  -15.2018    0.1977    0.1016
DIM:ROT:      91         2  -15.2008    0.0360    0.0691
DIM:ROT:      92         1  -15.1942    0.0250    0.0409
DIM:ROT:      93         1  -15.2199    0.0486    0.0537
DIM:ROT:      94         1  -15.2232    0.0391    0.0731
DIM:ROT:      95         1  -15.2638    0.0912    0.0627
DIM:ROT:      96         1  -15.3073    0.0593    0.0980
DIM:ROT:      97         1  -15.3417    0.0764    0.0878
