      Step     Time          Energy          fmax
BFGS:    0 16:54:44    -6226.522140        1.843023
BFGS:    1 16:54:44    -6226.659264        2.196819
BFGS:    2 16:54:44    -6227.247104        2.204764
BFGS:    3 16:54:44    -6227.698898        2.510401
BFGS:    4 16:54:44    -6227.860119        4.903187
BFGS:    5 16:54:44    -6228.099484        2.105257
BFGS:    6 16:54:44    -6228.177477        1.307798
BFGS:    7 16:54:44    -6228.217419        0.534932
BFGS:    8 16:54:44    -6228.250307        0.675812
BFGS:    9 16:54:44    -6228.350828        1.015893
BFGS:   10 16:54:44    -6228.417425        1.851261
BFGS:   11 16:54:44    -6228.460272        1.396694
BFGS:   12 16:54:44    -6228.540717        0.730758
BFGS:   13 16:54:44    -6228.571902        0.691401
BFGS:   14 16:54:44    -6228.606351        0.398860
BFGS:   15 16:54:44    -6228.623893        0.323891
BFGS:   16 16:54:44    -6228.641961        0.457824
BFGS:   17 16:54:44    -6228.662146        0.575746
BFGS:   18 16:54:44    -6228.694294        0.715579
BFGS:   19 16:54:44    -6228.738145        0.303976
BFGS:   20 16:54:44    -6228.769564        0.201969
BFGS:   21 16:54:44    -6228.767798        1.267603
BFGS:   22 16:54:44    -6228.788405        0.611907
BFGS:   23 16:54:44    -6228.790684        0.529503
BFGS:   24 16:54:44    -6228.803289        0.278725
BFGS:   25 16:54:44    -6228.813874        0.373550
BFGS:   26 16:54:44    -6228.821449        0.459275
BFGS:   27 16:54:44    -6228.827190        0.309369
BFGS:   28 16:54:44    -6228.831480        0.133853
BFGS:   29 16:54:44    -6228.832298        0.125283
BFGS:   30 16:54:44    -6228.833444        0.070968
BFGS:   31 16:54:44    -6228.833648        0.040970
BFGS:   32 16:54:44    -6228.833759        0.037470
BFGS:   33 16:54:44    -6228.833843        0.042640
BFGS:   34 16:54:44    -6228.833999        0.054584
BFGS:   35 16:54:44    -6228.834206        0.072065
BFGS:   36 16:54:44    -6228.834553        0.072799
BFGS:   37 16:54:44    -6228.835119        0.078319
BFGS:   38 16:54:44    -6228.836015        0.097720
BFGS:   39 16:54:44    -6228.837121        0.083178
BFGS:   40 16:54:44    -6228.837901        0.040421
BFGS:   41 16:54:44    -6228.838067        0.021925
BFGS:   42 16:54:44    -6228.838095        0.014378
BFGS:   43 16:54:44    -6228.838105        0.017559
BFGS:   44 16:54:44    -6228.838139        0.029258
BFGS:   45 16:54:44    -6228.838182        0.037031
BFGS:   46 16:54:44    -6228.838259        0.056005
BFGS:   47 16:54:44    -6228.838426        0.056464
BFGS:   48 16:54:44    -6228.838714        0.076273
BFGS:   49 16:54:44    -6228.839110        0.056858
BFGS:   50 16:54:44    -6228.839318        0.050952
BFGS:   51 16:54:44    -6228.839477        0.044427
BFGS:   52 16:54:44    -6228.839526        0.095620
BFGS:   53 16:54:44    -6228.839769        0.063007
BFGS:   54 16:54:44    -6228.840292        0.039062
BFGS:   55 16:54:44    -6228.837055        0.597737
BFGS:   56 16:54:44    -6228.840848        0.092809
BFGS:   57 16:54:44    -6228.841206        0.070081
BFGS:   58 16:54:44    -6228.835147        0.704214
BFGS:   59 16:54:44    -6228.841494        0.054478
BFGS:   60 16:54:44    -6228.841715        0.032806
BFGS:   61 16:54:45    -6228.838871        0.497954
BFGS:   62 16:54:45    -6228.841950        0.020980
BFGS:   63 16:54:45    -6228.842076        0.021220
BFGS:   64 16:54:45    -6228.842155        0.116290
BFGS:   65 16:54:45    -6228.842230        0.046129
BFGS:   66 16:54:45    -6228.842257        0.045700
BFGS:   67 16:54:45    -6228.842334        0.036067
BFGS:   68 16:54:45    -6228.842368        0.021766
BFGS:   69 16:54:45    -6228.842426        0.029551
BFGS:   70 16:54:45    -6228.842546        0.039355
BFGS:   71 16:54:45    -6228.842697        0.043043
BFGS:   72 16:54:45    -6228.842708        0.069029
BFGS:   73 16:54:45    -6228.842774        0.016720
BFGS:   74 16:54:45    -6228.842787        0.011415
BFGS:   75 16:54:45    -6228.842799        0.008876
BFGS:   76 16:54:45    -6228.842808        0.012866
BFGS:   77 16:54:45    -6228.842819        0.017724
BFGS:   78 16:54:45    -6228.842856        0.024926
BFGS:   79 16:54:45    -6228.842925        0.036629
BFGS:   80 16:54:45    -6228.843028        0.043324
BFGS:   81 16:54:45    -6228.843129        0.041076
BFGS:   82 16:54:45    -6228.843228        0.036977
BFGS:   83 16:54:45    -6228.843290        0.030716
BFGS:   84 16:54:45    -6228.843328        0.029347
BFGS:   85 16:54:45    -6228.843381        0.022288
BFGS:   86 16:54:45    -6228.843427        0.027977
BFGS:   87 16:54:45    -6228.843440        0.037031
BFGS:   88 16:54:45    -6228.843459        0.030892
BFGS:   89 16:54:45    -6228.843473        0.003271
