MinModeTranslate: STEP      TIME          ENERGY    MAX-FORCE     STEPSIZE    CURVATURE  ROT-STEPS
MinModeTranslate:    0  16:54:37    -6222.129894       7.0705     --------   -25.131740          3
MinModeTranslate:    0  16:54:37    -6222.129894       7.0705     0.100000   -25.131740          3
MinModeTranslate:    1  16:54:37    -6222.915886       5.9292     --------   -30.038883          3
MinModeTranslate:    1  16:54:37    -6222.915886       5.9292     0.100000   -30.038883          3
MinModeTranslate:    2  16:54:37    -6223.696204       4.7376     --------   -36.663038          3
MinModeTranslate:    2  16:54:37    -6223.696204       4.7376     0.100000   -36.663038          3
MinModeTranslate:    3  16:54:37    -6224.428031       3.2178     --------   -23.549475          3
MinModeTranslate:    3  16:54:37    -6224.428031       3.2178     0.100000   -23.549475          3
MinModeTranslate:    4  16:54:37    -6224.888364       2.2297     --------    -9.403902          3
MinModeTranslate:    4  16:54:37    -6224.888364       2.2297     0.100000    -9.403902          3
MinModeTranslate:    5  16:54:37    -6225.144679       1.4373     --------    -8.325788          3
MinModeTranslate:    5  16:54:37    -6225.144679       1.4373     0.100000    -8.325788          3
MinModeTranslate:    6  16:54:37    -6225.228905       1.8815     --------    -3.679380          3
MinModeTranslate:    6  16:54:37    -6225.228905       1.8815     0.100000    -3.679380          3
MinModeTranslate:    7  16:54:37    -6225.261437       1.3042     --------    -3.231165          3
MinModeTranslate:    7  16:54:37    -6225.261437       1.3042     0.100000    -3.231165          3
MinModeTranslate:    8  16:54:37    -6225.261041       1.1350     --------    -4.426266          3
MinModeTranslate:    8  16:54:37    -6225.261041       1.1350     0.093013    -4.426266          3
MinModeTranslate:    9  16:54:37    -6225.314260       1.2917     --------    -7.949837          3
MinModeTranslate:    9  16:54:37    -6225.314260       1.2917     0.100000    -7.949837          3
MinModeTranslate:   10  16:54:37    -6225.406077       1.1090     --------   -11.951522          3
MinModeTranslate:   10  16:54:37    -6225.406077       1.1090     0.066551   -11.951522          3
MinModeTranslate:   11  16:54:37    -6225.465339       0.7083     --------   -10.167862          3
MinModeTranslate:   11  16:54:38    -6225.465339       0.7083     0.067723   -10.167862          3
MinModeTranslate:   12  16:54:38    -6225.480897       1.1919     --------    -8.936702          3
MinModeTranslate:   12  16:54:38    -6225.480897       1.1919     0.075601    -8.936702          3
MinModeTranslate:   13  16:54:38    -6225.493437       0.4797     --------    -7.678555          3
MinModeTranslate:   13  16:54:38    -6225.493437       0.4797     0.079324    -7.678555          3
MinModeTranslate:   14  16:54:38    -6225.517312       0.8561     --------    -7.261335          3
MinModeTranslate:   14  16:54:38    -6225.517312       0.8561     0.031513    -7.261335          3
MinModeTranslate:   15  16:54:38    -6225.529396       0.3912     --------    -7.802859          3
MinModeTranslate:   15  16:54:38    -6225.529396       0.3912     0.051912    -7.802859          3
MinModeTranslate:   16  16:54:38    -6225.545029       0.5829     --------    -8.389891          3
MinModeTranslate:   16  16:54:38    -6225.545029       0.5829     0.039346    -8.389891          3
MinModeTranslate:   17  16:54:38    -6225.555853       0.5392     --------    -8.897025          3
MinModeTranslate:   17  16:54:38    -6225.555853       0.5392     0.025474    -8.897025          3
MinModeTranslate:   18  16:54:38    -6225.561174       0.2862     --------    -8.932454          3
MinModeTranslate:   18  16:54:38    -6225.561174       0.2862     0.039791    -8.932454          3
MinModeTranslate:   19  16:54:38    -6225.564657       0.3590     --------    -8.652281          3
MinModeTranslate:   19  16:54:38    -6225.564657       0.3590     0.012725    -8.652281          3
MinModeTranslate:   20  16:54:38    -6225.565474       0.2514     --------    -8.724338          3
MinModeTranslate:   20  16:54:38    -6225.565474       0.2514     0.039215    -8.724338          3
MinModeTranslate:   21  16:54:38    -6225.570003       0.1104     --------    -9.010409          3
MinModeTranslate:   21  16:54:38    -6225.570003       0.1104     0.013339    -9.010409          3
MinModeTranslate:   22  16:54:38    -6225.571065       0.1982     --------    -9.135466          3
MinModeTranslate:   22  16:54:38    -6225.571065       0.1982     0.018702    -9.135466          3
MinModeTranslate:   23  16:54:38    -6225.572195       0.1952     --------    -9.246167          3
MinModeTranslate:   23  16:54:38    -6225.572195       0.1952     0.035995    -9.246167          3
MinModeTranslate:   24  16:54:38    -6225.573762       0.2077     --------    -9.397416          3
MinModeTranslate:   24  16:54:38    -6225.573762       0.2077     0.048616    -9.397416          3
MinModeTranslate:   25  16:54:38    -6225.575849       0.3346     --------    -9.322235          3
MinModeTranslate:   25  16:54:39    -6225.575849       0.3346     0.034101    -9.322235          3
MinModeTranslate:   26  16:54:39    -6225.577756       0.1679     --------    -9.008130          3
MinModeTranslate:   26  16:54:39    -6225.577756       0.1679     0.017703    -9.008130          3
MinModeTranslate:   27  16:54:39    -6225.579136       0.1394     --------    -8.859203          3
MinModeTranslate:   27  16:54:39    -6225.579136       0.1394     0.004463    -8.859203          3
MinModeTranslate:   28  16:54:39    -6225.579343       0.0848     --------    -8.760190          3
MinModeTranslate:   28  16:54:39    -6225.579343       0.0848     0.021102    -8.760190          3
MinModeTranslate:   29  16:54:39    -6225.580099       0.0748     --------    -8.190246          3
MinModeTranslate:   29  16:54:39    -6225.580099       0.0748     0.007111    -8.190246          3
MinModeTranslate:   30  16:54:39    -6225.580401       0.1137     --------    -8.075025          3
MinModeTranslate:   30  16:54:39    -6225.580401       0.1137     0.018765    -8.075025          3
MinModeTranslate:   31  16:54:39    -6225.581347       0.1378     --------    -7.954824          3
MinModeTranslate:   31  16:54:39    -6225.581347       0.1378     0.021535    -7.954824          3
MinModeTranslate:   32  16:54:39    -6225.582456       0.1069     --------    -7.786006          3
MinModeTranslate:   32  16:54:39    -6225.582456       0.1069     0.018339    -7.786006          3
MinModeTranslate:   33  16:54:39    -6225.583126       0.1320     --------    -7.642815          3
MinModeTranslate:   33  16:54:39    -6225.583126       0.1320     0.045265    -7.642815          3
MinModeTranslate:   34  16:54:39    -6225.584378       0.1619     --------    -7.486134          3
MinModeTranslate:   34  16:54:39    -6225.584378       0.1619     0.027594    -7.486134          3
MinModeTranslate:   35  16:54:39    -6225.584982       0.1750     --------    -7.373179          3
MinModeTranslate:   35  16:54:39    -6225.584982       0.1750     0.030950    -7.373179          3
MinModeTranslate:   36  16:54:39    -6225.585781       0.1220     --------    -7.244007          3
MinModeTranslate:   36  16:54:39    -6225.585781       0.1220     0.055506    -7.244007          3
MinModeTranslate:   37  16:54:39    -6225.587506       0.1519     --------    -7.385820          3
MinModeTranslate:   37  16:54:39    -6225.587506       0.1519     0.056696    -7.385820          3
MinModeTranslate:   38  16:54:39    -6225.589970       0.2870     --------    -7.579546          3
MinModeTranslate:   38  16:54:39    -6225.589970       0.2870     0.063102    -7.579546          3
MinModeTranslate:   39  16:54:39    -6225.592666       0.1890     --------    -7.727582          3
MinModeTranslate:   39  16:54:39    -6225.592666       0.1890     0.038483    -7.727582          3
MinModeTranslate:   40  16:54:40    -6225.593879       0.2001     --------    -7.798117          3
MinModeTranslate:   40  16:54:40    -6225.593879       0.2001     0.059476    -7.798117          3
MinModeTranslate:   41  16:54:40    -6225.595801       0.2865     --------    -8.043526          3
MinModeTranslate:   41  16:54:40    -6225.595801       0.2865     0.066222    -8.043526          3
MinModeTranslate:   42  16:54:40    -6225.600449       0.3665     --------    -8.986185          3
MinModeTranslate:   42  16:54:40    -6225.600449       0.3665     0.100000    -8.986185          3
MinModeTranslate:   43  16:54:40    -6225.615126       0.5292     --------    -9.367673          3
MinModeTranslate:   43  16:54:40    -6225.615126       0.5292     0.100000    -9.367673          3
MinModeTranslate:   44  16:54:40    -6225.646290       0.8740     --------   -18.650966          3
MinModeTranslate:   44  16:54:40    -6225.646290       0.8740     0.100000   -18.650966          3
MinModeTranslate:   45  16:54:40    -6225.709496       1.0773     --------   -15.028364          3
MinModeTranslate:   45  16:54:40    -6225.709496       1.0773     0.100000   -15.028364          3
MinModeTranslate:   46  16:54:40    -6225.782326       1.4473     --------   -10.557358          3
MinModeTranslate:   46  16:54:40    -6225.782326       1.4473     0.100000   -10.557358          3
MinModeTranslate:   47  16:54:40    -6225.900335       1.8126     --------    -8.920133          3
MinModeTranslate:   47  16:54:40    -6225.900335       1.8126     0.100000    -8.920133          3
MinModeTranslate:   48  16:54:40    -6226.033904       1.4713     --------    -5.929914          3
MinModeTranslate:   48  16:54:40    -6226.033904       1.4713     0.096829    -5.929914          3
MinModeTranslate:   49  16:54:40    -6226.125899       1.1076     --------    -7.043000          3
MinModeTranslate:   49  16:54:40    -6226.125899       1.1076     0.034294    -7.043000          3
MinModeTranslate:   50  16:54:40    -6226.148320       1.1728     --------    -7.955742          3
MinModeTranslate:   50  16:54:40    -6226.148320       1.1728     0.054731    -7.955742          3
MinModeTranslate:   51  16:54:40    -6226.169077       0.9281     --------   -12.336953          3
MinModeTranslate:   51  16:54:40    -6226.169077       0.9281     0.091593   -12.336953          3
MinModeTranslate:   52  16:54:40    -6226.224382       1.0195     --------   -21.047808          3
MinModeTranslate:   52  16:54:40    -6226.224382       1.0195     0.069291   -21.047808          3
MinModeTranslate:   53  16:54:40    -6226.275792       1.3068     --------   -23.831695          3
MinModeTranslate:   53  16:54:40    -6226.275792       1.3068     0.088013   -23.831695          3
MinModeTranslate:   54  16:54:40    -6226.309415       0.9973     --------   -20.035825          3
MinModeTranslate:   54  16:54:40    -6226.309415       0.9973     0.049034   -20.035825          3
MinModeTranslate:   55  16:54:41    -6226.317903       0.4950     --------   -17.247181          3
MinModeTranslate:   55  16:54:41    -6226.317903       0.4950     0.021749   -17.247181          3
MinModeTranslate:   56  16:54:41    -6226.325582       0.3896     --------   -16.179439          3
MinModeTranslate:   56  16:54:41    -6226.325582       0.3896     0.028198   -16.179439          3
MinModeTranslate:   57  16:54:41    -6226.334007       0.4595     --------   -15.562873          3
MinModeTranslate:   57  16:54:41    -6226.334007       0.4595     0.047021   -15.562873          3
MinModeTranslate:   58  16:54:41    -6226.347128       0.3148     --------   -16.981466          3
MinModeTranslate:   58  16:54:41    -6226.347128       0.3148     0.021780   -16.981466          3
MinModeTranslate:   59  16:54:41    -6226.349403       0.3549     --------   -17.645691          3
MinModeTranslate:   59  16:54:41    -6226.349403       0.3549     0.034348   -17.645691          3
MinModeTranslate:   60  16:54:41    -6226.353139       0.2763     --------   -18.929768          3
MinModeTranslate:   60  16:54:41    -6226.353139       0.2763     0.037865   -18.929768          3
MinModeTranslate:   61  16:54:41    -6226.360007       0.2458     --------   -19.607523          3
MinModeTranslate:   61  16:54:41    -6226.360007       0.2458     0.033547   -19.607523          3
MinModeTranslate:   62  16:54:41    -6226.364870       0.3618     --------   -19.633227          3
MinModeTranslate:   62  16:54:41    -6226.364870       0.3618     0.027969   -19.633227          3
MinModeTranslate:   63  16:54:41    -6226.367366       0.2314     --------   -19.432820          3
MinModeTranslate:   63  16:54:41    -6226.367366       0.2314     0.039397   -19.432820          3
MinModeTranslate:   64  16:54:41    -6226.370884       0.2366     --------   -18.633073          3
MinModeTranslate:   64  16:54:41    -6226.370884       0.2366     0.012965   -18.633073          3
MinModeTranslate:   65  16:54:41    -6226.372305       0.1789     --------   -18.308718          3
MinModeTranslate:   65  16:54:41    -6226.372305       0.1789     0.018910   -18.308718          3
MinModeTranslate:   66  16:54:41    -6226.373858       0.1613     --------   -18.419334          3
MinModeTranslate:   66  16:54:41    -6226.373858       0.1613     0.025767   -18.419334          3
MinModeTranslate:   67  16:54:41    -6226.375376       0.1611     --------   -19.431363          3
MinModeTranslate:   67  16:54:41    -6226.375376       0.1611     0.007089   -19.431363          3
MinModeTranslate:   68  16:54:41    -6226.375758       0.0832     --------   -19.932304          3
MinModeTranslate:   68  16:54:41    -6226.375758       0.0832     0.010166   -19.932304          3
MinModeTranslate:   69  16:54:41    -6226.376259       0.0817     --------   -20.703785          3
MinModeTranslate:   69  16:54:42    -6226.376259       0.0817     0.010533   -20.703785          3
MinModeTranslate:   70  16:54:42    -6226.376771       0.1110     --------   -21.299715          3
MinModeTranslate:   70  16:54:42    -6226.376771       0.1110     0.004731   -21.299715          3
MinModeTranslate:   71  16:54:42    -6226.376935       0.0678     --------   -21.420767          3
MinModeTranslate:   71  16:54:42    -6226.376935       0.0678     0.005403   -21.420767          3
MinModeTranslate:   72  16:54:42    -6226.377018       0.0387     --------   -21.383838          3
MinModeTranslate:   72  16:54:42    -6226.377018       0.0387     0.002700   -21.383838          3
MinModeTranslate:   73  16:54:42    -6226.377078       0.0383     --------   -21.307116          3
MinModeTranslate:   73  16:54:42    -6226.377078       0.0383     0.002030   -21.307116          3
MinModeTranslate:   74  16:54:42    -6226.377132       0.0293     --------   -21.280525          2
MinModeTranslate:   74  16:54:42    -6226.377132       0.0293     0.002878   -21.280525          2
MinModeTranslate:   75  16:54:42    -6226.377173       0.0223     --------   -21.278652          3
MinModeTranslate:   75  16:54:42    -6226.377173       0.0223     0.001884   -21.278652          3
MinModeTranslate:   76  16:54:42    -6226.377184       0.0280     --------   -21.286218          3
MinModeTranslate:   76  16:54:42    -6226.377184       0.0280     0.002945   -21.286218          3
MinModeTranslate:   77  16:54:42    -6226.377227       0.0190     --------   -21.276630          3
MinModeTranslate:   77  16:54:42    -6226.377227       0.0190     0.001579   -21.276630          3
MinModeTranslate:   78  16:54:42    -6226.377237       0.0151     --------   -21.270135          1
MinModeTranslate:   78  16:54:42    -6226.377237       0.0151     0.001620   -21.270135          1
MinModeTranslate:   79  16:54:42    -6226.377256       0.0194     --------   -21.279145          1
MinModeTranslate:   79  16:54:42    -6226.377256       0.0194     0.003350   -21.279145          1
MinModeTranslate:   80  16:54:42    -6226.377272       0.0164     --------   -21.364783          3
MinModeTranslate:   80  16:54:42    -6226.377272       0.0164     0.001231   -21.364783          3
MinModeTranslate:   81  16:54:42    -6226.377282       0.0155     --------   -21.433300          2
MinModeTranslate:   81  16:54:42    -6226.377282       0.0155     0.001311   -21.433300          2
MinModeTranslate:   82  16:54:42    -6226.377289       0.0124     --------   -21.515803          1
MinModeTranslate:   82  16:54:42    -6226.377289       0.0124     0.001433   -21.515803          1
MinModeTranslate:   83  16:54:42    -6226.377298       0.0092     --------   -21.569469          1
MinModeTranslate:   83  16:54:42    -6226.377298       0.0092     0.001067   -21.569469          1
MinModeTranslate:   84  16:54:42    -6226.377307       0.0127     --------   -21.595944          2
MinModeTranslate:   84  16:54:42    -6226.377307       0.0127     0.000861   -21.595944          2
MinModeTranslate:   85  16:54:42    -6226.377300       0.0070     --------   -21.604017          1
MinModeTranslate:   85  16:54:43    -6226.377300       0.0070     0.000917   -21.604017          1
MinModeTranslate:   86  16:54:43    -6226.377311       0.0089     --------   -21.617424          1
MinModeTranslate:   86  16:54:43    -6226.377311       0.0089     0.000401   -21.617424          1
MinModeTranslate:   87  16:54:43    -6226.377310       0.0049     --------   -21.619805          1
