      Step     Time          Energy          fmax
BFGS:    0 16:48:25   -12455.723545        2.203505
BFGS:    1 16:48:25   -12455.921716        2.712301
BFGS:    2 16:48:25   -12456.519851        2.490560
BFGS:    3 16:48:25   -12456.984850        3.647521
BFGS:    4 16:48:25   -12457.398264        4.960064
BFGS:    5 16:48:25   -12457.758916        4.395373
BFGS:    6 16:48:25   -12458.000612        2.206799
BFGS:    7 16:48:25   -12458.141414        2.045761
BFGS:    8 16:48:25   -12458.212256        1.054335
BFGS:    9 16:48:25   -12458.249055        0.745352
BFGS:   10 16:48:25   -12458.284121        0.582458
BFGS:   11 16:48:25   -12458.301054        0.566444
BFGS:   12 16:48:25   -12458.320977        0.487457
BFGS:   13 16:48:26   -12458.337139        0.287091
BFGS:   14 16:48:26   -12458.345829        0.273336
BFGS:   15 16:48:26   -12458.352884        0.231702
BFGS:   16 16:48:26   -12458.359311        0.245198
BFGS:   17 16:48:26   -12458.366603        0.245965
BFGS:   18 16:48:26   -12458.374764        0.333541
BFGS:   19 16:48:26   -12458.383531        0.321949
BFGS:   20 16:48:26   -12458.392411        0.252631
BFGS:   21 16:48:26   -12458.401211        0.242243
BFGS:   22 16:48:26   -12458.410469        0.322967
BFGS:   23 16:48:26   -12458.422634        0.302946
BFGS:   24 16:48:26   -12458.433502        0.361144
BFGS:   25 16:48:26   -12458.441181        0.467852
BFGS:   26 16:48:26   -12458.448720        0.242647
BFGS:   27 16:48:26   -12458.453739        0.129380
BFGS:   28 16:48:26   -12458.456269        0.133807
BFGS:   29 16:48:26   -12458.460861        0.171104
BFGS:   30 16:48:26   -12458.465908        0.212736
BFGS:   31 16:48:26   -12458.471023        0.189056
BFGS:   32 16:48:26   -12458.474660        0.143282
BFGS:   33 16:48:26   -12458.477723        0.160303
BFGS:   34 16:48:26   -12458.481248        0.196932
BFGS:   35 16:48:26   -12458.485277        0.167913
BFGS:   36 16:48:26   -12458.489071        0.190578
BFGS:   37 16:48:26   -12458.491056        0.236504
BFGS:   38 16:48:26   -12458.494614        0.133490
BFGS:   39 16:48:26   -12458.497246        0.138338
BFGS:   40 16:48:26   -12458.502785        0.195465
BFGS:   41 16:48:26   -12458.507159        0.192225
BFGS:   42 16:48:26   -12458.512073        0.173000
BFGS:   43 16:48:26   -12458.516291        0.170951
BFGS:   44 16:48:26   -12458.520093        0.168779
BFGS:   45 16:48:26   -12458.523682        0.199712
BFGS:   46 16:48:26   -12458.526995        0.171560
BFGS:   47 16:48:26   -12458.529464        0.102441
BFGS:   48 16:48:26   -12458.530800        0.087856
BFGS:   49 16:48:26   -12458.531995        0.092323
BFGS:   50 16:48:26   -12458.533380        0.104258
BFGS:   51 16:48:26   -12458.535067        0.106651
BFGS:   52 16:48:26   -12458.536540        0.094291
BFGS:   53 16:48:26   -12458.537921        0.093381
BFGS:   54 16:48:27   -12458.539368        0.096603
BFGS:   55 16:48:27   -12458.541061        0.137472
BFGS:   56 16:48:27   -12458.542938        0.124107
BFGS:   57 16:48:27   -12458.544871        0.152624
BFGS:   58 16:48:27   -12458.546775        0.155364
BFGS:   59 16:48:27   -12458.548470        0.160514
BFGS:   60 16:48:27   -12458.549909        0.091714
BFGS:   61 16:48:27   -12458.550461        0.328906
BFGS:   62 16:48:27   -12458.552264        0.101845
BFGS:   63 16:48:27   -12458.553400        0.107816
BFGS:   64 16:48:27   -12458.555476        0.114001
BFGS:   65 16:48:27   -12458.556409        0.088354
BFGS:   66 16:48:27   -12458.559375        0.110208
BFGS:   67 16:48:27   -12458.561889        0.147192
BFGS:   68 16:48:27   -12458.559685        0.665727
BFGS:   69 16:48:27   -12458.564399        0.106906
BFGS:   70 16:48:27   -12458.565107        0.086416
BFGS:   71 16:48:27   -12458.565847        0.103338
BFGS:   72 16:48:27   -12458.566114        0.096933
BFGS:   73 16:48:27   -12458.566694        0.051838
BFGS:   74 16:48:27   -12458.566911        0.041531
BFGS:   75 16:48:27   -12458.567101        0.024609
BFGS:   76 16:48:27   -12458.567192        0.020093
BFGS:   77 16:48:27   -12458.567272        0.023110
BFGS:   78 16:48:27   -12458.567366        0.028352
BFGS:   79 16:48:27   -12458.567513        0.029759
BFGS:   80 16:48:27   -12458.567696        0.031120
BFGS:   81 16:48:27   -12458.567850        0.022829
BFGS:   82 16:48:27   -12458.567956        0.021443
BFGS:   83 16:48:27   -12458.568022        0.020961
BFGS:   84 16:48:27   -12458.568065        0.025864
BFGS:   85 16:48:27   -12458.568105        0.014216
BFGS:   86 16:48:27   -12458.568135        0.022779
BFGS:   87 16:48:27   -12458.568159        0.020507
BFGS:   88 16:48:27   -12458.568189        0.016399
BFGS:   89 16:48:27   -12458.568209        0.010807
BFGS:   90 16:48:27   -12458.568229        0.010664
BFGS:   91 16:48:27   -12458.568255        0.012612
BFGS:   92 16:48:27   -12458.568285        0.012794
BFGS:   93 16:48:27   -12458.568300        0.012047
BFGS:   94 16:48:27   -12458.568317        0.008951
BFGS:   95 16:48:27   -12458.568324        0.006839
BFGS:   96 16:48:28   -12458.568330        0.007151
BFGS:   97 16:48:28   -12458.568332        0.006853
BFGS:   98 16:48:28   -12458.568346        0.007945
BFGS:   99 16:48:28   -12458.568356        0.007740
BFGS:  100 16:48:28   -12458.568360        0.008277
BFGS:  101 16:48:28   -12458.568370        0.010105
BFGS:  102 16:48:28   -12458.568389        0.010402
BFGS:  103 16:48:28   -12458.568410        0.009251
BFGS:  104 16:48:28   -12458.568433        0.008394
BFGS:  105 16:48:28   -12458.568441        0.006402
BFGS:  106 16:48:28   -12458.568454        0.006989
BFGS:  107 16:48:28   -12458.568454        0.007715
BFGS:  108 16:48:28   -12458.568464        0.008064
BFGS:  109 16:48:28   -12458.568472        0.007484
BFGS:  110 16:48:28   -12458.568483        0.005462
BFGS:  111 16:48:28   -12458.568484        0.005126
BFGS:  112 16:48:28   -12458.568488        0.004832
