MINMODE:METHOD: Dimer
DIM:CONTROL: Search Parameters:
DIM:CONTROL: ------------------
DIM:CONTROL: eigenmode_method = dimer
DIM:CONTROL: f_rot_min = 0.01
DIM:CONTROL: f_rot_max = 0.1
DIM:CONTROL: max_num_rot = 3
DIM:CONTROL: trial_angle = 0.7853981633974483
DIM:CONTROL: trial_trans_step = 0.001
DIM:CONTROL: maximum_translation = 0.1
DIM:CONTROL: cg_translation = True
DIM:CONTROL: use_central_forces = True
DIM:CONTROL: dimer_separation = 0.005
DIM:CONTROL: initial_eigenmode_method = gauss
DIM:CONTROL: extrapolate_forces = True
DIM:CONTROL: displacement_method = gauss
DIM:CONTROL: gauss_std = 0.1
DIM:CONTROL: order = 1
DIM:CONTROL: mask = None
DIM:CONTROL: displacement_center = None
DIM:CONTROL: displacement_radius = None
DIM:CONTROL: number_of_displacement_atoms = None
DIM:CONTROL: ------------------
DIM:ROT: OPT-STEP ROT-STEP CURVATURE ROT-ANGLE ROT-FORCE
DIM:ROT:       0         1    7.3362   19.6665    8.0287
DIM:ROT:       0         2    6.6473    5.4639    7.3414
DIM:ROT:       0         3    6.2918    3.3435    6.0928
DIM:ROT:       1         1    4.7487    3.8578    6.2110
DIM:ROT:       1         2    4.4315    2.9288    6.1521
DIM:ROT:       1         3    4.1542    3.1698    5.0420
DIM:ROT:       2         1   -0.6438    5.4244    7.4123
DIM:ROT:       2         2   -1.1729    3.5307    8.5379
DIM:ROT:       2         3   -1.6569    4.4598    6.1311
DIM:ROT:       3         1   -5.2763    3.0098    8.0431
DIM:ROT:       3         2   -5.5759    3.5416    4.7855
DIM:ROT:       3         3   -5.8018    2.2531    5.8071
DIM:ROT:       4         1   -6.0697    3.9277    4.4325
DIM:ROT:       4         2   -6.2430    1.9187    5.3452
DIM:ROT:       4         3   -6.3871    2.6067    3.1129
DIM:ROT:       5         1   -2.2200    2.5761    5.1582
DIM:ROT:       5         2   -2.3785    2.0292    4.2454
DIM:ROT:       5         3   -2.4862    1.7500    3.4032
DIM:ROT:       6         1    2.5211   10.3093    7.8615
DIM:ROT:       6         2    1.8718    3.3737   10.8541
DIM:ROT:       6         3    1.4519    5.2922    4.3877
DIM:ROT:       7         1    1.8280    4.6284    8.5308
DIM:ROT:       7         2    1.3726    3.4689    7.4651
DIM:ROT:       7         3    1.0438    3.2684    5.8429
DIM:ROT:       8         1   -4.6259    4.4903    7.5941
DIM:ROT:       8         2   -4.9482    2.6714    6.9098
DIM:ROT:       8         3   -5.1654    2.7523    4.4234
DIM:ROT:       9         1  -11.0184    4.5546    7.3133
DIM:ROT:       9         2  -11.3838    2.8224    7.2387
DIM:ROT:       9         3  -11.6074    2.8679    4.5386
DIM:ROT:      10         1  -10.1117    5.9532    7.0392
DIM:ROT:      10         2  -10.4640    2.5093    8.0726
DIM:ROT:      10         3  -10.6831    3.1938    3.8597
DIM:ROT:      11         1  -30.5069   14.6775   15.4262
DIM:ROT:      11         2  -31.4064    4.1373   11.6109
DIM:ROT:      11         3  -31.6267    3.0983    4.3832
DIM:ROT:      12         1  -19.7675    7.8670   10.3076
DIM:ROT:      12         2  -20.2477    2.6929    8.2090
DIM:ROT:      12         3  -20.4128    2.2855    3.4515
DIM:ROT:      13         1  -17.1380    2.8635    4.9497
DIM:ROT:      13         2  -17.2528    1.3279    4.3485
DIM:ROT:      13         3  -17.3034    1.2322    2.1119
DIM:ROT:      14         1  -12.3501    4.0974    5.0015
DIM:ROT:      14         2  -12.4578    1.2882    4.4347
DIM:ROT:      14         3  -12.5097    1.4364    1.9008
DIM:ROT:      15         1  -13.4403    0.7120    2.3137
DIM:ROT:      15         2  -13.4551    0.8458    0.9290
DIM:ROT:      15         3  -13.4631    0.3521    1.1079
DIM:ROT:      16         1  -16.0501    1.8484    1.8738
DIM:ROT:      16         2  -16.0530    0.4663    1.0763
DIM:ROT:      16         3  -16.0575    0.2990    0.7104
DIM:ROT:      17         1  -18.7760    2.9641    3.0156
DIM:ROT:      17         2  -18.8309    0.9742    2.3269
DIM:ROT:      17         3  -18.8480    0.6421    1.4424
DIM:ROT:      18         1  -22.1742    6.9871    5.5722
DIM:ROT:      18         2  -22.3048    1.6084    3.2099
DIM:ROT:      18         3  -22.3425    0.9356    2.2972
DIM:ROT:      19         1  -26.5659    7.5476    5.9752
DIM:ROT:      19         2  -26.7831    1.7581    5.6434
DIM:ROT:      19         3  -26.8527    1.4846    2.7353
DIM:ROT:      20         1  -30.4934    5.8263    5.4930
DIM:ROT:      20         2  -30.7209    1.8216    6.4252
DIM:ROT:      20         3  -30.8108    1.9833    2.5141
DIM:ROT:      21         1  -32.5508    3.1126    5.7762
DIM:ROT:      21         2  -32.6312    1.3518    4.2001
DIM:ROT:      21         3  -32.6623    1.0511    1.9056
DIM:ROT:      22         1  -35.0651    4.0599    5.2500
DIM:ROT:      22         2  -35.0784    1.0060    3.8343
DIM:ROT:      22         3  -35.0982    0.9405    1.3623
DIM:ROT:      23         1  -35.7911    6.7871    7.1179
DIM:ROT:      23         2  -35.8707    1.2681    4.0502
DIM:ROT:      23         3  -35.8933    0.7869    1.9049
DIM:ROT:      24         1  -35.7571    1.0366    1.9405
DIM:ROT:      24         2  -35.7681    0.4750    1.4030
DIM:ROT:      24         3  -35.7727    0.3815    0.7645
DIM:ROT:      25         1  -34.7415    3.7858    5.9036
DIM:ROT:      25         2  -34.8130    1.2562    2.8365
DIM:ROT:      25         3  -34.8282    0.5839    1.4333
DIM:ROT:      26         1  -25.7098    6.6489    7.7795
DIM:ROT:      26         2  -25.8238    1.3415    4.2974
DIM:ROT:      26         3  -25.8562    0.9017    1.8379
DIM:ROT:      27         1  -26.8789    1.7353    2.6873
DIM:ROT:      27         2  -26.8964    0.6960    1.8798
DIM:ROT:      27         3  -26.9069    0.5220    1.0578
DIM:ROT:      28         1  -29.7557    2.3547    3.0697
DIM:ROT:      28         2  -29.7790    0.7841    2.2921
DIM:ROT:      28         3  -29.7919    0.5397    1.2232
DIM:ROT:      29         1  -33.9868    2.9896    3.7491
DIM:ROT:      29         2  -34.0119    0.7789    2.2487
DIM:ROT:      29         3  -34.0212    0.4507    1.1015
DIM:ROT:      30         1  -33.8166    1.0629    1.7146
DIM:ROT:      30         2  -33.8250    0.3680    1.2266
DIM:ROT:      30         3  -33.8288    0.3219    0.5953
DIM:ROT:      31         1  -31.1491    3.3252    3.3871
DIM:ROT:      31         2  -31.1610    0.5561    1.1225
DIM:ROT:      31         3  -31.1644    0.2938    0.4988
DIM:ROT:      32         1  -30.1628    1.1707    1.4138
DIM:ROT:      32         2  -30.1649    0.2752    0.8165
DIM:ROT:      32         3  -30.1664    0.1614    0.3920
DIM:ROT:      33         1  -29.7379    1.6941    2.0703
DIM:ROT:      33         2  -29.7412    0.5063    0.9898
DIM:ROT:      33         3  -29.7431    0.2629    0.3717
DIM:ROT:      34         1  -31.0732    1.2219    1.7099
DIM:ROT:      34         2  -31.0763    0.3659    0.8207
DIM:ROT:      34         3  -31.0775    0.1844    0.3984
DIM:ROT:      35         1  -31.9450    1.0044    1.3274
DIM:ROT:      35         2  -31.9457    0.2428    0.7402
DIM:ROT:      35         3  -31.9468    0.1551    0.3544
DIM:ROT:      36         1  -32.7225    1.1511    1.6573
DIM:ROT:      36         2  -32.7246    0.3585    0.7417
DIM:ROT:      36         3  -32.7259    0.1633    0.4358
DIM:ROT:      37         1  -31.8440    1.7735    1.9684
DIM:ROT:      37         2  -31.8469    0.3597    0.7186
DIM:ROT:      37         3  -31.8478    0.1366    0.3582
DIM:ROT:      38         1  -30.7518    1.4213    1.8046
DIM:ROT:      38         2  -30.7586    0.3282    0.8751
DIM:ROT:      38         3  -30.7606    0.1931    0.4886
DIM:ROT:      39         1  -30.0345    0.7437    1.0115
DIM:ROT:      39         2  -30.0378    0.2292    0.5669
DIM:ROT:      39         3  -30.0390    0.1432    0.3470
DIM:ROT:      40         1  -29.7503    0.7395    0.9630
DIM:ROT:      40         2  -29.7520    0.2075    0.6148
DIM:ROT:      40         3  -29.7531    0.1519    0.3110
DIM:ROT:      41         1  -30.5222    1.4043    1.6305
DIM:ROT:      41         2  -30.5222    0.2964    0.8996
DIM:ROT:      41         3  -30.5237    0.1888    0.3827
DIM:ROT:      42         1  -30.8084    0.4828    0.6446
DIM:ROT:      42         2  -30.8085    0.1349    0.4591
DIM:ROT:      42         3  -30.8089    0.1225    0.1821
DIM:ROT:      43         1  -30.6304    0.3381    0.4863
DIM:ROT:      43         2  -30.6301    0.1047    0.3389
DIM:ROT:      43         3  -30.6304    0.0796    0.1462
DIM:ROT:      44         1  -29.9593    1.6352    1.8489
DIM:ROT:      44         2  -29.9574    0.3110    0.7093
DIM:ROT:      44         3  -29.9583    0.1231    0.3353
DIM:ROT:      45         1  -29.3377    1.2830    1.5796
DIM:ROT:      45         2  -29.3381    0.3123    0.6837
DIM:ROT:      45         3  -29.3390    0.1306    0.3528
DIM:ROT:      46         1  -28.9902    0.2753    0.4422
DIM:ROT:      46         2  -28.9910    0.1079    0.3119
DIM:ROT:      46         3  -28.9914    0.0856    0.1717
DIM:ROT:      47         1  -29.1384    0.5830    0.7684
DIM:ROT:      47         2  -29.1380    0.1692    0.3765
DIM:ROT:      47         3  -29.1383    0.0761    0.1978
DIM:ROT:      48         1  -29.5261    0.7595    0.8964
DIM:ROT:      48         2  -29.5250    0.1898    0.4599
DIM:ROT:      48         3  -29.5255    0.0910    0.2367
DIM:ROT:      49         1  -30.1727    0.5157    0.7458
DIM:ROT:      49         2  -30.1734    0.1882    0.4078
DIM:ROT:      49         3  -30.1738    0.0983    0.2523
DIM:ROT:      50         1  -30.4730    1.5468    1.8828
DIM:ROT:      50         2  -30.4738    0.3854    0.8322
DIM:ROT:      50         3  -30.4747    0.1429    0.3467
DIM:ROT:      51         1  -30.2842    1.0331    1.3783
DIM:ROT:      51         2  -30.2849    0.2806    0.6770
DIM:ROT:      51         3  -30.2858    0.1293    0.3480
DIM:ROT:      52         1  -30.0718    0.3272    0.5216
DIM:ROT:      52         2  -30.0722    0.1195    0.3102
DIM:ROT:      52         3  -30.0726    0.0849    0.1888
DIM:ROT:      53         1  -29.7445    0.5352    0.7195
DIM:ROT:      53         2  -29.7452    0.1654    0.3385
DIM:ROT:      53         3  -29.7455    0.0778    0.2097
DIM:ROT:      54         1  -30.1562    1.0372    1.1501
DIM:ROT:      54         2  -30.1544    0.1986    0.6251
DIM:ROT:      54         3  -30.1552    0.1318    0.2673
DIM:ROT:      55         1  -30.5455    0.5876    0.6737
DIM:ROT:      55         2  -30.5440    0.1372    0.4590
DIM:ROT:      55         3  -30.5445    0.1031    0.1838
DIM:ROT:      56         1  -30.7487    0.1280    0.2322
DIM:ROT:      56         2  -30.7490    0.0661    0.1993
DIM:ROT:      56         3  -30.7492    0.0611    0.1099
DIM:ROT:      57         1  -30.7237    0.8738    0.9624
DIM:ROT:      57         2  -30.7212    0.1440    0.4320
DIM:ROT:      57         3  -30.7215    0.0784    0.1858
DIM:ROT:      58         1  -30.6008    0.5728    0.6351
DIM:ROT:      58         2  -30.5998    0.1129    0.3186
DIM:ROT:      58         3  -30.6001    0.0621    0.1470
DIM:ROT:      59         1  -30.4719    0.1806    0.2731
DIM:ROT:      59         2  -30.4722    0.0729    0.1909
DIM:ROT:      59         3  -30.4724    0.0513    0.1153
DIM:ROT:      60         1  -30.4051    0.4299    0.5273
DIM:ROT:      60         2  -30.4046    0.0970    0.2903
DIM:ROT:      60         3  -30.4048    0.0578    0.1273
DIM:ROT:      61         1  -30.4776    0.6915    0.7688
DIM:ROT:      61         2  -30.4758    0.1328    0.3234
DIM:ROT:      61         3  -30.4760    0.0576    0.1482
DIM:ROT:      62         1  -30.6852    0.3724    0.4562
DIM:ROT:      62         2  -30.6840    0.0953    0.2692
DIM:ROT:      62         3  -30.6842    0.0572    0.1324
DIM:ROT:      63         1  -30.9246    0.1948    0.3315
DIM:ROT:      63         2  -30.9244    0.0711    0.1721
DIM:ROT:      63         3  -30.9245    0.0459    0.1140
DIM:ROT:      64         1  -30.9899    0.4443    0.4928
DIM:ROT:      64         2  -30.9882    0.0694    0.1774
DIM:ROT:      64         3  -30.9883    0.0289    0.0708
DIM:ROT:      65         1  -30.9347    0.4168    0.5032
DIM:ROT:      65         2  -30.9332    0.0868    0.2377
DIM:ROT:      65         3  -30.9333    0.0417    0.1060
DIM:ROT:      66         1  -30.8684    0.2105    0.2421
DIM:ROT:      66         2  -30.8677    0.0423    0.1161
DIM:ROT:      66         3  -30.8677    0.0217    0.0531
DIM:ROT:      67         1  -30.7505    0.1621    0.1866
DIM:ROT:      67         2  -30.7501    0.0338    0.0777
DIM:ROT:      68         1  -30.6218    0.1999    0.2254
DIM:ROT:      68         2  -30.6215    0.0385    0.0942
DIM:ROT:      69         1  -30.5951    0.0522    0.0928
DIM:ROT:      70         1  -30.6698    0.1385    0.1667
DIM:ROT:      70         2  -30.6694    0.0265    0.0877
DIM:ROT:      71         1  -30.7329    0.1934    0.2072
DIM:ROT:      71         2  -30.7323    0.0232    0.0740
DIM:ROT:      72         1  -30.7259    0.1031    0.1133
DIM:ROT:      72         2  -30.7255    0.0227    0.0434
DIM:ROT:      73         1  -30.6609    0.0776    0.1128
DIM:ROT:      73         2  -30.6607    0.0284    0.0489
DIM:ROT:      74         1  -30.5736    0.0701    0.0769
DIM:ROT:      75         1  -30.5272    0.0720    0.0986
DIM:ROT:      76         1  -30.5340    0.0368    0.0878
DIM:ROT:      77         1  -30.5917    0.0834    0.1482
DIM:ROT:      77         2  -30.5917    0.0303    0.0778
DIM:ROT:      78         1  -30.6802    0.1338    0.2045
DIM:ROT:      78         2  -30.6802    0.0430    0.1164
DIM:ROT:      78         3  -30.6803    0.0267    0.0628
DIM:ROT:      79         1  -30.7096    0.0734    0.1356
DIM:ROT:      79         2  -30.7096    0.0268    0.0630
DIM:ROT:      80         1  -30.6724    0.0571    0.1157
DIM:ROT:      80         2  -30.6724    0.0210    0.0461
DIM:ROT:      81         1  -30.5353    0.1455    0.2384
DIM:ROT:      81         2  -30.5355    0.0462    0.1079
DIM:ROT:      81         3  -30.5357    0.0269    0.0697
DIM:ROT:      82         1  -30.5190    0.0596    0.0873
DIM:ROT:      83         1  -30.5353    0.0408    0.0839
DIM:ROT:      84         1  -30.5819    0.0481    0.0914
DIM:ROT:      85         1  -30.6340    0.0476    0.0966
DIM:ROT:      86         1  -30.6452    0.0373    0.0879
DIM:ROT:      87         1  -30.6183    0.0349    0.0822
DIM:ROT:      88         1  -30.5425    0.0583    0.0886
DIM:ROT:      89         1  -30.5323    0.0261    0.0740
DIM:ROT:      90         1  -30.5513    0.0311    0.0499
DIM:ROT:      91         1  -30.6047    0.0485    0.0844
DIM:ROT:      92         1  -30.6285    0.0297    0.0791
DIM:ROT:      93         1  -30.6107    0.0318    0.0617
DIM:ROT:      94         1  -30.5640    0.0521    0.0884
DIM:ROT:      95         1  -30.5113    0.0495    0.1050
DIM:ROT:      95         2  -30.5113    0.0242    0.0730
DIM:ROT:      96         1  -30.5064    0.0394    0.0476
DIM:ROT:      97         1  -30.5219    0.0114    0.0365
DIM:ROT:      98         1  -30.5689    0.0505    0.0614
DIM:ROT:      99         1  -30.6132    0.0621    0.0972
DIM:ROT:     100         1  -30.6152    0.0253    0.0555
DIM:ROT:     101         1  -30.5649    0.0910    0.1206
DIM:ROT:     101         2  -30.5647    0.0224    0.0807
DIM:ROT:     102         1  -30.5318    0.0800    0.0943
DIM:ROT:     103         1  -30.5578    0.0438    0.0832
DIM:ROT:     104         1  -30.6393    0.1683    0.2007
DIM:ROT:     104         2  -30.6385    0.0314    0.0953
DIM:ROT:     105         1  -30.7133    0.1554    0.1712
DIM:ROT:     105         2  -30.7127    0.0289    0.0959
DIM:ROT:     106         1  -30.7547    0.0738    0.1232
DIM:ROT:     106         2  -30.7547    0.0260    0.0681
DIM:ROT:     107         1  -30.7473    0.2244    0.2503
DIM:ROT:     107         2  -30.7468    0.0348    0.1214
DIM:ROT:     107         3  -30.7469    0.0263    0.0424
DIM:ROT:     108         1  -30.7342    0.1425    0.1596
DIM:ROT:     108         2  -30.7340    0.0268    0.0723
DIM:ROT:     109         1  -30.7309    0.0666    0.0822
DIM:ROT:     110         1  -30.7726    0.1221    0.1593
DIM:ROT:     110         2  -30.7720    0.0281    0.0992
DIM:ROT:     111         1  -30.8330    0.2124    0.2183
DIM:ROT:     111         2  -30.8319    0.0224    0.0532
DIM:ROT:     112         1  -30.8874    0.2135    0.2174
DIM:ROT:     112         2  -30.8863    0.0264    0.0611
DIM:ROT:     113         1  -30.8256    0.1310    0.1503
DIM:ROT:     113         2  -30.8253    0.0231    0.0788
DIM:ROT:     114         1  -30.7599    0.1937    0.2168
DIM:ROT:     114         2  -30.7592    0.0311    0.0940
DIM:ROT:     115         1  -30.6614    0.3084    0.3392
DIM:ROT:     115         2  -30.6602    0.0499    0.1361
DIM:ROT:     115         3  -30.6602    0.0256    0.0649
DIM:ROT:     116         1  -30.6490    0.0706    0.0928
DIM:ROT:     117         1  -30.6228    0.0498    0.1010
DIM:ROT:     117         2  -30.6229    0.0262    0.0748
DIM:ROT:     118         1  -30.5363    0.1001    0.1539
DIM:ROT:     118         2  -30.5363    0.0363    0.0847
DIM:ROT:     119         1  -30.5147    0.0274    0.0631
DIM:ROT:     120         1  -30.5012    0.0264    0.0488
DIM:ROT:     121         1  -30.4601    0.0581    0.0862
DIM:ROT:     122         1  -30.4205    0.1070    0.1564
DIM:ROT:     122         2  -30.4203    0.0330    0.1151
DIM:ROT:     122         3  -30.4204    0.0288    0.0442
DIM:ROT:     123         1  -30.4533    0.0569    0.1063
DIM:ROT:     123         2  -30.4532    0.0215    0.0629
DIM:ROT:     124         1  -30.4793    0.0921    0.1023
DIM:ROT:     124         2  -30.4789    0.0141    0.0431
DIM:ROT:     125         1  -30.5302    0.1463    0.1524
DIM:ROT:     125         2  -30.5295    0.0195    0.0440
DIM:ROT:     126         1  -30.5370    0.0609    0.0684
DIM:ROT:     127         1  -30.5235    0.0477    0.0802
DIM:ROT:     128         1  -30.4684    0.1421    0.1811
DIM:ROT:     128         2  -30.4680    0.0348    0.1294
DIM:ROT:     128         3  -30.4680    0.0304    0.0379
DIM:ROT:     129         1  -30.4468    0.0302    0.0480
DIM:ROT:     130         1  -30.4381    0.0226    0.0548
DIM:ROT:     131         1  -30.4346    0.1111    0.1359
DIM:ROT:     131         2  -30.4341    0.0198    0.0679
DIM:ROT:     132         1  -30.4450    0.0536    0.0681
DIM:ROT:     133         1  -30.4425    0.0293    0.0664
DIM:ROT:     134         1  -30.4311    0.0498    0.0802
DIM:ROT:     135         1  -30.4275    0.0426    0.0920
DIM:ROT:     136         1  -30.4290    0.0327    0.0883
DIM:ROT:     137         1  -30.4222    0.0471    0.0871
DIM:ROT:     138         1  -30.4124    0.0267    0.0711
DIM:ROT:     139         1  -30.3926    0.0370    0.0614
DIM:ROT:     140         1  -30.3821    0.0616    0.0868
DIM:ROT:     141         1  -30.3952    0.0296    0.0741
DIM:ROT:     142         1  -30.4188    0.0147    0.0408
DIM:ROT:     143         1  -30.4251    0.0370    0.0505
DIM:ROT:     144         1  -30.4284    0.0360    0.0621
DIM:ROT:     145         1  -30.4276    0.0246    0.0591
DIM:ROT:     146         1  -30.4210    0.0126    0.0401
DIM:ROT:     147         1  -30.4323    0.0254    0.0432
DIM:ROT:     148         1  -30.4426    0.0133    0.0391
DIM:ROT:     149         1  -30.4709    0.0312    0.0476
DIM:ROT:     150         1  -30.4830    0.0218    0.0457
DIM:ROT:     151         1  -30.4803    0.0229    0.0465
DIM:ROT:     152         1  -30.4766    0.0165    0.0433
DIM:ROT:     153         1  -30.4725    0.0162    0.0362
