MINMODE:METHOD: Dimer
DIM:CONTROL: Search Parameters:
DIM:CONTROL: ------------------
DIM:CONTROL: eigenmode_method = dimer
DIM:CONTROL: f_rot_min = 0.01
DIM:CONTROL: f_rot_max = 0.1
DIM:CONTROL: max_num_rot = 3
DIM:CONTROL: trial_angle = 0.7853981633974483
DIM:CONTROL: trial_trans_step = 0.001
DIM:CONTROL: maximum_translation = 0.1
DIM:CONTROL: cg_translation = True
DIM:CONTROL: use_central_forces = True
DIM:CONTROL: dimer_separation = 0.005
DIM:CONTROL: initial_eigenmode_method = gauss
DIM:CONTROL: extrapolate_forces = True
DIM:CONTROL: displacement_method = gauss
DIM:CONTROL: gauss_std = 0.1
DIM:CONTROL: order = 1
DIM:CONTROL: mask = None
DIM:CONTROL: displacement_center = None
DIM:CONTROL: displacement_radius = None
DIM:CONTROL: number_of_displacement_atoms = None
DIM:CONTROL: ------------------
DIM:ROT: OPT-STEP ROT-STEP CURVATURE ROT-ANGLE ROT-FORCE
DIM:ROT:       0         1   16.6523   16.1238   61.8189
DIM:ROT:       0         2   10.1128    8.1155   45.5912
DIM:ROT:       0         3    6.4920    7.8301   28.4553
DIM:ROT:       1         1   -5.6093    5.2180   28.2794
DIM:ROT:       1         2   -7.9813    5.6069   24.1788
DIM:ROT:       1         3  -10.3114    4.9850   26.3035
DIM:ROT:       2         1  -12.8324    4.6325   27.4774
DIM:ROT:       2         2  -14.8816    5.5004   20.6022
DIM:ROT:       2         3  -16.5871    4.1527   24.4449
DIM:ROT:       3         1   -4.0084   10.9800   18.6519
DIM:ROT:       3         2   -4.8473    3.9638   12.4834
DIM:ROT:       3         3   -5.4135    4.5192    6.9496
DIM:ROT:       4         1   -2.9881    5.0622    8.1627
DIM:ROT:       4         2   -3.4045    4.1745    5.6963
DIM:ROT:       4         3   -3.6626    3.0449    4.9219
DIM:ROT:       5         1   -2.5346    5.0893    4.9924
DIM:ROT:       5         2   -2.8227    2.6976    6.0864
DIM:ROT:       5         3   -3.0427    3.4368    3.5591
DIM:ROT:       6         1   -1.8082    3.5834    5.5750
DIM:ROT:       6         2   -2.0572    3.1958    4.4038
DIM:ROT:       6         3   -2.2298    2.5499    3.9268
DIM:ROT:       7         1   -1.4320    2.7504    3.2854
DIM:ROT:       7         2   -1.5359    1.6911    3.5031
DIM:ROT:       7         3   -1.6139    1.8798    2.3087
DIM:ROT:       8         1   -0.3865    3.3664    3.2353
DIM:ROT:       8         2   -0.5027    1.9607    3.3706
DIM:ROT:       8         3   -0.5787    2.1251    2.0407
DIM:ROT:       9         1   -0.5238    2.5550    2.2814
DIM:ROT:       9         2   -0.5861    1.1316    3.2235
DIM:ROT:       9         3   -0.6373    1.8021    1.5659
DIM:ROT:      10         1   -0.1467    1.2132    2.5838
DIM:ROT:      10         2   -0.1734    1.1645    1.2971
DIM:ROT:      10         3   -0.1885    0.6518    1.3035
DIM:ROT:      11         1   -0.3193    1.3323    1.2014
DIM:ROT:      11         2   -0.3334    0.5981    1.3069
DIM:ROT:      11         3   -0.3420    0.7221    0.6936
DIM:ROT:      12         1    0.0240    1.5521    1.1013
DIM:ROT:      12         2    0.0105    0.8032    0.9396
DIM:ROT:      12         3    0.0045    0.5697    0.6167
DIM:ROT:      13         1    0.2281    0.8934    1.5320
DIM:ROT:      13         2    0.2173    0.6667    0.8825
DIM:ROT:      13         3    0.2115    0.4603    0.7060
DIM:ROT:      14         1    0.4485    1.5885    1.2873
DIM:ROT:      14         2    0.4375    0.5638    1.0505
DIM:ROT:      14         3    0.4302    0.7644    0.5555
DIM:ROT:      15         1    0.7039    2.1516    1.3009
DIM:ROT:      15         2    0.6897    0.8204    0.9248
DIM:ROT:      15         3    0.6808    0.6089    0.8423
DIM:ROT:      16         1    0.9005    2.0797    1.4729
DIM:ROT:      16         2    0.8779    0.8661    1.4321
DIM:ROT:      16         3    0.8606    1.1036    0.9186
DIM:ROT:      17         1    0.8057    1.8567    1.5774
DIM:ROT:      17         2    0.7812    0.8766    1.5815
DIM:ROT:      17         3    0.7612    1.1888    0.9636
DIM:ROT:      18         1    0.5141    1.3920    1.7235
DIM:ROT:      18         2    0.4905    0.9241    1.3972
DIM:ROT:      18         3    0.4748    0.9050    1.0169
DIM:ROT:      19         1    0.3919    1.4369    1.6623
DIM:ROT:      19         2    0.3693    0.8705    1.4733
DIM:ROT:      19         3    0.3540    0.9353    0.9625
DIM:ROT:      20         1    0.6239    1.5393    1.6935
DIM:ROT:      20         2    0.5971    0.9716    1.5347
DIM:ROT:      20         3    0.5765    1.1045    1.0885
DIM:ROT:      21         1    0.8443    1.8354    1.7972
DIM:ROT:      21         2    0.8047    1.1622    1.9390
DIM:ROT:      21         3    0.7708    1.4770    1.3492
DIM:ROT:      22         1    0.7991    1.4839    2.1427
DIM:ROT:      22         2    0.7590    1.3425    1.7180
DIM:ROT:      22         3    0.7231    1.2218    1.6724
DIM:ROT:      23         1    0.5717    1.4827    1.9640
DIM:ROT:      23         2    0.5362    1.1991    1.6779
DIM:ROT:      23         3    0.5081    1.1546    1.4373
DIM:ROT:      24         1    0.2362    1.2990    1.8180
DIM:ROT:      24         2    0.2114    0.9901    1.4287
DIM:ROT:      24         3    0.1918    0.9329    1.1994
DIM:ROT:      25         1   -0.0816    1.2438    1.7158
DIM:ROT:      25         2   -0.1030    0.9116    1.3244
DIM:ROT:      25         3   -0.1180    0.8359    1.0523
DIM:ROT:      26         1   -0.2626    1.2313    1.7699
DIM:ROT:      26         2   -0.2858    0.9679    1.3369
DIM:ROT:      26         3   -0.3026    0.8574    1.1293
DIM:ROT:      27         1   -0.9772    1.9264    1.8106
DIM:ROT:      27         2   -1.0190    0.9903    2.2889
DIM:ROT:      27         3   -1.0456    1.1990    1.3466
DIM:ROT:      28         1   -1.0534    0.8276    1.6380
DIM:ROT:      28         2   -1.0735    0.8463    1.2820
DIM:ROT:      28         3   -1.0884    0.6914    1.3289
DIM:ROT:      29         1   -0.4669    0.9712    1.3579
DIM:ROT:      29         2   -0.4822    0.7584    1.1033
DIM:ROT:      29         3   -0.4940    0.6974    0.9718
DIM:ROT:      30         1   -0.3693    0.6093    1.2513
DIM:ROT:      30         2   -0.3793    0.7157    0.7670
DIM:ROT:      30         3   -0.3863    0.4618    0.9134
DIM:ROT:      31         1    0.0571    0.5969    1.0812
DIM:ROT:      31         2    0.0492    0.6563    0.6891
DIM:ROT:      31         3    0.0426    0.4642    0.7909
DIM:ROT:      32         1    0.0233    0.8870    1.7785
DIM:ROT:      32         2    0.0091    0.8680    0.9002
DIM:ROT:      32         3    0.0011    0.5016    0.9147
DIM:ROT:      33         1    0.0218    0.9932    1.8085
DIM:ROT:      33         2    0.0053    0.8737    1.0498
DIM:ROT:      33         3   -0.0042    0.5704    0.9524
DIM:ROT:      34         1    0.0710    1.0383    1.7495
DIM:ROT:      34         2    0.0539    0.8514    1.1179
DIM:ROT:      34         3    0.0440    0.6081    0.9418
DIM:ROT:      35         1    0.1741    0.9985    1.5191
DIM:ROT:      35         2    0.1596    0.7532    1.0775
DIM:ROT:      35         3    0.1507    0.6082    0.8426
DIM:ROT:      36         1    0.2891    0.9353    1.3438
DIM:ROT:      36         2    0.2769    0.6821    1.0044
DIM:ROT:      36         3    0.2691    0.5912    0.7659
DIM:ROT:      37         1    0.3522    0.9366    1.2573
DIM:ROT:      37         2    0.3406    0.6561    0.9986
DIM:ROT:      37         3    0.3327    0.6162    0.7392
DIM:ROT:      38         1    0.3289    1.0287    1.1876
DIM:ROT:      38         2    0.3175    0.6275    1.0489
DIM:ROT:      38         3    0.3094    0.6795    0.6907
DIM:ROT:      39         1    0.2409    1.1933    1.0986
DIM:ROT:      39         2    0.2300    0.5881    1.0873
DIM:ROT:      39         3    0.2218    0.7705    0.6130
DIM:ROT:      40         1    0.1440    1.4325    0.9522
DIM:ROT:      40         2    0.1345    0.5387    1.0385
DIM:ROT:      40         3    0.1267    0.8358    0.5456
DIM:ROT:      41         1    0.0775    1.6911    0.8139
DIM:ROT:      41         2    0.0694    0.5409    0.8823
DIM:ROT:      41         3    0.0634    0.5994    0.5920
DIM:ROT:      42         1    0.0977    1.1078    0.8943
DIM:ROT:      42         2    0.0873    0.5927    1.0409
DIM:ROT:      42         3    0.0780    0.8408    0.6384
DIM:ROT:      43         1    0.3834    2.2725    1.2665
DIM:ROT:      43         2    0.3509    1.1549    1.6518
DIM:ROT:      43         3    0.3258    1.3245    1.0965
DIM:ROT:      44         1    0.3310    1.0767    1.6711
DIM:ROT:      44         2    0.3074    1.2588    1.0742
DIM:ROT:      44         3    0.2864    0.8429    1.4387
DIM:ROT:      45         1    0.3930    1.2864    1.3223
DIM:ROT:      45         2    0.3686    0.9059    1.5451
DIM:ROT:      45         3    0.3455    1.1067    1.1752
DIM:ROT:      46         1    0.2630    0.8620    1.6256
DIM:ROT:      46         2    0.2405    1.2006    1.0623
DIM:ROT:      46         3    0.2204    0.7930    1.4865
DIM:ROT:      47         1    0.1777    1.8722    1.0086
DIM:ROT:      47         2    0.1512    0.8625    1.7750
DIM:ROT:      47         3    0.1306    1.2526    0.9311
DIM:ROT:      48         1    0.1220    0.8411    1.7353
DIM:ROT:      48         2    0.1004    1.2760    0.9564
DIM:ROT:      48         3    0.0819    0.7307    1.4816
DIM:ROT:      49         1    0.0861    2.2412    0.9699
DIM:ROT:      49         2    0.0584    0.9164    1.7513
DIM:ROT:      49         3    0.0427    0.9860    0.9037
DIM:ROT:      50         1    0.1122    0.8518    1.5333
DIM:ROT:      50         2    0.0936    1.0244    1.0296
DIM:ROT:      50         3    0.0776    0.7271    1.2886
DIM:ROT:      51         1    0.0391    0.7359    1.0357
DIM:ROT:      51         2    0.0273    0.7195    0.9523
DIM:ROT:      51         3    0.0155    0.6854    0.9660
DIM:ROT:      52         1    0.0072    0.8503    0.8163
DIM:ROT:      52         2   -0.0038    0.5998    1.0570
DIM:ROT:      52         3   -0.0137    0.7687    0.7467
DIM:ROT:      53         1   -0.0112    0.5931    1.1348
DIM:ROT:      53         2   -0.0213    0.8337    0.6975
DIM:ROT:      53         3   -0.0309    0.5346    1.0129
DIM:ROT:      54         1   -0.1449    0.9441    0.9713
DIM:ROT:      54         2   -0.1523    0.4535    0.9560
DIM:ROT:      54         3   -0.1572    0.4675    0.5931
DIM:ROT:      55         1   -0.2685    0.5204    0.8795
DIM:ROT:      55         2   -0.2758    0.4197    0.9504
DIM:ROT:      55         3   -0.2817    0.4643    0.7704
DIM:ROT:      56         1   -0.2491    0.4085    0.7272
DIM:ROT:      56         2   -0.2522    0.3715    0.4731
DIM:ROT:      56         3   -0.2550    0.3153    0.5121
DIM:ROT:      57         1   -0.2302    0.4880    0.4761
DIM:ROT:      57         2   -0.2336    0.3447    0.5809
DIM:ROT:      57         3   -0.2367    0.4299    0.4130
DIM:ROT:      58         1   -0.1741    0.3519    0.6413
DIM:ROT:      58         2   -0.1774    0.4125    0.4581
DIM:ROT:      58         3   -0.1805    0.3142    0.5607
DIM:ROT:      59         1   -0.1152    0.3366    0.3913
DIM:ROT:      59         2   -0.1171    0.2593    0.4291
DIM:ROT:      59         3   -0.1189    0.2969    0.3382
DIM:ROT:      60         1   -0.1259    0.3348    0.4121
DIM:ROT:      60         2   -0.1279    0.2773    0.4174
DIM:ROT:      60         3   -0.1298    0.2959    0.3573
DIM:ROT:      61         1   -0.1540    0.2743    0.4255
DIM:ROT:      61         2   -0.1560    0.2867    0.3837
DIM:ROT:      61         3   -0.1577    0.2598    0.4009
DIM:ROT:      62         1   -0.1155    0.3392    0.3630
DIM:ROT:      62         2   -0.1174    0.2502    0.4323
DIM:ROT:      62         3   -0.1193    0.3135    0.3330
DIM:ROT:      63         1    0.0485    0.2914    0.4748
DIM:ROT:      63         2    0.0464    0.3173    0.3787
DIM:ROT:      63         3    0.0445    0.2655    0.4235
DIM:ROT:      64         1   -0.0537    0.4131    0.3247
DIM:ROT:      64         2   -0.0551    0.1951    0.3953
DIM:ROT:      64         3   -0.0563    0.3130    0.2267
DIM:ROT:      65         1   -0.1180    0.2776    0.4280
DIM:ROT:      65         2   -0.1195    0.2380    0.3464
DIM:ROT:      65         3   -0.1207    0.2183    0.3123
DIM:ROT:      66         1   -0.1226    0.3050    0.4487
DIM:ROT:      66         2   -0.1241    0.2520    0.3454
DIM:ROT:      66         3   -0.1253    0.2269    0.3065
DIM:ROT:      67         1   -0.1209    0.3436    0.3255
DIM:ROT:      67         2   -0.1222    0.1922    0.3663
DIM:ROT:      67         3   -0.1233    0.2633    0.2341
DIM:ROT:      68         1   -0.1354    0.2056    0.3371
DIM:ROT:      68         2   -0.1364    0.2285    0.2623
DIM:ROT:      68         3   -0.1375    0.1882    0.3033
DIM:ROT:      69         1   -0.1512    0.2194    0.3023
DIM:ROT:      69         2   -0.1523    0.2138    0.3016
DIM:ROT:      69         3   -0.1534    0.2121    0.2905
DIM:ROT:      70         1   -0.1635    0.3371    0.2641
DIM:ROT:      70         2   -0.1650    0.2041    0.4013
DIM:ROT:      70         3   -0.1664    0.3211    0.2537
DIM:ROT:      71         1   -0.1632    0.1959    0.4280
DIM:ROT:      71         2   -0.1645    0.3158    0.2279
DIM:ROT:      71         3   -0.1656    0.1754    0.3742
DIM:ROT:      72         1   -0.0755    0.2104    0.2089
DIM:ROT:      72         2   -0.0760    0.1163    0.2222
DIM:ROT:      72         3   -0.0763    0.1429    0.1513
DIM:ROT:      73         1   -0.0629    0.1282    0.2551
DIM:ROT:      73         2   -0.0634    0.1799    0.1512
DIM:ROT:      73         3   -0.0638    0.1100    0.2137
DIM:ROT:      74         1   -0.0542    0.1438    0.2542
DIM:ROT:      74         2   -0.0547    0.1553    0.1795
DIM:ROT:      74         3   -0.0551    0.1211    0.2050
DIM:ROT:      75         1   -0.0444    0.1804    0.1642
DIM:ROT:      75         2   -0.0449    0.1203    0.2265
DIM:ROT:      75         3   -0.0454    0.1714    0.1566
DIM:ROT:      76         1   -0.0090    0.2076    0.2428
DIM:ROT:      76         2   -0.0099    0.1638    0.2836
DIM:ROT:      76         3   -0.0106    0.1935    0.2247
DIM:ROT:      77         1    0.0411    0.2832    0.3974
DIM:ROT:      77         2    0.0396    0.2444    0.3455
DIM:ROT:      77         3    0.0382    0.2434    0.3334
DIM:ROT:      78         1   -0.0112    0.2415    0.4641
DIM:ROT:      78         2   -0.0123    0.2346    0.2726
DIM:ROT:      78         3   -0.0131    0.1572    0.2752
DIM:ROT:      79         1   -0.0552    0.3120    0.3524
DIM:ROT:      79         2   -0.0559    0.1424    0.2916
DIM:ROT:      79         3   -0.0563    0.1534    0.1502
DIM:ROT:      80         1   -0.0619    0.1403    0.1806
DIM:ROT:      80         2   -0.0621    0.1002    0.1670
DIM:ROT:      80         3   -0.0624    0.1083    0.1345
DIM:ROT:      81         1   -0.0695    0.1358    0.2419
DIM:ROT:      81         2   -0.0697    0.0789    0.1220
DIM:ROT:      81         3   -0.0698    0.0765    0.0994
DIM:ROT:      82         1   -0.0504    0.0768    0.0930
DIM:ROT:      83         1   -0.0329    0.0773    0.1140
DIM:ROT:      83         2   -0.0330    0.0742    0.0982
DIM:ROT:      84         1   -0.0149    0.2380    0.2162
DIM:ROT:      84         2   -0.0152    0.1116    0.2035
DIM:ROT:      84         3   -0.0155    0.1225    0.1365
DIM:ROT:      85         1    0.0012    0.1859    0.1967
DIM:ROT:      85         2    0.0008    0.1191    0.2237
DIM:ROT:      85         3    0.0004    0.1493    0.1568
DIM:ROT:      86         1   -0.0225    0.2047    0.3230
DIM:ROT:      86         2   -0.0231    0.1283    0.2292
DIM:ROT:      86         3   -0.0233    0.1015    0.1472
DIM:ROT:      87         1   -0.0352    0.2636    0.3479
DIM:ROT:      87         2   -0.0358    0.1280    0.2644
DIM:ROT:      87         3   -0.0361    0.1045    0.1316
DIM:ROT:      88         1   -0.0195    0.0824    0.1373
DIM:ROT:      88         2   -0.0197    0.0628    0.0895
DIM:ROT:      89         1   -0.0157    0.0667    0.1062
DIM:ROT:      89         2   -0.0158    0.0381    0.0608
DIM:ROT:      90         1   -0.0116    0.0505    0.0505
DIM:ROT:      91         1   -0.0190    0.1274    0.0850
DIM:ROT:      92         1   -0.0136    0.2379    0.1372
DIM:ROT:      92         2   -0.0139    0.0969    0.1936
DIM:ROT:      92         3   -0.0141    0.1195    0.1171
DIM:ROT:      93         1    0.0200    0.2629    0.3248
DIM:ROT:      93         2    0.0193    0.1562    0.2851
DIM:ROT:      93         3    0.0187    0.1764    0.1935
DIM:ROT:      94         1    0.0039    0.2081    0.4315
DIM:ROT:      94         2    0.0031    0.1940    0.2190
DIM:ROT:      94         3    0.0027    0.1154    0.2150
DIM:ROT:      95         1   -0.0141    0.2770    0.3466
DIM:ROT:      95         2   -0.0148    0.1386    0.2816
DIM:ROT:      95         3   -0.0151    0.1348    0.1506
DIM:ROT:      96         1   -0.0257    0.3057    0.3208
DIM:ROT:      96         2   -0.0263    0.1167    0.2615
DIM:ROT:      96         3   -0.0265    0.1154    0.1120
DIM:ROT:      97         1   -0.0300    0.2693    0.3102
DIM:ROT:      97         2   -0.0305    0.1175    0.2524
DIM:ROT:      97         3   -0.0307    0.1079    0.1158
DIM:ROT:      98         1   -0.0332    0.0602    0.1176
DIM:ROT:      98         2   -0.0333    0.0644    0.0687
DIM:ROT:      99         1   -0.0416    0.0578    0.1216
DIM:ROT:      99         2   -0.0417    0.0859    0.0654
DIM:ROT:     100         1   -0.0397    0.0548    0.1218
DIM:ROT:     100         2   -0.0398    0.0963    0.0584
DIM:ROT:     101         1   -0.0201    0.0817    0.1903
DIM:ROT:     101         2   -0.0202    0.1093    0.0739
DIM:ROT:     102         1    0.0301    0.2771    0.4574
DIM:ROT:     102         2    0.0290    0.2080    0.2982
DIM:ROT:     102         3    0.0284    0.1532    0.2387
DIM:ROT:     103         1    0.0255    0.1984    0.4263
DIM:ROT:     103         2    0.0250    0.1772    0.1858
DIM:ROT:     103         3    0.0247    0.0862    0.1713
DIM:ROT:     104         1    0.0244    0.2701    0.3416
DIM:ROT:     104         2    0.0238    0.1334    0.2605
DIM:ROT:     104         3    0.0235    0.1136    0.1332
DIM:ROT:     105         1    0.0251    0.3235    0.3213
DIM:ROT:     105         2    0.0245    0.1242    0.2660
DIM:ROT:     105         3    0.0243    0.1358    0.1160
DIM:ROT:     106         1    0.0274    0.3132    0.3011
DIM:ROT:     106         2    0.0269    0.1244    0.2588
DIM:ROT:     106         3    0.0266    0.1509    0.1241
DIM:ROT:     107         1    0.0309    0.3438    0.2927
DIM:ROT:     107         2    0.0303    0.1246    0.2594
DIM:ROT:     107         3    0.0300    0.1695    0.1266
DIM:ROT:     108         1    0.0350    0.3604    0.2856
DIM:ROT:     108         2    0.0344    0.1247    0.2534
DIM:ROT:     108         3    0.0341    0.1675    0.1302
DIM:ROT:     109         1    0.0396    0.3477    0.2871
DIM:ROT:     109         2    0.0390    0.1283    0.2609
DIM:ROT:     109         3    0.0386    0.1733    0.1346
DIM:ROT:     110         1    0.0444    0.3391    0.2918
DIM:ROT:     110         2    0.0438    0.1315    0.2688
DIM:ROT:     110         3    0.0434    0.1765    0.1379
DIM:ROT:     111         1    0.0494    0.2939    0.3098
DIM:ROT:     111         2    0.0487    0.1415    0.2759
DIM:ROT:     111         3    0.0483    0.1670    0.1535
DIM:ROT:     112         1    0.0538    0.3064    0.3190
DIM:ROT:     112         2    0.0530    0.1452    0.2890
DIM:ROT:     112         3    0.0526    0.1744    0.1557
DIM:ROT:     113         1    0.0568    0.3041    0.3174
DIM:ROT:     113         2    0.0560    0.1449    0.2864
DIM:ROT:     113         3    0.0556    0.1735    0.1555
DIM:ROT:     114         1    0.0576    0.2972    0.3155
DIM:ROT:     114         2    0.0569    0.1427    0.2828
DIM:ROT:     114         3    0.0565    0.1696    0.1538
DIM:ROT:     115         1    0.0570    0.2993    0.3114
DIM:ROT:     115         2    0.0564    0.1401    0.2797
DIM:ROT:     115         3    0.0559    0.1690    0.1489
DIM:ROT:     116         1    0.0555    0.2861    0.3091
DIM:ROT:     116         2    0.0549    0.1377    0.2728
DIM:ROT:     116         3    0.0545    0.1613    0.1483
DIM:ROT:     117         1    0.0540    0.2661    0.3148
DIM:ROT:     117         2    0.0534    0.1410    0.2672
DIM:ROT:     117         3    0.0530    0.1503    0.1543
DIM:ROT:     118         1    0.0528    0.2901    0.3092
DIM:ROT:     118         2    0.0521    0.1364    0.2724
DIM:ROT:     118         3    0.0517    0.1600    0.1447
DIM:ROT:     119         1    0.0498    0.2779    0.2988
DIM:ROT:     119         2    0.0491    0.1345    0.2640
DIM:ROT:     119         3    0.0488    0.1572    0.1450
DIM:ROT:     120         1    0.0439    0.2837    0.2961
DIM:ROT:     120         2    0.0433    0.1361    0.2683
DIM:ROT:     120         3    0.0429    0.1642    0.1478
DIM:ROT:     121         1    0.0356    0.2896    0.2981
DIM:ROT:     121         2    0.0349    0.1430    0.2784
DIM:ROT:     121         3    0.0344    0.1760    0.1572
DIM:ROT:     122         1    0.0264    0.3077    0.2972
DIM:ROT:     122         2    0.0256    0.1486    0.2925
DIM:ROT:     122         3    0.0251    0.1951    0.1667
DIM:ROT:     123         1    0.0197    0.2762    0.3196
DIM:ROT:     123         2    0.0188    0.1663    0.2966
DIM:ROT:     123         3    0.0182    0.1877    0.1943
DIM:ROT:     124         1    0.0190    0.2971    0.3242
DIM:ROT:     124         2    0.0181    0.1682    0.3121
DIM:ROT:     124         3    0.0174    0.2032    0.1972
DIM:ROT:     125         1    0.0264    0.2731    0.3266
DIM:ROT:     125         2    0.0255    0.1711    0.2988
DIM:ROT:     125         3    0.0248    0.1882    0.2012
DIM:ROT:     126         1    0.0398    0.2701    0.3194
DIM:ROT:     126         2    0.0390    0.1633    0.2929
DIM:ROT:     126         3    0.0384    0.1839    0.1933
DIM:ROT:     127         1    0.0529    0.2620    0.3205
DIM:ROT:     127         2    0.0521    0.1658    0.2879
DIM:ROT:     127         3    0.0515    0.1779    0.1941
DIM:ROT:     128         1    0.0578    0.2826    0.3068
DIM:ROT:     128         2    0.0570    0.1613    0.3007
DIM:ROT:     128         3    0.0564    0.1955    0.1879
DIM:ROT:     129         1    0.0500    0.2664    0.3090
DIM:ROT:     129         2    0.0491    0.1697    0.2960
DIM:ROT:     129         3    0.0485    0.1921    0.2012
DIM:ROT:     130         1    0.0297    0.2584    0.3177
DIM:ROT:     130         2    0.0288    0.1763    0.2975
DIM:ROT:     130         3    0.0281    0.1923    0.2165
DIM:ROT:     131         1    0.0018    0.2769    0.3061
DIM:ROT:     131         2    0.0009    0.1786    0.3118
DIM:ROT:     131         3    0.0001    0.2118    0.2149
DIM:ROT:     132         1   -0.0218    0.2403    0.3177
DIM:ROT:     132         2   -0.0227    0.1844    0.2879
DIM:ROT:     132         3   -0.0235    0.1896    0.2335
DIM:ROT:     133         1   -0.0375    0.2574    0.3096
DIM:ROT:     133         2   -0.0385    0.1764    0.3019
DIM:ROT:     133         3   -0.0392    0.1968    0.2175
DIM:ROT:     134         1   -0.0613    0.1599    0.2455
DIM:ROT:     134         2   -0.0618    0.1408    0.2095
DIM:ROT:     134         3   -0.0623    0.1318    0.1960
DIM:ROT:     135         1   -0.0779    0.1035    0.2430
DIM:ROT:     135         2   -0.0783    0.1984    0.1130
DIM:ROT:     135         3   -0.0787    0.0957    0.2187
DIM:ROT:     136         1   -0.0787    0.2878    0.1051
DIM:ROT:     136         2   -0.0792    0.1059    0.2631
DIM:ROT:     136         3   -0.0797    0.2627    0.1026
DIM:ROT:     137         1   -0.0816    0.1089    0.2734
DIM:ROT:     137         2   -0.0821    0.2644    0.1056
DIM:ROT:     137         3   -0.0825    0.1039    0.2559
DIM:ROT:     138         1   -0.0815    0.6821    0.0996
DIM:ROT:     139         1   -0.0837    0.1563    0.4173
DIM:ROT:     139         2   -0.0844    0.3543    0.1042
DIM:ROT:     139         3   -0.0849    0.1187    0.2737
DIM:ROT:     140         1   -0.0861    0.1763    0.1146
DIM:ROT:     140         2   -0.0864    0.0927    0.1923
DIM:ROT:     140         3   -0.0867    0.1396    0.1153
DIM:ROT:     141         1   -0.0851    0.0900    0.1780
DIM:ROT:     141         2   -0.0854    0.1347    0.1183
DIM:ROT:     141         3   -0.0856    0.0892    0.1757
DIM:ROT:     142         1   -0.0847    0.1339    0.1267
DIM:ROT:     142         2   -0.0849    0.0912    0.1721
DIM:ROT:     142         3   -0.0852    0.1281    0.1234
DIM:ROT:     143         1   -0.0934    0.1166    0.1820
DIM:ROT:     143         2   -0.0938    0.1114    0.1560
DIM:ROT:     143         3   -0.0940    0.1023    0.1543
DIM:ROT:     144         1   -0.0952    0.1693    0.2122
DIM:ROT:     144         2   -0.0956    0.1158    0.1987
DIM:ROT:     144         3   -0.0959    0.1292    0.1571
DIM:ROT:     145         1   -0.0938    0.1010    0.1879
DIM:ROT:     145         2   -0.0942    0.1330    0.1372
DIM:ROT:     145         3   -0.0945    0.0964    0.1780
DIM:ROT:     146         1   -0.0979    0.1515    0.1275
DIM:ROT:     146         2   -0.0982    0.0939    0.1887
DIM:ROT:     146         3   -0.0985    0.1430    0.1233
DIM:ROT:     147         1   -0.0985    0.0927    0.1898
DIM:ROT:     147         2   -0.0989    0.1474    0.1205
DIM:ROT:     147         3   -0.0991    0.0920    0.1880
DIM:ROT:     148         1   -0.0993    0.1802    0.1143
DIM:ROT:     148         2   -0.0997    0.0951    0.2110
DIM:ROT:     148         3   -0.1000    0.1781    0.1142
DIM:ROT:     149         1   -0.1005    0.0960    0.2165
DIM:ROT:     149         2   -0.1009    0.1856    0.1139
DIM:ROT:     149         3   -0.1012    0.0959    0.2161
DIM:ROT:     150         1   -0.1025    0.3959    0.1095
DIM:ROT:     150         2   -0.1032    0.1269    0.3243
DIM:ROT:     150         3   -0.1038    0.2959    0.1124
DIM:ROT:     151         1   -0.1074    0.1730    0.3923
DIM:ROT:     151         2   -0.1080    0.2014    0.1833
DIM:ROT:     151         3   -0.1085    0.1129    0.2301
DIM:ROT:     152         1   -0.0941    0.2691    0.2589
DIM:ROT:     152         2   -0.0948    0.1447    0.2876
DIM:ROT:     152         3   -0.0955    0.1990    0.1795
DIM:ROT:     153         1   -0.0808    0.3907    0.2429
DIM:ROT:     153         2   -0.0817    0.1581    0.3213
DIM:ROT:     153         3   -0.0824    0.2353    0.1762
DIM:ROT:     154         1   -0.0688    0.2011    0.4252
DIM:ROT:     154         2   -0.0697    0.2491    0.2102
DIM:ROT:     154         3   -0.0705    0.1441    0.2822
DIM:ROT:     155         1   -0.0833    0.1745    0.1644
DIM:ROT:     155         2   -0.0837    0.1097    0.2112
DIM:ROT:     155         3   -0.0841    0.1487    0.1412
DIM:ROT:     156         1   -0.0923    0.0997    0.1831
DIM:ROT:     156         2   -0.0926    0.1169    0.1254
DIM:ROT:     156         3   -0.0928    0.0879    0.1565
DIM:ROT:     157         1   -0.0927    0.0866    0.1518
DIM:ROT:     157         2   -0.0929    0.1075    0.1192
DIM:ROT:     157         3   -0.0931    0.0838    0.1459
DIM:ROT:     158         1   -0.0938    0.1432    0.1042
DIM:ROT:     158         2   -0.0940    0.0820    0.1733
DIM:ROT:     158         3   -0.0943    0.1386    0.1030
DIM:ROT:     159         1   -0.0897    0.0851    0.1752
DIM:ROT:     159         2   -0.0900    0.1350    0.1080
DIM:ROT:     159         3   -0.0902    0.0833    0.1700
DIM:ROT:     160         1   -0.0903    0.1402    0.1080
DIM:ROT:     160         2   -0.0906    0.0840    0.1746
DIM:ROT:     160         3   -0.0908    0.1388    0.1072
