      Step     Time          Energy          fmax
BFGS:    0 16:29:26    -9342.745797        2.482129
BFGS:    1 16:29:26    -9342.974814        3.451729
BFGS:    2 16:29:26    -9343.112400       10.788688
BFGS:    3 16:29:26    -9343.368765        3.468139
BFGS:    4 16:29:26    -9343.475804        3.699381
BFGS:    5 16:29:26    -9343.516357        3.807654
BFGS:    6 16:29:26    -9343.543689        3.801076
BFGS:    7 16:29:26    -9343.660506        3.799314
BFGS:    8 16:29:26    -9343.677973        3.809239
BFGS:    9 16:29:26    -9343.726409        3.762284
BFGS:   10 16:29:26    -9343.756829        3.672393
BFGS:   11 16:29:26    -9343.800697        3.568835
BFGS:   12 16:29:27    -9343.854461        3.370881
BFGS:   13 16:29:27    -9343.923684        3.066208
BFGS:   14 16:29:27    -9344.005854        2.828981
BFGS:   15 16:29:27    -9344.093265        2.553521
BFGS:   16 16:29:27    -9344.196183        2.366579
BFGS:   17 16:29:27    -9344.290853        2.437595
BFGS:   18 16:29:27    -9344.410789        2.442578
BFGS:   19 16:29:27    -9344.483486        2.284566
BFGS:   20 16:29:27    -9344.581812        2.020790
BFGS:   21 16:29:27    -9344.667912        1.473995
BFGS:   22 16:29:27    -9344.769872        1.099998
BFGS:   23 16:29:27    -9344.841080        1.184739
BFGS:   24 16:29:27    -9344.946528        0.899713
BFGS:   25 16:29:27    -9344.995003        0.669895
BFGS:   26 16:29:27    -9345.036549        0.654535
BFGS:   27 16:29:27    -9345.059353        0.572961
BFGS:   28 16:29:27    -9345.100789        0.388025
BFGS:   29 16:29:27    -9345.115394        0.334314
BFGS:   30 16:29:27    -9345.127421        0.326196
BFGS:   31 16:29:27    -9345.132561        0.285246
BFGS:   32 16:29:27    -9345.138879        0.277035
BFGS:   33 16:29:27    -9345.146917        0.265554
BFGS:   34 16:29:27    -9345.156872        0.300134
BFGS:   35 16:29:27    -9345.166980        0.310755
BFGS:   36 16:29:27    -9345.176548        0.255131
BFGS:   37 16:29:27    -9345.183413        0.198844
BFGS:   38 16:29:27    -9345.187767        0.148321
BFGS:   39 16:29:27    -9345.190193        0.126252
BFGS:   40 16:29:27    -9345.191514        0.128185
BFGS:   41 16:29:27    -9345.192538        0.125208
BFGS:   42 16:29:27    -9345.193642        0.114246
BFGS:   43 16:29:27    -9345.194887        0.113813
BFGS:   44 16:29:27    -9345.196234        0.102975
BFGS:   45 16:29:27    -9345.197513        0.105325
BFGS:   46 16:29:27    -9345.198619        0.108977
BFGS:   47 16:29:27    -9345.199612        0.122416
BFGS:   48 16:29:27    -9345.200695        0.107708
BFGS:   49 16:29:27    -9345.202080        0.111088
BFGS:   50 16:29:28    -9345.203690        0.121122
BFGS:   51 16:29:28    -9345.205005        0.114537
BFGS:   52 16:29:28    -9345.205734        0.123877
BFGS:   53 16:29:28    -9345.206225        0.120100
BFGS:   54 16:29:28    -9345.206845        0.105888
BFGS:   55 16:29:28    -9345.207598        0.105464
BFGS:   56 16:29:28    -9345.208420        0.101071
BFGS:   57 16:29:28    -9345.209290        0.110709
BFGS:   58 16:29:28    -9345.210488        0.124300
BFGS:   59 16:29:28    -9345.212773        0.159791
BFGS:   60 16:29:28    -9345.217390        0.384996
BFGS:   61 16:29:28    -9345.222663        0.436144
BFGS:   62 16:29:28    -9345.228232        0.232631
BFGS:   63 16:29:28    -9345.223371        0.844823
BFGS:   64 16:29:28    -9345.235206        0.119021
BFGS:   65 16:29:28    -9345.237036        0.101492
BFGS:   66 16:29:28    -9345.239824        0.558761
BFGS:   67 16:29:28    -9345.242421        0.267664
BFGS:   68 16:29:28    -9345.244696        0.174499
BFGS:   69 16:29:28    -9345.249026        0.180962
BFGS:   70 16:29:28    -9345.250020        0.104643
BFGS:   71 16:29:28    -9345.251068        0.109849
BFGS:   72 16:29:28    -9345.251815        0.074752
BFGS:   73 16:29:28    -9345.252482        0.102738
BFGS:   74 16:29:28    -9345.253070        0.073317
BFGS:   75 16:29:28    -9345.253627        0.109541
BFGS:   76 16:29:28    -9345.254407        0.071294
BFGS:   77 16:29:28    -9345.255803        0.101712
BFGS:   78 16:29:28    -9345.257514        0.120761
BFGS:   79 16:29:28    -9345.259503        0.123250
BFGS:   80 16:29:28    -9345.262075        0.133848
BFGS:   81 16:29:28    -9345.265030        0.149958
BFGS:   82 16:29:28    -9345.267377        0.195007
BFGS:   83 16:29:28    -9345.269433        0.179158
BFGS:   84 16:29:28    -9345.271143        0.379661
BFGS:   85 16:29:28    -9345.272780        0.091276
BFGS:   86 16:29:28    -9345.273265        0.043957
BFGS:   87 16:29:28    -9345.273428        0.112478
BFGS:   88 16:29:28    -9345.273733        0.039766
BFGS:   89 16:29:28    -9345.273879        0.025271
BFGS:   90 16:29:28    -9345.274050        0.022150
BFGS:   91 16:29:28    -9345.274085        0.026689
BFGS:   92 16:29:28    -9345.274151        0.026529
BFGS:   93 16:29:28    -9345.274240        0.028758
BFGS:   94 16:29:28    -9345.274399        0.032682
BFGS:   95 16:29:28    -9345.274624        0.037671
BFGS:   96 16:29:28    -9345.274900        0.049480
BFGS:   97 16:29:28    -9345.275136        0.055631
BFGS:   98 16:29:28    -9345.275366        0.056331
BFGS:   99 16:29:29    -9345.275716        0.054146
BFGS:  100 16:29:29    -9345.276361        0.053958
BFGS:  101 16:29:29    -9345.277408        0.064549
BFGS:  102 16:29:29    -9345.278752        0.089044
BFGS:  103 16:29:29    -9345.280404        0.092800
BFGS:  104 16:29:29    -9345.281812        0.082256
BFGS:  105 16:29:29    -9345.282182        0.072290
BFGS:  106 16:29:29    -9345.282535        0.126582
BFGS:  107 16:29:29    -9345.282925        0.063546
BFGS:  108 16:29:29    -9345.283189        0.036754
BFGS:  109 16:29:29    -9345.283463        0.040324
BFGS:  110 16:29:29    -9345.283769        0.040915
BFGS:  111 16:29:29    -9345.283889        0.030913
BFGS:  112 16:29:29    -9345.283946        0.030271
BFGS:  113 16:29:29    -9345.283991        0.022436
BFGS:  114 16:29:29    -9345.284033        0.012823
BFGS:  115 16:29:29    -9345.284075        0.018574
BFGS:  116 16:29:29    -9345.284139        0.024905
BFGS:  117 16:29:29    -9345.284187        0.019252
BFGS:  118 16:29:29    -9345.284200        0.008364
BFGS:  119 16:29:29    -9345.284215        0.006615
BFGS:  120 16:29:29    -9345.284213        0.004862
