MINMODE:METHOD: Dimer
DIM:CONTROL: Search Parameters:
DIM:CONTROL: ------------------
DIM:CONTROL: eigenmode_method = dimer
DIM:CONTROL: f_rot_min = 0.01
DIM:CONTROL: f_rot_max = 0.1
DIM:CONTROL: max_num_rot = 3
DIM:CONTROL: trial_angle = 0.7853981633974483
DIM:CONTROL: trial_trans_step = 0.001
DIM:CONTROL: maximum_translation = 0.1
DIM:CONTROL: cg_translation = True
DIM:CONTROL: use_central_forces = True
DIM:CONTROL: dimer_separation = 0.005
DIM:CONTROL: initial_eigenmode_method = gauss
DIM:CONTROL: extrapolate_forces = True
DIM:CONTROL: displacement_method = gauss
DIM:CONTROL: gauss_std = 0.1
DIM:CONTROL: order = 1
DIM:CONTROL: mask = None
DIM:CONTROL: displacement_center = None
DIM:CONTROL: displacement_radius = None
DIM:CONTROL: number_of_displacement_atoms = None
DIM:CONTROL: ------------------
DIM:ROT: OPT-STEP ROT-STEP CURVATURE ROT-ANGLE ROT-FORCE
DIM:ROT:       0         1  -29.7885   37.1772   21.0052
DIM:ROT:       0         2  -31.5209    7.5208   12.2115
DIM:ROT:       0         3  -31.7738    3.1665    4.8694
DIM:ROT:       1         1  -13.7006    5.9474   11.3896
DIM:ROT:       1         2  -13.9481    3.5736    3.5295
DIM:ROT:       1         3  -14.0262    1.4729    2.5207
DIM:ROT:       2         1   -4.5511    5.6889    6.5094
DIM:ROT:       2         2   -4.8352    4.6499    3.3370
DIM:ROT:       2         3   -5.0011    2.7912    3.1773
DIM:ROT:       3         1   -7.3683   18.8499    8.4212
DIM:ROT:       3         2   -8.4466    7.0383    9.0084
DIM:ROT:       3         3   -8.8336    5.9417    3.5771
DIM:ROT:       4         1  -10.3688    6.7409    8.3628
DIM:ROT:       4         2  -10.7409    5.7406    3.7954
DIM:ROT:       4         3  -11.0190    3.6725    4.1556
DIM:ROT:       5         1   -6.7628   21.7027    6.3186
DIM:ROT:       5         2   -7.4247    5.2775    6.5205
DIM:ROT:       5         3   -7.7686    5.9526    3.3370
DIM:ROT:       6         1  -12.9946    5.1048    6.6826
DIM:ROT:       6         2  -13.2363    3.4908    3.9288
DIM:ROT:       6         3  -13.3364    2.1782    2.8161
DIM:ROT:       7         1  -21.5486    6.4630    6.1343
DIM:ROT:       7         2  -21.6914    2.1244    3.3863
DIM:ROT:       7         3  -21.7243    1.3504    1.6968
DIM:ROT:       8         1  -25.8068    2.0925    3.7932
DIM:ROT:       8         2  -25.8349    1.2701    1.7854
DIM:ROT:       8         3  -25.8456    0.6560    1.1373
DIM:ROT:       9         1  -26.5200    2.4451    4.5139
DIM:ROT:       9         2  -26.5590    1.4312    2.1275
DIM:ROT:       9         3  -26.5724    0.7506    1.3492
DIM:ROT:      10         1  -31.3424    2.7309    3.7480
DIM:ROT:      10         2  -31.3703    1.1412    2.1193
DIM:ROT:      10         3  -31.3802    0.6931    0.9733
DIM:ROT:      11         1  -30.9228    1.0021    1.5510
DIM:ROT:      11         2  -30.9275    0.4782    0.8248
DIM:ROT:      11         3  -30.9283    0.2768    0.4581
DIM:ROT:      12         1  -32.2010    1.3443    2.6998
DIM:ROT:      12         2  -32.2127    0.7243    0.9898
DIM:ROT:      12         3  -32.2165    0.3147    0.6180
DIM:ROT:      13         1  -33.7595    0.9975    2.0849
DIM:ROT:      13         2  -33.7697    0.5058    0.7701
DIM:ROT:      13         3  -33.7703    0.2293    0.4577
DIM:ROT:      14         1  -32.3501    0.5681    1.2924
DIM:ROT:      14         2  -32.3519    0.3084    0.3603
DIM:ROT:      14         3  -32.3525    0.1142    0.2440
DIM:ROT:      15         1  -31.7622    0.3874    0.8864
DIM:ROT:      15         2  -31.7631    0.1132    0.1833
DIM:ROT:      15         3  -31.7631    0.0490    0.0895
DIM:ROT:      16         1  -31.9747    0.2888    0.5454
DIM:ROT:      16         2  -31.9756    0.1477    0.2267
DIM:ROT:      16         3  -31.9756    0.0753    0.1415
DIM:ROT:      17         1  -31.6366    0.1485    0.3237
DIM:ROT:      17         2  -31.6365    0.0789    0.1072
DIM:ROT:      17         3  -31.6367    0.0350    0.0687
DIM:ROT:      18         1  -31.6671    0.3006    0.5456
DIM:ROT:      18         2  -31.6688    0.1579    0.2447
DIM:ROT:      18         3  -31.6686    0.0810    0.1429
DIM:ROT:      19         1  -31.3975    0.3702    0.7744
DIM:ROT:      19         2  -31.3977    0.1848    0.2124
DIM:ROT:      19         3  -31.3980    0.0716    0.1381
DIM:ROT:      20         1  -31.0246    0.5336    0.9558
DIM:ROT:      20         2  -31.0256    0.2170    0.3364
DIM:ROT:      20         3  -31.0258    0.1146    0.2103
DIM:ROT:      21         1  -32.2033    0.3978    0.5464
DIM:ROT:      21         2  -32.2044    0.1778    0.3368
DIM:ROT:      21         3  -32.2044    0.1169    0.1678
DIM:ROT:      22         1  -33.8392    0.3792    0.7591
DIM:ROT:      22         2  -33.8414    0.2504    0.3511
DIM:ROT:      22         3  -33.8414    0.1244    0.2491
DIM:ROT:      23         1  -33.6129    0.2387    0.4955
DIM:ROT:      23         2  -33.6131    0.1262    0.1810
DIM:ROT:      23         3  -33.6131    0.0640    0.1266
DIM:ROT:      24         1  -33.8399    0.2248    0.4826
DIM:ROT:      24         2  -33.8410    0.1170    0.1681
DIM:ROT:      24         3  -33.8407    0.0502    0.1039
DIM:ROT:      25         1  -33.2993    0.6869    1.0540
DIM:ROT:      25         2  -33.3007    0.2942    0.5134
DIM:ROT:      25         3  -33.3021    0.1656    0.2705
DIM:ROT:      26         1  -32.8342    0.9526    1.1013
DIM:ROT:      26         2  -32.8355    0.2898    0.4781
DIM:ROT:      26         3  -32.8352    0.1567    0.2155
DIM:ROT:      27         1  -31.9776    1.3476    1.3605
DIM:ROT:      27         2  -31.9776    0.3015    0.4747
DIM:ROT:      27         3  -31.9782    0.1542    0.2605
DIM:ROT:      28         1  -31.7956    0.1604    0.2498
DIM:ROT:      28         2  -31.7953    0.0907    0.1241
DIM:ROT:      28         3  -31.7952    0.0482    0.0795
DIM:ROT:      29         1  -31.9320    0.2010    0.4047
DIM:ROT:      29         2  -31.9324    0.1016    0.1253
DIM:ROT:      29         3  -31.9321    0.0421    0.0768
DIM:ROT:      30         1  -31.6661    0.2084    0.4402
DIM:ROT:      30         2  -31.6661    0.1159    0.1416
DIM:ROT:      30         3  -31.6661    0.0499    0.1017
DIM:ROT:      31         1  -32.2034    0.3529    0.6333
DIM:ROT:      31         2  -32.2049    0.1513    0.2611
DIM:ROT:      31         3  -32.2047    0.0771    0.1351
DIM:ROT:      32         1  -31.7479    0.3034    0.5603
DIM:ROT:      32         2  -31.7476    0.1233    0.2020
DIM:ROT:      32         3  -31.7476    0.0616    0.1109
DIM:ROT:      33         1  -31.2477    0.2889    0.4945
DIM:ROT:      33         2  -31.2476    0.1181    0.1945
DIM:ROT:      33         3  -31.2478    0.0581    0.0979
DIM:ROT:      34         1  -30.0599    0.4725    0.8638
DIM:ROT:      34         2  -30.0602    0.2030    0.3660
DIM:ROT:      34         3  -30.0606    0.1020    0.1779
DIM:ROT:      35         1  -29.7936    0.1567    0.2060
DIM:ROT:      35         2  -29.7933    0.0547    0.1090
DIM:ROT:      35         3  -29.7934    0.0382    0.0495
DIM:ROT:      36         1  -30.6857    0.4971    0.8932
DIM:ROT:      36         2  -30.6896    0.2762    0.4271
DIM:ROT:      36         3  -30.6896    0.1426    0.2594
DIM:ROT:      37         1  -31.0049    0.5474    0.5402
DIM:ROT:      37         2  -31.0055    0.1711    0.2877
DIM:ROT:      37         3  -31.0054    0.0894    0.1001
DIM:ROT:      38         1  -31.0255    0.4766    0.6152
DIM:ROT:      38         2  -31.0268    0.1575    0.3210
DIM:ROT:      38         3  -31.0267    0.1010    0.1325
DIM:ROT:      39         1  -30.4704    0.2747    0.3280
DIM:ROT:      39         2  -30.4700    0.0791    0.1707
DIM:ROT:      39         3  -30.4701    0.0563    0.0670
DIM:ROT:      40         1  -29.9492    0.2341    0.4782
DIM:ROT:      40         2  -29.9494    0.0803    0.1272
DIM:ROT:      40         3  -29.9494    0.0424    0.0746
DIM:ROT:      41         1  -29.5793    0.2004    0.3754
DIM:ROT:      41         2  -29.5797    0.1206    0.1630
DIM:ROT:      41         3  -29.5796    0.0601    0.1137
DIM:ROT:      42         1  -29.8706    0.2151    0.3937
DIM:ROT:      42         2  -29.8713    0.1133    0.1721
DIM:ROT:      42         3  -29.8711    0.0578    0.1034
DIM:ROT:      43         1  -29.9478    0.1804    0.2617
DIM:ROT:      43         2  -29.9478    0.0870    0.1186
DIM:ROT:      43         3  -29.9478    0.0422    0.0722
DIM:ROT:      44         1  -30.1901    0.2582    0.3993
DIM:ROT:      44         2  -30.1911    0.1258    0.2299
DIM:ROT:      44         3  -30.1910    0.0769    0.1190
DIM:ROT:      45         1  -29.8571    0.1898    0.3793
DIM:ROT:      45         2  -29.8571    0.0905    0.1296
DIM:ROT:      45         3  -29.8572    0.0473    0.0888
DIM:ROT:      46         1  -29.6920    0.2958    0.3632
DIM:ROT:      46         2  -29.6922    0.1188    0.1949
DIM:ROT:      46         3  -29.6925    0.0655    0.0903
DIM:ROT:      47         1  -29.9408    0.1506    0.2191
DIM:ROT:      47         2  -29.9412    0.0694    0.1311
DIM:ROT:      47         3  -29.9411    0.0455    0.0668
DIM:ROT:      48         1  -30.2229    0.1508    0.2689
DIM:ROT:      48         2  -30.2234    0.0660    0.1060
DIM:ROT:      48         3  -30.2233    0.0328    0.0577
DIM:ROT:      49         1  -30.0013    0.2014    0.3148
DIM:ROT:      49         2  -30.0016    0.1022    0.1808
DIM:ROT:      49         3  -30.0016    0.0619    0.0984
DIM:ROT:      50         1  -29.5272    0.4684    0.6114
DIM:ROT:      50         2  -29.5281    0.1890    0.3670
DIM:ROT:      50         3  -29.5285    0.1214    0.1727
DIM:ROT:      51         1  -29.3055    0.2069    0.2670
DIM:ROT:      51         2  -29.3054    0.0864    0.1325
DIM:ROT:      51         3  -29.3054    0.0440    0.0697
DIM:ROT:      52         1  -29.6470    0.3289    0.5190
DIM:ROT:      52         2  -29.6489    0.1542    0.2837
DIM:ROT:      52         3  -29.6488    0.0934    0.1471
DIM:ROT:      53         1  -29.7608    0.2866    0.2724
DIM:ROT:      53         2  -29.7609    0.0724    0.1492
DIM:ROT:      53         3  -29.7609    0.0410    0.0539
DIM:ROT:      54         1  -29.9523    0.2062    0.2821
DIM:ROT:      54         2  -29.9528    0.0884    0.1663
DIM:ROT:      54         3  -29.9527    0.0529    0.0772
DIM:ROT:      55         1  -30.0516    0.3210    0.2811
DIM:ROT:      55         2  -30.0518    0.0653    0.1151
DIM:ROT:      55         3  -30.0518    0.0292    0.0314
DIM:ROT:      56         1  -30.0026    0.0880    0.0958
DIM:ROT:      57         1  -29.6403    0.1546    0.2837
DIM:ROT:      57         2  -29.6403    0.0809    0.1271
DIM:ROT:      57         3  -29.6403    0.0445    0.0785
DIM:ROT:      58         1  -29.7189    0.1217    0.1642
DIM:ROT:      58         2  -29.7191    0.0539    0.1053
DIM:ROT:      58         3  -29.7190    0.0394    0.0526
DIM:ROT:      59         1  -29.7942    0.1987    0.2515
DIM:ROT:      59         2  -29.7941    0.0903    0.1634
DIM:ROT:      59         3  -29.7942    0.0611    0.0887
DIM:ROT:      60         1  -29.8998    0.1245    0.1719
DIM:ROT:      60         2  -29.8999    0.0601    0.1072
DIM:ROT:      60         3  -29.8998    0.0407    0.0584
DIM:ROT:      61         1  -29.8245    0.1970    0.2075
DIM:ROT:      61         2  -29.8243    0.0631    0.1313
DIM:ROT:      61         3  -29.8244    0.0475    0.0570
DIM:ROT:      62         1  -29.7280    0.1646    0.1813
DIM:ROT:      62         2  -29.7278    0.0643    0.0972
DIM:ROT:      63         1  -29.4929    0.2088    0.2951
DIM:ROT:      63         2  -29.4929    0.1025    0.1678
DIM:ROT:      63         3  -29.4931    0.0628    0.1013
DIM:ROT:      64         1  -29.6460    0.3358    0.4501
DIM:ROT:      64         2  -29.6475    0.1505    0.3003
DIM:ROT:      64         3  -29.6476    0.1050    0.1428
DIM:ROT:      65         1  -29.6955    0.4161    0.3180
DIM:ROT:      65         2  -29.6956    0.0835    0.1425
DIM:ROT:      65         3  -29.6955    0.0418    0.0556
DIM:ROT:      66         1  -29.9011    0.3771    0.4980
DIM:ROT:      66         2  -29.9023    0.1701    0.3180
DIM:ROT:      66         3  -29.9023    0.1177    0.1621
DIM:ROT:      67         1  -29.8270    0.3175    0.3133
DIM:ROT:      67         2  -29.8269    0.1086    0.2347
DIM:ROT:      67         3  -29.8272    0.0827    0.0953
DIM:ROT:      68         1  -29.2289    0.5014    0.7786
DIM:ROT:      68         2  -29.2308    0.2705    0.4657
DIM:ROT:      68         3  -29.2317    0.1766    0.2811
DIM:ROT:      69         1  -29.1272    0.3517    0.2720
DIM:ROT:      69         2  -29.1270    0.0898    0.1850
DIM:ROT:      69         3  -29.1269    0.0488    0.0614
DIM:ROT:      70         1  -29.4037    0.3611    0.4187
DIM:ROT:      70         2  -29.4051    0.1364    0.2775
DIM:ROT:      70         3  -29.4051    0.0959    0.1194
DIM:ROT:      71         1  -29.3920    0.1003    0.1539
DIM:ROT:      71         2  -29.3919    0.0598    0.1014
DIM:ROT:      71         3  -29.3920    0.0407    0.0632
DIM:ROT:      72         1  -29.4767    0.1236    0.1622
DIM:ROT:      72         2  -29.4770    0.0587    0.1144
DIM:ROT:      72         3  -29.4770    0.0432    0.0576
DIM:ROT:      73         1  -29.3732    0.0974    0.1761
DIM:ROT:      73         2  -29.3733    0.0615    0.0928
DIM:ROT:      74         1  -29.2568    0.1572    0.2258
DIM:ROT:      74         2  -29.2570    0.0812    0.1522
DIM:ROT:      74         3  -29.2571    0.0575    0.0832
DIM:ROT:      75         1  -29.0494    0.3539    0.3902
DIM:ROT:      75         2  -29.0500    0.1327    0.2741
DIM:ROT:      75         3  -29.0503    0.0943    0.1146
DIM:ROT:      76         1  -29.1836    0.1674    0.2380
DIM:ROT:      76         2  -29.1840    0.0898    0.1621
DIM:ROT:      76         3  -29.1840    0.0628    0.0924
DIM:ROT:      77         1  -29.2335    0.2003    0.1854
DIM:ROT:      77         2  -29.2334    0.0692    0.1325
DIM:ROT:      77         3  -29.2334    0.0462    0.0512
DIM:ROT:      78         1  -29.4504    0.1962    0.3023
DIM:ROT:      78         2  -29.4513    0.1097    0.1926
DIM:ROT:      78         3  -29.4513    0.0723    0.1131
DIM:ROT:      79         1  -29.2793    0.1229    0.2155
DIM:ROT:      79         2  -29.2794    0.0754    0.1184
DIM:ROT:      79         3  -29.2795    0.0457    0.0792
DIM:ROT:      80         1  -29.2038    0.1198    0.1315
DIM:ROT:      80         2  -29.2037    0.0460    0.0892
DIM:ROT:      81         1  -29.2562    0.0955    0.1193
DIM:ROT:      81         2  -29.2562    0.0455    0.0860
DIM:ROT:      82         1  -29.3819    0.0840    0.1339
DIM:ROT:      82         2  -29.3821    0.0515    0.0832
DIM:ROT:      83         1  -29.3583    0.1182    0.0914
DIM:ROT:      84         1  -29.3404    0.1178    0.1430
DIM:ROT:      84         2  -29.3404    0.0527    0.0864
DIM:ROT:      85         1  -29.1905    0.1316    0.2211
DIM:ROT:      85         2  -29.1907    0.0765    0.1274
DIM:ROT:      85         3  -29.1907    0.0478    0.0795
DIM:ROT:      86         1  -29.2011    0.1256    0.1100
DIM:ROT:      86         2  -29.2009    0.0404    0.0927
DIM:ROT:      87         1  -29.2677    0.1705    0.1310
DIM:ROT:      87         2  -29.2676    0.0442    0.0862
DIM:ROT:      88         1  -29.3954    0.1085    0.1722
DIM:ROT:      88         2  -29.3958    0.0620    0.0980
DIM:ROT:      89         1  -29.4366    0.4166    0.3340
DIM:ROT:      89         2  -29.4369    0.1100    0.2436
DIM:ROT:      89         3  -29.4369    0.0675    0.0785
DIM:ROT:      90         1  -29.4378    0.2996    0.2284
DIM:ROT:      90         2  -29.4375    0.0731    0.1636
DIM:ROT:      90         3  -29.4375    0.0416    0.0514
DIM:ROT:      91         1  -29.1997    0.3820    0.4350
DIM:ROT:      91         2  -29.2004    0.1471    0.3147
DIM:ROT:      91         3  -29.2008    0.1157    0.1352
DIM:ROT:      92         1  -29.1495    0.3622    0.3025
DIM:ROT:      92         2  -29.1494    0.0956    0.2129
DIM:ROT:      92         3  -29.1493    0.0620    0.0712
DIM:ROT:      93         1  -28.9660    1.0552    0.7999
DIM:ROT:      93         2  -28.9664    0.2196    0.4304
DIM:ROT:      93         3  -28.9665    0.1125    0.1471
DIM:ROT:      94         1  -29.0721    0.2741    0.3795
DIM:ROT:      94         2  -29.0730    0.1465    0.2566
DIM:ROT:      94         3  -29.0731    0.1000    0.1483
DIM:ROT:      95         1  -29.1082    0.5290    0.4579
DIM:ROT:      95         2  -29.1082    0.1661    0.2898
DIM:ROT:      95         3  -29.1082    0.0914    0.1147
DIM:ROT:      96         1  -29.1407    0.2331    0.2339
DIM:ROT:      96         2  -29.1410    0.0857    0.1862
DIM:ROT:      96         3  -29.1410    0.0684    0.0737
DIM:ROT:      97         1  -29.0655    0.1467    0.1672
DIM:ROT:      97         2  -29.0655    0.0597    0.1197
DIM:ROT:      97         3  -29.0657    0.0458    0.0565
DIM:ROT:      98         1  -29.1658    0.1434    0.2536
DIM:ROT:      98         2  -29.1665    0.0888    0.1338
DIM:ROT:      98         3  -29.1664    0.0502    0.0899
DIM:ROT:      99         1  -29.1567    0.1039    0.1142
DIM:ROT:      99         2  -29.1566    0.0414    0.0880
DIM:ROT:     100         1  -29.1686    0.1186    0.1111
DIM:ROT:     100         2  -29.1685    0.0368    0.0737
DIM:ROT:     101         1  -29.0945    0.1035    0.1510
DIM:ROT:     101         2  -29.0947    0.0506    0.0950
DIM:ROT:     102         1  -29.0935    0.0702    0.0727
DIM:ROT:     103         1  -29.0439    0.0884    0.1035
DIM:ROT:     103         2  -29.0439    0.0366    0.0666
DIM:ROT:     104         1  -29.0469    0.0492    0.0461
DIM:ROT:     105         1  -29.0447    0.0399    0.0488
DIM:ROT:     106         1  -29.0784    0.0362    0.0754
DIM:ROT:     107         1  -29.0686    0.0685    0.0559
DIM:ROT:     108         1  -29.0917    0.0342    0.0770
DIM:ROT:     109         1  -29.0464    0.0539    0.0842
DIM:ROT:     110         1  -29.0203    0.1259    0.1010
DIM:ROT:     110         2  -29.0202    0.0233    0.0534
DIM:ROT:     111         1  -28.9625    0.0740    0.0916
DIM:ROT:     112         1  -29.0478    0.0852    0.1840
DIM:ROT:     112         2  -29.0481    0.0429    0.0555
DIM:ROT:     113         1  -29.0748    0.1293    0.1948
DIM:ROT:     113         2  -29.0749    0.0671    0.1040
DIM:ROT:     113         3  -29.0748    0.0408    0.0676
DIM:ROT:     114         1  -29.1008    0.1712    0.1900
DIM:ROT:     114         2  -29.1007    0.0705    0.1015
DIM:ROT:     114         3  -29.1006    0.0394    0.0545
DIM:ROT:     115         1  -28.9812    0.1999    0.2559
DIM:ROT:     115         2  -28.9814    0.0787    0.1538
DIM:ROT:     115         3  -28.9815    0.0556    0.0738
DIM:ROT:     116         1  -29.0507    0.1457    0.1953
DIM:ROT:     116         2  -29.0508    0.0708    0.1166
DIM:ROT:     116         3  -29.0508    0.0435    0.0678
DIM:ROT:     117         1  -28.9501    0.2992    0.3460
DIM:ROT:     117         2  -28.9504    0.1142    0.2301
DIM:ROT:     117         3  -28.9506    0.0798    0.1017
DIM:ROT:     118         1  -28.9637    0.2836    0.2628
DIM:ROT:     118         2  -28.9636    0.0869    0.1622
DIM:ROT:     118         3  -28.9636    0.0485    0.0663
DIM:ROT:     119         1  -28.9160    0.2399    0.2842
DIM:ROT:     119         2  -28.9160    0.0957    0.1777
DIM:ROT:     119         3  -28.9160    0.0638    0.0868
DIM:ROT:     120         1  -28.9684    0.1487    0.1778
DIM:ROT:     120         2  -28.9686    0.0668    0.1243
DIM:ROT:     120         3  -28.9686    0.0470    0.0625
DIM:ROT:     121         1  -28.8752    0.1289    0.1815
DIM:ROT:     121         2  -28.8753    0.0640    0.1154
DIM:ROT:     121         3  -28.8754    0.0446    0.0635
DIM:ROT:     122         1  -28.9216    0.2057    0.2643
DIM:ROT:     122         2  -28.9222    0.1017    0.1832
DIM:ROT:     122         3  -28.9222    0.0711    0.0998
DIM:ROT:     123         1  -28.9000    0.1552    0.1731
DIM:ROT:     123         2  -28.9000    0.0658    0.1364
DIM:ROT:     123         3  -28.9001    0.0539    0.0620
DIM:ROT:     124         1  -28.9627    0.1568    0.2022
DIM:ROT:     124         2  -28.9629    0.0777    0.1419
DIM:ROT:     124         3  -28.9629    0.0556    0.0772
DIM:ROT:     125         1  -28.9800    0.0655    0.0822
DIM:ROT:     126         1  -28.8918    0.0953    0.1174
DIM:ROT:     126         2  -28.8919    0.0422    0.0710
DIM:ROT:     127         1  -28.8767    0.0695    0.0498
DIM:ROT:     128         1  -28.7656    0.0861    0.1088
DIM:ROT:     128         2  -28.7657    0.0357    0.0680
DIM:ROT:     129         1  -28.8001    0.0875    0.0983
DIM:ROT:     130         1  -28.8987    0.1234    0.1246
DIM:ROT:     130         2  -28.8988    0.0363    0.0695
DIM:ROT:     131         1  -28.8645    0.0809    0.1339
DIM:ROT:     131         2  -28.8645    0.0368    0.0593
DIM:ROT:     132         1  -28.8811    0.0995    0.0883
DIM:ROT:     133         1  -28.8188    0.0784    0.0769
DIM:ROT:     134         1  -28.8513    0.0535    0.1029
DIM:ROT:     134         2  -28.8515    0.0338    0.0416
DIM:ROT:     135         1  -28.8814    0.0875    0.0648
DIM:ROT:     136         1  -28.7825    0.0953    0.1831
DIM:ROT:     136         2  -28.7827    0.0579    0.0819
DIM:ROT:     137         1  -28.7238    0.1288    0.1889
DIM:ROT:     137         2  -28.7239    0.0659    0.1219
DIM:ROT:     137         3  -28.7239    0.0451    0.0660
DIM:ROT:     138         1  -28.6932    0.1113    0.0944
DIM:ROT:     139         1  -28.6784    0.0327    0.0521
DIM:ROT:     140         1  -28.8098    0.1466    0.2163
DIM:ROT:     140         2  -28.8106    0.0701    0.1311
DIM:ROT:     140         3  -28.8106    0.0434    0.0652
DIM:ROT:     141         1  -28.8268    0.1232    0.0926
DIM:ROT:     142         1  -28.8444    0.0286    0.0522
DIM:ROT:     143         1  -28.8858    0.0405    0.0609
DIM:ROT:     144         1  -28.8104    0.0911    0.1496
DIM:ROT:     144         2  -28.8105    0.0502    0.0843
DIM:ROT:     145         1  -28.7677    0.0918    0.1402
DIM:ROT:     145         2  -28.7678    0.0470    0.0859
DIM:ROT:     146         1  -28.7685    0.0361    0.0469
DIM:ROT:     147         1  -28.7835    0.0290    0.0587
DIM:ROT:     148         1  -28.8394    0.0590    0.0765
DIM:ROT:     149         1  -28.8344    0.0361    0.0662
DIM:ROT:     150         1  -28.8027    0.0523    0.0501
DIM:ROT:     151         1  -28.8087    0.0274    0.0504
DIM:ROT:     152         1  -28.7853    0.0558    0.0696
DIM:ROT:     153         1  -28.7922    0.0410    0.0631
DIM:ROT:     154         1  -28.7952    0.0695    0.0667
DIM:ROT:     155         1  -28.7707    0.0839    0.0792
DIM:ROT:     156         1  -28.7928    0.0931    0.0936
DIM:ROT:     157         1  -28.7826    0.1191    0.1303
DIM:ROT:     157         2  -28.7826    0.0517    0.1056
DIM:ROT:     157         3  -28.7825    0.0409    0.0471
DIM:ROT:     158         1  -28.8004    0.1710    0.1122
DIM:ROT:     158         2  -28.8002    0.0300    0.0651
DIM:ROT:     159         1  -28.8417    0.1696    0.1087
DIM:ROT:     159         2  -28.8416    0.0273    0.0575
DIM:ROT:     160         1  -28.8124    0.0825    0.0831
