MINMODE:METHOD: Dimer
DIM:CONTROL: Search Parameters:
DIM:CONTROL: ------------------
DIM:CONTROL: eigenmode_method = dimer
DIM:CONTROL: f_rot_min = 0.01
DIM:CONTROL: f_rot_max = 0.1
DIM:CONTROL: max_num_rot = 3
DIM:CONTROL: trial_angle = 0.7853981633974483
DIM:CONTROL: trial_trans_step = 0.001
DIM:CONTROL: maximum_translation = 0.1
DIM:CONTROL: cg_translation = True
DIM:CONTROL: use_central_forces = True
DIM:CONTROL: dimer_separation = 0.005
DIM:CONTROL: initial_eigenmode_method = gauss
DIM:CONTROL: extrapolate_forces = True
DIM:CONTROL: displacement_method = gauss
DIM:CONTROL: gauss_std = 0.1
DIM:CONTROL: order = 1
DIM:CONTROL: mask = None
DIM:CONTROL: displacement_center = None
DIM:CONTROL: displacement_radius = None
DIM:CONTROL: number_of_displacement_atoms = None
DIM:CONTROL: ------------------
DIM:ROT: OPT-STEP ROT-STEP CURVATURE ROT-ANGLE ROT-FORCE
DIM:ROT:       0         1  -14.8034   25.0202   33.6745
DIM:ROT:       0         2  -52.5181   33.8749   55.2118
DIM:ROT:       0         3  -83.6171   22.7889   73.4869
DIM:ROT:       1         1 -104.9951   27.9348   42.3460
DIM:ROT:       1         2 -104.9826    6.6121   19.1914
DIM:ROT:       1         3 -105.4426    3.1812    7.6798
DIM:ROT:       2         1    1.2484   24.2440   21.4440
DIM:ROT:       2         2   -6.5728   24.8337   16.1594
DIM:ROT:       2         3  -13.3052   15.3001   21.8821
DIM:ROT:       3         1  -24.6833   23.2264   23.3268
DIM:ROT:       3         2  -26.4865    6.5307   14.0380
DIM:ROT:       3         3  -26.7394    3.6142    4.6906
DIM:ROT:       4         1  -28.6094   15.2778   30.1240
DIM:ROT:       4         2  -30.6190    8.0206   12.7556
DIM:ROT:       4         3  -31.2153    4.0362    7.9008
DIM:ROT:       5         1  -49.5080   20.3905   23.0132
DIM:ROT:       5         2  -54.4297   12.0965   20.1672
DIM:ROT:       5         3  -56.2136    8.0971   14.8589
DIM:ROT:       6         1   -6.8279   25.6400   72.2882
DIM:ROT:       6         2  -13.0177   12.7171   22.7327
DIM:ROT:       6         3  -14.3183    5.1989   12.1311
DIM:ROT:       7         1   -7.4075   24.2771   26.1432
DIM:ROT:       7         2  -10.3532    9.1582   17.2463
DIM:ROT:       7         3  -11.8572    7.4056   12.2143
DIM:ROT:       8         1  -21.0988    8.1845   15.7683
DIM:ROT:       8         2  -21.9713    6.2333    9.3267
DIM:ROT:       8         3  -22.4315    3.8302    7.5675
DIM:ROT:       9         1  -22.1273    6.1390   13.3827
DIM:ROT:       9         2  -22.3228    1.9280    4.0384
DIM:ROT:       9         3  -22.3673    1.1114    2.7153
DIM:ROT:      10         1  -15.9219    5.3175   18.4789
DIM:ROT:      10         2  -16.2597    3.9393    5.3734
DIM:ROT:      10         3  -16.3933    1.4777    4.4848
DIM:ROT:      11         1  -18.1129    4.5127    6.7002
DIM:ROT:      11         2  -18.3640    2.0341    5.3284
DIM:ROT:      11         3  -18.4429    1.6351    3.2638
DIM:ROT:      12         1  -17.8013    2.3964    4.5168
DIM:ROT:      12         2  -17.8690    1.3333    3.2547
DIM:ROT:      12         3  -17.9095    1.0767    2.4359
DIM:ROT:      13         1  -15.3062    1.5613    5.7566
DIM:ROT:      13         2  -15.3333    1.5472    1.9172
DIM:ROT:      13         3  -15.3629    0.6872    2.2297
DIM:ROT:      14         1  -15.5701    1.1389    4.0398
DIM:ROT:      14         2  -15.5634    0.8930    1.4903
DIM:ROT:      14         3  -15.5844    0.5012    1.4694
DIM:ROT:      15         1  -14.9585    0.8587    2.6006
DIM:ROT:      15         2  -14.9511    0.4720    1.1056
DIM:ROT:      15         3  -14.9547    0.3529    0.8278
DIM:ROT:      16         1  -15.8786    0.3817    1.3939
DIM:ROT:      16         2  -15.8736    0.3105    0.4723
DIM:ROT:      16         3  -15.8747    0.1261    0.4255
DIM:ROT:      17         1  -18.0186    0.7340    1.1132
DIM:ROT:      17         2  -18.0210    0.3106    0.7546
DIM:ROT:      17         3  -18.0240    0.2142    0.4878
DIM:ROT:      18         1  -18.5662    0.4836    1.2958
DIM:ROT:      18         2  -18.5570    0.3057    0.7050
DIM:ROT:      18         3  -18.5590    0.2311    0.5687
DIM:ROT:      19         1  -18.7993    0.4292    1.6997
DIM:ROT:      19         2  -18.7908    0.2354    0.3815
DIM:ROT:      19         3  -18.7912    0.1134    0.3061
DIM:ROT:      20         1  -19.3077    0.2110    0.3943
DIM:ROT:      20         2  -19.3097    0.1040    0.2784
DIM:ROT:      20         3  -19.3086    0.0819    0.1787
DIM:ROT:      21         1  -18.9619    0.2267    0.8506
DIM:ROT:      21         2  -18.9591    0.1447    0.2557
DIM:ROT:      21         3  -18.9596    0.0616    0.1941
DIM:ROT:      22         1  -18.7493    0.1386    0.1855
DIM:ROT:      22         2  -18.7504    0.0553    0.1489
DIM:ROT:      22         3  -18.7504    0.0415    0.0890
DIM:ROT:      23         1  -18.3815    0.2291    0.7198
DIM:ROT:      23         2  -18.3779    0.1996    0.3663
DIM:ROT:      23         3  -18.3785    0.1175    0.3445
DIM:ROT:      24         1  -18.3656    0.1076    0.3039
DIM:ROT:      24         2  -18.3643    0.0960    0.1852
DIM:ROT:      24         3  -18.3641    0.0643    0.1778
DIM:ROT:      25         1  -18.3315    0.0690    0.2234
DIM:ROT:      25         2  -18.3301    0.0642    0.1084
DIM:ROT:      25         3  -18.3302    0.0367    0.1106
DIM:ROT:      26         1  -18.4185    0.0707    0.1993
DIM:ROT:      26         2  -18.4185    0.0266    0.0556
DIM:ROT:      27         1  -18.3510    0.0594    0.1481
DIM:ROT:      27         2  -18.3510    0.0407    0.0511
DIM:ROT:      28         1  -18.3346    0.0252    0.0751
DIM:ROT:      29         1  -18.2621    0.0602    0.2242
DIM:ROT:      29         2  -18.2607    0.0497    0.0730
DIM:ROT:      30         1  -18.1330    0.0895    0.1683
DIM:ROT:      30         2  -18.1338    0.0507    0.0884
DIM:ROT:      31         1  -17.9714    0.0669    0.1736
DIM:ROT:      31         2  -17.9718    0.0473    0.1031
DIM:ROT:      31         3  -17.9715    0.0346    0.0875
DIM:ROT:      32         1  -18.4743    0.1748    0.5253
DIM:ROT:      32         2  -18.4727    0.1379    0.2643
DIM:ROT:      32         3  -18.4725    0.0891    0.2454
DIM:ROT:      33         1  -18.3823    0.0650    0.1795
DIM:ROT:      33         2  -18.3828    0.0415    0.0914
DIM:ROT:      34         1  -18.3368    0.0496    0.2000
DIM:ROT:      34         2  -18.3358    0.0394    0.0434
DIM:ROT:      35         1  -18.3162    0.0259    0.0618
DIM:ROT:      36         1  -18.2802    0.0182    0.0507
DIM:ROT:      37         1  -18.2511    0.0326    0.0779
