MinModeTranslate: STEP      TIME          ENERGY    MAX-FORCE     STEPSIZE    CURVATURE  ROT-STEPS
MinModeTranslate:    0  16:43:54   -12457.726319       3.5246     --------     5.674382          3
MinModeTranslate:    0  16:43:54   -12457.726319       3.5246     0.100000     5.674382          3
MinModeTranslate:    1  16:43:54   -12457.242320       3.9707     --------     2.178785          3
MinModeTranslate:    1  16:43:54   -12457.242320       3.9707     0.100000     2.178785          3
MinModeTranslate:    2  16:43:54   -12456.746143       5.9546     --------    -4.681908          3
MinModeTranslate:    2  16:43:54   -12456.746143       5.9546     0.100000    -4.681908          3
MinModeTranslate:    3  16:43:54   -12456.615131       5.2423     --------    -4.259352          3
MinModeTranslate:    3  16:43:54   -12456.615131       5.2423     0.100000    -4.259352          3
MinModeTranslate:    4  16:43:54   -12457.177247       5.0062     --------    -4.421083          3
MinModeTranslate:    4  16:43:54   -12457.177247       5.0062     0.100000    -4.421083          3
MinModeTranslate:    5  16:43:54   -12457.536056       4.6910     --------    -1.907289          3
MinModeTranslate:    5  16:43:54   -12457.536056       4.6910     0.100000    -1.907289          3
MinModeTranslate:    6  16:43:54   -12457.659663       3.7523     --------     0.518148          3
MinModeTranslate:    6  16:43:54   -12457.659663       3.7523     0.100000     0.518148          3
MinModeTranslate:    7  16:43:54   -12457.232092       3.5118     --------     0.367278          3
MinModeTranslate:    7  16:43:55   -12457.232092       3.5118     0.100000     0.367278          3
MinModeTranslate:    8  16:43:55   -12456.841886       4.8731     --------    -5.447725          3
MinModeTranslate:    8  16:43:55   -12456.841886       4.8731     0.100000    -5.447725          3
MinModeTranslate:    9  16:43:55   -12456.717266       3.9603     --------   -11.280528          3
MinModeTranslate:    9  16:43:55   -12456.717266       3.9603     0.100000   -11.280528          3
MinModeTranslate:   10  16:43:55   -12456.680448       2.4811     --------   -12.570875          3
MinModeTranslate:   10  16:43:55   -12456.680448       2.4811     0.100000   -12.570875          3
MinModeTranslate:   11  16:43:55   -12456.568564       1.7316     --------   -20.638878          3
MinModeTranslate:   11  16:43:55   -12456.568564       1.7316     0.060654   -20.638878          3
MinModeTranslate:   12  16:43:55   -12456.561106       1.6960     --------   -25.707445          3
MinModeTranslate:   12  16:43:55   -12456.561106       1.6960     0.100000   -25.707445          3
MinModeTranslate:   13  16:43:55   -12456.638991       0.6226     --------   -14.572405          3
MinModeTranslate:   13  16:43:55   -12456.638991       0.6226     0.034554   -14.572405          3
MinModeTranslate:   14  16:43:55   -12456.650909       1.3748     --------   -18.083218          3
MinModeTranslate:   14  16:43:55   -12456.650909       1.3748     0.100000   -18.083218          3
MinModeTranslate:   15  16:43:55   -12456.714117       0.6165     --------   -31.029617          3
MinModeTranslate:   15  16:43:55   -12456.714117       0.6165     0.030631   -31.029617          3
MinModeTranslate:   16  16:43:55   -12456.732269       0.8657     --------   -29.927606          3
MinModeTranslate:   16  16:43:55   -12456.732269       0.8657     0.073691   -29.927606          3
MinModeTranslate:   17  16:43:55   -12456.767453       0.6832     --------   -22.679857          3
MinModeTranslate:   17  16:43:56   -12456.767453       0.6832     0.084742   -22.679857          3
MinModeTranslate:   18  16:43:56   -12456.818147       0.8756     --------   -21.851027          3
MinModeTranslate:   18  16:43:56   -12456.818147       0.8756     0.100000   -21.851027          3
MinModeTranslate:   19  16:43:56   -12456.878988       0.7344     --------   -26.515526          3
MinModeTranslate:   19  16:43:56   -12456.878988       0.7344     0.056578   -26.515526          3
MinModeTranslate:   20  16:43:56   -12456.900806       1.3369     --------   -33.626379          3
MinModeTranslate:   20  16:43:56   -12456.900806       1.3369     0.063926   -33.626379          3
MinModeTranslate:   21  16:43:56   -12456.937841       0.8811     --------   -35.815980          3
MinModeTranslate:   21  16:43:56   -12456.937841       0.8811     0.035232   -35.815980          3
MinModeTranslate:   22  16:43:56   -12456.959190       0.9521     --------   -35.094239          3
MinModeTranslate:   22  16:43:56   -12456.959190       0.9521     0.053664   -35.094239          3
MinModeTranslate:   23  16:43:56   -12456.981132       0.6995     --------   -34.527890          3
MinModeTranslate:   23  16:43:56   -12456.981132       0.6995     0.100000   -34.527890          3
MinModeTranslate:   24  16:43:56   -12457.057288       0.9279     --------   -28.842000          3
MinModeTranslate:   24  16:43:56   -12457.057288       0.9279     0.100000   -28.842000          3
MinModeTranslate:   25  16:43:56   -12457.125396       1.2120     --------   -23.106183          3
MinModeTranslate:   25  16:43:56   -12457.125396       1.2120     0.100000   -23.106183          3
MinModeTranslate:   26  16:43:56   -12457.164898       0.9982     --------   -24.079152          3
MinModeTranslate:   26  16:43:57   -12457.164898       0.9982     0.100000   -24.079152          3
MinModeTranslate:   27  16:43:57   -12457.213710       0.7640     --------   -32.438344          3
MinModeTranslate:   27  16:43:57   -12457.213710       0.7640     0.036092   -32.438344          3
MinModeTranslate:   28  16:43:57   -12457.236819       0.9488     --------   -30.630862          3
MinModeTranslate:   28  16:43:57   -12457.236819       0.9488     0.040506   -30.630862          3
MinModeTranslate:   29  16:43:57   -12457.254185       0.5642     --------   -30.725078          3
MinModeTranslate:   29  16:43:57   -12457.254185       0.5642     0.021476   -30.725078          3
MinModeTranslate:   30  16:43:57   -12457.261822       0.3724     --------   -31.052721          3
MinModeTranslate:   30  16:43:57   -12457.261822       0.3724     0.052038   -31.052721          3
MinModeTranslate:   31  16:43:57   -12457.277581       0.5838     --------   -29.797364          3
MinModeTranslate:   31  16:43:57   -12457.277581       0.5838     0.051025   -29.797364          3
MinModeTranslate:   32  16:43:57   -12457.291104       0.6704     --------   -29.302382          3
MinModeTranslate:   32  16:43:57   -12457.291104       0.6704     0.067683   -29.302382          3
MinModeTranslate:   33  16:43:57   -12457.306003       0.5346     --------   -30.190084          3
MinModeTranslate:   33  16:43:57   -12457.306003       0.5346     0.087078   -30.190084          3
MinModeTranslate:   34  16:43:57   -12457.325097       0.4376     --------   -31.606542          3
MinModeTranslate:   34  16:43:57   -12457.325097       0.4376     0.041582   -31.606542          3
MinModeTranslate:   35  16:43:57   -12457.332607       0.4988     --------   -31.483960          3
MinModeTranslate:   35  16:43:57   -12457.332607       0.4988     0.031903   -31.483960          3
MinModeTranslate:   36  16:43:58   -12457.337244       0.2114     --------   -31.267834          3
MinModeTranslate:   36  16:43:58   -12457.337244       0.2114     0.022872   -31.267834          3
MinModeTranslate:   37  16:43:58   -12457.340633       0.2196     --------   -30.991168          3
MinModeTranslate:   37  16:43:58   -12457.340633       0.2196     0.032207   -30.991168          3
MinModeTranslate:   38  16:43:58   -12457.345126       0.2540     --------   -30.677632          3
MinModeTranslate:   38  16:43:58   -12457.345126       0.2540     0.047988   -30.677632          3
MinModeTranslate:   39  16:43:58   -12457.350815       0.4941     --------   -30.405038          3
MinModeTranslate:   39  16:43:58   -12457.350815       0.4941     0.064225   -30.405038          3
MinModeTranslate:   40  16:43:58   -12457.357590       0.2820     --------   -30.206700          3
MinModeTranslate:   40  16:43:58   -12457.357590       0.2820     0.098034   -30.206700          3
MinModeTranslate:   41  16:43:58   -12457.367203       0.4290     --------   -30.051728          3
MinModeTranslate:   41  16:43:58   -12457.367203       0.4290     0.100000   -30.051728          3
MinModeTranslate:   42  16:43:58   -12457.379301       0.2833     --------   -29.653334          3
MinModeTranslate:   42  16:43:58   -12457.379301       0.2833     0.027341   -29.653334          3
MinModeTranslate:   43  16:43:58   -12457.382278       0.2458     --------   -29.313385          3
MinModeTranslate:   43  16:43:58   -12457.382278       0.2458     0.019743   -29.313385          3
MinModeTranslate:   44  16:43:58   -12457.383810       0.1739     --------   -28.837483          3
MinModeTranslate:   44  16:43:58   -12457.383810       0.1739     0.046282   -28.837483          3
MinModeTranslate:   45  16:43:58   -12457.389654       0.2393     --------   -27.772497          3
MinModeTranslate:   45  16:43:59   -12457.389654       0.2393     0.040418   -27.772497          3
MinModeTranslate:   46  16:43:59   -12457.392668       0.4173     --------   -27.780378          3
MinModeTranslate:   46  16:43:59   -12457.392668       0.4173     0.053601   -27.780378          3
MinModeTranslate:   47  16:43:59   -12457.396042       0.2725     --------   -28.579698          3
MinModeTranslate:   47  16:43:59   -12457.396042       0.2725     0.048479   -28.579698          3
MinModeTranslate:   48  16:43:59   -12457.400222       0.1969     --------   -29.794578          3
MinModeTranslate:   48  16:43:59   -12457.400222       0.1969     0.045126   -29.794578          3
MinModeTranslate:   49  16:43:59   -12457.403484       0.2188     --------   -30.094321          3
MinModeTranslate:   49  16:43:59   -12457.403484       0.2188     0.046116   -30.094321          3
MinModeTranslate:   50  16:43:59   -12457.406009       0.3386     --------   -29.933513          3
MinModeTranslate:   50  16:43:59   -12457.406009       0.3386     0.045355   -29.933513          3
MinModeTranslate:   51  16:43:59   -12457.409192       0.1919     --------   -29.643622          3
MinModeTranslate:   51  16:43:59   -12457.409192       0.1919     0.050898   -29.643622          3
MinModeTranslate:   52  16:43:59   -12457.412554       0.2133     --------   -29.245176          3
MinModeTranslate:   52  16:43:59   -12457.412554       0.2133     0.040530   -29.245176          3
MinModeTranslate:   53  16:43:59   -12457.414260       0.1614     --------   -29.225643          3
MinModeTranslate:   53  16:43:59   -12457.414260       0.1614     0.023954   -29.225643          3
MinModeTranslate:   54  16:43:59   -12457.415552       0.2198     --------   -29.405865          3
MinModeTranslate:   54  16:43:59   -12457.415552       0.2198     0.020577   -29.405865          3
MinModeTranslate:   55  16:44:00   -12457.416921       0.1371     --------   -29.459069          3
MinModeTranslate:   55  16:44:00   -12457.416921       0.1371     0.025313   -29.459069          3
MinModeTranslate:   56  16:44:00   -12457.418367       0.1321     --------   -29.173455          3
MinModeTranslate:   56  16:44:00   -12457.418367       0.1321     0.034630   -29.173455          3
MinModeTranslate:   57  16:44:00   -12457.419864       0.1721     --------   -28.422300          3
MinModeTranslate:   57  16:44:00   -12457.419864       0.1721     0.047154   -28.422300          3
MinModeTranslate:   58  16:44:00   -12457.422730       0.3233     --------   -27.327765          3
MinModeTranslate:   58  16:44:00   -12457.422730       0.3233     0.060784   -27.327765          3
MinModeTranslate:   59  16:44:00   -12457.425837       0.3014     --------   -26.411118          3
MinModeTranslate:   59  16:44:00   -12457.425837       0.3014     0.074437   -26.411118          3
MinModeTranslate:   60  16:44:00   -12457.430094       0.2993     --------   -26.566014          3
MinModeTranslate:   60  16:44:00   -12457.430094       0.2993     0.024055   -26.566014          3
MinModeTranslate:   61  16:44:00   -12457.431867       0.2540     --------   -27.051996          3
MinModeTranslate:   61  16:44:00   -12457.431867       0.2540     0.031919   -27.051996          3
MinModeTranslate:   62  16:44:00   -12457.433678       0.1412     --------   -28.093984          3
MinModeTranslate:   62  16:44:00   -12457.433678       0.1412     0.015742   -28.093984          3
MinModeTranslate:   63  16:44:00   -12457.435012       0.2131     --------   -28.498203          3
MinModeTranslate:   63  16:44:00   -12457.435012       0.2131     0.013411   -28.498203          3
MinModeTranslate:   64  16:44:01   -12457.435874       0.1196     --------   -28.539442          3
MinModeTranslate:   64  16:44:01   -12457.435874       0.1196     0.016803   -28.539442          3
MinModeTranslate:   65  16:44:01   -12457.436709       0.1174     --------   -28.195399          3
MinModeTranslate:   65  16:44:01   -12457.436709       0.1174     0.012001   -28.195399          3
MinModeTranslate:   66  16:44:01   -12457.437436       0.1693     --------   -28.006723          3
MinModeTranslate:   66  16:44:01   -12457.437436       0.1693     0.010546   -28.006723          3
MinModeTranslate:   67  16:44:01   -12457.438061       0.0728     --------   -27.937481          3
MinModeTranslate:   67  16:44:01   -12457.438061       0.0728     0.012457   -27.937481          3
MinModeTranslate:   68  16:44:01   -12457.438485       0.0980     --------   -28.072601          2
MinModeTranslate:   68  16:44:01   -12457.438485       0.0980     0.006973   -28.072601          2
MinModeTranslate:   69  16:44:01   -12457.438728       0.1190     --------   -28.216333          2
MinModeTranslate:   69  16:44:01   -12457.438728       0.1190     0.008262   -28.216333          2
MinModeTranslate:   70  16:44:01   -12457.439073       0.0669     --------   -28.347476          2
MinModeTranslate:   70  16:44:01   -12457.439073       0.0669     0.013537   -28.347476          2
MinModeTranslate:   71  16:44:01   -12457.439547       0.0963     --------   -28.307742          2
MinModeTranslate:   71  16:44:01   -12457.439547       0.0963     0.012384   -28.307742          2
MinModeTranslate:   72  16:44:01   -12457.439870       0.1170     --------   -28.268523          2
MinModeTranslate:   72  16:44:01   -12457.439870       0.1170     0.018014   -28.268523          2
MinModeTranslate:   73  16:44:01   -12457.440382       0.1039     --------   -28.170912          2
MinModeTranslate:   73  16:44:01   -12457.440382       0.1039     0.025793   -28.170912          2
MinModeTranslate:   74  16:44:01   -12457.441250       0.0924     --------   -27.918955          3
MinModeTranslate:   74  16:44:02   -12457.441250       0.0924     0.010967   -27.918955          3
MinModeTranslate:   75  16:44:02   -12457.441497       0.1243     --------   -27.986032          2
MinModeTranslate:   75  16:44:02   -12457.441497       0.1243     0.032017   -27.986032          2
MinModeTranslate:   76  16:44:02   -12457.442283       0.1164     --------   -28.484911          3
MinModeTranslate:   76  16:44:02   -12457.442283       0.1164     0.030980   -28.484911          3
MinModeTranslate:   77  16:44:02   -12457.443335       0.1165     --------   -28.637406          3
MinModeTranslate:   77  16:44:02   -12457.443335       0.1165     0.024445   -28.637406          3
MinModeTranslate:   78  16:44:02   -12457.443875       0.1824     --------   -28.483401          3
MinModeTranslate:   78  16:44:02   -12457.443875       0.1824     0.051585   -28.483401          3
MinModeTranslate:   79  16:44:02   -12457.444959       0.1047     --------   -28.001075          3
MinModeTranslate:   79  16:44:02   -12457.444959       0.1047     0.040532   -28.001075          3
MinModeTranslate:   80  16:44:02   -12457.446046       0.1105     --------   -27.758628          3
MinModeTranslate:   80  16:44:02   -12457.446046       0.1105     0.035248   -27.758628          3
MinModeTranslate:   81  16:44:02   -12457.446852       0.2162     --------   -27.786476          3
MinModeTranslate:   81  16:44:02   -12457.446852       0.2162     0.095297   -27.786476          3
MinModeTranslate:   82  16:44:02   -12457.448577       0.1508     --------   -28.110898          3
MinModeTranslate:   82  16:44:02   -12457.448577       0.1508     0.100000   -28.110898          3
MinModeTranslate:   83  16:44:03   -12457.450573       0.2084     --------   -28.377734          3
MinModeTranslate:   83  16:44:03   -12457.450573       0.2084     0.026767   -28.377734          3
MinModeTranslate:   84  16:44:03   -12457.451793       0.2289     --------   -28.383817          3
MinModeTranslate:   84  16:44:03   -12457.451793       0.2289     0.039049   -28.383817          3
MinModeTranslate:   85  16:44:03   -12457.453226       0.1435     --------   -28.231657          3
MinModeTranslate:   85  16:44:03   -12457.453226       0.1435     0.034260   -28.231657          3
MinModeTranslate:   86  16:44:03   -12457.454580       0.0891     --------   -27.895688          3
MinModeTranslate:   86  16:44:03   -12457.454580       0.0891     0.020818   -27.895688          3
MinModeTranslate:   87  16:44:03   -12457.455367       0.2033     --------   -27.777519          3
MinModeTranslate:   87  16:44:03   -12457.455367       0.2033     0.030112   -27.777519          3
MinModeTranslate:   88  16:44:03   -12457.456470       0.1340     --------   -27.702694          3
MinModeTranslate:   88  16:44:03   -12457.456470       0.1340     0.034902   -27.702694          3
MinModeTranslate:   89  16:44:03   -12457.457735       0.1272     --------   -27.647307          3
MinModeTranslate:   89  16:44:03   -12457.457735       0.1272     0.054929   -27.647307          3
MinModeTranslate:   90  16:44:03   -12457.459763       0.2513     --------   -27.594417          3
MinModeTranslate:   90  16:44:03   -12457.459763       0.2513     0.043480   -27.594417          3
MinModeTranslate:   91  16:44:04   -12457.461324       0.2107     --------   -27.546050          3
MinModeTranslate:   91  16:44:04   -12457.461324       0.2107     0.055069   -27.546050          3
MinModeTranslate:   92  16:44:04   -12457.463130       0.1099     --------   -27.457680          3
MinModeTranslate:   92  16:44:04   -12457.463130       0.1099     0.031155   -27.457680          3
MinModeTranslate:   93  16:44:04   -12457.464285       0.1925     --------   -27.370463          3
MinModeTranslate:   93  16:44:04   -12457.464285       0.1925     0.024489   -27.370463          3
MinModeTranslate:   94  16:44:04   -12457.465202       0.1504     --------   -27.242937          3
MinModeTranslate:   94  16:44:04   -12457.465202       0.1504     0.020832   -27.242937          3
MinModeTranslate:   95  16:44:04   -12457.465873       0.0913     --------   -27.203874          3
MinModeTranslate:   95  16:44:04   -12457.465873       0.0913     0.021369   -27.203874          3
MinModeTranslate:   96  16:44:04   -12457.466591       0.1305     --------   -27.481386          3
MinModeTranslate:   96  16:44:04   -12457.466591       0.1305     0.019150   -27.481386          3
MinModeTranslate:   97  16:44:04   -12457.467236       0.1425     --------   -27.650461          3
MinModeTranslate:   97  16:44:04   -12457.467236       0.1425     0.020515   -27.650461          3
MinModeTranslate:   98  16:44:04   -12457.467866       0.0937     --------   -27.667408          2
MinModeTranslate:   98  16:44:04   -12457.467866       0.0937     0.032055   -27.667408          2
MinModeTranslate:   99  16:44:05   -12457.468813       0.2120     --------   -27.587236          2
MinModeTranslate:   99  16:44:05   -12457.468813       0.2120     0.027334   -27.587236          2
MinModeTranslate:  100  16:44:05   -12457.469678       0.1020     --------   -27.495340          2
MinModeTranslate:  100  16:44:05   -12457.469678       0.1020     0.035073   -27.495340          2
MinModeTranslate:  101  16:44:05   -12457.470612       0.1703     --------   -27.413068          3
MinModeTranslate:  101  16:44:05   -12457.470612       0.1703     0.042914   -27.413068          3
MinModeTranslate:  102  16:44:05   -12457.471732       0.1742     --------   -27.566371          3
MinModeTranslate:  102  16:44:05   -12457.471732       0.1742     0.021488   -27.566371          3
MinModeTranslate:  103  16:44:05   -12457.472415       0.1121     --------   -27.646760          3
MinModeTranslate:  103  16:44:05   -12457.472415       0.1121     0.040207   -27.646760          3
MinModeTranslate:  104  16:44:05   -12457.473480       0.1503     --------   -27.625470          3
MinModeTranslate:  104  16:44:05   -12457.473480       0.1503     0.026919   -27.625470          3
MinModeTranslate:  105  16:44:05   -12457.474172       0.1946     --------   -27.529332          3
MinModeTranslate:  105  16:44:05   -12457.474172       0.1946     0.025715   -27.529332          3
MinModeTranslate:  106  16:44:05   -12457.474878       0.0857     --------   -27.408198          3
MinModeTranslate:  106  16:44:05   -12457.474878       0.0857     0.058007   -27.408198          3
MinModeTranslate:  107  16:44:05   -12457.476277       0.1885     --------   -27.108988          3
MinModeTranslate:  107  16:44:06   -12457.476277       0.1885     0.060092   -27.108988          3
MinModeTranslate:  108  16:44:06   -12457.477742       0.1587     --------   -27.165011          3
MinModeTranslate:  108  16:44:06   -12457.477742       0.1587     0.034747   -27.165011          3
MinModeTranslate:  109  16:44:06   -12457.478638       0.1504     --------   -27.354424          3
MinModeTranslate:  109  16:44:06   -12457.478638       0.1504     0.075226   -27.354424          3
MinModeTranslate:  110  16:44:06   -12457.480491       0.1693     --------   -27.831338          3
MinModeTranslate:  110  16:44:06   -12457.480491       0.1693     0.085843   -27.831338          3
MinModeTranslate:  111  16:44:06   -12457.483094       0.1714     --------   -28.299922          3
MinModeTranslate:  111  16:44:06   -12457.483094       0.1714     0.069893   -28.299922          3
MinModeTranslate:  112  16:44:06   -12457.484838       0.3393     --------   -28.018500          3
MinModeTranslate:  112  16:44:06   -12457.484838       0.3393     0.094147   -28.018500          3
MinModeTranslate:  113  16:44:06   -12457.487638       0.1398     --------   -27.598887          3
MinModeTranslate:  113  16:44:06   -12457.487638       0.1398     0.037189   -27.598887          3
MinModeTranslate:  114  16:44:06   -12457.488860       0.1487     --------   -27.871733          3
MinModeTranslate:  114  16:44:06   -12457.488860       0.1487     0.036955   -27.871733          3
MinModeTranslate:  115  16:44:06   -12457.489863       0.1974     --------   -28.214423          3
MinModeTranslate:  115  16:44:06   -12457.489863       0.1974     0.030592   -28.214423          3
MinModeTranslate:  116  16:44:07   -12457.490888       0.1471     --------   -28.382484          3
MinModeTranslate:  116  16:44:07   -12457.490888       0.1471     0.048527   -28.382484          3
MinModeTranslate:  117  16:44:07   -12457.492445       0.1664     --------   -28.424077          3
MinModeTranslate:  117  16:44:07   -12457.492445       0.1664     0.046824   -28.424077          3
MinModeTranslate:  118  16:44:07   -12457.493650       0.1679     --------   -28.296669          3
MinModeTranslate:  118  16:44:07   -12457.493650       0.1679     0.030553   -28.296669          3
MinModeTranslate:  119  16:44:07   -12457.494537       0.1946     --------   -28.124291          3
MinModeTranslate:  119  16:44:07   -12457.494537       0.1946     0.038864   -28.124291          3
MinModeTranslate:  120  16:44:07   -12457.495745       0.1330     --------   -27.982782          3
MinModeTranslate:  120  16:44:07   -12457.495745       0.1330     0.037917   -27.982782          3
MinModeTranslate:  121  16:44:07   -12457.496691       0.1208     --------   -28.215410          3
MinModeTranslate:  121  16:44:07   -12457.496691       0.1208     0.026732   -28.215410          3
MinModeTranslate:  122  16:44:07   -12457.497367       0.1148     --------   -28.423891          3
MinModeTranslate:  122  16:44:07   -12457.497367       0.1148     0.023906   -28.423891          3
MinModeTranslate:  123  16:44:07   -12457.498054       0.1342     --------   -28.535017          3
MinModeTranslate:  123  16:44:07   -12457.498054       0.1342     0.025431   -28.535017          3
MinModeTranslate:  124  16:44:07   -12457.498759       0.0688     --------   -28.540483          3
MinModeTranslate:  124  16:44:07   -12457.498759       0.0688     0.031330   -28.540483          3
MinModeTranslate:  125  16:44:08   -12457.499448       0.1104     --------   -28.437435          3
MinModeTranslate:  125  16:44:08   -12457.499448       0.1104     0.025919   -28.437435          3
MinModeTranslate:  126  16:44:08   -12457.500168       0.1179     --------   -28.488023          3
MinModeTranslate:  126  16:44:08   -12457.500168       0.1179     0.014167   -28.488023          3
MinModeTranslate:  127  16:44:08   -12457.500513       0.0695     --------   -28.588573          3
MinModeTranslate:  127  16:44:08   -12457.500513       0.0695     0.020843   -28.588573          3
MinModeTranslate:  128  16:44:08   -12457.500901       0.0894     --------   -28.782165          3
MinModeTranslate:  128  16:44:08   -12457.500901       0.0894     0.019738   -28.782165          3
MinModeTranslate:  129  16:44:08   -12457.501422       0.0803     --------   -28.981923          3
MinModeTranslate:  129  16:44:08   -12457.501422       0.0803     0.010846   -28.981923          3
MinModeTranslate:  130  16:44:08   -12457.501644       0.1016     --------   -29.020926          2
MinModeTranslate:  130  16:44:08   -12457.501644       0.1016     0.037050   -29.020926          2
MinModeTranslate:  131  16:44:08   -12457.502351       0.1034     --------   -29.023744          3
MinModeTranslate:  131  16:44:08   -12457.502351       0.1034     0.019126   -29.023744          3
MinModeTranslate:  132  16:44:08   -12457.502769       0.0793     --------   -29.098458          3
MinModeTranslate:  132  16:44:08   -12457.502769       0.0793     0.020307   -29.098458          3
MinModeTranslate:  133  16:44:08   -12457.503139       0.1121     --------   -29.224357          3
MinModeTranslate:  133  16:44:08   -12457.503139       0.1121     0.014663   -29.224357          3
MinModeTranslate:  134  16:44:08   -12457.503388       0.0702     --------   -29.331541          2
MinModeTranslate:  134  16:44:08   -12457.503388       0.0702     0.020697   -29.331541          2
MinModeTranslate:  135  16:44:08   -12457.503802       0.0804     --------   -29.436403          2
MinModeTranslate:  135  16:44:09   -12457.503802       0.0804     0.027077   -29.436403          2
MinModeTranslate:  136  16:44:09   -12457.504304       0.1412     --------   -29.519737          3
MinModeTranslate:  136  16:44:09   -12457.504304       0.1412     0.025046   -29.519737          3
MinModeTranslate:  137  16:44:09   -12457.504678       0.1510     --------   -29.523449          3
MinModeTranslate:  137  16:44:09   -12457.504678       0.1510     0.092228   -29.523449          3
MinModeTranslate:  138  16:44:09   -12457.506441       0.2056     --------   -29.165989          3
MinModeTranslate:  138  16:44:09   -12457.506441       0.2056     0.100000   -29.165989          3
MinModeTranslate:  139  16:44:09   -12457.509299       0.1617     --------   -28.961436          3
MinModeTranslate:  139  16:44:09   -12457.509299       0.1617     0.088300   -28.961436          3
MinModeTranslate:  140  16:44:09   -12457.511402       0.3468     --------   -29.299713          3
MinModeTranslate:  140  16:44:09   -12457.511402       0.3468     0.100000   -29.299713          3
MinModeTranslate:  141  16:44:09   -12457.513774       0.3694     --------   -29.656334          3
MinModeTranslate:  141  16:44:09   -12457.513774       0.3694     0.056199   -29.656334          3
MinModeTranslate:  142  16:44:09   -12457.517683       0.4508     --------   -29.706844          3
MinModeTranslate:  142  16:44:09   -12457.517683       0.4508     0.100000   -29.706844          3
MinModeTranslate:  143  16:44:09   -12457.522440       0.2922     --------   -29.666723          3
MinModeTranslate:  143  16:44:09   -12457.522440       0.2922     0.051800   -29.666723          3
MinModeTranslate:  144  16:44:10   -12457.525738       0.4372     --------   -29.503256          3
MinModeTranslate:  144  16:44:10   -12457.525738       0.4372     0.089292   -29.503256          3
MinModeTranslate:  145  16:44:10   -12457.531569       0.3076     --------   -28.811780          3
MinModeTranslate:  145  16:44:10   -12457.531569       0.3076     0.071709   -28.811780          3
MinModeTranslate:  146  16:44:10   -12457.536400       0.5224     --------   -28.102364          3
MinModeTranslate:  146  16:44:10   -12457.536400       0.5224     0.060258   -28.102364          3
MinModeTranslate:  147  16:44:10   -12457.540340       0.3077     --------   -27.802168          3
MinModeTranslate:  147  16:44:10   -12457.540340       0.3077     0.083205   -27.802168          3
MinModeTranslate:  148  16:44:10   -12457.545449       0.3904     --------   -28.201043          3
MinModeTranslate:  148  16:44:10   -12457.545449       0.3904     0.036543   -28.201043          3
MinModeTranslate:  149  16:44:10   -12457.547932       0.2432     --------   -28.374766          3
MinModeTranslate:  149  16:44:10   -12457.547932       0.2432     0.028758   -28.374766          3
MinModeTranslate:  150  16:44:10   -12457.549832       0.1895     --------   -28.317870          3
MinModeTranslate:  150  16:44:10   -12457.549832       0.1895     0.020089   -28.317870          3
MinModeTranslate:  151  16:44:10   -12457.550989       0.1977     --------   -28.102848          3
MinModeTranslate:  151  16:44:10   -12457.550989       0.1977     0.013620   -28.102848          3
MinModeTranslate:  152  16:44:11   -12457.551735       0.1275     --------   -27.938968          3
MinModeTranslate:  152  16:44:11   -12457.551735       0.1275     0.026227   -27.938968          3
MinModeTranslate:  153  16:44:11   -12457.553104       0.1537     --------   -27.753908          3
MinModeTranslate:  153  16:44:11   -12457.553104       0.1537     0.023028   -27.753908          3
MinModeTranslate:  154  16:44:11   -12457.554272       0.2445     --------   -27.788430          3
MinModeTranslate:  154  16:44:11   -12457.554272       0.2445     0.030009   -27.788430          3
MinModeTranslate:  155  16:44:11   -12457.555711       0.1355     --------   -27.904809          3
MinModeTranslate:  155  16:44:11   -12457.555711       0.1355     0.033001   -27.904809          3
MinModeTranslate:  156  16:44:11   -12457.557248       0.2287     --------   -27.928322          3
MinModeTranslate:  156  16:44:11   -12457.557248       0.2287     0.027988   -27.928322          3
MinModeTranslate:  157  16:44:11   -12457.558536       0.1847     --------   -27.917191          3
MinModeTranslate:  157  16:44:11   -12457.558536       0.1847     0.030968   -27.917191          3
MinModeTranslate:  158  16:44:11   -12457.559933       0.1403     --------   -27.914606          3
MinModeTranslate:  158  16:44:11   -12457.559933       0.1403     0.041586   -27.914606          3
MinModeTranslate:  159  16:44:11   -12457.561662       0.2402     --------   -27.848970          3
MinModeTranslate:  159  16:44:11   -12457.561662       0.2402     0.027725   -27.848970          3
MinModeTranslate:  160  16:44:11   -12457.562795       0.1571     --------   -27.764751          3
