MinModeTranslate: STEP      TIME          ENERGY    MAX-FORCE     STEPSIZE    CURVATURE  ROT-STEPS
MinModeTranslate:    0  15:45:30    -9341.021517      17.7901     --------   -32.384153          3
MinModeTranslate:    0  15:45:30    -9341.021517      17.7901     0.100000   -32.384153          3
MinModeTranslate:    1  15:45:30    -9341.696007       9.3114     --------   -17.369288          3
MinModeTranslate:    1  15:45:30    -9341.696007       9.3114     0.100000   -17.369288          3
MinModeTranslate:    2  15:45:30    -9341.920781       6.8630     --------   -15.499339          3
MinModeTranslate:    2  15:45:30    -9341.920781       6.8630     0.100000   -15.499339          3
MinModeTranslate:    3  15:45:30    -9341.946955       5.9924     --------    -7.427978          3
MinModeTranslate:    3  15:45:30    -9341.946955       5.9924     0.100000    -7.427978          3
MinModeTranslate:    4  15:45:30    -9341.831328       4.0912     --------    -1.334734          3
MinModeTranslate:    4  15:45:30    -9341.831328       4.0912     0.100000    -1.334734          3
MinModeTranslate:    5  15:45:30    -9341.700641       3.9642     --------    -0.125621          3
MinModeTranslate:    5  15:45:30    -9341.700641       3.9642     0.100000    -0.125621          3
MinModeTranslate:    6  15:45:30    -9341.680229       3.7179     --------    -1.522502          3
MinModeTranslate:    6  15:45:30    -9341.680229       3.7179     0.100000    -1.522502          3
MinModeTranslate:    7  15:45:30    -9341.633952       3.3974     --------    -1.524936          3
MinModeTranslate:    7  15:45:30    -9341.633952       3.3974     0.100000    -1.524936          3
MinModeTranslate:    8  15:45:31    -9341.556190       3.0298     --------    -2.097530          3
MinModeTranslate:    8  15:45:31    -9341.556190       3.0298     0.100000    -2.097530          3
MinModeTranslate:    9  15:45:31    -9341.415989       2.8135     --------    -1.932422          3
MinModeTranslate:    9  15:45:31    -9341.415989       2.8135     0.100000    -1.932422          3
MinModeTranslate:   10  15:45:31    -9341.231869       2.3590     --------    -2.460890          3
MinModeTranslate:   10  15:45:31    -9341.231869       2.3590     0.100000    -2.460890          3
MinModeTranslate:   11  15:45:31    -9341.013472       2.4302     --------    -5.112248          3
MinModeTranslate:   11  15:45:31    -9341.013472       2.4302     0.100000    -5.112248          3
MinModeTranslate:   12  15:45:31    -9340.805554       2.4119     --------    -8.001798          3
MinModeTranslate:   12  15:45:31    -9340.805554       2.4119     0.100000    -8.001798          3
MinModeTranslate:   13  15:45:31    -9340.615683       2.2649     --------    -9.468619          3
MinModeTranslate:   13  15:45:31    -9340.615683       2.2649     0.100000    -9.468619          3
MinModeTranslate:   14  15:45:31    -9340.458209       1.9572     --------    -8.465637          3
MinModeTranslate:   14  15:45:31    -9340.458209       1.9572     0.100000    -8.465637          3
MinModeTranslate:   15  15:45:31    -9340.311170       1.8012     --------    -5.174597          3
MinModeTranslate:   15  15:45:31    -9340.311170       1.8012     0.100000    -5.174597          3
MinModeTranslate:   16  15:45:31    -9340.204609       0.9257     --------    -5.196001          3
MinModeTranslate:   16  15:45:31    -9340.204609       0.9257     0.100000    -5.196001          3
MinModeTranslate:   17  15:45:31    -9340.098824       1.8111     --------    -2.231724          3
MinModeTranslate:   17  15:45:31    -9340.098824       1.8111     0.100000    -2.231724          3
MinModeTranslate:   18  15:45:32    -9340.056029       0.5164     --------     0.100375          3
MinModeTranslate:   18  15:45:32    -9340.056029       0.5164     0.100000     0.100375          3
MinModeTranslate:   19  15:45:32    -9339.982123       0.5094     --------     1.384833          3
MinModeTranslate:   19  15:45:32    -9339.982123       0.5094     0.100000     1.384833          3
MinModeTranslate:   20  15:45:32    -9339.910268       0.4866     --------     0.458895          3
MinModeTranslate:   20  15:45:32    -9339.910268       0.4866     0.100000     0.458895          3
MinModeTranslate:   21  15:45:32    -9339.848189       1.4117     --------    -1.324455          3
MinModeTranslate:   21  15:45:32    -9339.848189       1.4117     0.100000    -1.324455          3
MinModeTranslate:   22  15:45:32    -9339.838563       1.2391     --------    -4.397947          3
MinModeTranslate:   22  15:45:32    -9339.838563       1.2391     0.100000    -4.397947          3
MinModeTranslate:   23  15:45:32    -9339.921868       1.4259     --------   -11.086887          3
MinModeTranslate:   23  15:45:32    -9339.921868       1.4259     0.052671   -11.086887          3
MinModeTranslate:   24  15:45:32    -9339.993981       1.2265     --------   -14.966075          3
MinModeTranslate:   24  15:45:32    -9339.993981       1.2265     0.100000   -14.966075          3
MinModeTranslate:   25  15:45:32    -9339.993964       0.8188     --------   -10.110646          3
MinModeTranslate:   25  15:45:32    -9339.993964       0.8188     0.039253   -10.110646          3
MinModeTranslate:   26  15:45:32    -9339.992769       1.4125     --------    -7.607856          3
MinModeTranslate:   26  15:45:32    -9339.992769       1.4125     0.100000    -7.607856          3
MinModeTranslate:   27  15:45:32    -9339.996987       1.1047     --------    -3.480895          3
MinModeTranslate:   27  15:45:32    -9339.996987       1.1047     0.029435    -3.480895          3
MinModeTranslate:   28  15:45:32    -9340.016858       1.1339     --------    -4.563797          3
MinModeTranslate:   28  15:45:32    -9340.016858       1.1339     0.046269    -4.563797          3
MinModeTranslate:   29  15:45:33    -9340.044430       0.5388     --------    -4.946579          3
MinModeTranslate:   29  15:45:33    -9340.044430       0.5388     0.068519    -4.946579          3
MinModeTranslate:   30  15:45:33    -9340.068835       0.9155     --------    -7.032317          3
MinModeTranslate:   30  15:45:33    -9340.068835       0.9155     0.073271    -7.032317          3
MinModeTranslate:   31  15:45:33    -9340.090440       1.1897     --------   -12.043274          3
MinModeTranslate:   31  15:45:33    -9340.090440       1.1897     0.100000   -12.043274          3
MinModeTranslate:   32  15:45:33    -9340.146976       0.9002     --------   -26.225021          3
MinModeTranslate:   32  15:45:33    -9340.146976       0.9002     0.048663   -26.225021          3
MinModeTranslate:   33  15:45:33    -9340.175068       1.1334     --------   -25.989993          3
MinModeTranslate:   33  15:45:33    -9340.175068       1.1334     0.100000   -25.989993          3
MinModeTranslate:   34  15:45:33    -9340.211103       1.1925     --------   -20.557980          3
MinModeTranslate:   34  15:45:33    -9340.211103       1.1925     0.100000   -20.557980          3
MinModeTranslate:   35  15:45:33    -9340.258478       1.1821     --------   -15.514311          3
MinModeTranslate:   35  15:45:33    -9340.258478       1.1821     0.039529   -15.514311          3
MinModeTranslate:   36  15:45:33    -9340.284533       1.1307     --------   -13.015460          3
MinModeTranslate:   36  15:45:33    -9340.284533       1.1307     0.054513   -13.015460          3
MinModeTranslate:   37  15:45:33    -9340.292167       1.0478     --------    -4.911300          3
MinModeTranslate:   37  15:45:33    -9340.292167       1.0478     0.100000    -4.911300          3
MinModeTranslate:   38  15:45:33    -9340.303217       1.5616     --------    -0.115102          3
MinModeTranslate:   38  15:45:33    -9340.303217       1.5616     0.100000    -0.115102          3
MinModeTranslate:   39  15:45:33    -9340.321228       1.9947     --------    -2.279623          3
MinModeTranslate:   39  15:45:33    -9340.321228       1.9947     0.054411    -2.279623          3
MinModeTranslate:   40  15:45:33    -9340.383437       1.0832     --------    -2.767084          3
MinModeTranslate:   40  15:45:33    -9340.383437       1.0832     0.100000    -2.767084          3
MinModeTranslate:   41  15:45:34    -9340.503732       1.4199     --------    -5.024673          3
MinModeTranslate:   41  15:45:34    -9340.503732       1.4199     0.100000    -5.024673          3
MinModeTranslate:   42  15:45:34    -9340.675412       2.1126     --------   -35.000327          3
MinModeTranslate:   42  15:45:34    -9340.675412       2.1126     0.100000   -35.000327          3
MinModeTranslate:   43  15:45:34    -9340.897053       2.9788     --------   -37.905404          3
MinModeTranslate:   43  15:45:34    -9340.897053       2.9788     0.100000   -37.905404          3
MinModeTranslate:   44  15:45:34    -9341.031554       2.7385     --------   -13.995769          3
MinModeTranslate:   44  15:45:34    -9341.031554       2.7385     0.100000   -13.995769          3
MinModeTranslate:   45  15:45:34    -9340.835836       3.6562     --------    -1.606799          3
MinModeTranslate:   45  15:45:34    -9340.835836       3.6562     0.008755    -1.606799          3
MinModeTranslate:   46  15:45:34    -9340.813639       3.8964     --------    -3.612432          3
MinModeTranslate:   46  15:45:34    -9340.813639       3.8964     0.068019    -3.612432          3
MinModeTranslate:   47  15:45:34    -9340.868095       2.2642     --------    -5.595641          3
MinModeTranslate:   47  15:45:34    -9340.868095       2.2642     0.100000    -5.595641          3
MinModeTranslate:   48  15:45:34    -9340.733521       1.5595     --------    -8.609555          3
MinModeTranslate:   48  15:45:34    -9340.733521       1.5595     0.096110    -8.609555          3
MinModeTranslate:   49  15:45:34    -9340.536791       2.3872     --------    -4.344552          3
MinModeTranslate:   49  15:45:34    -9340.536791       2.3872     0.100000    -4.344552          3
MinModeTranslate:   50  15:45:34    -9340.318976       3.7713     --------    -4.247085          3
MinModeTranslate:   50  15:45:34    -9340.318976       3.7713     0.090121    -4.247085          3
MinModeTranslate:   51  15:45:34    -9340.354743       1.7783     --------    -3.573737          3
MinModeTranslate:   51  15:45:34    -9340.354743       1.7783     0.073065    -3.573737          3
MinModeTranslate:   52  15:45:34    -9340.303103       1.2525     --------    -3.483304          3
MinModeTranslate:   52  15:45:35    -9340.303103       1.2525     0.098952    -3.483304          3
MinModeTranslate:   53  15:45:35    -9340.258393       1.7616     --------    -3.182980          3
MinModeTranslate:   53  15:45:35    -9340.258393       1.7616     0.100000    -3.182980          3
MinModeTranslate:   54  15:45:35    -9340.250185       1.1933     --------    -1.638242          3
MinModeTranslate:   54  15:45:35    -9340.250185       1.1933     0.017054    -1.638242          3
MinModeTranslate:   55  15:45:35    -9340.264931       0.3523     --------    -1.658186          3
MinModeTranslate:   55  15:45:35    -9340.264931       0.3523     0.012335    -1.658186          3
MinModeTranslate:   56  15:45:35    -9340.264969       0.4348     --------    -1.646796          3
MinModeTranslate:   56  15:45:35    -9340.264969       0.4348     0.053512    -1.646796          3
MinModeTranslate:   57  15:45:35    -9340.258386       0.5841     --------    -1.463953          3
MinModeTranslate:   57  15:45:35    -9340.258386       0.5841     0.067393    -1.463953          3
MinModeTranslate:   58  15:45:35    -9340.253880       0.5430     --------    -0.502056          3
MinModeTranslate:   58  15:45:35    -9340.253880       0.5430     0.059107    -0.502056          3
MinModeTranslate:   59  15:45:35    -9340.250109       0.3762     --------    -0.231075          3
MinModeTranslate:   59  15:45:35    -9340.250109       0.3762     0.076651    -0.231075          3
MinModeTranslate:   60  15:45:35    -9340.243388       0.7679     --------    -0.499356          3
MinModeTranslate:   60  15:45:35    -9340.243388       0.7679     0.100000    -0.499356          3
MinModeTranslate:   61  15:45:35    -9340.240794       0.7777     --------    -1.781698          3
MinModeTranslate:   61  15:45:35    -9340.240794       0.7777     0.100000    -1.781698          3
MinModeTranslate:   62  15:45:35    -9340.283737       1.1824     --------    -5.413471          3
MinModeTranslate:   62  15:45:35    -9340.283737       1.1824     0.030379    -5.413471          3
MinModeTranslate:   63  15:45:35    -9340.253920       1.4031     --------    -7.168493          3
MinModeTranslate:   63  15:45:35    -9340.253920       1.4031     0.025434    -7.168493          3
MinModeTranslate:   64  15:45:36    -9340.274055       1.3505     --------   -10.325093          3
MinModeTranslate:   64  15:45:36    -9340.274055       1.3505     0.100000   -10.325093          3
MinModeTranslate:   65  15:45:36    -9340.298556       1.1715     --------   -15.823592          3
MinModeTranslate:   65  15:45:36    -9340.298556       1.1715     0.070607   -15.823592          3
MinModeTranslate:   66  15:45:36    -9340.294869       1.1815     --------   -13.800387          3
MinModeTranslate:   66  15:45:36    -9340.294869       1.1815     0.059580   -13.800387          3
MinModeTranslate:   67  15:45:36    -9340.285934       1.0488     --------    -9.154241          3
MinModeTranslate:   67  15:45:36    -9340.285934       1.0488     0.080114    -9.154241          3
MinModeTranslate:   68  15:45:36    -9340.298320       0.6590     --------    -1.884406          3
MinModeTranslate:   68  15:45:36    -9340.298320       0.6590     0.100000    -1.884406          3
MinModeTranslate:   69  15:45:36    -9340.308778       0.1885     --------     2.094332          3
MinModeTranslate:   69  15:45:36    -9340.308778       0.1885     0.100000     2.094332          3
MinModeTranslate:   70  15:45:36    -9340.267481       0.1679     --------     2.171082          3
MinModeTranslate:   70  15:45:36    -9340.267481       0.1679     0.100000     2.171082          3
MinModeTranslate:   71  15:45:36    -9340.222544       0.0286     --------     1.108844          3
MinModeTranslate:   71  15:45:36    -9340.222544       0.0286     0.100000     1.108844          3
MinModeTranslate:   72  15:45:36    -9340.208481       0.0496     --------     0.717443          3
MinModeTranslate:   72  15:45:36    -9340.208481       0.0496     0.100000     0.717443          3
MinModeTranslate:   73  15:45:36    -9340.134421       0.0961     --------     0.252726          3
MinModeTranslate:   73  15:45:36    -9340.134421       0.0961     0.100000     0.252726          3
MinModeTranslate:   74  15:45:36    -9339.902574       3.8757     --------    -0.951915          3
MinModeTranslate:   74  15:45:36    -9339.902574       3.8757     0.100000    -0.951915          3
MinModeTranslate:   75  15:45:36    -9339.572302       5.0377     --------    -3.211598          3
MinModeTranslate:   75  15:45:36    -9339.572302       5.0377     0.100000    -3.211598          3
MinModeTranslate:   76  15:45:36    -9339.223587       5.3718     --------    -6.042227          3
MinModeTranslate:   76  15:45:37    -9339.223587       5.3718     0.060652    -6.042227          3
MinModeTranslate:   77  15:45:37    -9339.268315       3.1820     --------    -6.104958          3
MinModeTranslate:   77  15:45:37    -9339.268315       3.1820     0.100000    -6.104958          3
MinModeTranslate:   78  15:45:37    -9339.557206       4.0996     --------    -4.492589          3
MinModeTranslate:   78  15:45:37    -9339.557206       4.0996     0.100000    -4.492589          3
MinModeTranslate:   79  15:45:37    -9339.834348       2.4309     --------    -4.174031          3
MinModeTranslate:   79  15:45:37    -9339.834348       2.4309     0.048565    -4.174031          3
MinModeTranslate:   80  15:45:37    -9339.945219       1.5260     --------    -3.764046          3
MinModeTranslate:   80  15:45:37    -9339.945219       1.5260     0.096938    -3.764046          3
MinModeTranslate:   81  15:45:37    -9340.012066       2.0619     --------    -3.529356          3
MinModeTranslate:   81  15:45:37    -9340.012066       2.0619     0.100000    -3.529356          3
MinModeTranslate:   82  15:45:37    -9340.058468       1.8496     --------    -2.672871          3
MinModeTranslate:   82  15:45:37    -9340.058468       1.8496     0.048340    -2.672871          3
MinModeTranslate:   83  15:45:37    -9340.096368       0.7498     --------    -2.146479          3
MinModeTranslate:   83  15:45:37    -9340.096368       0.7498     0.053158    -2.146479          3
MinModeTranslate:   84  15:45:37    -9340.084796       1.1110     --------    -2.787084          3
MinModeTranslate:   84  15:45:37    -9340.084796       1.1110     0.100000    -2.787084          3
MinModeTranslate:   85  15:45:37    -9340.073823       1.2735     --------    -2.618152          3
MinModeTranslate:   85  15:45:37    -9340.073823       1.2735     0.070207    -2.618152          3
MinModeTranslate:   86  15:45:37    -9340.095476       1.0170     --------    -2.379949          3
MinModeTranslate:   86  15:45:37    -9340.095476       1.0170     0.074738    -2.379949          3
MinModeTranslate:   87  15:45:37    -9340.099895       0.8842     --------    -1.289654          3
MinModeTranslate:   87  15:45:37    -9340.099895       0.8842     0.100000    -1.289654          3
MinModeTranslate:   88  15:45:38    -9340.118291       1.0547     --------    -0.200863          3
MinModeTranslate:   88  15:45:38    -9340.118291       1.0547     0.087867    -0.200863          3
MinModeTranslate:   89  15:45:38    -9340.127052       0.1822     --------     0.598957          3
MinModeTranslate:   89  15:45:38    -9340.127052       0.1822     0.100000     0.598957          3
MinModeTranslate:   90  15:45:38    -9340.094458       0.1623     --------     0.389401          3
MinModeTranslate:   90  15:45:38    -9340.094458       0.1623     0.100000     0.389401          3
MinModeTranslate:   91  15:45:38    -9340.067757       0.8687     --------    -0.149610          3
MinModeTranslate:   91  15:45:38    -9340.067757       0.8687     0.100000    -0.149610          3
MinModeTranslate:   92  15:45:38    -9340.057436       0.9154     --------    -0.712748          3
MinModeTranslate:   92  15:45:38    -9340.057436       0.9154     0.075534    -0.712748          3
MinModeTranslate:   93  15:45:38    -9340.104877       0.8113     --------    -1.720719          3
MinModeTranslate:   93  15:45:38    -9340.104877       0.8113     0.053331    -1.720719          3
MinModeTranslate:   94  15:45:38    -9340.128178       0.4472     --------    -4.408403          3
MinModeTranslate:   94  15:45:38    -9340.128178       0.4472     0.046187    -4.408403          3
MinModeTranslate:   95  15:45:38    -9340.141210       0.8689     --------    -5.708799          3
MinModeTranslate:   95  15:45:38    -9340.141210       0.8689     0.052109    -5.708799          3
MinModeTranslate:   96  15:45:38    -9340.152852       0.5407     --------    -6.272978          3
MinModeTranslate:   96  15:45:38    -9340.152852       0.5407     0.100000    -6.272978          3
MinModeTranslate:   97  15:45:38    -9340.167828       0.9333     --------    -5.578073          3
MinModeTranslate:   97  15:45:38    -9340.167828       0.9333     0.051966    -5.578073          3
MinModeTranslate:   98  15:45:38    -9340.183294       0.9512     --------    -5.464324          3
MinModeTranslate:   98  15:45:38    -9340.183294       0.9512     0.092822    -5.464324          3
MinModeTranslate:   99  15:45:38    -9340.202214       0.7277     --------    -4.386100          3
MinModeTranslate:   99  15:45:38    -9340.202214       0.7277     0.068663    -4.386100          3
MinModeTranslate:  100  15:45:38    -9340.206826       0.4821     --------    -3.776170          3
MinModeTranslate:  100  15:45:39    -9340.206826       0.4821     0.024488    -3.776170          3
MinModeTranslate:  101  15:45:39    -9340.213786       0.7135     --------    -3.822477          3
MinModeTranslate:  101  15:45:39    -9340.213786       0.7135     0.025744    -3.822477          3
MinModeTranslate:  102  15:45:39    -9340.215703       0.4732     --------    -4.007610          3
MinModeTranslate:  102  15:45:39    -9340.215703       0.4732     0.044146    -4.007610          3
MinModeTranslate:  103  15:45:39    -9340.216418       0.4189     --------    -4.444116          3
MinModeTranslate:  103  15:45:39    -9340.216418       0.4189     0.031454    -4.444116          3
MinModeTranslate:  104  15:45:39    -9340.215504       0.2262     --------    -3.085702          3
MinModeTranslate:  104  15:45:39    -9340.215504       0.2262     0.028130    -3.085702          3
MinModeTranslate:  105  15:45:39    -9340.215932       0.3050     --------    -1.999354          3
MinModeTranslate:  105  15:45:39    -9340.215932       0.3050     0.023638    -1.999354          3
MinModeTranslate:  106  15:45:39    -9340.216424       0.3827     --------    -1.236893          3
MinModeTranslate:  106  15:45:39    -9340.216424       0.3827     0.052036    -1.236893          3
MinModeTranslate:  107  15:45:39    -9340.218932       0.3630     --------    -0.148942          3
MinModeTranslate:  107  15:45:39    -9340.218932       0.3630     0.079013    -0.148942          3
MinModeTranslate:  108  15:45:39    -9340.226716       0.0108     --------     0.444036          3
MinModeTranslate:  108  15:45:39    -9340.226716       0.0108     0.100000     0.444036          3
MinModeTranslate:  109  15:45:39    -9340.219395       0.0766     --------     2.145002          3
MinModeTranslate:  109  15:45:39    -9340.219395       0.0766     0.100000     2.145002          3
MinModeTranslate:  110  15:45:39    -9340.185142       0.2452     --------     2.340058          3
MinModeTranslate:  110  15:45:39    -9340.185142       0.2452     0.100000     2.340058          3
MinModeTranslate:  111  15:45:39    -9340.109474       0.3463     --------     0.822565          3
MinModeTranslate:  111  15:45:39    -9340.109474       0.3463     0.100000     0.822565          3
MinModeTranslate:  112  15:45:39    -9340.002512       1.5721     --------    -0.193381          3
MinModeTranslate:  112  15:45:39    -9340.002512       1.5721     0.100000    -0.193381          3
MinModeTranslate:  113  15:45:40    -9339.866759       2.1105     --------    -0.388131          3
MinModeTranslate:  113  15:45:40    -9339.866759       2.1105     0.100000    -0.388131          3
MinModeTranslate:  114  15:45:40    -9339.711821       2.4454     --------    -1.674189          3
MinModeTranslate:  114  15:45:40    -9339.711821       2.4454     0.051578    -1.674189          3
MinModeTranslate:  115  15:45:40    -9339.751697       2.5433     --------    -2.344764          3
MinModeTranslate:  115  15:45:40    -9339.751697       2.5433     0.088547    -2.344764          3
MinModeTranslate:  116  15:45:40    -9339.939361       1.6169     --------    -4.270927          3
MinModeTranslate:  116  15:45:40    -9339.939361       1.6169     0.100000    -4.270927          3
MinModeTranslate:  117  15:45:40    -9340.075944       1.5804     --------    -8.092002          3
MinModeTranslate:  117  15:45:40    -9340.075944       1.5804     0.050353    -8.092002          3
MinModeTranslate:  118  15:45:40    -9340.115147       1.2608     --------    -9.509059          3
MinModeTranslate:  118  15:45:40    -9340.115147       1.2608     0.081465    -9.509059          3
MinModeTranslate:  119  15:45:40    -9340.136397       1.3455     --------    -6.203276          3
MinModeTranslate:  119  15:45:40    -9340.136397       1.3455     0.021967    -6.203276          3
MinModeTranslate:  120  15:45:40    -9340.151158       0.7691     --------    -8.608117          3
MinModeTranslate:  120  15:45:40    -9340.151158       0.7691     0.059269    -8.608117          3
MinModeTranslate:  121  15:45:40    -9340.158729       0.7045     --------   -17.636346          3
MinModeTranslate:  121  15:45:40    -9340.158729       0.7045     0.051341   -17.636346          3
MinModeTranslate:  122  15:45:40    -9340.174837       0.4731     --------   -15.092407          3
MinModeTranslate:  122  15:45:40    -9340.174837       0.4731     0.033052   -15.092407          3
MinModeTranslate:  123  15:45:40    -9340.188691       0.4771     --------   -13.315322          3
MinModeTranslate:  123  15:45:40    -9340.188691       0.4771     0.024467   -13.315322          3
MinModeTranslate:  124  15:45:41    -9340.195326       0.4737     --------   -12.839594          3
MinModeTranslate:  124  15:45:41    -9340.195326       0.4737     0.071626   -12.839594          3
MinModeTranslate:  125  15:45:41    -9340.210317       0.5339     --------   -11.906631          3
MinModeTranslate:  125  15:45:41    -9340.210317       0.5339     0.100000   -11.906631          3
MinModeTranslate:  126  15:45:41    -9340.227582       0.4284     --------   -12.535200          3
MinModeTranslate:  126  15:45:41    -9340.227582       0.4284     0.026443   -12.535200          3
MinModeTranslate:  127  15:45:41    -9340.233966       0.4318     --------   -13.063894          3
MinModeTranslate:  127  15:45:41    -9340.233966       0.4318     0.015480   -13.063894          3
MinModeTranslate:  128  15:45:41    -9340.237327       0.2543     --------   -13.065182          3
MinModeTranslate:  128  15:45:41    -9340.237327       0.2543     0.026832   -13.065182          3
MinModeTranslate:  129  15:45:41    -9340.241319       0.1649     --------   -12.537228          3
MinModeTranslate:  129  15:45:41    -9340.241319       0.1649     0.016961   -12.537228          3
MinModeTranslate:  130  15:45:41    -9340.243368       0.1952     --------   -12.771020          3
MinModeTranslate:  130  15:45:41    -9340.243368       0.1952     0.013683   -12.771020          3
MinModeTranslate:  131  15:45:41    -9340.244779       0.2628     --------   -13.068000          3
MinModeTranslate:  131  15:45:41    -9340.244779       0.2628     0.023838   -13.068000          3
MinModeTranslate:  132  15:45:41    -9340.246981       0.2263     --------   -13.327403          3
MinModeTranslate:  132  15:45:41    -9340.246981       0.2263     0.030073   -13.327403          3
MinModeTranslate:  133  15:45:41    -9340.249552       0.2214     --------   -13.495684          3
MinModeTranslate:  133  15:45:41    -9340.249552       0.2214     0.033796   -13.495684          3
MinModeTranslate:  134  15:45:41    -9340.252114       0.2035     --------   -13.602846          3
MinModeTranslate:  134  15:45:41    -9340.252114       0.2035     0.018244   -13.602846          3
MinModeTranslate:  135  15:45:42    -9340.253424       0.2483     --------   -13.412225          3
MinModeTranslate:  135  15:45:42    -9340.253424       0.2483     0.028896   -13.412225          3
MinModeTranslate:  136  15:45:42    -9340.255314       0.1839     --------   -12.697818          3
MinModeTranslate:  136  15:45:42    -9340.255314       0.1839     0.052453   -12.697818          3
MinModeTranslate:  137  15:45:42    -9340.258714       0.2711     --------   -11.520767          3
MinModeTranslate:  137  15:45:42    -9340.258714       0.2711     0.070397   -11.520767          3
MinModeTranslate:  138  15:45:42    -9340.263368       0.1753     --------    -9.808361          3
MinModeTranslate:  138  15:45:42    -9340.263368       0.1753     0.025358    -9.808361          3
MinModeTranslate:  139  15:45:42    -9340.264707       0.2043     --------    -9.452667          3
MinModeTranslate:  139  15:45:42    -9340.264707       0.2043     0.026562    -9.452667          3
MinModeTranslate:  140  15:45:42    -9340.265573       0.2306     --------    -8.989158          3
MinModeTranslate:  140  15:45:42    -9340.265573       0.2306     0.055279    -8.989158          3
MinModeTranslate:  141  15:45:42    -9340.266619       0.1843     --------    -9.620927          3
MinModeTranslate:  141  15:45:42    -9340.266619       0.1843     0.026227    -9.620927          3
MinModeTranslate:  142  15:45:42    -9340.266394       0.1332     --------   -11.451339          3
MinModeTranslate:  142  15:45:42    -9340.266394       0.1332     0.009058   -11.451339          3
MinModeTranslate:  143  15:45:42    -9340.266333       0.1592     --------   -12.572317          3
MinModeTranslate:  143  15:45:42    -9340.266333       0.1592     0.012349   -12.572317          3
MinModeTranslate:  144  15:45:42    -9340.266545       0.0778     --------   -14.104906          3
MinModeTranslate:  144  15:45:42    -9340.266545       0.0778     0.008817   -14.104906          3
MinModeTranslate:  145  15:45:42    -9340.267180       0.0626     --------   -15.139457          3
MinModeTranslate:  145  15:45:43    -9340.267180       0.0626     0.006331   -15.139457          3
MinModeTranslate:  146  15:45:43    -9340.267606       0.0918     --------   -15.452925          3
MinModeTranslate:  146  15:45:43    -9340.267606       0.0918     0.010415   -15.452925          3
MinModeTranslate:  147  15:45:43    -9340.268044       0.1164     --------   -15.614414          3
MinModeTranslate:  147  15:45:43    -9340.268044       0.1164     0.026710   -15.614414          3
MinModeTranslate:  148  15:45:43    -9340.268865       0.1251     --------   -15.117322          3
MinModeTranslate:  148  15:45:43    -9340.268865       0.1251     0.017186   -15.117322          3
MinModeTranslate:  149  15:45:43    -9340.269402       0.1224     --------   -14.590317          3
MinModeTranslate:  149  15:45:43    -9340.269402       0.1224     0.007744   -14.590317          3
MinModeTranslate:  150  15:45:43    -9340.269680       0.0813     --------   -14.230281          3
MinModeTranslate:  150  15:45:43    -9340.269680       0.0813     0.017127   -14.230281          3
MinModeTranslate:  151  15:45:43    -9340.270286       0.0705     --------   -13.692129          3
MinModeTranslate:  151  15:45:43    -9340.270286       0.0705     0.008345   -13.692129          3
MinModeTranslate:  152  15:45:43    -9340.270537       0.0920     --------   -13.551247          3
MinModeTranslate:  152  15:45:43    -9340.270537       0.0920     0.006801   -13.551247          3
MinModeTranslate:  153  15:45:43    -9340.270711       0.0655     --------   -13.695780          3
MinModeTranslate:  153  15:45:43    -9340.270711       0.0655     0.013579   -13.695780          3
MinModeTranslate:  154  15:45:43    -9340.271018       0.0632     --------   -14.240630          3
MinModeTranslate:  154  15:45:43    -9340.271018       0.0632     0.010016   -14.240630          3
MinModeTranslate:  155  15:45:43    -9340.271271       0.0790     --------   -14.640151          3
MinModeTranslate:  155  15:45:44    -9340.271271       0.0790     0.012306   -14.640151          3
MinModeTranslate:  156  15:45:44    -9340.271596       0.0864     --------   -14.836600          3
MinModeTranslate:  156  15:45:44    -9340.271596       0.0864     0.016123   -14.836600          3
MinModeTranslate:  157  15:45:44    -9340.271992       0.0723     --------   -15.122307          3
MinModeTranslate:  157  15:45:44    -9340.271992       0.0723     0.017967   -15.122307          3
MinModeTranslate:  158  15:45:44    -9340.272274       0.0827     --------   -15.371308          3
MinModeTranslate:  158  15:45:44    -9340.272274       0.0827     0.015961   -15.371308          3
MinModeTranslate:  159  15:45:44    -9340.272524       0.1386     --------   -15.573619          3
MinModeTranslate:  159  15:45:44    -9340.272524       0.1386     0.093024   -15.573619          3
MinModeTranslate:  160  15:45:44    -9340.275112       0.1853     --------   -15.627197          3
