MinModeTranslate: STEP      TIME          ENERGY    MAX-FORCE     STEPSIZE    CURVATURE  ROT-STEPS
MinModeTranslate:    0  15:47:23    -9339.823364       1.5858     --------     6.561578          3
MinModeTranslate:    0  15:47:23    -9339.823364       1.5858     0.100000     6.561578          3
MinModeTranslate:    1  15:47:23    -9339.590539       1.7151     --------     1.249836          3
MinModeTranslate:    1  15:47:23    -9339.590539       1.7151     0.100000     1.249836          3
MinModeTranslate:    2  15:47:23    -9339.355853       7.5356     --------    -2.217261          3
MinModeTranslate:    2  15:47:23    -9339.355853       7.5356     0.100000    -2.217261          3
MinModeTranslate:    3  15:47:24    -9339.299231       6.1462     --------    -2.203385          3
MinModeTranslate:    3  15:47:24    -9339.299231       6.1462     0.100000    -2.203385          3
MinModeTranslate:    4  15:47:24    -9339.876228       4.3999     --------    -0.580711          3
MinModeTranslate:    4  15:47:24    -9339.876228       4.3999     0.100000    -0.580711          3
MinModeTranslate:    5  15:47:24    -9340.314866       1.6504     --------     0.742706          3
MinModeTranslate:    5  15:47:24    -9340.314866       1.6504     0.100000     0.742706          3
MinModeTranslate:    6  15:47:24    -9340.059287       1.2049     --------     0.199059          3
MinModeTranslate:    6  15:47:24    -9340.059287       1.2049     0.100000     0.199059          3
MinModeTranslate:    7  15:47:24    -9339.891055       3.7973     --------    -0.188890          3
MinModeTranslate:    7  15:47:24    -9339.891055       3.7973     0.100000    -0.188890          3
MinModeTranslate:    8  15:47:24    -9339.877938       3.3876     --------    -0.426077          3
MinModeTranslate:    8  15:47:24    -9339.877938       3.3876     0.100000    -0.426077          3
MinModeTranslate:    9  15:47:24    -9340.437741       3.2727     --------    -0.435077          3
MinModeTranslate:    9  15:47:24    -9340.437741       3.2727     0.100000    -0.435077          3
MinModeTranslate:   10  15:47:24    -9340.884957       2.8750     --------    -0.082043          3
MinModeTranslate:   10  15:47:24    -9340.884957       2.8750     0.100000    -0.082043          3
MinModeTranslate:   11  15:47:24    -9341.190827       3.3455     --------    -0.497631          3
MinModeTranslate:   11  15:47:24    -9341.190827       3.3455     0.100000    -0.497631          3
MinModeTranslate:   12  15:47:24    -9341.515509       0.1654     --------     0.217821          3
MinModeTranslate:   12  15:47:24    -9341.515509       0.1654     0.100000     0.217821          3
MinModeTranslate:   13  15:47:24    -9341.494166       0.1576     --------     0.251779          3
MinModeTranslate:   13  15:47:24    -9341.494166       0.1576     0.100000     0.251779          3
MinModeTranslate:   14  15:47:24    -9341.473608       0.1343     --------     0.258246          3
MinModeTranslate:   14  15:47:24    -9341.473608       0.1343     0.100000     0.258246          3
MinModeTranslate:   15  15:47:24    -9341.455872       0.0965     --------     0.227954          3
MinModeTranslate:   15  15:47:24    -9341.455872       0.0965     0.100000     0.227954          3
MinModeTranslate:   16  15:47:25    -9341.442878       0.0538     --------     0.212534          3
MinModeTranslate:   16  15:47:25    -9341.442878       0.0538     0.100000     0.212534          3
MinModeTranslate:   17  15:47:25    -9341.435076       0.0168     --------     0.240994          3
MinModeTranslate:   17  15:47:25    -9341.435076       0.0168     0.100000     0.240994          3
MinModeTranslate:   18  15:47:25    -9341.431597       0.0084     --------     0.307688          3
MinModeTranslate:   18  15:47:25    -9341.431597       0.0084     0.100000     0.307688          3
MinModeTranslate:   19  15:47:25    -9341.405628       0.0252     --------     0.650804          3
MinModeTranslate:   19  15:47:25    -9341.405628       0.0252     0.100000     0.650804          3
MinModeTranslate:   20  15:47:25    -9341.131812       0.0224     --------     1.717656          3
MinModeTranslate:   20  15:47:25    -9341.131812       0.0224     0.100000     1.717656          3
MinModeTranslate:   21  15:47:25    -9341.120334       0.0843     --------     1.578471          3
MinModeTranslate:   21  15:47:25    -9341.120334       0.0843     0.100000     1.578471          3
MinModeTranslate:   22  15:47:25    -9341.093898       0.1473     --------     1.520721          3
MinModeTranslate:   22  15:47:25    -9341.093898       0.1473     0.100000     1.520721          3
MinModeTranslate:   23  15:47:25    -9341.053740       0.1688     --------     1.455713          3
MinModeTranslate:   23  15:47:25    -9341.053740       0.1688     0.100000     1.455713          3
MinModeTranslate:   24  15:47:25    -9341.012463       0.1679     --------     1.345841          3
MinModeTranslate:   24  15:47:25    -9341.012463       0.1679     0.100000     1.345841          3
MinModeTranslate:   25  15:47:25    -9340.982046       0.1748     --------     1.212225          3
MinModeTranslate:   25  15:47:25    -9340.982046       0.1748     0.100000     1.212225          3
MinModeTranslate:   26  15:47:25    -9340.950748       0.1560     --------     1.101308          3
MinModeTranslate:   26  15:47:25    -9340.950748       0.1560     0.100000     1.101308          3
MinModeTranslate:   27  15:47:25    -9340.922959       0.1270     --------     0.980517          3
MinModeTranslate:   27  15:47:25    -9340.922959       0.1270     0.100000     0.980517          3
MinModeTranslate:   28  15:47:25    -9340.899322       0.1017     --------     0.869528          3
MinModeTranslate:   28  15:47:25    -9340.899322       0.1017     0.100000     0.869528          3
MinModeTranslate:   29  15:47:26    -9340.879522       0.0722     --------     0.756151          3
MinModeTranslate:   29  15:47:26    -9340.879522       0.0722     0.100000     0.756151          3
MinModeTranslate:   30  15:47:26    -9340.864300       0.0478     --------     0.663776          3
MinModeTranslate:   30  15:47:26    -9340.864300       0.0478     0.100000     0.663776          3
MinModeTranslate:   31  15:47:26    -9340.853096       0.0366     --------     0.611108          3
MinModeTranslate:   31  15:47:26    -9340.853096       0.0366     0.100000     0.611108          3
MinModeTranslate:   32  15:47:26    -9340.843725       0.0217     --------     0.597246          3
MinModeTranslate:   32  15:47:26    -9340.843725       0.0217     0.100000     0.597246          3
MinModeTranslate:   33  15:47:26    -9340.836765       0.0339     --------     0.611520          3
MinModeTranslate:   33  15:47:26    -9340.836765       0.0339     0.100000     0.611520          3
MinModeTranslate:   34  15:47:26    -9340.825673       0.0333     --------     0.628559          3
MinModeTranslate:   34  15:47:26    -9340.825673       0.0333     0.100000     0.628559          3
MinModeTranslate:   35  15:47:26    -9340.815910       0.0527     --------     0.605150          3
MinModeTranslate:   35  15:47:26    -9340.815910       0.0527     0.100000     0.605150          3
MinModeTranslate:   36  15:47:26    -9340.801219       0.0469     --------     0.538887          3
MinModeTranslate:   36  15:47:26    -9340.801219       0.0469     0.100000     0.538887          3
MinModeTranslate:   37  15:47:26    -9340.788981       0.0493     --------     0.412257          3
MinModeTranslate:   37  15:47:26    -9340.788981       0.0493     0.100000     0.412257          3
MinModeTranslate:   38  15:47:26    -9340.775821       0.0278     --------     0.272975          3
MinModeTranslate:   38  15:47:26    -9340.775821       0.0278     0.100000     0.272975          3
MinModeTranslate:   39  15:47:26    -9340.768288       0.0190     --------     0.147392          3
MinModeTranslate:   39  15:47:26    -9340.768288       0.0190     0.100000     0.147392          3
MinModeTranslate:   40  15:47:26    -9340.763390       0.0082     --------     0.065764          3
MinModeTranslate:   40  15:47:26    -9340.763390       0.0082     0.100000     0.065764          3
MinModeTranslate:   41  15:47:26    -9340.737872       0.0124     --------     0.052363          3
MinModeTranslate:   41  15:47:26    -9340.737872       0.0124     0.100000     0.052363          3
MinModeTranslate:   42  15:47:26    -9340.726921       0.0139     --------     0.032065          3
MinModeTranslate:   42  15:47:26    -9340.726921       0.0139     0.100000     0.032065          3
MinModeTranslate:   43  15:47:27    -9340.722950       0.0079     --------     0.038214          3
MinModeTranslate:   43  15:47:27    -9340.722950       0.0079     0.100000     0.038214          3
MinModeTranslate:   44  15:47:27    -9340.708971       0.0074     --------     0.123275          3
MinModeTranslate:   44  15:47:27    -9340.708971       0.0074     0.100000     0.123275          3
MinModeTranslate:   45  15:47:27    -9340.706879       0.0024     --------     0.010153          3
MinModeTranslate:   45  15:47:27    -9340.706879       0.0024     0.100000     0.010153          3
MinModeTranslate:   46  15:47:27    -9340.706335       4.3384     --------    -0.029704          3
MinModeTranslate:   46  15:47:27    -9340.706335       4.3384     0.100000    -0.029704          3
MinModeTranslate:   47  15:47:27    -9340.706225       4.3699     --------    -0.016919          3
MinModeTranslate:   47  15:47:27    -9340.706225       4.3699     0.100000    -0.016919          3
MinModeTranslate:   48  15:47:27    -9340.780807       3.9448     --------    -0.012602          3
MinModeTranslate:   48  15:47:27    -9340.780807       3.9448     0.100000    -0.012602          3
MinModeTranslate:   49  15:47:27    -9341.177127       3.6494     --------    -0.320290          3
MinModeTranslate:   49  15:47:27    -9341.177127       3.6494     0.100000    -0.320290          3
MinModeTranslate:   50  15:47:27    -9341.513528       1.5656     --------    -0.342236          3
MinModeTranslate:   50  15:47:27    -9341.513528       1.5656     0.100000    -0.342236          3
MinModeTranslate:   51  15:47:27    -9341.699413       2.0356     --------    -0.342047          3
MinModeTranslate:   51  15:47:27    -9341.699413       2.0356     0.100000    -0.342047          3
MinModeTranslate:   52  15:47:27    -9341.840071       2.1756     --------    -0.223536          3
MinModeTranslate:   52  15:47:27    -9341.840071       2.1756     0.100000    -0.223536          3
MinModeTranslate:   53  15:47:27    -9341.959841       1.1876     --------    -0.214249          3
MinModeTranslate:   53  15:47:27    -9341.959841       1.1876     0.028058    -0.214249          3
MinModeTranslate:   54  15:47:27    -9341.986474       1.3185     --------    -0.187192          3
MinModeTranslate:   54  15:47:27    -9341.986474       1.3185     0.068255    -0.187192          3
MinModeTranslate:   55  15:47:28    -9342.030195       0.0078     --------     0.032358          3
MinModeTranslate:   55  15:47:28    -9342.030195       0.0078     0.100000     0.032358          3
MinModeTranslate:   56  15:47:28    -9342.028091       0.0066     --------     0.064533          3
MinModeTranslate:   56  15:47:28    -9342.028091       0.0066     0.100000     0.064533          3
MinModeTranslate:   57  15:47:28    -9342.026172       0.0067     --------     0.068396          3
MinModeTranslate:   57  15:47:28    -9342.026172       0.0067     0.100000     0.068396          3
MinModeTranslate:   58  15:47:28    -9342.024222       0.0063     --------     0.057106          3
MinModeTranslate:   58  15:47:28    -9342.024222       0.0063     0.100000     0.057106          3
MinModeTranslate:   59  15:47:28    -9342.022449       0.0059     --------     0.033077          3
MinModeTranslate:   59  15:47:28    -9342.022449       0.0059     0.100000     0.033077          3
MinModeTranslate:   60  15:47:28    -9342.020901       0.0026     --------     0.014509          3
MinModeTranslate:   60  15:47:28    -9342.020901       0.0026     0.100000     0.014509          3
MinModeTranslate:   61  15:47:28    -9342.020195       0.0000     --------     0.002027          3
MinModeTranslate:   61  15:47:28    -9342.020195       0.0000     0.100000     0.002027          3
MinModeTranslate:   62  15:47:28    -9342.020138       0.0040     --------     0.013559          3
MinModeTranslate:   62  15:47:28    -9342.020138       0.0040     0.100000     0.013559          3
MinModeTranslate:   63  15:47:28    -9342.019684       0.0056     --------     0.044299          3
MinModeTranslate:   63  15:47:28    -9342.019684       0.0056     0.100000     0.044299          3
MinModeTranslate:   64  15:47:28    -9342.018077       0.0074     --------     0.092678          3
MinModeTranslate:   64  15:47:28    -9342.018077       0.0074     0.100000     0.092678          3
MinModeTranslate:   65  15:47:28    -9342.013981       0.0066     --------     0.140097          3
MinModeTranslate:   65  15:47:28    -9342.013981       0.0066     0.100000     0.140097          3
MinModeTranslate:   66  15:47:28    -9342.011738       0.0060     --------     0.103143          3
MinModeTranslate:   66  15:47:28    -9342.011738       0.0060     0.100000     0.103143          3
MinModeTranslate:   67  15:47:28    -9342.009809       0.0025     --------     0.075822          3
MinModeTranslate:   67  15:47:28    -9342.009809       0.0025     0.100000     0.075822          3
MinModeTranslate:   68  15:47:29    -9342.008840       0.0030     --------     0.055758          3
MinModeTranslate:   68  15:47:29    -9342.008840       0.0030     0.100000     0.055758          3
MinModeTranslate:   69  15:47:29    -9342.005207       0.0079     --------     0.065962          3
MinModeTranslate:   69  15:47:29    -9342.005207       0.0079     0.100000     0.065962          3
MinModeTranslate:   70  15:47:29    -9341.992428       0.0098     --------     0.124278          3
MinModeTranslate:   70  15:47:29    -9341.992428       0.0098     0.100000     0.124278          3
MinModeTranslate:   71  15:47:29    -9341.983089       0.0062     --------     0.112053          3
MinModeTranslate:   71  15:47:29    -9341.983089       0.0062     0.100000     0.112053          3
MinModeTranslate:   72  15:47:29    -9341.980939       0.0017     --------     0.110307          3
MinModeTranslate:   72  15:47:29    -9341.980939       0.0017     0.100000     0.110307          3
MinModeTranslate:   73  15:47:29    -9341.979888       0.0017     --------     0.134538          3
MinModeTranslate:   73  15:47:29    -9341.979888       0.0017     0.100000     0.134538          3
MinModeTranslate:   74  15:47:29    -9341.975057       0.0038     --------     0.172857          3
MinModeTranslate:   74  15:47:29    -9341.975057       0.0038     0.100000     0.172857          3
MinModeTranslate:   75  15:47:29    -9341.915098       0.0042     --------     0.285333          3
MinModeTranslate:   75  15:47:29    -9341.915098       0.0042     0.100000     0.285333          3
MinModeTranslate:   76  15:47:29    -9341.910981       0.0037     --------     0.244205          3
MinModeTranslate:   76  15:47:29    -9341.910981       0.0037     0.100000     0.244205          3
MinModeTranslate:   77  15:47:29    -9341.908844       0.0032     --------     0.197194          3
MinModeTranslate:   77  15:47:29    -9341.908844       0.0032     0.100000     0.197194          3
MinModeTranslate:   78  15:47:29    -9341.907085       0.0015     --------     0.170714          3
MinModeTranslate:   78  15:47:29    -9341.907085       0.0015     0.100000     0.170714          3
MinModeTranslate:   79  15:47:29    -9341.896664       0.0019     --------     0.171144          3
MinModeTranslate:   79  15:47:29    -9341.896664       0.0019     0.100000     0.171144          3
MinModeTranslate:   80  15:47:29    -9341.893961       0.0052     --------     0.157977          3
MinModeTranslate:   80  15:47:29    -9341.893961       0.0052     0.100000     0.157977          3
MinModeTranslate:   81  15:47:30    -9341.890458       0.0024     --------     0.173977          3
MinModeTranslate:   81  15:47:30    -9341.890458       0.0024     0.100000     0.173977          3
MinModeTranslate:   82  15:47:30    -9341.883106       0.0000     --------     0.204286          3
MinModeTranslate:   82  15:47:30    -9341.883106       0.0000     0.100000     0.204286          3
MinModeTranslate:   83  15:47:30    -9341.875486       0.0056     --------     0.235916          3
MinModeTranslate:   83  15:47:30    -9341.875486       0.0056     0.100000     0.235916          3
MinModeTranslate:   84  15:47:30    -9341.864842       0.0004     --------     0.256527          3
MinModeTranslate:   84  15:47:30    -9341.864842       0.0004     0.100000     0.256527          3
MinModeTranslate:   85  15:47:30    -9341.863499       0.0108     --------     0.217906          3
MinModeTranslate:   85  15:47:30    -9341.863499       0.0108     0.100000     0.217906          3
MinModeTranslate:   86  15:47:30    -9341.859865       0.0056     --------     0.177854          3
MinModeTranslate:   86  15:47:30    -9341.859865       0.0056     0.100000     0.177854          3
MinModeTranslate:   87  15:47:30    -9341.857737       0.0086     --------     0.137821          3
MinModeTranslate:   87  15:47:30    -9341.857737       0.0086     0.100000     0.137821          3
MinModeTranslate:   88  15:47:30    -9341.854764       0.0003     --------     0.116204          3
MinModeTranslate:   88  15:47:30    -9341.854764       0.0003     0.100000     0.116204          3
MinModeTranslate:   89  15:47:30    -9341.854107       0.0004     --------     0.118992          3
MinModeTranslate:   89  15:47:30    -9341.854107       0.0004     0.100000     0.118992          3
MinModeTranslate:   90  15:47:30    -9341.853019       0.0062     --------     0.156477          3
MinModeTranslate:   90  15:47:30    -9341.853019       0.0062     0.100000     0.156477          3
MinModeTranslate:   91  15:47:30    -9341.850061       0.0019     --------     0.207653          3
MinModeTranslate:   91  15:47:30    -9341.850061       0.0019     0.100000     0.207653          3
MinModeTranslate:   92  15:47:30    -9341.848712       0.0089     --------     0.142252          3
MinModeTranslate:   92  15:47:30    -9341.848712       0.0089     0.100000     0.142252          3
MinModeTranslate:   93  15:47:30    -9341.845932       0.0024     --------     0.098264          3
MinModeTranslate:   93  15:47:30    -9341.845932       0.0024     0.100000     0.098264          3
MinModeTranslate:   94  15:47:31    -9341.844939       0.0033     --------     0.083841          3
MinModeTranslate:   94  15:47:31    -9341.844939       0.0033     0.100000     0.083841          3
MinModeTranslate:   95  15:47:31    -9341.843578       0.0049     --------     0.093597          3
MinModeTranslate:   95  15:47:31    -9341.843578       0.0049     0.100000     0.093597          3
MinModeTranslate:   96  15:47:31    -9341.839913       0.0023     --------     0.117951          3
MinModeTranslate:   96  15:47:31    -9341.839913       0.0023     0.100000     0.117951          3
MinModeTranslate:   97  15:47:31    -9341.838879       0.0077     --------     0.082285          3
MinModeTranslate:   97  15:47:31    -9341.838879       0.0077     0.100000     0.082285          3
MinModeTranslate:   98  15:47:31    -9341.836915       0.0007     --------     0.066331          3
MinModeTranslate:   98  15:47:31    -9341.836915       0.0007     0.100000     0.066331          3
MinModeTranslate:   99  15:47:31    -9341.836403       0.0008     --------     0.076678          3
MinModeTranslate:   99  15:47:31    -9341.836403       0.0008     0.100000     0.076678          3
MinModeTranslate:  100  15:47:31    -9341.835729       0.0053     --------     0.117180          3
MinModeTranslate:  100  15:47:31    -9341.835729       0.0053     0.100000     0.117180          3
MinModeTranslate:  101  15:47:31    -9341.833488       0.0005     --------     0.166924          3
MinModeTranslate:  101  15:47:31    -9341.833488       0.0005     0.100000     0.166924          3
MinModeTranslate:  102  15:47:31    -9341.832636       0.0070     --------     0.107519          3
MinModeTranslate:  102  15:47:31    -9341.832636       0.0070     0.100000     0.107519          3
MinModeTranslate:  103  15:47:31    -9341.830663       0.0017     --------     0.064594          3
MinModeTranslate:  103  15:47:31    -9341.830663       0.0017     0.100000     0.064594          3
MinModeTranslate:  104  15:47:31    -9341.830022       0.0020     --------     0.047800          3
MinModeTranslate:  104  15:47:31    -9341.830022       0.0020     0.100000     0.047800          3
MinModeTranslate:  105  15:47:31    -9341.829283       0.0057     --------     0.052375          3
MinModeTranslate:  105  15:47:31    -9341.829283       0.0057     0.100000     0.052375          3
MinModeTranslate:  106  15:47:31    -9341.827294       0.0039     --------     0.072240          3
MinModeTranslate:  106  15:47:31    -9341.827294       0.0039     0.100000     0.072240          3
MinModeTranslate:  107  15:47:31    -9341.826163       0.0075     --------     0.044210          3
MinModeTranslate:  107  15:47:31    -9341.826163       0.0075     0.100000     0.044210          3
MinModeTranslate:  108  15:47:32    -9341.824473       0.0008     --------     0.035864          3
MinModeTranslate:  108  15:47:32    -9341.824473       0.0008     0.100000     0.035864          3
MinModeTranslate:  109  15:47:32    -9341.824116       0.0001     --------     0.051496          3
MinModeTranslate:  109  15:47:32    -9341.824116       0.0001     0.100000     0.051496          3
MinModeTranslate:  110  15:47:32    -9341.823771       0.0055     --------     0.091739          3
MinModeTranslate:  110  15:47:32    -9341.823771       0.0055     0.100000     0.091739          3
MinModeTranslate:  111  15:47:32    -9341.822399       0.0003     --------     0.135938          3
MinModeTranslate:  111  15:47:32    -9341.822399       0.0003     0.100000     0.135938          3
MinModeTranslate:  112  15:47:32    -9341.821733       0.0063     --------     0.084376          3
MinModeTranslate:  112  15:47:32    -9341.821733       0.0063     0.100000     0.084376          3
MinModeTranslate:  113  15:47:32    -9341.820182       0.0018     --------     0.043862          3
MinModeTranslate:  113  15:47:32    -9341.820182       0.0018     0.100000     0.043862          3
MinModeTranslate:  114  15:47:32    -9341.819643       0.0015     --------     0.024956          3
MinModeTranslate:  114  15:47:32    -9341.819643       0.0015     0.100000     0.024956          3
MinModeTranslate:  115  15:47:32    -9341.819213       0.0059     --------     0.024535          3
MinModeTranslate:  115  15:47:32    -9341.819213       0.0059     0.100000     0.024535          3
MinModeTranslate:  116  15:47:32    -9341.818000       0.0049     --------     0.039677          3
MinModeTranslate:  116  15:47:32    -9341.818000       0.0049     0.100000     0.039677          3
MinModeTranslate:  117  15:47:32    -9341.816846       0.0068     --------     0.018841          3
MinModeTranslate:  117  15:47:32    -9341.816846       0.0068     0.100000     0.018841          3
MinModeTranslate:  118  15:47:32    -9341.815410       0.0005     --------     0.017074          3
MinModeTranslate:  118  15:47:32    -9341.815410       0.0005     0.100000     0.017074          3
MinModeTranslate:  119  15:47:32    -9341.815211       0.0007     --------     0.036034          3
MinModeTranslate:  119  15:47:32    -9341.815211       0.0007     0.100000     0.036034          3
MinModeTranslate:  120  15:47:32    -9341.814264       0.0059     --------     0.075390          3
MinModeTranslate:  120  15:47:32    -9341.814264       0.0059     0.100000     0.075390          3
MinModeTranslate:  121  15:47:32    -9341.812197       0.0009     --------     0.113844          3
MinModeTranslate:  121  15:47:32    -9341.812197       0.0009     0.100000     0.113844          3
MinModeTranslate:  122  15:47:33    -9341.811512       0.0062     --------     0.070710          3
MinModeTranslate:  122  15:47:33    -9341.811512       0.0062     0.100000     0.070710          3
MinModeTranslate:  123  15:47:33    -9341.810080       0.0022     --------     0.034055          3
MinModeTranslate:  123  15:47:33    -9341.810080       0.0022     0.100000     0.034055          3
MinModeTranslate:  124  15:47:33    -9341.809514       0.0017     --------     0.013559          3
MinModeTranslate:  124  15:47:33    -9341.809514       0.0017     0.100000     0.013559          3
MinModeTranslate:  125  15:47:33    -9341.809121       0.0051     --------     0.008204          3
MinModeTranslate:  125  15:47:33    -9341.809121       0.0051     0.100000     0.008204          3
MinModeTranslate:  126  15:47:33    -9341.808095       0.0050     --------     0.018179          3
MinModeTranslate:  126  15:47:33    -9341.808095       0.0050     0.100000     0.018179          3
MinModeTranslate:  127  15:47:33    -9341.807052       0.0056     --------     0.004192          3
MinModeTranslate:  127  15:47:33    -9341.807052       0.0056     0.100000     0.004192          3
MinModeTranslate:  128  15:47:33    -9341.805918       0.0004     --------     0.008444          3
MinModeTranslate:  128  15:47:33    -9341.805918       0.0004     0.100000     0.008444          3
MinModeTranslate:  129  15:47:33    -9341.798624       0.0017     --------     0.031698          3
MinModeTranslate:  129  15:47:33    -9341.798624       0.0017     0.100000     0.031698          3
MinModeTranslate:  130  15:47:33    -9341.785838       0.0015     --------     0.011810          3
MinModeTranslate:  130  15:47:33    -9341.785838       0.0015     0.100000     0.011810          3
MinModeTranslate:  131  15:47:33    -9341.785491       0.0048     --------     0.003555          3
MinModeTranslate:  131  15:47:33    -9341.785491       0.0048     0.100000     0.003555          3
MinModeTranslate:  132  15:47:33    -9341.784638       0.0050     --------     0.011205          3
MinModeTranslate:  132  15:47:33    -9341.784638       0.0050     0.100000     0.011205          3
MinModeTranslate:  133  15:47:33    -9341.783439       0.0053     --------     0.001109          3
MinModeTranslate:  133  15:47:33    -9341.783439       0.0053     0.100000     0.001109          3
MinModeTranslate:  134  15:47:34    -9341.782379       0.0009     --------     0.008387          3
MinModeTranslate:  134  15:47:34    -9341.782379       0.0009     0.100000     0.008387          3
MinModeTranslate:  135  15:47:34    -9341.775780       0.0021     --------     0.033228          3
MinModeTranslate:  135  15:47:34    -9341.775780       0.0021     0.100000     0.033228          3
MinModeTranslate:  136  15:47:34    -9341.772350       0.0016     --------     0.009485          3
MinModeTranslate:  136  15:47:34    -9341.772350       0.0016     0.100000     0.009485          3
MinModeTranslate:  137  15:47:34    -9341.772000       0.0045     --------     0.000601          3
MinModeTranslate:  137  15:47:34    -9341.772000       0.0045     0.100000     0.000601          3
MinModeTranslate:  138  15:47:34    -9341.771169       0.0050     --------     0.005052          3
MinModeTranslate:  138  15:47:34    -9341.771169       0.0050     0.100000     0.005052          3
MinModeTranslate:  139  15:47:34    -9341.769424       2.7655     --------    -0.000956          3
MinModeTranslate:  139  15:47:34    -9341.769424       2.7655     0.100000    -0.000956          3
MinModeTranslate:  140  15:47:34    -9341.769058       0.0014     --------     0.007403          3
MinModeTranslate:  140  15:47:34    -9341.769058       0.0014     0.100000     0.007403          3
MinModeTranslate:  141  15:47:34    -9341.767678       0.0024     --------     0.031952          3
MinModeTranslate:  141  15:47:34    -9341.767678       0.0024     0.100000     0.031952          3
MinModeTranslate:  142  15:47:34    -9341.764641       0.0021     --------     0.010067          3
MinModeTranslate:  142  15:47:34    -9341.764641       0.0021     0.100000     0.010067          3
MinModeTranslate:  143  15:47:34    -9341.764211       2.6907     --------    -0.000323          3
MinModeTranslate:  143  15:47:34    -9341.764211       2.6907     0.100000    -0.000323          3
MinModeTranslate:  144  15:47:34    -9341.764157       0.0048     --------     0.000899          3
MinModeTranslate:  144  15:47:34    -9341.764157       0.0048     0.100000     0.000899          3
MinModeTranslate:  145  15:47:34    -9341.735122       0.0042     --------     0.012174          3
MinModeTranslate:  145  15:47:34    -9341.735122       0.0042     0.100000     0.012174          3
MinModeTranslate:  146  15:47:34    -9341.734228       0.0018     --------     0.025721          3
MinModeTranslate:  146  15:47:34    -9341.734228       0.0018     0.100000     0.025721          3
MinModeTranslate:  147  15:47:34    -9341.729762       0.0030     --------     0.049877          3
MinModeTranslate:  147  15:47:34    -9341.729762       0.0030     0.100000     0.049877          3
MinModeTranslate:  148  15:47:35    -9341.726836       0.0026     --------     0.026079          3
MinModeTranslate:  148  15:47:35    -9341.726836       0.0026     0.100000     0.026079          3
MinModeTranslate:  149  15:47:35    -9341.726241       0.0032     --------     0.010897          3
MinModeTranslate:  149  15:47:35    -9341.726241       0.0032     0.100000     0.010897          3
MinModeTranslate:  150  15:47:35    -9341.724466       0.0047     --------     0.005561          3
MinModeTranslate:  150  15:47:35    -9341.724466       0.0047     0.100000     0.005561          3
MinModeTranslate:  151  15:47:35    -9341.719712       0.0041     --------     0.010802          3
MinModeTranslate:  151  15:47:35    -9341.719712       0.0041     0.100000     0.010802          3
MinModeTranslate:  152  15:47:35    -9341.718837       0.0022     --------     0.025548          3
MinModeTranslate:  152  15:47:35    -9341.718837       0.0022     0.100000     0.025548          3
MinModeTranslate:  153  15:47:35    -9341.715047       0.0033     --------     0.049380          3
MinModeTranslate:  153  15:47:35    -9341.715047       0.0033     0.100000     0.049380          3
MinModeTranslate:  154  15:47:35    -9341.712496       0.0031     --------     0.025969          3
MinModeTranslate:  154  15:47:35    -9341.712496       0.0031     0.100000     0.025969          3
MinModeTranslate:  155  15:47:35    -9341.711801       0.0030     --------     0.010208          3
MinModeTranslate:  155  15:47:35    -9341.711801       0.0030     0.100000     0.010208          3
MinModeTranslate:  156  15:47:35    -9341.709613       0.0045     --------     0.003466          3
MinModeTranslate:  156  15:47:35    -9341.709613       0.0045     0.100000     0.003466          3
MinModeTranslate:  157  15:47:35    -9341.706087       0.0036     --------     0.010048          3
MinModeTranslate:  157  15:47:35    -9341.706087       0.0036     0.100000     0.010048          3
MinModeTranslate:  158  15:47:35    -9341.705324       0.0028     --------     0.025551          3
MinModeTranslate:  158  15:47:35    -9341.705324       0.0028     0.100000     0.025551          3
MinModeTranslate:  159  15:47:35    -9341.702484       0.0038     --------     0.048327          3
MinModeTranslate:  159  15:47:35    -9341.702484       0.0038     0.100000     0.048327          3
MinModeTranslate:  160  15:47:35    -9341.700084       0.0036     --------     0.025617          3
