MinModeTranslate: STEP      TIME          ENERGY    MAX-FORCE     STEPSIZE    CURVATURE  ROT-STEPS
MinModeTranslate:    0  16:49:21   -12457.215840       6.1335     --------    -1.037796          3
MinModeTranslate:    0  16:49:21   -12457.215840       6.1335     0.100000    -1.037796          3
MinModeTranslate:    1  16:49:21   -12457.446201       6.2694     --------    -2.231399          3
MinModeTranslate:    1  16:49:21   -12457.446201       6.2694     0.100000    -2.231399          3
MinModeTranslate:    2  16:49:21   -12457.528252       6.3569     --------    -4.725320          3
MinModeTranslate:    2  16:49:21   -12457.528252       6.3569     0.100000    -4.725320          3
MinModeTranslate:    3  16:49:21   -12457.485034       6.2956     --------    -6.964297          3
MinModeTranslate:    3  16:49:21   -12457.485034       6.2956     0.100000    -6.964297          3
MinModeTranslate:    4  16:49:21   -12457.292375       5.9541     --------    -7.944674          3
MinModeTranslate:    4  16:49:21   -12457.292375       5.9541     0.100000    -7.944674          3
MinModeTranslate:    5  16:49:21   -12456.975044       5.2970     --------   -10.701043          3
MinModeTranslate:    5  16:49:21   -12456.975044       5.2970     0.100000   -10.701043          3
MinModeTranslate:    6  16:49:22   -12456.648670       4.3882     --------   -14.889338          3
MinModeTranslate:    6  16:49:22   -12456.648670       4.3882     0.100000   -14.889338          3
MinModeTranslate:    7  16:49:22   -12456.378467       3.4294     --------    -8.235990          3
MinModeTranslate:    7  16:49:22   -12456.378467       3.4294     0.100000    -8.235990          3
MinModeTranslate:    8  16:49:22   -12456.219022       2.7445     --------    -5.087524          3
MinModeTranslate:    8  16:49:22   -12456.219022       2.7445     0.100000    -5.087524          3
MinModeTranslate:    9  16:49:22   -12456.148704       2.4828     --------   -10.394251          3
MinModeTranslate:    9  16:49:22   -12456.148704       2.4828     0.100000   -10.394251          3
MinModeTranslate:   10  16:49:22   -12456.170284       2.0475     --------   -12.485040          3
MinModeTranslate:   10  16:49:22   -12456.170284       2.0475     0.100000   -12.485040          3
MinModeTranslate:   11  16:49:22   -12456.275825       2.3575     --------    -9.387695          3
MinModeTranslate:   11  16:49:22   -12456.275825       2.3575     0.100000    -9.387695          3
MinModeTranslate:   12  16:49:22   -12456.454429       1.1723     --------    -6.849905          3
MinModeTranslate:   12  16:49:22   -12456.454429       1.1723     0.061296    -6.849905          3
MinModeTranslate:   13  16:49:22   -12456.500179       1.9873     --------    -6.646534          3
MinModeTranslate:   13  16:49:22   -12456.500179       1.9873     0.100000    -6.646534          3
MinModeTranslate:   14  16:49:22   -12456.627307       1.7677     --------    -6.161976          3
MinModeTranslate:   14  16:49:22   -12456.627307       1.7677     0.026848    -6.161976          3
MinModeTranslate:   15  16:49:22   -12456.666148       0.6968     --------    -6.213401          3
MinModeTranslate:   15  16:49:22   -12456.666148       0.6968     0.100000    -6.213401          3
MinModeTranslate:   16  16:49:23   -12456.771625       0.6624     --------    -5.982907          3
MinModeTranslate:   16  16:49:23   -12456.771625       0.6624     0.094357    -5.982907          3
MinModeTranslate:   17  16:49:23   -12456.846306       1.0771     --------    -6.049175          3
MinModeTranslate:   17  16:49:23   -12456.846306       1.0771     0.100000    -6.049175          3
MinModeTranslate:   18  16:49:23   -12456.920720       1.0521     --------    -5.490668          3
MinModeTranslate:   18  16:49:23   -12456.920720       1.0521     0.036415    -5.490668          3
MinModeTranslate:   19  16:49:23   -12456.962815       0.5514     --------    -5.412749          3
MinModeTranslate:   19  16:49:23   -12456.962815       0.5514     0.061995    -5.412749          3
MinModeTranslate:   20  16:49:23   -12456.985484       0.9282     --------    -5.705007          3
MinModeTranslate:   20  16:49:23   -12456.985484       0.9282     0.100000    -5.705007          3
MinModeTranslate:   21  16:49:23   -12457.032029       0.8696     --------    -6.654538          3
MinModeTranslate:   21  16:49:23   -12457.032029       0.8696     0.087074    -6.654538          3
MinModeTranslate:   22  16:49:23   -12457.076204       0.7310     --------    -7.962731          3
MinModeTranslate:   22  16:49:23   -12457.076204       0.7310     0.064239    -7.962731          3
MinModeTranslate:   23  16:49:23   -12457.092505       0.6768     --------    -9.272443          3
MinModeTranslate:   23  16:49:23   -12457.092505       0.6768     0.046409    -9.272443          3
MinModeTranslate:   24  16:49:23   -12457.111928       0.3698     --------    -9.876911          3
MinModeTranslate:   24  16:49:23   -12457.111928       0.3698     0.024179    -9.876911          3
MinModeTranslate:   25  16:49:24   -12457.118749       0.3207     --------    -9.892940          3
MinModeTranslate:   25  16:49:24   -12457.118749       0.3207     0.047533    -9.892940          3
MinModeTranslate:   26  16:49:24   -12457.128278       0.7687     --------    -9.528276          3
MinModeTranslate:   26  16:49:24   -12457.128278       0.7687     0.100000    -9.528276          3
MinModeTranslate:   27  16:49:24   -12457.151526       0.7230     --------    -8.286603          3
MinModeTranslate:   27  16:49:24   -12457.151526       0.7230     0.100000    -8.286603          3
MinModeTranslate:   28  16:49:24   -12457.176622       0.7628     --------    -7.024657          3
MinModeTranslate:   28  16:49:24   -12457.176622       0.7628     0.100000    -7.024657          3
MinModeTranslate:   29  16:49:24   -12457.203647       0.4623     --------    -6.020820          3
MinModeTranslate:   29  16:49:24   -12457.203647       0.4623     0.018669    -6.020820          3
MinModeTranslate:   30  16:49:24   -12457.213098       0.3216     --------    -6.055529          3
MinModeTranslate:   30  16:49:24   -12457.213098       0.3216     0.029584    -6.055529          3
MinModeTranslate:   31  16:49:24   -12457.220263       0.5204     --------    -6.015633          3
MinModeTranslate:   31  16:49:24   -12457.220263       0.5204     0.037596    -6.015633          3
MinModeTranslate:   32  16:49:24   -12457.228636       0.3632     --------    -5.846684          3
MinModeTranslate:   32  16:49:24   -12457.228636       0.3632     0.037287    -5.846684          3
MinModeTranslate:   33  16:49:24   -12457.235960       0.3080     --------    -5.640834          3
MinModeTranslate:   33  16:49:24   -12457.235960       0.3080     0.048243    -5.640834          3
MinModeTranslate:   34  16:49:24   -12457.244438       0.4078     --------    -5.606920          3
MinModeTranslate:   34  16:49:24   -12457.244438       0.4078     0.079968    -5.606920          3
MinModeTranslate:   35  16:49:25   -12457.258554       0.5232     --------    -5.606340          3
MinModeTranslate:   35  16:49:25   -12457.258554       0.5232     0.047228    -5.606340          3
MinModeTranslate:   36  16:49:25   -12457.266286       0.4632     --------    -5.565258          3
MinModeTranslate:   36  16:49:25   -12457.266286       0.4632     0.083167    -5.565258          3
MinModeTranslate:   37  16:49:25   -12457.280143       0.5184     --------    -5.442195          3
MinModeTranslate:   37  16:49:25   -12457.280143       0.5184     0.100000    -5.442195          3
MinModeTranslate:   38  16:49:25   -12457.293464       0.5654     --------    -5.439973          3
MinModeTranslate:   38  16:49:25   -12457.293464       0.5654     0.100000    -5.439973          3
MinModeTranslate:   39  16:49:25   -12457.305512       0.4375     --------    -5.622145          3
MinModeTranslate:   39  16:49:25   -12457.305512       0.4375     0.020503    -5.622145          3
MinModeTranslate:   40  16:49:25   -12457.312098       0.3492     --------    -5.674940          3
MinModeTranslate:   40  16:49:25   -12457.312098       0.3492     0.034686    -5.674940          3
MinModeTranslate:   41  16:49:25   -12457.318845       0.3507     --------    -5.698234          3
MinModeTranslate:   41  16:49:25   -12457.318845       0.3507     0.020845    -5.698234          3
MinModeTranslate:   42  16:49:25   -12457.322418       0.2168     --------    -5.755079          3
MinModeTranslate:   42  16:49:25   -12457.322418       0.2168     0.018452    -5.755079          3
MinModeTranslate:   43  16:49:25   -12457.325036       0.2507     --------    -5.801197          3
MinModeTranslate:   43  16:49:25   -12457.325036       0.2507     0.028096    -5.801197          3
MinModeTranslate:   44  16:49:26   -12457.328761       0.1855     --------    -5.834024          3
MinModeTranslate:   44  16:49:26   -12457.328761       0.1855     0.020617    -5.834024          3
MinModeTranslate:   45  16:49:26   -12457.331028       0.1825     --------    -5.883264          3
MinModeTranslate:   45  16:49:26   -12457.331028       0.1825     0.019192    -5.883264          3
MinModeTranslate:   46  16:49:26   -12457.332876       0.1801     --------    -6.004104          3
MinModeTranslate:   46  16:49:26   -12457.332876       0.1801     0.023239    -6.004104          3
MinModeTranslate:   47  16:49:26   -12457.334845       0.1950     --------    -6.146644          3
MinModeTranslate:   47  16:49:26   -12457.334845       0.1950     0.032180    -6.146644          3
MinModeTranslate:   48  16:49:26   -12457.336968       0.1991     --------    -6.250885          3
MinModeTranslate:   48  16:49:26   -12457.336968       0.1991     0.041580    -6.250885          3
MinModeTranslate:   49  16:49:26   -12457.340082       0.2107     --------    -6.271774          3
MinModeTranslate:   49  16:49:26   -12457.340082       0.2107     0.030205    -6.271774          3
MinModeTranslate:   50  16:49:26   -12457.342453       0.2248     --------    -6.272194          3
MinModeTranslate:   50  16:49:26   -12457.342453       0.2248     0.053751    -6.272194          3
MinModeTranslate:   51  16:49:26   -12457.345604       0.2627     --------    -6.242676          3
MinModeTranslate:   51  16:49:26   -12457.345604       0.2627     0.046501    -6.242676          3
MinModeTranslate:   52  16:49:26   -12457.349404       0.2426     --------    -6.130177          3
MinModeTranslate:   52  16:49:26   -12457.349404       0.2426     0.026750    -6.130177          3
MinModeTranslate:   53  16:49:26   -12457.352055       0.2063     --------    -5.959277          3
MinModeTranslate:   53  16:49:27   -12457.352055       0.2063     0.018620    -5.959277          3
MinModeTranslate:   54  16:49:27   -12457.353352       0.1248     --------    -5.816319          3
MinModeTranslate:   54  16:49:27   -12457.353352       0.1248     0.028372    -5.816319          3
MinModeTranslate:   55  16:49:27   -12457.355053       0.1821     --------    -5.610865          3
MinModeTranslate:   55  16:49:27   -12457.355053       0.1821     0.015678    -5.610865          3
MinModeTranslate:   56  16:49:27   -12457.355934       0.1084     --------    -5.516112          3
MinModeTranslate:   56  16:49:27   -12457.355934       0.1084     0.015029    -5.516112          3
MinModeTranslate:   57  16:49:27   -12457.356790       0.1707     --------    -5.444811          3
MinModeTranslate:   57  16:49:27   -12457.356790       0.1707     0.019968    -5.444811          3
MinModeTranslate:   58  16:49:27   -12457.357873       0.1415     --------    -5.310344          3
MinModeTranslate:   58  16:49:27   -12457.357873       0.1415     0.022184    -5.310344          3
MinModeTranslate:   59  16:49:27   -12457.359023       0.1306     --------    -5.151602          3
MinModeTranslate:   59  16:49:27   -12457.359023       0.1306     0.024371    -5.151602          3
MinModeTranslate:   60  16:49:27   -12457.360344       0.0883     --------    -5.052484          3
MinModeTranslate:   60  16:49:27   -12457.360344       0.0883     0.035769    -5.052484          3
MinModeTranslate:   61  16:49:27   -12457.361925       0.2242     --------    -5.018012          3
MinModeTranslate:   61  16:49:27   -12457.361925       0.2242     0.054925    -5.018012          3
MinModeTranslate:   62  16:49:27   -12457.364158       0.2343     --------    -4.910025          3
MinModeTranslate:   62  16:49:27   -12457.364158       0.2343     0.020470    -4.910025          3
MinModeTranslate:   63  16:49:28   -12457.366197       0.1763     --------    -4.827223          3
MinModeTranslate:   63  16:49:28   -12457.366197       0.1763     0.024826    -4.827223          3
MinModeTranslate:   64  16:49:28   -12457.367845       0.2007     --------    -4.772064          3
MinModeTranslate:   64  16:49:28   -12457.367845       0.2007     0.036688    -4.772064          3
MinModeTranslate:   65  16:49:28   -12457.369825       0.1690     --------    -4.842416          3
MinModeTranslate:   65  16:49:28   -12457.369825       0.1690     0.022114    -4.842416          3
MinModeTranslate:   66  16:49:28   -12457.371597       0.1553     --------    -4.921583          3
MinModeTranslate:   66  16:49:28   -12457.371597       0.1553     0.026091    -4.921583          3
MinModeTranslate:   67  16:49:28   -12457.373483       0.2419     --------    -4.986055          3
MinModeTranslate:   67  16:49:28   -12457.373483       0.2419     0.027822    -4.986055          3
MinModeTranslate:   68  16:49:28   -12457.375040       0.1699     --------    -5.026128          3
MinModeTranslate:   68  16:49:28   -12457.375040       0.1699     0.024030    -5.026128          3
MinModeTranslate:   69  16:49:28   -12457.377000       0.1975     --------    -5.035903          3
MinModeTranslate:   69  16:49:28   -12457.377000       0.1975     0.034639    -5.035903          3
MinModeTranslate:   70  16:49:28   -12457.379426       0.1734     --------    -5.029054          3
MinModeTranslate:   70  16:49:28   -12457.379426       0.1734     0.040537    -5.029054          3
MinModeTranslate:   71  16:49:28   -12457.381117       0.1932     --------    -5.026210          3
MinModeTranslate:   71  16:49:28   -12457.381117       0.1932     0.046014    -5.026210          3
MinModeTranslate:   72  16:49:29   -12457.384765       0.1709     --------    -4.974364          3
MinModeTranslate:   72  16:49:29   -12457.384765       0.1709     0.030171    -4.974364          3
MinModeTranslate:   73  16:49:29   -12457.386928       0.2181     --------    -4.911430          3
MinModeTranslate:   73  16:49:29   -12457.386928       0.2181     0.027951    -4.911430          3
MinModeTranslate:   74  16:49:29   -12457.388125       0.1807     --------    -4.841076          3
MinModeTranslate:   74  16:49:29   -12457.388125       0.1807     0.017304    -4.841076          3
MinModeTranslate:   75  16:49:29   -12457.389786       0.2088     --------    -4.791602          3
MinModeTranslate:   75  16:49:29   -12457.389786       0.2088     0.025288    -4.791602          3
