MinModeTranslate: STEP      TIME          ENERGY    MAX-FORCE     STEPSIZE    CURVATURE  ROT-STEPS
MinModeTranslate:    0  17:25:22   -12455.312611       3.6597     --------    -0.080206          3
MinModeTranslate:    0  17:25:23   -12455.312611       3.6597     0.100000    -0.080206          3
MinModeTranslate:    1  17:25:23   -12455.898285       2.5638     --------    -3.534329          3
MinModeTranslate:    1  17:25:23   -12455.898285       2.5638     0.100000    -3.534329          3
MinModeTranslate:    2  17:25:23   -12456.212729       1.5714     --------    -4.972154          3
MinModeTranslate:    2  17:25:23   -12456.212729       1.5714     0.100000    -4.972154          3
MinModeTranslate:    3  17:25:23   -12456.332307       1.7922     --------    -6.123416          3
MinModeTranslate:    3  17:25:23   -12456.332307       1.7922     0.100000    -6.123416          3
MinModeTranslate:    4  17:25:23   -12456.374491       3.0748     --------    -8.367389          3
MinModeTranslate:    4  17:25:23   -12456.374491       3.0748     0.100000    -8.367389          3
MinModeTranslate:    5  17:25:23   -12456.435993       2.8623     --------   -14.213318          3
MinModeTranslate:    5  17:25:23   -12456.435993       2.8623     0.030691   -14.213318          3
MinModeTranslate:    6  17:25:23   -12456.504019       0.8860     --------   -15.101941          3
MinModeTranslate:    6  17:25:23   -12456.504019       0.8860     0.100000   -15.101941          3
MinModeTranslate:    7  17:25:23   -12456.632439       1.0002     --------   -21.382659          3
MinModeTranslate:    7  17:25:23   -12456.632439       1.0002     0.100000   -21.382659          3
MinModeTranslate:    8  17:25:23   -12456.735073       1.4859     --------   -21.769043          3
MinModeTranslate:    8  17:25:23   -12456.735073       1.4859     0.100000   -21.769043          3
MinModeTranslate:    9  17:25:23   -12456.828208       1.9575     --------   -20.872496          3
MinModeTranslate:    9  17:25:23   -12456.828208       1.9575     0.075011   -20.872496          3
MinModeTranslate:   10  17:25:23   -12456.927564       1.1592     --------   -20.019158          3
MinModeTranslate:   10  17:25:23   -12456.927564       1.1592     0.100000   -20.019158          3
MinModeTranslate:   11  17:25:23   -12456.995416       1.5670     --------   -16.499524          3
MinModeTranslate:   11  17:25:23   -12456.995416       1.5670     0.054866   -16.499524          3
MinModeTranslate:   12  17:25:24   -12457.059571       0.7008     --------   -15.204116          3
MinModeTranslate:   12  17:25:24   -12457.059571       0.7008     0.071789   -15.204116          3
MinModeTranslate:   13  17:25:24   -12457.093797       1.0085     --------   -13.759968          3
MinModeTranslate:   13  17:25:24   -12457.093797       1.0085     0.100000   -13.759968          3
MinModeTranslate:   14  17:25:24   -12457.146640       0.8953     --------   -10.534024          3
MinModeTranslate:   14  17:25:24   -12457.146640       0.8953     0.033496   -10.534024          3
MinModeTranslate:   15  17:25:24   -12457.168191       0.4561     --------   -10.364673          3
MinModeTranslate:   15  17:25:24   -12457.168191       0.4561     0.061245   -10.364673          3
MinModeTranslate:   16  17:25:24   -12457.184739       0.7300     --------    -9.969016          3
MinModeTranslate:   16  17:25:24   -12457.184739       0.7300     0.100000    -9.969016          3
MinModeTranslate:   17  17:25:24   -12457.217691       0.8601     --------    -9.195739          3
MinModeTranslate:   17  17:25:24   -12457.217691       0.8601     0.065951    -9.195739          3
MinModeTranslate:   18  17:25:24   -12457.243471       0.7477     --------    -8.785152          3
MinModeTranslate:   18  17:25:24   -12457.243471       0.7477     0.100000    -8.785152          3
MinModeTranslate:   19  17:25:24   -12457.279801       0.7259     --------    -7.993722          3
MinModeTranslate:   19  17:25:24   -12457.279801       0.7259     0.064614    -7.993722          3
MinModeTranslate:   20  17:25:24   -12457.304571       0.6282     --------    -8.351795          3
MinModeTranslate:   20  17:25:24   -12457.304571       0.6282     0.100000    -8.351795          3
MinModeTranslate:   21  17:25:24   -12457.342006       0.7401     --------    -9.169524          3
MinModeTranslate:   21  17:25:24   -12457.342006       0.7401     0.079591    -9.169524          3
MinModeTranslate:   22  17:25:24   -12457.381411       1.0955     --------    -8.896584          3
MinModeTranslate:   22  17:25:25   -12457.381411       1.0955     0.100000    -8.896584          3
MinModeTranslate:   23  17:25:25   -12457.417863       1.1837     --------    -9.185033          3
MinModeTranslate:   23  17:25:25   -12457.417863       1.1837     0.080988    -9.185033          3
MinModeTranslate:   24  17:25:25   -12457.474342       1.1794     --------   -10.463332          3
MinModeTranslate:   24  17:25:25   -12457.474342       1.1794     0.089854   -10.463332          3
MinModeTranslate:   25  17:25:25   -12457.514110       1.0885     --------   -10.273435          3
MinModeTranslate:   25  17:25:25   -12457.514110       1.0885     0.100000   -10.273435          3
MinModeTranslate:   26  17:25:25   -12457.568491       0.9783     --------    -6.932765          3
MinModeTranslate:   26  17:25:25   -12457.568491       0.9783     0.043388    -6.932765          3
MinModeTranslate:   27  17:25:25   -12457.594340       0.6018     --------    -5.492698          3
MinModeTranslate:   27  17:25:25   -12457.594340       0.6018     0.085343    -5.492698          3
MinModeTranslate:   28  17:25:25   -12457.611881       0.7619     --------    -3.456118          3
MinModeTranslate:   28  17:25:25   -12457.611881       0.7619     0.100000    -3.456118          3
MinModeTranslate:   29  17:25:25   -12457.638458       0.6722     --------    -3.627607          3
MinModeTranslate:   29  17:25:25   -12457.638458       0.6722     0.048575    -3.627607          3
MinModeTranslate:   30  17:25:25   -12457.653771       0.5705     --------    -4.391919          3
MinModeTranslate:   30  17:25:25   -12457.653771       0.5705     0.075679    -4.391919          3
MinModeTranslate:   31  17:25:25   -12457.672910       0.5404     --------    -4.411691          3
MinModeTranslate:   31  17:25:25   -12457.672910       0.5404     0.061521    -4.411691          3
MinModeTranslate:   32  17:25:25   -12457.690637       0.4868     --------    -3.942309          3
MinModeTranslate:   32  17:25:25   -12457.690637       0.4868     0.042337    -3.942309          3
MinModeTranslate:   33  17:25:25   -12457.703921       0.5150     --------    -3.481024          3
MinModeTranslate:   33  17:25:25   -12457.703921       0.5150     0.048450    -3.481024          3
MinModeTranslate:   34  17:25:25   -12457.716959       0.2972     --------    -2.873612          3
MinModeTranslate:   34  17:25:25   -12457.716959       0.2972     0.059699    -2.873612          3
MinModeTranslate:   35  17:25:26   -12457.728720       0.4310     --------    -2.775933          3
MinModeTranslate:   35  17:25:26   -12457.728720       0.4310     0.057077    -2.775933          3
MinModeTranslate:   36  17:25:26   -12457.737923       0.4973     --------    -2.839423          3
MinModeTranslate:   36  17:25:26   -12457.737923       0.4973     0.080579    -2.839423          3
MinModeTranslate:   37  17:25:26   -12457.749525       0.3567     --------    -3.556142          3
MinModeTranslate:   37  17:25:26   -12457.749525       0.3567     0.055215    -3.556142          3
MinModeTranslate:   38  17:25:26   -12457.756108       0.3489     --------    -3.690094          3
MinModeTranslate:   38  17:25:26   -12457.756108       0.3489     0.056203    -3.690094          3
MinModeTranslate:   39  17:25:26   -12457.761393       0.2769     --------    -3.914438          3
MinModeTranslate:   39  17:25:26   -12457.761393       0.2769     0.033935    -3.914438          3
MinModeTranslate:   40  17:25:26   -12457.764320       0.2749     --------    -4.277929          3
MinModeTranslate:   40  17:25:26   -12457.764320       0.2749     0.035817    -4.277929          3
MinModeTranslate:   41  17:25:26   -12457.767453       0.2334     --------    -4.522844          3
MinModeTranslate:   41  17:25:26   -12457.767453       0.2334     0.032503    -4.522844          3
MinModeTranslate:   42  17:25:26   -12457.770462       0.3029     --------    -4.955255          3
MinModeTranslate:   42  17:25:26   -12457.770462       0.3029     0.024081    -4.955255          3
MinModeTranslate:   43  17:25:26   -12457.772875       0.1467     --------    -5.065277          3
MinModeTranslate:   43  17:25:26   -12457.772875       0.1467     0.024088    -5.065277          3
MinModeTranslate:   44  17:25:26   -12457.775067       0.2458     --------    -5.083679          3
MinModeTranslate:   44  17:25:26   -12457.775067       0.2458     0.028254    -5.083679          3
MinModeTranslate:   45  17:25:26   -12457.777577       0.1562     --------    -5.214904          3
MinModeTranslate:   45  17:25:26   -12457.777577       0.1562     0.020551    -5.214904          3
MinModeTranslate:   46  17:25:26   -12457.779112       0.2297     --------    -5.200977          3
MinModeTranslate:   46  17:25:26   -12457.779112       0.2297     0.033239    -5.200977          3
MinModeTranslate:   47  17:25:26   -12457.781254       0.1091     --------    -5.076034          3
MinModeTranslate:   47  17:25:26   -12457.781254       0.1091     0.018536    -5.076034          3
MinModeTranslate:   48  17:25:27   -12457.782271       0.1855     --------    -4.937246          3
MinModeTranslate:   48  17:25:27   -12457.782271       0.1855     0.032622    -4.937246          3
MinModeTranslate:   49  17:25:27   -12457.783889       0.1754     --------    -4.760750          3
MinModeTranslate:   49  17:25:27   -12457.783889       0.1754     0.025277    -4.760750          3
MinModeTranslate:   50  17:25:27   -12457.785154       0.1522     --------    -4.533541          3
MinModeTranslate:   50  17:25:27   -12457.785154       0.1522     0.016624    -4.533541          3
MinModeTranslate:   51  17:25:27   -12457.785949       0.1222     --------    -4.375971          3
MinModeTranslate:   51  17:25:27   -12457.785949       0.1222     0.030600    -4.375971          3
MinModeTranslate:   52  17:25:27   -12457.787376       0.1621     --------    -4.048067          3
MinModeTranslate:   52  17:25:27   -12457.787376       0.1621     0.018110    -4.048067          3
MinModeTranslate:   53  17:25:27   -12457.788250       0.0785     --------    -3.898418          3
MinModeTranslate:   53  17:25:27   -12457.788250       0.0785     0.023340    -3.898418          3
MinModeTranslate:   54  17:25:27   -12457.789271       0.1420     --------    -4.006687          3
MinModeTranslate:   54  17:25:27   -12457.789271       0.1420     0.026491    -4.006687          3
MinModeTranslate:   55  17:25:27   -12457.790319       0.1324     --------    -4.041543          3
MinModeTranslate:   55  17:25:27   -12457.790319       0.1324     0.022885    -4.041543          3
MinModeTranslate:   56  17:25:27   -12457.791160       0.1121     --------    -4.101776          3
MinModeTranslate:   56  17:25:27   -12457.791160       0.1121     0.030079    -4.101776          3
MinModeTranslate:   57  17:25:27   -12457.792115       0.1830     --------    -4.149173          3
MinModeTranslate:   57  17:25:27   -12457.792115       0.1830     0.038218    -4.149173          3
MinModeTranslate:   58  17:25:27   -12457.793283       0.1169     --------    -4.283693          3
MinModeTranslate:   58  17:25:27   -12457.793283       0.1169     0.039554    -4.283693          3
MinModeTranslate:   59  17:25:27   -12457.794553       0.1567     --------    -4.425308          3
MinModeTranslate:   59  17:25:27   -12457.794553       0.1567     0.032930    -4.425308          3
MinModeTranslate:   60  17:25:28   -12457.795667       0.0897     --------    -4.468059          3
MinModeTranslate:   60  17:25:28   -12457.795667       0.0897     0.029851    -4.468059          3
MinModeTranslate:   61  17:25:28   -12457.796608       0.0990     --------    -4.497371          3
MinModeTranslate:   61  17:25:28   -12457.796608       0.0990     0.032264    -4.497371          3
MinModeTranslate:   62  17:25:28   -12457.797684       0.1360     --------    -4.477781          3
MinModeTranslate:   62  17:25:28   -12457.797684       0.1360     0.038553    -4.477781          3
MinModeTranslate:   63  17:25:28   -12457.798940       0.1275     --------    -4.543524          3
MinModeTranslate:   63  17:25:28   -12457.798940       0.1275     0.061662    -4.543524          3
MinModeTranslate:   64  17:25:28   -12457.800416       0.1905     --------    -4.340754          3
MinModeTranslate:   64  17:25:28   -12457.800416       0.1905     0.061348    -4.340754          3
MinModeTranslate:   65  17:25:28   -12457.802065       0.1226     --------    -4.229388          3
MinModeTranslate:   65  17:25:28   -12457.802065       0.1226     0.031405    -4.229388          3
MinModeTranslate:   66  17:25:28   -12457.804008       0.2018     --------    -4.318216          3
MinModeTranslate:   66  17:25:28   -12457.804008       0.2018     0.041591    -4.318216          3
MinModeTranslate:   67  17:25:28   -12457.806044       0.1719     --------    -4.267775          3
MinModeTranslate:   67  17:25:28   -12457.806044       0.1719     0.052407    -4.267775          3
MinModeTranslate:   68  17:25:28   -12457.808344       0.2259     --------    -4.258069          3
MinModeTranslate:   68  17:25:28   -12457.808344       0.2259     0.054207    -4.258069          3
MinModeTranslate:   69  17:25:28   -12457.811784       0.2400     --------    -4.157418          3
MinModeTranslate:   69  17:25:28   -12457.811784       0.2400     0.082017    -4.157418          3
MinModeTranslate:   70  17:25:28   -12457.816161       0.2044     --------    -4.261879          3
MinModeTranslate:   70  17:25:28   -12457.816161       0.2044     0.049504    -4.261879          3
MinModeTranslate:   71  17:25:29   -12457.817888       0.2236     --------    -4.206756          3
MinModeTranslate:   71  17:25:29   -12457.817888       0.2236     0.013820    -4.206756          3
MinModeTranslate:   72  17:25:29   -12457.820120       0.2445     --------    -4.183754          3
MinModeTranslate:   72  17:25:29   -12457.820120       0.2445     0.019116    -4.183754          3
MinModeTranslate:   73  17:25:29   -12457.822413       0.1072     --------    -4.259189          3
MinModeTranslate:   73  17:25:29   -12457.822413       0.1072     0.009289    -4.259189          3
MinModeTranslate:   74  17:25:29   -12457.823132       0.1754     --------    -4.192723          3
MinModeTranslate:   74  17:25:29   -12457.823132       0.1754     0.026547    -4.192723          3
MinModeTranslate:   75  17:25:29   -12457.825049       0.1543     --------    -4.264472          3
MinModeTranslate:   75  17:25:29   -12457.825049       0.1543     0.027803    -4.264472          3
MinModeTranslate:   76  17:25:29   -12457.827057       0.1683     --------    -4.274763          3
MinModeTranslate:   76  17:25:29   -12457.827057       0.1683     0.039260    -4.274763          3
MinModeTranslate:   77  17:25:29   -12457.829597       0.1974     --------    -4.539591          3
MinModeTranslate:   77  17:25:29   -12457.829597       0.1974     0.100000    -4.539591          3
MinModeTranslate:   78  17:25:29   -12457.837970       0.2538     --------    -5.552768          3
MinModeTranslate:   78  17:25:29   -12457.837970       0.2538     0.030987    -5.552768          3
MinModeTranslate:   79  17:25:29   -12457.841884       0.1951     --------    -5.638531          3
MinModeTranslate:   79  17:25:29   -12457.841884       0.1951     0.030492    -5.638531          3
MinModeTranslate:   80  17:25:29   -12457.844185       0.2011     --------    -5.649046          3
MinModeTranslate:   80  17:25:29   -12457.844185       0.2011     0.030453    -5.649046          3
MinModeTranslate:   81  17:25:29   -12457.846082       0.1569     --------    -5.361470          3
MinModeTranslate:   81  17:25:29   -12457.846082       0.1569     0.032404    -5.361470          3
MinModeTranslate:   82  17:25:30   -12457.848087       0.2256     --------    -5.086947          3
MinModeTranslate:   82  17:25:30   -12457.848087       0.2256     0.023922    -5.086947          3
MinModeTranslate:   83  17:25:30   -12457.849714       0.1522     --------    -4.965407          3
MinModeTranslate:   83  17:25:30   -12457.849714       0.1522     0.019066    -4.965407          3
MinModeTranslate:   84  17:25:30   -12457.850856       0.1415     --------    -4.795850          3
MinModeTranslate:   84  17:25:30   -12457.850856       0.1415     0.020949    -4.795850          3
MinModeTranslate:   85  17:25:30   -12457.852195       0.1498     --------    -4.666395          3
MinModeTranslate:   85  17:25:30   -12457.852195       0.1498     0.025928    -4.666395          3
MinModeTranslate:   86  17:25:30   -12457.853925       0.1197     --------    -4.291772          3
MinModeTranslate:   86  17:25:30   -12457.853925       0.1197     0.015184    -4.291772          3
MinModeTranslate:   87  17:25:30   -12457.854772       0.1098     --------    -4.235334          3
MinModeTranslate:   87  17:25:30   -12457.854772       0.1098     0.019441    -4.235334          3
MinModeTranslate:   88  17:25:30   -12457.855696       0.1081     --------    -4.362433          3
MinModeTranslate:   88  17:25:30   -12457.855696       0.1081     0.014216    -4.362433          3
MinModeTranslate:   89  17:25:30   -12457.856238       0.1174     --------    -4.332190          3
MinModeTranslate:   89  17:25:30   -12457.856238       0.1174     0.017907    -4.332190          3
MinModeTranslate:   90  17:25:30   -12457.856831       0.0941     --------    -4.453157          3
MinModeTranslate:   90  17:25:30   -12457.856831       0.0941     0.037879    -4.453157          3
MinModeTranslate:   91  17:25:30   -12457.858090       0.1632     --------    -4.865639          3
MinModeTranslate:   91  17:25:30   -12457.858090       0.1632     0.020424    -4.865639          3
MinModeTranslate:   92  17:25:30   -12457.858853       0.1109     --------    -5.091303          3
MinModeTranslate:   92  17:25:30   -12457.858853       0.1109     0.018375    -5.091303          3
MinModeTranslate:   93  17:25:31   -12457.859551       0.0849     --------    -5.248109          3
MinModeTranslate:   93  17:25:31   -12457.859551       0.0849     0.020230    -5.248109          3
MinModeTranslate:   94  17:25:31   -12457.860303       0.0922     --------    -5.275337          3
MinModeTranslate:   94  17:25:31   -12457.860303       0.0922     0.013773    -5.275337          3
MinModeTranslate:   95  17:25:31   -12457.860772       0.0805     --------    -5.314618          3
MinModeTranslate:   95  17:25:31   -12457.860772       0.0805     0.022048    -5.314618          3
MinModeTranslate:   96  17:25:31   -12457.861411       0.1042     --------    -5.213426          3
MinModeTranslate:   96  17:25:31   -12457.861411       0.1042     0.022491    -5.213426          3
MinModeTranslate:   97  17:25:31   -12457.861996       0.0972     --------    -5.096190          3
MinModeTranslate:   97  17:25:31   -12457.861996       0.0972     0.014620    -5.096190          3
MinModeTranslate:   98  17:25:31   -12457.862336       0.1029     --------    -5.069985          3
MinModeTranslate:   98  17:25:31   -12457.862336       0.1029     0.030922    -5.069985          3
MinModeTranslate:   99  17:25:31   -12457.863085       0.0767     --------    -4.895307          3
MinModeTranslate:   99  17:25:31   -12457.863085       0.0767     0.018510    -4.895307          3
MinModeTranslate:  100  17:25:31   -12457.863543       0.1038     --------    -4.905427          3
MinModeTranslate:  100  17:25:31   -12457.863543       0.1038     0.023302    -4.905427          3
MinModeTranslate:  101  17:25:31   -12457.864164       0.0916     --------    -4.917484          3
MinModeTranslate:  101  17:25:31   -12457.864164       0.0916     0.025035    -4.917484          3
MinModeTranslate:  102  17:25:31   -12457.864820       0.0802     --------    -4.847968          3
MinModeTranslate:  102  17:25:31   -12457.864820       0.0802     0.014960    -4.847968          3
MinModeTranslate:  103  17:25:31   -12457.865181       0.0874     --------    -4.895844          3
MinModeTranslate:  103  17:25:31   -12457.865181       0.0874     0.018531    -4.895844          3
MinModeTranslate:  104  17:25:32   -12457.865586       0.0746     --------    -4.938177          3
MinModeTranslate:  104  17:25:32   -12457.865586       0.0746     0.017080    -4.938177          3
MinModeTranslate:  105  17:25:32   -12457.865899       0.0760     --------    -5.048572          3
MinModeTranslate:  105  17:25:32   -12457.865899       0.0760     0.014515    -5.048572          3
MinModeTranslate:  106  17:25:32   -12457.866152       0.0560     --------    -5.141295          3
MinModeTranslate:  106  17:25:32   -12457.866152       0.0560     0.012249    -5.141295          3
MinModeTranslate:  107  17:25:32   -12457.866370       0.0619     --------    -5.165916          3
MinModeTranslate:  107  17:25:32   -12457.866370       0.0619     0.007675    -5.165916          3
MinModeTranslate:  108  17:25:32   -12457.866500       0.0391     --------    -5.232978          3
MinModeTranslate:  108  17:25:32   -12457.866500       0.0391     0.009566    -5.232978          3
MinModeTranslate:  109  17:25:32   -12457.866668       0.0713     --------    -5.329365          3
MinModeTranslate:  109  17:25:32   -12457.866668       0.0713     0.007904    -5.329365          3
MinModeTranslate:  110  17:25:32   -12457.866822       0.0306     --------    -5.373896          3
MinModeTranslate:  110  17:25:32   -12457.866822       0.0306     0.005097    -5.373896          3
MinModeTranslate:  111  17:25:32   -12457.866914       0.0374     --------    -5.362300          3
MinModeTranslate:  111  17:25:32   -12457.866914       0.0374     0.005850    -5.362300          3
MinModeTranslate:  112  17:25:32   -12457.867000       0.0252     --------    -5.357618          3
MinModeTranslate:  112  17:25:32   -12457.867000       0.0252     0.002454    -5.357618          3
MinModeTranslate:  113  17:25:32   -12457.867028       0.0227     --------    -5.367567          1
MinModeTranslate:  113  17:25:32   -12457.867028       0.0227     0.002717    -5.367567          1
MinModeTranslate:  114  17:25:32   -12457.867048       0.0194     --------    -5.339299          1
MinModeTranslate:  114  17:25:32   -12457.867048       0.0194     0.003880    -5.339299          1
MinModeTranslate:  115  17:25:32   -12457.867089       0.0249     --------    -5.268826          2
MinModeTranslate:  115  17:25:32   -12457.867089       0.0249     0.002517    -5.268826          2
MinModeTranslate:  116  17:25:33   -12457.867107       0.0169     --------    -5.222926          2
MinModeTranslate:  116  17:25:33   -12457.867107       0.0169     0.002645    -5.222926          2
MinModeTranslate:  117  17:25:33   -12457.867130       0.0166     --------    -5.176931          3
MinModeTranslate:  117  17:25:33   -12457.867130       0.0166     0.001808    -5.176931          3
MinModeTranslate:  118  17:25:33   -12457.867149       0.0165     --------    -5.168473          1
MinModeTranslate:  118  17:25:33   -12457.867149       0.0165     0.002071    -5.168473          1
MinModeTranslate:  119  17:25:33   -12457.867159       0.0144     --------    -5.154576          2
MinModeTranslate:  119  17:25:33   -12457.867159       0.0144     0.002262    -5.154576          2
MinModeTranslate:  120  17:25:33   -12457.867176       0.0140     --------    -5.163809          1
MinModeTranslate:  120  17:25:33   -12457.867176       0.0140     0.001912    -5.163809          1
MinModeTranslate:  121  17:25:33   -12457.867188       0.0113     --------    -5.182564          2
MinModeTranslate:  121  17:25:33   -12457.867188       0.0113     0.002371    -5.182564          2
MinModeTranslate:  122  17:25:33   -12457.867198       0.0152     --------    -5.199429          1
MinModeTranslate:  122  17:25:33   -12457.867198       0.0152     0.002396    -5.199429          1
MinModeTranslate:  123  17:25:33   -12457.867206       0.0123     --------    -5.225633          1
MinModeTranslate:  123  17:25:33   -12457.867206       0.0123     0.002257    -5.225633          1
MinModeTranslate:  124  17:25:33   -12457.867215       0.0134     --------    -5.239748          1
MinModeTranslate:  124  17:25:33   -12457.867215       0.0134     0.003684    -5.239748          1
MinModeTranslate:  125  17:25:33   -12457.867239       0.0170     --------    -5.274853          1
MinModeTranslate:  125  17:25:33   -12457.867239       0.0170     0.003183    -5.274853          1
MinModeTranslate:  126  17:25:33   -12457.867254       0.0127     --------    -5.295522          2
MinModeTranslate:  126  17:25:33   -12457.867254       0.0127     0.002191    -5.295522          2
MinModeTranslate:  127  17:25:33   -12457.867259       0.0124     --------    -5.301204          1
MinModeTranslate:  127  17:25:33   -12457.867259       0.0124     0.003749    -5.301204          1
MinModeTranslate:  128  17:25:33   -12457.867274       0.0141     --------    -5.295099          1
MinModeTranslate:  128  17:25:33   -12457.867274       0.0141     0.002393    -5.295099          1
MinModeTranslate:  129  17:25:33   -12457.867291       0.0115     --------    -5.287210          1
MinModeTranslate:  129  17:25:33   -12457.867291       0.0115     0.003293    -5.287210          1
MinModeTranslate:  130  17:25:33   -12457.867294       0.0143     --------    -5.273343          1
MinModeTranslate:  130  17:25:33   -12457.867294       0.0143     0.003944    -5.273343          1
MinModeTranslate:  131  17:25:33   -12457.867313       0.0134     --------    -5.256070          1
MinModeTranslate:  131  17:25:34   -12457.867313       0.0134     0.003039    -5.256070          1
MinModeTranslate:  132  17:25:34   -12457.867318       0.0128     --------    -5.240220          1
MinModeTranslate:  132  17:25:34   -12457.867318       0.0128     0.002840    -5.240220          1
MinModeTranslate:  133  17:25:34   -12457.867330       0.0095     --------    -5.232903          1
MinModeTranslate:  133  17:25:34   -12457.867330       0.0095     0.001904    -5.232903          1
MinModeTranslate:  134  17:25:34   -12457.867333       0.0092     --------    -5.220914          1
MinModeTranslate:  134  17:25:34   -12457.867333       0.0092     0.003464    -5.220914          1
MinModeTranslate:  135  17:25:34   -12457.867351       0.0167     --------    -5.216160          1
MinModeTranslate:  135  17:25:34   -12457.867351       0.0167     0.005621    -5.216160          1
MinModeTranslate:  136  17:25:34   -12457.867368       0.0148     --------    -5.224147          1
MinModeTranslate:  136  17:25:34   -12457.867368       0.0148     0.006799    -5.224147          1
MinModeTranslate:  137  17:25:34   -12457.867383       0.0169     --------    -5.251686          1
MinModeTranslate:  137  17:25:34   -12457.867383       0.0169     0.007864    -5.251686          1
MinModeTranslate:  138  17:25:34   -12457.867410       0.0271     --------    -5.281769          1
MinModeTranslate:  138  17:25:34   -12457.867410       0.0271     0.009013    -5.281769          1
MinModeTranslate:  139  17:25:34   -12457.867431       0.0202     --------    -5.304496          3
MinModeTranslate:  139  17:25:34   -12457.867431       0.0202     0.011765    -5.304496          3
MinModeTranslate:  140  17:25:34   -12457.867471       0.0214     --------    -5.355878          3
MinModeTranslate:  140  17:25:34   -12457.867471       0.0214     0.015830    -5.355878          3
MinModeTranslate:  141  17:25:34   -12457.867518       0.0318     --------    -5.395153          3
MinModeTranslate:  141  17:25:34   -12457.867518       0.0318     0.017574    -5.395153          3
MinModeTranslate:  142  17:25:34   -12457.867569       0.0309     --------    -5.407516          3
MinModeTranslate:  142  17:25:34   -12457.867569       0.0309     0.017898    -5.407516          3
MinModeTranslate:  143  17:25:34   -12457.867628       0.0290     --------    -5.402243          3
MinModeTranslate:  143  17:25:34   -12457.867628       0.0290     0.032475    -5.402243          3
MinModeTranslate:  144  17:25:35   -12457.867717       0.0481     --------    -5.347505          3
MinModeTranslate:  144  17:25:35   -12457.867717       0.0481     0.024368    -5.347505          3
MinModeTranslate:  145  17:25:35   -12457.867786       0.0342     --------    -5.324418          3
MinModeTranslate:  145  17:25:35   -12457.867786       0.0342     0.057280    -5.324418          3
MinModeTranslate:  146  17:25:35   -12457.867950       0.0395     --------    -5.275336          3
MinModeTranslate:  146  17:25:35   -12457.867950       0.0395     0.045521    -5.275336          3
MinModeTranslate:  147  17:25:35   -12457.868084       0.0353     --------    -5.226574          3
MinModeTranslate:  147  17:25:35   -12457.868084       0.0353     0.100000    -5.226574          3
MinModeTranslate:  148  17:25:35   -12457.868348       0.0754     --------    -5.130119          3
MinModeTranslate:  148  17:25:35   -12457.868348       0.0754     0.095721    -5.130119          3
MinModeTranslate:  149  17:25:35   -12457.868609       0.0894     --------    -5.065182          3
MinModeTranslate:  149  17:25:35   -12457.868609       0.0894     0.041378    -5.065182          3
MinModeTranslate:  150  17:25:35   -12457.868982       0.0719     --------    -5.142556          3
MinModeTranslate:  150  17:25:35   -12457.868982       0.0719     0.048432    -5.142556          3
MinModeTranslate:  151  17:25:35   -12457.869479       0.1027     --------    -5.216279          3
MinModeTranslate:  151  17:25:35   -12457.869479       0.1027     0.041422    -5.216279          3
MinModeTranslate:  152  17:25:35   -12457.869880       0.0871     --------    -5.279305          3
MinModeTranslate:  152  17:25:35   -12457.869880       0.0871     0.086736    -5.279305          3
MinModeTranslate:  153  17:25:35   -12457.870685       0.1414     --------    -5.469234          3
MinModeTranslate:  153  17:25:35   -12457.870685       0.1414     0.100000    -5.469234          3
MinModeTranslate:  154  17:25:35   -12457.871941       0.1371     --------    -5.553010          3
MinModeTranslate:  154  17:25:35   -12457.871941       0.1371     0.100000    -5.553010          3
MinModeTranslate:  155  17:25:35   -12457.873436       0.1112     --------    -5.549021          3
MinModeTranslate:  155  17:25:35   -12457.873436       0.1112     0.100000    -5.549021          3
MinModeTranslate:  156  17:25:36   -12457.875356       0.1438     --------    -5.513124          3
MinModeTranslate:  156  17:25:36   -12457.875356       0.1438     0.100000    -5.513124          3
MinModeTranslate:  157  17:25:36   -12457.877427       0.1841     --------    -5.366465          3
MinModeTranslate:  157  17:25:36   -12457.877427       0.1841     0.100000    -5.366465          3
MinModeTranslate:  158  17:25:36   -12457.879297       0.1443     --------    -5.207377          3
MinModeTranslate:  158  17:25:36   -12457.879297       0.1443     0.062642    -5.207377          3
MinModeTranslate:  159  17:25:36   -12457.880867       0.2031     --------    -5.215235          3
MinModeTranslate:  159  17:25:36   -12457.880867       0.2031     0.100000    -5.215235          3
MinModeTranslate:  160  17:25:36   -12457.882922       0.2096     --------    -5.196380          3
