      Step     Time          Energy          fmax
BFGS:    0 14:23:36    -8295.584759        2.375610
BFGS:    1 14:23:36    -8295.762958        3.007003
BFGS:    2 14:23:36    -8296.137095        4.936536
BFGS:    3 14:23:36    -8296.309753        8.360579
BFGS:    4 14:23:36    -8296.554727        5.508591
BFGS:    5 14:23:37    -8297.075222        3.306929
BFGS:    6 14:23:37    -8297.516712        2.280318
BFGS:    7 14:23:37    -8297.765240        2.039380
BFGS:    8 14:23:37    -8297.936204        2.151173
BFGS:    9 14:23:37    -8298.014795        1.240774
BFGS:   10 14:23:37    -8298.053775        0.579167
BFGS:   11 14:23:37    -8298.076810        0.891583
BFGS:   12 14:23:37    -8298.095908        1.083255
BFGS:   13 14:23:37    -8298.126578        0.827216
BFGS:   14 14:23:37    -8298.144119        0.365179
BFGS:   15 14:23:37    -8298.153459        0.336463
BFGS:   16 14:23:37    -8298.159199        0.235947
BFGS:   17 14:23:37    -8298.164304        0.228630
BFGS:   18 14:23:37    -8298.168822        0.211036
BFGS:   19 14:23:37    -8298.172179        0.161027
BFGS:   20 14:23:37    -8298.174609        0.133579
BFGS:   21 14:23:37    -8298.176674        0.111657
BFGS:   22 14:23:37    -8298.178378        0.105951
BFGS:   23 14:23:37    -8298.179599        0.111393
BFGS:   24 14:23:37    -8298.180517        0.104997
BFGS:   25 14:23:37    -8298.181385        0.096804
BFGS:   26 14:23:37    -8298.182154        0.089938
BFGS:   27 14:23:37    -8298.182670        0.082079
BFGS:   28 14:23:37    -8298.183032        0.051627
BFGS:   29 14:23:37    -8298.183414        0.072801
BFGS:   30 14:23:37    -8298.183986        0.088878
BFGS:   31 14:23:37    -8298.184751        0.132479
BFGS:   32 14:23:37    -8298.185511        0.115407
BFGS:   33 14:23:37    -8298.185996        0.056815
BFGS:   34 14:23:37    -8298.186270        0.055033
BFGS:   35 14:23:37    -8298.186470        0.057479
BFGS:   36 14:23:37    -8298.186659        0.053096
BFGS:   37 14:23:37    -8298.186823        0.037012
BFGS:   38 14:23:37    -8298.186931        0.025068
BFGS:   39 14:23:37    -8298.187017        0.026812
BFGS:   40 14:23:37    -8298.187109        0.034766
BFGS:   41 14:23:37    -8298.187274        0.053542
BFGS:   42 14:23:37    -8298.187529        0.086255
BFGS:   43 14:23:37    -8298.187925        0.119845
BFGS:   44 14:23:37    -8298.188415        0.127899
BFGS:   45 14:23:37    -8298.188957        0.097614
BFGS:   46 14:23:37    -8298.189467        0.074930
BFGS:   47 14:23:37    -8298.190003        0.080709
BFGS:   48 14:23:37    -8298.190541        0.109974
BFGS:   49 14:23:37    -8298.190929        0.089220
BFGS:   50 14:23:37    -8298.191124        0.038638
BFGS:   51 14:23:37    -8298.191228        0.022187
BFGS:   52 14:23:37    -8298.191303        0.039382
BFGS:   53 14:23:38    -8298.191374        0.044640
BFGS:   54 14:23:38    -8298.191440        0.033281
BFGS:   55 14:23:38    -8298.191495        0.020604
BFGS:   56 14:23:38    -8298.191564        0.032123
BFGS:   57 14:23:38    -8298.191667        0.047531
BFGS:   58 14:23:38    -8298.191755        0.046691
BFGS:   59 14:23:38    -8298.191854        0.030495
BFGS:   60 14:23:38    -8298.191932        0.020956
BFGS:   61 14:23:38    -8298.191985        0.023576
BFGS:   62 14:23:38    -8298.192019        0.024113
BFGS:   63 14:23:38    -8298.192044        0.013151
BFGS:   64 14:23:38    -8298.192058        0.012478
BFGS:   65 14:23:38    -8298.192069        0.012811
BFGS:   66 14:23:38    -8298.192094        0.022024
BFGS:   67 14:23:38    -8298.192135        0.028455
BFGS:   68 14:23:38    -8298.192184        0.024593
BFGS:   69 14:23:38    -8298.192214        0.019043
BFGS:   70 14:23:38    -8298.192240        0.016615
BFGS:   71 14:23:38    -8298.192270        0.018070
BFGS:   72 14:23:38    -8298.192300        0.026530
BFGS:   73 14:23:38    -8298.192357        0.026457
BFGS:   74 14:23:38    -8298.192407        0.015566
BFGS:   75 14:23:38    -8298.192444        0.014916
BFGS:   76 14:23:38    -8298.192475        0.013962
BFGS:   77 14:23:38    -8298.192513        0.017376
BFGS:   78 14:23:38    -8298.192547        0.014069
BFGS:   79 14:23:38    -8298.192570        0.014579
BFGS:   80 14:23:38    -8298.192598        0.015856
BFGS:   81 14:23:38    -8298.192639        0.020431
BFGS:   82 14:23:38    -8298.192692        0.024346
BFGS:   83 14:23:38    -8298.192741        0.019068
BFGS:   84 14:23:38    -8298.192769        0.014295
BFGS:   85 14:23:38    -8298.192783        0.009127
BFGS:   86 14:23:38    -8298.192788        0.007540
BFGS:   87 14:23:38    -8298.192799        0.005999
BFGS:   88 14:23:38    -8298.192802        0.006439
BFGS:   89 14:23:38    -8298.192810        0.005626
BFGS:   90 14:23:38    -8298.192820        0.008145
BFGS:   91 14:23:38    -8298.192833        0.012075
BFGS:   92 14:23:38    -8298.192861        0.017059
BFGS:   93 14:23:38    -8298.192901        0.022397
BFGS:   94 14:23:38    -8298.192946        0.020691
BFGS:   95 14:23:38    -8298.192988        0.017165
BFGS:   96 14:23:38    -8298.193015        0.018724
BFGS:   97 14:23:38    -8298.193062        0.020907
BFGS:   98 14:23:38    -8298.193102        0.024274
BFGS:   99 14:23:39    -8298.193153        0.022430
BFGS:  100 14:23:39    -8298.193192        0.014867
BFGS:  101 14:23:39    -8298.193213        0.013310
BFGS:  102 14:23:39    -8298.193231        0.008416
BFGS:  103 14:23:39    -8298.193234        0.006218
BFGS:  104 14:23:39    -8298.193239        0.005113
BFGS:  105 14:23:39    -8298.193239        0.005511
BFGS:  106 14:23:39    -8298.193253        0.004476
