      Step     Time          Energy          fmax
BFGS:    0 16:54:13    -6226.199762        1.728274
BFGS:    1 16:54:13    -6226.322546        2.045840
BFGS:    2 16:54:13    -6226.603404        8.424829
BFGS:    3 16:54:13    -6226.821155        9.800033
BFGS:    4 16:54:13    -6226.784942        8.381499
BFGS:    5 16:54:13    -6227.146963        2.637707
BFGS:    6 16:54:13    -6227.315142        2.695516
BFGS:    7 16:54:13    -6227.433007        1.539697
BFGS:    8 16:54:13    -6227.461145        0.603651
BFGS:    9 16:54:13    -6227.472582        0.436882
BFGS:   10 16:54:13    -6227.486019        0.346615
BFGS:   11 16:54:13    -6227.496854        0.509889
BFGS:   12 16:54:13    -6227.508467        0.459329
BFGS:   13 16:54:13    -6227.518148        0.220025
BFGS:   14 16:54:13    -6227.526119        0.370988
BFGS:   15 16:54:13    -6227.538245        0.682498
BFGS:   16 16:54:13    -6227.553102        0.886764
BFGS:   17 16:54:13    -6227.586830        1.080523
BFGS:   18 16:54:13    -6227.601831        0.694810
BFGS:   19 16:54:13    -6227.622645        0.484287
BFGS:   20 16:54:13    -6227.631875        0.417487
BFGS:   21 16:54:13    -6227.640772        0.343668
BFGS:   22 16:54:13    -6227.645809        0.208906
BFGS:   23 16:54:13    -6227.648469        0.247268
BFGS:   24 16:54:13    -6227.650900        0.273587
BFGS:   25 16:54:13    -6227.654226        0.218509
BFGS:   26 16:54:13    -6227.656927        0.170911
BFGS:   27 16:54:13    -6227.658335        0.123716
BFGS:   28 16:54:13    -6227.659782        0.108328
BFGS:   29 16:54:13    -6227.661097        0.090892
BFGS:   30 16:54:13    -6227.662080        0.080474
BFGS:   31 16:54:13    -6227.662625        0.062197
BFGS:   32 16:54:13    -6227.662922        0.046895
BFGS:   33 16:54:13    -6227.663216        0.055484
BFGS:   34 16:54:13    -6227.663670        0.066771
BFGS:   35 16:54:13    -6227.664310        0.118558
BFGS:   36 16:54:13    -6227.665104        0.157952
BFGS:   37 16:54:13    -6227.666071        0.159962
BFGS:   38 16:54:14    -6227.667332        0.147069
BFGS:   39 16:54:14    -6227.668979        0.157633
BFGS:   40 16:54:14    -6227.671051        0.154290
BFGS:   41 16:54:14    -6227.672865        0.136060
BFGS:   42 16:54:14    -6227.673661        0.115962
BFGS:   43 16:54:14    -6227.674033        0.144323
BFGS:   44 16:54:14    -6227.674641        0.081313
BFGS:   45 16:54:14    -6227.675026        0.058533
BFGS:   46 16:54:14    -6227.675234        0.075936
BFGS:   47 16:54:14    -6227.675446        0.077121
BFGS:   48 16:54:14    -6227.675648        0.081037
BFGS:   49 16:54:14    -6227.675897        0.073831
BFGS:   50 16:54:14    -6227.676239        0.101238
BFGS:   51 16:54:14    -6227.676766        0.088334
BFGS:   52 16:54:14    -6227.677503        0.097532
BFGS:   53 16:54:14    -6227.678127        0.094201
BFGS:   54 16:54:14    -6227.678445        0.064224
BFGS:   55 16:54:14    -6227.678646        0.048934
BFGS:   56 16:54:14    -6227.678853        0.048091
BFGS:   57 16:54:14    -6227.679396        0.076997
BFGS:   58 16:54:14    -6227.680216        0.088954
BFGS:   59 16:54:14    -6227.681051        0.086303
BFGS:   60 16:54:14    -6227.681665        0.053030
BFGS:   61 16:54:14    -6227.681928        0.048654
BFGS:   62 16:54:14    -6227.682081        0.048819
BFGS:   63 16:54:14    -6227.682328        0.058971
BFGS:   64 16:54:14    -6227.683163        0.218825
BFGS:   65 16:54:14    -6227.684454        0.304307
BFGS:   66 16:54:14    -6227.687535        0.367222
BFGS:   67 16:54:14    -6227.682782        0.565783
BFGS:   68 16:54:14    -6227.689385        0.184731
BFGS:   69 16:54:14    -6227.687839        0.626295
BFGS:   70 16:54:14    -6227.691547        0.151070
BFGS:   71 16:54:14    -6227.692399        0.230229
BFGS:   72 16:54:14    -6227.694298        0.228312
BFGS:   73 16:54:14    -6227.696366        0.418546
BFGS:   74 16:54:14    -6227.697282        0.200388
BFGS:   75 16:54:14    -6227.699495        0.104128
BFGS:   76 16:54:14    -6227.700179        0.396004
BFGS:   77 16:54:14    -6227.701250        0.147719
BFGS:   78 16:54:14    -6227.702232        0.078779
BFGS:   79 16:54:14    -6227.703720        0.297484
BFGS:   80 16:54:14    -6227.704867        0.051805
BFGS:   81 16:54:14    -6227.706214        0.068263
BFGS:   82 16:54:14    -6227.706236        0.276594
BFGS:   83 16:54:14    -6227.706862        0.043505
BFGS:   84 16:54:14    -6227.707006        0.022061
BFGS:   85 16:54:14    -6227.707094        0.063044
BFGS:   86 16:54:14    -6227.707168        0.056034
BFGS:   87 16:54:14    -6227.707433        0.029020
BFGS:   88 16:54:14    -6227.707529        0.026018
BFGS:   89 16:54:14    -6227.707597        0.025761
BFGS:   90 16:54:15    -6227.707636        0.032444
BFGS:   91 16:54:15    -6227.707697        0.022866
BFGS:   92 16:54:15    -6227.707813        0.065593
BFGS:   93 16:54:15    -6227.707997        0.061412
BFGS:   94 16:54:15    -6227.706878        0.410942
BFGS:   95 16:54:15    -6227.708870        0.070300
BFGS:   96 16:54:15    -6227.709454        0.057091
BFGS:   97 16:54:15    -6227.701692        0.839542
BFGS:   98 16:54:15    -6227.710203        0.041554
BFGS:   99 16:54:15    -6227.710636        0.037887
BFGS:  100 16:54:15    -6227.698161        0.964660
BFGS:  101 16:54:15    -6227.711039        0.027484
BFGS:  102 16:54:15    -6227.711345        0.026032
BFGS:  103 16:54:15    -6227.694940        1.056075
BFGS:  104 16:54:15    -6227.711601        0.031509
BFGS:  105 16:54:15    -6227.711811        0.030583
BFGS:  106 16:54:15    -6227.692702        1.112025
BFGS:  107 16:54:15    -6227.712000        0.034781
BFGS:  108 16:54:15    -6227.712158        0.032531
BFGS:  109 16:54:15    -6227.700990        0.847949
BFGS:  110 16:54:15    -6227.712327        0.032385
BFGS:  111 16:54:15    -6227.712459        0.027034
BFGS:  112 16:54:15    -6227.711945        0.212949
BFGS:  113 16:54:15    -6227.712674        0.012963
BFGS:  114 16:54:15    -6227.712745        0.009220
BFGS:  115 16:54:15    -6227.712770        0.030137
BFGS:  116 16:54:15    -6227.712779        0.019352
BFGS:  117 16:54:15    -6227.712782        0.009598
BFGS:  118 16:54:15    -6227.712788        0.001089
