MINMODE:METHOD: Dimer
DIM:CONTROL: Search Parameters:
DIM:CONTROL: ------------------
DIM:CONTROL: eigenmode_method = dimer
DIM:CONTROL: f_rot_min = 0.01
DIM:CONTROL: f_rot_max = 0.1
DIM:CONTROL: max_num_rot = 3
DIM:CONTROL: trial_angle = 0.7853981633974483
DIM:CONTROL: trial_trans_step = 0.001
DIM:CONTROL: maximum_translation = 0.1
DIM:CONTROL: cg_translation = True
DIM:CONTROL: use_central_forces = True
DIM:CONTROL: dimer_separation = 0.005
DIM:CONTROL: initial_eigenmode_method = gauss
DIM:CONTROL: extrapolate_forces = True
DIM:CONTROL: displacement_method = gauss
DIM:CONTROL: gauss_std = 0.1
DIM:CONTROL: order = 1
DIM:CONTROL: mask = None
DIM:CONTROL: displacement_center = None
DIM:CONTROL: displacement_radius = None
DIM:CONTROL: number_of_displacement_atoms = None
DIM:CONTROL: ------------------
DIM:ROT: OPT-STEP ROT-STEP CURVATURE ROT-ANGLE ROT-FORCE
DIM:ROT:       0         1  -43.9640   27.6265  213.2082
DIM:ROT:       0         2  -66.1875   23.3188   56.2382
DIM:ROT:       0         3  -80.9806   10.5566   76.1130
DIM:ROT:       1         1  -22.8898    7.5546   28.0834
DIM:ROT:       1         2  -24.5701    4.6231   20.8748
DIM:ROT:       1         3  -25.4479    3.8879   13.4672
DIM:ROT:       2         1   -8.0601    7.3718   13.6245
DIM:ROT:       2         2   -8.4957    3.3067    7.3772
DIM:ROT:       2         3   -8.7398    2.8054    5.1174
DIM:ROT:       3         1    0.3806    7.2053    7.3121
DIM:ROT:       3         2   -0.1434    5.0934    5.8946
DIM:ROT:       3         3   -0.4736    3.7548    5.2107
DIM:ROT:       4         1    3.0067    7.9739    5.1133
DIM:ROT:       4         2    2.4518    4.0296    7.9709
DIM:ROT:       4         3    2.0189    5.2754    4.6527
DIM:ROT:       5         1   -0.2656    8.1433    9.2564
DIM:ROT:       5         2   -1.4301    6.3741   10.3263
DIM:ROT:       5         3   -2.4229    6.7845    8.4179
DIM:ROT:       6         1   -2.5474    5.6003    8.9638
DIM:ROT:       6         2   -3.2088    5.3237    7.1388
DIM:ROT:       6         3   -3.7707    4.4253    7.1441
DIM:ROT:       7         1   -4.3245    3.7769    5.7892
DIM:ROT:       7         2   -4.5842    3.3103    4.4730
DIM:ROT:       7         3   -4.7700    2.6936    4.0539
DIM:ROT:       8         1   -4.2182    1.9156    3.4439
DIM:ROT:       8         2   -4.2864    1.8253    2.1690
DIM:ROT:       8         3   -4.3440    1.3549    2.4026
DIM:ROT:       9         1   -5.7760    3.1176    2.8594
DIM:ROT:       9         2   -5.8688    1.8354    2.7705
DIM:ROT:       9         3   -5.9257    1.6903    1.9929
DIM:ROT:      10         1   -4.5652    3.1344    4.1525
DIM:ROT:      10         2   -4.6504    1.6036    2.8036
DIM:ROT:      10         3   -4.7019    1.4097    2.0306
DIM:ROT:      11         1   -1.6747    3.7667    4.6539
DIM:ROT:      11         2   -1.8002    2.5405    2.6852
DIM:ROT:      11         3   -1.8639    1.6823    2.2229
DIM:ROT:      12         1   -2.8142    2.2415    3.8198
DIM:ROT:      12         2   -2.8697    1.9292    1.5910
DIM:ROT:      12         3   -2.9057    1.0295    2.1176
DIM:ROT:      13         1   -5.2241    3.1929    4.6706
DIM:ROT:      13         2   -5.3620    2.9866    2.5173
DIM:ROT:      13         3   -5.4408    1.8253    2.5676
DIM:ROT:      14         1   -0.7828    2.6088    4.0622
DIM:ROT:      14         2   -0.8399    1.5418    1.7623
DIM:ROT:      14         3   -0.8715    0.9320    1.8411
DIM:ROT:      15         1    3.1815    4.8921    6.1323
DIM:ROT:      15         2    2.8813    4.5403    3.6780
DIM:ROT:      15         3    2.6846    2.9164    3.9430
DIM:ROT:      16         1   -2.3734    2.9660    4.5545
DIM:ROT:      16         2   -2.4782    2.7736    2.1111
DIM:ROT:      16         3   -2.5501    1.6226    2.6842
DIM:ROT:      17         1   -6.2738    3.1227    3.6758
DIM:ROT:      17         2   -6.4063    2.4345    2.9661
DIM:ROT:      17         3   -6.4841    1.6902    2.8218
DIM:ROT:      18         1   -5.1317    2.9434    4.9229
DIM:ROT:      18         2   -5.2806    3.3605    2.3835
DIM:ROT:      18         3   -5.3784    1.7828    3.2229
DIM:ROT:      19         1   -2.9540    3.0725    5.2180
DIM:ROT:      19         2   -3.0607    2.6773    2.0673
DIM:ROT:      19         3   -3.1245    1.2818    2.9497
DIM:ROT:      20         1   -1.9524    2.9380    5.1146
DIM:ROT:      20         2   -2.0953    4.7910    1.5928
DIM:ROT:      20         3   -2.1827    1.7424    3.0610
DIM:ROT:      21         1   -1.9091    2.8452    5.1831
DIM:ROT:      21         2   -2.0022    3.3475    1.4193
DIM:ROT:      21         3   -2.0675    1.3363    2.9246
DIM:ROT:      22         1   -2.3268    3.5905    6.5277
DIM:ROT:      22         2   -2.4916    5.6544    1.5223
DIM:ROT:      22         3   -2.5677    1.6062    2.9268
DIM:ROT:      23         1   -3.0335    3.4223    6.4962
DIM:ROT:      23         2   -3.0700    0.9847    1.3314
DIM:ROT:      23         3   -3.0891    0.7181    1.5329
DIM:ROT:      24         1   -2.6484    4.1071    7.2199
DIM:ROT:      24         2   -2.7005    1.3972    1.4223
DIM:ROT:      24         3   -2.7294    0.8034    2.0453
DIM:ROT:      25         1   -2.8443    1.7324    2.7588
DIM:ROT:      25         2   -2.8946    2.4113    1.1217
DIM:ROT:      25         3   -2.9279    1.0140    1.8773
DIM:ROT:      26         1   -4.3795    3.4050    7.0748
DIM:ROT:      26         2   -4.5744    7.4348    1.3749
DIM:ROT:      26         3   -4.6836    1.7048    4.0035
DIM:ROT:      27         1   -2.3893    4.8872    9.3591
DIM:ROT:      27         2   -2.4739    3.9577    0.8350
DIM:ROT:      27         3   -2.5126    0.9442    2.3023
DIM:ROT:      28         1   -1.9757    1.2728    1.9416
DIM:ROT:      28         2   -2.0087    1.9125    0.9506
DIM:ROT:      28         3   -2.0374    0.9534    1.6480
DIM:ROT:      29         1   -1.8157    2.5224    4.5829
DIM:ROT:      29         2   -1.8649    2.6715    0.8903
DIM:ROT:      29         3   -1.8990    0.8719    2.2194
DIM:ROT:      30         1   -1.1965    4.3636    7.7589
DIM:ROT:      30         2   -1.2887    3.9737    1.0434
DIM:ROT:      30         3   -1.3493    1.1817    2.8936
DIM:ROT:      31         1   -1.5707    0.8885    1.3248
DIM:ROT:      31         2   -1.5862    1.1386    0.7455
DIM:ROT:      31         3   -1.5989    0.6453    1.1214
DIM:ROT:      32         1   -1.4990    1.0760    1.7683
DIM:ROT:      32         2   -1.5184    1.4315    0.7240
DIM:ROT:      32         3   -1.5343    0.6532    1.3636
DIM:ROT:      33         1   -0.5423    4.0056    6.5712
DIM:ROT:      33         2   -0.6573    4.8378    1.1815
DIM:ROT:      33         3   -0.7359    1.3816    3.2307
DIM:ROT:      34         1   -0.2734    3.7879    6.2517
DIM:ROT:      34         2   -0.3403    3.0688    1.0085
DIM:ROT:      34         3   -0.3865    1.0953    2.4075
DIM:ROT:      35         1   -1.2269    1.4797    2.7479
DIM:ROT:      35         2   -1.2494    1.6232    0.6711
DIM:ROT:      35         3   -1.2643    0.6315    1.4665
DIM:ROT:      36         1   -1.2365    3.5319    6.8661
DIM:ROT:      36         2   -1.3404    6.9292    0.7679
DIM:ROT:      36         3   -1.4176    1.4434    3.1812
DIM:ROT:      37         1    0.5955    3.7771    5.3021
DIM:ROT:      37         2    0.4945    3.4400    1.5414
DIM:ROT:      37         3    0.4145    1.4663    3.1401
DIM:ROT:      38         1    0.5731    3.9459    5.0198
DIM:ROT:      38         2    0.4011    5.8593    1.6198
DIM:ROT:      38         3    0.2724    1.8963    3.8912
DIM:ROT:      39         1    0.4797    2.5959    3.6299
DIM:ROT:      39         2    0.4461    1.1671    1.5814
DIM:ROT:      39         3    0.4171    1.1229    1.5058
DIM:ROT:      40         1    0.0507    1.8585    2.4287
DIM:ROT:      40         2    0.0247    1.0676    1.4244
DIM:ROT:      40         3    0.0005    0.9838    1.3915
DIM:ROT:      41         1   -0.6696    2.0434    2.1776
DIM:ROT:      41         2   -0.7095    1.2553    1.8677
DIM:ROT:      41         3   -0.7413    1.1847    1.5381
DIM:ROT:      42         1   -0.5634    1.0318    1.5197
DIM:ROT:      42         2   -0.5793    0.8473    1.0960
DIM:ROT:      42         3   -0.5939    0.7484    1.0892
DIM:ROT:      43         1   -0.7339    0.8037    1.1585
DIM:ROT:      43         2   -0.7488    0.8105    1.0633
DIM:ROT:      43         3   -0.7630    0.7451    1.0811
DIM:ROT:      44         1   -0.8217    0.9723    1.4801
DIM:ROT:      44         2   -0.8433    1.2854    0.9087
DIM:ROT:      44         3   -0.8604    0.7976    1.3419
DIM:ROT:      45         1   -0.6967    0.5976    1.1761
DIM:ROT:      45         2   -0.6999    0.3971    0.4428
DIM:ROT:      45         3   -0.7027    0.3039    0.5165
DIM:ROT:      46         1   -0.4165    1.8475    3.1343
DIM:ROT:      46         2   -0.4420    3.2638    0.4218
DIM:ROT:      46         3   -0.4562    0.6996    1.1186
DIM:ROT:      47         1   -0.5875    1.6970    3.2034
DIM:ROT:      47         2   -0.6504    3.8067    0.9087
DIM:ROT:      47         3   -0.6930    1.2068    2.2253
DIM:ROT:      48         1   -0.5245    2.0020    3.9759
DIM:ROT:      48         2   -0.5720    4.1896    0.6025
DIM:ROT:      48         3   -0.5982    0.9251    1.7724
DIM:ROT:      49         1   -0.3319    0.4017    0.6581
DIM:ROT:      49         2   -0.3344    0.3414    0.4165
DIM:ROT:      49         3   -0.3364    0.2659    0.4279
DIM:ROT:      50         1   -0.5060    0.5091    0.9154
DIM:ROT:      50         2   -0.5090    0.5123    0.3099
DIM:ROT:      50         3   -0.5112    0.2547    0.5037
DIM:ROT:      51         1   -0.7118    0.9404    1.8384
DIM:ROT:      51         2   -0.7296    2.1545    0.4350
DIM:ROT:      51         3   -0.7415    0.6021    1.3000
DIM:ROT:      52         1   -0.5848    1.9949    3.7896
DIM:ROT:      52         2   -0.6110    2.2802    0.5914
DIM:ROT:      52         3   -0.6317    0.7080    1.6690
DIM:ROT:      53         1   -0.6810    1.5905    2.8664
DIM:ROT:      53         2   -0.7460    4.2521    0.8616
DIM:ROT:      53         3   -0.8070    1.3506    2.5229
DIM:ROT:      54         1   -0.7371    1.7750    3.2284
DIM:ROT:      54         2   -0.8159    4.1906    1.0600
DIM:ROT:      54         3   -0.8948    1.4675    3.0023
DIM:ROT:      55         1   -0.7428    1.7281    3.1308
DIM:ROT:      55         2   -0.7934    2.3603    1.1978
DIM:ROT:      55         3   -0.8403    1.0768    2.4650
DIM:ROT:      56         1   -0.6935    1.8198    3.0172
DIM:ROT:      56         2   -0.7763    3.4723    1.3422
DIM:ROT:      56         3   -0.8519    1.5574    2.7556
DIM:ROT:      57         1   -1.1502    2.3551    2.5827
DIM:ROT:      57         2   -1.2461    2.3209    2.3716
DIM:ROT:      57         3   -1.3288    1.9057    2.5022
DIM:ROT:      58         1   -1.5674    1.9047    2.4750
DIM:ROT:      58         2   -1.6450    1.6441    2.7337
DIM:ROT:      58         3   -1.7243    1.8533    2.4244
DIM:ROT:      59         1   -2.2413    2.6030    3.3760
DIM:ROT:      59         2   -2.3860    2.3117    3.5860
DIM:ROT:      59         3   -2.5189    2.3932    3.2290
DIM:ROT:      60         1   -2.8790    3.0434    3.3368
DIM:ROT:      60         2   -3.0332    2.3393    3.7943
DIM:ROT:      60         3   -3.1753    2.6951    2.9747
DIM:ROT:      61         1   -3.4820    1.8899    3.7074
DIM:ROT:      61         2   -3.5853    2.4600    2.3865
DIM:ROT:      61         3   -3.6705    1.5935    3.1100
DIM:ROT:      62         1   -3.9299    3.2683    2.1721
DIM:ROT:      62         2   -4.0327    1.6116    3.6698
DIM:ROT:      62         3   -4.1230    2.6967    1.8813
DIM:ROT:      63         1   -3.2587    1.5228    3.5414
DIM:ROT:      63         2   -3.3184    2.2659    1.4886
DIM:ROT:      63         3   -3.3678    1.1355    2.5215
DIM:ROT:      64         1   -1.5448    1.9280    1.6006
DIM:ROT:      64         2   -1.5762    1.1425    1.5285
DIM:ROT:      64         3   -1.5956    0.8853    1.2173
DIM:ROT:      65         1   -1.0336    1.0797    1.4407
DIM:ROT:      65         2   -1.0561    0.8963    1.3919
DIM:ROT:      65         3   -1.0738    0.8778    1.1772
DIM:ROT:      66         1   -1.0563    1.9225    1.5398
DIM:ROT:      66         2   -1.0911    0.9771    2.0958
DIM:ROT:      66         3   -1.1201    1.3583    1.2018
DIM:ROT:      67         1   -1.3733    0.9721    2.0284
DIM:ROT:      67         2   -1.3980    1.2873    1.0990
DIM:ROT:      67         3   -1.4163    0.7317    1.4813
DIM:ROT:      68         1   -1.2267    0.9456    0.7225
DIM:ROT:      68         2   -1.2342    0.4517    0.9466
DIM:ROT:      68         3   -1.2403    0.6416    0.5420
DIM:ROT:      69         1   -1.2589    0.4830    1.0228
DIM:ROT:      69         2   -1.2647    0.5855    0.5642
DIM:ROT:      69         3   -1.2690    0.3542    0.7108
DIM:ROT:      70         1   -1.1588    1.6609    1.3248
DIM:ROT:      70         2   -1.1851    0.9329    1.5675
DIM:ROT:      70         3   -1.2051    1.1167    1.0405
DIM:ROT:      71         1   -0.4120    1.3672    1.4099
DIM:ROT:      71         2   -0.4322    0.7982    1.4369
DIM:ROT:      71         3   -0.4484    0.9143    0.9892
DIM:ROT:      72         1   -0.1122    0.5768    1.1440
DIM:ROT:      72         2   -0.1220    0.7473    0.7414
DIM:ROT:      72         3   -0.1299    0.4849    0.9501
DIM:ROT:      73         1    0.0471    1.2718    0.6846
DIM:ROT:      73         2    0.0364    0.5222    1.1626
DIM:ROT:      73         3    0.0277    0.9023    0.5361
DIM:ROT:      74         1    0.3611    1.4996    2.5036
DIM:ROT:      74         2    0.3428    0.9032    1.1087
DIM:ROT:      74         3    0.3296    0.6883    1.1129
DIM:ROT:      75         1    0.0790    1.4599    2.1236
DIM:ROT:      75         2    0.0577    1.3107    0.8908
DIM:ROT:      75         3    0.0433    0.6630    1.2679
DIM:ROT:      76         1   -0.1164    1.4664    2.1283
DIM:ROT:      76         2   -0.1346    1.0318    0.9821
DIM:ROT:      76         3   -0.1470    0.6204    1.1492
DIM:ROT:      77         1   -0.4169    1.0843    1.5906
DIM:ROT:      77         2   -0.4303    0.7552    0.9569
DIM:ROT:      77         3   -0.4394    0.5323    1.0112
DIM:ROT:      78         1   -0.5050    0.8737    1.3654
DIM:ROT:      78         2   -0.5167    0.6577    0.9403
DIM:ROT:      78         3   -0.5251    0.5221    0.9702
DIM:ROT:      79         1   -0.1783    1.2815    2.0058
DIM:ROT:      79         2   -0.2034    1.4420    0.9267
DIM:ROT:      79         3   -0.2187    0.7343    1.2876
DIM:ROT:      80         1   -0.0239    0.6854    0.7789
DIM:ROT:      80         2   -0.0326    0.5331    0.9319
DIM:ROT:      80         3   -0.0404    0.6311    0.7148
DIM:ROT:      81         1   -0.0992    0.4633    0.8634
DIM:ROT:      81         2   -0.1052    0.5635    0.6166
DIM:ROT:      81         3   -0.1110    0.4217    0.7788
DIM:ROT:      82         1   -0.0816    0.6674    0.7812
DIM:ROT:      82         2   -0.0879    0.5154    0.7331
DIM:ROT:      82         3   -0.0938    0.4948    0.6581
DIM:ROT:      83         1    0.1634    0.8276    1.0707
DIM:ROT:      83         2    0.1545    0.5734    0.8688
DIM:ROT:      83         3    0.1467    0.5572    0.7907
DIM:ROT:      84         1    0.3371    1.4174    2.2045
DIM:ROT:      84         2    0.3223    0.8671    0.9416
DIM:ROT:      84         3    0.3112    0.5877    1.0900
DIM:ROT:      85         1    0.3901    1.2788    1.9779
DIM:ROT:      85         2    0.3774    0.9031    0.7989
DIM:ROT:      85         3    0.3666    0.5560    1.0939
DIM:ROT:      86         1    0.1166    1.1677    1.7510
DIM:ROT:      86         2    0.1061    0.8087    0.7332
DIM:ROT:      86         3    0.0983    0.4789    0.9420
DIM:ROT:      87         1   -0.2735    1.2993    1.6746
DIM:ROT:      87         2   -0.2903    0.9848    0.9510
DIM:ROT:      87         3   -0.3017    0.5982    1.1018
DIM:ROT:      88         1   -0.5235    1.1836    1.7783
DIM:ROT:      88         2   -0.5468    1.1376    1.0978
DIM:ROT:      88         3   -0.5635    0.7666    1.3283
DIM:ROT:      89         1   -0.3371    1.0760    1.6520
DIM:ROT:      89         2   -0.3578    1.1559    0.9405
DIM:ROT:      89         3   -0.3725    0.7224    1.2703
DIM:ROT:      90         1   -0.0349    0.4003    0.8008
DIM:ROT:      90         2   -0.0392    0.4880    0.4966
DIM:ROT:      90         3   -0.0429    0.3314    0.6387
DIM:ROT:      91         1    0.1208    0.8377    0.7331
DIM:ROT:      91         2    0.1128    0.6444    0.6923
DIM:ROT:      91         3    0.1071    0.4895    0.6726
DIM:ROT:      92         1    0.2787    1.1910    1.9428
DIM:ROT:      92         2    0.2697    0.6668    0.7244
DIM:ROT:      92         3    0.2623    0.4974    0.8572
DIM:ROT:      93         1    0.2547    1.1976    1.8187
DIM:ROT:      93         2    0.2427    1.1121    0.5947
DIM:ROT:      93         3    0.2331    0.5121    1.0409
DIM:ROT:      94         1    0.1097    1.1118    1.7347
DIM:ROT:      94         2    0.1027    0.6334    0.5959
DIM:ROT:      94         3    0.0971    0.4142    0.7685
DIM:ROT:      95         1   -0.0626    1.0842    1.5546
DIM:ROT:      95         2   -0.0725    0.9286    0.5892
DIM:ROT:      95         3   -0.0796    0.4577    0.8806
DIM:ROT:      96         1   -0.2066    0.9954    1.5991
DIM:ROT:      96         2   -0.2126    0.5166    0.5899
DIM:ROT:      96         3   -0.2164    0.3481    0.6561
DIM:ROT:      97         1   -0.2684    0.8289    1.1764
DIM:ROT:      97         2   -0.2791    0.8649    0.6462
DIM:ROT:      97         3   -0.2861    0.5239    0.8680
DIM:ROT:      98         1   -0.2222    0.9964    1.6517
DIM:ROT:      98         2   -0.2345    0.9069    0.7002
DIM:ROT:      98         3   -0.2429    0.5429    0.9695
DIM:ROT:      99         1   -0.0453    0.9396    1.5319
DIM:ROT:      99         2   -0.0506    0.5439    0.4958
DIM:ROT:      99         3   -0.0540    0.3275    0.6121
DIM:ROT:     100         1   -0.0418    0.3506    0.4508
DIM:ROT:     100         2   -0.0444    0.3053    0.4880
DIM:ROT:     100         3   -0.0468    0.3274    0.4203
DIM:ROT:     101         1   -0.0799    0.3137    0.4496
DIM:ROT:     101         2   -0.0821    0.2869    0.4421
DIM:ROT:     101         3   -0.0843    0.2932    0.4192
DIM:ROT:     102         1   -0.1297    0.4741    0.7920
DIM:ROT:     102         2   -0.1332    0.3968    0.5142
DIM:ROT:     102         3   -0.1364    0.3456    0.5357
DIM:ROT:     103         1   -0.0260    0.4239    0.5504
DIM:ROT:     103         2   -0.0277    0.2627    0.3723
DIM:ROT:     103         3   -0.0292    0.2418    0.3661
DIM:ROT:     104         1   -0.0585    0.2901    0.4642
DIM:ROT:     104         2   -0.0600    0.2473    0.3263
DIM:ROT:     104         3   -0.0613    0.2183    0.3390
DIM:ROT:     105         1   -0.1497    0.3132    0.3566
DIM:ROT:     105         2   -0.1513    0.2383    0.4035
DIM:ROT:     105         3   -0.1530    0.2797    0.3346
DIM:ROT:     106         1   -0.0738    0.2096    0.4006
DIM:ROT:     106         2   -0.0748    0.2359    0.2543
DIM:ROT:     106         3   -0.0757    0.1706    0.3124
DIM:ROT:     107         1   -0.0574    0.2375    0.2530
DIM:ROT:     107         2   -0.0583    0.1661    0.2992
DIM:ROT:     107         3   -0.0591    0.2013    0.2312
DIM:ROT:     108         1   -0.0832    0.1747    0.3318
DIM:ROT:     108         2   -0.0840    0.2183    0.2241
DIM:ROT:     108         3   -0.0848    0.1559    0.2906
DIM:ROT:     109         1   -0.1384    0.5231    0.3512
DIM:ROT:     109         2   -0.1407    0.3635    0.4495
DIM:ROT:     109         3   -0.1435    0.3906    0.3463
DIM:ROT:     110         1   -0.0239    0.2077    0.4670
DIM:ROT:     110         2   -0.0249    0.2650    0.2231
DIM:ROT:     110         3   -0.0258    0.1570    0.3250
DIM:ROT:     111         1   -0.0211    0.3825    0.4612
DIM:ROT:     111         2   -0.0227    0.3660    0.2607
DIM:ROT:     111         3   -0.0240    0.2143    0.3629
DIM:ROT:     112         1   -0.0741    0.4581    0.5521
DIM:ROT:     112         2   -0.0767    0.5265    0.3367
DIM:ROT:     112         3   -0.0799    0.3340    0.4704
DIM:ROT:     113         1    0.0216    0.4634    0.7833
DIM:ROT:     113         2    0.0198    0.2913    0.4007
DIM:ROT:     113         3    0.0181    0.2521    0.4010
DIM:ROT:     114         1    0.0536    1.1668    1.9011
DIM:ROT:     114         2    0.0480    0.6563    0.3845
DIM:ROT:     114         3    0.0458    0.3004    0.5020
DIM:ROT:     115         1    0.0807    1.1947    1.9853
DIM:ROT:     115         2    0.0764    0.3762    0.4651
DIM:ROT:     115         3    0.0742    0.2754    0.4794
DIM:ROT:     116         1    0.1009    1.2516    1.9851
DIM:ROT:     116         2    0.0936    0.8353    0.4257
DIM:ROT:     116         3    0.0902    0.3440    0.6189
DIM:ROT:     117         1    0.0880    1.2055    1.9788
DIM:ROT:     117         2    0.0841    0.3567    0.4624
DIM:ROT:     117         3    0.0820    0.2741    0.4652
DIM:ROT:     118         1    0.0733    1.2115    1.9044
DIM:ROT:     118         2    0.0672    0.7550    0.3991
DIM:ROT:     118         3    0.0644    0.2877    0.5833
DIM:ROT:     119         1    0.0723    1.1722    1.8848
DIM:ROT:     119         2    0.0681    0.4289    0.4477
DIM:ROT:     119         3    0.0655    0.2846    0.5431
DIM:ROT:     120         1    0.1035    1.1870    1.8197
DIM:ROT:     120         2    0.0922    1.3918    0.4443
DIM:ROT:     120         3    0.0856    0.4706    0.8152
DIM:ROT:     121         1    0.1468    1.1143    1.8103
DIM:ROT:     121         2    0.1427    0.4045    0.5354
DIM:ROT:     121         3    0.1393    0.3497    0.5536
DIM:ROT:     122         1    0.1815    1.1419    1.7192
DIM:ROT:     122         2    0.1732    0.9712    0.4750
DIM:ROT:     122         3    0.1672    0.4073    0.8309
DIM:ROT:     123         1    0.2010    1.0873    1.7301
DIM:ROT:     123         2    0.1966    0.4513    0.5485
DIM:ROT:     123         3    0.1930    0.3551    0.6012
DIM:ROT:     124         1    0.2093    1.0378    1.5479
DIM:ROT:     124         2    0.2013    1.0108    0.4573
DIM:ROT:     124         3    0.1952    0.4157    0.8172
DIM:ROT:     125         1    0.2131    0.9172    1.4951
DIM:ROT:     125         2    0.2096    0.3987    0.5195
DIM:ROT:     125         3    0.2063    0.3439    0.5454
DIM:ROT:     126         1    0.2278    0.8878    1.2983
DIM:ROT:     126         2    0.2201    0.9955    0.4495
DIM:ROT:     126         3    0.2136    0.4189    0.8498
DIM:ROT:     127         1    0.2528    0.8196    1.3102
DIM:ROT:     127         2    0.2487    0.4449    0.5451
DIM:ROT:     127         3    0.2447    0.3680    0.6088
DIM:ROT:     128         1    0.2828    0.8323    1.1353
DIM:ROT:     128         2    0.2745    0.9451    0.5070
DIM:ROT:     128         3    0.2675    0.4473    0.8754
DIM:ROT:     129         1    0.2902    0.7686    1.1924
DIM:ROT:     129         2    0.2851    0.4906    0.6055
DIM:ROT:     129         3    0.2803    0.4103    0.6722
DIM:ROT:     130         1    0.2833    0.7796    0.9906
DIM:ROT:     130         2    0.2764    0.7097    0.5718
DIM:ROT:     130         3    0.2703    0.4302    0.8020
DIM:ROT:     131         1    0.2684    0.6725    1.0228
DIM:ROT:     131         2    0.2631    0.4920    0.6318
DIM:ROT:     131         3    0.2581    0.4256    0.6759
DIM:ROT:     132         1    0.2580    0.7258    0.8657
DIM:ROT:     132         2    0.2520    0.5640    0.6306
DIM:ROT:     132         3    0.2465    0.4307    0.7188
DIM:ROT:     133         1    0.2580    0.6272    0.9331
DIM:ROT:     133         2    0.2522    0.5055    0.6724
DIM:ROT:     133         3    0.2467    0.4510    0.6951
DIM:ROT:     134         1    0.2661    0.7256    0.8281
DIM:ROT:     134         2    0.2594    0.5256    0.7346
DIM:ROT:     134         3    0.2534    0.4875    0.7069
DIM:ROT:     135         1    0.2782    0.6254    0.9417
DIM:ROT:     135         2    0.2712    0.5475    0.7346
DIM:ROT:     135         3    0.2648    0.4932    0.7533
DIM:ROT:     136         1    0.2877    0.7189    0.8441
DIM:ROT:     136         2    0.2805    0.5295    0.7933
DIM:ROT:     136         3    0.2736    0.5314    0.7245
DIM:ROT:     137         1    0.2942    0.5998    0.9413
DIM:ROT:     137         2    0.2872    0.5587    0.7265
DIM:ROT:     137         3    0.2807    0.4893    0.7661
DIM:ROT:     138         1    0.2822    0.6950    0.8112
DIM:ROT:     138         2    0.2754    0.5122    0.7740
DIM:ROT:     138         3    0.2690    0.5194    0.6982
DIM:ROT:     139         1    0.2666    0.5756    0.9008
DIM:ROT:     139         2    0.2600    0.5424    0.7036
DIM:ROT:     139         3    0.2539    0.4749    0.7418
DIM:ROT:     140         1    0.2453    0.6937    0.7825
DIM:ROT:     140         2    0.2384    0.5050    0.7887
DIM:ROT:     140         3    0.2320    0.5310    0.6849
DIM:ROT:     141         1    0.2199    0.5899    0.8973
DIM:ROT:     141         2    0.2126    0.5645    0.7456
DIM:ROT:     141         3    0.2058    0.5060    0.7729
DIM:ROT:     142         1    0.1883    0.7542    0.8175
DIM:ROT:     142         2    0.1796    0.5479    0.9059
DIM:ROT:     142         3    0.1715    0.6222    0.7420
DIM:ROT:     143         1    0.1523    0.6462    0.9924
DIM:ROT:     143         2    0.1426    0.6552    0.8480
DIM:ROT:     143         3    0.1335    0.5848    0.8986
DIM:ROT:     144         1    0.1127    0.8441    0.8948
DIM:ROT:     144         2    0.1010    0.6242    1.0677
DIM:ROT:     144         3    0.0897    0.7577    0.8463
DIM:ROT:     145         1    0.0719    0.7006    1.1248
DIM:ROT:     145         2    0.0591    0.7777    0.9418
DIM:ROT:     145         3    0.0468    0.6644    1.0635
DIM:ROT:     146         1    0.0320    0.9040    0.9677
DIM:ROT:     146         2    0.0179    0.6890    1.1801
DIM:ROT:     146         3    0.0038    0.8537    0.9369
DIM:ROT:     147         1   -0.0017    0.7214    1.2037
DIM:ROT:     147         2   -0.0163    0.8566    0.9731
DIM:ROT:     147         3   -0.0303    0.6974    1.1605
DIM:ROT:     148         1   -0.0434    0.8532    0.9566
DIM:ROT:     148         2   -0.0569    0.6819    1.1324
DIM:ROT:     148         3   -0.0704    0.8195    0.9347
DIM:ROT:     149         1   -0.1275    0.6922    1.1667
DIM:ROT:     149         2   -0.1421    0.8518    0.9766
DIM:ROT:     149         3   -0.1567    0.7069    1.1923
DIM:ROT:     150         1   -0.1825    0.6949    0.9603
DIM:ROT:     150         2   -0.1939    0.6824    0.9637
DIM:ROT:     150         3   -0.2058    0.6966    0.9670
DIM:ROT:     151         1   -0.2157    0.6587    0.9912
DIM:ROT:     151         2   -0.2270    0.6663    0.9641
DIM:ROT:     151         3   -0.2380    0.6505    0.9800
DIM:ROT:     152         1   -0.2637    0.8111    1.0832
DIM:ROT:     152         2   -0.2781    0.7777    1.0676
DIM:ROT:     152         3   -0.2930    0.7830    1.0808
DIM:ROT:     153         1   -0.3229    0.8677    1.1530
DIM:ROT:     153         2   -0.3396    0.8342    1.1527
DIM:ROT:     153         3   -0.3565    0.8407    1.1543
DIM:ROT:     154         1   -0.3013    0.6654    1.0673
DIM:ROT:     154         2   -0.3133    0.7683    0.8958
DIM:ROT:     154         3   -0.3257    0.6619    1.0607
DIM:ROT:     155         1   -0.2920    0.7208    1.1048
DIM:ROT:     155         2   -0.3023    0.6926    0.8693
DIM:ROT:     155         3   -0.3127    0.6037    0.9823
DIM:ROT:     156         1   -0.2681    0.7049    1.0817
DIM:ROT:     156         2   -0.2769    0.7133    0.7343
DIM:ROT:     156         3   -0.2864    0.5578    0.9414
DIM:ROT:     157         1   -0.0825    0.4775    0.8941
DIM:ROT:     157         2   -0.0837    0.2242    0.3499
DIM:ROT:     157         3   -0.0849    0.2233    0.3094
DIM:ROT:     158         1    0.2432    0.7904    1.0209
DIM:ROT:     158         2    0.2359    0.6099    0.6786
DIM:ROT:     158         3    0.2294    0.4603    0.8219
DIM:ROT:     159         1   -0.0817    0.4718    0.8398
DIM:ROT:     159         2   -0.0837    0.2647    0.4194
DIM:ROT:     159         3   -0.0854    0.2660    0.3696
DIM:ROT:     160         1   -0.3638    1.2245    0.8917
DIM:ROT:     160         2   -0.3801    0.7706    1.1827
DIM:ROT:     160         3   -0.3925    0.7518    0.9565
