MinModeTranslate: STEP      TIME          ENERGY    MAX-FORCE     STEPSIZE    CURVATURE  ROT-STEPS
MinModeTranslate:    0  16:44:55   -12451.065031      20.8467     --------   -32.601141          3
MinModeTranslate:    0  16:44:55   -12451.065031      20.8467     0.100000   -32.601141          3
MinModeTranslate:    1  16:44:55   -12452.808634       8.1128     --------   -12.370692          3
MinModeTranslate:    1  16:44:55   -12452.808634       8.1128     0.100000   -12.370692          3
MinModeTranslate:    2  16:44:55   -12453.681995       5.3280     --------   -20.472482          3
MinModeTranslate:    2  16:44:55   -12453.681995       5.3280     0.100000   -20.472482          3
MinModeTranslate:    3  16:44:55   -12454.084580       4.6814     --------   -18.092351          3
MinModeTranslate:    3  16:44:55   -12454.084580       4.6814     0.100000   -18.092351          3
MinModeTranslate:    4  16:44:55   -12454.264960       3.6625     --------   -18.396296          3
MinModeTranslate:    4  16:44:55   -12454.264960       3.6625     0.100000   -18.396296          3
MinModeTranslate:    5  16:44:55   -12454.347702       3.0280     --------   -18.308733          3
MinModeTranslate:    5  16:44:56   -12454.347702       3.0280     0.100000   -18.308733          3
MinModeTranslate:    6  16:44:56   -12454.479387       2.1130     --------   -19.155602          3
MinModeTranslate:    6  16:44:56   -12454.479387       2.1130     0.100000   -19.155602          3
MinModeTranslate:    7  16:44:56   -12454.577689       1.1422     --------   -16.757628          3
MinModeTranslate:    7  16:44:56   -12454.577689       1.1422     0.095710   -16.757628          3
MinModeTranslate:    8  16:44:56   -12454.644330       1.4440     --------   -14.497025          3
MinModeTranslate:    8  16:44:56   -12454.644330       1.4440     0.100000   -14.497025          3
MinModeTranslate:    9  16:44:56   -12454.750942       0.7984     --------   -12.288303          3
MinModeTranslate:    9  16:44:56   -12454.750942       0.7984     0.038674   -12.288303          3
MinModeTranslate:   10  16:44:56   -12454.774121       0.9098     --------   -13.038080          3
MinModeTranslate:   10  16:44:56   -12454.774121       0.9098     0.100000   -13.038080          3
MinModeTranslate:   11  16:44:56   -12454.862039       0.8341     --------   -14.531600          3
MinModeTranslate:   11  16:44:56   -12454.862039       0.8341     0.100000   -14.531600          3
MinModeTranslate:   12  16:44:56   -12454.939808       1.7028     --------   -11.983707          3
MinModeTranslate:   12  16:44:56   -12454.939808       1.7028     0.100000   -11.983707          3
MinModeTranslate:   13  16:44:56   -12454.988314       2.1655     --------    -9.057501          3
MinModeTranslate:   13  16:44:56   -12454.988314       2.1655     0.064585    -9.057501          3
MinModeTranslate:   14  16:44:56   -12455.071978       0.8346     --------    -9.395716          3
MinModeTranslate:   14  16:44:56   -12455.071978       0.8346     0.060033    -9.395716          3
MinModeTranslate:   15  16:44:57   -12455.113443       0.8887     --------    -9.774388          3
MinModeTranslate:   15  16:44:57   -12455.113443       0.8887     0.085673    -9.774388          3
MinModeTranslate:   16  16:44:57   -12455.153300       0.9090     --------    -8.998678          3
MinModeTranslate:   16  16:44:57   -12455.153300       0.9090     0.100000    -8.998678          3
MinModeTranslate:   17  16:44:57   -12455.207098       0.4720     --------    -8.429405          3
MinModeTranslate:   17  16:44:57   -12455.207098       0.4720     0.053616    -8.429405          3
MinModeTranslate:   18  16:44:57   -12455.234157       0.5762     --------    -8.999434          3
MinModeTranslate:   18  16:44:57   -12455.234157       0.5762     0.074213    -8.999434          3
MinModeTranslate:   19  16:44:57   -12455.259837       0.7343     --------    -8.733543          3
MinModeTranslate:   19  16:44:57   -12455.259837       0.7343     0.052822    -8.733543          3
MinModeTranslate:   20  16:44:57   -12455.282396       0.5702     --------    -7.389983          3
MinModeTranslate:   20  16:44:57   -12455.282396       0.5702     0.067093    -7.389983          3
MinModeTranslate:   21  16:44:57   -12455.304327       0.5440     --------    -9.461262          3
MinModeTranslate:   21  16:44:57   -12455.304327       0.5440     0.065172    -9.461262          3
MinModeTranslate:   22  16:44:57   -12455.320841       0.5288     --------   -12.321202          3
MinModeTranslate:   22  16:44:57   -12455.320841       0.5288     0.100000   -12.321202          3
MinModeTranslate:   23  16:44:57   -12455.353118       0.4819     --------   -13.866262          3
MinModeTranslate:   23  16:44:57   -12455.353118       0.4819     0.037778   -13.866262          3
MinModeTranslate:   24  16:44:57   -12455.365735       0.6231     --------   -12.248482          3
MinModeTranslate:   24  16:44:57   -12455.365735       0.6231     0.100000   -12.248482          3
MinModeTranslate:   25  16:44:58   -12455.392668       0.8265     --------   -11.748644          3
MinModeTranslate:   25  16:44:58   -12455.392668       0.8265     0.100000   -11.748644          3
MinModeTranslate:   26  16:44:58   -12455.438961       0.6258     --------   -15.360762          3
MinModeTranslate:   26  16:44:58   -12455.438961       0.6258     0.100000   -15.360762          3
MinModeTranslate:   27  16:44:58   -12455.488523       1.2258     --------   -16.966368          3
MinModeTranslate:   27  16:44:58   -12455.488523       1.2258     0.100000   -16.966368          3
MinModeTranslate:   28  16:44:58   -12455.559458       0.9432     --------   -15.394378          3
MinModeTranslate:   28  16:44:58   -12455.559458       0.9432     0.058421   -15.394378          3
MinModeTranslate:   29  16:44:58   -12455.605743       1.2458     --------   -15.075769          3
MinModeTranslate:   29  16:44:58   -12455.605743       1.2458     0.100000   -15.075769          3
MinModeTranslate:   30  16:44:58   -12455.662036       1.2666     --------   -16.946028          3
MinModeTranslate:   30  16:44:58   -12455.662036       1.2666     0.075804   -16.946028          3
MinModeTranslate:   31  16:44:58   -12455.729187       0.9383     --------   -19.675644          3
MinModeTranslate:   31  16:44:58   -12455.729187       0.9383     0.089863   -19.675644          3
MinModeTranslate:   32  16:44:58   -12455.777154       1.0080     --------   -21.634032          3
MinModeTranslate:   32  16:44:58   -12455.777154       1.0080     0.100000   -21.634032          3
MinModeTranslate:   33  16:44:58   -12455.858902       1.0957     --------   -20.464878          3
MinModeTranslate:   33  16:44:58   -12455.858902       1.0957     0.086758   -20.464878          3
MinModeTranslate:   34  16:44:58   -12455.938313       1.1825     --------   -18.975134          3
MinModeTranslate:   34  16:44:59   -12455.938313       1.1825     0.100000   -18.975134          3
MinModeTranslate:   35  16:44:59   -12456.015194       1.1399     --------   -18.924534          3
MinModeTranslate:   35  16:44:59   -12456.015194       1.1399     0.081963   -18.924534          3
MinModeTranslate:   36  16:44:59   -12456.087106       1.3715     --------   -20.265632          3
MinModeTranslate:   36  16:44:59   -12456.087106       1.3715     0.100000   -20.265632          3
MinModeTranslate:   37  16:44:59   -12456.142471       0.9673     --------   -22.071539          3
MinModeTranslate:   37  16:44:59   -12456.142471       0.9673     0.079222   -22.071539          3
MinModeTranslate:   38  16:44:59   -12456.193566       0.9249     --------   -21.074022          3
MinModeTranslate:   38  16:44:59   -12456.193566       0.9249     0.094895   -21.074022          3
MinModeTranslate:   39  16:44:59   -12456.239958       0.9633     --------   -19.463247          3
MinModeTranslate:   39  16:44:59   -12456.239958       0.9633     0.100000   -19.463247          3
MinModeTranslate:   40  16:44:59   -12456.307000       1.2323     --------   -19.960724          3
MinModeTranslate:   40  16:44:59   -12456.307000       1.2323     0.100000   -19.960724          3
MinModeTranslate:   41  16:44:59   -12456.378723       0.6281     --------   -20.234989          3
MinModeTranslate:   41  16:44:59   -12456.378723       0.6281     0.100000   -20.234989          3
MinModeTranslate:   42  16:44:59   -12456.432382       0.8800     --------   -19.159379          3
MinModeTranslate:   42  16:44:59   -12456.432382       0.8800     0.100000   -19.159379          3
MinModeTranslate:   43  16:44:59   -12456.499227       0.5420     --------   -16.926536          3
MinModeTranslate:   43  16:44:59   -12456.499227       0.5420     0.023428   -16.926536          3
MinModeTranslate:   44  16:45:00   -12456.511323       0.4051     --------   -16.133678          3
MinModeTranslate:   44  16:45:00   -12456.511323       0.4051     0.100000   -16.133678          3
MinModeTranslate:   45  16:45:00   -12456.552687       0.9233     --------   -12.742337          3
MinModeTranslate:   45  16:45:00   -12456.552687       0.9233     0.100000   -12.742337          3
MinModeTranslate:   46  16:45:00   -12456.601208       0.6654     --------   -10.734245          3
MinModeTranslate:   46  16:45:00   -12456.601208       0.6654     0.100000   -10.734245          3
MinModeTranslate:   47  16:45:00   -12456.646533       0.5572     --------    -9.951451          3
MinModeTranslate:   47  16:45:00   -12456.646533       0.5572     0.051328    -9.951451          3
MinModeTranslate:   48  16:45:00   -12456.669663       0.5827     --------    -9.827104          3
MinModeTranslate:   48  16:45:00   -12456.669663       0.5827     0.100000    -9.827104          3
MinModeTranslate:   49  16:45:00   -12456.697820       0.8283     --------    -9.887205          3
MinModeTranslate:   49  16:45:00   -12456.697820       0.8283     0.100000    -9.887205          3
MinModeTranslate:   50  16:45:00   -12456.748046       0.6120     --------    -8.893446          3
MinModeTranslate:   50  16:45:00   -12456.748046       0.6120     0.100000    -8.893446          3
MinModeTranslate:   51  16:45:00   -12456.778978       0.6761     --------    -8.278558          3
MinModeTranslate:   51  16:45:00   -12456.778978       0.6761     0.100000    -8.278558          3
MinModeTranslate:   52  16:45:00   -12456.809700       0.6794     --------    -7.577776          3
MinModeTranslate:   52  16:45:00   -12456.809700       0.6794     0.062682    -7.577776          3
MinModeTranslate:   53  16:45:00   -12456.838211       0.4560     --------    -6.690507          3
MinModeTranslate:   53  16:45:00   -12456.838211       0.4560     0.052944    -6.690507          3
MinModeTranslate:   54  16:45:01   -12456.848434       0.4918     --------    -5.630894          3
MinModeTranslate:   54  16:45:01   -12456.848434       0.4918     0.065077    -5.630894          3
MinModeTranslate:   55  16:45:01   -12456.864590       0.6421     --------    -4.588174          3
MinModeTranslate:   55  16:45:01   -12456.864590       0.6421     0.064777    -4.588174          3
MinModeTranslate:   56  16:45:01   -12456.879619       0.4194     --------    -4.484718          3
MinModeTranslate:   56  16:45:01   -12456.879619       0.4194     0.045365    -4.484718          3
MinModeTranslate:   57  16:45:01   -12456.888449       0.4479     --------    -4.640448          3
MinModeTranslate:   57  16:45:01   -12456.888449       0.4479     0.064654    -4.640448          3
MinModeTranslate:   58  16:45:01   -12456.898811       0.3444     --------    -4.420876          3
MinModeTranslate:   58  16:45:01   -12456.898811       0.3444     0.040484    -4.420876          3
MinModeTranslate:   59  16:45:01   -12456.905842       0.3744     --------    -3.798335          3
MinModeTranslate:   59  16:45:01   -12456.905842       0.3744     0.040681    -3.798335          3
MinModeTranslate:   60  16:45:01   -12456.912311       0.2009     --------    -3.243396          3
MinModeTranslate:   60  16:45:01   -12456.912311       0.2009     0.026980    -3.243396          3
MinModeTranslate:   61  16:45:01   -12456.915504       0.2936     --------    -3.249544          3
MinModeTranslate:   61  16:45:01   -12456.915504       0.2936     0.048567    -3.249544          3
MinModeTranslate:   62  16:45:01   -12456.920577       0.2591     --------    -3.176459          3
MinModeTranslate:   62  16:45:01   -12456.920577       0.2591     0.053203    -3.176459          3
MinModeTranslate:   63  16:45:01   -12456.925835       0.3913     --------    -2.388829          3
MinModeTranslate:   63  16:45:02   -12456.925835       0.3913     0.066565    -2.388829          3
MinModeTranslate:   64  16:45:02   -12456.932022       0.2963     --------    -1.393632          3
MinModeTranslate:   64  16:45:02   -12456.932022       0.2963     0.038545    -1.393632          3
MinModeTranslate:   65  16:45:02   -12456.935941       0.2705     --------    -1.119436          3
MinModeTranslate:   65  16:45:02   -12456.935941       0.2705     0.044487    -1.119436          3
MinModeTranslate:   66  16:45:02   -12456.939906       0.2984     --------    -1.009595          3
MinModeTranslate:   66  16:45:02   -12456.939906       0.2984     0.037303    -1.009595          3
MinModeTranslate:   67  16:45:02   -12456.942844       0.2470     --------    -0.828715          3
MinModeTranslate:   67  16:45:02   -12456.942844       0.2470     0.037120    -0.828715          3
MinModeTranslate:   68  16:45:02   -12456.945472       0.2540     --------    -0.635620          3
MinModeTranslate:   68  16:45:02   -12456.945472       0.2540     0.034917    -0.635620          3
MinModeTranslate:   69  16:45:02   -12456.947721       0.2340     --------    -0.624739          3
MinModeTranslate:   69  16:45:02   -12456.947721       0.2340     0.035169    -0.624739          3
MinModeTranslate:   70  16:45:02   -12456.949711       0.2320     --------    -0.931567          3
MinModeTranslate:   70  16:45:02   -12456.949711       0.2320     0.067601    -0.931567          3
MinModeTranslate:   71  16:45:02   -12456.953896       0.3436     --------    -2.153843          3
MinModeTranslate:   71  16:45:02   -12456.953896       0.3436     0.097923    -2.153843          3
MinModeTranslate:   72  16:45:03   -12456.962121       0.5030     --------    -4.508659          3
MinModeTranslate:   72  16:45:03   -12456.962121       0.5030     0.100000    -4.508659          3
MinModeTranslate:   73  16:45:03   -12456.977535       0.6307     --------    -4.968929          3
MinModeTranslate:   73  16:45:03   -12456.977535       0.6307     0.057682    -4.968929          3
MinModeTranslate:   74  16:45:03   -12456.989740       0.4402     --------    -5.406762          3
MinModeTranslate:   74  16:45:03   -12456.989740       0.4402     0.100000    -5.406762          3
MinModeTranslate:   75  16:45:03   -12456.984823       0.6856     --------    -6.810405          3
MinModeTranslate:   75  16:45:03   -12456.984823       0.6856     0.100000    -6.810405          3
MinModeTranslate:   76  16:45:03   -12456.984442       0.3249     --------    -7.732199          3
MinModeTranslate:   76  16:45:03   -12456.984442       0.3249     0.067325    -7.732199          3
MinModeTranslate:   77  16:45:03   -12456.973213       0.6667     --------    -2.004550          3
MinModeTranslate:   77  16:45:03   -12456.973213       0.6667     0.100000    -2.004550          3
MinModeTranslate:   78  16:45:03   -12456.963585       0.0908     --------     0.719970          3
MinModeTranslate:   78  16:45:03   -12456.963585       0.0908     0.100000     0.719970          3
MinModeTranslate:   79  16:45:03   -12456.946638       0.6304     --------    -1.181405          3
MinModeTranslate:   79  16:45:03   -12456.946638       0.6304     0.003868    -1.181405          3
MinModeTranslate:   80  16:45:03   -12456.946710       0.6394     --------    -1.409402          3
MinModeTranslate:   80  16:45:03   -12456.946710       0.6394     0.023751    -1.409402          3
MinModeTranslate:   81  16:45:04   -12456.963764       0.4082     --------    -1.834117          3
MinModeTranslate:   81  16:45:04   -12456.963764       0.4082     0.025520    -1.834117          3
MinModeTranslate:   82  16:45:04   -12456.974079       0.2284     --------    -2.643088          3
MinModeTranslate:   82  16:45:04   -12456.974079       0.2284     0.018691    -2.643088          3
MinModeTranslate:   83  16:45:04   -12456.978076       0.2389     --------    -2.989436          3
MinModeTranslate:   83  16:45:04   -12456.978076       0.2389     0.021864    -2.989436          3
MinModeTranslate:   84  16:45:04   -12456.981187       0.1662     --------    -2.844254          3
MinModeTranslate:   84  16:45:04   -12456.981187       0.1662     0.016888    -2.844254          3
MinModeTranslate:   85  16:45:04   -12456.983075       0.1579     --------    -2.084665          3
MinModeTranslate:   85  16:45:04   -12456.983075       0.1579     0.028883    -2.084665          3
MinModeTranslate:   86  16:45:04   -12456.985697       0.1897     --------    -1.028926          3
MinModeTranslate:   86  16:45:04   -12456.985697       0.1897     0.014061    -1.028926          3
MinModeTranslate:   87  16:45:04   -12456.986915       0.1106     --------    -0.865511          3
MinModeTranslate:   87  16:45:04   -12456.986915       0.1106     0.017901    -0.865511          3
MinModeTranslate:   88  16:45:04   -12456.988320       0.1349     --------    -0.851237          3
MinModeTranslate:   88  16:45:04   -12456.988320       0.1349     0.015138    -0.851237          3
MinModeTranslate:   89  16:45:04   -12456.989373       0.0816     --------    -0.742143          3
MinModeTranslate:   89  16:45:04   -12456.989373       0.0816     0.015558    -0.742143          3
MinModeTranslate:   90  16:45:05   -12456.990220       0.0964     --------    -0.675816          3
MinModeTranslate:   90  16:45:05   -12456.990220       0.0964     0.019789    -0.675816          3
MinModeTranslate:   91  16:45:05   -12456.991191       0.0739     --------    -0.556659          3
MinModeTranslate:   91  16:45:05   -12456.991191       0.0739     0.021059    -0.556659          3
MinModeTranslate:   92  16:45:05   -12456.992090       0.1325     --------    -0.394615          3
MinModeTranslate:   92  16:45:05   -12456.992090       0.1325     0.032174    -0.394615          3
MinModeTranslate:   93  16:45:05   -12456.993340       0.0926     --------    -0.280244          3
MinModeTranslate:   93  16:45:05   -12456.993340       0.0926     0.018119    -0.280244          3
MinModeTranslate:   94  16:45:05   -12456.993902       0.1198     --------    -0.413894          3
MinModeTranslate:   94  16:45:05   -12456.993902       0.1198     0.016077    -0.413894          3
MinModeTranslate:   95  16:45:05   -12456.994315       0.0602     --------    -0.587469          3
MinModeTranslate:   95  16:45:05   -12456.994315       0.0602     0.014723    -0.587469          3
MinModeTranslate:   96  16:45:05   -12456.994382       0.1015     --------    -0.747096          3
MinModeTranslate:   96  16:45:05   -12456.994382       0.1015     0.025607    -0.747096          3
MinModeTranslate:   97  16:45:05   -12456.994387       0.0782     --------    -0.913158          3
MinModeTranslate:   97  16:45:05   -12456.994387       0.0782     0.018805    -0.913158          3
MinModeTranslate:   98  16:45:05   -12456.994379       0.0941     --------    -1.069796          3
MinModeTranslate:   98  16:45:05   -12456.994379       0.0941     0.024266    -1.069796          3
MinModeTranslate:   99  16:45:05   -12456.994613       0.1117     --------    -1.257635          3
MinModeTranslate:   99  16:45:06   -12456.994613       0.1117     0.027127    -1.257635          3
MinModeTranslate:  100  16:45:06   -12456.995333       0.1167     --------    -1.590688          3
MinModeTranslate:  100  16:45:06   -12456.995333       0.1167     0.034222    -1.590688          3
MinModeTranslate:  101  16:45:06   -12456.997007       0.0686     --------    -2.104617          3
MinModeTranslate:  101  16:45:06   -12456.997007       0.0686     0.021637    -2.104617          3
MinModeTranslate:  102  16:45:06   -12456.998412       0.1017     --------    -2.748146          3
MinModeTranslate:  102  16:45:06   -12456.998412       0.1017     0.021781    -2.748146          3
MinModeTranslate:  103  16:45:06   -12456.999839       0.0790     --------    -3.269518          3
MinModeTranslate:  103  16:45:06   -12456.999839       0.0790     0.025289    -3.269518          3
MinModeTranslate:  104  16:45:06   -12457.000944       0.1026     --------    -3.660554          3
MinModeTranslate:  104  16:45:06   -12457.000944       0.1026     0.025790    -3.660554          3
MinModeTranslate:  105  16:45:06   -12457.001501       0.1082     --------    -3.252360          3
MinModeTranslate:  105  16:45:06   -12457.001501       0.1082     0.023168    -3.252360          3
MinModeTranslate:  106  16:45:06   -12457.001678       0.1176     --------    -2.586436          3
MinModeTranslate:  106  16:45:06   -12457.001678       0.1176     0.052440    -2.586436          3
MinModeTranslate:  107  16:45:06   -12457.002286       0.0895     --------    -1.263815          3
MinModeTranslate:  107  16:45:06   -12457.002286       0.0895     0.023917    -1.263815          3
MinModeTranslate:  108  16:45:06   -12457.002691       0.1214     --------    -0.933447          3
MinModeTranslate:  108  16:45:06   -12457.002691       0.1214     0.044071    -0.933447          3
MinModeTranslate:  109  16:45:07   -12457.003224       0.0850     --------    -0.832976          3
MinModeTranslate:  109  16:45:07   -12457.003224       0.0850     0.017464    -0.832976          3
MinModeTranslate:  110  16:45:07   -12457.003582       0.0964     --------    -1.109461          3
MinModeTranslate:  110  16:45:07   -12457.003582       0.0964     0.026539    -1.109461          3
MinModeTranslate:  111  16:45:07   -12457.004195       0.0843     --------    -1.546059          3
MinModeTranslate:  111  16:45:07   -12457.004195       0.0843     0.018409    -1.546059          3
MinModeTranslate:  112  16:45:07   -12457.004711       0.0733     --------    -2.019691          3
MinModeTranslate:  112  16:45:07   -12457.004711       0.0733     0.042971    -2.019691          3
MinModeTranslate:  113  16:45:07   -12457.006394       0.1092     --------    -2.678773          3
MinModeTranslate:  113  16:45:07   -12457.006394       0.1092     0.015983    -2.678773          3
MinModeTranslate:  114  16:45:07   -12457.007189       0.0691     --------    -2.984275          3
MinModeTranslate:  114  16:45:07   -12457.007189       0.0691     0.022316    -2.984275          3
MinModeTranslate:  115  16:45:07   -12457.007778       0.1524     --------    -3.387596          3
MinModeTranslate:  115  16:45:07   -12457.007778       0.1524     0.040755    -3.387596          3
MinModeTranslate:  116  16:45:07   -12457.008437       0.1397     --------    -3.399931          3
MinModeTranslate:  116  16:45:07   -12457.008437       0.1397     0.100000    -3.399931          3
MinModeTranslate:  117  16:45:07   -12457.009431       0.2096     --------    -2.599067          3
MinModeTranslate:  117  16:45:07   -12457.009431       0.2096     0.100000    -2.599067          3
MinModeTranslate:  118  16:45:08   -12457.012141       0.2160     --------    -2.566713          3
MinModeTranslate:  118  16:45:08   -12457.012141       0.2160     0.085390    -2.566713          3
MinModeTranslate:  119  16:45:08   -12457.016051       0.3306     --------    -3.364109          3
MinModeTranslate:  119  16:45:08   -12457.016051       0.3306     0.049213    -3.364109          3
MinModeTranslate:  120  16:45:08   -12457.018384       0.3532     --------    -3.859510          3
MinModeTranslate:  120  16:45:08   -12457.018384       0.3532     0.012070    -3.859510          3
MinModeTranslate:  121  16:45:08   -12457.021478       0.1949     --------    -3.697603          3
MinModeTranslate:  121  16:45:08   -12457.021478       0.1949     0.012721    -3.697603          3
MinModeTranslate:  122  16:45:08   -12457.023276       0.2103     --------    -3.563201          3
MinModeTranslate:  122  16:45:08   -12457.023276       0.2103     0.021685    -3.563201          3
MinModeTranslate:  123  16:45:08   -12457.025522       0.1462     --------    -3.410692          3
MinModeTranslate:  123  16:45:08   -12457.025522       0.1462     0.017112    -3.410692          3
MinModeTranslate:  124  16:45:08   -12457.027082       0.1428     --------    -3.556228          3
MinModeTranslate:  124  16:45:08   -12457.027082       0.1428     0.028160    -3.556228          3
MinModeTranslate:  125  16:45:08   -12457.029172       0.1737     --------    -3.752811          3
MinModeTranslate:  125  16:45:08   -12457.029172       0.1737     0.013765    -3.752811          3
MinModeTranslate:  126  16:45:08   -12457.030181       0.0720     --------    -4.210511          3
MinModeTranslate:  126  16:45:08   -12457.030181       0.0720     0.014734    -4.210511          3
MinModeTranslate:  127  16:45:09   -12457.030998       0.0911     --------    -4.329223          3
MinModeTranslate:  127  16:45:09   -12457.030998       0.0911     0.017533    -4.329223          3
MinModeTranslate:  128  16:45:09   -12457.031854       0.1197     --------    -4.410990          3
MinModeTranslate:  128  16:45:09   -12457.031854       0.1197     0.026784    -4.410990          3
MinModeTranslate:  129  16:45:09   -12457.032961       0.1243     --------    -4.612189          3
MinModeTranslate:  129  16:45:09   -12457.032961       0.1243     0.017393    -4.612189          3
MinModeTranslate:  130  16:45:09   -12457.033580       0.0932     --------    -4.661969          3
MinModeTranslate:  130  16:45:09   -12457.033580       0.0932     0.041465    -4.661969          3
MinModeTranslate:  131  16:45:09   -12457.034791       0.1693     --------    -4.890440          3
MinModeTranslate:  131  16:45:09   -12457.034791       0.1693     0.087696    -4.890440          3
MinModeTranslate:  132  16:45:09   -12457.036995       0.2561     --------    -5.574797          3
MinModeTranslate:  132  16:45:09   -12457.036995       0.2561     0.100000    -5.574797          3
MinModeTranslate:  133  16:45:09   -12457.038664       0.2541     --------    -6.354343          3
MinModeTranslate:  133  16:45:09   -12457.038664       0.2541     0.022474    -6.354343          3
MinModeTranslate:  134  16:45:09   -12457.040718       0.2385     --------    -6.660813          3
MinModeTranslate:  134  16:45:09   -12457.040718       0.2385     0.023832    -6.660813          3
MinModeTranslate:  135  16:45:09   -12457.042580       0.1362     --------    -7.140271          3
MinModeTranslate:  135  16:45:09   -12457.042580       0.1362     0.012884    -7.140271          3
MinModeTranslate:  136  16:45:10   -12457.043300       0.1646     --------    -7.268516          3
MinModeTranslate:  136  16:45:10   -12457.043300       0.1646     0.019824    -7.268516          3
MinModeTranslate:  137  16:45:10   -12457.044520       0.0959     --------    -7.229389          3
MinModeTranslate:  137  16:45:10   -12457.044520       0.0959     0.013609    -7.229389          3
MinModeTranslate:  138  16:45:10   -12457.045391       0.1288     --------    -7.135478          3
MinModeTranslate:  138  16:45:10   -12457.045391       0.1288     0.017018    -7.135478          3
MinModeTranslate:  139  16:45:10   -12457.046493       0.0730     --------    -7.115606          3
MinModeTranslate:  139  16:45:10   -12457.046493       0.0730     0.013493    -7.115606          3
MinModeTranslate:  140  16:45:10   -12457.047114       0.1133     --------    -6.933707          3
MinModeTranslate:  140  16:45:10   -12457.047114       0.1133     0.016856    -6.933707          3
MinModeTranslate:  141  16:45:10   -12457.047732       0.0775     --------    -7.011231          3
MinModeTranslate:  141  16:45:10   -12457.047732       0.0775     0.011664    -7.011231          3
MinModeTranslate:  142  16:45:10   -12457.048059       0.0793     --------    -7.124317          3
MinModeTranslate:  142  16:45:10   -12457.048059       0.0793     0.012613    -7.124317          3
MinModeTranslate:  143  16:45:10   -12457.048415       0.0634     --------    -7.286576          3
MinModeTranslate:  143  16:45:10   -12457.048415       0.0634     0.010121    -7.286576          3
MinModeTranslate:  144  16:45:10   -12457.048720       0.0534     --------    -7.484077          3
MinModeTranslate:  144  16:45:10   -12457.048720       0.0534     0.006032    -7.484077          3
MinModeTranslate:  145  16:45:11   -12457.048891       0.0382     --------    -7.499429          3
MinModeTranslate:  145  16:45:11   -12457.048891       0.0382     0.019156    -7.499429          3
MinModeTranslate:  146  16:45:11   -12457.049370       0.0893     --------    -7.547789          3
MinModeTranslate:  146  16:45:11   -12457.049370       0.0893     0.010956    -7.547789          3
MinModeTranslate:  147  16:45:11   -12457.049611       0.0378     --------    -7.546605          3
MinModeTranslate:  147  16:45:11   -12457.049611       0.0378     0.013153    -7.546605          3
MinModeTranslate:  148  16:45:11   -12457.049824       0.0557     --------    -7.595592          2
MinModeTranslate:  148  16:45:11   -12457.049824       0.0557     0.014063    -7.595592          2
MinModeTranslate:  149  16:45:11   -12457.050071       0.0426     --------    -7.574656          3
MinModeTranslate:  149  16:45:11   -12457.050071       0.0426     0.015691    -7.574656          3
MinModeTranslate:  150  16:45:11   -12457.050376       0.0534     --------    -7.576204          3
MinModeTranslate:  150  16:45:11   -12457.050376       0.0534     0.009905    -7.576204          3
MinModeTranslate:  151  16:45:11   -12457.050564       0.0398     --------    -7.523193          3
MinModeTranslate:  151  16:45:11   -12457.050564       0.0398     0.011244    -7.523193          3
MinModeTranslate:  152  16:45:11   -12457.050741       0.0450     --------    -7.518650          2
MinModeTranslate:  152  16:45:11   -12457.050741       0.0450     0.012051    -7.518650          2
MinModeTranslate:  153  16:45:11   -12457.050904       0.0455     --------    -7.560407          3
MinModeTranslate:  153  16:45:11   -12457.050904       0.0455     0.023915    -7.560407          3
MinModeTranslate:  154  16:45:11   -12457.051229       0.0675     --------    -7.638688          3
MinModeTranslate:  154  16:45:11   -12457.051229       0.0675     0.021000    -7.638688          3
MinModeTranslate:  155  16:45:12   -12457.051563       0.0809     --------    -7.741278          3
MinModeTranslate:  155  16:45:12   -12457.051563       0.0809     0.040131    -7.741278          3
MinModeTranslate:  156  16:45:12   -12457.052276       0.0672     --------    -7.982709          3
MinModeTranslate:  156  16:45:12   -12457.052276       0.0672     0.032783    -7.982709          3
MinModeTranslate:  157  16:45:12   -12457.052761       0.1110     --------    -8.077286          3
MinModeTranslate:  157  16:45:12   -12457.052761       0.1110     0.100000    -8.077286          3
MinModeTranslate:  158  16:45:12   -12457.054002       0.1215     --------    -8.254068          3
MinModeTranslate:  158  16:45:12   -12457.054002       0.1215     0.058278    -8.254068          3
MinModeTranslate:  159  16:45:12   -12457.054862       0.1452     --------    -8.428771          3
MinModeTranslate:  159  16:45:12   -12457.054862       0.1452     0.100000    -8.428771          3
MinModeTranslate:  160  16:45:12   -12457.056696       0.1418     --------    -8.399079          3
