MINMODE:METHOD: Dimer
DIM:CONTROL: Search Parameters:
DIM:CONTROL: ------------------
DIM:CONTROL: eigenmode_method = dimer
DIM:CONTROL: f_rot_min = 0.01
DIM:CONTROL: f_rot_max = 0.1
DIM:CONTROL: max_num_rot = 3
DIM:CONTROL: trial_angle = 0.7853981633974483
DIM:CONTROL: trial_trans_step = 0.001
DIM:CONTROL: maximum_translation = 0.1
DIM:CONTROL: cg_translation = True
DIM:CONTROL: use_central_forces = True
DIM:CONTROL: dimer_separation = 0.005
DIM:CONTROL: initial_eigenmode_method = gauss
DIM:CONTROL: extrapolate_forces = True
DIM:CONTROL: displacement_method = gauss
DIM:CONTROL: gauss_std = 0.1
DIM:CONTROL: order = 1
DIM:CONTROL: mask = None
DIM:CONTROL: displacement_center = None
DIM:CONTROL: displacement_radius = None
DIM:CONTROL: number_of_displacement_atoms = None
DIM:CONTROL: ------------------
DIM:ROT: OPT-STEP ROT-STEP CURVATURE ROT-ANGLE ROT-FORCE
DIM:ROT:       0         1   -2.2871   14.7895   11.3659
DIM:ROT:       0         2   -3.4336    6.9500    9.6780
DIM:ROT:       0         3   -4.0078    5.6023    5.8066
DIM:ROT:       1         1   -2.5223    5.4344    4.8899
DIM:ROT:       1         2   -2.7865    3.6162    4.2071
DIM:ROT:       1         3   -2.9552    3.1757    3.0555
DIM:ROT:       2         1   -2.4192    4.6045    3.4509
DIM:ROT:       2         2   -2.5765    2.6145    3.3865
DIM:ROT:       2         3   -2.6798    2.5629    2.2983
DIM:ROT:       3         1   -2.4111    4.2550    3.5941
DIM:ROT:       3         2   -2.5957    2.9080    3.5982
DIM:ROT:       3         3   -2.7333    2.9268    2.7190
DIM:ROT:       4         1   -2.2313    2.7019    3.0340
DIM:ROT:       4         2   -2.3466    2.5254    2.6635
DIM:ROT:       4         3   -2.4480    2.2887    2.5760
DIM:ROT:       5         1   -2.5646    2.3574    2.6330
DIM:ROT:       5         2   -2.6347    2.0216    2.0291
DIM:ROT:       5         3   -2.6880    1.6456    1.8829
DIM:ROT:       6         1   -6.3508   14.4284    4.5861
DIM:ROT:       6         2   -7.0289    5.0836    8.0074
DIM:ROT:       6         3   -7.3912    5.4313    3.7964
DIM:ROT:       7         1  -10.1002    4.2979    5.7566
DIM:ROT:       7         2  -10.3975    4.0150    4.2325
DIM:ROT:       7         3  -10.6173    3.0677    4.0964
DIM:ROT:       8         1  -11.6895    3.5111    4.2048
DIM:ROT:       8         2  -11.7951    2.2946    2.5596
DIM:ROT:       8         3  -11.8496    1.6100    1.9741
DIM:ROT:       9         1  -12.0882    3.8186    2.9068
DIM:ROT:       9         2  -12.1450    1.4280    2.0213
DIM:ROT:       9         3  -12.1673    1.1175    1.1035
DIM:ROT:      10         1   -9.7270    3.0830    2.6009
DIM:ROT:      10         2   -9.7763    1.2794    1.8637
DIM:ROT:      10         3   -9.7967    1.0826    0.9690
DIM:ROT:      11         1   -7.5433    2.6052    2.9270
DIM:ROT:      11         2   -7.5930    1.5647    1.8311
DIM:ROT:      11         3   -7.6210    1.0780    1.4455
DIM:ROT:      12         1   -4.1920    6.8071    4.5726
DIM:ROT:      12         2   -4.4027    2.7972    4.5143
DIM:ROT:      12         3   -4.5104    2.8526    2.0790
DIM:ROT:      13         1   -3.9612    5.8399    5.5633
DIM:ROT:      13         2   -4.2100    3.0160    4.9437
DIM:ROT:      13         3   -4.3387    2.8620    2.6668
DIM:ROT:      14         1   -5.2283    3.6560    3.9918
DIM:ROT:      14         2   -5.3348    2.3395    2.7258
DIM:ROT:      14         3   -5.3960    1.7926    1.9656
DIM:ROT:      15         1   -5.9638    2.5276    2.4871
DIM:ROT:      15         2   -6.0229    1.5609    2.1249
DIM:ROT:      15         3   -6.0569    1.4141    1.3898
DIM:ROT:      16         1   -5.9540    1.8765    1.5632
DIM:ROT:      16         2   -5.9724    0.8575    1.2452
DIM:ROT:      16         3   -5.9833    0.8149    0.7584
DIM:ROT:      17         1   -5.2919    2.3886    1.9580
DIM:ROT:      17         2   -5.3192    1.0019    1.6560
DIM:ROT:      17         3   -5.3348    1.0135    0.8771
DIM:ROT:      18         1   -4.5094    2.3887    2.5262
DIM:ROT:      18         2   -4.5256    0.8645    1.2472
DIM:ROT:      18         3   -4.5383    0.9194    0.7678
DIM:ROT:      19         1   -2.7779    4.0046    4.4276
DIM:ROT:      19         2   -2.8159    1.6048    1.8371
DIM:ROT:      19         3   -2.8502    1.3034    1.4704
DIM:ROT:      20         1   -2.8301    2.5783    1.8127
DIM:ROT:      20         2   -2.8629    1.1955    1.7057
DIM:ROT:      20         3   -2.8870    1.1734    1.1400
DIM:ROT:      21         1   -2.7782    2.8932    2.4004
DIM:ROT:      21         2   -2.8128    1.3213    1.6618
DIM:ROT:      21         3   -2.8368    1.1333    1.1887
DIM:ROT:      22         1   -1.8633    2.2251    1.3350
DIM:ROT:      22         2   -1.9014    1.2166    1.7460
DIM:ROT:      22         3   -1.9305    1.5620    1.0351
DIM:ROT:      23         1   -0.9807    2.6600    3.2315
DIM:ROT:      23         2   -1.0299    1.6390    1.8943
DIM:ROT:      23         3   -1.0716    1.4355    1.6513
DIM:ROT:      24         1   -0.4812    3.2094    2.2077
DIM:ROT:      24         2   -0.5591    1.8358    2.4855
DIM:ROT:      24         3   -0.6178    1.9478    1.7051
DIM:ROT:      25         1   -0.1149    2.6669    3.0429
DIM:ROT:      25         2   -0.2051    2.4680    2.1279
DIM:ROT:      25         3   -0.2814    1.8808    2.3145
DIM:ROT:      26         1   -0.1485    2.5459    2.0321
DIM:ROT:      26         2   -0.2171    1.7407    2.2807
DIM:ROT:      26         3   -0.2751    1.9514    1.6963
DIM:ROT:      27         1   -0.2546    1.5718    2.0390
DIM:ROT:      27         2   -0.3030    1.7844    1.5452
DIM:ROT:      27         3   -0.3455    1.3685    1.7756
DIM:ROT:      28         1   -0.3490    1.9282    1.5787
DIM:ROT:      28         2   -0.3905    1.4422    1.6662
DIM:ROT:      28         3   -0.4254    1.4900    1.3405
DIM:ROT:      29         1   -0.5609    1.4672    1.8329
DIM:ROT:      29         2   -0.5923    1.4011    1.2855
DIM:ROT:      29         3   -0.6181    1.0863    1.3640
DIM:ROT:      30         1   -0.5358    1.8678    1.8789
DIM:ROT:      30         2   -0.5700    1.4709    1.3660
DIM:ROT:      30         3   -0.5965    1.1268    1.3510
DIM:ROT:      31         1   -0.4969    1.8222    1.5952
DIM:ROT:      31         2   -0.5345    1.4553    1.4857
DIM:ROT:      31         3   -0.5651    1.3303    1.3240
DIM:ROT:      32         1   -0.4363    2.1407    1.6606
DIM:ROT:      32         2   -0.4829    1.4662    1.8246
DIM:ROT:      32         3   -0.5226    1.6386    1.3847
DIM:ROT:      33         1   -0.2678    1.6920    2.2483
DIM:ROT:      33         2   -0.3077    1.5505    1.4704
DIM:ROT:      33         3   -0.3388    1.1862    1.5068
DIM:ROT:      34         1   -0.2372    2.1834    1.2837
DIM:ROT:      34         2   -0.2707    1.1399    1.6797
DIM:ROT:      34         3   -0.2953    1.3977    1.0073
DIM:ROT:      35         1   -0.3443    1.0597    1.4382
DIM:ROT:      35         2   -0.3634    1.1309    0.9670
DIM:ROT:      35         3   -0.3785    0.8047    1.0764
DIM:ROT:      36         1   -0.2153    1.7170    1.4505
DIM:ROT:      36         2   -0.2417    1.1450    1.3145
DIM:ROT:      36         3   -0.2615    1.0724    1.0475
DIM:ROT:      37         1   -0.3785    1.1890    1.2913
DIM:ROT:      37         2   -0.3939    0.9426    0.9221
DIM:ROT:      37         3   -0.4054    0.7617    0.8555
DIM:ROT:      38         1   -0.8234    3.3293    1.8393
DIM:ROT:      38         2   -0.9222    2.1082    2.6200
DIM:ROT:      38         3   -1.0062    2.4178    1.9794
DIM:ROT:      39         1   -1.9556    6.8448    3.7650
DIM:ROT:      39         2   -2.4937    4.4393    6.8382
DIM:ROT:      39         3   -3.1140    7.6626    4.5957
DIM:ROT:      40         1   -2.9427    4.3852    7.6083
DIM:ROT:      40         2   -3.4804    7.5753    4.0298
DIM:ROT:      40         3   -3.9855    4.1278    7.1018
DIM:ROT:      41         1   -5.5857    8.7046    5.3420
DIM:ROT:      41         2   -6.2994    4.8590    8.0856
DIM:ROT:      41         3   -6.8497    6.3548    4.9262
DIM:ROT:      42         1   -8.3092    4.7334    7.1006
DIM:ROT:      42         2   -8.7838    5.3285    5.0748
DIM:ROT:      42         3   -9.1567    3.7347    5.6651
DIM:ROT:      43         1   -6.3487    3.2198    3.7154
DIM:ROT:      43         2   -6.4684    2.2942    2.9552
DIM:ROT:      43         3   -6.5608    2.0818    2.5045
DIM:ROT:      44         1   -6.7937    3.2499    3.4406
DIM:ROT:      44         2   -6.9051    2.3545    2.8917
DIM:ROT:      44         3   -6.9822    2.0911    2.2421
DIM:ROT:      45         1   -1.9630    4.7989    3.9757
DIM:ROT:      45         2   -2.0878    2.3368    3.2047
DIM:ROT:      45         3   -2.1665    2.2926    2.0441
DIM:ROT:      46         1   -1.8136    2.1861    2.4771
DIM:ROT:      46         2   -1.8755    1.7313    2.0899
DIM:ROT:      46         3   -1.9213    1.5784    1.7609
DIM:ROT:      47         1   -0.1999    4.6979    3.2787
DIM:ROT:      47         2   -0.3270    2.1573    3.3473
DIM:ROT:      47         3   -0.4196    2.6525    2.0478
DIM:ROT:      48         1    0.5558    4.3723    3.8456
DIM:ROT:      48         2    0.4028    2.5672    3.3799
DIM:ROT:      48         3    0.2849    2.6555    2.5462
DIM:ROT:      49         1   -0.1269    4.6152    4.6031
DIM:ROT:      49         2   -0.2833    2.5012    3.4220
DIM:ROT:      49         3   -0.3926    2.5575    2.4692
DIM:ROT:      50         1    0.0772    4.3079    4.1874
DIM:ROT:      50         2   -0.0927    2.8249    3.3352
DIM:ROT:      50         3   -0.2202    2.6785    2.7343
DIM:ROT:      51         1   -0.4129    3.7793    2.8599
DIM:ROT:      51         2   -0.5244    2.3537    2.6954
DIM:ROT:      51         3   -0.6033    2.2280    2.0155
DIM:ROT:      52         1   -0.4733    2.1594    2.9023
DIM:ROT:      52         2   -0.5335    1.9298    1.8181
DIM:ROT:      52         3   -0.5781    1.4200    1.8056
DIM:ROT:      53         1   -0.2944    1.7160    1.6532
DIM:ROT:      53         2   -0.3302    1.3171    1.5264
DIM:ROT:      53         3   -0.3584    1.2787    1.2677
DIM:ROT:      54         1   -0.9881    1.9840    1.9480
DIM:ROT:      54         2   -1.0272    1.4492    1.6118
DIM:ROT:      54         3   -1.0575    1.3012    1.3529
DIM:ROT:      55         1   -1.6390    1.9817    1.7089
DIM:ROT:      55         2   -1.6739    1.2280    1.6454
DIM:ROT:      55         3   -1.7021    1.3672    1.1964
DIM:ROT:      56         1   -2.1216    2.2597    1.9332
DIM:ROT:      56         2   -2.1735    1.5471    1.9983
DIM:ROT:      56         3   -2.2177    1.7276    1.4809
DIM:ROT:      57         1   -1.8980    1.6689    2.0398
DIM:ROT:      57         2   -1.9346    1.4643    1.4575
DIM:ROT:      57         3   -1.9631    1.1879    1.4038
DIM:ROT:      58         1   -1.5656    1.6654    1.5833
DIM:ROT:      58         2   -1.5914    1.0728    1.4429
DIM:ROT:      58         3   -1.6100    1.0729    1.0017
DIM:ROT:      59         1   -2.0979    3.3716    2.2045
DIM:ROT:      59         2   -2.1478    1.4150    2.1932
DIM:ROT:      59         3   -2.1853    1.7224    1.2623
DIM:ROT:      60         1   -2.8174    3.0295    2.3218
DIM:ROT:      60         2   -2.8924    1.7671    2.6077
DIM:ROT:      60         3   -2.9539    2.1667    1.6329
DIM:ROT:      61         1   -3.8517    3.9731    3.3427
DIM:ROT:      61         2   -4.0123    2.5545    3.7622
DIM:ROT:      61         3   -4.1422    3.0144    2.5134
DIM:ROT:      62         1   -4.3249    2.5556    3.3263
DIM:ROT:      62         2   -4.4363    2.5990    2.5067
DIM:ROT:      62         3   -4.5262    2.0092    2.6091
DIM:ROT:      63         1   -3.9123    1.9146    2.0676
DIM:ROT:      63         2   -3.9668    1.6332    1.8896
DIM:ROT:      63         3   -4.0096    1.5146    1.6378
DIM:ROT:      64         1   -2.8868    1.6261    1.6142
DIM:ROT:      64         2   -2.9074    0.9455    1.1937
DIM:ROT:      64         3   -2.9222    0.9043    0.8797
DIM:ROT:      65         1   -2.5277    0.7729    1.0006
DIM:ROT:      65         2   -2.5371    0.7010    0.7103
DIM:ROT:      65         3   -2.5440    0.5475    0.6800
DIM:ROT:      66         1   -2.5313    0.8334    0.6853
DIM:ROT:      66         2   -2.5381    0.5485    0.7174
DIM:ROT:      66         3   -2.5436    0.5671    0.5286
DIM:ROT:      67         1   -2.3570    0.5643    0.7151
DIM:ROT:      67         2   -2.3625    0.5350    0.5435
DIM:ROT:      67         3   -2.3668    0.4308    0.5359
DIM:ROT:      68         1   -1.9951    0.9216    0.6289
DIM:ROT:      68         2   -2.0004    0.4634    0.6396
DIM:ROT:      68         3   -2.0043    0.5056    0.4091
DIM:ROT:      69         1   -1.7677    0.6042    0.6928
DIM:ROT:      69         2   -1.7728    0.4991    0.5496
DIM:ROT:      69         3   -1.7767    0.4247    0.4897
DIM:ROT:      70         1   -1.5594    1.1006    0.7165
DIM:ROT:      70         2   -1.5685    0.5816    0.8443
DIM:ROT:      70         3   -1.5749    0.6654    0.5129
DIM:ROT:      71         1   -1.2795    1.0062    1.2878
DIM:ROT:      71         2   -1.2933    0.9023    0.8761
DIM:ROT:      71         3   -1.3037    0.6873    0.8502
DIM:ROT:      72         1   -1.1079    2.1467    1.1528
DIM:ROT:      72         2   -1.1279    0.9772    1.2433
DIM:ROT:      72         3   -1.1408    0.9738    0.7459
DIM:ROT:      73         1   -1.3771    0.9673    1.0111
DIM:ROT:      73         2   -1.3893    0.7853    0.8741
DIM:ROT:      73         3   -1.3984    0.7043    0.7487
DIM:ROT:      74         1   -1.4449    0.9798    1.0350
DIM:ROT:      74         2   -1.4570    0.8389    0.8200
DIM:ROT:      74         3   -1.4662    0.6791    0.7570
DIM:ROT:      75         1   -1.2977    1.0756    0.9695
DIM:ROT:      75         2   -1.3091    0.7474    0.9312
DIM:ROT:      75         3   -1.3184    0.7604    0.7081
DIM:ROT:      76         1   -1.3533    0.9998    0.9043
DIM:ROT:      76         2   -1.3642    0.7319    0.8875
DIM:ROT:      76         3   -1.3731    0.7470    0.6895
DIM:ROT:      77         1   -1.3676    0.8906    1.0102
DIM:ROT:      77         2   -1.3789    0.7882    0.8428
DIM:ROT:      77         3   -1.3882    0.6943    0.7799
DIM:ROT:      78         1   -1.3220    0.9866    0.7892
DIM:ROT:      78         2   -1.3318    0.6689    0.8641
DIM:ROT:      78         3   -1.3399    0.7398    0.6302
DIM:ROT:      79         1   -1.3105    0.6359    0.7926
DIM:ROT:      79         2   -1.3174    0.6448    0.6121
DIM:ROT:      79         3   -1.3231    0.5194    0.6413
DIM:ROT:      80         1   -1.4160    0.5414    0.7020
DIM:ROT:      80         2   -1.4194    0.4536    0.4477
DIM:ROT:      80         3   -1.4218    0.3398    0.4169
DIM:ROT:      81         1   -1.4943    0.5509    0.5194
DIM:ROT:      81         2   -1.4962    0.3271    0.4226
DIM:ROT:      81         3   -1.4977    0.3034    0.2857
DIM:ROT:      82         1   -1.5029    1.1258    0.6525
DIM:ROT:      82         2   -1.5070    0.4999    0.6588
DIM:ROT:      82         3   -1.5102    0.5193    0.3510
DIM:ROT:      83         1   -1.6688    0.7593    0.6694
DIM:ROT:      83         2   -1.6733    0.5373    0.6174
DIM:ROT:      83         3   -1.6776    0.5337    0.4642
DIM:ROT:      84         1   -1.7920    0.7575    0.6575
DIM:ROT:      84         2   -1.7972    0.5502    0.6415
DIM:ROT:      84         3   -1.8019    0.5543    0.4923
DIM:ROT:      85         1   -1.8043    0.6940    0.6331
DIM:ROT:      85         2   -1.8094    0.5052    0.6267
DIM:ROT:      85         3   -1.8134    0.5166    0.4849
DIM:ROT:      86         1   -2.0059    1.0063    0.7639
DIM:ROT:      86         2   -2.0138    0.6268    0.8728
DIM:ROT:      86         3   -2.0207    0.7234    0.5610
DIM:ROT:      87         1   -2.2807    0.9294    0.9415
DIM:ROT:      87         2   -2.2899    0.6864    0.8783
DIM:ROT:      87         3   -2.2975    0.6919    0.6842
DIM:ROT:      88         1   -2.5850    1.1247    0.9750
DIM:ROT:      88         2   -2.5962    0.7788    0.9589
DIM:ROT:      88         3   -2.6058    0.7984    0.7187
DIM:ROT:      89         1   -2.5569    0.5986    0.7981
DIM:ROT:      89         2   -2.5634    0.6381    0.5713
DIM:ROT:      89         3   -2.5684    0.4755    0.6294
DIM:ROT:      90         1   -2.4844    0.7467    0.5691
DIM:ROT:      90         2   -2.4892    0.4479    0.6244
DIM:ROT:      90         3   -2.4928    0.4938    0.4101
DIM:ROT:      91         1   -2.5094    0.4905    0.5621
DIM:ROT:      91         2   -2.5129    0.4216    0.4683
DIM:ROT:      91         3   -2.5156    0.3696    0.4192
DIM:ROT:      92         1   -2.4334    0.5694    0.4199
DIM:ROT:      92         2   -2.4363    0.3380    0.4579
DIM:ROT:      92         3   -2.4382    0.3588    0.3055
DIM:ROT:      93         1   -2.3702    0.4196    0.4722
DIM:ROT:      93         2   -2.3729    0.3440    0.3981
DIM:ROT:      93         3   -2.3747    0.3038    0.3390
DIM:ROT:      94         1   -2.2928    0.5280    0.4098
DIM:ROT:      94         2   -2.2953    0.3037    0.4239
DIM:ROT:      94         3   -2.2970    0.3157    0.2759
DIM:ROT:      95         1   -2.2123    0.3496    0.4337
DIM:ROT:      95         2   -2.2142    0.3118    0.3317
DIM:ROT:      95         3   -2.2156    0.2502    0.3081
DIM:ROT:      96         1   -2.1426    0.4209    0.3173
DIM:ROT:      96         2   -2.1442    0.2465    0.3548
DIM:ROT:      96         3   -2.1454    0.2756    0.2258
DIM:ROT:      97         1   -2.1096    0.2057    0.2900
DIM:ROT:      97         2   -2.1105    0.2307    0.1982
DIM:ROT:      97         3   -2.1112    0.1607    0.2245
DIM:ROT:      98         1   -2.0865    0.3052    0.1922
DIM:ROT:      98         2   -2.0873    0.1703    0.2470
DIM:ROT:      98         3   -2.0879    0.1968    0.1477
DIM:ROT:      99         1   -1.9994    0.2562    0.2874
DIM:ROT:      99         2   -2.0002    0.2060    0.2425
DIM:ROT:      99         3   -2.0008    0.1885    0.2071
DIM:ROT:     100         1   -1.9390    0.3908    0.2691
DIM:ROT:     100         2   -1.9401    0.2209    0.3295
DIM:ROT:     100         3   -1.9411    0.2690    0.2014
DIM:ROT:     101         1   -1.9236    0.2105    0.2890
DIM:ROT:     101         2   -1.9245    0.2358    0.2075
DIM:ROT:     101         3   -1.9252    0.1715    0.2341
DIM:ROT:     102         1   -1.9386    0.3047    0.2249
DIM:ROT:     102         2   -1.9395    0.1912    0.2641
DIM:ROT:     102         3   -1.9402    0.2180    0.1745
DIM:ROT:     103         1   -1.9198    0.2390    0.2764
DIM:ROT:     103         2   -1.9206    0.2144    0.2343
DIM:ROT:     103         3   -1.9214    0.1880    0.2178
DIM:ROT:     104         1   -1.8972    0.3422    0.2523
DIM:ROT:     104         2   -1.8982    0.2087    0.3031
DIM:ROT:     104         3   -1.8991    0.2545    0.1941
DIM:ROT:     105         1   -1.8688    0.3504    0.3342
DIM:ROT:     105         2   -1.8701    0.2581    0.3363
DIM:ROT:     105         3   -1.8713    0.2730    0.2577
DIM:ROT:     106         1   -1.8395    0.4151    0.3490
DIM:ROT:     106         2   -1.8412    0.2782    0.3927
DIM:ROT:     106         3   -1.8427    0.3242    0.2723
DIM:ROT:     107         1   -1.8438    0.2903    0.3618
DIM:ROT:     107         2   -1.8452    0.2928    0.2929
DIM:ROT:     107         3   -1.8464    0.2404    0.2984
DIM:ROT:     108         1   -1.8737    0.3157    0.2684
DIM:ROT:     108         2   -1.8748    0.2238    0.3036
DIM:ROT:     108         3   -1.8758    0.2540    0.2198
DIM:ROT:     109         1   -1.9160    0.2190    0.2611
DIM:ROT:     109         2   -1.9168    0.2106    0.2204
DIM:ROT:     109         3   -1.9175    0.1815    0.2152
DIM:ROT:     110         1   -1.9329    0.2907    0.2382
DIM:ROT:     110         2   -1.9338    0.1997    0.2687
DIM:ROT:     110         3   -1.9345    0.2246    0.1933
DIM:ROT:     111         1   -1.9708    0.2405    0.2394
DIM:ROT:     111         2   -1.9716    0.1876    0.2287
DIM:ROT:     111         3   -1.9722    0.1846    0.1883
DIM:ROT:     112         1   -2.0249    0.3067    0.3263
DIM:ROT:     112         2   -2.0260    0.2390    0.2731
DIM:ROT:     112         3   -2.0268    0.2113    0.2336
DIM:ROT:     113         1   -2.1135    0.3844    0.3231
DIM:ROT:     113         2   -2.1148    0.2351    0.2957
DIM:ROT:     113         3   -2.1157    0.2195    0.2134
DIM:ROT:     114         1   -2.1942    0.4436    0.3680
DIM:ROT:     114         2   -2.1959    0.2705    0.3443
DIM:ROT:     114         3   -2.1970    0.2601    0.2409
DIM:ROT:     115         1   -2.3297    0.6262    0.4714
DIM:ROT:     115         2   -2.3322    0.3265    0.4494
DIM:ROT:     115         3   -2.3339    0.3136    0.2845
DIM:ROT:     116         1   -2.3941    0.3772    0.4638
DIM:ROT:     116         2   -2.3959    0.3105    0.3393
DIM:ROT:     116         3   -2.3973    0.2400    0.2958
DIM:ROT:     117         1   -2.2997    0.3197    0.3759
DIM:ROT:     117         2   -2.3010    0.2576    0.2908
DIM:ROT:     117         3   -2.3019    0.2129    0.2477
DIM:ROT:     118         1   -2.2869    0.2791    0.2930
DIM:ROT:     118         2   -2.2878    0.2165    0.2424
DIM:ROT:     118         3   -2.2885    0.1871    0.2025
DIM:ROT:     119         1   -2.2787    0.2105    0.2793
DIM:ROT:     119         2   -2.2794    0.2079    0.1908
DIM:ROT:     119         3   -2.2800    0.1523    0.2018
DIM:ROT:     120         1   -2.2342    0.3027    0.3402
DIM:ROT:     120         2   -2.2353    0.2481    0.2477
DIM:ROT:     120         3   -2.2361    0.2013    0.2287
DIM:ROT:     121         1   -2.2517    0.4006    0.2327
DIM:ROT:     121         2   -2.2530    0.2155    0.2819
DIM:ROT:     121         3   -2.2539    0.2423    0.1812
DIM:ROT:     122         1   -2.2610    0.2768    0.4099
DIM:ROT:     122         2   -2.2622    0.2652    0.2371
DIM:ROT:     122         3   -2.2631    0.1829    0.2539
DIM:ROT:     123         1   -2.2360    0.4650    0.3385
DIM:ROT:     123         2   -2.2374    0.2522    0.3023
DIM:ROT:     123         3   -2.2383    0.2471    0.2134
DIM:ROT:     124         1   -2.1623    0.3750    0.2762
DIM:ROT:     124         2   -2.1631    0.2178    0.2724
DIM:ROT:     124         3   -2.1639    0.2330    0.1879
DIM:ROT:     125         1   -2.1637    0.3106    0.3743
DIM:ROT:     125         2   -2.1649    0.2568    0.2488
DIM:ROT:     125         3   -2.1657    0.1938    0.2294
DIM:ROT:     126         1   -2.2129    0.3842    0.2688
DIM:ROT:     126         2   -2.2138    0.1997    0.2672
DIM:ROT:     126         3   -2.2144    0.2201    0.1656
DIM:ROT:     127         1   -2.2307    0.4186    0.2846
DIM:ROT:     127         2   -2.2323    0.2389    0.3355
DIM:ROT:     127         3   -2.2334    0.2885    0.2051
DIM:ROT:     128         1   -2.2545    0.4850    0.4717
DIM:ROT:     128         2   -2.2569    0.3738    0.4020
DIM:ROT:     128         3   -2.2588    0.3351    0.3323
DIM:ROT:     129         1   -2.3363    0.6861    0.4905
DIM:ROT:     129         2   -2.3393    0.4212    0.5315
DIM:ROT:     129         3   -2.3422    0.4493    0.3603
DIM:ROT:     130         1   -2.3142    0.4788    0.5051
DIM:ROT:     130         2   -2.3173    0.4087    0.4405
DIM:ROT:     130         3   -2.3195    0.3645    0.3925
DIM:ROT:     131         1   -2.2938    0.6097    0.4144
DIM:ROT:     131         2   -2.2966    0.3580    0.4959
DIM:ROT:     131         3   -2.2989    0.4059    0.3169
DIM:ROT:     132         1   -2.1523    0.3464    0.5366
DIM:ROT:     132         2   -2.1540    0.3476    0.2807
DIM:ROT:     132         3   -2.1551    0.2076    0.3096
DIM:ROT:     133         1   -2.0834    0.5188    0.3426
DIM:ROT:     133         2   -2.0848    0.2480    0.3364
DIM:ROT:     133         3   -2.0857    0.2314    0.2026
DIM:ROT:     134         1   -2.0624    0.2850    0.3578
DIM:ROT:     134         2   -2.0636    0.2485    0.2476
DIM:ROT:     134         3   -2.0645    0.1910    0.2436
DIM:ROT:     135         1   -2.0815    0.2927    0.2476
DIM:ROT:     135         2   -2.0823    0.1891    0.2508
DIM:ROT:     135         3   -2.0830    0.1938    0.1813
DIM:ROT:     136         1   -2.1125    0.2420    0.2529
DIM:ROT:     136         2   -2.1133    0.1928    0.2302
DIM:ROT:     136         3   -2.1139    0.1838    0.1942
DIM:ROT:     137         1   -2.0970    0.2247    0.2309
DIM:ROT:     137         2   -2.0977    0.1761    0.2025
DIM:ROT:     137         3   -2.0982    0.1641    0.1726
DIM:ROT:     138         1   -2.0439    0.2075    0.2291
DIM:ROT:     138         2   -2.0443    0.1562    0.1832
DIM:ROT:     138         3   -2.0447    0.1415    0.1526
DIM:ROT:     139         1   -2.0336    0.1600    0.1638
DIM:ROT:     139         2   -2.0339    0.1215    0.1518
DIM:ROT:     139         3   -2.0342    0.1204    0.1208
DIM:ROT:     140         1   -2.0215    0.1295    0.1481
DIM:ROT:     140         2   -2.0218    0.1115    0.1249
DIM:ROT:     140         3   -2.0220    0.1012    0.1128
DIM:ROT:     141         1   -2.0493    0.1398    0.1341
DIM:ROT:     141         2   -2.0495    0.1063    0.1349
DIM:ROT:     141         3   -2.0497    0.1104    0.1055
DIM:ROT:     142         1   -2.1073    0.2698    0.2190
DIM:ROT:     142         2   -2.1077    0.1707    0.2234
DIM:ROT:     142         3   -2.1081    0.1766    0.1595
DIM:ROT:     143         1   -2.1301    0.1630    0.1879
DIM:ROT:     143         2   -2.1305    0.1489    0.1603
DIM:ROT:     143         3   -2.1308    0.1308    0.1509
DIM:ROT:     144         1   -2.1307    0.1361    0.1624
DIM:ROT:     144         2   -2.1310    0.1299    0.1333
DIM:ROT:     144         3   -2.1313    0.1100    0.1315
DIM:ROT:     145         1   -2.1232    0.1131    0.1121
DIM:ROT:     145         2   -2.1233    0.0871    0.0988
DIM:ROT:     146         1   -2.1087    0.1272    0.1241
DIM:ROT:     146         2   -2.1088    0.0868    0.0808
DIM:ROT:     147         1   -2.1159    0.0905    0.1222
DIM:ROT:     147         2   -2.1160    0.0858    0.0606
DIM:ROT:     148         1   -2.0910    0.0969    0.1250
DIM:ROT:     148         2   -2.0911    0.0698    0.0654
DIM:ROT:     149         1   -2.1123    0.0710    0.0916
DIM:ROT:     150         1   -2.0961    0.0961    0.0802
DIM:ROT:     151         1   -2.1112    0.1320    0.1001
DIM:ROT:     151         2   -2.1111    0.0712    0.0970
DIM:ROT:     152         1   -2.1271    0.1331    0.1035
DIM:ROT:     152         2   -2.1270    0.0805    0.1087
DIM:ROT:     152         3   -2.1271    0.0887    0.0704
DIM:ROT:     153         1   -2.1162    0.0646    0.0808
DIM:ROT:     154         1   -2.0905    0.1314    0.1225
DIM:ROT:     154         2   -2.0905    0.0728    0.0918
DIM:ROT:     155         1   -2.0757    0.1387    0.1216
DIM:ROT:     155         2   -2.0758    0.0792    0.1061
DIM:ROT:     155         3   -2.0759    0.0727    0.0676
DIM:ROT:     156         1   -2.0807    0.0893    0.1050
DIM:ROT:     156         2   -2.0808    0.0621    0.0722
DIM:ROT:     157         1   -2.1053    0.0817    0.0912
DIM:ROT:     158         1   -2.1155    0.1274    0.1111
DIM:ROT:     158         2   -2.1155    0.0694    0.0975
DIM:ROT:     159         1   -2.1279    0.1340    0.0822
DIM:ROT:     160         1   -2.1179    0.0889    0.1035
DIM:ROT:     160         2   -2.1180    0.0757    0.0846
