MinModeTranslate: STEP      TIME          ENERGY    MAX-FORCE     STEPSIZE    CURVATURE  ROT-STEPS
MinModeTranslate:    0  16:43:32   -12455.199646       6.1139     --------    -1.609595          3
MinModeTranslate:    0  16:43:32   -12455.199646       6.1139     0.100000    -1.609595          3
MinModeTranslate:    1  16:43:32   -12455.596144       5.4825     --------    -3.100940          3
MinModeTranslate:    1  16:43:32   -12455.596144       5.4825     0.100000    -3.100940          3
MinModeTranslate:    2  16:43:33   -12455.696773       5.5281     --------    -4.516732          3
MinModeTranslate:    2  16:43:33   -12455.696773       5.5281     0.100000    -4.516732          3
MinModeTranslate:    3  16:43:33   -12455.610267       5.4724     --------    -4.270405          3
MinModeTranslate:    3  16:43:33   -12455.610267       5.4724     0.100000    -4.270405          3
MinModeTranslate:    4  16:43:33   -12455.422880       5.3881     --------    -6.367428          3
MinModeTranslate:    4  16:43:33   -12455.422880       5.3881     0.100000    -6.367428          3
MinModeTranslate:    5  16:43:33   -12455.191637       5.0245     --------    -7.260936          3
MinModeTranslate:    5  16:43:33   -12455.191637       5.0245     0.100000    -7.260936          3
MinModeTranslate:    6  16:43:33   -12454.965577       4.6249     --------    -4.505010          3
MinModeTranslate:    6  16:43:33   -12454.965577       4.6249     0.100000    -4.505010          3
MinModeTranslate:    7  16:43:33   -12454.764486       4.1752     --------    -8.559222          3
MinModeTranslate:    7  16:43:33   -12454.764486       4.1752     0.100000    -8.559222          3
MinModeTranslate:    8  16:43:33   -12454.597523       3.1008     --------   -15.034752          3
MinModeTranslate:    8  16:43:33   -12454.597523       3.1008     0.100000   -15.034752          3
MinModeTranslate:    9  16:43:33   -12454.518279       2.3546     --------   -11.334125          3
MinModeTranslate:    9  16:43:33   -12454.518279       2.3546     0.100000   -11.334125          3
MinModeTranslate:   10  16:43:33   -12454.551983       2.2380     --------    -4.268584          3
MinModeTranslate:   10  16:43:33   -12454.551983       2.2380     0.100000    -4.268584          3
MinModeTranslate:   11  16:43:33   -12454.619710       1.3180     --------    -3.924728          3
MinModeTranslate:   11  16:43:34   -12454.619710       1.3180     0.100000    -3.924728          3
MinModeTranslate:   12  16:43:34   -12454.667557       1.7360     --------    -2.354293          3
MinModeTranslate:   12  16:43:34   -12454.667557       1.7360     0.100000    -2.354293          3
MinModeTranslate:   13  16:43:34   -12454.675170       3.0594     --------    -1.308067          3
MinModeTranslate:   13  16:43:34   -12454.675170       3.0594     0.100000    -1.308067          3
MinModeTranslate:   14  16:43:34   -12454.687922       3.1081     --------    -1.877757          3
MinModeTranslate:   14  16:43:34   -12454.687922       3.1081     0.048821    -1.877757          3
MinModeTranslate:   15  16:43:34   -12454.742692       1.6121     --------    -2.226822          3
MinModeTranslate:   15  16:43:34   -12454.742692       1.6121     0.100000    -2.226822          3
MinModeTranslate:   16  16:43:34   -12454.732081       2.9081     --------    -3.008567          3
MinModeTranslate:   16  16:43:34   -12454.732081       2.9081     0.065917    -3.008567          3
MinModeTranslate:   17  16:43:34   -12454.798401       1.2312     --------    -3.340510          3
MinModeTranslate:   17  16:43:34   -12454.798401       1.2312     0.100000    -3.340510          3
MinModeTranslate:   18  16:43:34   -12454.828153       1.4744     --------    -3.599876          3
MinModeTranslate:   18  16:43:34   -12454.828153       1.4744     0.100000    -3.599876          3
MinModeTranslate:   19  16:43:34   -12454.908151       1.2857     --------    -4.428242          3
MinModeTranslate:   19  16:43:34   -12454.908151       1.2857     0.052240    -4.428242          3
MinModeTranslate:   20  16:43:34   -12454.973509       1.2047     --------    -6.531996          3
MinModeTranslate:   20  16:43:34   -12454.973509       1.2047     0.100000    -6.531996          3
MinModeTranslate:   21  16:43:35   -12455.106766       1.7363     --------    -5.908861          3
MinModeTranslate:   21  16:43:35   -12455.106766       1.7363     0.100000    -5.908861          3
MinModeTranslate:   22  16:43:35   -12455.279845       1.8229     --------    -2.413925          3
MinModeTranslate:   22  16:43:35   -12455.279845       1.8229     0.100000    -2.413925          3
MinModeTranslate:   23  16:43:35   -12455.389613       1.8926     --------    -1.389369          3
MinModeTranslate:   23  16:43:35   -12455.389613       1.8926     0.100000    -1.389369          3
MinModeTranslate:   24  16:43:35   -12455.527784       1.9850     --------    -0.668973          3
MinModeTranslate:   24  16:43:35   -12455.527784       1.9850     0.100000    -0.668973          3
MinModeTranslate:   25  16:43:35   -12455.637259       2.1122     --------    -1.789331          3
MinModeTranslate:   25  16:43:35   -12455.637259       2.1122     0.100000    -1.789331          3
MinModeTranslate:   26  16:43:35   -12455.782833       2.3393     --------    -3.708084          3
MinModeTranslate:   26  16:43:35   -12455.782833       2.3393     0.100000    -3.708084          3
MinModeTranslate:   27  16:43:35   -12456.036204       3.1175     --------    -5.898772          3
MinModeTranslate:   27  16:43:35   -12456.036204       3.1175     0.100000    -5.898772          3
MinModeTranslate:   28  16:43:35   -12456.422357       3.7034     --------   -11.981128          3
MinModeTranslate:   28  16:43:35   -12456.422357       3.7034     0.100000   -11.981128          3
MinModeTranslate:   29  16:43:35   -12456.818397       3.3346     --------   -11.015420          3
MinModeTranslate:   29  16:43:35   -12456.818397       3.3346     0.100000   -11.015420          3
MinModeTranslate:   30  16:43:36   -12457.011419       2.5406     --------   -10.464676          3
MinModeTranslate:   30  16:43:36   -12457.011419       2.5406     0.095660   -10.464676          3
MinModeTranslate:   31  16:43:36   -12457.072358       3.8079     --------   -17.398278          3
MinModeTranslate:   31  16:43:36   -12457.072358       3.8079     0.100000   -17.398278          3
MinModeTranslate:   32  16:43:36   -12457.234906       3.5338     --------    -6.195075          3
MinModeTranslate:   32  16:43:36   -12457.234906       3.5338     0.030838    -6.195075          3
MinModeTranslate:   33  16:43:36   -12457.324366       1.2082     --------    -6.497877          3
MinModeTranslate:   33  16:43:36   -12457.324366       1.2082     0.100000    -6.497877          3
MinModeTranslate:   34  16:43:36   -12457.414662       1.7556     --------    -3.878522          3
MinModeTranslate:   34  16:43:36   -12457.414662       1.7556     0.100000    -3.878522          3
MinModeTranslate:   35  16:43:36   -12457.500617       1.1848     --------    -1.566403          3
MinModeTranslate:   35  16:43:36   -12457.500617       1.1848     0.082939    -1.566403          3
MinModeTranslate:   36  16:43:36   -12457.545969       0.9512     --------    -1.457463          3
MinModeTranslate:   36  16:43:36   -12457.545969       0.9512     0.071798    -1.457463          3
MinModeTranslate:   37  16:43:36   -12457.561555       1.0165     --------    -0.887427          3
MinModeTranslate:   37  16:43:36   -12457.561555       1.0165     0.089358    -0.887427          3
MinModeTranslate:   38  16:43:36   -12457.564535       0.4446     --------     0.138225          3
MinModeTranslate:   38  16:43:36   -12457.564535       0.4446     0.100000     0.138225          3
MinModeTranslate:   39  16:43:37   -12457.497232       1.0281     --------    -0.425612          3
MinModeTranslate:   39  16:43:37   -12457.497232       1.0281     0.100000    -0.425612          3
MinModeTranslate:   40  16:43:37   -12457.465774       0.4090     --------     0.334210          3
MinModeTranslate:   40  16:43:37   -12457.465774       0.4090     0.100000     0.334210          3
MinModeTranslate:   41  16:43:37   -12457.398215       0.4380     --------     1.475752          3
MinModeTranslate:   41  16:43:37   -12457.398215       0.4380     0.100000     1.475752          3
MinModeTranslate:   42  16:43:37   -12457.322324       0.5131     --------     0.408107          3
MinModeTranslate:   42  16:43:37   -12457.322324       0.5131     0.100000     0.408107          3
MinModeTranslate:   43  16:43:37   -12457.243261       0.8223     --------    -0.973978          3
MinModeTranslate:   43  16:43:37   -12457.243261       0.8223     0.100000    -0.973978          3
MinModeTranslate:   44  16:43:37   -12457.204215       1.2957     --------    -0.641708          3
MinModeTranslate:   44  16:43:37   -12457.204215       1.2957     0.100000    -0.641708          3
MinModeTranslate:   45  16:43:37   -12457.191079       0.4064     --------     0.234300          3
MinModeTranslate:   45  16:43:37   -12457.191079       0.4064     0.100000     0.234300          3
MinModeTranslate:   46  16:43:37   -12457.127706       0.4178     --------     0.470722          3
MinModeTranslate:   46  16:43:37   -12457.127706       0.4178     0.100000     0.470722          3
MinModeTranslate:   47  16:43:37   -12457.060803       0.4346     --------     0.436422          3
MinModeTranslate:   47  16:43:37   -12457.060803       0.4346     0.100000     0.436422          3
MinModeTranslate:   48  16:43:37   -12456.990111       0.4549     --------     0.705224          3
MinModeTranslate:   48  16:43:37   -12456.990111       0.4549     0.100000     0.705224          3
MinModeTranslate:   49  16:43:37   -12456.914097       0.4928     --------     0.797666          3
MinModeTranslate:   49  16:43:37   -12456.914097       0.4928     0.100000     0.797666          3
MinModeTranslate:   50  16:43:38   -12456.832162       0.5204     --------     0.289123          3
MinModeTranslate:   50  16:43:38   -12456.832162       0.5204     0.100000     0.289123          3
MinModeTranslate:   51  16:43:38   -12456.748316       0.5186     --------     0.101488          3
MinModeTranslate:   51  16:43:38   -12456.748316       0.5186     0.100000     0.101488          3
MinModeTranslate:   52  16:43:38   -12456.664107       0.5152     --------     0.554940          3
MinModeTranslate:   52  16:43:38   -12456.664107       0.5152     0.100000     0.554940          3
MinModeTranslate:   53  16:43:38   -12456.576865       0.5356     --------     0.756627          3
MinModeTranslate:   53  16:43:38   -12456.576865       0.5356     0.100000     0.756627          3
MinModeTranslate:   54  16:43:38   -12456.484910       0.5577     --------     0.388869          3
MinModeTranslate:   54  16:43:38   -12456.484910       0.5577     0.100000     0.388869          3
MinModeTranslate:   55  16:43:38   -12456.391199       0.5607     --------     0.106009          3
MinModeTranslate:   55  16:43:38   -12456.391199       0.5607     0.100000     0.106009          3
MinModeTranslate:   56  16:43:38   -12456.298187       0.5538     --------     0.327457          3
MinModeTranslate:   56  16:43:38   -12456.298187       0.5538     0.100000     0.327457          3
MinModeTranslate:   57  16:43:38   -12456.204852       0.5622     --------     0.666904          3
MinModeTranslate:   57  16:43:38   -12456.204852       0.5622     0.100000     0.666904          3
MinModeTranslate:   58  16:43:38   -12456.108502       0.5866     --------     0.621445          3
MinModeTranslate:   58  16:43:38   -12456.108502       0.5866     0.100000     0.621445          3
MinModeTranslate:   59  16:43:38   -12456.009326       1.1426     --------    -0.258214          3
MinModeTranslate:   59  16:43:38   -12456.009326       1.1426     0.100000    -0.258214          3
MinModeTranslate:   60  16:43:38   -12455.952253       0.9541     --------    -2.814710          3
MinModeTranslate:   60  16:43:38   -12455.952253       0.9541     0.100000    -2.814710          3
MinModeTranslate:   61  16:43:39   -12455.898435       1.5725     --------    -4.659007          3
MinModeTranslate:   61  16:43:39   -12455.898435       1.5725     0.100000    -4.659007          3
MinModeTranslate:   62  16:43:39   -12455.870652       0.8786     --------    -8.099767          3
MinModeTranslate:   62  16:43:39   -12455.870652       0.8786     0.025440    -8.099767          3
MinModeTranslate:   63  16:43:39   -12455.887175       0.9823     --------   -10.034611          3
MinModeTranslate:   63  16:43:39   -12455.887175       0.9823     0.086709   -10.034611          3
MinModeTranslate:   64  16:43:39   -12455.935741       1.0792     --------    -8.308910          3
MinModeTranslate:   64  16:43:39   -12455.935741       1.0792     0.100000    -8.308910          3
MinModeTranslate:   65  16:43:39   -12456.014712       1.2562     --------    -3.403736          3
MinModeTranslate:   65  16:43:39   -12456.014712       1.2562     0.100000    -3.403736          3
MinModeTranslate:   66  16:43:39   -12456.102760       0.5511     --------    -0.909235          3
MinModeTranslate:   66  16:43:39   -12456.102760       0.5511     0.060416    -0.909235          3
MinModeTranslate:   67  16:43:39   -12456.127292       1.0166     --------    -0.553432          3
MinModeTranslate:   67  16:43:39   -12456.127292       1.0166     0.100000    -0.553432          3
MinModeTranslate:   68  16:43:40   -12456.152169       1.4215     --------    -0.048653          3
MinModeTranslate:   68  16:43:40   -12456.152169       1.4215     0.077222    -0.048653          3
MinModeTranslate:   69  16:43:40   -12456.199449       0.6564     --------    -1.171290          3
MinModeTranslate:   69  16:43:40   -12456.199449       0.6564     0.037464    -1.171290          3
MinModeTranslate:   70  16:43:40   -12456.217877       0.5424     --------    -1.523307          3
MinModeTranslate:   70  16:43:40   -12456.217877       0.5424     0.030016    -1.523307          3
MinModeTranslate:   71  16:43:40   -12456.226728       0.5629     --------    -1.784315          3
MinModeTranslate:   71  16:43:40   -12456.226728       0.5629     0.035313    -1.784315          3
MinModeTranslate:   72  16:43:40   -12456.234266       0.5632     --------    -2.128026          3
MinModeTranslate:   72  16:43:40   -12456.234266       0.5632     0.100000    -2.128026          3
MinModeTranslate:   73  16:43:40   -12456.260957       0.4632     --------    -1.636943          3
MinModeTranslate:   73  16:43:40   -12456.260957       0.4632     0.033653    -1.636943          3
MinModeTranslate:   74  16:43:40   -12456.272204       0.6488     --------    -1.751018          3
MinModeTranslate:   74  16:43:40   -12456.272204       0.6488     0.045722    -1.751018          3
MinModeTranslate:   75  16:43:41   -12456.281920       0.5461     --------    -2.044777          3
MinModeTranslate:   75  16:43:41   -12456.281920       0.5461     0.041574    -2.044777          3
MinModeTranslate:   76  16:43:41   -12456.294042       0.7580     --------    -2.130831          3
MinModeTranslate:   76  16:43:41   -12456.294042       0.7580     0.071625    -2.130831          3
MinModeTranslate:   77  16:43:41   -12456.314137       0.7483     --------    -2.125279          3
MinModeTranslate:   77  16:43:41   -12456.314137       0.7483     0.065811    -2.125279          3
MinModeTranslate:   78  16:43:41   -12456.331421       0.6956     --------    -1.822767          3
MinModeTranslate:   78  16:43:41   -12456.331421       0.6956     0.090213    -1.822767          3
MinModeTranslate:   79  16:43:41   -12456.356605       0.9269     --------    -0.964042          3
MinModeTranslate:   79  16:43:41   -12456.356605       0.9269     0.051141    -0.964042          3
MinModeTranslate:   80  16:43:41   -12456.369869       0.9675     --------    -0.721175          3
MinModeTranslate:   80  16:43:41   -12456.369869       0.9675     0.100000    -0.721175          3
MinModeTranslate:   81  16:43:41   -12456.394198       1.0417     --------    -0.428757          3
MinModeTranslate:   81  16:43:41   -12456.394198       1.0417     0.055966    -0.428757          3
MinModeTranslate:   82  16:43:41   -12456.409744       1.0392     --------    -0.681844          3
MinModeTranslate:   82  16:43:41   -12456.409744       1.0392     0.061940    -0.681844          3
MinModeTranslate:   83  16:43:42   -12456.421916       0.8117     --------    -0.964762          3
MinModeTranslate:   83  16:43:42   -12456.421916       0.8117     0.072684    -0.964762          3
MinModeTranslate:   84  16:43:42   -12456.436733       1.0279     --------    -1.129903          3
MinModeTranslate:   84  16:43:42   -12456.436733       1.0279     0.049740    -1.129903          3
MinModeTranslate:   85  16:43:42   -12456.447430       0.6926     --------    -1.265619          3
MinModeTranslate:   85  16:43:42   -12456.447430       0.6926     0.062290    -1.265619          3
MinModeTranslate:   86  16:43:42   -12456.459849       0.7352     --------    -1.721416          3
MinModeTranslate:   86  16:43:42   -12456.459849       0.7352     0.045005    -1.721416          3
MinModeTranslate:   87  16:43:42   -12456.467278       0.9656     --------    -2.147107          3
MinModeTranslate:   87  16:43:42   -12456.467278       0.9656     0.100000    -2.147107          3
MinModeTranslate:   88  16:43:42   -12456.487334       0.8883     --------    -3.557574          3
MinModeTranslate:   88  16:43:42   -12456.487334       0.8883     0.051319    -3.557574          3
MinModeTranslate:   89  16:43:42   -12456.500591       0.8792     --------    -4.636904          3
MinModeTranslate:   89  16:43:42   -12456.500591       0.8792     0.054031    -4.636904          3
MinModeTranslate:   90  16:43:42   -12456.507821       0.8970     --------    -5.635266          3
MinModeTranslate:   90  16:43:42   -12456.507821       0.8970     0.051894    -5.635266          3
MinModeTranslate:   91  16:43:43   -12456.517197       0.9550     --------    -6.297257          3
MinModeTranslate:   91  16:43:43   -12456.517197       0.9550     0.044248    -6.297257          3
MinModeTranslate:   92  16:43:43   -12456.524817       0.7673     --------    -6.704068          3
MinModeTranslate:   92  16:43:43   -12456.524817       0.7673     0.061858    -6.704068          3
MinModeTranslate:   93  16:43:43   -12456.533542       0.6415     --------    -5.956980          3
MinModeTranslate:   93  16:43:43   -12456.533542       0.6415     0.040576    -5.956980          3
MinModeTranslate:   94  16:43:43   -12456.539237       0.6237     --------    -4.871274          3
MinModeTranslate:   94  16:43:43   -12456.539237       0.6237     0.068046    -4.871274          3
MinModeTranslate:   95  16:43:43   -12456.550249       0.5321     --------    -3.261722          3
MinModeTranslate:   95  16:43:43   -12456.550249       0.5321     0.033937    -3.261722          3
MinModeTranslate:   96  16:43:43   -12456.555308       0.6205     --------    -2.501819          3
MinModeTranslate:   96  16:43:43   -12456.555308       0.6205     0.046960    -2.501819          3
MinModeTranslate:   97  16:43:43   -12456.561634       0.4468     --------    -1.033246          3
MinModeTranslate:   97  16:43:43   -12456.561634       0.4468     0.041302    -1.033246          3
MinModeTranslate:   98  16:43:43   -12456.566765       0.6924     --------    -0.177909          3
MinModeTranslate:   98  16:43:43   -12456.566765       0.6924     0.047432    -0.177909          3
MinModeTranslate:   99  16:43:43   -12456.572411       0.0358     --------     0.370262          3
MinModeTranslate:   99  16:43:43   -12456.572411       0.0358     0.100000     0.370262          3
MinModeTranslate:  100  16:43:43   -12456.556632       0.0586     --------     0.935907          3
MinModeTranslate:  100  16:43:44   -12456.556632       0.0586     0.100000     0.935907          3
MinModeTranslate:  101  16:43:44   -12456.475271       0.2431     --------     2.298034          3
MinModeTranslate:  101  16:43:44   -12456.475271       0.2431     0.100000     2.298034          3
MinModeTranslate:  102  16:43:44   -12456.324086       2.9338     --------    -2.697506          3
MinModeTranslate:  102  16:43:44   -12456.324086       2.9338     0.092157    -2.697506          3
MinModeTranslate:  103  16:43:44   -12456.462224       0.1667     --------     1.207432          3
MinModeTranslate:  103  16:43:44   -12456.462224       0.1667     0.100000     1.207432          3
MinModeTranslate:  104  16:43:44   -12456.424057       1.8766     --------    -3.386247          3
MinModeTranslate:  104  16:43:44   -12456.424057       1.8766     0.100000    -3.386247          3
MinModeTranslate:  105  16:43:44   -12456.433086       1.3919     --------    -3.296394          3
MinModeTranslate:  105  16:43:44   -12456.433086       1.3919     0.041108    -3.296394          3
MinModeTranslate:  106  16:43:44   -12456.479227       0.7075     --------    -5.047890          3
MinModeTranslate:  106  16:43:44   -12456.479227       0.7075     0.033396    -5.047890          3
MinModeTranslate:  107  16:43:44   -12456.499933       0.8197     --------    -6.183380          3
MinModeTranslate:  107  16:43:44   -12456.499933       0.8197     0.100000    -6.183380          3
MinModeTranslate:  108  16:43:44   -12456.565924       0.8142     --------    -5.133986          3
MinModeTranslate:  108  16:43:44   -12456.565924       0.8142     0.035405    -5.133986          3
MinModeTranslate:  109  16:43:44   -12456.587910       0.6851     --------    -4.131982          3
MinModeTranslate:  109  16:43:44   -12456.587910       0.6851     0.031430    -4.131982          3
MinModeTranslate:  110  16:43:45   -12456.597775       0.5956     --------    -2.485621          3
MinModeTranslate:  110  16:43:45   -12456.597775       0.5956     0.011939    -2.485621          3
MinModeTranslate:  111  16:43:45   -12456.602855       0.2547     --------    -2.506042          3
MinModeTranslate:  111  16:43:45   -12456.602855       0.2547     0.012716    -2.506042          3
MinModeTranslate:  112  16:43:45   -12456.604106       0.2783     --------    -2.484897          3
MinModeTranslate:  112  16:43:45   -12456.604106       0.2783     0.018489    -2.484897          3
MinModeTranslate:  113  16:43:45   -12456.603687       0.3525     --------    -2.254294          3
MinModeTranslate:  113  16:43:45   -12456.603687       0.3525     0.029771    -2.254294          3
MinModeTranslate:  114  16:43:45   -12456.601870       0.5549     --------    -2.269640          3
MinModeTranslate:  114  16:43:45   -12456.601870       0.5549     0.066168    -2.269640          3
MinModeTranslate:  115  16:43:45   -12456.600385       0.0701     --------     0.303382          3
MinModeTranslate:  115  16:43:45   -12456.600385       0.0701     0.100000     0.303382          3
MinModeTranslate:  116  16:43:45   -12456.583760       0.0666     --------     0.351639          3
MinModeTranslate:  116  16:43:45   -12456.583760       0.0666     0.100000     0.351639          3
MinModeTranslate:  117  16:43:45   -12456.565258       0.0816     --------     0.415265          3
MinModeTranslate:  117  16:43:45   -12456.565258       0.0816     0.100000     0.415265          3
MinModeTranslate:  118  16:43:45   -12456.544468       0.5687     --------    -0.909217          3
MinModeTranslate:  118  16:43:45   -12456.544468       0.5687     0.100000    -0.909217          3
MinModeTranslate:  119  16:43:45   -12456.540126       0.4326     --------    -3.805849          3
MinModeTranslate:  119  16:43:45   -12456.540126       0.4326     0.036727    -3.805849          3
MinModeTranslate:  120  16:43:46   -12456.547612       0.4123     --------    -6.914331          3
MinModeTranslate:  120  16:43:46   -12456.547612       0.4123     0.031750    -6.914331          3
MinModeTranslate:  121  16:43:46   -12456.563514       0.7813     --------   -12.030493          3
MinModeTranslate:  121  16:43:46   -12456.563514       0.7813     0.062557   -12.030493          3
MinModeTranslate:  122  16:43:46   -12456.598111       1.2987     --------   -22.338858          3
MinModeTranslate:  122  16:43:46   -12456.598111       1.2987     0.090421   -22.338858          3
MinModeTranslate:  123  16:43:46   -12456.638308       1.1315     --------   -24.794935          3
MinModeTranslate:  123  16:43:46   -12456.638308       1.1315     0.095569   -24.794935          3
MinModeTranslate:  124  16:43:46   -12456.611811       0.7289     --------   -10.089769          3
MinModeTranslate:  124  16:43:46   -12456.611811       0.7289     0.036023   -10.089769          3
MinModeTranslate:  125  16:43:46   -12456.596460       0.7506     --------    -5.539561          3
MinModeTranslate:  125  16:43:46   -12456.596460       0.7506     0.061481    -5.539561          3
MinModeTranslate:  126  16:43:46   -12456.564920       0.8794     --------    -2.274952          3
MinModeTranslate:  126  16:43:46   -12456.564920       0.8794     0.046080    -2.274952          3
MinModeTranslate:  127  16:43:46   -12456.559085       1.0001     --------    -0.512581          3
MinModeTranslate:  127  16:43:46   -12456.559085       1.0001     0.036128    -0.512581          3
MinModeTranslate:  128  16:43:46   -12456.573065       0.1152     --------     0.128284          3
MinModeTranslate:  128  16:43:46   -12456.573065       0.1152     0.100000     0.128284          3
MinModeTranslate:  129  16:43:46   -12456.553772       0.1467     --------     0.618443          3
MinModeTranslate:  129  16:43:46   -12456.553772       0.1467     0.100000     0.618443          3
MinModeTranslate:  130  16:43:47   -12456.491807       1.4816     --------    -0.841595          3
MinModeTranslate:  130  16:43:47   -12456.491807       1.4816     0.016985    -0.841595          3
MinModeTranslate:  131  16:43:47   -12456.471048       1.6828     --------    -1.169510          3
MinModeTranslate:  131  16:43:47   -12456.471048       1.6828     0.088001    -1.169510          3
MinModeTranslate:  132  16:43:47   -12456.422744       2.3751     --------    -4.691046          3
MinModeTranslate:  132  16:43:47   -12456.422744       2.3751     0.100000    -4.691046          3
MinModeTranslate:  133  16:43:47   -12456.437150       0.8667     --------    -2.467057          3
MinModeTranslate:  133  16:43:47   -12456.437150       0.8667     0.025365    -2.467057          3
MinModeTranslate:  134  16:43:47   -12456.465379       0.8480     --------    -3.274370          3
MinModeTranslate:  134  16:43:47   -12456.465379       0.8480     0.067575    -3.274370          3
MinModeTranslate:  135  16:43:47   -12456.514628       1.1817     --------    -5.218868          3
MinModeTranslate:  135  16:43:47   -12456.514628       1.1817     0.100000    -5.218868          3
MinModeTranslate:  136  16:43:47   -12456.574961       1.0619     --------    -3.526185          3
MinModeTranslate:  136  16:43:47   -12456.574961       1.0619     0.057264    -3.526185          3
MinModeTranslate:  137  16:43:47   -12456.591652       0.8576     --------    -0.637183          3
MinModeTranslate:  137  16:43:47   -12456.591652       0.8576     0.022823    -0.637183          3
MinModeTranslate:  138  16:43:47   -12456.598639       0.3979     --------    -1.288799          3
MinModeTranslate:  138  16:43:47   -12456.598639       0.3979     0.024385    -1.288799          3
MinModeTranslate:  139  16:43:47   -12456.605723       0.5104     --------    -1.696862          3
MinModeTranslate:  139  16:43:47   -12456.605723       0.5104     0.031946    -1.696862          3
MinModeTranslate:  140  16:43:48   -12456.611932       0.5844     --------    -2.113968          3
MinModeTranslate:  140  16:43:48   -12456.611932       0.5844     0.024803    -2.113968          3
MinModeTranslate:  141  16:43:48   -12456.614992       0.4057     --------    -2.138192          3
MinModeTranslate:  141  16:43:48   -12456.614992       0.4057     0.020859    -2.138192          3
MinModeTranslate:  142  16:43:48   -12456.616978       0.3085     --------    -1.984028          3
MinModeTranslate:  142  16:43:48   -12456.616978       0.3085     0.023310    -1.984028          3
MinModeTranslate:  143  16:43:48   -12456.618408       0.2895     --------    -2.066919          3
MinModeTranslate:  143  16:43:48   -12456.618408       0.2895     0.036791    -2.066919          3
MinModeTranslate:  144  16:43:48   -12456.621027       0.3880     --------    -1.135138          3
MinModeTranslate:  144  16:43:48   -12456.621027       0.3880     0.032465    -1.135138          3
MinModeTranslate:  145  16:43:48   -12456.623517       0.0460     --------     0.113955          3
MinModeTranslate:  145  16:43:48   -12456.623517       0.0460     0.100000     0.113955          3
MinModeTranslate:  146  16:43:48   -12456.610612       0.0429     --------     0.300414          3
MinModeTranslate:  146  16:43:48   -12456.610612       0.0429     0.100000     0.300414          3
MinModeTranslate:  147  16:43:48   -12456.597052       0.0781     --------     0.991991          3
MinModeTranslate:  147  16:43:48   -12456.597052       0.0781     0.100000     0.991991          3
MinModeTranslate:  148  16:43:48   -12456.572759       0.0946     --------     0.222655          3
MinModeTranslate:  148  16:43:48   -12456.572759       0.0946     0.100000     0.222655          3
MinModeTranslate:  149  16:43:48   -12456.549398       0.7022     --------    -1.583568          3
MinModeTranslate:  149  16:43:48   -12456.549398       0.7022     0.074036    -1.583568          3
MinModeTranslate:  150  16:43:49   -12456.545669       0.6718     --------    -2.654344          3
MinModeTranslate:  150  16:43:49   -12456.545669       0.6718     0.078181    -2.654344          3
MinModeTranslate:  151  16:43:49   -12456.570087       0.6072     --------    -4.239525          3
MinModeTranslate:  151  16:43:49   -12456.570087       0.6072     0.061286    -4.239525          3
MinModeTranslate:  152  16:43:49   -12456.620872       1.2456     --------   -14.735574          3
MinModeTranslate:  152  16:43:49   -12456.620872       1.2456     0.078125   -14.735574          3
MinModeTranslate:  153  16:43:49   -12456.750217       2.2901     --------   -35.996793          3
MinModeTranslate:  153  16:43:49   -12456.750217       2.2901     0.019467   -35.996793          3
MinModeTranslate:  154  16:43:49   -12456.778133       2.5678     --------   -40.210970          3
MinModeTranslate:  154  16:43:49   -12456.778133       2.5678     0.069604   -40.210970          3
MinModeTranslate:  155  16:43:49   -12456.651213       1.5530     --------   -14.492849          3
MinModeTranslate:  155  16:43:49   -12456.651213       1.5530     0.029713   -14.492849          3
MinModeTranslate:  156  16:43:49   -12456.632525       1.4790     --------    -8.650052          3
MinModeTranslate:  156  16:43:49   -12456.632525       1.4790     0.060345    -8.650052          3
MinModeTranslate:  157  16:43:49   -12456.583769       1.3985     --------    -0.287003          3
MinModeTranslate:  157  16:43:49   -12456.583769       1.3985     0.079246    -0.287003          3
MinModeTranslate:  158  16:43:49   -12456.564638       0.1188     --------     3.131371          3
MinModeTranslate:  158  16:43:49   -12456.564638       0.1188     0.100000     3.131371          3
MinModeTranslate:  159  16:43:49   -12456.537264       0.2212     --------     4.825726          3
MinModeTranslate:  159  16:43:49   -12456.537264       0.2212     0.100000     4.825726          3
MinModeTranslate:  160  16:43:50   -12456.433449       0.4741     --------     1.835987          3
