      Step     Time          Energy          fmax
BFGS:    0 16:54:15    -6227.366166        1.127983
BFGS:    1 16:54:15    -6227.398987        1.137625
BFGS:    2 16:54:15    -6227.722630        5.250511
BFGS:    3 16:54:16    -6228.563220        3.594745
BFGS:    4 16:54:16    -6228.985747        2.218529
BFGS:    5 16:54:16    -6229.115239        1.788510
BFGS:    6 16:54:16    -6229.315121        1.223298
BFGS:    7 16:54:16    -6229.455298        1.475550
BFGS:    8 16:54:16    -6229.579769        1.431082
BFGS:    9 16:54:16    -6229.680000        1.133559
BFGS:   10 16:54:16    -6229.739159        0.609131
BFGS:   11 16:54:16    -6229.753543        0.445844
BFGS:   12 16:54:16    -6229.765018        0.354970
BFGS:   13 16:54:16    -6229.770331        0.272395
BFGS:   14 16:54:16    -6229.776894        0.200151
BFGS:   15 16:54:16    -6229.779332        0.142417
BFGS:   16 16:54:16    -6229.781000        0.131947
BFGS:   17 16:54:16    -6229.782587        0.141037
BFGS:   18 16:54:16    -6229.784693        0.165227
BFGS:   19 16:54:16    -6229.787176        0.206293
BFGS:   20 16:54:16    -6229.790344        0.238395
BFGS:   21 16:54:16    -6229.793862        0.224723
BFGS:   22 16:54:16    -6229.797484        0.184168
BFGS:   23 16:54:16    -6229.800649        0.178367
BFGS:   24 16:54:16    -6229.803979        0.269415
BFGS:   25 16:54:16    -6229.805521        0.446282
BFGS:   26 16:54:16    -6229.809979        0.227201
BFGS:   27 16:54:16    -6229.812446        0.147373
BFGS:   28 16:54:16    -6229.814926        0.141564
BFGS:   29 16:54:16    -6229.815826        0.123986
BFGS:   30 16:54:16    -6229.818707        0.151805
BFGS:   31 16:54:16    -6229.820854        0.193945
BFGS:   32 16:54:16    -6229.823063        0.199975
BFGS:   33 16:54:16    -6229.824896        0.133584
BFGS:   34 16:54:16    -6229.826333        0.167353
BFGS:   35 16:54:16    -6229.827513        0.128574
BFGS:   36 16:54:16    -6229.828198        0.122787
BFGS:   37 16:54:16    -6229.828970        0.102961
BFGS:   38 16:54:16    -6229.829493        0.061709
BFGS:   39 16:54:16    -6229.829780        0.040387
BFGS:   40 16:54:16    -6229.829950        0.039216
BFGS:   41 16:54:16    -6229.830128        0.049401
BFGS:   42 16:54:16    -6229.830362        0.053358
BFGS:   43 16:54:16    -6229.830768        0.067238
BFGS:   44 16:54:16    -6229.831655        0.124933
BFGS:   45 16:54:16    -6229.833021        0.243299
BFGS:   46 16:54:16    -6229.834626        0.304663
BFGS:   47 16:54:16    -6229.836524        0.170282
BFGS:   48 16:54:16    -6229.838632        0.154288
BFGS:   49 16:54:16    -6229.840220        0.206236
BFGS:   50 16:54:16    -6229.839874        0.539757
BFGS:   51 16:54:16    -6229.843595        0.185375
BFGS:   52 16:54:16    -6229.845444        0.170490
BFGS:   53 16:54:16    -6229.847065        0.384353
BFGS:   54 16:54:16    -6229.848113        0.080176
BFGS:   55 16:54:16    -6229.848591        0.091394
BFGS:   56 16:54:16    -6229.849091        0.265628
BFGS:   57 16:54:16    -6229.849629        0.151102
BFGS:   58 16:54:16    -6229.850932        0.048641
BFGS:   59 16:54:16    -6229.853906        0.150414
BFGS:   60 16:54:16    -6229.854158        0.610964
BFGS:   61 16:54:16    -6229.856441        0.265130
BFGS:   62 16:54:16    -6229.857768        0.078205
BFGS:   63 16:54:16    -6229.859008        0.221327
BFGS:   64 16:54:16    -6229.860024        0.239822
BFGS:   65 16:54:16    -6229.861183        0.123044
BFGS:   66 16:54:16    -6229.861608        0.145681
BFGS:   67 16:54:17    -6229.861591        0.250329
BFGS:   68 16:54:17    -6229.862026        0.069596
BFGS:   69 16:54:17    -6229.862189        0.033721
BFGS:   70 16:54:17    -6229.862277        0.042301
BFGS:   71 16:54:17    -6229.862318        0.026995
BFGS:   72 16:54:17    -6229.862331        0.012439
BFGS:   73 16:54:17    -6229.862342        0.010892
BFGS:   74 16:54:17    -6229.862365        0.014085
BFGS:   75 16:54:17    -6229.862379        0.013763
BFGS:   76 16:54:17    -6229.862384        0.006033
BFGS:   77 16:54:17    -6229.862392        0.001163
