      Step     Time          Energy          fmax
BFGS:    0 16:54:15    -6227.305186        0.663478
BFGS:    1 16:54:15    -6227.313278        0.378292
BFGS:    2 16:54:15    -6227.317657        0.143753
BFGS:    3 16:54:15    -6227.318875        0.107274
BFGS:    4 16:54:15    -6227.319825        0.090768
BFGS:    5 16:54:15    -6227.320327        0.060575
BFGS:    6 16:54:15    -6227.320576        0.047482
BFGS:    7 16:54:15    -6227.320711        0.039302
BFGS:    8 16:54:15    -6227.320818        0.034435
BFGS:    9 16:54:15    -6227.320934        0.028968
BFGS:   10 16:54:15    -6227.321009        0.023492
BFGS:   11 16:54:15    -6227.321042        0.018578
BFGS:   12 16:54:15    -6227.321069        0.012784
BFGS:   13 16:54:15    -6227.321084        0.013997
BFGS:   14 16:54:15    -6227.321107        0.011241
BFGS:   15 16:54:15    -6227.321109        0.011110
BFGS:   16 16:54:15    -6227.321123        0.013036
BFGS:   17 16:54:15    -6227.321144        0.013912
BFGS:   18 16:54:15    -6227.321153        0.012350
BFGS:   19 16:54:15    -6227.321164        0.007370
BFGS:   20 16:54:15    -6227.321168        0.004170
