MinModeTranslate: STEP      TIME          ENERGY    MAX-FORCE     STEPSIZE    CURVATURE  ROT-STEPS
MinModeTranslate:    0  16:30:31    -9342.393158       3.4488     --------     1.303780          3
MinModeTranslate:    0  16:30:31    -9342.393158       3.4488     0.100000     1.303780          3
MinModeTranslate:    1  16:30:31    -9341.941674       4.6668     --------    -2.163008          3
MinModeTranslate:    1  16:30:31    -9341.941674       4.6668     0.100000    -2.163008          3
MinModeTranslate:    2  16:30:31    -9341.776934       4.5115     --------    -3.857991          3
MinModeTranslate:    2  16:30:31    -9341.776934       4.5115     0.100000    -3.857991          3
MinModeTranslate:    3  16:30:31    -9341.858911       4.3112     --------    -2.450441          3
MinModeTranslate:    3  16:30:31    -9341.858911       4.3112     0.100000    -2.450441          3
MinModeTranslate:    4  16:30:31    -9341.813097       3.9283     --------    -0.047013          3
MinModeTranslate:    4  16:30:31    -9341.813097       3.9283     0.100000    -0.047013          3
MinModeTranslate:    5  16:30:31    -9341.684989       3.7207     --------    -0.870802          3
MinModeTranslate:    5  16:30:31    -9341.684989       3.7207     0.100000    -0.870802          3
MinModeTranslate:    6  16:30:31    -9341.523549       3.9608     --------   -10.119506          3
MinModeTranslate:    6  16:30:31    -9341.523549       3.9608     0.100000   -10.119506          3
MinModeTranslate:    7  16:30:31    -9341.445382       3.8440     --------   -14.883219          3
MinModeTranslate:    7  16:30:31    -9341.445382       3.8440     0.100000   -14.883219          3
MinModeTranslate:    8  16:30:31    -9341.507924       3.4611     --------    -8.209665          3
MinModeTranslate:    8  16:30:32    -9341.507924       3.4611     0.100000    -8.209665          3
MinModeTranslate:    9  16:30:32    -9341.516671       3.1224     --------   -12.885317          3
MinModeTranslate:    9  16:30:32    -9341.516671       3.1224     0.100000   -12.885317          3
MinModeTranslate:   10  16:30:32    -9341.638312       2.4012     --------   -13.192663          3
MinModeTranslate:   10  16:30:32    -9341.638312       2.4012     0.100000   -13.192663          3
MinModeTranslate:   11  16:30:32    -9341.843002       2.2573     --------    -5.594468          3
MinModeTranslate:   11  16:30:32    -9341.843002       2.2573     0.100000    -5.594468          3
MinModeTranslate:   12  16:30:32    -9342.014421       1.4567     --------    -1.809229          3
MinModeTranslate:   12  16:30:32    -9342.014421       1.4567     0.100000    -1.809229          3
MinModeTranslate:   13  16:30:32    -9342.018289       1.5328     --------    -2.362986          3
MinModeTranslate:   13  16:30:32    -9342.018289       1.5328     0.100000    -2.362986          3
MinModeTranslate:   14  16:30:32    -9341.953222       1.0478     --------    -1.893638          3
MinModeTranslate:   14  16:30:32    -9341.953222       1.0478     0.100000    -1.893638          3
MinModeTranslate:   15  16:30:32    -9341.837006       1.7418     --------    -0.724693          3
MinModeTranslate:   15  16:30:32    -9341.837006       1.7418     0.100000    -0.724693          3
MinModeTranslate:   16  16:30:32    -9341.755273       0.9808     --------     0.001302          3
MinModeTranslate:   16  16:30:32    -9341.755273       0.9808     0.100000     0.001302          3
MinModeTranslate:   17  16:30:32    -9341.607811       0.9588     --------     0.128025          3
MinModeTranslate:   17  16:30:32    -9341.607811       0.9588     0.100000     0.128025          3
MinModeTranslate:   18  16:30:32    -9341.464471       1.0996     --------    -1.253133          3
MinModeTranslate:   18  16:30:32    -9341.464471       1.0996     0.100000    -1.253133          3
MinModeTranslate:   19  16:30:32    -9341.365904       1.6091     --------    -1.920369          3
MinModeTranslate:   19  16:30:32    -9341.365904       1.6091     0.100000    -1.920369          3
MinModeTranslate:   20  16:30:33    -9341.297320       1.0983     --------    -2.058876          3
MinModeTranslate:   20  16:30:33    -9341.297320       1.0983     0.030189    -2.058876          3
MinModeTranslate:   21  16:30:33    -9341.299005       0.7564     --------    -1.903393          3
MinModeTranslate:   21  16:30:33    -9341.299005       0.7564     0.080785    -1.903393          3
MinModeTranslate:   22  16:30:33    -9341.231075       1.3957     --------    -1.788442          3
MinModeTranslate:   22  16:30:33    -9341.231075       1.3957     0.100000    -1.788442          3
MinModeTranslate:   23  16:30:33    -9341.193714       0.9644     --------    -1.618408          3
MinModeTranslate:   23  16:30:33    -9341.193714       0.9644     0.031217    -1.618408          3
MinModeTranslate:   24  16:30:33    -9341.206537       0.8826     --------    -1.791715          3
MinModeTranslate:   24  16:30:33    -9341.206537       0.8826     0.030407    -1.791715          3
MinModeTranslate:   25  16:30:33    -9341.199947       0.6709     --------    -1.863836          3
MinModeTranslate:   25  16:30:33    -9341.199947       0.6709     0.100000    -1.863836          3
MinModeTranslate:   26  16:30:33    -9341.174929       0.7415     --------    -1.202762          3
MinModeTranslate:   26  16:30:33    -9341.174929       0.7415     0.064062    -1.202762          3
MinModeTranslate:   27  16:30:33    -9341.162919       0.9936     --------    -1.008709          3
MinModeTranslate:   27  16:30:33    -9341.162919       0.9936     0.100000    -1.008709          3
MinModeTranslate:   28  16:30:33    -9341.116428       1.4996     --------    -0.754298          3
MinModeTranslate:   28  16:30:33    -9341.116428       1.4996     0.100000    -0.754298          3
MinModeTranslate:   29  16:30:33    -9341.105754       0.8728     --------    -0.534895          3
MinModeTranslate:   29  16:30:33    -9341.105754       0.8728     0.030699    -0.534895          3
MinModeTranslate:   30  16:30:34    -9341.114265       0.8329     --------    -0.522797          3
MinModeTranslate:   30  16:30:34    -9341.114265       0.8329     0.038772    -0.522797          3
MinModeTranslate:   31  16:30:34    -9341.110145       0.5762     --------    -0.600133          3
MinModeTranslate:   31  16:30:34    -9341.110145       0.5762     0.024821    -0.600133          3
MinModeTranslate:   32  16:30:34    -9341.108833       0.6687     --------    -0.648204          3
MinModeTranslate:   32  16:30:34    -9341.108833       0.6687     0.032661    -0.648204          3
MinModeTranslate:   33  16:30:34    -9341.102995       0.4899     --------    -0.627994          3
MinModeTranslate:   33  16:30:34    -9341.102995       0.4899     0.077275    -0.627994          3
MinModeTranslate:   34  16:30:34    -9341.081787       0.8207     --------    -0.437878          3
MinModeTranslate:   34  16:30:34    -9341.081787       0.8207     0.100000    -0.437878          3
MinModeTranslate:   35  16:30:34    -9341.059658       0.8422     --------    -0.259591          3
MinModeTranslate:   35  16:30:34    -9341.059658       0.8422     0.100000    -0.259591          3
MinModeTranslate:   36  16:30:34    -9341.036013       0.7851     --------    -0.120704          3
MinModeTranslate:   36  16:30:34    -9341.036013       0.7851     0.100000    -0.120704          3
MinModeTranslate:   37  16:30:34    -9341.027788       0.7822     --------    -0.130320          3
MinModeTranslate:   37  16:30:34    -9341.027788       0.7822     0.014441    -0.130320          3
MinModeTranslate:   38  16:30:34    -9341.037864       0.3890     --------    -0.096396          3
MinModeTranslate:   38  16:30:34    -9341.037864       0.3890     0.019970    -0.096396          3
MinModeTranslate:   39  16:30:34    -9341.041102       0.3848     --------    -0.032132          3
MinModeTranslate:   39  16:30:34    -9341.041102       0.3848     0.054226    -0.032132          3
MinModeTranslate:   40  16:30:35    -9341.040286       0.4872     --------    -0.021902          3
MinModeTranslate:   40  16:30:35    -9341.040286       0.4872     0.043064    -0.021902          3
MinModeTranslate:   41  16:30:35    -9341.036674       0.2560     --------    -0.129501          3
MinModeTranslate:   41  16:30:35    -9341.036674       0.2560     0.026227    -0.129501          3
MinModeTranslate:   42  16:30:35    -9341.031361       0.5396     --------    -0.167217          3
MinModeTranslate:   42  16:30:35    -9341.031361       0.5396     0.100000    -0.167217          3
MinModeTranslate:   43  16:30:35    -9341.014504       0.4971     --------    -0.234529          3
MinModeTranslate:   43  16:30:35    -9341.014504       0.4971     0.100000    -0.234529          3
MinModeTranslate:   44  16:30:35    -9341.006212       0.6352     --------    -0.346783          3
MinModeTranslate:   44  16:30:35    -9341.006212       0.6352     0.100000    -0.346783          3
MinModeTranslate:   45  16:30:35    -9340.998599       0.4135     --------    -0.085256          3
MinModeTranslate:   45  16:30:35    -9340.998599       0.4135     0.053001    -0.085256          3
MinModeTranslate:   46  16:30:35    -9340.993594       0.1251     --------     0.077829          3
MinModeTranslate:   46  16:30:35    -9340.993594       0.1251     0.100000     0.077829          3
MinModeTranslate:   47  16:30:35    -9340.971838       0.1374     --------     0.302967          3
MinModeTranslate:   47  16:30:35    -9340.971838       0.1374     0.100000     0.302967          3
MinModeTranslate:   48  16:30:35    -9340.947263       0.1454     --------     0.144444          3
MinModeTranslate:   48  16:30:35    -9340.947263       0.1454     0.100000     0.144444          3
MinModeTranslate:   49  16:30:35    -9340.922330       0.8055     --------    -0.157001          3
MinModeTranslate:   49  16:30:36    -9340.922330       0.8055     0.100000    -0.157001          3
MinModeTranslate:   50  16:30:36    -9340.903568       0.8074     --------    -0.213209          3
MinModeTranslate:   50  16:30:36    -9340.903568       0.8074     0.100000    -0.213209          3
MinModeTranslate:   51  16:30:36    -9340.880552       1.1319     --------    -0.078270          3
MinModeTranslate:   51  16:30:36    -9340.880552       1.1319     0.094502    -0.078270          3
MinModeTranslate:   52  16:30:36    -9340.868505       0.1112     --------     0.049008          3
MinModeTranslate:   52  16:30:36    -9340.868505       0.1112     0.100000     0.049008          3
MinModeTranslate:   53  16:30:36    -9340.849882       0.1143     --------     0.019468          3
MinModeTranslate:   53  16:30:36    -9340.849882       0.1143     0.100000     0.019468          3
MinModeTranslate:   54  16:30:36    -9340.831101       0.9519     --------    -0.050811          3
MinModeTranslate:   54  16:30:36    -9340.831101       0.9519     0.100000    -0.050811          3
MinModeTranslate:   55  16:30:36    -9340.820006       0.3792     --------    -0.121957          3
MinModeTranslate:   55  16:30:36    -9340.820006       0.3792     0.100000    -0.121957          3
MinModeTranslate:   56  16:30:36    -9340.807743       0.4804     --------    -0.120407          3
MinModeTranslate:   56  16:30:36    -9340.807743       0.4804     0.028327    -0.120407          3
MinModeTranslate:   57  16:30:36    -9340.806784       0.4928     --------    -0.131108          3
MinModeTranslate:   57  16:30:36    -9340.806784       0.4928     0.070862    -0.131108          3
MinModeTranslate:   58  16:30:36    -9340.796601       0.9658     --------    -0.158845          3
MinModeTranslate:   58  16:30:36    -9340.796601       0.9658     0.088677    -0.158845          3
MinModeTranslate:   59  16:30:37    -9340.793204       0.5817     --------    -0.183215          3
MinModeTranslate:   59  16:30:37    -9340.793204       0.5817     0.086847    -0.183215          3
MinModeTranslate:   60  16:30:37    -9340.791653       0.4971     --------    -0.087979          3
MinModeTranslate:   60  16:30:37    -9340.791653       0.4971     0.072492    -0.087979          3
MinModeTranslate:   61  16:30:37    -9340.789398       0.8428     --------    -0.013624          3
MinModeTranslate:   61  16:30:37    -9340.789398       0.8428     0.100000    -0.013624          3
MinModeTranslate:   62  16:30:37    -9340.789887       0.0504     --------     0.059498          3
MinModeTranslate:   62  16:30:37    -9340.789887       0.0504     0.100000     0.059498          3
MinModeTranslate:   63  16:30:37    -9340.780933       0.0528     --------     0.093830          3
MinModeTranslate:   63  16:30:37    -9340.780933       0.0528     0.100000     0.093830          3
MinModeTranslate:   64  16:30:37    -9340.771350       0.0538     --------     0.116810          3
MinModeTranslate:   64  16:30:37    -9340.771350       0.0538     0.100000     0.116810          3
MinModeTranslate:   65  16:30:37    -9340.761451       0.0573     --------     0.125653          3
MinModeTranslate:   65  16:30:37    -9340.761451       0.0573     0.100000     0.125653          3
MinModeTranslate:   66  16:30:37    -9340.750851       0.0578     --------     0.125114          3
MinModeTranslate:   66  16:30:37    -9340.750851       0.0578     0.100000     0.125114          3
MinModeTranslate:   67  16:30:37    -9340.740122       0.0599     --------     0.121089          3
MinModeTranslate:   67  16:30:37    -9340.740122       0.0599     0.100000     0.121089          3
MinModeTranslate:   68  16:30:37    -9340.728974       0.0583     --------     0.117474          3
MinModeTranslate:   68  16:30:37    -9340.728974       0.0583     0.100000     0.117474          3
MinModeTranslate:   69  16:30:38    -9340.718064       0.0588     --------     0.117791          3
MinModeTranslate:   69  16:30:38    -9340.718064       0.0588     0.100000     0.117791          3
MinModeTranslate:   70  16:30:38    -9340.706949       0.0561     --------     0.123504          3
MinModeTranslate:   70  16:30:38    -9340.706949       0.0561     0.100000     0.123504          3
MinModeTranslate:   71  16:30:38    -9340.696226       0.0561     --------     0.126815          3
MinModeTranslate:   71  16:30:38    -9340.696226       0.0561     0.100000     0.126815          3
MinModeTranslate:   72  16:30:38    -9340.685361       0.0532     --------     0.135713          3
MinModeTranslate:   72  16:30:38    -9340.685361       0.0532     0.100000     0.135713          3
MinModeTranslate:   73  16:30:38    -9340.674927       0.0537     --------     0.148761          3
MinModeTranslate:   73  16:30:38    -9340.674927       0.0537     0.100000     0.148761          3
MinModeTranslate:   74  16:30:38    -9340.664212       0.0518     --------     0.164440          3
MinModeTranslate:   74  16:30:38    -9340.664212       0.0518     0.100000     0.164440          3
MinModeTranslate:   75  16:30:38    -9340.653763       0.0537     --------     0.181515          3
MinModeTranslate:   75  16:30:38    -9340.653763       0.0537     0.100000     0.181515          3
MinModeTranslate:   76  16:30:38    -9340.642805       0.0529     --------     0.196994          3
MinModeTranslate:   76  16:30:38    -9340.642805       0.0529     0.100000     0.196994          3
MinModeTranslate:   77  16:30:38    -9340.631935       0.0554     --------     0.206461          3
MinModeTranslate:   77  16:30:38    -9340.631935       0.0554     0.100000     0.206461          3
MinModeTranslate:   78  16:30:38    -9340.620451       0.0547     --------     0.208176          3
MinModeTranslate:   78  16:30:38    -9340.620451       0.0547     0.100000     0.208176          3
MinModeTranslate:   79  16:30:38    -9340.609156       0.0564     --------     0.202198          3
MinModeTranslate:   79  16:30:38    -9340.609156       0.0564     0.100000     0.202198          3
MinModeTranslate:   80  16:30:38    -9340.597436       0.0544     --------     0.201767          3
MinModeTranslate:   80  16:30:39    -9340.597436       0.0544     0.100000     0.201767          3
MinModeTranslate:   81  16:30:39    -9340.586120       0.0552     --------     0.198984          3
MinModeTranslate:   81  16:30:39    -9340.586120       0.0552     0.100000     0.198984          3
MinModeTranslate:   82  16:30:39    -9340.574587       0.0521     --------     0.190925          3
MinModeTranslate:   82  16:30:39    -9340.574587       0.0521     0.100000     0.190925          3
MinModeTranslate:   83  16:30:39    -9340.563668       0.0516     --------     0.176498          3
MinModeTranslate:   83  16:30:39    -9340.563668       0.0516     0.100000     0.176498          3
MinModeTranslate:   84  16:30:39    -9340.552871       0.0468     --------     0.153413          3
MinModeTranslate:   84  16:30:39    -9340.552871       0.0468     0.100000     0.153413          3
MinModeTranslate:   85  16:30:39    -9340.543057       0.0442     --------     0.128636          3
MinModeTranslate:   85  16:30:39    -9340.543057       0.0442     0.100000     0.128636          3
MinModeTranslate:   86  16:30:39    -9340.533810       0.0378     --------     0.108821          3
MinModeTranslate:   86  16:30:39    -9340.533810       0.0378     0.100000     0.108821          3
MinModeTranslate:   87  16:30:39    -9340.525832       0.0344     --------     0.103977          3
MinModeTranslate:   87  16:30:39    -9340.525832       0.0344     0.100000     0.103977          3
MinModeTranslate:   88  16:30:39    -9340.518460       0.0294     --------     0.116573          3
MinModeTranslate:   88  16:30:39    -9340.518460       0.0294     0.100000     0.116573          3
MinModeTranslate:   89  16:30:39    -9340.511955       0.0285     --------     0.142181          3
MinModeTranslate:   89  16:30:39    -9340.511955       0.0285     0.100000     0.142181          3
MinModeTranslate:   90  16:30:39    -9340.505484       0.0269     --------     0.170750          3
MinModeTranslate:   90  16:30:39    -9340.505484       0.0269     0.100000     0.170750          3
MinModeTranslate:   91  16:30:39    -9340.499151       0.0290     --------     0.194776          3
MinModeTranslate:   91  16:30:39    -9340.499151       0.0290     0.100000     0.194776          3
MinModeTranslate:   92  16:30:40    -9340.492142       0.0298     --------     0.208136          3
MinModeTranslate:   92  16:30:40    -9340.492142       0.0298     0.100000     0.208136          3
MinModeTranslate:   93  16:30:40    -9340.484955       0.0331     --------     0.213957          3
MinModeTranslate:   93  16:30:40    -9340.484955       0.0331     0.100000     0.213957          3
MinModeTranslate:   94  16:30:40    -9340.476958       0.0337     --------     0.204966          3
MinModeTranslate:   94  16:30:40    -9340.476958       0.0337     0.100000     0.204966          3
MinModeTranslate:   95  16:30:40    -9340.468965       0.0361     --------     0.192704          3
MinModeTranslate:   95  16:30:40    -9340.468965       0.0361     0.100000     0.192704          3
MinModeTranslate:   96  16:30:40    -9340.460442       0.0352     --------     0.178676          3
MinModeTranslate:   96  16:30:40    -9340.460442       0.0352     0.100000     0.178676          3
MinModeTranslate:   97  16:30:40    -9340.452224       0.0363     --------     0.166786          3
MinModeTranslate:   97  16:30:40    -9340.452224       0.0363     0.100000     0.166786          3
MinModeTranslate:   98  16:30:40    -9340.443734       0.0347     --------     0.158530          3
MinModeTranslate:   98  16:30:40    -9340.443734       0.0347     0.100000     0.158530          3
MinModeTranslate:   99  16:30:40    -9340.435618       0.0353     --------     0.156777          3
MinModeTranslate:   99  16:30:40    -9340.435618       0.0353     0.100000     0.156777          3
MinModeTranslate:  100  16:30:40    -9340.427268       0.0338     --------     0.158262          3
MinModeTranslate:  100  16:30:40    -9340.427268       0.0338     0.100000     0.158262          3
MinModeTranslate:  101  16:30:40    -9340.419208       0.0348     --------     0.160838          3
MinModeTranslate:  101  16:30:40    -9340.419208       0.0348     0.100000     0.160838          3
MinModeTranslate:  102  16:30:40    -9340.410840       0.0334     --------     0.160076          3
MinModeTranslate:  102  16:30:40    -9340.410840       0.0334     0.100000     0.160076          3
MinModeTranslate:  103  16:30:40    -9340.402756       0.0343     --------     0.157968          3
MinModeTranslate:  103  16:30:40    -9340.402756       0.0343     0.100000     0.157968          3
MinModeTranslate:  104  16:30:40    -9340.394390       0.0327     --------     0.153461          3
MinModeTranslate:  104  16:30:40    -9340.394390       0.0327     0.100000     0.153461          3
MinModeTranslate:  105  16:30:41    -9340.386380       0.0334     --------     0.150019          3
MinModeTranslate:  105  16:30:41    -9340.386380       0.0334     0.100000     0.150019          3
MinModeTranslate:  106  16:30:41    -9340.378150       0.0315     --------     0.146532          3
MinModeTranslate:  106  16:30:41    -9340.378150       0.0315     0.100000     0.146532          3
MinModeTranslate:  107  16:30:41    -9340.370320       0.0320     --------     0.143688          3
MinModeTranslate:  107  16:30:41    -9340.370320       0.0320     0.100000     0.143688          3
MinModeTranslate:  108  16:30:41    -9340.362310       0.0303     --------     0.139685          3
MinModeTranslate:  108  16:30:41    -9340.362310       0.0303     0.100000     0.139685          3
MinModeTranslate:  109  16:30:41    -9340.354691       0.0306     --------     0.136480          3
MinModeTranslate:  109  16:30:41    -9340.354691       0.0306     0.100000     0.136480          3
MinModeTranslate:  110  16:30:41    -9340.346927       0.0287     --------     0.132089          3
MinModeTranslate:  110  16:30:41    -9340.346927       0.0287     0.100000     0.132089          3
MinModeTranslate:  111  16:30:41    -9340.339611       0.0288     --------     0.128423          3
MinModeTranslate:  111  16:30:41    -9340.339611       0.0288     0.100000     0.128423          3
MinModeTranslate:  112  16:30:41    -9340.332214       0.0269     --------     0.123614          3
MinModeTranslate:  112  16:30:41    -9340.332214       0.0269     0.100000     0.123614          3
MinModeTranslate:  113  16:30:41    -9340.325244       0.0268     --------     0.119761          3
MinModeTranslate:  113  16:30:41    -9340.325244       0.0268     0.100000     0.119761          3
MinModeTranslate:  114  16:30:41    -9340.318244       0.0249     --------     0.115035          3
MinModeTranslate:  114  16:30:41    -9340.318244       0.0249     0.100000     0.115035          3
MinModeTranslate:  115  16:30:41    -9340.311675       0.0247     --------     0.111203          3
MinModeTranslate:  115  16:30:41    -9340.311675       0.0247     0.100000     0.111203          3
MinModeTranslate:  116  16:30:41    -9340.305137       0.0229     --------     0.106663          3
MinModeTranslate:  116  16:30:42    -9340.305137       0.0229     0.100000     0.106663          3
MinModeTranslate:  117  16:30:42    -9340.299011       0.0225     --------     0.102905          3
MinModeTranslate:  117  16:30:42    -9340.299011       0.0225     0.100000     0.102905          3
MinModeTranslate:  118  16:30:42    -9340.292950       0.0207     --------     0.097925          3
MinModeTranslate:  118  16:30:42    -9340.292950       0.0207     0.100000     0.097925          3
MinModeTranslate:  119  16:30:42    -9340.287313       0.0203     --------     0.093721          3
MinModeTranslate:  119  16:30:42    -9340.287313       0.0203     0.100000     0.093721          3
MinModeTranslate:  120  16:30:42    -9340.281764       0.0185     --------     0.088235          3
MinModeTranslate:  120  16:30:42    -9340.281764       0.0185     0.100000     0.088235          3
MinModeTranslate:  121  16:30:42    -9340.276657       0.0181     --------     0.083355          3
MinModeTranslate:  121  16:30:42    -9340.276657       0.0181     0.100000     0.083355          3
MinModeTranslate:  122  16:30:42    -9340.271672       0.0164     --------     0.077025          3
MinModeTranslate:  122  16:30:42    -9340.271672       0.0164     0.100000     0.077025          3
MinModeTranslate:  123  16:30:42    -9340.267142       0.0157     --------     0.071399          3
MinModeTranslate:  123  16:30:42    -9340.267142       0.0157     0.100000     0.071399          3
MinModeTranslate:  124  16:30:42    -9340.262826       0.0138     --------     0.065620          3
MinModeTranslate:  124  16:30:42    -9340.262826       0.0138     0.100000     0.065620          3
MinModeTranslate:  125  16:30:42    -9340.259017       0.0129     --------     0.059906          3
MinModeTranslate:  125  16:30:42    -9340.259017       0.0129     0.100000     0.059906          3
MinModeTranslate:  126  16:30:42    -9340.255492       0.0110     --------     0.052449          3
MinModeTranslate:  126  16:30:42    -9340.255492       0.0110     0.100000     0.052449          3
MinModeTranslate:  127  16:30:43    -9340.252482       0.0099     --------     0.044159          3
MinModeTranslate:  127  16:30:43    -9340.252482       0.0099     0.100000     0.044159          3
MinModeTranslate:  128  16:30:43    -9340.249792       0.0080     --------     0.031611          3
MinModeTranslate:  128  16:30:43    -9340.249792       0.0080     0.100000     0.031611          3
MinModeTranslate:  129  16:30:43    -9340.247614       0.0063     --------     0.021010          3
MinModeTranslate:  129  16:30:43    -9340.247614       0.0063     0.100000     0.021010          3
MinModeTranslate:  130  16:30:43    -9340.245915       0.0033     --------     0.015010          3
MinModeTranslate:  130  16:30:43    -9340.245915       0.0033     0.100000     0.015010          3
MinModeTranslate:  131  16:30:43    -9340.244995       0.0002     --------     0.023787          3
MinModeTranslate:  131  16:30:43    -9340.244995       0.0002     0.100000     0.023787          3
MinModeTranslate:  132  16:30:43    -9340.244776       0.0044     --------     0.037867          3
MinModeTranslate:  132  16:30:43    -9340.244776       0.0044     0.100000     0.037867          3
MinModeTranslate:  133  16:30:43    -9340.244028       0.0066     --------     0.054148          3
MinModeTranslate:  133  16:30:43    -9340.244028       0.0066     0.100000     0.054148          3
MinModeTranslate:  134  16:30:43    -9340.242205       0.0102     --------     0.064510          3
MinModeTranslate:  134  16:30:43    -9340.242205       0.0102     0.100000     0.064510          3
MinModeTranslate:  135  16:30:43    -9340.237952       0.0113     --------     0.074444          3
MinModeTranslate:  135  16:30:43    -9340.237952       0.0113     0.100000     0.074444          3
MinModeTranslate:  136  16:30:43    -9340.228041       0.0131     --------     0.071828          3
MinModeTranslate:  136  16:30:43    -9340.228041       0.0131     0.100000     0.071828          3
MinModeTranslate:  137  16:30:43    -9340.223796       0.0135     --------     0.063921          3
MinModeTranslate:  137  16:30:43    -9340.223796       0.0135     0.100000     0.063921          3
MinModeTranslate:  138  16:30:43    -9340.220005       0.0129     --------     0.056032          3
MinModeTranslate:  138  16:30:43    -9340.220005       0.0129     0.100000     0.056032          3
MinModeTranslate:  139  16:30:43    -9340.216439       0.0106     --------     0.045783          3
MinModeTranslate:  139  16:30:43    -9340.216439       0.0106     0.100000     0.045783          3
MinModeTranslate:  140  16:30:44    -9340.213489       0.0087     --------     0.034376          3
MinModeTranslate:  140  16:30:44    -9340.213489       0.0087     0.100000     0.034376          3
MinModeTranslate:  141  16:30:44    -9340.211086       0.0044     --------     0.019049          3
MinModeTranslate:  141  16:30:44    -9340.211086       0.0044     0.100000     0.019049          3
MinModeTranslate:  142  16:30:44    -9340.209851       0.0008     --------     0.003661          3
MinModeTranslate:  142  16:30:44    -9340.209851       0.0008     0.100000     0.003661          3
MinModeTranslate:  143  16:30:44    -9340.209638       1.3450     --------    -0.006500          3
MinModeTranslate:  143  16:30:44    -9340.209638       1.3450     0.100000    -0.006500          3
MinModeTranslate:  144  16:30:44    -9340.209594       1.3508     --------    -0.000819          3
MinModeTranslate:  144  16:30:44    -9340.209594       1.3508     0.100000    -0.000819          3
MinModeTranslate:  145  16:30:44    -9340.242078       0.0098     --------     0.003577          3
MinModeTranslate:  145  16:30:44    -9340.242078       0.0098     0.100000     0.003577          3
MinModeTranslate:  146  16:30:44    -9340.240501       1.1116     --------    -0.013601          3
MinModeTranslate:  146  16:30:44    -9340.240501       1.1116     0.100000    -0.013601          3
MinModeTranslate:  147  16:30:44    -9340.241715       1.0926     --------    -0.029899          3
MinModeTranslate:  147  16:30:44    -9340.241715       1.0926     0.084962    -0.029899          3
MinModeTranslate:  148  16:30:44    -9340.329492       0.9433     --------    -0.112538          3
MinModeTranslate:  148  16:30:44    -9340.329492       0.9433     0.067879    -0.112538          3
MinModeTranslate:  149  16:30:44    -9340.369714       0.8852     --------    -0.107979          3
MinModeTranslate:  149  16:30:44    -9340.369714       0.8852     0.100000    -0.107979          3
MinModeTranslate:  150  16:30:44    -9340.430635       0.6219     --------    -0.090767          3
MinModeTranslate:  150  16:30:44    -9340.430635       0.6219     0.030597    -0.090767          3
MinModeTranslate:  151  16:30:45    -9340.447159       0.4895     --------    -0.107272          3
MinModeTranslate:  151  16:30:45    -9340.447159       0.4895     0.031914    -0.107272          3
MinModeTranslate:  152  16:30:45    -9340.459214       0.5636     --------    -0.121414          3
MinModeTranslate:  152  16:30:45    -9340.459214       0.5636     0.070634    -0.121414          3
MinModeTranslate:  153  16:30:45    -9340.481724       0.5112     --------    -0.129785          3
MinModeTranslate:  153  16:30:45    -9340.481724       0.5112     0.049498    -0.129785          3
MinModeTranslate:  154  16:30:45    -9340.493978       0.3484     --------    -0.108830          3
MinModeTranslate:  154  16:30:45    -9340.493978       0.3484     0.063628    -0.108830          3
MinModeTranslate:  155  16:30:45    -9340.508195       0.4888     --------    -0.093672          3
MinModeTranslate:  155  16:30:45    -9340.508195       0.4888     0.048326    -0.093672          3
MinModeTranslate:  156  16:30:45    -9340.518793       0.5178     --------    -0.110563          3
MinModeTranslate:  156  16:30:45    -9340.518793       0.5178     0.036616    -0.110563          3
MinModeTranslate:  157  16:30:45    -9340.525307       0.3361     --------    -0.130469          3
MinModeTranslate:  157  16:30:45    -9340.525307       0.3361     0.022687    -0.130469          3
MinModeTranslate:  158  16:30:45    -9340.529513       0.2713     --------    -0.134626          3
MinModeTranslate:  158  16:30:45    -9340.529513       0.2713     0.024660    -0.134626          3
MinModeTranslate:  159  16:30:45    -9340.532995       0.2304     --------    -0.139477          3
MinModeTranslate:  159  16:30:45    -9340.532995       0.2304     0.018813    -0.139477          3
MinModeTranslate:  160  16:30:45    -9340.535203       0.1430     --------    -0.136373          3
