MinModeTranslate: STEP      TIME          ENERGY    MAX-FORCE     STEPSIZE    CURVATURE  ROT-STEPS
MinModeTranslate:    0  16:23:41    -9333.492801       5.0990     --------     5.228534          3
MinModeTranslate:    0  16:23:41    -9333.492801       5.0990     0.100000     5.228534          3
MinModeTranslate:    1  16:23:41    -9332.456455      40.8225     --------    -4.135102          3
MinModeTranslate:    1  16:23:42    -9332.456455      40.8225     0.100000    -4.135102          3
MinModeTranslate:    2  16:23:42    -9332.313926      37.5300     --------    -5.698805          3
MinModeTranslate:    2  16:23:42    -9332.313926      37.5300     0.100000    -5.698805          3
MinModeTranslate:    3  16:23:42    -9336.214684      22.0824     --------    -1.192765          3
MinModeTranslate:    3  16:23:42    -9336.214684      22.0824     0.100000    -1.192765          3
MinModeTranslate:    4  16:23:42    -9338.352558       5.3112     --------     1.148202          3
MinModeTranslate:    4  16:23:42    -9338.352558       5.3112     0.100000     1.148202          3
MinModeTranslate:    5  16:23:42    -9337.473394       5.1447     --------     0.681827          3
MinModeTranslate:    5  16:23:42    -9337.473394       5.1447     0.100000     0.681827          3
MinModeTranslate:    6  16:23:42    -9336.607682      12.5559     --------    -0.551703          3
MinModeTranslate:    6  16:23:42    -9336.607682      12.5559     0.100000    -0.551703          3
MinModeTranslate:    7  16:23:42    -9336.408919      10.0036     --------    -1.938046          3
MinModeTranslate:    7  16:23:42    -9336.408919      10.0036     0.100000    -1.938046          3
MinModeTranslate:    8  16:23:42    -9337.134718       8.7318     --------    -1.294614          3
MinModeTranslate:    8  16:23:42    -9337.134718       8.7318     0.100000    -1.294614          3
MinModeTranslate:    9  16:23:42    -9337.484820       6.1506     --------    -0.954540          3
MinModeTranslate:    9  16:23:42    -9337.484820       6.1506     0.100000    -0.954540          3
MinModeTranslate:   10  16:23:42    -9337.748924       5.2344     --------    -1.918053          3
MinModeTranslate:   10  16:23:42    -9337.748924       5.2344     0.100000    -1.918053          3
MinModeTranslate:   11  16:23:42    -9338.034170       4.9082     --------    -3.287709          3
MinModeTranslate:   11  16:23:42    -9338.034170       4.9082     0.100000    -3.287709          3
MinModeTranslate:   12  16:23:42    -9338.292202       5.0109     --------    -4.897822          3
MinModeTranslate:   12  16:23:42    -9338.292202       5.0109     0.100000    -4.897822          3
MinModeTranslate:   13  16:23:43    -9338.438239       4.9932     --------    -4.178453          3
MinModeTranslate:   13  16:23:43    -9338.438239       4.9932     0.100000    -4.178453          3
MinModeTranslate:   14  16:23:43    -9338.468043       4.7039     --------    -2.158243          3
MinModeTranslate:   14  16:23:43    -9338.468043       4.7039     0.100000    -2.158243          3
MinModeTranslate:   15  16:23:43    -9338.352829       4.3549     --------    -4.876095          3
MinModeTranslate:   15  16:23:43    -9338.352829       4.3549     0.100000    -4.876095          3
MinModeTranslate:   16  16:23:43    -9338.118864       4.2436     --------    -9.872203          3
MinModeTranslate:   16  16:23:43    -9338.118864       4.2436     0.100000    -9.872203          3
MinModeTranslate:   17  16:23:43    -9337.917835       3.5438     --------   -13.054998          3
MinModeTranslate:   17  16:23:43    -9337.917835       3.5438     0.100000   -13.054998          3
MinModeTranslate:   18  16:23:43    -9337.870532       2.9241     --------    -9.861843          3
MinModeTranslate:   18  16:23:43    -9337.870532       2.9241     0.100000    -9.861843          3
MinModeTranslate:   19  16:23:43    -9337.946383       3.3922     --------    -7.901043          3
MinModeTranslate:   19  16:23:43    -9337.946383       3.3922     0.100000    -7.901043          3
MinModeTranslate:   20  16:23:43    -9338.161686       3.4370     --------   -12.270880          3
MinModeTranslate:   20  16:23:43    -9338.161686       3.4370     0.100000   -12.270880          3
MinModeTranslate:   21  16:23:43    -9338.499430       3.3108     --------   -14.540775          3
MinModeTranslate:   21  16:23:43    -9338.499430       3.3108     0.100000   -14.540775          3
MinModeTranslate:   22  16:23:43    -9338.746867       3.4176     --------   -16.773724          3
MinModeTranslate:   22  16:23:43    -9338.746867       3.4176     0.100000   -16.773724          3
MinModeTranslate:   23  16:23:43    -9339.036140       3.4497     --------   -13.761635          3
MinModeTranslate:   23  16:23:44    -9339.036140       3.4497     0.100000   -13.761635          3
MinModeTranslate:   24  16:23:44    -9339.442932       3.2620     --------   -10.766750          3
MinModeTranslate:   24  16:23:44    -9339.442932       3.2620     0.100000   -10.766750          3
MinModeTranslate:   25  16:23:44    -9339.717359       2.5709     --------    -9.856296          3
MinModeTranslate:   25  16:23:44    -9339.717359       2.5709     0.100000    -9.856296          3
MinModeTranslate:   26  16:23:44    -9339.879919       3.1450     --------   -11.105162          3
MinModeTranslate:   26  16:23:44    -9339.879919       3.1450     0.058239   -11.105162          3
MinModeTranslate:   27  16:23:44    -9339.920871       2.2184     --------   -11.995001          3
MinModeTranslate:   27  16:23:44    -9339.920871       2.2184     0.026115   -11.995001          3
MinModeTranslate:   28  16:23:44    -9339.975427       1.1617     --------   -13.384685          3
MinModeTranslate:   28  16:23:44    -9339.975427       1.1617     0.039356   -13.384685          3
MinModeTranslate:   29  16:23:44    -9340.012132       0.9358     --------   -14.524494          3
MinModeTranslate:   29  16:23:44    -9340.012132       0.9358     0.087531   -14.524494          3
MinModeTranslate:   30  16:23:44    -9340.059482       1.5184     --------   -16.433055          3
MinModeTranslate:   30  16:23:44    -9340.059482       1.5184     0.100000   -16.433055          3
MinModeTranslate:   31  16:23:44    -9340.162159       1.6133     --------   -18.143142          3
MinModeTranslate:   31  16:23:44    -9340.162159       1.6133     0.100000   -18.143142          3
MinModeTranslate:   32  16:23:44    -9340.352265       1.7020     --------   -15.090880          3
MinModeTranslate:   32  16:23:44    -9340.352265       1.7020     0.100000   -15.090880          3
MinModeTranslate:   33  16:23:44    -9340.560296       1.4215     --------   -11.741260          3
MinModeTranslate:   33  16:23:44    -9340.560296       1.4215     0.069960   -11.741260          3
MinModeTranslate:   34  16:23:45    -9340.620241       1.9628     --------   -10.921649          3
MinModeTranslate:   34  16:23:45    -9340.620241       1.9628     0.100000   -10.921649          3
MinModeTranslate:   35  16:23:45    -9340.674445       1.6541     --------   -12.270548          3
MinModeTranslate:   35  16:23:45    -9340.674445       1.6541     0.024425   -12.270548          3
MinModeTranslate:   36  16:23:45    -9340.700161       0.7658     --------   -12.637101          3
MinModeTranslate:   36  16:23:45    -9340.700161       0.7658     0.054149   -12.637101          3
MinModeTranslate:   37  16:23:45    -9340.732767       0.9820     --------   -13.642385          3
MinModeTranslate:   37  16:23:45    -9340.732767       0.9820     0.030485   -13.642385          3
MinModeTranslate:   38  16:23:45    -9340.751251       0.4997     --------   -14.314266          3
MinModeTranslate:   38  16:23:45    -9340.751251       0.4997     0.065217   -14.314266          3
MinModeTranslate:   39  16:23:45    -9340.779219       0.6183     --------   -14.745617          3
MinModeTranslate:   39  16:23:45    -9340.779219       0.6183     0.032443   -14.745617          3
MinModeTranslate:   40  16:23:45    -9340.790161       0.5388     --------   -14.665040          3
MinModeTranslate:   40  16:23:45    -9340.790161       0.5388     0.035272   -14.665040          3
MinModeTranslate:   41  16:23:45    -9340.798816       0.5304     --------   -13.954507          3
MinModeTranslate:   41  16:23:45    -9340.798816       0.5304     0.019699   -13.954507          3
MinModeTranslate:   42  16:23:45    -9340.801767       0.5073     --------   -13.370214          3
MinModeTranslate:   42  16:23:45    -9340.801767       0.5073     0.032960   -13.370214          3
MinModeTranslate:   43  16:23:45    -9340.806808       0.2673     --------   -12.216372          3
MinModeTranslate:   43  16:23:45    -9340.806808       0.2673     0.017197   -12.216372          3
MinModeTranslate:   44  16:23:45    -9340.809475       0.3197     --------   -11.812570          3
MinModeTranslate:   44  16:23:46    -9340.809475       0.3197     0.009334   -11.812570          3
MinModeTranslate:   45  16:23:46    -9340.810892       0.1905     --------   -11.653277          3
MinModeTranslate:   45  16:23:46    -9340.810892       0.1905     0.020041   -11.653277          3
MinModeTranslate:   46  16:23:46    -9340.813392       0.3543     --------   -11.367131          3
MinModeTranslate:   46  16:23:46    -9340.813392       0.3543     0.038199   -11.367131          3
MinModeTranslate:   47  16:23:46    -9340.818160       0.2608     --------   -10.839358          3
MinModeTranslate:   47  16:23:46    -9340.818160       0.2608     0.023182   -10.839358          3
MinModeTranslate:   48  16:23:46    -9340.820547       0.3111     --------   -10.729978          3
MinModeTranslate:   48  16:23:46    -9340.820547       0.3111     0.010868   -10.729978          3
MinModeTranslate:   49  16:23:46    -9340.821339       0.1847     --------   -10.844861          3
MinModeTranslate:   49  16:23:46    -9340.821339       0.1847     0.045631   -10.844861          3
MinModeTranslate:   50  16:23:46    -9340.824030       0.1608     --------   -12.108250          3
MinModeTranslate:   50  16:23:46    -9340.824030       0.1608     0.019696   -12.108250          3
MinModeTranslate:   51  16:23:46    -9340.825757       0.2887     --------   -12.377291          3
MinModeTranslate:   51  16:23:46    -9340.825757       0.2887     0.053248   -12.377291          3
MinModeTranslate:   52  16:23:46    -9340.831113       0.3313     --------   -13.045321          3
MinModeTranslate:   52  16:23:46    -9340.831113       0.3313     0.024079   -13.045321          3
MinModeTranslate:   53  16:23:46    -9340.833747       0.2620     --------   -13.243845          3
MinModeTranslate:   53  16:23:46    -9340.833747       0.2620     0.051638   -13.243845          3
MinModeTranslate:   54  16:23:46    -9340.837688       0.3507     --------   -13.189367          3
MinModeTranslate:   54  16:23:46    -9340.837688       0.3507     0.100000   -13.189367          3
MinModeTranslate:   55  16:23:47    -9340.843816       0.6569     --------   -12.572090          3
MinModeTranslate:   55  16:23:47    -9340.843816       0.6569     0.100000   -12.572090          3
MinModeTranslate:   56  16:23:47    -9340.854156       0.3777     --------   -12.138534          3
MinModeTranslate:   56  16:23:47    -9340.854156       0.3777     0.011148   -12.138534          3
MinModeTranslate:   57  16:23:47    -9340.858531       0.4004     --------   -12.110308          3
MinModeTranslate:   57  16:23:47    -9340.858531       0.4004     0.010620   -12.110308          3
MinModeTranslate:   58  16:23:47    -9340.861035       0.1697     --------   -12.108927          3
MinModeTranslate:   58  16:23:47    -9340.861035       0.1697     0.011427   -12.108927          3
MinModeTranslate:   59  16:23:47    -9340.862743       0.3395     --------   -11.952517          3
MinModeTranslate:   59  16:23:47    -9340.862743       0.3395     0.014270   -11.952517          3
MinModeTranslate:   60  16:23:47    -9340.864695       0.2176     --------   -11.809398          3
MinModeTranslate:   60  16:23:47    -9340.864695       0.2176     0.015999   -11.809398          3
MinModeTranslate:   61  16:23:47    -9340.866458       0.1444     --------   -11.723656          3
MinModeTranslate:   61  16:23:47    -9340.866458       0.1444     0.008352   -11.723656          3
MinModeTranslate:   62  16:23:47    -9340.867164       0.1970     --------   -11.596223          3
MinModeTranslate:   62  16:23:47    -9340.867164       0.1970     0.019157   -11.596223          3
MinModeTranslate:   63  16:23:47    -9340.868616       0.1615     --------   -11.271106          3
MinModeTranslate:   63  16:23:47    -9340.868616       0.1615     0.012424   -11.271106          3
MinModeTranslate:   64  16:23:47    -9340.869467       0.3120     --------   -11.198324          3
MinModeTranslate:   64  16:23:47    -9340.869467       0.3120     0.043809   -11.198324          3
MinModeTranslate:   65  16:23:47    -9340.872420       0.1856     --------   -11.200589          3
MinModeTranslate:   65  16:23:48    -9340.872420       0.1856     0.025421   -11.200589          3
MinModeTranslate:   66  16:23:48    -9340.873982       0.2370     --------   -11.233422          3
MinModeTranslate:   66  16:23:48    -9340.873982       0.2370     0.032003   -11.233422          3
MinModeTranslate:   67  16:23:48    -9340.875889       0.1821     --------   -11.279200          3
MinModeTranslate:   67  16:23:48    -9340.875889       0.1821     0.028592   -11.279200          3
MinModeTranslate:   68  16:23:48    -9340.877518       0.2208     --------   -11.329580          3
MinModeTranslate:   68  16:23:48    -9340.877518       0.2208     0.018965   -11.329580          3
MinModeTranslate:   69  16:23:48    -9340.878579       0.1493     --------   -11.371149          3
MinModeTranslate:   69  16:23:48    -9340.878579       0.1493     0.027958   -11.371149          3
MinModeTranslate:   70  16:23:48    -9340.880112       0.1392     --------   -11.440189          3
MinModeTranslate:   70  16:23:48    -9340.880112       0.1392     0.020712   -11.440189          3
MinModeTranslate:   71  16:23:48    -9340.881208       0.2233     --------   -11.461019          3
MinModeTranslate:   71  16:23:48    -9340.881208       0.2233     0.037836   -11.461019          3
MinModeTranslate:   72  16:23:48    -9340.883100       0.2316     --------   -11.460551          3
MinModeTranslate:   72  16:23:48    -9340.883100       0.2316     0.022806   -11.460551          3
MinModeTranslate:   73  16:23:48    -9340.884253       0.1614     --------   -11.508038          3
MinModeTranslate:   73  16:23:48    -9340.884253       0.1614     0.018419   -11.508038          3
MinModeTranslate:   74  16:23:48    -9340.885142       0.0989     --------   -11.604063          3
MinModeTranslate:   74  16:23:48    -9340.885142       0.0989     0.018642   -11.604063          3
MinModeTranslate:   75  16:23:49    -9340.885946       0.2117     --------   -11.726357          3
MinModeTranslate:   75  16:23:49    -9340.885946       0.2117     0.013722   -11.726357          3
MinModeTranslate:   76  16:23:49    -9340.886518       0.1027     --------   -11.776279          3
MinModeTranslate:   76  16:23:49    -9340.886518       0.1027     0.015098   -11.776279          3
MinModeTranslate:   77  16:23:49    -9340.887098       0.1862     --------   -11.690215          3
MinModeTranslate:   77  16:23:49    -9340.887098       0.1862     0.020729   -11.690215          3
MinModeTranslate:   78  16:23:49    -9340.887874       0.0610     --------   -11.522586          3
MinModeTranslate:   78  16:23:49    -9340.887874       0.0610     0.006532   -11.522586          3
MinModeTranslate:   79  16:23:49    -9340.888093       0.0846     --------   -11.488437          3
MinModeTranslate:   79  16:23:49    -9340.888093       0.0846     0.005120   -11.488437          3
MinModeTranslate:   80  16:23:49    -9340.888249       0.0745     --------   -11.489197          3
MinModeTranslate:   80  16:23:49    -9340.888249       0.0745     0.005648   -11.489197          3
MinModeTranslate:   81  16:23:49    -9340.888405       0.0736     --------   -11.529392          3
MinModeTranslate:   81  16:23:49    -9340.888405       0.0736     0.003728   -11.529392          3
MinModeTranslate:   82  16:23:49    -9340.888509       0.0408     --------   -11.545855          2
MinModeTranslate:   82  16:23:49    -9340.888509       0.0408     0.002622   -11.545855          2
MinModeTranslate:   83  16:23:49    -9340.888559       0.0209     --------   -11.540354          3
MinModeTranslate:   83  16:23:49    -9340.888559       0.0209     0.001207   -11.540354          3
MinModeTranslate:   84  16:23:49    -9340.888577       0.0350     --------   -11.535265          1
MinModeTranslate:   84  16:23:49    -9340.888577       0.0350     0.006069   -11.535265          1
MinModeTranslate:   85  16:23:49    -9340.888669       0.0639     --------   -11.524239          2
MinModeTranslate:   85  16:23:50    -9340.888669       0.0639     0.008624   -11.524239          2
MinModeTranslate:   86  16:23:50    -9340.888794       0.0633     --------   -11.505236          2
MinModeTranslate:   86  16:23:50    -9340.888794       0.0633     0.008039   -11.505236          2
MinModeTranslate:   87  16:23:50    -9340.888908       0.0378     --------   -11.485780          2
MinModeTranslate:   87  16:23:50    -9340.888908       0.0378     0.008631   -11.485780          2
MinModeTranslate:   88  16:23:50    -9340.889020       0.0820     --------   -11.450626          2
MinModeTranslate:   88  16:23:50    -9340.889020       0.0820     0.010054   -11.450626          2
MinModeTranslate:   89  16:23:50    -9340.889145       0.0516     --------   -11.433204          3
MinModeTranslate:   89  16:23:50    -9340.889145       0.0516     0.009901   -11.433204          3
MinModeTranslate:   90  16:23:50    -9340.889275       0.0622     --------   -11.461996          3
MinModeTranslate:   90  16:23:50    -9340.889275       0.0622     0.007466   -11.461996          3
MinModeTranslate:   91  16:23:50    -9340.889360       0.0480     --------   -11.471624          2
MinModeTranslate:   91  16:23:50    -9340.889360       0.0480     0.008963   -11.471624          2
MinModeTranslate:   92  16:23:50    -9340.889470       0.0746     --------   -11.426200          2
MinModeTranslate:   92  16:23:50    -9340.889470       0.0746     0.007477   -11.426200          2
MinModeTranslate:   93  16:23:50    -9340.889554       0.0648     --------   -11.410094          2
MinModeTranslate:   93  16:23:50    -9340.889554       0.0648     0.005858   -11.410094          2
MinModeTranslate:   94  16:23:50    -9340.889615       0.0200     --------   -11.433343          2
MinModeTranslate:   94  16:23:50    -9340.889615       0.0200     0.001016   -11.433343          2
MinModeTranslate:   95  16:23:50    -9340.889628       0.0188     --------   -11.444356          2
MinModeTranslate:   95  16:23:50    -9340.889628       0.0188     0.001421   -11.444356          2
MinModeTranslate:   96  16:23:50    -9340.889638       0.0139     --------   -11.466898          1
MinModeTranslate:   96  16:23:50    -9340.889638       0.0139     0.000494   -11.466898          1
MinModeTranslate:   97  16:23:50    -9340.889650       0.0118     --------   -11.473006          1
MinModeTranslate:   97  16:23:50    -9340.889650       0.0118     0.000927   -11.473006          1
MinModeTranslate:   98  16:23:50    -9340.889652       0.0090     --------   -11.481325          1
MinModeTranslate:   98  16:23:51    -9340.889652       0.0090     0.000348   -11.481325          1
MinModeTranslate:   99  16:23:51    -9340.889655       0.0059     --------   -11.481169          1
MinModeTranslate:   99  16:23:51    -9340.889655       0.0059     0.000187   -11.481169          1
MinModeTranslate:  100  16:23:51    -9340.889654       0.0032     --------   -11.481464          1
