      Step     Time          Energy          fmax
BFGS:    0 16:26:22    -6227.365562        1.605822
BFGS:    1 16:26:22    -6227.434350        1.650355
BFGS:    2 16:26:22    -6227.528284        5.357449
BFGS:    3 16:26:22    -6227.614207        3.651555
BFGS:    4 16:26:22    -6227.693636        3.433293
BFGS:    5 16:26:22    -6228.065610        3.232455
BFGS:    6 16:26:22    -6228.303020        1.987291
BFGS:    7 16:26:22    -6228.404541        1.398442
BFGS:    8 16:26:22    -6228.464827        1.161276
BFGS:    9 16:26:22    -6228.524109        1.272267
BFGS:   10 16:26:22    -6228.586789        1.323735
BFGS:   11 16:26:22    -6228.651551        0.879050
BFGS:   12 16:26:22    -6228.706420        0.743914
BFGS:   13 16:26:22    -6228.771212        0.695928
BFGS:   14 16:26:22    -6228.815364        0.772081
BFGS:   15 16:26:22    -6228.849997        0.869244
BFGS:   16 16:26:22    -6228.874135        0.836574
BFGS:   17 16:26:22    -6228.894427        0.429675
BFGS:   18 16:26:22    -6228.909054        0.203974
BFGS:   19 16:26:22    -6228.914412        0.152630
BFGS:   20 16:26:22    -6228.921155        0.277123
BFGS:   21 16:26:22    -6228.923982        0.346465
BFGS:   22 16:26:22    -6228.926941        0.228278
BFGS:   23 16:26:22    -6228.929148        0.087521
BFGS:   24 16:26:22    -6228.929537        0.078708
BFGS:   25 16:26:22    -6228.929750        0.064417
BFGS:   26 16:26:22    -6228.929984        0.065337
BFGS:   27 16:26:22    -6228.930269        0.063368
BFGS:   28 16:26:22    -6228.930796        0.095078
BFGS:   29 16:26:22    -6228.931921        0.165361
BFGS:   30 16:26:22    -6228.934526        0.246470
BFGS:   31 16:26:22    -6228.938904        0.345273
BFGS:   32 16:26:22    -6228.942698        0.307559
BFGS:   33 16:26:22    -6228.949404        0.208668
BFGS:   34 16:26:22    -6228.952148        0.771357
BFGS:   35 16:26:23    -6228.956485        0.458926
BFGS:   36 16:26:23    -6228.961329        0.232255
BFGS:   37 16:26:23    -6228.965246        0.424603
BFGS:   38 16:26:23    -6228.969200        0.306999
BFGS:   39 16:26:23    -6228.971627        0.176791
BFGS:   40 16:26:23    -6228.974569        0.129508
BFGS:   41 16:26:23    -6228.976215        0.137739
BFGS:   42 16:26:23    -6228.978537        0.160647
BFGS:   43 16:26:23    -6228.980267        0.093364
BFGS:   44 16:26:23    -6228.980055        0.203664
BFGS:   45 16:26:23    -6228.981514        0.066195
BFGS:   46 16:26:23    -6228.981799        0.045392
BFGS:   47 16:26:23    -6228.981978        0.025950
BFGS:   48 16:26:23    -6228.982009        0.016341
BFGS:   49 16:26:23    -6228.982047        0.014627
BFGS:   50 16:26:23    -6228.982060        0.016440
BFGS:   51 16:26:23    -6228.982092        0.016854
BFGS:   52 16:26:23    -6228.982132        0.020614
BFGS:   53 16:26:23    -6228.982202        0.028389
BFGS:   54 16:26:23    -6228.982363        0.035476
BFGS:   55 16:26:23    -6228.982666        0.051759
BFGS:   56 16:26:23    -6228.983154        0.082579
BFGS:   57 16:26:23    -6228.984059        0.126574
BFGS:   58 16:26:23    -6228.985909        0.196309
BFGS:   59 16:26:23    -6228.988420        0.211382
BFGS:   60 16:26:23    -6228.987391        0.353252
BFGS:   61 16:26:23    -6228.991374        0.213175
BFGS:   62 16:26:23    -6228.993443        0.143685
BFGS:   63 16:26:23    -6228.995110        0.097084
BFGS:   64 16:26:23    -6228.995823        0.150447
BFGS:   65 16:26:23    -6228.996291        0.100750
BFGS:   66 16:26:23    -6228.996554        0.050292
BFGS:   67 16:26:23    -6228.996712        0.042007
BFGS:   68 16:26:23    -6228.996868        0.031637
BFGS:   69 16:26:23    -6228.997063        0.044541
BFGS:   70 16:26:23    -6228.997348        0.064089
BFGS:   71 16:26:23    -6228.997879        0.113888
BFGS:   72 16:26:23    -6228.998756        0.231880
BFGS:   73 16:26:23    -6229.000073        0.204927
BFGS:   74 16:26:23    -6229.001017        0.263065
BFGS:   75 16:26:23    -6229.001029        0.532336
BFGS:   76 16:26:23    -6229.002381        0.198511
BFGS:   77 16:26:23    -6229.002960        0.084916
BFGS:   78 16:26:23    -6229.003499        0.129093
BFGS:   79 16:26:23    -6229.003751        0.145930
BFGS:   80 16:26:23    -6229.004151        0.066292
BFGS:   81 16:26:23    -6229.004709        0.118071
BFGS:   82 16:26:23    -6229.005109        0.046599
BFGS:   83 16:26:23    -6229.004915        0.339227
BFGS:   84 16:26:23    -6229.005580        0.073920
BFGS:   85 16:26:24    -6229.005907        0.032159
BFGS:   86 16:26:24    -6229.004821        0.454210
BFGS:   87 16:26:24    -6229.006178        0.016771
BFGS:   88 16:26:24    -6229.006354        0.026665
BFGS:   89 16:26:24    -6229.005196        0.472557
BFGS:   90 16:26:24    -6229.006595        0.029961
BFGS:   91 16:26:24    -6229.006746        0.042693
BFGS:   92 16:26:24    -6229.005691        0.438658
BFGS:   93 16:26:24    -6229.006987        0.041387
BFGS:   94 16:26:24    -6229.007125        0.048191
BFGS:   95 16:26:24    -6229.006547        0.353461
BFGS:   96 16:26:24    -6229.007363        0.043817
BFGS:   97 16:26:24    -6229.007474        0.048636
BFGS:   98 16:26:24    -6229.007444        0.220722
BFGS:   99 16:26:24    -6229.007691        0.043000
BFGS:  100 16:26:24    -6229.007755        0.046804
BFGS:  101 16:26:24    -6229.007871        0.080164
BFGS:  102 16:26:24    -6229.007953        0.031222
BFGS:  103 16:26:24    -6229.008002        0.014333
BFGS:  104 16:26:24    -6229.008047        0.023462
BFGS:  105 16:26:24    -6229.008074        0.033328
BFGS:  106 16:26:24    -6229.008134        0.060240
BFGS:  107 16:26:24    -6229.008242        0.052603
BFGS:  108 16:26:24    -6229.008332        0.068872
BFGS:  109 16:26:24    -6229.008389        0.035193
BFGS:  110 16:26:24    -6229.008422        0.015136
BFGS:  111 16:26:24    -6229.008435        0.014147
BFGS:  112 16:26:24    -6229.008452        0.015539
BFGS:  113 16:26:24    -6229.008474        0.017023
BFGS:  114 16:26:24    -6229.008503        0.016902
BFGS:  115 16:26:24    -6229.008551        0.022042
BFGS:  116 16:26:24    -6229.008635        0.025291
BFGS:  117 16:26:24    -6229.008772        0.029032
BFGS:  118 16:26:24    -6229.009066        0.044651
BFGS:  119 16:26:24    -6229.009371        0.146303
BFGS:  120 16:26:24    -6229.009177        0.276248
BFGS:  121 16:26:24    -6229.005184        0.611761
BFGS:  122 16:26:24    -6229.009640        0.315431
BFGS:  123 16:26:24    -6229.003621        0.376334
BFGS:  124 16:26:24    -6229.011379        0.077805
BFGS:  125 16:26:24    -6229.011864        0.072000
BFGS:  126 16:26:24    -6229.012200        0.150674
BFGS:  127 16:26:24    -6229.012639        0.071991
BFGS:  128 16:26:24    -6229.012978        0.062674
BFGS:  129 16:26:24    -6229.013223        0.059591
BFGS:  130 16:26:25    -6229.013592        0.071997
BFGS:  131 16:26:25    -6229.014143        0.084919
BFGS:  132 16:26:25    -6229.015278        0.108694
BFGS:  133 16:26:25    -6229.012803        0.285322
BFGS:  134 16:26:25    -6229.015890        0.114174
BFGS:  135 16:26:25    -6229.016120        0.095076
BFGS:  136 16:26:25    -6229.016752        0.067147
BFGS:  137 16:26:25    -6229.016784        0.125352
BFGS:  138 16:26:25    -6229.017449        0.067102
BFGS:  139 16:26:25    -6229.017913        0.081386
BFGS:  140 16:26:25    -6229.019098        0.196968
BFGS:  141 16:26:25    -6229.020654        0.147644
BFGS:  142 16:26:25    -6229.022808        0.220431
BFGS:  143 16:26:25    -6229.025292        0.143240
BFGS:  144 16:26:25    -6229.025385        0.166480
BFGS:  145 16:26:25    -6229.026740        0.141467
BFGS:  146 16:26:25    -6229.027112        0.109201
BFGS:  147 16:26:25    -6229.027471        0.105301
BFGS:  148 16:26:25    -6229.028566        0.095366
BFGS:  149 16:26:25    -6229.029554        0.122099
BFGS:  150 16:26:25    -6229.031711        0.242196
BFGS:  151 16:26:25    -6229.033292        0.228915
BFGS:  152 16:26:25    -6229.035659        0.233128
BFGS:  153 16:26:25    -6229.037872        0.266106
BFGS:  154 16:26:25    -6229.039954        0.172220
BFGS:  155 16:26:25    -6229.040896        0.156982
BFGS:  156 16:26:25    -6229.041587        0.148014
BFGS:  157 16:26:25    -6229.041870        0.102343
BFGS:  158 16:26:25    -6229.042394        0.061756
BFGS:  159 16:26:25    -6229.042738        0.077128
BFGS:  160 16:26:25    -6229.043454        0.124017
BFGS:  161 16:26:25    -6229.044718        0.145454
BFGS:  162 16:26:25    -6229.046792        0.213428
BFGS:  163 16:26:25    -6229.048919        0.478756
BFGS:  164 16:26:25    -6229.051827        0.372914
BFGS:  165 16:26:25    -6229.044209        0.561722
BFGS:  166 16:26:25    -6229.054232        0.086552
BFGS:  167 16:26:25    -6229.051603        0.444418
BFGS:  168 16:26:25    -6229.055978        0.106572
BFGS:  169 16:26:25    -6229.056769        0.098140
BFGS:  170 16:26:25    -6229.057449        0.196024
BFGS:  171 16:26:25    -6229.058481        0.095410
BFGS:  172 16:26:25    -6229.058904        0.086153
BFGS:  173 16:26:25    -6229.059962        0.051607
BFGS:  174 16:26:25    -6229.060233        0.061727
BFGS:  175 16:26:25    -6229.060378        0.035431
BFGS:  176 16:26:25    -6229.060443        0.028315
BFGS:  177 16:26:25    -6229.060532        0.031996
BFGS:  178 16:26:26    -6229.060874        0.043572
BFGS:  179 16:26:26    -6229.061269        0.053675
BFGS:  180 16:26:26    -6229.061767        0.076213
BFGS:  181 16:26:26    -6229.062120        0.075464
BFGS:  182 16:26:26    -6229.062333        0.066072
BFGS:  183 16:26:26    -6229.062534        0.058376
BFGS:  184 16:26:26    -6229.062758        0.049393
BFGS:  185 16:26:26    -6229.062888        0.041700
BFGS:  186 16:26:26    -6229.062980        0.067656
BFGS:  187 16:26:26    -6229.063084        0.056000
BFGS:  188 16:26:26    -6229.063316        0.047722
BFGS:  189 16:26:26    -6229.063525        0.044605
BFGS:  190 16:26:26    -6229.063725        0.034001
BFGS:  191 16:26:26    -6229.063823        0.024255
BFGS:  192 16:26:26    -6229.063840        0.022401
BFGS:  193 16:26:26    -6229.063853        0.006307
BFGS:  194 16:26:26    -6229.063854        0.004446
