MinModeTranslate: STEP      TIME          ENERGY    MAX-FORCE     STEPSIZE    CURVATURE  ROT-STEPS
MinModeTranslate:    0  16:26:15    -6225.867824       5.2049     --------    -0.649120          3
MinModeTranslate:    0  16:26:15    -6225.867824       5.2049     0.100000    -0.649120          3
MinModeTranslate:    1  16:26:15    -6226.103504       4.9501     --------    -1.554292          3
MinModeTranslate:    1  16:26:15    -6226.103504       4.9501     0.100000    -1.554292          3
MinModeTranslate:    2  16:26:15    -6226.205119       4.3196     --------    -0.302388          3
MinModeTranslate:    2  16:26:15    -6226.205119       4.3196     0.100000    -0.302388          3
MinModeTranslate:    3  16:26:15    -6226.162553       2.7051     --------     1.432917          3
MinModeTranslate:    3  16:26:15    -6226.162553       2.7051     0.100000     1.432917          3
MinModeTranslate:    4  16:26:15    -6225.655568       4.4491     --------    -2.283408          3
MinModeTranslate:    4  16:26:15    -6225.655568       4.4491     0.100000    -2.283408          3
MinModeTranslate:    5  16:26:15    -6225.412207       3.7675     --------   -14.645096          3
MinModeTranslate:    5  16:26:15    -6225.412207       3.7675     0.100000   -14.645096          3
MinModeTranslate:    6  16:26:15    -6225.293503       3.2460     --------   -13.952921          3
MinModeTranslate:    6  16:26:15    -6225.293503       3.2460     0.100000   -13.952921          3
MinModeTranslate:    7  16:26:16    -6225.277199       3.8895     --------   -10.790708          3
MinModeTranslate:    7  16:26:16    -6225.277199       3.8895     0.100000   -10.790708          3
MinModeTranslate:    8  16:26:16    -6225.386870       2.9570     --------   -11.506581          3
MinModeTranslate:    8  16:26:16    -6225.386870       2.9570     0.100000   -11.506581          3
MinModeTranslate:    9  16:26:16    -6225.719061       2.7814     --------    -5.793066          3
MinModeTranslate:    9  16:26:16    -6225.719061       2.7814     0.100000    -5.793066          3
MinModeTranslate:   10  16:26:16    -6226.090689       2.4469     --------    -6.846178          3
MinModeTranslate:   10  16:26:16    -6226.090689       2.4469     0.100000    -6.846178          3
MinModeTranslate:   11  16:26:16    -6226.453230       2.8044     --------    -6.097972          3
MinModeTranslate:   11  16:26:16    -6226.453230       2.8044     0.100000    -6.097972          3
MinModeTranslate:   12  16:26:16    -6226.837978       2.4256     --------    -1.454108          3
MinModeTranslate:   12  16:26:16    -6226.837978       2.4256     0.100000    -1.454108          3
MinModeTranslate:   13  16:26:16    -6227.082084       0.2300     --------     1.609461          3
MinModeTranslate:   13  16:26:16    -6227.082084       0.2300     0.100000     1.609461          3
MinModeTranslate:   14  16:26:16    -6227.041110       1.9869     --------    -5.499838          3
MinModeTranslate:   14  16:26:16    -6227.041110       1.9869     0.100000    -5.499838          3
MinModeTranslate:   15  16:26:16    -6227.050981       1.0328     --------    -9.803068          3
MinModeTranslate:   15  16:26:16    -6227.050981       1.0328     0.040462    -9.803068          3
MinModeTranslate:   16  16:26:16    -6227.091663       1.8831     --------   -10.403617          3
MinModeTranslate:   16  16:26:16    -6227.091663       1.8831     0.086627   -10.403617          3
MinModeTranslate:   17  16:26:16    -6227.162273       1.4201     --------    -8.111024          3
MinModeTranslate:   17  16:26:16    -6227.162273       1.4201     0.045304    -8.111024          3
MinModeTranslate:   18  16:26:17    -6227.194406       0.6590     --------    -4.477509          3
MinModeTranslate:   18  16:26:17    -6227.194406       0.6590     0.040839    -4.477509          3
MinModeTranslate:   19  16:26:17    -6227.208710       0.9951     --------    -3.560821          3
MinModeTranslate:   19  16:26:17    -6227.208710       0.9951     0.047085    -3.560821          3
MinModeTranslate:   20  16:26:17    -6227.221316       0.7209     --------    -1.569007          3
MinModeTranslate:   20  16:26:17    -6227.221316       0.7209     0.064642    -1.569007          3
MinModeTranslate:   21  16:26:17    -6227.231579       0.1607     --------     0.881481          3
MinModeTranslate:   21  16:26:17    -6227.231579       0.1607     0.100000     0.881481          3
MinModeTranslate:   22  16:26:17    -6227.188075       0.2484     --------     1.003099          3
MinModeTranslate:   22  16:26:17    -6227.188075       0.2484     0.100000     1.003099          3
MinModeTranslate:   23  16:26:17    -6227.145485       1.1736     --------   -14.015359          3
MinModeTranslate:   23  16:26:17    -6227.145485       1.1736     0.054189   -14.015359          3
MinModeTranslate:   24  16:26:17    -6227.155594       1.4740     --------    -5.231032          3
MinModeTranslate:   24  16:26:17    -6227.155594       1.4740     0.029529    -5.231032          3
MinModeTranslate:   25  16:26:17    -6227.183715       0.8413     --------    -9.448546          3
MinModeTranslate:   25  16:26:17    -6227.183715       0.8413     0.028415    -9.448546          3
MinModeTranslate:   26  16:26:17    -6227.201658       0.7175     --------   -12.888387          3
MinModeTranslate:   26  16:26:17    -6227.201658       0.7175     0.026156   -12.888387          3
MinModeTranslate:   27  16:26:17    -6227.213989       0.6150     --------   -16.055993          3
MinModeTranslate:   27  16:26:17    -6227.213989       0.6150     0.031343   -16.055993          3
MinModeTranslate:   28  16:26:17    -6227.223627       0.5062     --------   -14.623597          3
MinModeTranslate:   28  16:26:17    -6227.223627       0.5062     0.044508   -14.623597          3
MinModeTranslate:   29  16:26:17    -6227.234604       0.4693     --------   -10.802512          3
MinModeTranslate:   29  16:26:17    -6227.234604       0.4693     0.028199   -10.802512          3
MinModeTranslate:   30  16:26:18    -6227.239779       0.4804     --------    -8.907511          3
MinModeTranslate:   30  16:26:18    -6227.239779       0.4804     0.036290    -8.907511          3
MinModeTranslate:   31  16:26:18    -6227.246524       0.4557     --------    -5.903008          3
MinModeTranslate:   31  16:26:18    -6227.246524       0.4557     0.029803    -5.903008          3
MinModeTranslate:   32  16:26:18    -6227.252170       0.3631     --------    -5.377299          3
MinModeTranslate:   32  16:26:18    -6227.252170       0.3631     0.032380    -5.377299          3
MinModeTranslate:   33  16:26:18    -6227.258209       0.2461     --------    -4.592794          3
MinModeTranslate:   33  16:26:18    -6227.258209       0.2461     0.022236    -4.592794          3
MinModeTranslate:   34  16:26:18    -6227.260930       0.2016     --------    -4.991410          3
MinModeTranslate:   34  16:26:18    -6227.260930       0.2016     0.013899    -4.991410          3
MinModeTranslate:   35  16:26:18    -6227.262137       0.2621     --------    -4.932960          3
MinModeTranslate:   35  16:26:18    -6227.262137       0.2621     0.032682    -4.932960          3
MinModeTranslate:   36  16:26:18    -6227.264699       0.3068     --------    -5.545081          3
MinModeTranslate:   36  16:26:18    -6227.264699       0.3068     0.029448    -5.545081          3
MinModeTranslate:   37  16:26:18    -6227.267257       0.2204     --------    -5.732591          3
MinModeTranslate:   37  16:26:18    -6227.267257       0.2204     0.032663    -5.732591          3
MinModeTranslate:   38  16:26:18    -6227.270221       0.2223     --------    -6.869947          3
MinModeTranslate:   38  16:26:18    -6227.270221       0.2223     0.034954    -6.869947          3
MinModeTranslate:   39  16:26:18    -6227.273436       0.3630     --------    -8.354970          3
MinModeTranslate:   39  16:26:18    -6227.273436       0.3630     0.030240    -8.354970          3
MinModeTranslate:   40  16:26:18    -6227.276138       0.2298     --------   -10.548027          3
MinModeTranslate:   40  16:26:18    -6227.276138       0.2298     0.034239   -10.548027          3
MinModeTranslate:   41  16:26:19    -6227.278203       0.2666     --------   -11.324064          3
MinModeTranslate:   41  16:26:19    -6227.278203       0.2666     0.029548   -11.324064          3
MinModeTranslate:   42  16:26:19    -6227.279597       0.2123     --------   -11.163005          3
MinModeTranslate:   42  16:26:19    -6227.279597       0.2123     0.058341   -11.163005          3
MinModeTranslate:   43  16:26:19    -6227.282901       0.2673     --------    -8.341007          3
MinModeTranslate:   43  16:26:19    -6227.282901       0.2673     0.024714    -8.341007          3
MinModeTranslate:   44  16:26:19    -6227.284565       0.2166     --------    -7.871471          3
MinModeTranslate:   44  16:26:19    -6227.284565       0.2166     0.028272    -7.871471          3
MinModeTranslate:   45  16:26:19    -6227.286470       0.1811     --------    -7.168536          3
MinModeTranslate:   45  16:26:19    -6227.286470       0.1811     0.034037    -7.168536          3
MinModeTranslate:   46  16:26:19    -6227.288125       0.2193     --------    -7.579584          3
MinModeTranslate:   46  16:26:19    -6227.288125       0.2193     0.015444    -7.579584          3
MinModeTranslate:   47  16:26:19    -6227.288692       0.1423     --------    -7.633564          3
MinModeTranslate:   47  16:26:19    -6227.288692       0.1423     0.011288    -7.633564          3
MinModeTranslate:   48  16:26:19    -6227.288941       0.2303     --------    -8.050594          3
MinModeTranslate:   48  16:26:19    -6227.288941       0.2303     0.022457    -8.050594          3
MinModeTranslate:   49  16:26:19    -6227.289671       0.1495     --------    -8.405495          3
MinModeTranslate:   49  16:26:19    -6227.289671       0.1495     0.020545    -8.405495          3
MinModeTranslate:   50  16:26:19    -6227.290747       0.1633     --------    -9.502288          3
MinModeTranslate:   50  16:26:19    -6227.290747       0.1633     0.013201    -9.502288          3
MinModeTranslate:   51  16:26:19    -6227.291541       0.1066     --------   -10.065135          3
MinModeTranslate:   51  16:26:19    -6227.291541       0.1066     0.010653   -10.065135          3
MinModeTranslate:   52  16:26:19    -6227.292010       0.1238     --------   -10.639990          3
MinModeTranslate:   52  16:26:19    -6227.292010       0.1238     0.014156   -10.639990          3
MinModeTranslate:   53  16:26:20    -6227.292337       0.1442     --------   -10.349439          3
MinModeTranslate:   53  16:26:20    -6227.292337       0.1442     0.025501   -10.349439          3
MinModeTranslate:   54  16:26:20    -6227.292940       0.0992     --------    -9.100643          3
MinModeTranslate:   54  16:26:20    -6227.292940       0.0992     0.024565    -9.100643          3
MinModeTranslate:   55  16:26:20    -6227.293710       0.1467     --------    -7.065068          3
MinModeTranslate:   55  16:26:20    -6227.293710       0.1467     0.008924    -7.065068          3
MinModeTranslate:   56  16:26:20    -6227.294017       0.0606     --------    -6.714433          3
MinModeTranslate:   56  16:26:20    -6227.294017       0.0606     0.015312    -6.714433          3
MinModeTranslate:   57  16:26:20    -6227.294419       0.0702     --------    -6.207531          3
MinModeTranslate:   57  16:26:20    -6227.294419       0.0702     0.006755    -6.207531          3
MinModeTranslate:   58  16:26:20    -6227.294573       0.0756     --------    -6.192543          3
MinModeTranslate:   58  16:26:20    -6227.294573       0.0756     0.009856    -6.192543          3
MinModeTranslate:   59  16:26:20    -6227.294720       0.0455     --------    -6.388649          3
MinModeTranslate:   59  16:26:20    -6227.294720       0.0455     0.009728    -6.388649          3
MinModeTranslate:   60  16:26:20    -6227.294886       0.1313     --------    -6.327938          3
MinModeTranslate:   60  16:26:20    -6227.294886       0.1313     0.023179    -6.327938          3
MinModeTranslate:   61  16:26:20    -6227.295464       0.1322     --------    -6.456865          3
MinModeTranslate:   61  16:26:20    -6227.295464       0.1322     0.023289    -6.456865          3
MinModeTranslate:   62  16:26:20    -6227.296204       0.0625     --------    -6.519144          3
MinModeTranslate:   62  16:26:20    -6227.296204       0.0625     0.006846    -6.519144          3
MinModeTranslate:   63  16:26:20    -6227.296357       0.0887     --------    -6.754854          3
MinModeTranslate:   63  16:26:20    -6227.296357       0.0887     0.004518    -6.754854          3
MinModeTranslate:   64  16:26:20    -6227.296406       0.0748     --------    -6.939262          3
MinModeTranslate:   64  16:26:21    -6227.296406       0.0748     0.003899    -6.939262          3
MinModeTranslate:   65  16:26:21    -6227.296411       0.0774     --------    -6.739482          3
MinModeTranslate:   65  16:26:21    -6227.296411       0.0774     0.010736    -6.739482          3
MinModeTranslate:   66  16:26:21    -6227.296598       0.0403     --------    -6.155990          3
MinModeTranslate:   66  16:26:21    -6227.296598       0.0403     0.004886    -6.155990          3
MinModeTranslate:   67  16:26:21    -6227.296735       0.0502     --------    -6.151803          3
MinModeTranslate:   67  16:26:21    -6227.296735       0.0502     0.003168    -6.151803          3
MinModeTranslate:   68  16:26:21    -6227.296821       0.0494     --------    -6.141937          3
MinModeTranslate:   68  16:26:21    -6227.296821       0.0494     0.002496    -6.141937          3
MinModeTranslate:   69  16:26:21    -6227.296871       0.0304     --------    -6.221879          3
MinModeTranslate:   69  16:26:21    -6227.296871       0.0304     0.005900    -6.221879          3
MinModeTranslate:   70  16:26:21    -6227.296913       0.0531     --------    -6.318521          3
MinModeTranslate:   70  16:26:21    -6227.296913       0.0531     0.004232    -6.318521          3
MinModeTranslate:   71  16:26:21    -6227.296951       0.0341     --------    -6.376000          3
MinModeTranslate:   71  16:26:21    -6227.296951       0.0341     0.004471    -6.376000          3
MinModeTranslate:   72  16:26:21    -6227.296985       0.0444     --------    -6.435989          3
MinModeTranslate:   72  16:26:21    -6227.296985       0.0444     0.001380    -6.435989          3
MinModeTranslate:   73  16:26:21    -6227.297001       0.0149     --------    -6.428594          3
MinModeTranslate:   73  16:26:21    -6227.297001       0.0149     0.002850    -6.428594          3
MinModeTranslate:   74  16:26:21    -6227.297031       0.0097     --------    -6.618127          3
MinModeTranslate:   74  16:26:21    -6227.297031       0.0097     0.000441    -6.618127          3
MinModeTranslate:   75  16:26:21    -6227.297033       0.0088     --------    -6.624414          3
MinModeTranslate:   75  16:26:21    -6227.297033       0.0088     0.000698    -6.624414          3
MinModeTranslate:   76  16:26:22    -6227.297036       0.0137     --------    -6.582261          2
MinModeTranslate:   76  16:26:22    -6227.297036       0.0137     0.001091    -6.582261          2
MinModeTranslate:   77  16:26:22    -6227.297034       0.0108     --------    -6.544272          2
MinModeTranslate:   77  16:26:22    -6227.297034       0.0108     0.000897    -6.544272          2
MinModeTranslate:   78  16:26:22    -6227.297039       0.0085     --------    -6.509621          1
MinModeTranslate:   78  16:26:22    -6227.297039       0.0085     0.001092    -6.509621          1
MinModeTranslate:   79  16:26:22    -6227.297052       0.0056     --------    -6.509818          2
