MINMODE:METHOD: Dimer
DIM:CONTROL: Search Parameters:
DIM:CONTROL: ------------------
DIM:CONTROL: eigenmode_method = dimer
DIM:CONTROL: f_rot_min = 0.01
DIM:CONTROL: f_rot_max = 0.1
DIM:CONTROL: max_num_rot = 3
DIM:CONTROL: trial_angle = 0.7853981633974483
DIM:CONTROL: trial_trans_step = 0.001
DIM:CONTROL: maximum_translation = 0.1
DIM:CONTROL: cg_translation = True
DIM:CONTROL: use_central_forces = True
DIM:CONTROL: dimer_separation = 0.005
DIM:CONTROL: initial_eigenmode_method = gauss
DIM:CONTROL: extrapolate_forces = True
DIM:CONTROL: displacement_method = gauss
DIM:CONTROL: gauss_std = 0.1
DIM:CONTROL: order = 1
DIM:CONTROL: mask = None
DIM:CONTROL: displacement_center = None
DIM:CONTROL: displacement_radius = None
DIM:CONTROL: number_of_displacement_atoms = None
DIM:CONTROL: ------------------
DIM:ROT: OPT-STEP ROT-STEP CURVATURE ROT-ANGLE ROT-FORCE
DIM:ROT:       0         1   11.0599   15.9741   42.6648
DIM:ROT:       0         2    5.3616   16.1729   19.1194
DIM:ROT:       0         3    2.4310    8.4612   20.7027
DIM:ROT:       1         1  -11.1750   25.2277   18.0399
DIM:ROT:       1         2  -15.4224    9.0346   24.8749
DIM:ROT:       1         3  -17.1367    9.1943   10.3487
DIM:ROT:       2         1   -9.2056    5.0413    9.6562
DIM:ROT:       2         2   -9.7230    4.2677    5.6460
DIM:ROT:       2         3  -10.0151    3.0320    5.3704
DIM:ROT:       3         1    2.7585   11.4772    7.9212
DIM:ROT:       3         2    1.5470    7.8439    8.6656
DIM:ROT:       3         3    0.6483    7.7309    6.3808
DIM:ROT:       4         1    1.9868    9.9208   10.8057
DIM:ROT:       4         2    1.0297    7.0856    7.4790
DIM:ROT:       4         3    0.4308    4.6788    7.4099
DIM:ROT:       5         1    0.1027    4.8668    6.8467
DIM:ROT:       5         2   -0.2915    3.9952    5.5682
DIM:ROT:       5         3   -0.6092    3.6510    5.0573
DIM:ROT:       6         1   -0.1712    4.4261    5.2525
DIM:ROT:       6         2   -0.4593    3.3267    4.8868
DIM:ROT:       6         3   -0.7206    3.4570    4.2681
DIM:ROT:       7         1   -0.7761    3.0893    5.2923
DIM:ROT:       7         2   -0.9282    2.4462    3.4954
DIM:ROT:       7         3   -1.0418    2.1116    3.1350
DIM:ROT:       8         1   -0.9315    3.0352    3.8867
DIM:ROT:       8         2   -1.0539    2.2184    3.2262
DIM:ROT:       8         3   -1.1624    2.1583    2.8040
DIM:ROT:       9         1   -0.6181    2.6851    3.7816
DIM:ROT:       9         2   -0.7216    2.0258    2.9468
DIM:ROT:       9         3   -0.8117    1.9143    2.7244
DIM:ROT:      10         1    0.0067    2.5539    2.8828
DIM:ROT:      10         2   -0.0969    2.0731    2.8753
DIM:ROT:      10         3   -0.1983    2.2349    2.5511
DIM:ROT:      11         1    0.0596    1.5541    3.5781
DIM:ROT:      11         2   -0.0242    2.1799    2.1574
DIM:ROT:      11         3   -0.0964    1.3732    3.0647
DIM:ROT:      12         1    0.3452    3.7702    2.2323
DIM:ROT:      12         2    0.2209    2.0424    3.4727
DIM:ROT:      12         3    0.1120    2.9922    2.0419
DIM:ROT:      13         1    0.1277    3.1761    5.0641
DIM:ROT:      13         2    0.0276    2.6207    2.0663
DIM:ROT:      13         3   -0.0558    1.7829    2.6931
DIM:ROT:      14         1    0.0938    3.0273    3.7985
DIM:ROT:      14         2   -0.0073    2.8550    1.9553
DIM:ROT:      14         3   -0.0916    1.7031    2.8285
DIM:ROT:      15         1   -0.7767    1.3724    2.4644
DIM:ROT:      15         2   -0.8229    1.2799    2.0781
DIM:ROT:      15         3   -0.8610    1.1097    1.9844
DIM:ROT:      16         1   -0.6614    1.4957    2.0978
DIM:ROT:      16         2   -0.6980    1.2963    1.7132
DIM:ROT:      16         3   -0.7322    1.1083    1.6775
DIM:ROT:      17         1    0.2474    1.8876    1.4751
DIM:ROT:      17         2    0.2023    1.2369    2.0708
DIM:ROT:      17         3    0.1625    1.7173    1.3502
DIM:ROT:      18         1    0.2071    2.3687    3.5303
DIM:ROT:      18         2    0.1644    1.5295    1.5425
DIM:ROT:      18         3    0.1271    1.1917    1.7616
DIM:ROT:      19         1    0.1856    2.3294    3.0502
DIM:ROT:      19         2    0.1377    1.7304    1.5406
DIM:ROT:      19         3    0.0995    1.1832    1.8445
DIM:ROT:      20         1    0.1563    2.2869    2.6915
DIM:ROT:      20         2    0.1087    1.7051    1.5698
DIM:ROT:      20         3    0.0706    1.1949    1.8059
DIM:ROT:      21         1    0.1308    2.1680    2.4847
DIM:ROT:      21         2    0.0876    1.4708    1.6558
DIM:ROT:      21         3    0.0535    1.1838    1.6472
DIM:ROT:      22         1    0.1127    2.1083    2.2999
DIM:ROT:      22         2    0.0725    1.3296    1.7174
DIM:ROT:      22         3    0.0403    1.1937    1.5351
DIM:ROT:      23         1    0.1010    1.9641    2.2028
DIM:ROT:      23         2    0.0633    1.2288    1.7424
DIM:ROT:      23         3    0.0328    1.2012    1.4452
DIM:ROT:      24         1    0.5548    1.9822    2.2306
DIM:ROT:      24         2    0.5079    1.2084    2.2210
DIM:ROT:      24         3    0.4701    1.3847    1.5908
DIM:ROT:      25         1    0.7140    1.4098    2.2511
DIM:ROT:      25         2    0.6740    1.1521    2.0039
DIM:ROT:      25         3    0.6389    1.1293    1.7383
DIM:ROT:      26         1    0.9296    1.1318    2.0937
DIM:ROT:      26         2    0.8949    1.0338    1.9022
DIM:ROT:      26         3    0.8674    0.9407    1.7165
DIM:ROT:      27         1    1.0815    1.0019    1.7814
DIM:ROT:      27         2    1.0565    0.7884    1.8238
DIM:ROT:      27         3    1.0342    0.8428    1.4824
DIM:ROT:      28         1    1.1955    0.7231    1.8215
DIM:ROT:      28         2    1.1757    0.7566    1.4881
DIM:ROT:      28         3    1.1597    0.6098    1.5252
DIM:ROT:      29         1    1.2844    0.8260    1.4487
DIM:ROT:      29         2    1.2676    0.5481    1.7590
DIM:ROT:      29         3    1.2522    0.7004    1.2150
DIM:ROT:      30         1    1.3250    0.5618    1.8339
DIM:ROT:      30         2    1.3089    0.6595    1.3767
DIM:ROT:      30         3    1.2960    0.4828    1.5653
DIM:ROT:      31         1    1.3323    0.9791    1.4051
DIM:ROT:      31         2    1.3136    0.5027    2.1356
DIM:ROT:      31         3    1.2964    0.8238    1.1562
DIM:ROT:      32         1    1.3148    0.5452    2.0962
DIM:ROT:      32         2    1.2974    0.7208    1.3645
DIM:ROT:      32         3    1.2837    0.4601    1.7520
DIM:ROT:      33         1    1.2799    1.3448    1.4219
DIM:ROT:      33         2    1.2563    0.5335    2.5148
DIM:ROT:      33         3    1.2354    1.0667    1.0838
DIM:ROT:      34         1    1.1854    0.6077    2.4082
DIM:ROT:      34         2    1.1619    0.8784    1.5007
DIM:ROT:      34         3    1.1424    0.5370    2.1079
DIM:ROT:      35         1    0.9498    3.3226    1.9519
DIM:ROT:      35         2    0.8513    1.0519    5.2224
DIM:ROT:      35         3    0.7483    3.0897    1.8547
DIM:ROT:      36         1    0.5339    1.2286    5.6258
DIM:ROT:      36         2    0.4056    2.8554    2.5334
DIM:ROT:      36         3    0.2856    1.2532    5.7195
DIM:ROT:      37         1   -0.4982   11.3557    3.1017
DIM:ROT:      37         2   -1.2246    2.7576   14.2705
DIM:ROT:      37         3   -1.9475   10.8060    3.6946
DIM:ROT:      38         1   -3.6063    3.0770   13.5258
DIM:ROT:      38         2   -4.2753    7.3704    5.0685
DIM:ROT:      38         3   -4.8118    2.7182   11.8649
DIM:ROT:      39         1   -5.9599   21.0958    4.0474
DIM:ROT:      39         2   -6.5931    4.0814    9.0355
DIM:ROT:      39         3   -6.7098    2.7119    2.3223
DIM:ROT:      40         1   -5.7128    1.5720    2.9581
DIM:ROT:      40         2   -5.7698    1.6905    1.8771
DIM:ROT:      40         3   -5.8103    1.1141    2.0590
DIM:ROT:      41         1   -2.7567    4.6227    3.2102
DIM:ROT:      41         2   -2.8616    1.8063    3.4792
DIM:ROT:      41         3   -2.9202    2.1462    1.6144
DIM:ROT:      42         1   -9.8717    2.4260    3.3277
DIM:ROT:      42         2   -9.9514    1.6185    2.8633
DIM:ROT:      42         3  -10.0072    1.5490    2.1104
DIM:ROT:      43         1   -5.8831    3.7860    3.3666
DIM:ROT:      43         2   -5.9477    1.2631    2.6120
DIM:ROT:      43         3   -5.9867    1.3794    1.4852
DIM:ROT:      44         1   -0.2351    4.9645    4.5842
DIM:ROT:      44         2   -0.3183    1.6353    3.1327
DIM:ROT:      44         3   -0.3712    1.6149    1.9231
DIM:ROT:      45         1   -4.2056    3.7667    3.3911
DIM:ROT:      45         2   -4.3261    1.8923    3.5066
DIM:ROT:      45         3   -4.4026    2.0678    2.1357
DIM:ROT:      46         1   -5.2561    4.5085    4.2299
DIM:ROT:      46         2   -5.3508    1.6677    3.1906
DIM:ROT:      46         3   -5.4149    1.8890    1.9713
DIM:ROT:      47         1   -9.7236    3.0894    4.2501
DIM:ROT:      47         2   -9.7838    1.3466    2.5023
DIM:ROT:      47         3   -9.8139    1.1360    1.5213
DIM:ROT:      48         1   -8.2899    1.9488    2.5404
DIM:ROT:      48         2   -8.3313    0.9886    2.2764
DIM:ROT:      48         3   -8.3592    1.0442    1.4523
DIM:ROT:      49         1   -2.5907    2.0225    2.9550
DIM:ROT:      49         2   -2.6684    1.3898    3.1071
DIM:ROT:      49         3   -2.7232    1.4928    2.1335
DIM:ROT:      50         1   -1.8638    2.4548    2.0389
DIM:ROT:      50         2   -1.9244    1.3157    2.5835
DIM:ROT:      50         3   -1.9734    1.8230    1.4908
DIM:ROT:      51         1   -0.2827    1.1561    2.2452
DIM:ROT:      51         2   -0.3209    1.3932    1.5612
DIM:ROT:      51         3   -0.3517    0.9661    1.8602
DIM:ROT:      52         1   -0.6592    1.3027    1.7949
DIM:ROT:      52         2   -0.6740    0.6113    1.3341
DIM:ROT:      52         3   -0.6814    0.5865    0.7166
DIM:ROT:      53         1   -0.7988    0.6293    0.8854
DIM:ROT:      53         2   -0.8046    0.4641    0.7206
DIM:ROT:      53         3   -0.8090    0.4423    0.5676
DIM:ROT:      54         1   -1.7873    2.3798    1.4558
DIM:ROT:      54         2   -1.8216    0.9869    1.9651
DIM:ROT:      54         3   -1.8460    1.2223    1.1425
DIM:ROT:      55         1   -4.6795    3.5858    2.5585
DIM:ROT:      55         2   -4.7926    1.7684    3.6712
DIM:ROT:      55         3   -4.8719    2.5446    1.8278
DIM:ROT:      56         1   -4.5326    1.1650    2.7779
DIM:ROT:      56         2   -4.5691    1.7062    1.2308
DIM:ROT:      56         3   -4.5974    0.8248    1.8973
DIM:ROT:      57         1   -3.4153    1.1225    0.9689
DIM:ROT:      57         2   -3.4310    0.6584    1.3115
DIM:ROT:      57         3   -3.4437    0.9094    0.7839
DIM:ROT:      58         1   -0.8414    1.2217    1.5639
DIM:ROT:      58         2   -0.8672    0.9738    1.4764
DIM:ROT:      58         3   -0.8896    0.9929    1.2367
DIM:ROT:      59         1   -0.0753    1.1625    1.4932
DIM:ROT:      59         2   -0.1022    0.9831    1.5258
DIM:ROT:      59         3   -0.1248    1.0064    1.2783
DIM:ROT:      60         1    1.4250    3.0770    2.0999
DIM:ROT:      60         2    1.3486    1.4470    3.0111
DIM:ROT:      60         3    1.2834    2.1915    1.6831
DIM:ROT:      61         1   -0.6950    1.2904    2.6158
DIM:ROT:      61         2   -0.7168    0.9772    1.3011
DIM:ROT:      61         3   -0.7281    0.6255    1.0849
DIM:ROT:      62         1   -4.0670    2.5935    2.3771
DIM:ROT:      62         2   -4.1194    1.1745    2.5444
DIM:ROT:      62         3   -4.1556    1.5016    1.3667
DIM:ROT:      63         1   -3.1428    1.0440    1.6652
DIM:ROT:      63         2   -3.1659    0.9454    1.3566
DIM:ROT:      63         3   -3.1838    0.8113    1.2479
DIM:ROT:      64         1   -3.2362    0.7933    1.0422
DIM:ROT:      64         2   -3.2487    0.6595    1.0575
DIM:ROT:      64         3   -3.2601    0.6913    0.9020
DIM:ROT:      65         1   -3.2985    0.5370    0.9458
DIM:ROT:      65         2   -3.3068    0.6267    0.7334
DIM:ROT:      65         3   -3.3141    0.4782    0.8399
DIM:ROT:      66         1   -3.1823    0.5514    0.7076
DIM:ROT:      66         2   -3.1867    0.3728    0.6462
DIM:ROT:      66         3   -3.1905    0.4157    0.5002
DIM:ROT:      67         1   -2.4805    0.5872    0.6784
DIM:ROT:      67         2   -2.4831    0.2593    0.5265
DIM:ROT:      67         3   -2.4847    0.2776    0.3143
DIM:ROT:      68         1   -1.7660    0.5422    0.5872
DIM:ROT:      68         2   -1.7690    0.2943    0.5500
DIM:ROT:      68         3   -1.7713    0.3468    0.3645
DIM:ROT:      69         1   -0.7752    1.0808    0.6851
DIM:ROT:      69         2   -0.7810    0.4039    0.7068
DIM:ROT:      69         3   -0.7848    0.4339    0.4878
DIM:ROT:      70         1    0.2184    0.7582    1.0608
DIM:ROT:      70         2    0.2086    0.5672    0.9330
DIM:ROT:      70         3    0.1999    0.6003    0.7765
DIM:ROT:      71         1   -1.8208    1.4104    1.6725
DIM:ROT:      71         2   -1.8508    0.9785    1.7971
DIM:ROT:      71         3   -1.8743    1.0951    1.2818
DIM:ROT:      72         1   -2.0947    0.7942    1.4463
DIM:ROT:      72         2   -2.1108    0.8959    1.0574
DIM:ROT:      72         3   -2.1250    0.6747    1.2221
DIM:ROT:      73         1   -2.0196    0.7902    1.0086
DIM:ROT:      73         2   -2.0315    0.6661    1.0703
DIM:ROT:      73         3   -2.0419    0.6982    0.8878
DIM:ROT:      74         1   -2.0689    0.6270    0.9962
DIM:ROT:      74         2   -2.0780    0.6396    0.8430
DIM:ROT:      74         3   -2.0864    0.5600    0.8870
DIM:ROT:      75         1   -2.2479    0.6572    0.8289
DIM:ROT:      75         2   -2.2559    0.5512    0.8686
DIM:ROT:      75         3   -2.2630    0.5789    0.7250
DIM:ROT:      76         1   -2.3560    0.4692    0.8557
DIM:ROT:      76         2   -2.3613    0.5241    0.5927
DIM:ROT:      76         3   -2.3661    0.3983    0.7055
DIM:ROT:      77         1   -2.4103    0.4913    0.5668
DIM:ROT:      77         2   -2.4139    0.3567    0.6143
DIM:ROT:      77         3   -2.4172    0.4081    0.4644
DIM:ROT:      78         1   -2.4149    0.3109    0.5724
DIM:ROT:      78         2   -2.4174    0.3716    0.3988
DIM:ROT:      78         3   -2.4198    0.2730    0.4960
DIM:ROT:      79         1   -2.4239    0.3164    0.4280
DIM:ROT:      79         2   -2.4259    0.2774    0.4171
DIM:ROT:      79         3   -2.4277    0.2771    0.3724
DIM:ROT:      80         1   -2.4278    0.3953    0.4427
DIM:ROT:      80         2   -2.4297    0.2505    0.4519
DIM:ROT:      80         3   -2.4315    0.3063    0.3384
DIM:ROT:      81         1   -2.4420    0.2961    0.4877
DIM:ROT:      81         2   -2.4440    0.3054    0.3898
DIM:ROT:      81         3   -2.4458    0.2542    0.4083
DIM:ROT:      82         1   -2.4401    0.3115    0.3900
DIM:ROT:      82         2   -2.4420    0.2455    0.4126
DIM:ROT:      82         3   -2.4436    0.2730    0.3391
DIM:ROT:      83         1   -2.4419    0.3142    0.4342
DIM:ROT:      83         2   -2.4437    0.2505    0.4003
DIM:ROT:      83         3   -2.4452    0.2466    0.3274
DIM:ROT:      84         1   -2.4461    0.2107    0.3530
DIM:ROT:      84         2   -2.4473    0.2255    0.2814
DIM:ROT:      84         3   -2.4483    0.1857    0.3090
DIM:ROT:      85         1   -2.4804    0.2169    0.2836
DIM:ROT:      85         2   -2.4813    0.1861    0.2909
DIM:ROT:      85         3   -2.4822    0.1916    0.2482
DIM:ROT:      86         1   -2.5009    0.1799    0.2647
DIM:ROT:      86         2   -2.5016    0.1709    0.2416
DIM:ROT:      86         3   -2.5023    0.1614    0.2363
DIM:ROT:      87         1   -2.5584    0.1513    0.2561
DIM:ROT:      87         2   -2.5589    0.1578    0.1965
DIM:ROT:      87         3   -2.5594    0.1265    0.2082
DIM:ROT:      88         1   -2.5983    0.1690    0.2408
DIM:ROT:      88         2   -2.5986    0.1083    0.1812
DIM:ROT:      88         3   -2.5989    0.1081    0.1446
DIM:ROT:      89         1   -2.6140    0.2410    0.2463
DIM:ROT:      89         2   -2.6143    0.1233    0.2127
DIM:ROT:      89         3   -2.6146    0.1203    0.1519
DIM:ROT:      90         1   -2.5730    0.1829    0.2650
DIM:ROT:      90         2   -2.5736    0.1415    0.2252
DIM:ROT:      90         3   -2.5740    0.1344    0.1880
DIM:ROT:      91         1   -2.5168    0.2727    0.2653
DIM:ROT:      91         2   -2.5175    0.1599    0.3048
DIM:ROT:      91         3   -2.5181    0.1973    0.1939
DIM:ROT:      92         1   -2.4387    0.2386    0.3196
DIM:ROT:      92         2   -2.4396    0.1977    0.3143
DIM:ROT:      92         3   -2.4405    0.2044    0.2707
DIM:ROT:      93         1   -2.3925    0.2459    0.3310
DIM:ROT:      93         2   -2.3937    0.2084    0.3287
DIM:ROT:      93         3   -2.3945    0.2104    0.2780
DIM:ROT:      94         1   -2.3712    0.2434    0.3039
DIM:ROT:      94         2   -2.3721    0.1939    0.3213
DIM:ROT:      94         3   -2.3731    0.2150    0.2648
DIM:ROT:      95         1   -2.3418    0.2974    0.3423
DIM:ROT:      95         2   -2.3431    0.2208    0.3830
DIM:ROT:      95         3   -2.3443    0.2568    0.2913
DIM:ROT:      96         1   -2.4164    0.3847    0.5010
DIM:ROT:      96         2   -2.4186    0.2958    0.4769
DIM:ROT:      96         3   -2.4208    0.3234    0.4047
DIM:ROT:      97         1   -2.5287    0.5138    0.4890
DIM:ROT:      97         2   -2.5317    0.3102    0.6008
DIM:ROT:      97         3   -2.5344    0.4161    0.4007
DIM:ROT:      98         1   -2.6639    0.3536    0.6537
DIM:ROT:      98         2   -2.6667    0.3950    0.4258
DIM:ROT:      98         3   -2.6692    0.2915    0.5129
DIM:ROT:      99         1   -2.6793    0.8793    0.4199
DIM:ROT:      99         2   -2.6829    0.3230    0.6663
DIM:ROT:      99         3   -2.6852    0.3719    0.3608
DIM:ROT:     100         1   -2.6045    0.3229    0.5484
DIM:ROT:     100         2   -2.6069    0.3351    0.4201
DIM:ROT:     100         3   -2.6091    0.2782    0.4602
DIM:ROT:     101         1   -2.4874    0.4961    0.4380
DIM:ROT:     101         2   -2.4905    0.2969    0.5899
DIM:ROT:     101         3   -2.4931    0.4113    0.3701
DIM:ROT:     102         1   -2.3305    0.2986    0.5791
DIM:ROT:     102         2   -2.3330    0.3713    0.3719
DIM:ROT:     102         3   -2.3352    0.2567    0.4862
DIM:ROT:     103         1   -1.9995    0.4584    0.3997
DIM:ROT:     103         2   -2.0023    0.2770    0.5401
DIM:ROT:     103         3   -2.0046    0.3849    0.3361
DIM:ROT:     104         1   -1.5996    0.3112    0.4794
DIM:ROT:     104         2   -1.6017    0.2881    0.3937
DIM:ROT:     104         3   -1.6035    0.2530    0.3813
DIM:ROT:     105         1   -1.6474    0.2634    0.3700
DIM:ROT:     105         2   -1.6490    0.2341    0.3600
DIM:ROT:     105         3   -1.6503    0.2280    0.3165
DIM:ROT:     106         1   -1.7614    0.2875    0.2776
DIM:ROT:     106         2   -1.7627    0.1894    0.3674
DIM:ROT:     106         3   -1.7639    0.2597    0.2494
DIM:ROT:     107         1   -2.1803    0.2574    0.4515
DIM:ROT:     107         2   -2.1819    0.2668    0.3446
DIM:ROT:     107         3   -2.1833    0.2151    0.3629
DIM:ROT:     108         1   -2.5303    0.8843    0.3912
DIM:ROT:     108         2   -2.5334    0.2719    0.5659
DIM:ROT:     108         3   -2.5352    0.3268    0.3145
DIM:ROT:     109         1   -2.7769    0.3357    0.5872
DIM:ROT:     109         2   -2.7793    0.3339    0.4256
DIM:ROT:     109         3   -2.7813    0.2646    0.4392
DIM:ROT:     110         1   -2.7271    1.7218    0.3928
DIM:ROT:     110         2   -2.7310    0.4341    0.5488
DIM:ROT:     110         3   -2.7326    0.2481    0.4157
DIM:ROT:     111         1   -2.7259    0.3651    0.3132
DIM:ROT:     111         2   -2.7275    0.2313    0.4345
DIM:ROT:     111         3   -2.7291    0.3269    0.2838
DIM:ROT:     112         1   -2.7323    0.2557    0.4649
DIM:ROT:     112         2   -2.7341    0.3327    0.3286
DIM:ROT:     112         3   -2.7356    0.2335    0.4253
DIM:ROT:     113         1   -2.7582    0.6520    0.3455
DIM:ROT:     113         2   -2.7612    0.2886    0.6544
DIM:ROT:     113         3   -2.7639    0.5292    0.3064
DIM:ROT:     114         1   -2.8875    0.3183    0.6695
DIM:ROT:     114         2   -2.8906    0.4921    0.3755
DIM:ROT:     114         3   -2.8931    0.2791    0.5817
DIM:ROT:     115         1   -3.0675    0.8324    0.5082
DIM:ROT:     115         2   -3.0733    0.3899    0.9116
DIM:ROT:     115         3   -3.0789    0.7268    0.4468
DIM:ROT:     116         1   -3.2563    1.3082    1.0204
DIM:ROT:     116         2   -3.2705    0.6241    1.2707
DIM:ROT:     116         3   -3.2816    0.8745    0.7421
DIM:ROT:     117         1   -2.7846    0.6527    1.2752
DIM:ROT:     117         2   -2.7954    0.7684    0.7992
DIM:ROT:     117         3   -2.8048    0.5197    0.9869
DIM:ROT:     118         1   -1.7710    0.6355    0.9419
DIM:ROT:     118         2   -1.7789    0.5363    0.8007
DIM:ROT:     118         3   -1.7845    0.4746    0.6804
DIM:ROT:     119         1   -0.4014    3.3967    0.8852
DIM:ROT:     119         2   -0.4190    0.6829    1.3006
DIM:ROT:     119         3   -0.4283    0.6626    0.7683
DIM:ROT:     120         1    1.0124    0.9000    1.3169
DIM:ROT:     120         2    0.9924    0.8461    1.2877
DIM:ROT:     120         3    0.9748    0.8284    1.2035
DIM:ROT:     121         1   -2.3038    1.7418    1.5909
DIM:ROT:     121         2   -2.3336    0.8908    1.9379
DIM:ROT:     121         3   -2.3592    1.2413    1.1727
DIM:ROT:     122         1   -2.1360    0.6926    1.6004
DIM:ROT:     122         2   -2.1531    1.1061    0.8737
DIM:ROT:     122         3   -2.1674    0.6007    1.3769
DIM:ROT:     123         1   -2.2988    1.2356    0.8584
DIM:ROT:     123         2   -2.3140    0.6278    1.3691
DIM:ROT:     123         3   -2.3275    1.0280    0.7358
DIM:ROT:     124         1   -2.3474    0.5717    1.1515
DIM:ROT:     124         2   -2.3577    0.7931    0.7422
DIM:ROT:     124         3   -2.3667    0.5073    1.0153
DIM:ROT:     125         1   -2.3448    0.7986    0.8415
DIM:ROT:     125         2   -2.3546    0.5446    1.0101
DIM:ROT:     125         3   -2.3635    0.6902    0.7237
DIM:ROT:     126         1   -2.3420    0.4967    0.9050
DIM:ROT:     126         2   -2.3493    0.5980    0.6955
DIM:ROT:     126         3   -2.3558    0.4516    0.8211
DIM:ROT:     127         1   -2.2632    0.5818    0.8319
DIM:ROT:     127         2   -2.2706    0.5265    0.7903
DIM:ROT:     127         3   -2.2775    0.5215    0.7408
DIM:ROT:     128         1   -1.9578    2.3874    0.7898
DIM:ROT:     128         2   -1.9754    0.7874    1.2207
DIM:ROT:     128         3   -1.9823    0.5000    0.7843
DIM:ROT:     129         1   -1.7110    0.6119    0.9229
DIM:ROT:     129         2   -1.7193    0.5927    0.7817
DIM:ROT:     129         3   -1.7270    0.5343    0.7973
DIM:ROT:     130         1   -1.5198    0.8343    0.7300
DIM:ROT:     130         2   -1.5291    0.5070    1.0183
DIM:ROT:     130         3   -1.5369    0.7047    0.6344
DIM:ROT:     131         1   -1.5182    0.5136    1.0460
DIM:ROT:     131         2   -1.5259    0.6981    0.6193
DIM:ROT:     131         3   -1.5330    0.4381    0.8768
DIM:ROT:     132         1   -1.5440    0.6854    0.5475
DIM:ROT:     132         2   -1.5500    0.3952    0.8351
DIM:ROT:     132         3   -1.5550    0.5976    0.4816
DIM:ROT:     133         1   -1.5642    0.3645    0.7496
DIM:ROT:     133         2   -1.5684    0.5348    0.4402
DIM:ROT:     133         3   -1.5724    0.3246    0.6634
DIM:ROT:     134         1   -1.5805    0.5291    0.4078
DIM:ROT:     134         2   -1.5840    0.3002    0.6368
DIM:ROT:     134         3   -1.5870    0.4620    0.3623
DIM:ROT:     135         1   -1.6457    0.2698    0.5605
DIM:ROT:     135         2   -1.6480    0.4007    0.3233
DIM:ROT:     135         3   -1.6502    0.2397    0.4939
DIM:ROT:     136         1   -1.7438    0.3132    0.3058
DIM:ROT:     136         2   -1.7452    0.2039    0.3964
DIM:ROT:     136         3   -1.7465    0.2692    0.2631
DIM:ROT:     137         1   -1.8041    0.1914    0.3485
DIM:ROT:     137         2   -1.8051    0.2204    0.2489
DIM:ROT:     137         3   -1.8060    0.1654    0.2972
DIM:ROT:     138         1   -1.8225    0.1787    0.2364
DIM:ROT:     138         2   -1.8232    0.1510    0.2485
DIM:ROT:     138         3   -1.8237    0.1573    0.2065
DIM:ROT:     139         1   -1.8494    0.1721    0.2261
DIM:ROT:     139         2   -1.8500    0.1397    0.2300
DIM:ROT:     139         3   -1.8505    0.1475    0.1922
DIM:ROT:     140         1   -1.8592    0.1236    0.2188
DIM:ROT:     140         2   -1.8596    0.1375    0.1688
DIM:ROT:     140         3   -1.8599    0.1054    0.1849
DIM:ROT:     141         1   -1.8739    0.1635    0.1485
DIM:ROT:     141         2   -1.8742    0.0966    0.2000
DIM:ROT:     141         3   -1.8745    0.1364    0.1228
DIM:ROT:     142         1   -1.8505    0.1063    0.1961
DIM:ROT:     142         2   -1.8508    0.1197    0.1410
DIM:ROT:     142         3   -1.8510    0.0887    0.1600
DIM:ROT:     143         1   -1.8320    0.1482    0.1424
DIM:ROT:     143         2   -1.8323    0.0931    0.1830
DIM:ROT:     143         3   -1.8325    0.1245    0.1222
DIM:ROT:     144         1   -1.7936    0.1042    0.1772
DIM:ROT:     144         2   -1.7938    0.1080    0.1384
DIM:ROT:     144         3   -1.7940    0.0890    0.1475
DIM:ROT:     145         1   -1.7498    0.1578    0.1941
DIM:ROT:     145         2   -1.7501    0.1047    0.1764
DIM:ROT:     145         3   -1.7504    0.1154    0.1442
DIM:ROT:     146         1   -1.6729    0.2409    0.2498
DIM:ROT:     146         2   -1.6734    0.1306    0.2215
DIM:ROT:     146         3   -1.6738    0.1340    0.1711
DIM:ROT:     147         1   -1.5943    0.2513    0.3295
DIM:ROT:     147         2   -1.5952    0.1606    0.2721
DIM:ROT:     147         3   -1.5958    0.1700    0.2189
DIM:ROT:     148         1   -1.4676    0.4267    0.3560
DIM:ROT:     148         2   -1.4690    0.2054    0.3683
DIM:ROT:     148         3   -1.4699    0.2053    0.2540
DIM:ROT:     149         1   -1.3114    0.3828    0.5063
DIM:ROT:     149         2   -1.3135    0.2589    0.4366
DIM:ROT:     149         3   -1.3152    0.2657    0.3460
DIM:ROT:     150         1   -1.2592    0.2821    0.4085
DIM:ROT:     150         2   -1.2609    0.2423    0.3810
DIM:ROT:     150         3   -1.2622    0.2298    0.3279
DIM:ROT:     151         1   -1.2081    0.3158    0.4063
DIM:ROT:     151         2   -1.2097    0.2331    0.3999
DIM:ROT:     151         3   -1.2112    0.2498    0.3179
DIM:ROT:     152         1   -1.0853    0.4695    0.4991
DIM:ROT:     152         2   -1.0880    0.2819    0.5386
DIM:ROT:     152         3   -1.0901    0.3273    0.3644
DIM:ROT:     153         1   -0.9809    0.3767    0.5558
DIM:ROT:     153         2   -0.9836    0.3136    0.4771
DIM:ROT:     153         3   -0.9859    0.2980    0.4298
DIM:ROT:     154         1   -0.7732    0.6410    0.5792
DIM:ROT:     154         2   -0.7778    0.3562    0.7019
DIM:ROT:     154         3   -0.7812    0.4429    0.4435
DIM:ROT:     155         1   -0.6446    0.4270    0.6764
DIM:ROT:     155         2   -0.6485    0.3969    0.5587
DIM:ROT:     155         3   -0.6521    0.3542    0.5506
DIM:ROT:     156         1   -0.5563    0.5185    0.5646
DIM:ROT:     156         2   -0.5608    0.3613    0.6712
DIM:ROT:     156         3   -0.5644    0.4339    0.4737
DIM:ROT:     157         1   -0.4681    0.4189    0.6593
DIM:ROT:     157         2   -0.4722    0.4016    0.5648
DIM:ROT:     157         3   -0.4759    0.3628    0.5646
DIM:ROT:     158         1   -0.3854    0.5181    0.5637
DIM:ROT:     158         2   -0.3900    0.3706    0.6805
DIM:ROT:     158         3   -0.3939    0.4484    0.4885
DIM:ROT:     159         1   -0.2971    0.4178    0.6567
DIM:ROT:     159         2   -0.3013    0.4074    0.5724
DIM:ROT:     159         3   -0.3052    0.3707    0.5779
DIM:ROT:     160         1   -0.1883    0.5981    0.5910
DIM:ROT:     160         2   -0.1938    0.3949    0.7597
DIM:ROT:     160         3   -0.1983    0.5106    0.5094
