MINMODE:METHOD: Dimer
DIM:CONTROL: Search Parameters:
DIM:CONTROL: ------------------
DIM:CONTROL: eigenmode_method = dimer
DIM:CONTROL: f_rot_min = 0.01
DIM:CONTROL: f_rot_max = 0.1
DIM:CONTROL: max_num_rot = 3
DIM:CONTROL: trial_angle = 0.7853981633974483
DIM:CONTROL: trial_trans_step = 0.001
DIM:CONTROL: maximum_translation = 0.1
DIM:CONTROL: cg_translation = True
DIM:CONTROL: use_central_forces = True
DIM:CONTROL: dimer_separation = 0.005
DIM:CONTROL: initial_eigenmode_method = gauss
DIM:CONTROL: extrapolate_forces = True
DIM:CONTROL: displacement_method = gauss
DIM:CONTROL: gauss_std = 0.1
DIM:CONTROL: order = 1
DIM:CONTROL: mask = None
DIM:CONTROL: displacement_center = None
DIM:CONTROL: displacement_radius = None
DIM:CONTROL: number_of_displacement_atoms = None
DIM:CONTROL: ------------------
DIM:ROT: OPT-STEP ROT-STEP CURVATURE ROT-ANGLE ROT-FORCE
DIM:ROT:       0         1    4.7931    9.2077    6.5748
DIM:ROT:       0         2    4.2300    5.2522    6.0901
DIM:ROT:       0         3    3.8962    4.1010    4.6770
DIM:ROT:       1         1   -0.4316    9.7300    7.4300
DIM:ROT:       1         2   -1.2860    4.9701    9.6434
DIM:ROT:       1         3   -1.8823    6.2240    5.5525
DIM:ROT:       2         1   -0.9270    4.4533    7.7474
DIM:ROT:       2         2   -1.3922    5.2229    5.0585
DIM:ROT:       2         3   -1.8126    3.6911    6.2996
DIM:ROT:       3         1   -1.6683   10.0089    6.4830
DIM:ROT:       3         2   -2.4985    5.0087    9.2512
DIM:ROT:       3         3   -3.0988    6.9692    4.9585
DIM:ROT:       4         1   -4.4623    5.1139    8.4032
DIM:ROT:       4         2   -5.0168    5.1085    6.2415
DIM:ROT:       4         3   -5.4683    3.9273    6.4531
DIM:ROT:       5         1   -4.2981    4.2093    4.4232
DIM:ROT:       5         2   -4.5307    2.9745    4.3809
DIM:ROT:       5         3   -4.6885    2.9431    3.1105
DIM:ROT:       6         1   -8.4853    5.9546    5.5442
DIM:ROT:       6         2   -8.8519    3.1185    6.6981
DIM:ROT:       6         3   -9.1039    3.8214    3.6964
DIM:ROT:       7         1  -12.4522    4.7733    5.6883
DIM:ROT:       7         2  -12.7077    3.1793    4.5040
DIM:ROT:       7         3  -12.8423    2.5194    3.1362
DIM:ROT:       8         1  -12.0605    4.6123    5.4347
DIM:ROT:       8         2  -12.2235    2.0850    4.5924
DIM:ROT:       8         3  -12.3091    1.9079    2.4923
DIM:ROT:       9         1  -11.5817    3.3110    3.9329
DIM:ROT:       9         2  -11.6657    1.7946    2.6248
DIM:ROT:       9         3  -11.7011    1.3000    1.6486
DIM:ROT:      10         1  -10.2822    3.6852    3.2595
DIM:ROT:      10         2  -10.3524    1.3823    2.7069
DIM:ROT:      10         3  -10.3859    1.2034    1.5277
DIM:ROT:      11         1   -9.0795    5.0225    3.9749
DIM:ROT:      11         2   -9.2123    2.0564    3.4274
DIM:ROT:      11         3   -9.2722    1.8290    1.8820
DIM:ROT:      12         1   -8.7917    7.8949    4.8252
DIM:ROT:      12         2   -9.0976    2.7876    5.7453
DIM:ROT:      12         3   -9.2307    2.9477    2.5647
DIM:ROT:      13         1  -11.3514    3.6568    5.4008
DIM:ROT:      13         2  -11.5413    2.3408    4.3398
DIM:ROT:      13         3  -11.6650    2.0945    3.2814
DIM:ROT:      14         1  -14.8148    5.1076    5.6451
DIM:ROT:      14         2  -15.0513    2.4770    5.1257
DIM:ROT:      14         3  -15.1947    2.3883    3.3050
DIM:ROT:      15         1  -15.2253    1.5099    2.8214
DIM:ROT:      15         2  -15.2742    1.5355    1.7493
DIM:ROT:      15         3  -15.3064    0.9559    1.7739
DIM:ROT:      16         1  -16.5987    4.1041    3.9915
DIM:ROT:      16         2  -16.6548    1.6384    2.9804
DIM:ROT:      16         3  -16.6854    1.1665    1.5656
DIM:ROT:      17         1  -24.3696   13.8604    8.7334
DIM:ROT:      17         2  -24.6612    3.6046    6.9599
DIM:ROT:      17         3  -24.7748    2.2071    2.7532
DIM:ROT:      18         1  -27.4337    4.3846    4.8806
DIM:ROT:      18         2  -27.5530    1.6575    3.8171
DIM:ROT:      18         3  -27.6015    1.3709    1.8580
DIM:ROT:      19         1  -26.8129    1.7153    2.7831
DIM:ROT:      19         2  -26.8470    0.9178    1.7162
DIM:ROT:      19         3  -26.8620    0.6650    1.0413
DIM:ROT:      20         1  -27.6368    1.3430    1.8619
DIM:ROT:      20         2  -27.6510    0.6446    1.3258
DIM:ROT:      20         3  -27.6580    0.4840    0.7849
DIM:ROT:      21         1  -28.6140    2.3114    2.4239
DIM:ROT:      21         2  -28.6319    0.7755    1.5196
DIM:ROT:      21         3  -28.6378    0.5180    0.6379
DIM:ROT:      22         1  -26.2188    1.7652    2.2410
DIM:ROT:      22         2  -26.2295    0.7072    1.2037
DIM:ROT:      22         3  -26.2345    0.4624    0.7946
DIM:ROT:      23         1  -19.4764    5.2014    4.5444
DIM:ROT:      23         2  -19.5800    2.0477    3.2490
DIM:ROT:      23         3  -19.6055    1.2861    1.5150
DIM:ROT:      24         1  -12.1726   12.7899    8.9024
DIM:ROT:      24         2  -12.5207    3.5922    5.6239
DIM:ROT:      24         3  -12.5978    1.9214    2.5993
DIM:ROT:      25         1   -9.6994    8.6330    6.9644
DIM:ROT:      25         2   -9.9329    2.4396    5.0124
DIM:ROT:      25         3  -10.0042    1.9076    2.2351
DIM:ROT:      26         1   -9.9454    1.8484    2.5618
DIM:ROT:      26         2   -9.9811    1.1315    1.8353
DIM:ROT:      26         3  -10.0032    0.9568    1.3121
DIM:ROT:      27         1  -12.6957    5.4496    5.0474
DIM:ROT:      27         2  -12.8472    1.9583    3.4039
DIM:ROT:      27         3  -12.8837    1.1725    1.6840
DIM:ROT:      28         1  -14.6886    3.6102    3.1134
DIM:ROT:      28         2  -14.7763    1.3081    2.6856
DIM:ROT:      28         3  -14.8006    1.0238    1.2307
DIM:ROT:      29         1  -16.6982    2.3622    2.8108
DIM:ROT:      29         2  -16.7511    1.1743    2.0868
DIM:ROT:      29         3  -16.7728    0.8539    1.2883
DIM:ROT:      30         1  -18.0443    2.2113    2.4944
DIM:ROT:      30         2  -18.0812    0.9930    1.8009
DIM:ROT:      30         3  -18.0970    0.7204    1.0955
DIM:ROT:      31         1  -17.9537    0.6846    0.9961
DIM:ROT:      31         2  -17.9611    0.4291    0.7663
DIM:ROT:      31         3  -17.9646    0.3439    0.4935
DIM:ROT:      32         1  -17.9974    0.8418    0.8464
DIM:ROT:      32         2  -18.0058    0.3482    0.7712
DIM:ROT:      32         3  -18.0084    0.3491    0.3639
DIM:ROT:      33         1  -18.5169    3.9132    2.1752
DIM:ROT:      33         2  -18.5623    0.8040    1.5015
DIM:ROT:      33         3  -18.5673    0.4415    0.6918
DIM:ROT:      34         1  -19.6967    2.7460    1.9418
DIM:ROT:      34         2  -19.7315    0.8867    1.7629
DIM:ROT:      34         3  -19.7396    0.6320    0.7339
DIM:ROT:      35         1  -22.4491    3.9481    3.0758
DIM:ROT:      35         2  -22.5254    1.3958    2.7046
DIM:ROT:      35         3  -22.5437    0.9703    1.1342
DIM:ROT:      36         1  -26.1572    4.3219    3.4710
DIM:ROT:      36         2  -26.2613    1.3362    3.2281
DIM:ROT:      36         3  -26.2862    1.1316    1.2917
DIM:ROT:      37         1  -32.6038    5.1716    4.9955
DIM:ROT:      37         2  -32.7468    1.8390    3.7082
DIM:ROT:      37         3  -32.7805    1.1263    1.7591
DIM:ROT:      38         1  -37.7303    3.9550    3.9889
DIM:ROT:      38         2  -37.8083    1.2836    3.0922
DIM:ROT:      38         3  -37.8278    0.8697    1.2707
DIM:ROT:      39         1  -37.8685    1.2505    2.2344
DIM:ROT:      39         2  -37.8820    0.6109    1.0679
DIM:ROT:      39         3  -37.8872    0.3592    0.7084
DIM:ROT:      40         1  -31.3329   20.5148   13.9093
DIM:ROT:      40         2  -32.2913    5.0278   10.3607
DIM:ROT:      40         3  -32.4614    2.6539    3.6135
DIM:ROT:      41         1  -29.0811   14.3611   11.1937
DIM:ROT:      41         2  -29.6121    3.9483    7.5623
DIM:ROT:      41         3  -29.7225    2.2340    2.9892
DIM:ROT:      42         1  -27.9102    8.8489   12.1331
DIM:ROT:      42         2  -28.1951    3.3075    5.3925
DIM:ROT:      42         3  -28.2502    1.5017    2.2830
DIM:ROT:      43         1  -37.0201    7.1348    9.2167
DIM:ROT:      43         2  -37.5041    4.0126    7.1078
DIM:ROT:      43         3  -37.7309    3.0524    4.5886
DIM:ROT:      44         1  -37.8641    2.4505    3.7949
DIM:ROT:      44         2  -37.9693    1.7864    3.3567
DIM:ROT:      44         3  -38.0448    1.6112    2.5111
DIM:ROT:      45         1  -36.8971    8.1905    6.1210
DIM:ROT:      45         2  -37.1437    2.2278    5.7459
DIM:ROT:      45         3  -37.1957    1.5904    1.9471
DIM:ROT:      46         1  -31.8641    5.0340    6.8810
DIM:ROT:      46         2  -31.9583    1.7018    3.6246
DIM:ROT:      46         3  -31.9882    0.9945    1.5796
DIM:ROT:      47         1  -30.0374    1.0532    1.8289
DIM:ROT:      47         2  -30.0512    0.5787    1.1010
DIM:ROT:      47         3  -30.0564    0.3673    0.6530
DIM:ROT:      48         1  -29.1800    0.6394    0.8128
DIM:ROT:      48         2  -29.1840    0.2518    0.4133
DIM:ROT:      48         3  -29.1853    0.1426    0.1940
DIM:ROT:      49         1  -29.5011    1.1736    1.4354
DIM:ROT:      49         2  -29.5101    0.4085    0.8030
DIM:ROT:      49         3  -29.5126    0.2280    0.3741
DIM:ROT:      50         1  -30.4236    1.2213    1.2690
DIM:ROT:      50         2  -30.4289    0.3797    0.6962
DIM:ROT:      50         3  -30.4310    0.2133    0.2729
DIM:ROT:      51         1  -31.5229    1.0703    0.9973
DIM:ROT:      51         2  -31.5227    0.1976    0.3699
DIM:ROT:      51         3  -31.5237    0.1114    0.1422
DIM:ROT:      52         1  -31.1399    0.5616    0.6934
DIM:ROT:      52         2  -31.1419    0.2146    0.3793
DIM:ROT:      52         3  -31.1427    0.1131    0.1687
DIM:ROT:      53         1  -29.4524    0.9942    1.0818
DIM:ROT:      53         2  -29.4562    0.2468    0.5375
DIM:ROT:      53         3  -29.4572    0.1442    0.2122
DIM:ROT:      54         1  -28.3498    0.7581    0.7882
DIM:ROT:      54         2  -28.3525    0.1659    0.3139
DIM:ROT:      54         3  -28.3532    0.1028    0.1195
DIM:ROT:      55         1  -27.0296    0.9330    1.1770
DIM:ROT:      55         2  -27.0375    0.3294    0.5889
DIM:ROT:      55         3  -27.0394    0.1802    0.2748
DIM:ROT:      56         1  -26.8503    0.8271    1.0428
DIM:ROT:      56         2  -26.8569    0.3428    0.5544
DIM:ROT:      56         3  -26.8592    0.1999    0.2822
DIM:ROT:      57         1  -28.3943    0.9615    1.0877
DIM:ROT:      57         2  -28.3986    0.3333    0.5750
DIM:ROT:      57         3  -28.4004    0.1928    0.2575
DIM:ROT:      58         1  -30.1008    0.7614    0.9872
DIM:ROT:      58         2  -30.1026    0.2776    0.5453
DIM:ROT:      58         3  -30.1041    0.1680    0.2670
DIM:ROT:      59         1  -29.9854    0.6586    0.8493
DIM:ROT:      59         2  -29.9870    0.2372    0.4292
DIM:ROT:      59         3  -29.9878    0.1187    0.1959
DIM:ROT:      60         1  -29.1014    0.5154    0.7081
DIM:ROT:      60         2  -29.1035    0.1891    0.4123
DIM:ROT:      60         3  -29.1041    0.1235    0.1864
DIM:ROT:      61         1  -27.3428    1.0679    1.4293
DIM:ROT:      61         2  -27.3507    0.3695    0.7614
DIM:ROT:      61         3  -27.3529    0.2225    0.3374
DIM:ROT:      62         1  -27.1323    0.4835    0.6326
DIM:ROT:      62         2  -27.1353    0.1813    0.3445
DIM:ROT:      62         3  -27.1361    0.1073    0.1667
DIM:ROT:      63         1  -28.0304    0.8077    0.9251
DIM:ROT:      63         2  -28.0306    0.2227    0.4502
DIM:ROT:      63         3  -28.0314    0.1345    0.1958
DIM:ROT:      64         1  -28.6338    1.0816    1.3538
DIM:ROT:      64         2  -28.6342    0.3447    0.6229
DIM:ROT:      64         3  -28.6352    0.1796    0.2531
DIM:ROT:      65         1  -28.5428    0.5151    0.6663
DIM:ROT:      65         2  -28.5430    0.1904    0.3324
DIM:ROT:      65         3  -28.5432    0.0974    0.1483
DIM:ROT:      66         1  -28.2630    0.6015    0.6743
DIM:ROT:      66         2  -28.2643    0.1429    0.3089
DIM:ROT:      66         3  -28.2646    0.0701    0.1047
DIM:ROT:      67         1  -26.4129    1.8199    2.0509
DIM:ROT:      67         2  -26.4219    0.4185    0.8808
DIM:ROT:      67         3  -26.4233    0.1956    0.2617
DIM:ROT:      68         1  -25.9359    0.4497    0.4738
DIM:ROT:      68         2  -25.9372    0.1197    0.2176
DIM:ROT:      68         3  -25.9375    0.0696    0.0992
DIM:ROT:      69         1  -25.9091    0.6596    0.7699
DIM:ROT:      69         2  -25.9088    0.2198    0.3977
DIM:ROT:      69         3  -25.9095    0.1283    0.1901
DIM:ROT:      70         1  -25.7631    0.6905    0.8759
DIM:ROT:      70         2  -25.7635    0.2701    0.5021
DIM:ROT:      70         3  -25.7644    0.1699    0.2579
DIM:ROT:      71         1  -24.9291    0.6494    0.8360
DIM:ROT:      71         2  -24.9308    0.2812    0.4340
DIM:ROT:      71         3  -24.9313    0.1546    0.2267
DIM:ROT:      72         1  -23.8851    0.8282    0.9577
DIM:ROT:      72         2  -23.8865    0.2485    0.5116
DIM:ROT:      72         3  -23.8869    0.1422    0.1974
DIM:ROT:      73         1  -22.9543    1.1065    1.1664
DIM:ROT:      73         2  -22.9557    0.2772    0.5156
DIM:ROT:      73         3  -22.9562    0.1451    0.1754
DIM:ROT:      74         1  -22.5848    0.5645    0.5998
DIM:ROT:      74         2  -22.5860    0.1640    0.2959
DIM:ROT:      74         3  -22.5863    0.0862    0.1290
DIM:ROT:      75         1  -22.6792    0.2847    0.3206
DIM:ROT:      75         2  -22.6787    0.0882    0.1783
DIM:ROT:      75         3  -22.6788    0.0585    0.0787
DIM:ROT:      76         1  -22.5466    0.5459    0.6361
DIM:ROT:      76         2  -22.5455    0.1886    0.3433
DIM:ROT:      76         3  -22.5458    0.1165    0.1594
DIM:ROT:      77         1  -22.3198    0.5245    0.7359
DIM:ROT:      77         2  -22.3195    0.2413    0.3833
DIM:ROT:      77         3  -22.3199    0.1441    0.2214
DIM:ROT:      78         1  -21.8819    0.4642    0.5425
DIM:ROT:      78         2  -21.8819    0.1379    0.3031
DIM:ROT:      78         3  -21.8821    0.0891    0.1154
DIM:ROT:      79         1  -21.4332    0.9608    1.0262
DIM:ROT:      79         2  -21.4339    0.2438    0.4974
DIM:ROT:      79         3  -21.4342    0.1279    0.1848
DIM:ROT:      80         1  -21.1464    0.6217    0.7012
DIM:ROT:      80         2  -21.1473    0.1909    0.3385
DIM:ROT:      80         3  -21.1475    0.0989    0.1491
DIM:ROT:      81         1  -20.9999    0.3308    0.4556
DIM:ROT:      81         2  -21.0008    0.1632    0.2083
DIM:ROT:      81         3  -21.0012    0.0915    0.1251
DIM:ROT:      82         1  -21.0279    0.5733    0.7457
DIM:ROT:      82         2  -21.0273    0.2149    0.3442
DIM:ROT:      82         3  -21.0274    0.1148    0.1514
DIM:ROT:      83         1  -21.2545    0.3858    0.5601
DIM:ROT:      83         2  -21.2540    0.1667    0.2510
DIM:ROT:      83         3  -21.2540    0.0883    0.1317
DIM:ROT:      84         1  -21.4175    0.4117    0.6895
DIM:ROT:      84         2  -21.4186    0.2175    0.2567
DIM:ROT:      84         3  -21.4193    0.1062    0.1782
DIM:ROT:      85         1  -21.2901    0.3662    0.4712
DIM:ROT:      85         2  -21.2907    0.1496    0.2270
DIM:ROT:      85         3  -21.2909    0.0859    0.1147
DIM:ROT:      86         1  -20.9574    0.4088    0.5419
DIM:ROT:      86         2  -20.9580    0.1569    0.2698
DIM:ROT:      86         3  -20.9582    0.0884    0.1376
DIM:ROT:      87         1  -21.0329    0.5962    0.9108
DIM:ROT:      87         2  -21.0356    0.3043    0.4024
DIM:ROT:      87         3  -21.0367    0.1583    0.2511
DIM:ROT:      88         1  -21.0195    0.5358    0.7544
DIM:ROT:      88         2  -21.0220    0.2674    0.3491
DIM:ROT:      88         3  -21.0228    0.1428    0.2136
DIM:ROT:      89         1  -20.6630    0.3406    0.4747
DIM:ROT:      89         2  -20.6641    0.1843    0.2416
DIM:ROT:      89         3  -20.6646    0.1069    0.1488
DIM:ROT:      90         1  -20.9721    0.4068    0.5979
DIM:ROT:      90         2  -20.9727    0.2114    0.2885
DIM:ROT:      90         3  -20.9733    0.1227    0.1822
DIM:ROT:      91         1  -21.1390    0.3839    0.5460
DIM:ROT:      91         2  -21.1396    0.1831    0.2714
DIM:ROT:      91         3  -21.1400    0.1091    0.1690
DIM:ROT:      92         1  -21.2048    0.3868    0.4802
DIM:ROT:      92         2  -21.2049    0.1473    0.2266
DIM:ROT:      92         3  -21.2051    0.0888    0.1149
DIM:ROT:      93         1  -21.1580    0.1309    0.2146
DIM:ROT:      93         2  -21.1584    0.0681    0.0923
DIM:ROT:      94         1  -20.9271    0.2659    0.4115
DIM:ROT:      94         2  -20.9279    0.1190    0.1941
DIM:ROT:      94         3  -20.9281    0.0679    0.1138
DIM:ROT:      95         1  -20.9252    0.2844    0.2942
DIM:ROT:      95         2  -20.9259    0.1020    0.1646
DIM:ROT:      95         3  -20.9260    0.0658    0.0754
DIM:ROT:      96         1  -20.4606    0.4016    0.5106
DIM:ROT:      96         2  -20.4615    0.1778    0.2727
DIM:ROT:      96         3  -20.4618    0.1046    0.1406
DIM:ROT:      97         1  -19.9988    0.5003    0.7015
DIM:ROT:      97         2  -20.0005    0.2621    0.3576
DIM:ROT:      97         3  -20.0012    0.1441    0.2086
DIM:ROT:      98         1  -20.0200    0.4329    0.6082
DIM:ROT:      98         2  -20.0209    0.2334    0.2933
DIM:ROT:      98         3  -20.0215    0.1242    0.1820
DIM:ROT:      99         1  -20.0679    0.5444    0.5655
DIM:ROT:      99         2  -20.0671    0.1795    0.2949
DIM:ROT:      99         3  -20.0674    0.1084    0.1371
DIM:ROT:     100         1  -20.0434    0.6061    0.5505
DIM:ROT:     100         2  -20.0421    0.1548    0.2504
DIM:ROT:     100         3  -20.0423    0.1080    0.0922
DIM:ROT:     101         1  -20.0703    0.2690    0.2245
DIM:ROT:     101         2  -20.0704    0.0680    0.1248
DIM:ROT:     101         3  -20.0705    0.0425    0.0596
DIM:ROT:     102         1  -19.8784    0.5204    0.5481
DIM:ROT:     102         2  -19.8788    0.1418    0.2908
DIM:ROT:     102         3  -19.8788    0.0842    0.1146
DIM:ROT:     103         1  -19.5892    0.4968    0.4884
DIM:ROT:     103         2  -19.5894    0.1349    0.2658
DIM:ROT:     103         3  -19.5895    0.0836    0.1077
DIM:ROT:     104         1  -19.8163    0.4388    0.4817
DIM:ROT:     104         2  -19.8169    0.1629    0.2676
DIM:ROT:     104         3  -19.8172    0.1043    0.1273
DIM:ROT:     105         1  -20.0061    0.4227    0.4993
DIM:ROT:     105         2  -20.0065    0.1671    0.2686
DIM:ROT:     105         3  -20.0067    0.1082    0.1367
DIM:ROT:     106         1  -20.7668    0.8356    1.0866
DIM:ROT:     106         2  -20.7684    0.3577    0.5607
DIM:ROT:     106         3  -20.7692    0.2241    0.2912
DIM:ROT:     107         1  -21.3225    0.8423    1.0474
DIM:ROT:     107         2  -21.3249    0.3732    0.5759
DIM:ROT:     107         3  -21.3257    0.2368    0.3056
DIM:ROT:     108         1  -20.8638    0.8334    0.7793
DIM:ROT:     108         2  -20.8642    0.1748    0.3058
DIM:ROT:     108         3  -20.8643    0.0968    0.1036
DIM:ROT:     109         1  -20.3681    0.8770    0.8003
DIM:ROT:     109         2  -20.3675    0.1493    0.3433
DIM:ROT:     109         3  -20.3676    0.1036    0.1076
DIM:ROT:     110         1  -19.9486    0.4366    0.4260
DIM:ROT:     110         2  -19.9484    0.1088    0.1932
DIM:ROT:     110         3  -19.9484    0.0796    0.0791
DIM:ROT:     111         1  -20.1529    0.3894    0.5402
DIM:ROT:     111         2  -20.1522    0.1639    0.2677
DIM:ROT:     111         3  -20.1522    0.0983    0.1379
DIM:ROT:     112         1  -20.4649    0.4774    0.4922
DIM:ROT:     112         2  -20.4636    0.1392    0.2685
DIM:ROT:     112         3  -20.4637    0.1003    0.1114
DIM:ROT:     113         1  -20.4811    0.1326    0.2143
DIM:ROT:     113         2  -20.4812    0.0784    0.1076
DIM:ROT:     113         3  -20.4813    0.0451    0.0784
DIM:ROT:     114         1  -20.4566    0.2815    0.3731
DIM:ROT:     114         2  -20.4570    0.1127    0.2034
DIM:ROT:     114         3  -20.4571    0.0703    0.1003
DIM:ROT:     115         1  -20.3578    0.2843    0.2869
DIM:ROT:     115         2  -20.3578    0.0795    0.1342
DIM:ROT:     115         3  -20.3578    0.0560    0.0561
DIM:ROT:     116         1  -20.2457    0.1290    0.2276
DIM:ROT:     116         2  -20.2457    0.0923    0.0857
DIM:ROT:     117         1  -20.2514    0.1762    0.3047
DIM:ROT:     117         2  -20.2512    0.1068    0.1164
DIM:ROT:     117         3  -20.2512    0.0510    0.0877
DIM:ROT:     118         1  -20.2410    0.1315    0.1895
DIM:ROT:     118         2  -20.2406    0.0658    0.0883
DIM:ROT:     119         1  -20.2124    0.1385    0.2284
DIM:ROT:     119         2  -20.2123    0.0827    0.0943
DIM:ROT:     120         1  -20.2138    0.2200    0.3196
DIM:ROT:     120         2  -20.2142    0.1132    0.1626
DIM:ROT:     120         3  -20.2143    0.0670    0.1034
DIM:ROT:     121         1  -20.3087    0.2774    0.3815
DIM:ROT:     121         2  -20.3093    0.1392    0.1799
DIM:ROT:     121         3  -20.3094    0.0816    0.1094
DIM:ROT:     122         1  -20.3887    0.2483    0.3748
DIM:ROT:     122         2  -20.3887    0.1413    0.1715
DIM:ROT:     122         3  -20.3887    0.0771    0.1161
DIM:ROT:     123         1  -19.9787    0.6448    0.8833
DIM:ROT:     123         2  -19.9803    0.3229    0.4408
DIM:ROT:     123         3  -19.9807    0.1836    0.2493
DIM:ROT:     124         1  -19.8065    0.8187    1.1323
DIM:ROT:     124         2  -19.8086    0.4010    0.5313
DIM:ROT:     124         3  -19.8092    0.2121    0.2985
DIM:ROT:     125         1  -19.7452    0.8405    1.1097
DIM:ROT:     125         2  -19.7479    0.4141    0.5496
DIM:ROT:     125         3  -19.7488    0.2265    0.3070
DIM:ROT:     126         1  -19.7147    1.0131    1.2192
DIM:ROT:     126         2  -19.7187    0.4748    0.6627
DIM:ROT:     126         3  -19.7202    0.2808    0.3600
DIM:ROT:     127         1  -19.6901    1.5033    1.4637
DIM:ROT:     127         2  -19.6950    0.5676    0.8724
DIM:ROT:     127         3  -19.6976    0.3834    0.4033
DIM:ROT:     128         1  -21.0074    3.2491    2.6059
DIM:ROT:     128         2  -21.0059    0.8485    1.4754
DIM:ROT:     128         3  -21.0134    0.5351    0.6072
DIM:ROT:     129         1  -21.7031    1.2327    1.1709
DIM:ROT:     129         2  -21.7055    0.4396    0.8464
DIM:ROT:     129         3  -21.7083    0.3192    0.4115
DIM:ROT:     130         1  -21.6844    0.6538    1.0323
DIM:ROT:     130         2  -21.6873    0.3546    0.5348
DIM:ROT:     130         3  -21.6890    0.2268    0.3827
DIM:ROT:     131         1  -20.8318    0.7192    1.1081
DIM:ROT:     131         2  -20.8341    0.4121    0.3800
DIM:ROT:     131         3  -20.8348    0.1685    0.2890
DIM:ROT:     132         1  -18.4198    2.1009    2.1775
DIM:ROT:     132         2  -18.4362    0.8717    1.3173
DIM:ROT:     132         3  -18.4395    0.5626    0.7133
DIM:ROT:     133         1  -14.3918    4.7511    4.0183
DIM:ROT:     133         2  -14.4521    1.5143    2.3869
DIM:ROT:     133         3  -14.4695    1.0712    1.1874
DIM:ROT:     134         1  -13.3204    1.7650    1.4113
DIM:ROT:     134         2  -13.3365    0.7673    1.3359
DIM:ROT:     134         3  -13.3438    0.6873    0.6914
DIM:ROT:     135         1  -13.1175    1.8813    1.5984
DIM:ROT:     135         2  -13.1299    0.6446    1.2166
DIM:ROT:     135         3  -13.1356    0.6142    0.5608
DIM:ROT:     136         1  -13.1550    0.9234    1.2303
DIM:ROT:     136         2  -13.1622    0.5700    0.9168
DIM:ROT:     136         3  -13.1670    0.4518    0.5875
DIM:ROT:     137         1  -13.0100    1.3228    1.0489
DIM:ROT:     137         2  -13.0160    0.4944    0.9488
DIM:ROT:     137         3  -13.0189    0.4293    0.4277
DIM:ROT:     138         1  -12.9264    0.6033    0.6710
DIM:ROT:     138         2  -12.9285    0.3106    0.4722
DIM:ROT:     138         3  -12.9293    0.2352    0.3065
DIM:ROT:     139         1  -12.8724    0.6004    0.5403
DIM:ROT:     139         2  -12.8734    0.2689    0.4176
DIM:ROT:     139         3  -12.8739    0.1987    0.2463
DIM:ROT:     140         1  -13.0371    0.4397    0.4725
DIM:ROT:     140         2  -13.0381    0.2089    0.3681
DIM:ROT:     140         3  -13.0385    0.1669    0.1985
DIM:ROT:     141         1  -13.1550    0.2060    0.2892
DIM:ROT:     141         2  -13.1555    0.1242    0.1977
DIM:ROT:     141         3  -13.1557    0.0948    0.1324
DIM:ROT:     142         1  -13.2396    0.1902    0.2241
DIM:ROT:     142         2  -13.2398    0.0944    0.1654
DIM:ROT:     142         3  -13.2399    0.0782    0.0963
DIM:ROT:     143         1  -13.2118    0.2159    0.2187
DIM:ROT:     143         2  -13.2119    0.0919    0.1533
DIM:ROT:     143         3  -13.2119    0.0699    0.0877
DIM:ROT:     144         1  -13.1780    0.1268    0.1599
DIM:ROT:     144         2  -13.1781    0.0665    0.1030
DIM:ROT:     144         3  -13.1781    0.0493    0.0688
DIM:ROT:     145         1  -13.1819    0.1663    0.1939
DIM:ROT:     145         2  -13.1819    0.0879    0.1144
DIM:ROT:     145         3  -13.1819    0.0553    0.0828
DIM:ROT:     146         1  -13.1315    0.1364    0.1815
DIM:ROT:     146         2  -13.1315    0.0789    0.1035
DIM:ROT:     146         3  -13.1315    0.0529    0.0832
DIM:ROT:     147         1  -13.0337    0.1446    0.1561
DIM:ROT:     147         2  -13.0337    0.0808    0.0897
DIM:ROT:     148         1  -13.0039    0.0703    0.0954
DIM:ROT:     149         1  -12.9824    0.0995    0.0866
DIM:ROT:     150         1  -12.9670    0.0524    0.0799
DIM:ROT:     151         1  -12.9317    0.1253    0.1141
DIM:ROT:     151         2  -12.9319    0.0582    0.0872
DIM:ROT:     152         1  -12.9031    0.1330    0.1106
DIM:ROT:     152         2  -12.9033    0.0565    0.0888
DIM:ROT:     153         1  -12.8947    0.0584    0.0586
DIM:ROT:     154         1  -12.8411    0.1185    0.1024
DIM:ROT:     154         2  -12.8410    0.0501    0.0786
DIM:ROT:     155         1  -12.8042    0.1126    0.0835
DIM:ROT:     156         1  -12.7521    0.0882    0.0994
DIM:ROT:     157         1  -12.7245    0.0664    0.0929
DIM:ROT:     158         1  -12.7031    0.0587    0.0747
DIM:ROT:     159         1  -12.6856    0.0573    0.0801
DIM:ROT:     160         1  -12.6653    0.0591    0.0759
DIM:ROT:     161         1  -12.6648    0.0712    0.0783
DIM:ROT:     162         1  -12.6676    0.0444    0.0697
DIM:ROT:     163         1  -12.7178    0.0703    0.0820
DIM:ROT:     164         1  -12.7648    0.1232    0.0925
DIM:ROT:     165         1  -12.7724    0.0469    0.0799
DIM:ROT:     166         1  -12.7763    0.0446    0.0493
DIM:ROT:     167         1  -12.7782    0.0256    0.0418
DIM:ROT:     168         1  -12.7722    0.0296    0.0366
DIM:ROT:     169         1  -12.7672    0.0208    0.0315
DIM:ROT:     170         1  -12.7671    0.0295    0.0310
DIM:ROT:     171         1  -12.7705    0.0204    0.0290
DIM:ROT:     172         1  -12.7687    0.0280    0.0203
DIM:ROT:     173         1  -12.7661    0.0209    0.0298
DIM:ROT:     174         1  -12.7669    0.0223    0.0235
DIM:ROT:     175         1  -12.7625    0.0147    0.0214
DIM:ROT:     176         1  -12.7667    0.0160    0.0200
DIM:ROT:     177         1  -12.7657    0.0146    0.0218
DIM:ROT:     178         1  -12.7702    0.0112    0.0175
