MinModeTranslate: STEP      TIME          ENERGY    MAX-FORCE     STEPSIZE    CURVATURE  ROT-STEPS
MinModeTranslate:    0  14:24:34    -8289.720749      41.6165     --------  -340.214783          3
MinModeTranslate:    0  14:24:34    -8289.720749      41.6165     0.100000  -340.214783          3
MinModeTranslate:    1  14:24:34    -8288.782500       8.2471     --------  -763.972198          3
MinModeTranslate:    1  14:24:34    -8288.782500       8.2471     0.038765  -763.972198          3
MinModeTranslate:    2  14:24:34    -8289.069630       6.7964     --------  -564.289239          3
MinModeTranslate:    2  14:24:34    -8289.069630       6.7964     0.045673  -564.289239          3
MinModeTranslate:    3  14:24:34    -8289.237309       4.2663     --------  -735.665829          3
MinModeTranslate:    3  14:24:34    -8289.237309       4.2663     0.054562  -735.665829          3
MinModeTranslate:    4  14:24:34    -8289.348229       2.4872     --------  -618.223845          3
MinModeTranslate:    4  14:24:34    -8289.348229       2.4872     0.073827  -618.223845          3
MinModeTranslate:    5  14:24:34    -8289.444543       2.8912     --------  -663.947382          3
MinModeTranslate:    5  14:24:34    -8289.444543       2.8912     0.062394  -663.947382          3
MinModeTranslate:    6  14:24:34    -8289.496770       3.1146     --------  -595.830599          3
MinModeTranslate:    6  14:24:34    -8289.496770       3.1146     0.095431  -595.830599          3
MinModeTranslate:    7  14:24:34    -8289.619713       3.6632     --------  -688.166913          3
MinModeTranslate:    7  14:24:34    -8289.619713       3.6632     0.055268  -688.166913          3
MinModeTranslate:    8  14:24:34    -8289.652080       2.1568     --------  -644.118467          3
MinModeTranslate:    8  14:24:34    -8289.652080       2.1568     0.073431  -644.118467          3
MinModeTranslate:    9  14:24:35    -8289.691955       1.7487     --------  -696.334121          3
MinModeTranslate:    9  14:24:35    -8289.691955       1.7487     0.082843  -696.334121          3
MinModeTranslate:   10  14:24:35    -8289.779108       2.4330     --------  -647.940304          3
MinModeTranslate:   10  14:24:35    -8289.779108       2.4330     0.100000  -647.940304          3
MinModeTranslate:   11  14:24:35    -8289.927648       0.8173     --------  -632.995164          3
MinModeTranslate:   11  14:24:35    -8289.927648       0.8173     0.031503  -632.995164          3
MinModeTranslate:   12  14:24:35    -8289.981711       2.9227     --------  -532.957956          3
MinModeTranslate:   12  14:24:35    -8289.981711       2.9227     0.062373  -532.957956          3
MinModeTranslate:   13  14:24:35    -8289.998019       1.6079     --------  -553.251178          3
MinModeTranslate:   13  14:24:35    -8289.998019       1.6079     0.060600  -553.251178          3
MinModeTranslate:   14  14:24:35    -8290.088631       3.2073     --------  -628.045412          3
MinModeTranslate:   14  14:24:35    -8290.088631       3.2073     0.036118  -628.045412          3
MinModeTranslate:   15  14:24:35    -8290.089736       1.0675     --------  -533.378215          3
MinModeTranslate:   15  14:24:35    -8290.089736       1.0675     0.062307  -533.378215          3
MinModeTranslate:   16  14:24:35    -8290.136340       0.8940     --------  -515.195582          3
MinModeTranslate:   16  14:24:35    -8290.136340       0.8940     0.018718  -515.195582          3
MinModeTranslate:   17  14:24:35    -8290.154175       1.6632     --------  -573.200544          3
MinModeTranslate:   17  14:24:35    -8290.154175       1.6632     0.066844  -573.200544          3
MinModeTranslate:   18  14:24:35    -8290.176449       1.2219     --------  -519.307802          3
MinModeTranslate:   18  14:24:35    -8290.176449       1.2219     0.009823  -519.307802          3
MinModeTranslate:   19  14:24:36    -8290.186035       1.3680     --------  -466.467712          3
MinModeTranslate:   19  14:24:36    -8290.186035       1.3680     0.025252  -466.467712          3
MinModeTranslate:   20  14:24:36    -8290.197480       0.5082     --------  -508.547877          3
MinModeTranslate:   20  14:24:36    -8290.197480       0.5082     0.076524  -508.547877          3
MinModeTranslate:   21  14:24:36    -8290.232221       2.1087     --------  -482.833160          3
MinModeTranslate:   21  14:24:36    -8290.232221       2.1087     0.042960  -482.833160          3
MinModeTranslate:   22  14:24:36    -8290.233372       1.0987     --------  -562.647677          3
MinModeTranslate:   22  14:24:36    -8290.233372       1.0987     0.084695  -562.647677          3
MinModeTranslate:   23  14:24:36    -8290.260536       1.0727     --------  -529.781550          3
MinModeTranslate:   23  14:24:36    -8290.260536       1.0727     0.030955  -529.781550          3
MinModeTranslate:   24  14:24:36    -8290.272034       1.2375     --------  -578.571546          3
MinModeTranslate:   24  14:24:36    -8290.272034       1.2375     0.060022  -578.571546          3
MinModeTranslate:   25  14:24:36    -8290.287696       0.7254     --------  -516.103298          3
MinModeTranslate:   25  14:24:36    -8290.287696       0.7254     0.021510  -516.103298          3
MinModeTranslate:   26  14:24:36    -8290.293837       0.8550     --------  -554.344632          3
MinModeTranslate:   26  14:24:36    -8290.293837       0.8550     0.020592  -554.344632          3
MinModeTranslate:   27  14:24:36    -8290.297019       0.3828     --------  -529.214262          3
MinModeTranslate:   27  14:24:36    -8290.297019       0.3828     0.025868  -529.214262          3
MinModeTranslate:   28  14:24:36    -8290.304276       0.8180     --------  -565.233342          3
MinModeTranslate:   28  14:24:36    -8290.304276       0.8180     0.017520  -565.233342          3
MinModeTranslate:   29  14:24:36    -8290.306149       0.4117     --------  -535.610956          3
MinModeTranslate:   29  14:24:36    -8290.306149       0.4117     0.019468  -535.610956          3
MinModeTranslate:   30  14:24:37    -8290.309938       0.3907     --------  -548.561662          3
MinModeTranslate:   30  14:24:37    -8290.309938       0.3907     0.006399  -548.561662          3
MinModeTranslate:   31  14:24:37    -8290.310797       0.3244     --------  -527.798461          3
MinModeTranslate:   31  14:24:37    -8290.310797       0.3244     0.023564  -527.798461          3
MinModeTranslate:   32  14:24:37    -8290.314389       0.4856     --------  -537.414920          3
MinModeTranslate:   32  14:24:37    -8290.314389       0.4856     0.019046  -537.414920          3
MinModeTranslate:   33  14:24:37    -8290.317699       0.6643     --------  -505.664625          3
MinModeTranslate:   33  14:24:37    -8290.317699       0.6643     0.038703  -505.664625          3
MinModeTranslate:   34  14:24:37    -8290.321627       0.2878     --------  -519.859007          3
MinModeTranslate:   34  14:24:37    -8290.321627       0.2878     0.026216  -519.859007          3
MinModeTranslate:   35  14:24:37    -8290.327344       0.7451     --------  -483.966432          3
MinModeTranslate:   35  14:24:37    -8290.327344       0.7451     0.035456  -483.966432          3
MinModeTranslate:   36  14:24:37    -8290.329715       0.3991     --------  -502.701030          3
MinModeTranslate:   36  14:24:37    -8290.329715       0.3991     0.066673  -502.701030          3
MinModeTranslate:   37  14:24:37    -8290.340153       0.8249     --------  -454.648186          3
MinModeTranslate:   37  14:24:37    -8290.340153       0.8249     0.033907  -454.648186          3
MinModeTranslate:   38  14:24:37    -8290.340846       0.4383     --------  -477.203805          3
MinModeTranslate:   38  14:24:37    -8290.340846       0.4383     0.062555  -477.203805          3
MinModeTranslate:   39  14:24:37    -8290.353600       0.4868     --------  -453.719268          3
MinModeTranslate:   39  14:24:37    -8290.353600       0.4868     0.022034  -453.719268          3
MinModeTranslate:   40  14:24:37    -8290.359848       0.8469     --------  -482.861042          3
MinModeTranslate:   40  14:24:37    -8290.359848       0.8469     0.050014  -482.861042          3
MinModeTranslate:   41  14:24:37    -8290.364726       0.3877     --------  -448.078015          3
MinModeTranslate:   41  14:24:38    -8290.364726       0.3877     0.036759  -448.078015          3
MinModeTranslate:   42  14:24:38    -8290.376713       1.0075     --------  -417.380598          3
MinModeTranslate:   42  14:24:38    -8290.376713       1.0075     0.021963  -417.380598          3
MinModeTranslate:   43  14:24:38    -8290.376708       0.4969     --------  -450.408859          3
MinModeTranslate:   43  14:24:38    -8290.376708       0.4969     0.053620  -450.408859          3
MinModeTranslate:   44  14:24:38    -8290.387762       0.5029     --------  -456.265640          3
MinModeTranslate:   44  14:24:38    -8290.387762       0.5029     0.010781  -456.265640          3
MinModeTranslate:   45  14:24:38    -8290.389680       0.4425     --------  -430.982880          3
MinModeTranslate:   45  14:24:38    -8290.389680       0.4425     0.027228  -430.982880          3
MinModeTranslate:   46  14:24:38    -8290.393485       0.1542     --------  -444.107356          3
MinModeTranslate:   46  14:24:38    -8290.393485       0.1542     0.008211  -444.107356          3
MinModeTranslate:   47  14:24:38    -8290.395546       0.4911     --------  -460.265869          3
MinModeTranslate:   47  14:24:38    -8290.395546       0.4911     0.018979  -460.265869          3
MinModeTranslate:   48  14:24:38    -8290.396636       0.2344     --------  -444.695173          3
MinModeTranslate:   48  14:24:38    -8290.396636       0.2344     0.015961  -444.695173          3
MinModeTranslate:   49  14:24:38    -8290.399449       0.4751     --------  -432.014124          3
MinModeTranslate:   49  14:24:38    -8290.399449       0.4751     0.010016  -432.014124          3
MinModeTranslate:   50  14:24:38    -8290.399508       0.2169     --------  -450.113534          3
MinModeTranslate:   50  14:24:38    -8290.399508       0.2169     0.042022  -450.113534          3
MinModeTranslate:   51  14:24:38    -8290.404451       0.4595     --------  -463.700539          3
MinModeTranslate:   51  14:24:38    -8290.404451       0.4595     0.013715  -463.700539          3
MinModeTranslate:   52  14:24:38    -8290.405306       0.3189     --------  -441.869939          3
MinModeTranslate:   52  14:24:39    -8290.405306       0.3189     0.060300  -441.869939          3
MinModeTranslate:   53  14:24:39    -8290.410681       0.4243     --------  -438.118895          3
MinModeTranslate:   53  14:24:39    -8290.410681       0.4243     0.048544  -438.118895          3
MinModeTranslate:   54  14:24:39    -8290.419952       1.1456     --------  -472.052036          3
MinModeTranslate:   54  14:24:39    -8290.419952       1.1456     0.100000  -472.052036          3
MinModeTranslate:   55  14:24:39    -8290.429511       0.8174     --------  -456.702920          3
MinModeTranslate:   55  14:24:39    -8290.429511       0.8174     0.003525  -456.702920          3
MinModeTranslate:   56  14:24:39    -8290.429301       0.2581     --------  -429.982751          3
MinModeTranslate:   56  14:24:39    -8290.429301       0.2581     0.011177  -429.982751          3
MinModeTranslate:   57  14:24:39    -8290.432049       0.2390     --------  -436.776582          2
MinModeTranslate:   57  14:24:39    -8290.432049       0.2390     0.022355  -436.776582          2
MinModeTranslate:   58  14:24:39    -8290.436764       0.5630     --------  -424.359045          3
MinModeTranslate:   58  14:24:39    -8290.436764       0.5630     0.008093  -424.359045          3
MinModeTranslate:   59  14:24:39    -8290.436886       0.2486     --------  -444.602639          3
MinModeTranslate:   59  14:24:39    -8290.436886       0.2486     0.027803  -444.602639          3
MinModeTranslate:   60  14:24:39    -8290.440284       0.1999     --------  -433.311072          3
MinModeTranslate:   60  14:24:39    -8290.440284       0.1999     0.012111  -433.311072          3
MinModeTranslate:   61  14:24:39    -8290.442495       0.4551     --------  -446.415553          3
MinModeTranslate:   61  14:24:39    -8290.442495       0.4551     0.015288  -446.415553          3
MinModeTranslate:   62  14:24:39    -8290.443169       0.2649     --------  -427.100434          3
MinModeTranslate:   62  14:24:39    -8290.443169       0.2649     0.046571  -427.100434          3
MinModeTranslate:   63  14:24:39    -8290.447584       0.2463     --------  -432.531108          3
MinModeTranslate:   63  14:24:39    -8290.447584       0.2463     0.061991  -432.531108          3
MinModeTranslate:   64  14:24:40    -8290.459235       1.2499     --------  -396.232861          3
MinModeTranslate:   64  14:24:40    -8290.459235       1.2499     0.100000  -396.232861          3
MinModeTranslate:   65  14:24:40    -8290.462930       0.5893     --------  -420.361575          3
MinModeTranslate:   65  14:24:40    -8290.462930       0.5893     0.006017  -420.361575          3
MinModeTranslate:   66  14:24:40    -8290.466840       0.6988     --------  -450.724668          3
MinModeTranslate:   66  14:24:40    -8290.466840       0.6988     0.017341  -450.724668          3
MinModeTranslate:   67  14:24:40    -8290.471438       0.3389     --------  -428.893874          3
MinModeTranslate:   67  14:24:40    -8290.471438       0.3389     0.017755  -428.893874          3
MinModeTranslate:   68  14:24:40    -8290.477016       0.4653     --------  -411.739456          3
MinModeTranslate:   68  14:24:40    -8290.477016       0.4653     0.004950  -411.739456          3
MinModeTranslate:   69  14:24:40    -8290.477378       0.2837     --------  -429.872880          3
MinModeTranslate:   69  14:24:40    -8290.477378       0.2837     0.023029  -429.872880          3
MinModeTranslate:   70  14:24:40    -8290.480849       0.2940     --------  -428.025228          3
MinModeTranslate:   70  14:24:40    -8290.480849       0.2940     0.018570  -428.025228          3
MinModeTranslate:   71  14:24:40    -8290.484519       0.5671     --------  -414.274795          3
MinModeTranslate:   71  14:24:40    -8290.484519       0.5671     0.009358  -414.274795          3
MinModeTranslate:   72  14:24:40    -8290.484525       0.1911     --------  -432.836735          3
MinModeTranslate:   72  14:24:40    -8290.484525       0.1911     0.025591  -432.836735          3
MinModeTranslate:   73  14:24:40    -8290.487396       0.2142     --------  -432.454131          2
MinModeTranslate:   73  14:24:40    -8290.487396       0.2142     0.004957  -432.454131          2
MinModeTranslate:   74  14:24:40    -8290.488012       0.2481     --------  -419.391118          2
MinModeTranslate:   74  14:24:40    -8290.488012       0.2481     0.013098  -419.391118          2
MinModeTranslate:   75  14:24:40    -8290.488945       0.1715     --------  -425.879998          3
MinModeTranslate:   75  14:24:40    -8290.488945       0.1715     0.043445  -425.879998          3
MinModeTranslate:   76  14:24:41    -8290.492623       0.3976     --------  -434.295685          3
MinModeTranslate:   76  14:24:41    -8290.492623       0.3976     0.013076  -434.295685          3
MinModeTranslate:   77  14:24:41    -8290.493367       0.3128     --------  -416.247000          3
MinModeTranslate:   77  14:24:41    -8290.493367       0.3128     0.032800  -416.247000          3
MinModeTranslate:   78  14:24:41    -8290.495302       0.1696     --------  -422.223962          3
MinModeTranslate:   78  14:24:41    -8290.495302       0.1696     0.033986  -422.223962          3
MinModeTranslate:   79  14:24:41    -8290.498252       0.4031     --------  -435.802377          3
MinModeTranslate:   79  14:24:41    -8290.498252       0.4031     0.009013  -435.802377          3
MinModeTranslate:   80  14:24:41    -8290.498171       0.1315     --------  -422.589855          3
MinModeTranslate:   80  14:24:41    -8290.498171       0.1315     0.022120  -422.589855          3
MinModeTranslate:   81  14:24:41    -8290.499349       0.1682     --------  -422.704491          3
MinModeTranslate:   81  14:24:41    -8290.499349       0.1682     0.020311  -422.704491          3
MinModeTranslate:   82  14:24:41    -8290.500702       0.2597     --------  -429.563432          3
MinModeTranslate:   82  14:24:41    -8290.500702       0.2597     0.006062  -429.563432          3
MinModeTranslate:   83  14:24:41    -8290.500756       0.1035     --------  -419.415422          2
MinModeTranslate:   83  14:24:41    -8290.500756       0.1035     0.013564  -419.415422          2
MinModeTranslate:   84  14:24:41    -8290.501311       0.0784     --------  -421.237729          3
MinModeTranslate:   84  14:24:41    -8290.501311       0.0784     0.011132  -421.237729          3
MinModeTranslate:   85  14:24:41    -8290.501871       0.1516     --------  -426.158946          2
MinModeTranslate:   85  14:24:41    -8290.501871       0.1516     0.003241  -426.158946          2
MinModeTranslate:   86  14:24:41    -8290.501906       0.0680     --------  -419.865927          2
MinModeTranslate:   86  14:24:41    -8290.501906       0.0680     0.009848  -419.865927          2
MinModeTranslate:   87  14:24:41    -8290.502235       0.0476     --------  -420.956300          2
MinModeTranslate:   87  14:24:41    -8290.502235       0.0476     0.009584  -420.956300          2
MinModeTranslate:   88  14:24:41    -8290.502581       0.1375     --------  -424.746527          2
MinModeTranslate:   88  14:24:41    -8290.502581       0.1375     0.002762  -424.746527          2
MinModeTranslate:   89  14:24:42    -8290.502603       0.0610     --------  -419.905828          2
MinModeTranslate:   89  14:24:42    -8290.502603       0.0610     0.004921  -419.905828          2
MinModeTranslate:   90  14:24:42    -8290.502719       0.0333     --------  -421.436412          2
MinModeTranslate:   90  14:24:42    -8290.502719       0.0333     0.005543  -421.436412          2
MinModeTranslate:   91  14:24:42    -8290.502850       0.0460     --------  -423.050519          2
MinModeTranslate:   91  14:24:42    -8290.502850       0.0460     0.002213  -423.050519          2
MinModeTranslate:   92  14:24:42    -8290.502924       0.0892     --------  -419.442694          2
MinModeTranslate:   92  14:24:42    -8290.502924       0.0892     0.006899  -419.442694          2
MinModeTranslate:   93  14:24:42    -8290.503013       0.0469     --------  -422.205089          2
MinModeTranslate:   93  14:24:42    -8290.503013       0.0469     0.012850  -422.205089          2
MinModeTranslate:   94  14:24:42    -8290.503257       0.0612     --------  -421.988083          2
MinModeTranslate:   94  14:24:42    -8290.503257       0.0612     0.003004  -421.988083          2
MinModeTranslate:   95  14:24:42    -8290.503341       0.0925     --------  -418.057514          2
MinModeTranslate:   95  14:24:42    -8290.503341       0.0925     0.006770  -418.057514          2
MinModeTranslate:   96  14:24:42    -8290.503410       0.0790     --------  -421.049928          2
MinModeTranslate:   96  14:24:42    -8290.503410       0.0790     0.015350  -421.049928          2
MinModeTranslate:   97  14:24:42    -8290.503673       0.0521     --------  -421.756592          3
MinModeTranslate:   97  14:24:42    -8290.503673       0.0521     0.004673  -421.756592          3
MinModeTranslate:   98  14:24:42    -8290.503820       0.1353     --------  -417.391545          2
MinModeTranslate:   98  14:24:42    -8290.503820       0.1353     0.009521  -417.391545          2
MinModeTranslate:   99  14:24:42    -8290.503893       0.0685     --------  -421.302385          2
MinModeTranslate:   99  14:24:42    -8290.503893       0.0685     0.012295  -421.302385          2
MinModeTranslate:  100  14:24:42    -8290.504094       0.0515     --------  -421.580556          2
MinModeTranslate:  100  14:24:42    -8290.504094       0.0515     0.002834  -421.580556          2
MinModeTranslate:  101  14:24:42    -8290.504169       0.0957     --------  -417.837767          2
MinModeTranslate:  101  14:24:43    -8290.504169       0.0957     0.011678  -417.837767          2
MinModeTranslate:  102  14:24:43    -8290.504302       0.0672     --------  -420.334187          2
MinModeTranslate:  102  14:24:43    -8290.504302       0.0672     0.013537  -420.334187          2
MinModeTranslate:  103  14:24:43    -8290.504551       0.1019     --------  -422.336916          2
MinModeTranslate:  103  14:24:43    -8290.504551       0.1019     0.005107  -422.336916          2
MinModeTranslate:  104  14:24:43    -8290.504602       0.0693     --------  -417.300011          2
MinModeTranslate:  104  14:24:43    -8290.504602       0.0693     0.020929  -417.300011          2
MinModeTranslate:  105  14:24:43    -8290.504880       0.0724     --------  -418.812315          3
MinModeTranslate:  105  14:24:43    -8290.504880       0.0724     0.021178  -418.812315          3
MinModeTranslate:  106  14:24:43    -8290.505356       0.1901     --------  -425.773973          2
MinModeTranslate:  106  14:24:43    -8290.505356       0.1901     0.013079  -425.773973          2
MinModeTranslate:  107  14:24:43    -8290.505377       0.0817     --------  -419.640621          2
MinModeTranslate:  107  14:24:43    -8290.505377       0.0817     0.015115  -419.640621          2
MinModeTranslate:  108  14:24:43    -8290.505578       0.0486     --------  -420.007721          2
MinModeTranslate:  108  14:24:43    -8290.505578       0.0486     0.004578  -420.007721          2
MinModeTranslate:  109  14:24:43    -8290.505683       0.1129     --------  -424.131614          2
MinModeTranslate:  109  14:24:43    -8290.505683       0.1129     0.007636  -424.131614          2
MinModeTranslate:  110  14:24:43    -8290.505725       0.0410     --------  -421.286036          2
MinModeTranslate:  110  14:24:43    -8290.505725       0.0410     0.005601  -421.286036          2
MinModeTranslate:  111  14:24:43    -8290.505803       0.0344     --------  -421.019953          2
MinModeTranslate:  111  14:24:43    -8290.505803       0.0344     0.001685  -421.019953          2
MinModeTranslate:  112  14:24:43    -8290.505826       0.0671     --------  -423.253032          2
MinModeTranslate:  112  14:24:43    -8290.505826       0.0671     0.008793  -423.253032          2
MinModeTranslate:  113  14:24:43    -8290.505897       0.0435     --------  -420.267025          2
MinModeTranslate:  113  14:24:43    -8290.505897       0.0435     0.008202  -420.267025          2
MinModeTranslate:  114  14:24:44    -8290.506046       0.0973     --------  -417.518640          2
MinModeTranslate:  114  14:24:44    -8290.506046       0.0973     0.004877  -417.518640          2
MinModeTranslate:  115  14:24:44    -8290.506053       0.0466     --------  -421.406387          2
MinModeTranslate:  115  14:24:44    -8290.506053       0.0466     0.020021  -421.406387          2
MinModeTranslate:  116  14:24:44    -8290.506271       0.0561     --------  -421.476474          2
MinModeTranslate:  116  14:24:44    -8290.506271       0.0561     0.002366  -421.476474          2
MinModeTranslate:  117  14:24:44    -8290.506291       0.0657     --------  -418.807296          2
MinModeTranslate:  117  14:24:44    -8290.506291       0.0657     0.006115  -418.807296          2
MinModeTranslate:  118  14:24:44    -8290.506344       0.0371     --------  -421.076304          2
MinModeTranslate:  118  14:24:44    -8290.506344       0.0371     0.006640  -421.076304          2
MinModeTranslate:  119  14:24:44    -8290.506466       0.0985     --------  -424.109099          2
MinModeTranslate:  119  14:24:44    -8290.506466       0.0985     0.005854  -424.109099          2
MinModeTranslate:  120  14:24:44    -8290.506484       0.0454     --------  -420.297991          2
MinModeTranslate:  120  14:24:44    -8290.506484       0.0454     0.018778  -420.297991          2
MinModeTranslate:  121  14:24:44    -8290.506678       0.0505     --------  -419.240060          2
MinModeTranslate:  121  14:24:44    -8290.506678       0.0505     0.003206  -419.240060          2
MinModeTranslate:  122  14:24:44    -8290.506719       0.0643     --------  -422.411986          2
MinModeTranslate:  122  14:24:44    -8290.506719       0.0643     0.006554  -422.411986          2
MinModeTranslate:  123  14:24:44    -8290.506765       0.0318     --------  -420.855894          2
MinModeTranslate:  123  14:24:44    -8290.506765       0.0318     0.011562  -420.855894          2
MinModeTranslate:  124  14:24:44    -8290.506897       0.0764     --------  -418.004009          2
MinModeTranslate:  124  14:24:44    -8290.506897       0.0764     0.004015  -418.004009          2
MinModeTranslate:  125  14:24:44    -8290.506900       0.0428     --------  -421.100025          2
MinModeTranslate:  125  14:24:44    -8290.506900       0.0428     0.008163  -421.100025          2
MinModeTranslate:  126  14:24:44    -8290.506970       0.0308     --------  -420.325272          2
MinModeTranslate:  126  14:24:44    -8290.506970       0.0308     0.007410  -420.325272          2
MinModeTranslate:  127  14:24:44    -8290.507080       0.0978     --------  -417.648255          2
MinModeTranslate:  127  14:24:44    -8290.507080       0.0978     0.005561  -417.648255          2
MinModeTranslate:  128  14:24:45    -8290.507083       0.0267     --------  -421.032062          2
MinModeTranslate:  128  14:24:45    -8290.507083       0.0267     0.011539  -421.032062          2
MinModeTranslate:  129  14:24:45    -8290.507188       0.0583     --------  -421.499061          2
MinModeTranslate:  129  14:24:45    -8290.507188       0.0583     0.003751  -421.499061          2
MinModeTranslate:  130  14:24:45    -8290.507228       0.0703     --------  -418.277236          2
MinModeTranslate:  130  14:24:45    -8290.507228       0.0703     0.015745  -418.277236          2
MinModeTranslate:  131  14:24:45    -8290.507332       0.0414     --------  -420.232584          2
MinModeTranslate:  131  14:24:45    -8290.507332       0.0414     0.013415  -420.232584          2
MinModeTranslate:  132  14:24:45    -8290.507525       0.1392     --------  -424.343165          2
MinModeTranslate:  132  14:24:45    -8290.507525       0.1392     0.010587  -424.343165          2
MinModeTranslate:  133  14:24:45    -8290.507535       0.0349     --------  -420.073670          2
MinModeTranslate:  133  14:24:45    -8290.507535       0.0349     0.013016  -420.073670          2
MinModeTranslate:  134  14:24:45    -8290.507651       0.0596     --------  -419.067223          2
MinModeTranslate:  134  14:24:45    -8290.507651       0.0596     0.004951  -419.067223          2
MinModeTranslate:  135  14:24:45    -8290.507705       0.0811     --------  -422.646761          2
MinModeTranslate:  135  14:24:45    -8290.507705       0.0811     0.012357  -422.646761          2
MinModeTranslate:  136  14:24:45    -8290.507790       0.0374     --------  -420.519403          2
MinModeTranslate:  136  14:24:45    -8290.507790       0.0374     0.008098  -420.519403          2
MinModeTranslate:  137  14:24:45    -8290.507885       0.0822     --------  -417.412097          2
MinModeTranslate:  137  14:24:45    -8290.507885       0.0822     0.004178  -417.412097          2
MinModeTranslate:  138  14:24:45    -8290.507892       0.0449     --------  -420.186894          2
MinModeTranslate:  138  14:24:45    -8290.507892       0.0449     0.008010  -420.186894          2
MinModeTranslate:  139  14:24:45    -8290.507952       0.0251     --------  -419.829192          2
MinModeTranslate:  139  14:24:45    -8290.507952       0.0251     0.002865  -419.829192          2
MinModeTranslate:  140  14:24:45    -8290.507999       0.0669     --------  -417.587192          2
MinModeTranslate:  140  14:24:45    -8290.507999       0.0669     0.005924  -417.587192          2
MinModeTranslate:  141  14:24:46    -8290.508024       0.0269     --------  -420.061120          2
MinModeTranslate:  141  14:24:46    -8290.508024       0.0269     0.004396  -420.061120          2
MinModeTranslate:  142  14:24:46    -8290.508067       0.0451     --------  -421.419302          2
MinModeTranslate:  142  14:24:46    -8290.508067       0.0451     0.001884  -421.419302          2
MinModeTranslate:  143  14:24:46    -8290.508075       0.0341     --------  -419.304354          2
MinModeTranslate:  143  14:24:46    -8290.508075       0.0341     0.012380  -419.304354          2
MinModeTranslate:  144  14:24:46    -8290.508165       0.0363     --------  -419.164247          2
MinModeTranslate:  144  14:24:46    -8290.508165       0.0363     0.003894  -419.164247          2
MinModeTranslate:  145  14:24:46    -8290.508213       0.0755     --------  -421.768998          2
MinModeTranslate:  145  14:24:46    -8290.508213       0.0755     0.009378  -421.768998          2
MinModeTranslate:  146  14:24:46    -8290.508254       0.0322     --------  -419.008579          2
MinModeTranslate:  146  14:24:46    -8290.508254       0.0322     0.009192  -419.008579          2
MinModeTranslate:  147  14:24:46    -8290.508346       0.0831     --------  -416.244389          2
MinModeTranslate:  147  14:24:46    -8290.508346       0.0831     0.005385  -416.244389          2
MinModeTranslate:  148  14:24:46    -8290.508365       0.0480     --------  -419.403920          2
MinModeTranslate:  148  14:24:46    -8290.508365       0.0480     0.019784  -419.403920          2
MinModeTranslate:  149  14:24:46    -8290.508509       0.0418     --------  -419.782732          2
MinModeTranslate:  149  14:24:46    -8290.508509       0.0418     0.004393  -419.782732          2
MinModeTranslate:  150  14:24:46    -8290.508552       0.0680     --------  -416.883956          2
MinModeTranslate:  150  14:24:46    -8290.508552       0.0680     0.010158  -416.883956          2
MinModeTranslate:  151  14:24:46    -8290.508596       0.0361     --------  -419.210252          2
MinModeTranslate:  151  14:24:46    -8290.508596       0.0361     0.016024  -419.210252          2
MinModeTranslate:  152  14:24:46    -8290.508771       0.1115     --------  -422.627596          2
MinModeTranslate:  152  14:24:46    -8290.508771       0.1115     0.007514  -422.627596          2
MinModeTranslate:  153  14:24:46    -8290.508760       0.0350     --------  -418.954741          2
MinModeTranslate:  153  14:24:46    -8290.508760       0.0350     0.012019  -418.954741          2
MinModeTranslate:  154  14:24:46    -8290.508867       0.0477     --------  -417.490549          2
MinModeTranslate:  154  14:24:46    -8290.508867       0.0477     0.003882  -417.490549          2
MinModeTranslate:  155  14:24:46    -8290.508911       0.0593     --------  -420.372227          2
MinModeTranslate:  155  14:24:46    -8290.508911       0.0593     0.008720  -420.372227          2
MinModeTranslate:  156  14:24:47    -8290.508951       0.0278     --------  -418.823345          2
MinModeTranslate:  156  14:24:47    -8290.508951       0.0278     0.004011  -418.823345          2
MinModeTranslate:  157  14:24:47    -8290.508997       0.0692     --------  -416.407486          2
MinModeTranslate:  157  14:24:47    -8290.508997       0.0692     0.004192  -416.407486          2
MinModeTranslate:  158  14:24:47    -8290.509009       0.0368     --------  -418.715052          2
MinModeTranslate:  158  14:24:47    -8290.509009       0.0368     0.009940  -418.715052          2
MinModeTranslate:  159  14:24:47    -8290.509092       0.0624     --------  -420.117159          2
MinModeTranslate:  159  14:24:47    -8290.509092       0.0624     0.003402  -420.117159          2
MinModeTranslate:  160  14:24:47    -8290.509110       0.0446     --------  -417.352901          2
