      Step     Time          Energy          fmax
BFGS:    0 16:25:59    -9341.986190        1.227239
BFGS:    1 16:25:59    -9342.003042        1.944643
BFGS:    2 16:25:59    -9342.056810        1.375796
BFGS:    3 16:25:59    -9342.172897        2.678012
BFGS:    4 16:25:59    -9342.232732        2.299098
BFGS:    5 16:25:59    -9342.331635        2.413728
BFGS:    6 16:25:59    -9342.682096        2.877918
BFGS:    7 16:25:59    -9343.278588        2.625005
BFGS:    8 16:25:59    -9343.677412        3.483259
BFGS:    9 16:25:59    -9343.968955        2.003233
BFGS:   10 16:25:59    -9344.104994        1.279003
BFGS:   11 16:25:59    -9344.187070        1.253456
BFGS:   12 16:25:59    -9344.226842        1.249027
BFGS:   13 16:25:59    -9344.251320        0.653596
BFGS:   14 16:25:59    -9344.293631        0.587274
BFGS:   15 16:25:59    -9344.335787        1.281715
BFGS:   16 16:25:59    -9344.389409        1.722401
BFGS:   17 16:25:59    -9344.431837        1.366325
BFGS:   18 16:25:59    -9344.456581        0.419243
BFGS:   19 16:26:00    -9344.469898        0.396199
BFGS:   20 16:26:00    -9344.474268        0.437345
BFGS:   21 16:26:00    -9344.480436        0.329956
BFGS:   22 16:26:00    -9344.485439        0.244007
BFGS:   23 16:26:00    -9344.490122        0.364925
BFGS:   24 16:26:00    -9344.494511        0.348222
BFGS:   25 16:26:00    -9344.499224        0.344205
BFGS:   26 16:26:00    -9344.503181        0.177836
BFGS:   27 16:26:00    -9344.506351        0.165832
BFGS:   28 16:26:00    -9344.509289        0.265228
BFGS:   29 16:26:00    -9344.512547        0.366018
BFGS:   30 16:26:00    -9344.516112        0.319611
BFGS:   31 16:26:00    -9344.519716        0.182934
BFGS:   32 16:26:00    -9344.523718        0.252993
BFGS:   33 16:26:00    -9344.528214        0.386328
BFGS:   34 16:26:00    -9344.534921        0.510490
BFGS:   35 16:26:00    -9344.545808        0.675195
BFGS:   36 16:26:00    -9344.558835        0.555538
BFGS:   37 16:26:00    -9344.570650        0.255208
BFGS:   38 16:26:00    -9344.569987        1.124781
BFGS:   39 16:26:00    -9344.560288        1.283969
BFGS:   40 16:26:00    -9344.578444        0.285853
BFGS:   41 16:26:00    -9344.583549        0.164013
BFGS:   42 16:26:00    -9344.584589        0.132371
BFGS:   43 16:26:00    -9344.585863        0.102852
BFGS:   44 16:26:00    -9344.587299        0.067895
BFGS:   45 16:26:00    -9344.587810        0.072474
BFGS:   46 16:26:00    -9344.588291        0.069342
BFGS:   47 16:26:00    -9344.588731        0.065164
BFGS:   48 16:26:00    -9344.589102        0.053454
BFGS:   49 16:26:00    -9344.589349        0.044714
BFGS:   50 16:26:00    -9344.589562        0.061887
BFGS:   51 16:26:00    -9344.589778        0.051490
BFGS:   52 16:26:00    -9344.589996        0.047983
BFGS:   53 16:26:00    -9344.590222        0.047356
BFGS:   54 16:26:00    -9344.590494        0.053861
BFGS:   55 16:26:01    -9344.590840        0.054637
BFGS:   56 16:26:01    -9344.591245        0.057203
BFGS:   57 16:26:01    -9344.591592        0.058094
BFGS:   58 16:26:01    -9344.591813        0.044705
BFGS:   59 16:26:01    -9344.591964        0.048949
BFGS:   60 16:26:01    -9344.592071        0.039369
BFGS:   61 16:26:01    -9344.592172        0.025614
BFGS:   62 16:26:01    -9344.592250        0.024360
BFGS:   63 16:26:01    -9344.592329        0.032975
BFGS:   64 16:26:01    -9344.592431        0.040506
BFGS:   65 16:26:01    -9344.592555        0.031989
BFGS:   66 16:26:01    -9344.592696        0.032462
BFGS:   67 16:26:01    -9344.592897        0.047247
BFGS:   68 16:26:01    -9344.593277        0.074957
BFGS:   69 16:26:01    -9344.594151        0.125592
BFGS:   70 16:26:01    -9344.595098        0.224025
BFGS:   71 16:26:01    -9344.597291        0.260159
BFGS:   72 16:26:01    -9344.601294        0.200157
BFGS:   73 16:26:01    -9344.603294        0.240266
BFGS:   74 16:26:01    -9344.602891        0.383217
BFGS:   75 16:26:01    -9344.607195        0.120785
BFGS:   76 16:26:01    -9344.608225        0.099304
BFGS:   77 16:26:01    -9344.608995        0.067974
BFGS:   78 16:26:01    -9344.609396        0.051333
BFGS:   79 16:26:01    -9344.609486        0.034685
BFGS:   80 16:26:01    -9344.609575        0.026967
BFGS:   81 16:26:01    -9344.609775        0.037033
BFGS:   82 16:26:01    -9344.610008        0.050296
BFGS:   83 16:26:01    -9344.610422        0.072208
BFGS:   84 16:26:01    -9344.610852        0.081233
BFGS:   85 16:26:01    -9344.611226        0.077641
BFGS:   86 16:26:01    -9344.611496        0.050094
BFGS:   87 16:26:01    -9344.611668        0.030335
BFGS:   88 16:26:01    -9344.611744        0.022899
BFGS:   89 16:26:01    -9344.611807        0.024757
BFGS:   90 16:26:01    -9344.611895        0.028012
BFGS:   91 16:26:02    -9344.612036        0.040858
BFGS:   92 16:26:02    -9344.612249        0.046417
BFGS:   93 16:26:02    -9344.612484        0.038555
BFGS:   94 16:26:02    -9344.612710        0.048583
BFGS:   95 16:26:02    -9344.612947        0.049985
BFGS:   96 16:26:02    -9344.613238        0.066469
BFGS:   97 16:26:02    -9344.613613        0.077075
BFGS:   98 16:26:02    -9344.614037        0.060665
BFGS:   99 16:26:02    -9344.614482        0.063317
BFGS:  100 16:26:02    -9344.614922        0.068685
BFGS:  101 16:26:02    -9344.615320        0.052172
BFGS:  102 16:26:02    -9344.615597        0.044595
BFGS:  103 16:26:02    -9344.615739        0.028348
BFGS:  104 16:26:02    -9344.615812        0.022383
BFGS:  105 16:26:02    -9344.615858        0.018507
BFGS:  106 16:26:02    -9344.615875        0.010162
BFGS:  107 16:26:02    -9344.615887        0.009371
BFGS:  108 16:26:02    -9344.615902        0.008381
BFGS:  109 16:26:02    -9344.615900        0.007851
BFGS:  110 16:26:02    -9344.615907        0.008081
BFGS:  111 16:26:02    -9344.615914        0.010675
BFGS:  112 16:26:02    -9344.615938        0.020986
BFGS:  113 16:26:02    -9344.615980        0.035391
BFGS:  114 16:26:02    -9344.616075        0.055011
BFGS:  115 16:26:02    -9344.616248        0.067392
BFGS:  116 16:26:02    -9344.616451        0.058082
BFGS:  117 16:26:02    -9344.616568        0.023341
BFGS:  118 16:26:02    -9344.616615        0.008059
BFGS:  119 16:26:02    -9344.616621        0.004460
