      Step     Time          Energy          fmax
BFGS:    0 16:25:57    -9341.910640        1.140405
BFGS:    1 16:25:57    -9341.947184        0.907579
BFGS:    2 16:25:57    -9341.968654        0.750066
BFGS:    3 16:25:57    -9341.983446        0.706611
BFGS:    4 16:25:57    -9342.011885        0.749508
BFGS:    5 16:25:57    -9342.032335        0.301992
BFGS:    6 16:25:57    -9342.028801        0.548432
BFGS:    7 16:25:57    -9342.038194        0.187205
BFGS:    8 16:25:57    -9342.039056        0.154332
BFGS:    9 16:25:57    -9342.041209        0.185197
BFGS:   10 16:25:57    -9342.042362        0.145375
BFGS:   11 16:25:57    -9342.043460        0.101028
BFGS:   12 16:25:57    -9342.044123        0.055950
BFGS:   13 16:25:57    -9342.044620        0.081861
BFGS:   14 16:25:57    -9342.045053        0.086966
BFGS:   15 16:25:57    -9342.045524        0.060291
BFGS:   16 16:25:57    -9342.045967        0.052762
BFGS:   17 16:25:58    -9342.046349        0.051799
BFGS:   18 16:25:58    -9342.046747        0.074182
BFGS:   19 16:25:58    -9342.047271        0.089950
BFGS:   20 16:25:58    -9342.047883        0.075036
BFGS:   21 16:25:58    -9342.048510        0.068700
BFGS:   22 16:25:58    -9342.049193        0.074255
BFGS:   23 16:25:58    -9342.049981        0.095050
BFGS:   24 16:25:58    -9342.050729        0.082406
BFGS:   25 16:25:58    -9342.051227        0.052796
BFGS:   26 16:25:58    -9342.051497        0.040501
BFGS:   27 16:25:58    -9342.051687        0.040569
BFGS:   28 16:25:58    -9342.051895        0.054934
BFGS:   29 16:25:58    -9342.052133        0.069114
BFGS:   30 16:25:58    -9342.052378        0.066814
BFGS:   31 16:25:58    -9342.052623        0.046492
BFGS:   32 16:25:58    -9342.052848        0.037966
BFGS:   33 16:25:58    -9342.052990        0.024201
BFGS:   34 16:25:58    -9342.053052        0.022460
BFGS:   35 16:25:58    -9342.053079        0.011346
BFGS:   36 16:25:58    -9342.053102        0.013914
BFGS:   37 16:25:58    -9342.053108        0.012390
BFGS:   38 16:25:58    -9342.053121        0.009005
BFGS:   39 16:25:58    -9342.053137        0.010325
BFGS:   40 16:25:58    -9342.053154        0.012850
BFGS:   41 16:25:58    -9342.053170        0.012862
BFGS:   42 16:25:58    -9342.053191        0.012274
BFGS:   43 16:25:58    -9342.053211        0.011745
BFGS:   44 16:25:58    -9342.053230        0.013448
BFGS:   45 16:25:58    -9342.053246        0.013883
BFGS:   46 16:25:58    -9342.053270        0.018438
BFGS:   47 16:25:58    -9342.053299        0.019968
BFGS:   48 16:25:58    -9342.053336        0.016390
BFGS:   49 16:25:58    -9342.053381        0.018476
BFGS:   50 16:25:58    -9342.053420        0.015809
BFGS:   51 16:25:58    -9342.053453        0.016847
BFGS:   52 16:25:58    -9342.053488        0.017355
BFGS:   53 16:25:58    -9342.053521        0.015624
BFGS:   54 16:25:58    -9342.053549        0.012978
BFGS:   55 16:25:58    -9342.053564        0.010635
BFGS:   56 16:25:58    -9342.053569        0.009100
BFGS:   57 16:25:58    -9342.053571        0.007714
BFGS:   58 16:25:58    -9342.053577        0.007891
BFGS:   59 16:25:58    -9342.053584        0.008379
BFGS:   60 16:25:58    -9342.053600        0.006754
BFGS:   61 16:25:58    -9342.053603        0.006002
BFGS:   62 16:25:58    -9342.053606        0.005087
BFGS:   63 16:25:59    -9342.053614        0.005899
BFGS:   64 16:25:59    -9342.053614        0.006139
BFGS:   65 16:25:59    -9342.053617        0.008266
BFGS:   66 16:25:59    -9342.053631        0.008432
BFGS:   67 16:25:59    -9342.053627        0.007096
BFGS:   68 16:25:59    -9342.053636        0.008082
BFGS:   69 16:25:59    -9342.053637        0.008700
BFGS:   70 16:25:59    -9342.053653        0.007622
BFGS:   71 16:25:59    -9342.053662        0.006569
BFGS:   72 16:25:59    -9342.053665        0.007199
BFGS:   73 16:25:59    -9342.053671        0.008325
BFGS:   74 16:25:59    -9342.053677        0.009775
BFGS:   75 16:25:59    -9342.053692        0.008823
BFGS:   76 16:25:59    -9342.053696        0.007271
BFGS:   77 16:25:59    -9342.053707        0.005846
BFGS:   78 16:25:59    -9342.053707        0.005544
BFGS:   79 16:25:59    -9342.053710        0.006403
BFGS:   80 16:25:59    -9342.053720        0.006620
BFGS:   81 16:25:59    -9342.053728        0.006615
BFGS:   82 16:25:59    -9342.053722        0.005436
BFGS:   83 16:25:59    -9342.053732        0.004816
