MinModeTranslate: STEP      TIME          ENERGY    MAX-FORCE     STEPSIZE    CURVATURE  ROT-STEPS
MinModeTranslate:    0  16:25:50    -9340.391720       3.8512     --------     3.564381          3
MinModeTranslate:    0  16:25:50    -9340.391720       3.8512     0.100000     3.564381          3
MinModeTranslate:    1  16:25:50    -9339.897667       5.3258     --------    -8.247356          3
MinModeTranslate:    1  16:25:50    -9339.897667       5.3258     0.100000    -8.247356          3
MinModeTranslate:    2  16:25:50    -9339.634185       4.4823     --------   -11.267274          3
MinModeTranslate:    2  16:25:50    -9339.634185       4.4823     0.100000   -11.267274          3
MinModeTranslate:    3  16:25:50    -9339.665841       4.0997     --------   -11.650693          3
MinModeTranslate:    3  16:25:50    -9339.665841       4.0997     0.100000   -11.650693          3
MinModeTranslate:    4  16:25:50    -9339.738405       3.5324     --------   -11.327983          3
MinModeTranslate:    4  16:25:50    -9339.738405       3.5324     0.100000   -11.327983          3
MinModeTranslate:    5  16:25:50    -9339.845892       3.0126     --------   -11.109100          3
MinModeTranslate:    5  16:25:50    -9339.845892       3.0126     0.100000   -11.109100          3
MinModeTranslate:    6  16:25:50    -9339.945979       3.2083     --------   -12.985886          3
MinModeTranslate:    6  16:25:50    -9339.945979       3.2083     0.100000   -12.985886          3
MinModeTranslate:    7  16:25:50    -9340.080134       1.9700     --------    -4.997984          3
MinModeTranslate:    7  16:25:50    -9340.080134       1.9700     0.100000    -4.997984          3
MinModeTranslate:    8  16:25:51    -9340.146877       1.1758     --------    -2.044100          3
MinModeTranslate:    8  16:25:51    -9340.146877       1.1758     0.100000    -2.044100          3
MinModeTranslate:    9  16:25:51    -9340.169025       2.4022     --------    -6.466904          3
MinModeTranslate:    9  16:25:51    -9340.169025       2.4022     0.100000    -6.466904          3
MinModeTranslate:   10  16:25:51    -9340.239606       1.3573     --------    -4.905506          3
MinModeTranslate:   10  16:25:51    -9340.239606       1.3573     0.100000    -4.905506          3
MinModeTranslate:   11  16:25:51    -9340.373817       1.2356     --------    -5.392199          3
MinModeTranslate:   11  16:25:51    -9340.373817       1.2356     0.100000    -5.392199          3
MinModeTranslate:   12  16:25:51    -9340.456542       2.8215     --------    -5.889540          3
MinModeTranslate:   12  16:25:51    -9340.456542       2.8215     0.100000    -5.889540          3
MinModeTranslate:   13  16:25:51    -9340.569438       1.5758     --------    -4.977624          3
MinModeTranslate:   13  16:25:51    -9340.569438       1.5758     0.037309    -4.977624          3
MinModeTranslate:   14  16:25:51    -9340.621785       1.4714     --------    -5.016871          3
MinModeTranslate:   14  16:25:51    -9340.621785       1.4714     0.100000    -5.016871          3
MinModeTranslate:   15  16:25:51    -9340.812433       1.6446     --------    -6.380755          3
MinModeTranslate:   15  16:25:51    -9340.812433       1.6446     0.100000    -6.380755          3
MinModeTranslate:   16  16:25:51    -9341.048976       2.7071     --------    -8.375089          3
MinModeTranslate:   16  16:25:51    -9341.048976       2.7071     0.100000    -8.375089          3
MinModeTranslate:   17  16:25:51    -9341.407086       2.4040     --------    -4.381421          3
MinModeTranslate:   17  16:25:51    -9341.407086       2.4040     0.100000    -4.381421          3
MinModeTranslate:   18  16:25:51    -9341.728901       3.0300     --------    -7.719246          3
MinModeTranslate:   18  16:25:51    -9341.728901       3.0300     0.100000    -7.719246          3
MinModeTranslate:   19  16:25:52    -9342.048900       2.6063     --------   -11.798304          3
MinModeTranslate:   19  16:25:52    -9342.048900       2.6063     0.100000   -11.798304          3
MinModeTranslate:   20  16:25:52    -9342.237030       1.9540     --------   -13.282882          3
MinModeTranslate:   20  16:25:52    -9342.237030       1.9540     0.100000   -13.282882          3
MinModeTranslate:   21  16:25:52    -9342.137711       1.8348     --------    -5.058115          3
MinModeTranslate:   21  16:25:52    -9342.137711       1.8348     0.100000    -5.058115          3
MinModeTranslate:   22  16:25:52    -9342.074910       1.0227     --------     0.530607          3
MinModeTranslate:   22  16:25:52    -9342.074910       1.0227     0.100000     0.530607          3
MinModeTranslate:   23  16:25:52    -9341.910351       1.4422     --------    -3.151371          3
MinModeTranslate:   23  16:25:52    -9341.910351       1.4422     0.100000    -3.151371          3
MinModeTranslate:   24  16:25:52    -9341.833568       1.2020     --------   -13.309410          3
MinModeTranslate:   24  16:25:52    -9341.833568       1.2020     0.084789   -13.309410          3
MinModeTranslate:   25  16:25:52    -9341.837498       0.6508     --------   -12.011940          3
MinModeTranslate:   25  16:25:52    -9341.837498       0.6508     0.038734   -12.011940          3
MinModeTranslate:   26  16:25:52    -9341.860074       0.5323     --------    -9.227684          3
MinModeTranslate:   26  16:25:52    -9341.860074       0.5323     0.042321    -9.227684          3
MinModeTranslate:   27  16:25:52    -9341.878172       0.4908     --------    -9.904439          3
MinModeTranslate:   27  16:25:52    -9341.878172       0.4908     0.034796    -9.904439          3
MinModeTranslate:   28  16:25:52    -9341.887701       0.4304     --------   -10.327124          3
MinModeTranslate:   28  16:25:52    -9341.887701       0.4304     0.043182   -10.327124          3
MinModeTranslate:   29  16:25:52    -9341.894312       0.4212     --------    -8.288251          3
MinModeTranslate:   29  16:25:52    -9341.894312       0.4212     0.051623    -8.288251          3
MinModeTranslate:   30  16:25:53    -9341.901352       0.2763     --------   -10.287962          3
MinModeTranslate:   30  16:25:53    -9341.901352       0.2763     0.024040   -10.287962          3
MinModeTranslate:   31  16:25:53    -9341.904713       0.2469     --------   -11.975232          3
MinModeTranslate:   31  16:25:53    -9341.904713       0.2469     0.046574   -11.975232          3
MinModeTranslate:   32  16:25:53    -9341.911542       0.3833     --------   -11.707774          3
MinModeTranslate:   32  16:25:53    -9341.911542       0.3833     0.024298   -11.707774          3
MinModeTranslate:   33  16:25:53    -9341.915073       0.1773     --------   -12.700181          3
MinModeTranslate:   33  16:25:53    -9341.915073       0.1773     0.035239   -12.700181          3
MinModeTranslate:   34  16:25:53    -9341.916422       0.2792     --------   -12.094774          3
MinModeTranslate:   34  16:25:53    -9341.916422       0.2792     0.041311   -12.094774          3
MinModeTranslate:   35  16:25:53    -9341.918599       0.3355     --------   -11.970479          3
MinModeTranslate:   35  16:25:53    -9341.918599       0.3355     0.034230   -11.970479          3
MinModeTranslate:   36  16:25:53    -9341.921955       0.1636     --------   -10.402690          3
MinModeTranslate:   36  16:25:53    -9341.921955       0.1636     0.049455   -10.402690          3
MinModeTranslate:   37  16:25:53    -9341.927119       0.2321     --------    -9.233546          3
MinModeTranslate:   37  16:25:53    -9341.927119       0.2321     0.045031    -9.233546          3
MinModeTranslate:   38  16:25:53    -9341.930737       0.2109     --------    -8.168234          3
MinModeTranslate:   38  16:25:53    -9341.930737       0.2109     0.035829    -8.168234          3
MinModeTranslate:   39  16:25:53    -9341.932583       0.2750     --------   -10.476403          3
MinModeTranslate:   39  16:25:53    -9341.932583       0.2750     0.035130   -10.476403          3
MinModeTranslate:   40  16:25:53    -9341.933583       0.1601     --------   -11.288349          3
MinModeTranslate:   40  16:25:53    -9341.933583       0.1601     0.024000   -11.288349          3
MinModeTranslate:   41  16:25:54    -9341.933811       0.1242     --------   -12.897981          3
MinModeTranslate:   41  16:25:54    -9341.933811       0.1242     0.011144   -12.897981          3
MinModeTranslate:   42  16:25:54    -9341.934423       0.1551     --------   -12.542127          3
MinModeTranslate:   42  16:25:54    -9341.934423       0.1551     0.009886   -12.542127          3
MinModeTranslate:   43  16:25:54    -9341.935097       0.1031     --------   -12.905079          3
MinModeTranslate:   43  16:25:54    -9341.935097       0.1031     0.008130   -12.905079          3
MinModeTranslate:   44  16:25:54    -9341.935613       0.0646     --------   -12.521906          3
MinModeTranslate:   44  16:25:54    -9341.935613       0.0646     0.004946   -12.521906          3
MinModeTranslate:   45  16:25:54    -9341.935785       0.0814     --------   -13.023294          3
MinModeTranslate:   45  16:25:54    -9341.935785       0.0814     0.008507   -13.023294          3
MinModeTranslate:   46  16:25:54    -9341.936010       0.0496     --------   -12.876532          3
MinModeTranslate:   46  16:25:54    -9341.936010       0.0496     0.003874   -12.876532          3
MinModeTranslate:   47  16:25:54    -9341.936095       0.0499     --------   -13.129891          3
MinModeTranslate:   47  16:25:54    -9341.936095       0.0499     0.008740   -13.129891          3
MinModeTranslate:   48  16:25:54    -9341.936349       0.0640     --------   -12.900720          3
MinModeTranslate:   48  16:25:54    -9341.936349       0.0640     0.003691   -12.900720          3
MinModeTranslate:   49  16:25:54    -9341.936458       0.0454     --------   -13.196210          3
MinModeTranslate:   49  16:25:54    -9341.936458       0.0454     0.005886   -13.196210          3
MinModeTranslate:   50  16:25:54    -9341.936546       0.0426     --------   -13.145445          2
MinModeTranslate:   50  16:25:54    -9341.936546       0.0426     0.005681   -13.145445          2
MinModeTranslate:   51  16:25:55    -9341.936605       0.0230     --------   -13.396092          3
MinModeTranslate:   51  16:25:55    -9341.936605       0.0230     0.001829   -13.396092          3
MinModeTranslate:   52  16:25:55    -9341.936622       0.0213     --------   -13.290431          3
MinModeTranslate:   52  16:25:55    -9341.936622       0.0213     0.002756   -13.290431          3
MinModeTranslate:   53  16:25:55    -9341.936663       0.0173     --------   -13.394021          3
MinModeTranslate:   53  16:25:55    -9341.936663       0.0173     0.002685   -13.394021          3
MinModeTranslate:   54  16:25:55    -9341.936704       0.0265     --------   -13.227310          3
MinModeTranslate:   54  16:25:55    -9341.936704       0.0265     0.001831   -13.227310          3
MinModeTranslate:   55  16:25:55    -9341.936724       0.0183     --------   -13.291015          2
MinModeTranslate:   55  16:25:55    -9341.936724       0.0183     0.003018   -13.291015          2
MinModeTranslate:   56  16:25:55    -9341.936736       0.0262     --------   -13.152217          3
MinModeTranslate:   56  16:25:55    -9341.936736       0.0262     0.002375   -13.152217          3
MinModeTranslate:   57  16:25:55    -9341.936749       0.0146     --------   -13.193912          2
MinModeTranslate:   57  16:25:55    -9341.936749       0.0146     0.001542   -13.193912          2
MinModeTranslate:   58  16:25:55    -9341.936761       0.0218     --------   -13.112413          2
MinModeTranslate:   58  16:25:55    -9341.936761       0.0218     0.002548   -13.112413          2
MinModeTranslate:   59  16:25:55    -9341.936786       0.0148     --------   -13.231530          3
MinModeTranslate:   59  16:25:55    -9341.936786       0.0148     0.001692   -13.231530          3
MinModeTranslate:   60  16:25:55    -9341.936795       0.0090     --------   -13.245060          2
MinModeTranslate:   60  16:25:55    -9341.936795       0.0090     0.002481   -13.245060          2
MinModeTranslate:   61  16:25:55    -9341.936802       0.0176     --------   -13.393530          3
MinModeTranslate:   61  16:25:55    -9341.936802       0.0176     0.002043   -13.393530          3
MinModeTranslate:   62  16:25:55    -9341.936814       0.0124     --------   -13.364496          2
MinModeTranslate:   62  16:25:55    -9341.936814       0.0124     0.002624   -13.364496          2
MinModeTranslate:   63  16:25:56    -9341.936833       0.0134     --------   -13.423703          2
MinModeTranslate:   63  16:25:56    -9341.936833       0.0134     0.002997   -13.423703          2
MinModeTranslate:   64  16:25:56    -9341.936848       0.0205     --------   -13.278427          2
MinModeTranslate:   64  16:25:56    -9341.936848       0.0205     0.003675   -13.278427          2
MinModeTranslate:   65  16:25:56    -9341.936865       0.0129     --------   -13.258191          1
MinModeTranslate:   65  16:25:56    -9341.936865       0.0129     0.002599   -13.258191          1
MinModeTranslate:   66  16:25:56    -9341.936871       0.0149     --------   -13.143090          2
MinModeTranslate:   66  16:25:56    -9341.936871       0.0149     0.002302   -13.143090          2
MinModeTranslate:   67  16:25:56    -9341.936883       0.0107     --------   -13.165597          2
MinModeTranslate:   67  16:25:56    -9341.936883       0.0107     0.001048   -13.165597          2
MinModeTranslate:   68  16:25:56    -9341.936881       0.0091     --------   -13.113760          1
MinModeTranslate:   68  16:25:56    -9341.936881       0.0091     0.001284   -13.113760          1
MinModeTranslate:   69  16:25:56    -9341.936888       0.0090     --------   -13.177520          1
MinModeTranslate:   69  16:25:56    -9341.936888       0.0090     0.001888   -13.177520          1
MinModeTranslate:   70  16:25:56    -9341.936894       0.0054     --------   -13.203490          2
MinModeTranslate:   70  16:25:56    -9341.936894       0.0054     0.000526   -13.203490          2
MinModeTranslate:   71  16:25:56    -9341.936898       0.0068     --------   -13.252954          1
MinModeTranslate:   71  16:25:56    -9341.936898       0.0068     0.001531   -13.252954          1
MinModeTranslate:   72  16:25:56    -9341.936895       0.0084     --------   -13.273568          2
MinModeTranslate:   72  16:25:56    -9341.936895       0.0084     0.001073   -13.273568          2
MinModeTranslate:   73  16:25:56    -9341.936894       0.0066     --------   -13.330305          2
MinModeTranslate:   73  16:25:56    -9341.936894       0.0066     0.001775   -13.330305          2
MinModeTranslate:   74  16:25:56    -9341.936904       0.0116     --------   -13.287945          2
MinModeTranslate:   74  16:25:56    -9341.936904       0.0116     0.003345   -13.287945          2
MinModeTranslate:   75  16:25:56    -9341.936912       0.0086     --------   -13.297334          1
MinModeTranslate:   75  16:25:57    -9341.936912       0.0086     0.002518   -13.297334          1
MinModeTranslate:   76  16:25:57    -9341.936924       0.0073     --------   -13.217659          1
MinModeTranslate:   76  16:25:57    -9341.936924       0.0073     0.002463   -13.217659          1
MinModeTranslate:   77  16:25:57    -9341.936921       0.0111     --------   -13.223428          2
MinModeTranslate:   77  16:25:57    -9341.936921       0.0111     0.001509   -13.223428          2
MinModeTranslate:   78  16:25:57    -9341.936926       0.0067     --------   -13.158983          2
MinModeTranslate:   78  16:25:57    -9341.936926       0.0067     0.002095   -13.158983          2
MinModeTranslate:   79  16:25:57    -9341.936934       0.0067     --------   -13.176886          2
MinModeTranslate:   79  16:25:57    -9341.936934       0.0067     0.002400   -13.176886          2
MinModeTranslate:   80  16:25:57    -9341.936935       0.0067     --------   -13.167491          2
MinModeTranslate:   80  16:25:57    -9341.936935       0.0067     0.001260   -13.167491          2
MinModeTranslate:   81  16:25:57    -9341.936931       0.0072     --------   -13.228497          1
MinModeTranslate:   81  16:25:57    -9341.936931       0.0072     0.000824   -13.228497          1
MinModeTranslate:   82  16:25:57    -9341.936934       0.0049     --------   -13.221978          2
