MinModeTranslate: STEP      TIME          ENERGY    MAX-FORCE     STEPSIZE    CURVATURE  ROT-STEPS
MinModeTranslate:    0  16:24:20    -6211.440351      43.1469     --------  -364.544956          3
MinModeTranslate:    0  16:24:20    -6211.440351      43.1469     0.100000  -364.544956          3
MinModeTranslate:    1  16:24:20    -6214.785233      22.1270     --------  -625.488390          3
MinModeTranslate:    1  16:24:20    -6214.785233      22.1270     0.100000  -625.488390          3
MinModeTranslate:    2  16:24:20    -6217.425828      12.5549     --------  -510.839504          3
MinModeTranslate:    2  16:24:20    -6217.425828      12.5549     0.100000  -510.839504          3
MinModeTranslate:    3  16:24:20    -6219.300651       7.0339     --------  -396.043406          3
MinModeTranslate:    3  16:24:20    -6219.300651       7.0339     0.100000  -396.043406          3
MinModeTranslate:    4  16:24:20    -6220.271081       4.8956     --------  -392.306913          3
MinModeTranslate:    4  16:24:20    -6220.271081       4.8956     0.100000  -392.306913          3
MinModeTranslate:    5  16:24:20    -6220.836655       4.4220     --------  -385.203015          3
MinModeTranslate:    5  16:24:20    -6220.836655       4.4220     0.100000  -385.203015          3
MinModeTranslate:    6  16:24:20    -6221.546797      10.6110     --------  -396.584904          3
MinModeTranslate:    6  16:24:20    -6221.546797      10.6110     0.100000  -396.584904          3
MinModeTranslate:    7  16:24:21    -6222.184513      12.7252     --------  -356.611421          3
MinModeTranslate:    7  16:24:21    -6222.184513      12.7252     0.100000  -356.611421          3
MinModeTranslate:    8  16:24:21    -6222.426198       6.4203     --------  -234.711610          3
MinModeTranslate:    8  16:24:21    -6222.426198       6.4203     0.100000  -234.711610          3
MinModeTranslate:    9  16:24:21    -6222.900890       3.4009     --------  -323.748955          3
MinModeTranslate:    9  16:24:21    -6222.900890       3.4009     0.100000  -323.748955          3
MinModeTranslate:   10  16:24:21    -6223.255787       7.0718     --------  -265.067376          3
MinModeTranslate:   10  16:24:21    -6223.255787       7.0718     0.100000  -265.067376          3
MinModeTranslate:   11  16:24:21    -6223.547354       6.8273     --------  -169.312620          3
MinModeTranslate:   11  16:24:21    -6223.547354       6.8273     0.028850  -169.312620          3
MinModeTranslate:   12  16:24:21    -6223.662944       2.3331     --------  -199.091462          3
MinModeTranslate:   12  16:24:21    -6223.662944       2.3331     0.031036  -199.091462          3
MinModeTranslate:   13  16:24:21    -6223.702925       1.1429     --------  -129.694417          3
MinModeTranslate:   13  16:24:21    -6223.702925       1.1429     0.030094  -129.694417          3
MinModeTranslate:   14  16:24:21    -6223.734945       2.7584     --------   -99.131074          3
MinModeTranslate:   14  16:24:21    -6223.734945       2.7584     0.052004   -99.131074          3
MinModeTranslate:   15  16:24:21    -6223.782441       2.3080     --------  -137.471427          3
MinModeTranslate:   15  16:24:21    -6223.782441       2.3080     0.051826  -137.471427          3
MinModeTranslate:   16  16:24:21    -6223.842913       1.9370     --------  -145.329133          3
MinModeTranslate:   16  16:24:21    -6223.842913       1.9370     0.035986  -145.329133          3
MinModeTranslate:   17  16:24:21    -6223.874962       2.3320     --------   -87.225979          3
MinModeTranslate:   17  16:24:21    -6223.874962       2.3320     0.100000   -87.225979          3
MinModeTranslate:   18  16:24:21    -6223.967900       1.9579     --------   -54.943210          3
MinModeTranslate:   18  16:24:21    -6223.967900       1.9579     0.011068   -54.943210          3
MinModeTranslate:   19  16:24:22    -6223.983142       0.9827     --------   -85.385151          3
MinModeTranslate:   19  16:24:22    -6223.983142       0.9827     0.032209   -85.385151          3
MinModeTranslate:   20  16:24:22    -6224.011544       1.0700     --------  -152.805006          3
MinModeTranslate:   20  16:24:22    -6224.011544       1.0700     0.047226  -152.805006          3
MinModeTranslate:   21  16:24:22    -6224.040435       1.7876     --------  -171.915422          3
MinModeTranslate:   21  16:24:22    -6224.040435       1.7876     0.032876  -171.915422          3
MinModeTranslate:   22  16:24:22    -6224.045103       1.3530     --------   -94.354350          3
MinModeTranslate:   22  16:24:22    -6224.045103       1.3530     0.035202   -94.354350          3
MinModeTranslate:   23  16:24:22    -6224.069086       1.5911     --------   -63.032528          3
MinModeTranslate:   23  16:24:22    -6224.069086       1.5911     0.068032   -63.032528          3
MinModeTranslate:   24  16:24:22    -6224.112102       2.0317     --------   -27.552325          3
MinModeTranslate:   24  16:24:22    -6224.112102       2.0317     0.098504   -27.552325          3
MinModeTranslate:   25  16:24:22    -6224.149140       1.2043     --------   -60.069309          3
MinModeTranslate:   25  16:24:22    -6224.149140       1.2043     0.052918   -60.069309          3
MinModeTranslate:   26  16:24:22    -6224.173619       1.4557     --------   -84.689487          3
MinModeTranslate:   26  16:24:22    -6224.173619       1.4557     0.035285   -84.689487          3
MinModeTranslate:   27  16:24:22    -6224.194746       0.9277     --------  -125.529861          3
MinModeTranslate:   27  16:24:22    -6224.194746       0.9277     0.032065  -125.529861          3
MinModeTranslate:   28  16:24:22    -6224.207582       0.5997     --------   -97.182270          3
MinModeTranslate:   28  16:24:22    -6224.207582       0.5997     0.031490   -97.182270          3
MinModeTranslate:   29  16:24:22    -6224.217848       0.6735     --------   -51.651771          3
MinModeTranslate:   29  16:24:22    -6224.217848       0.6735     0.023056   -51.651771          3
MinModeTranslate:   30  16:24:23    -6224.226620       1.2403     --------   -47.316365          3
MinModeTranslate:   30  16:24:23    -6224.226620       1.2403     0.041376   -47.316365          3
MinModeTranslate:   31  16:24:23    -6224.240081       0.6255     --------   -88.899002          3
MinModeTranslate:   31  16:24:23    -6224.240081       0.6255     0.018567   -88.899002          3
MinModeTranslate:   32  16:24:23    -6224.246514       0.5005     --------   -99.081286          3
MinModeTranslate:   32  16:24:23    -6224.246514       0.5005     0.041593   -99.081286          3
MinModeTranslate:   33  16:24:23    -6224.254983       0.9155     --------   -84.404064          3
MinModeTranslate:   33  16:24:23    -6224.254983       0.9155     0.028018   -84.404064          3
MinModeTranslate:   34  16:24:23    -6224.261270       0.6868     --------   -93.520508          3
MinModeTranslate:   34  16:24:23    -6224.261270       0.6868     0.023347   -93.520508          3
MinModeTranslate:   35  16:24:23    -6224.267133       0.3417     --------  -105.794312          3
MinModeTranslate:   35  16:24:23    -6224.267133       0.3417     0.015979  -105.794312          3
MinModeTranslate:   36  16:24:23    -6224.270236       0.3783     --------  -105.893092          3
MinModeTranslate:   36  16:24:23    -6224.270236       0.3783     0.013478  -105.893092          3
MinModeTranslate:   37  16:24:23    -6224.272456       0.3801     --------   -96.283458          3
MinModeTranslate:   37  16:24:23    -6224.272456       0.3801     0.017530   -96.283458          3
MinModeTranslate:   38  16:24:23    -6224.275096       0.3240     --------   -97.011150          3
MinModeTranslate:   38  16:24:23    -6224.275096       0.3240     0.021738   -97.011150          3
MinModeTranslate:   39  16:24:23    -6224.278184       0.2827     --------  -117.613397          3
MinModeTranslate:   39  16:24:23    -6224.278184       0.2827     0.015051  -117.613397          3
MinModeTranslate:   40  16:24:23    -6224.279850       0.3732     --------  -116.485481          3
MinModeTranslate:   40  16:24:24    -6224.279850       0.3732     0.022001  -116.485481          3
MinModeTranslate:   41  16:24:24    -6224.282862       0.6086     --------   -98.154597          3
MinModeTranslate:   41  16:24:24    -6224.282862       0.6086     0.048905   -98.154597          3
MinModeTranslate:   42  16:24:24    -6224.289384       0.4510     --------   -84.996432          3
MinModeTranslate:   42  16:24:24    -6224.289384       0.4510     0.063317   -84.996432          3
MinModeTranslate:   43  16:24:24    -6224.297955       0.7649     --------  -147.631789          3
MinModeTranslate:   43  16:24:24    -6224.297955       0.7649     0.093234  -147.631789          3
MinModeTranslate:   44  16:24:24    -6224.311572       1.3676     --------  -188.547401          3
MinModeTranslate:   44  16:24:24    -6224.311572       1.3676     0.049385  -188.547401          3
MinModeTranslate:   45  16:24:24    -6224.307922       1.2367     --------  -183.022380          3
MinModeTranslate:   45  16:24:24    -6224.307922       1.2367     0.013433  -183.022380          3
MinModeTranslate:   46  16:24:24    -6224.314161       0.5797     --------  -130.043904          3
MinModeTranslate:   46  16:24:24    -6224.314161       0.5797     0.006656  -130.043904          3
MinModeTranslate:   47  16:24:24    -6224.317122       0.6297     --------  -129.127492          3
MinModeTranslate:   47  16:24:24    -6224.317122       0.6297     0.011315  -129.127492          3
MinModeTranslate:   48  16:24:24    -6224.320018       0.3215     --------  -136.946435          3
MinModeTranslate:   48  16:24:24    -6224.320018       0.3215     0.016164  -136.946435          3
MinModeTranslate:   49  16:24:24    -6224.323035       0.3383     --------  -140.331779          3
MinModeTranslate:   49  16:24:24    -6224.323035       0.3383     0.017179  -140.331779          3
MinModeTranslate:   50  16:24:24    -6224.325969       0.4668     --------  -140.448190          3
MinModeTranslate:   50  16:24:24    -6224.325969       0.4668     0.008799  -140.448190          3
MinModeTranslate:   51  16:24:25    -6224.327157       0.2780     --------  -143.387288          3
MinModeTranslate:   51  16:24:25    -6224.327157       0.2780     0.020348  -143.387288          3
MinModeTranslate:   52  16:24:25    -6224.330337       0.3726     --------  -164.160761          3
MinModeTranslate:   52  16:24:25    -6224.330337       0.3726     0.031185  -164.160761          3
MinModeTranslate:   53  16:24:25    -6224.333267       0.2878     --------  -152.260312          3
MinModeTranslate:   53  16:24:25    -6224.333267       0.2878     0.016957  -152.260312          3
MinModeTranslate:   54  16:24:25    -6224.335326       0.5339     --------  -146.327566          3
MinModeTranslate:   54  16:24:25    -6224.335326       0.5339     0.027149  -146.327566          3
MinModeTranslate:   55  16:24:25    -6224.338341       0.4414     --------  -148.564088          3
MinModeTranslate:   55  16:24:25    -6224.338341       0.4414     0.074284  -148.564088          3
MinModeTranslate:   56  16:24:25    -6224.347136       0.7502     --------  -173.610082          3
MinModeTranslate:   56  16:24:25    -6224.347136       0.7502     0.046516  -173.610082          3
MinModeTranslate:   57  16:24:25    -6224.351244       0.7934     --------  -156.827974          3
MinModeTranslate:   57  16:24:25    -6224.351244       0.7934     0.040242  -156.827974          3
MinModeTranslate:   58  16:24:25    -6224.355727       0.2095     --------  -142.501998          3
MinModeTranslate:   58  16:24:25    -6224.355727       0.2095     0.009099  -142.501998          3
MinModeTranslate:   59  16:24:25    -6224.357708       0.2854     --------  -159.213069          3
MinModeTranslate:   59  16:24:25    -6224.357708       0.2854     0.011492  -159.213069          3
MinModeTranslate:   60  16:24:25    -6224.359210       0.5006     --------  -154.176768          3
MinModeTranslate:   60  16:24:25    -6224.359210       0.5006     0.009234  -154.176768          3
MinModeTranslate:   61  16:24:25    -6224.360141       0.1389     --------  -145.747643          3
MinModeTranslate:   61  16:24:25    -6224.360141       0.1389     0.015210  -145.747643          3
MinModeTranslate:   62  16:24:25    -6224.361840       0.1757     --------  -148.660478          3
MinModeTranslate:   62  16:24:25    -6224.361840       0.1757     0.009992  -148.660478          3
MinModeTranslate:   63  16:24:26    -6224.362759       0.2122     --------  -157.670999          3
MinModeTranslate:   63  16:24:26    -6224.362759       0.2122     0.021064  -157.670999          3
MinModeTranslate:   64  16:24:26    -6224.364143       0.2689     --------  -148.348128          3
MinModeTranslate:   64  16:24:26    -6224.364143       0.2689     0.007383  -148.348128          3
MinModeTranslate:   65  16:24:26    -6224.364698       0.2688     --------  -146.739789          3
MinModeTranslate:   65  16:24:26    -6224.364698       0.2688     0.020206  -146.739789          3
MinModeTranslate:   66  16:24:26    -6224.366054       0.3211     --------  -153.943206          3
MinModeTranslate:   66  16:24:26    -6224.366054       0.3211     0.069167  -153.943206          3
MinModeTranslate:   67  16:24:26    -6224.370274       0.2296     --------  -143.856951          3
MinModeTranslate:   67  16:24:26    -6224.370274       0.2296     0.026472  -143.856951          3
MinModeTranslate:   68  16:24:26    -6224.371696       0.2689     --------  -141.368541          3
MinModeTranslate:   68  16:24:26    -6224.371696       0.2689     0.022797  -141.368541          3
MinModeTranslate:   69  16:24:26    -6224.373287       0.4772     --------  -143.119553          3
MinModeTranslate:   69  16:24:26    -6224.373287       0.4772     0.069531  -143.119553          3
MinModeTranslate:   70  16:24:26    -6224.377500       0.5158     --------  -139.977871          3
MinModeTranslate:   70  16:24:26    -6224.377500       0.5158     0.081406  -139.977871          3
MinModeTranslate:   71  16:24:26    -6224.382065       0.4102     --------  -121.077711          3
MinModeTranslate:   71  16:24:26    -6224.382065       0.4102     0.018462  -121.077711          3
MinModeTranslate:   72  16:24:26    -6224.383550       0.4139     --------  -121.997319          3
MinModeTranslate:   72  16:24:26    -6224.383550       0.4139     0.031296  -121.997319          3
MinModeTranslate:   73  16:24:26    -6224.386286       0.2380     --------  -120.712615          3
MinModeTranslate:   73  16:24:26    -6224.386286       0.2380     0.032861  -120.712615          3
MinModeTranslate:   74  16:24:27    -6224.388547       0.3016     --------  -125.552454          3
MinModeTranslate:   74  16:24:27    -6224.388547       0.3016     0.020790  -125.552454          3
MinModeTranslate:   75  16:24:27    -6224.389896       0.2175     --------  -121.543443          3
MinModeTranslate:   75  16:24:27    -6224.389896       0.2175     0.008105  -121.543443          3
MinModeTranslate:   76  16:24:27    -6224.390466       0.2844     --------  -119.876323          3
MinModeTranslate:   76  16:24:27    -6224.390466       0.2844     0.027153  -119.876323          3
MinModeTranslate:   77  16:24:27    -6224.392753       0.2614     --------  -110.524572          3
MinModeTranslate:   77  16:24:27    -6224.392753       0.2614     0.028793  -110.524572          3
MinModeTranslate:   78  16:24:27    -6224.394370       0.2255     --------  -122.350629          3
MinModeTranslate:   78  16:24:27    -6224.394370       0.2255     0.021441  -122.350629          3
MinModeTranslate:   79  16:24:27    -6224.395735       0.3250     --------  -127.653803          3
MinModeTranslate:   79  16:24:27    -6224.395735       0.3250     0.012913  -127.653803          3
MinModeTranslate:   80  16:24:27    -6224.396367       0.2475     --------  -125.927914          3
MinModeTranslate:   80  16:24:27    -6224.396367       0.2475     0.014869  -125.927914          3
MinModeTranslate:   81  16:24:27    -6224.397488       0.2000     --------  -117.523183          3
MinModeTranslate:   81  16:24:27    -6224.397488       0.2000     0.010338  -117.523183          3
MinModeTranslate:   82  16:24:27    -6224.397912       0.1623     --------  -120.767274          3
MinModeTranslate:   82  16:24:27    -6224.397912       0.1623     0.005185  -120.767274          3
MinModeTranslate:   83  16:24:27    -6224.398189       0.1136     --------  -122.329235          3
MinModeTranslate:   83  16:24:27    -6224.398189       0.1136     0.003469  -122.329235          3
MinModeTranslate:   84  16:24:27    -6224.398362       0.0981     --------  -122.513089          3
MinModeTranslate:   84  16:24:27    -6224.398362       0.0981     0.006988  -122.513089          3
MinModeTranslate:   85  16:24:27    -6224.398666       0.1153     --------  -117.091705          3
MinModeTranslate:   85  16:24:27    -6224.398666       0.1153     0.008675  -117.091705          3
MinModeTranslate:   86  16:24:28    -6224.398982       0.1313     --------  -119.441140          3
MinModeTranslate:   86  16:24:28    -6224.398982       0.1313     0.007736  -119.441140          3
MinModeTranslate:   87  16:24:28    -6224.399256       0.1090     --------  -121.608813          3
MinModeTranslate:   87  16:24:28    -6224.399256       0.1090     0.005237  -121.608813          3
MinModeTranslate:   88  16:24:28    -6224.399445       0.0698     --------  -122.827596          3
MinModeTranslate:   88  16:24:28    -6224.399445       0.0698     0.007692  -122.827596          3
MinModeTranslate:   89  16:24:28    -6224.399695       0.1063     --------  -118.134280          3
MinModeTranslate:   89  16:24:28    -6224.399695       0.1063     0.007673  -118.134280          3
MinModeTranslate:   90  16:24:28    -6224.399916       0.1695     --------  -119.533886          3
MinModeTranslate:   90  16:24:28    -6224.399916       0.1695     0.014059  -119.533886          3
MinModeTranslate:   91  16:24:28    -6224.400331       0.1435     --------  -122.767772          3
MinModeTranslate:   91  16:24:28    -6224.400331       0.1435     0.009068  -122.767772          3
MinModeTranslate:   92  16:24:28    -6224.400592       0.0959     --------  -124.102997          3
MinModeTranslate:   92  16:24:28    -6224.400592       0.0959     0.014311  -124.102997          3
MinModeTranslate:   93  16:24:28    -6224.401022       0.1826     --------  -119.020044          3
MinModeTranslate:   93  16:24:28    -6224.401022       0.1826     0.013375  -119.020044          3
MinModeTranslate:   94  16:24:28    -6224.401419       0.1364     --------  -121.240000          3
MinModeTranslate:   94  16:24:28    -6224.401419       0.1364     0.008047  -121.240000          3
MinModeTranslate:   95  16:24:28    -6224.401516       0.0675     --------  -127.082490          3
MinModeTranslate:   95  16:24:28    -6224.401516       0.0675     0.005203  -127.082490          3
MinModeTranslate:   96  16:24:28    -6224.401658       0.0795     --------  -130.393920          3
MinModeTranslate:   96  16:24:28    -6224.401658       0.0795     0.005355  -130.393920          3
MinModeTranslate:   97  16:24:29    -6224.401731       0.0804     --------  -126.386721          3
MinModeTranslate:   97  16:24:29    -6224.401731       0.0804     0.006062  -126.386721          3
MinModeTranslate:   98  16:24:29    -6224.401898       0.0904     --------  -124.071655          3
MinModeTranslate:   98  16:24:29    -6224.401898       0.0904     0.005552  -124.071655          3
MinModeTranslate:   99  16:24:29    -6224.401952       0.0526     --------  -126.867839          3
MinModeTranslate:   99  16:24:29    -6224.401952       0.0526     0.004037  -126.867839          3
MinModeTranslate:  100  16:24:29    -6224.402048       0.0726     --------  -130.720764          3
MinModeTranslate:  100  16:24:29    -6224.402048       0.0726     0.005563  -130.720764          3
MinModeTranslate:  101  16:24:29    -6224.402120       0.0944     --------  -129.251203          3
MinModeTranslate:  101  16:24:29    -6224.402120       0.0944     0.006479  -129.251203          3
MinModeTranslate:  102  16:24:29    -6224.402216       0.0599     --------  -125.755537          3
MinModeTranslate:  102  16:24:29    -6224.402216       0.0599     0.004187  -125.755537          3
MinModeTranslate:  103  16:24:29    -6224.402274       0.0555     --------  -125.387648          3
MinModeTranslate:  103  16:24:29    -6224.402274       0.0555     0.003662  -125.387648          3
MinModeTranslate:  104  16:24:29    -6224.402327       0.0494     --------  -128.019123          3
MinModeTranslate:  104  16:24:29    -6224.402327       0.0494     0.003797  -128.019123          3
MinModeTranslate:  105  16:24:29    -6224.402382       0.0611     --------  -128.727407          3
MinModeTranslate:  105  16:24:29    -6224.402382       0.0611     0.012148  -128.727407          3
MinModeTranslate:  106  16:24:29    -6224.402554       0.0903     --------  -127.546425          3
MinModeTranslate:  106  16:24:29    -6224.402554       0.0903     0.011803  -127.546425          3
MinModeTranslate:  107  16:24:29    -6224.402728       0.1054     --------  -126.406680          3
MinModeTranslate:  107  16:24:29    -6224.402728       0.1054     0.011471  -126.406680          3
MinModeTranslate:  108  16:24:29    -6224.402864       0.0841     --------  -129.140949          3
MinModeTranslate:  108  16:24:29    -6224.402864       0.0841     0.007390  -129.140949          3
MinModeTranslate:  109  16:24:30    -6224.402985       0.0756     --------  -129.327825          3
MinModeTranslate:  109  16:24:30    -6224.402985       0.0756     0.004731  -129.327825          3
MinModeTranslate:  110  16:24:30    -6224.403025       0.0581     --------  -127.597091          3
MinModeTranslate:  110  16:24:30    -6224.403025       0.0581     0.005807  -127.597091          3
MinModeTranslate:  111  16:24:30    -6224.403121       0.0726     --------  -125.353964          3
MinModeTranslate:  111  16:24:30    -6224.403121       0.0726     0.006084  -125.353964          3
MinModeTranslate:  112  16:24:30    -6224.403174       0.0476     --------  -127.428282          3
MinModeTranslate:  112  16:24:30    -6224.403174       0.0476     0.004912  -127.428282          3
MinModeTranslate:  113  16:24:30    -6224.403238       0.0651     --------  -129.028286          3
MinModeTranslate:  113  16:24:30    -6224.403238       0.0651     0.004659  -129.028286          3
MinModeTranslate:  114  16:24:30    -6224.403286       0.0640     --------  -128.271019          3
MinModeTranslate:  114  16:24:30    -6224.403286       0.0640     0.008353  -128.271019          3
MinModeTranslate:  115  16:24:30    -6224.403401       0.0799     --------  -124.625369          3
MinModeTranslate:  115  16:24:30    -6224.403401       0.0799     0.007030  -124.625369          3
MinModeTranslate:  116  16:24:30    -6224.403466       0.0668     --------  -125.411185          3
MinModeTranslate:  116  16:24:30    -6224.403466       0.0668     0.004298  -125.411185          3
MinModeTranslate:  117  16:24:30    -6224.403507       0.0418     --------  -126.808452          3
MinModeTranslate:  117  16:24:30    -6224.403507       0.0418     0.003093  -126.808452          3
MinModeTranslate:  118  16:24:30    -6224.403542       0.0452     --------  -126.962351          3
MinModeTranslate:  118  16:24:30    -6224.403542       0.0452     0.007438  -126.962351          3
MinModeTranslate:  119  16:24:30    -6224.403615       0.0580     --------  -123.734744          3
MinModeTranslate:  119  16:24:30    -6224.403615       0.0580     0.004526  -123.734744          3
MinModeTranslate:  120  16:24:31    -6224.403660       0.0408     --------  -124.403914          3
MinModeTranslate:  120  16:24:31    -6224.403660       0.0408     0.003293  -124.403914          3
MinModeTranslate:  121  16:24:31    -6224.403690       0.0479     --------  -126.517894          3
MinModeTranslate:  121  16:24:31    -6224.403690       0.0479     0.005879  -126.517894          3
MinModeTranslate:  122  16:24:31    -6224.403765       0.0653     --------  -128.965269          3
MinModeTranslate:  122  16:24:31    -6224.403765       0.0653     0.008864  -128.965269          3
MinModeTranslate:  123  16:24:31    -6224.403822       0.0468     --------  -124.480998          3
MinModeTranslate:  123  16:24:31    -6224.403822       0.0468     0.005299  -124.480998          3
MinModeTranslate:  124  16:24:31    -6224.403876       0.0580     --------  -123.163777          3
MinModeTranslate:  124  16:24:31    -6224.403876       0.0580     0.002656  -123.163777          3
MinModeTranslate:  125  16:24:31    -6224.403883       0.0311     --------  -124.291842          3
MinModeTranslate:  125  16:24:31    -6224.403883       0.0311     0.002794  -124.291842          3
MinModeTranslate:  126  16:24:31    -6224.403921       0.0399     --------  -126.762391          3
MinModeTranslate:  126  16:24:31    -6224.403921       0.0399     0.003837  -126.762391          3
MinModeTranslate:  127  16:24:31    -6224.403938       0.0397     --------  -124.792721          3
MinModeTranslate:  127  16:24:31    -6224.403938       0.0397     0.004953  -124.792721          3
MinModeTranslate:  128  16:24:31    -6224.403992       0.0614     --------  -123.016720          3
MinModeTranslate:  128  16:24:31    -6224.403992       0.0614     0.006845  -123.016720          3
MinModeTranslate:  129  16:24:31    -6224.404043       0.0548     --------  -123.715099          3
MinModeTranslate:  129  16:24:31    -6224.404043       0.0548     0.009097  -123.715099          3
MinModeTranslate:  130  16:24:31    -6224.404116       0.0622     --------  -128.883791          3
MinModeTranslate:  130  16:24:31    -6224.404116       0.0622     0.016001  -128.883791          3
MinModeTranslate:  131  16:24:31    -6224.404234       0.0954     --------  -128.133483          3
MinModeTranslate:  131  16:24:32    -6224.404234       0.0954     0.039168  -128.133483          3
MinModeTranslate:  132  16:24:32    -6224.404623       0.1557     --------  -124.666517          3
MinModeTranslate:  132  16:24:32    -6224.404623       0.1557     0.033838  -124.666517          3
MinModeTranslate:  133  16:24:32    -6224.404759       0.1734     --------  -125.461153          3
MinModeTranslate:  133  16:24:32    -6224.404759       0.1734     0.037513  -125.461153          3
MinModeTranslate:  134  16:24:32    -6224.405277       0.1501     --------  -134.199757          3
MinModeTranslate:  134  16:24:32    -6224.405277       0.1501     0.011243  -134.199757          3
MinModeTranslate:  135  16:24:32    -6224.405437       0.1463     --------  -132.556606          3
MinModeTranslate:  135  16:24:32    -6224.405437       0.1463     0.011932  -132.556606          3
MinModeTranslate:  136  16:24:32    -6224.405727       0.0895     --------  -128.942622          3
MinModeTranslate:  136  16:24:32    -6224.405727       0.0895     0.010419  -128.942622          3
MinModeTranslate:  137  16:24:32    -6224.405870       0.0788     --------  -132.757422          3
MinModeTranslate:  137  16:24:32    -6224.405870       0.0788     0.004429  -132.757422          3
MinModeTranslate:  138  16:24:32    -6224.405956       0.0840     --------  -134.223055          3
MinModeTranslate:  138  16:24:32    -6224.405956       0.0840     0.006180  -134.223055          3
MinModeTranslate:  139  16:24:32    -6224.406057       0.0807     --------  -132.986739          3
MinModeTranslate:  139  16:24:32    -6224.406057       0.0807     0.016612  -132.986739          3
MinModeTranslate:  140  16:24:32    -6224.406410       0.0917     --------  -129.999663          3
MinModeTranslate:  140  16:24:32    -6224.406410       0.0917     0.007418  -129.999663          3
MinModeTranslate:  141  16:24:32    -6224.406452       0.1073     --------  -134.669187          3
MinModeTranslate:  141  16:24:32    -6224.406452       0.1073     0.006512  -134.669187          3
MinModeTranslate:  142  16:24:32    -6224.406600       0.0701     --------  -137.989653          3
MinModeTranslate:  142  16:24:32    -6224.406600       0.0701     0.011859  -137.989653          3
MinModeTranslate:  143  16:24:33    -6224.406758       0.0931     --------  -132.488041          3
MinModeTranslate:  143  16:24:33    -6224.406758       0.0931     0.026260  -132.488041          3
MinModeTranslate:  144  16:24:33    -6224.407206       0.1641     --------  -131.331322          3
MinModeTranslate:  144  16:24:33    -6224.407206       0.1641     0.025694  -131.331322          3
MinModeTranslate:  145  16:24:33    -6224.407429       0.1770     --------  -135.887125          3
MinModeTranslate:  145  16:24:33    -6224.407429       0.1770     0.034576  -135.887125          3
MinModeTranslate:  146  16:24:33    -6224.408175       0.1609     --------  -146.158341          3
MinModeTranslate:  146  16:24:33    -6224.408175       0.1609     0.010834  -146.158341          3
MinModeTranslate:  147  16:24:33    -6224.408290       0.1243     --------  -136.791289          3
MinModeTranslate:  147  16:24:33    -6224.408290       0.1243     0.007141  -136.791289          3
MinModeTranslate:  148  16:24:33    -6224.408541       0.1562     --------  -132.665459          3
MinModeTranslate:  148  16:24:33    -6224.408541       0.1562     0.022034  -132.665459          3
MinModeTranslate:  149  16:24:33    -6224.408909       0.1382     --------  -142.618580          3
MinModeTranslate:  149  16:24:33    -6224.408909       0.1382     0.011524  -142.618580          3
MinModeTranslate:  150  16:24:33    -6224.409164       0.1613     --------  -144.146513          3
MinModeTranslate:  150  16:24:33    -6224.409164       0.1613     0.005837  -144.146513          3
MinModeTranslate:  151  16:24:33    -6224.409274       0.0640     --------  -140.575751          3
MinModeTranslate:  151  16:24:33    -6224.409274       0.0640     0.008467  -140.575751          3
MinModeTranslate:  152  16:24:33    -6224.409531       0.1114     --------  -135.453907          3
MinModeTranslate:  152  16:24:33    -6224.409531       0.1114     0.007690  -135.453907          3
MinModeTranslate:  153  16:24:33    -6224.409634       0.0928     --------  -142.895732          3
MinModeTranslate:  153  16:24:33    -6224.409634       0.0928     0.009061  -142.895732          3
MinModeTranslate:  154  16:24:33    -6224.409798       0.1447     --------  -143.990228          3
MinModeTranslate:  154  16:24:34    -6224.409798       0.1447     0.010897  -143.990228          3
MinModeTranslate:  155  16:24:34    -6224.410003       0.1186     --------  -142.972377          3
MinModeTranslate:  155  16:24:34    -6224.410003       0.1186     0.012614  -142.972377          3
MinModeTranslate:  156  16:24:34    -6224.410246       0.1051     --------  -141.658792          3
MinModeTranslate:  156  16:24:34    -6224.410246       0.1051     0.026729  -141.658792          3
MinModeTranslate:  157  16:24:34    -6224.410745       0.1419     --------  -150.168865          3
MinModeTranslate:  157  16:24:34    -6224.410745       0.1419     0.009726  -150.168865          3
MinModeTranslate:  158  16:24:34    -6224.410890       0.1046     --------  -147.683267          3
MinModeTranslate:  158  16:24:34    -6224.410890       0.1046     0.003073  -147.683267          3
MinModeTranslate:  159  16:24:34    -6224.410960       0.0614     --------  -145.391318          3
MinModeTranslate:  159  16:24:34    -6224.410960       0.0614     0.006694  -145.391318          3
MinModeTranslate:  160  16:24:34    -6224.411103       0.0708     --------  -144.609677          3
