MinModeTranslate: STEP      TIME          ENERGY    MAX-FORCE     STEPSIZE    CURVATURE  ROT-STEPS
MinModeTranslate:    0  16:53:57    -6215.270604      28.4050     -------- -1576.049494          3
MinModeTranslate:    0  16:53:57    -6215.270604      28.4050     0.042500 -1576.049494          3
MinModeTranslate:    1  16:53:57    -6215.635870      18.4720     -------- -1134.719901          3
MinModeTranslate:    1  16:53:57    -6215.635870      18.4720     0.100000 -1134.719901          3
MinModeTranslate:    2  16:53:57    -6217.114139      18.9299     --------  -993.375152          3
MinModeTranslate:    2  16:53:57    -6217.114139      18.9299     0.031300  -993.375152          3
MinModeTranslate:    3  16:53:57    -6217.197497      17.6711     -------- -2048.444064          3
MinModeTranslate:    3  16:53:57    -6217.197497      17.6711     0.013113 -2048.444064          3
MinModeTranslate:    4  16:53:57    -6217.459617      23.9322     -------- -1986.421660          3
MinModeTranslate:    4  16:53:57    -6217.459617      23.9322     0.029377 -1986.421660          3
MinModeTranslate:    5  16:53:57    -6217.470690       8.8341     -------- -1370.199409          3
MinModeTranslate:    5  16:53:57    -6217.470690       8.8341     0.100000 -1370.199409          3
MinModeTranslate:    6  16:53:57    -6218.416655       6.5908     -------- -1370.329930          3
MinModeTranslate:    6  16:53:57    -6218.416655       6.5908     0.017188 -1370.329930          3
MinModeTranslate:    7  16:53:57    -6218.549814       9.8431     -------- -1907.925593          3
MinModeTranslate:    7  16:53:57    -6218.549814       9.8431     0.100000 -1907.925593          3
MinModeTranslate:    8  16:53:58    -6219.128356      15.5864     -------- -1921.214160          3
MinModeTranslate:    8  16:53:58    -6219.128356      15.5864     0.016711 -1921.214160          3
MinModeTranslate:    9  16:53:58    -6219.028688       1.5626     -------- -1502.826344          3
MinModeTranslate:    9  16:53:58    -6219.028688       1.5626     0.045528 -1502.826344          3
MinModeTranslate:   10  16:53:58    -6219.169242       7.3362     -------- -1274.238347          3
MinModeTranslate:   10  16:53:58    -6219.169242       7.3362     0.063005 -1274.238347          3
MinModeTranslate:   11  16:53:58    -6219.203944       2.8256     -------- -1606.264762          3
MinModeTranslate:   11  16:53:58    -6219.203944       2.8256     0.053358 -1606.264762          3
MinModeTranslate:   12  16:53:58    -6219.230536       3.1148     -------- -1497.591312          3
MinModeTranslate:   12  16:53:58    -6219.230536       3.1148     0.048685 -1497.591312          3
MinModeTranslate:   13  16:53:58    -6219.299505       5.4851     -------- -1689.143942          3
MinModeTranslate:   13  16:53:58    -6219.299505       5.4851     0.066258 -1689.143942          3
MinModeTranslate:   14  16:53:58    -6219.317281       1.5008     -------- -1555.937152          3
MinModeTranslate:   14  16:53:58    -6219.317281       1.5008     0.032403 -1555.937152          3
MinModeTranslate:   15  16:53:58    -6219.365607       3.0119     -------- -1454.559585          3
MinModeTranslate:   15  16:53:58    -6219.365607       3.0119     0.006799 -1454.559585          3
MinModeTranslate:   16  16:53:58    -6219.362485       0.6842     -------- -1528.214678          2
MinModeTranslate:   16  16:53:58    -6219.362485       0.6842     0.029368 -1528.214678          2
MinModeTranslate:   17  16:53:58    -6219.376866       0.3496     -------- -1492.482348          3
MinModeTranslate:   17  16:53:58    -6219.376866       0.3496     0.003125 -1492.482348          3
MinModeTranslate:   18  16:53:58    -6219.379016       1.1084     -------- -1464.401359          2
MinModeTranslate:   18  16:53:58    -6219.379016       1.1084     0.013736 -1464.401359          2
MinModeTranslate:   19  16:53:58    -6219.381861       0.2136     -------- -1482.915788          2
MinModeTranslate:   19  16:53:58    -6219.381861       0.2136     0.005200 -1482.915788          2
MinModeTranslate:   20  16:53:58    -6219.383109       0.8086     -------- -1462.132563          2
MinModeTranslate:   20  16:53:58    -6219.383109       0.8086     0.016063 -1462.132563          2
MinModeTranslate:   21  16:53:58    -6219.384368       0.3854     -------- -1480.079362          2
MinModeTranslate:   21  16:53:58    -6219.384368       0.3854     0.015743 -1480.079362          2
MinModeTranslate:   22  16:53:58    -6219.386833       1.0687     -------- -1450.449915          2
MinModeTranslate:   22  16:53:58    -6219.386833       1.0687     0.023754 -1450.449915          2
MinModeTranslate:   23  16:53:58    -6219.388118       0.5080     -------- -1475.889564          2
MinModeTranslate:   23  16:53:58    -6219.388118       0.5080     0.018770 -1475.889564          2
MinModeTranslate:   24  16:53:58    -6219.389981       0.8128     -------- -1450.161097          2
MinModeTranslate:   24  16:53:58    -6219.389981       0.8128     0.011813 -1450.161097          2
MinModeTranslate:   25  16:53:59    -6219.390505       0.4527     -------- -1471.310975          2
MinModeTranslate:   25  16:53:59    -6219.390505       0.4527     0.011003 -1471.310975          2
MinModeTranslate:   26  16:53:59    -6219.391346       0.5063     -------- -1454.695230          2
MinModeTranslate:   26  16:53:59    -6219.391346       0.5063     0.004936 -1454.695230          2
MinModeTranslate:   27  16:53:59    -6219.391622       0.3807     -------- -1469.532284          2
MinModeTranslate:   27  16:53:59    -6219.391622       0.3807     0.007635 -1469.532284          2
MinModeTranslate:   28  16:53:59    -6219.392158       0.3603     -------- -1457.252215          2
MinModeTranslate:   28  16:53:59    -6219.392158       0.3603     0.003797 -1457.252215          2
MinModeTranslate:   29  16:53:59    -6219.392439       0.3536     -------- -1470.539068          2
MinModeTranslate:   29  16:53:59    -6219.392439       0.3536     0.007885 -1470.539068          2
MinModeTranslate:   30  16:53:59    -6219.392929       0.2638     -------- -1459.302976          2
MinModeTranslate:   30  16:53:59    -6219.392929       0.2638     0.003857 -1459.302976          2
MinModeTranslate:   31  16:53:59    -6219.393231       0.3184     -------- -1472.642040          2
MinModeTranslate:   31  16:53:59    -6219.393231       0.3184     0.007405 -1472.642040          2
MinModeTranslate:   32  16:53:59    -6219.393629       0.2139     -------- -1462.479051          2
MinModeTranslate:   32  16:53:59    -6219.393629       0.2139     0.003149 -1462.479051          2
MinModeTranslate:   33  16:53:59    -6219.393882       0.3251     -------- -1474.035342          2
MinModeTranslate:   33  16:53:59    -6219.393882       0.3251     0.005144 -1474.035342          2
MinModeTranslate:   34  16:53:59    -6219.394102       0.1693     -------- -1465.713078          2
MinModeTranslate:   34  16:53:59    -6219.394102       0.1693     0.002258 -1465.713078          2
MinModeTranslate:   35  16:53:59    -6219.394300       0.2947     -------- -1475.003998          2
MinModeTranslate:   35  16:53:59    -6219.394300       0.2947     0.003230 -1475.003998          2
MinModeTranslate:   36  16:53:59    -6219.394406       0.1086     -------- -1468.410590          2
MinModeTranslate:   36  16:53:59    -6219.394406       0.1086     0.001931 -1468.410590          2
MinModeTranslate:   37  16:53:59    -6219.394561       0.2549     -------- -1476.294927          2
MinModeTranslate:   37  16:53:59    -6219.394561       0.2549     0.002590 -1476.294927          2
MinModeTranslate:   38  16:53:59    -6219.394628       0.0979     -------- -1470.297598          2
MinModeTranslate:   38  16:53:59    -6219.394628       0.0979     0.002759 -1470.297598          2
MinModeTranslate:   39  16:53:59    -6219.394836       0.2771     -------- -1478.485659          2
MinModeTranslate:   39  16:53:59    -6219.394836       0.2771     0.002930 -1478.485659          2
MinModeTranslate:   40  16:53:59    -6219.394886       0.1055     -------- -1471.406023          2
MinModeTranslate:   40  16:53:59    -6219.394886       0.1055     0.003944 -1471.406023          2
MinModeTranslate:   41  16:53:59    -6219.395148       0.2895     -------- -1478.960133          2
MinModeTranslate:   41  16:53:59    -6219.395148       0.2895     0.002438 -1478.960133          2
MinModeTranslate:   42  16:53:59    -6219.395175       0.0875     -------- -1471.311838          2
MinModeTranslate:   42  16:54:00    -6219.395175       0.0875     0.004454 -1471.311838          2
MinModeTranslate:   43  16:54:00    -6219.395405       0.2390     -------- -1477.578457          2
MinModeTranslate:   43  16:54:00    -6219.395405       0.2390     0.001717 -1477.578457          2
MinModeTranslate:   44  16:54:00    -6219.395406       0.0919     -------- -1470.992233          2
MinModeTranslate:   44  16:54:00    -6219.395406       0.0919     0.004540 -1470.992233          2
MinModeTranslate:   45  16:54:00    -6219.395598       0.1804     -------- -1476.549801          2
MinModeTranslate:   45  16:54:00    -6219.395598       0.1804     0.001086 -1476.549801          2
MinModeTranslate:   46  16:54:00    -6219.395611       0.0806     -------- -1471.517764          2
MinModeTranslate:   46  16:54:00    -6219.395611       0.0806     0.004359 -1471.517764          2
MinModeTranslate:   47  16:54:00    -6219.395752       0.1243     -------- -1476.385513          2
MinModeTranslate:   47  16:54:00    -6219.395752       0.1243     0.000816 -1476.385513          2
MinModeTranslate:   48  16:54:00    -6219.395767       0.0656     -------- -1472.107437          2
MinModeTranslate:   48  16:54:00    -6219.395767       0.0656     0.003423 -1472.107437          2
MinModeTranslate:   49  16:54:00    -6219.395856       0.0833     -------- -1475.263500          2
MinModeTranslate:   49  16:54:00    -6219.395856       0.0833     0.000557 -1475.263500          2
MinModeTranslate:   50  16:54:00    -6219.395874       0.0644     -------- -1471.867621          2
MinModeTranslate:   50  16:54:00    -6219.395874       0.0644     0.003218 -1471.867621          2
MinModeTranslate:   51  16:54:00    -6219.395950       0.0808     -------- -1474.112784          2
MinModeTranslate:   51  16:54:00    -6219.395950       0.0808     0.000808 -1474.112784          2
MinModeTranslate:   52  16:54:00    -6219.395972       0.1013     -------- -1470.213554          2
MinModeTranslate:   52  16:54:00    -6219.395972       0.1013     0.005025 -1470.213554          2
MinModeTranslate:   53  16:54:00    -6219.396074       0.0814     -------- -1472.899213          2
MinModeTranslate:   53  16:54:00    -6219.396074       0.0814     0.001292 -1472.899213          2
MinModeTranslate:   54  16:54:00    -6219.396114       0.1316     -------- -1468.437175          2
MinModeTranslate:   54  16:54:00    -6219.396114       0.1316     0.004715 -1468.437175          2
MinModeTranslate:   55  16:54:00    -6219.396182       0.0686     -------- -1472.051795          2
MinModeTranslate:   55  16:54:00    -6219.396182       0.0686     0.001194 -1472.051795          2
MinModeTranslate:   56  16:54:00    -6219.396223       0.1212     -------- -1468.303500          1
MinModeTranslate:   56  16:54:00    -6219.396223       0.1212     0.002779 -1468.303500          1
MinModeTranslate:   57  16:54:00    -6219.396260       0.0471     -------- -1471.879924          2
MinModeTranslate:   57  16:54:00    -6219.396260       0.0471     0.000913 -1471.879924          2
MinModeTranslate:   58  16:54:01    -6219.396287       0.1061     -------- -1469.235412          1
MinModeTranslate:   58  16:54:01    -6219.396287       0.1061     0.001476 -1469.235412          1
MinModeTranslate:   59  16:54:01    -6219.396293       0.0347     -------- -1472.264213          1
MinModeTranslate:   59  16:54:01    -6219.396293       0.0347     0.000702 -1472.264213          1
MinModeTranslate:   60  16:54:01    -6219.396310       0.0765     -------- -1470.405721          1
MinModeTranslate:   60  16:54:01    -6219.396310       0.0765     0.000789 -1470.405721          1
MinModeTranslate:   61  16:54:01    -6219.396310       0.0240     -------- -1472.825917          1
MinModeTranslate:   61  16:54:01    -6219.396310       0.0240     0.000525 -1472.825917          1
MinModeTranslate:   62  16:54:01    -6219.396328       0.0488     -------- -1471.565772          1
MinModeTranslate:   62  16:54:01    -6219.396328       0.0488     0.000444 -1471.565772          1
MinModeTranslate:   63  16:54:01    -6219.396322       0.0181     -------- -1473.279586          1
MinModeTranslate:   63  16:54:01    -6219.396322       0.0181     0.000493 -1473.279586          1
MinModeTranslate:   64  16:54:01    -6219.396329       0.0394     -------- -1472.174146          1
MinModeTranslate:   64  16:54:01    -6219.396329       0.0394     0.000369 -1472.174146          1
MinModeTranslate:   65  16:54:01    -6219.396329       0.0196     -------- -1473.556511          1
MinModeTranslate:   65  16:54:01    -6219.396329       0.0196     0.000605 -1473.556511          1
MinModeTranslate:   66  16:54:01    -6219.396342       0.0358     -------- -1472.343176          2
MinModeTranslate:   66  16:54:01    -6219.396342       0.0358     0.000352 -1472.343176          2
MinModeTranslate:   67  16:54:01    -6219.396343       0.0187     -------- -1473.541456          1
MinModeTranslate:   67  16:54:01    -6219.396343       0.0187     0.000552 -1473.541456          1
MinModeTranslate:   68  16:54:01    -6219.396353       0.0296     -------- -1472.282095          1
MinModeTranslate:   68  16:54:01    -6219.396353       0.0296     0.000237 -1472.282095          1
MinModeTranslate:   69  16:54:01    -6219.396338       0.0174     -------- -1473.200491          1
MinModeTranslate:   69  16:54:01    -6219.396338       0.0174     0.000401 -1473.200491          1
MinModeTranslate:   70  16:54:01    -6219.396348       0.0250     -------- -1472.142304          1
MinModeTranslate:   70  16:54:01    -6219.396348       0.0250     0.000185 -1472.142304          1
MinModeTranslate:   71  16:54:01    -6219.396347       0.0175     -------- -1472.925752          1
MinModeTranslate:   71  16:54:01    -6219.396347       0.0175     0.000506 -1472.925752          1
MinModeTranslate:   72  16:54:01    -6219.396354       0.0274     -------- -1471.835731          1
MinModeTranslate:   72  16:54:01    -6219.396354       0.0274     0.000297 -1471.835731          1
MinModeTranslate:   73  16:54:01    -6219.396349       0.0216     -------- -1472.701730          1
MinModeTranslate:   73  16:54:01    -6219.396349       0.0216     0.001088 -1472.701730          1
MinModeTranslate:   74  16:54:01    -6219.396367       0.0355     -------- -1471.262370          2
MinModeTranslate:   74  16:54:01    -6219.396367       0.0355     0.000584 -1471.262370          2
MinModeTranslate:   75  16:54:01    -6219.396363       0.0292     -------- -1472.529831          1
MinModeTranslate:   75  16:54:01    -6219.396363       0.0292     0.001603 -1472.529831          1
MinModeTranslate:   76  16:54:01    -6219.396378       0.0351     -------- -1470.996872          2
MinModeTranslate:   76  16:54:02    -6219.396378       0.0351     0.000543 -1470.996872          2
MinModeTranslate:   77  16:54:02    -6219.396372       0.0282     -------- -1472.255777          1
MinModeTranslate:   77  16:54:02    -6219.396372       0.0282     0.001047 -1472.255777          1
MinModeTranslate:   78  16:54:02    -6219.396377       0.0250     -------- -1471.223525          2
MinModeTranslate:   78  16:54:02    -6219.396377       0.0250     0.000279 -1471.223525          2
MinModeTranslate:   79  16:54:02    -6219.396382       0.0210     -------- -1472.185063          1
MinModeTranslate:   79  16:54:02    -6219.396382       0.0210     0.000620 -1472.185063          1
MinModeTranslate:   80  16:54:02    -6219.396383       0.0202     -------- -1471.538170          2
MinModeTranslate:   80  16:54:02    -6219.396383       0.0202     0.000225 -1471.538170          2
MinModeTranslate:   81  16:54:02    -6219.396380       0.0246     -------- -1472.442249          1
MinModeTranslate:   81  16:54:02    -6219.396380       0.0246     0.000635 -1472.442249          1
MinModeTranslate:   82  16:54:02    -6219.396388       0.0183     -------- -1472.009196          2
MinModeTranslate:   82  16:54:02    -6219.396388       0.0183     0.000260 -1472.009196          2
MinModeTranslate:   83  16:54:02    -6219.396388       0.0304     -------- -1473.037849          1
MinModeTranslate:   83  16:54:02    -6219.396388       0.0304     0.000539 -1473.037849          1
MinModeTranslate:   84  16:54:02    -6219.396394       0.0118     -------- -1472.631133          2
MinModeTranslate:   84  16:54:02    -6219.396394       0.0118     0.000153 -1472.631133          2
MinModeTranslate:   85  16:54:02    -6219.396392       0.0241     -------- -1473.366874          1
MinModeTranslate:   85  16:54:02    -6219.396392       0.0241     0.000198 -1473.366874          1
MinModeTranslate:   86  16:54:02    -6219.396395       0.0043     -------- -1472.936564          1
