MINMODE:METHOD: Dimer
DIM:CONTROL: Search Parameters:
DIM:CONTROL: ------------------
DIM:CONTROL: eigenmode_method = dimer
DIM:CONTROL: f_rot_min = 0.01
DIM:CONTROL: f_rot_max = 0.1
DIM:CONTROL: max_num_rot = 3
DIM:CONTROL: trial_angle = 0.7853981633974483
DIM:CONTROL: trial_trans_step = 0.001
DIM:CONTROL: maximum_translation = 0.1
DIM:CONTROL: cg_translation = True
DIM:CONTROL: use_central_forces = True
DIM:CONTROL: dimer_separation = 0.005
DIM:CONTROL: initial_eigenmode_method = gauss
DIM:CONTROL: extrapolate_forces = True
DIM:CONTROL: displacement_method = gauss
DIM:CONTROL: gauss_std = 0.1
DIM:CONTROL: order = 1
DIM:CONTROL: mask = None
DIM:CONTROL: displacement_center = None
DIM:CONTROL: displacement_radius = None
DIM:CONTROL: number_of_displacement_atoms = None
DIM:CONTROL: ------------------
DIM:ROT: OPT-STEP ROT-STEP CURVATURE ROT-ANGLE ROT-FORCE
DIM:ROT:       0         1    3.2486   20.4736    9.9174
DIM:ROT:       0         2    2.2005    6.3524    9.4231
DIM:ROT:       0         3    1.7482    4.4265    5.7822
DIM:ROT:       1         1    1.8726    3.8359    6.1010
DIM:ROT:       1         2    1.5471    4.4032    4.1506
DIM:ROT:       1         3    1.2839    3.0948    4.9689
DIM:ROT:       2         1    1.3390    3.7556    4.7754
DIM:ROT:       2         2    1.0612    3.9080    3.9389
DIM:ROT:       2         3    0.8270    3.1955    4.3656
DIM:ROT:       3         1    0.1953    3.3266    5.2584
DIM:ROT:       3         2   -0.0422    4.0764    3.2067
DIM:ROT:       3         3   -0.2288    2.5728    4.3332
DIM:ROT:       4         1    0.0662    3.1639    5.2207
DIM:ROT:       4         2   -0.0722    3.3412    2.2217
DIM:ROT:       4         3   -0.1654    1.7315    3.1690
DIM:ROT:       5         1    1.4197    3.4853    3.2741
DIM:ROT:       5         2    1.3029    2.3176    2.8107
DIM:ROT:       5         3    1.2279    1.8652    2.3612
DIM:ROT:       6         1    1.0575    3.5799    5.2594
DIM:ROT:       6         2    0.9456    2.7252    2.2284
DIM:ROT:       6         3    0.8633    1.6264    2.8888
DIM:ROT:       7         1    1.7482    3.6763    5.3093
DIM:ROT:       7         2    1.6335    2.8148    2.1798
DIM:ROT:       7         3    1.5494    1.6426    2.9570
DIM:ROT:       8         1    2.8778    4.3940    5.2351
DIM:ROT:       8         2    2.5642    6.3184    2.7563
DIM:ROT:       8         3    2.3350    3.1971    4.2458
DIM:ROT:       9         1    1.7053    4.6095    5.5271
DIM:ROT:       9         2    1.4275    3.8382    4.0680
DIM:ROT:       9         3    1.2002    2.9681    4.4313
DIM:ROT:      10         1   -1.6334    9.6632    6.2877
DIM:ROT:      10         2   -2.5899    6.2895    8.6457
DIM:ROT:      10         3   -3.3063    5.9157    6.8897
DIM:ROT:      11         1   -5.3414    6.2342    8.8849
DIM:ROT:      11         2   -6.2144    6.1085    8.1040
DIM:ROT:      11         3   -6.9666    5.4361    8.0117
DIM:ROT:      12         1   -7.6628    4.5500    7.3291
DIM:ROT:      12         2   -8.1445    4.3808    6.3076
DIM:ROT:      12         3   -8.5712    3.8482    6.2438
DIM:ROT:      13         1   -7.4587    3.7823    5.0419
DIM:ROT:      13         2   -7.7227    3.1173    4.7961
DIM:ROT:      13         3   -7.9301    3.0015    3.9868
DIM:ROT:      14         1   -4.3858    2.4710    4.4054
DIM:ROT:      14         2   -4.5009    2.0070    3.2557
DIM:ROT:      14         3   -4.5929    1.7443    2.9378
DIM:ROT:      15         1   -7.1387    3.1575    3.9071
DIM:ROT:      15         2   -7.2549    2.2205    3.0186
DIM:ROT:      15         3   -7.3357    1.9710    2.4586
DIM:ROT:      16         1  -13.3788    3.8316    5.0285
DIM:ROT:      16         2  -13.5685    2.1275    5.0095
DIM:ROT:      16         3  -13.6990    2.3700    3.1100
DIM:ROT:      17         1  -10.1474    7.8916    6.5446
DIM:ROT:      17         2  -10.3770    3.0782    4.0000
DIM:ROT:      17         3  -10.4935    1.9761    3.2241
DIM:ROT:      18         1   -5.4491    5.4056    4.5231
DIM:ROT:      18         2   -5.6758    2.1795    5.9382
DIM:ROT:      18         3   -5.8292    3.0563    2.7728
DIM:ROT:      19         1   -6.6938    5.3291    5.6866
DIM:ROT:      19         2   -7.0146    2.9987    5.7475
DIM:ROT:      19         3   -7.2289    3.2312    3.7750
DIM:ROT:      20         1   -8.1274    6.0590    5.6845
DIM:ROT:      20         2   -8.5020    3.5178    6.1792
DIM:ROT:      20         3   -8.7986    4.1509    3.9963
DIM:ROT:      21         1   -4.1215    3.6635    7.3824
DIM:ROT:      21         2   -4.3160    2.4195    4.5791
DIM:ROT:      21         3   -4.4065    1.7300    3.1839
DIM:ROT:      22         1   -1.8328    9.4104    7.3473
DIM:ROT:      22         2   -2.0240    2.5671    4.9184
DIM:ROT:      22         3   -2.1639    2.1372    3.6367
DIM:ROT:      23         1   -1.8765    2.3504    2.8736
DIM:ROT:      23         2   -1.9603    1.6853    2.8041
DIM:ROT:      23         3   -2.0190    1.6815    2.0274
DIM:ROT:      24         1   -1.4783    1.1120    2.0215
DIM:ROT:      24         2   -1.5040    1.1120    1.3122
DIM:ROT:      24         3   -1.5241    0.7906    1.3858
DIM:ROT:      25         1   -0.5046    1.8521    1.5534
DIM:ROT:      25         2   -0.5413    0.9995    2.0587
DIM:ROT:      25         3   -0.5697    1.3921    1.1787
DIM:ROT:      26         1    0.3355    4.7172    2.4614
DIM:ROT:      26         2    0.1653    2.2158    4.2819
DIM:ROT:      26         3    0.0143    3.7701    2.2328
DIM:ROT:      27         1    0.6409    4.3953    5.5900
DIM:ROT:      27         2    0.2162    4.6212    5.1514
DIM:ROT:      27         3   -0.2265    4.5368    5.6057
DIM:ROT:      28         1   -1.3304   13.5948    6.9017
DIM:ROT:      28         2   -3.1547    7.5310   13.7958
DIM:ROT:      28         3   -5.1033   13.3195    8.1130
DIM:ROT:      29         1   -6.8251    7.3067   13.9112
DIM:ROT:      29         2   -8.3597   11.3947    7.5170
DIM:ROT:      29         3   -9.4896    5.7609   11.4098
DIM:ROT:      30         1   -9.7967    6.6659    5.6275
DIM:ROT:      30         2  -10.2551    3.4118    7.7684
DIM:ROT:      30         3  -10.6025    4.7519    4.0939
DIM:ROT:      31         1   -4.7573    6.1301    8.4356
DIM:ROT:      31         2   -5.0366    2.9159    5.4419
DIM:ROT:      31         3   -5.1758    2.6979    3.1488
DIM:ROT:      32         1   -1.9888    3.7528    5.3669
DIM:ROT:      32         2   -2.1779    2.4852    4.3635
DIM:ROT:      32         3   -2.3214    2.4239    3.3160
DIM:ROT:      33         1    3.2440   10.9267    8.3332
DIM:ROT:      33         2    2.8442    4.0026    6.1756
DIM:ROT:      33         3    2.5060    4.1923    4.6586
DIM:ROT:      34         1   -3.5313    8.9674    8.1651
DIM:ROT:      34         2   -4.0600    3.9964    7.1876
DIM:ROT:      34         3   -4.3830    4.3680    4.1039
DIM:ROT:      35         1   -5.5740   24.2293   14.6054
DIM:ROT:      35         2   -7.2061    7.3769   12.8928
DIM:ROT:      35         3   -8.0689    6.7116    7.4175
DIM:ROT:      36         1   -7.2578    4.0386    8.4485
DIM:ROT:      36         2   -7.6691    4.8292    4.8962
DIM:ROT:      36         3   -8.0006    2.9692    6.0926
DIM:ROT:      37         1   -6.2471    2.8562    3.2075
DIM:ROT:      37         2   -6.3674    2.0087    3.3219
DIM:ROT:      37         3   -6.4538    2.1145    2.3700
DIM:ROT:      38         1   -6.8169    1.7133    3.3208
DIM:ROT:      38         2   -6.8718    1.7022    1.9578
DIM:ROT:      38         3   -6.9147    1.1629    2.1079
DIM:ROT:      39         1   -7.8583    3.9912    2.1807
DIM:ROT:      39         2   -7.9016    1.1788    2.2530
DIM:ROT:      39         3   -7.9157    0.8479    1.0529
DIM:ROT:      40         1   -6.8945    2.3907    3.0934
DIM:ROT:      40         2   -6.9543    1.3066    2.5148
DIM:ROT:      40         3   -6.9922    1.3053    1.6004
DIM:ROT:      41         1   -4.6869    7.8541    3.7111
DIM:ROT:      41         2   -4.8644    2.9292    3.7625
DIM:ROT:      41         3   -5.0055    2.5879    3.2027
DIM:ROT:      42         1   -5.6844   19.2929    7.5234
DIM:ROT:      42         2   -7.2078    6.1708   14.8866
DIM:ROT:      42         3   -8.3476   10.7639    5.9150
DIM:ROT:      43         1  -10.9419    4.0466   10.5609
DIM:ROT:      43         2  -11.2189    4.4482    3.5024
DIM:ROT:      43         3  -11.3359    1.7721    4.1361
DIM:ROT:      44         1  -14.4441    7.5896    4.0813
DIM:ROT:      44         2  -14.6040    2.1073    4.2447
DIM:ROT:      44         3  -14.6616    1.5748    2.0598
DIM:ROT:      45         1  -10.4215    6.3079    7.4370
DIM:ROT:      45         2  -10.6136    2.3740    4.8675
DIM:ROT:      45         3  -10.7312    2.1393    3.1129
DIM:ROT:      46         1   -5.6439    8.9910    7.7960
DIM:ROT:      46         2   -5.9683    3.5767    5.3763
DIM:ROT:      46         3   -6.1612    2.6120    4.0524
DIM:ROT:      47         1   -4.2385    3.5193    4.2615
DIM:ROT:      47         2   -4.4157    2.4465    4.0326
DIM:ROT:      47         3   -4.5333    2.3647    2.8771
DIM:ROT:      48         1   -4.1047    2.0211    3.1235
DIM:ROT:      48         2   -4.1805    1.6559    2.6067
DIM:ROT:      48         3   -4.2400    1.4684    2.2324
DIM:ROT:      49         1   -3.8274    1.5976    2.5383
DIM:ROT:      49         2   -3.8784    1.4197    2.0106
DIM:ROT:      49         3   -3.9140    1.1432    1.7961
DIM:ROT:      50         1   -3.7282    2.1472    1.5529
DIM:ROT:      50         2   -3.7633    0.9528    2.0779
DIM:ROT:      50         3   -3.7875    1.3430    0.9964
DIM:ROT:      51         1   -3.8962    0.6539    1.5066
DIM:ROT:      51         2   -3.9077    0.8891    0.7096
DIM:ROT:      51         3   -3.9157    0.4506    0.9910
DIM:ROT:      52         1   -4.0765    1.0330    0.6180
DIM:ROT:      52         2   -4.0810    0.3553    0.7479
DIM:ROT:      52         3   -4.0843    0.4425    0.3992
DIM:ROT:      53         1   -4.4004    0.8990    0.8374
DIM:ROT:      53         2   -4.4055    0.4279    0.8587
DIM:ROT:      53         3   -4.4092    0.4975    0.4708
DIM:ROT:      54         1   -4.8608    0.8862    1.0593
DIM:ROT:      54         2   -4.8688    0.5397    1.0546
DIM:ROT:      54         3   -4.8757    0.5823    0.6821
DIM:ROT:      55         1   -5.7292    2.1610    1.4986
DIM:ROT:      55         2   -5.7543    0.8549    1.9234
DIM:ROT:      55         3   -5.7691    1.0643    0.8550
DIM:ROT:      56         1   -6.0117    0.7687    1.3105
DIM:ROT:      56         2   -6.0228    0.7169    0.9318
DIM:ROT:      56         3   -6.0312    0.5432    0.9135
DIM:ROT:      57         1   -6.2156    0.8939    0.7803
DIM:ROT:      57         2   -6.2234    0.4598    0.9984
DIM:ROT:      57         3   -6.2284    0.5893    0.5266
DIM:ROT:      58         1   -6.4475    0.6065    0.9963
DIM:ROT:      58         2   -6.4540    0.4743    0.7090
DIM:ROT:      58         3   -6.4586    0.3994    0.6183
DIM:ROT:      59         1   -6.6152    1.0634    0.7554
DIM:ROT:      59         2   -6.6254    0.4876    1.0444
DIM:ROT:      59         3   -6.6314    0.6445    0.5214
DIM:ROT:      60         1   -6.8193    0.5662    0.9717
DIM:ROT:      60         2   -6.8267    0.5405    0.7231
DIM:ROT:      60         3   -6.8328    0.4308    0.7255
DIM:ROT:      61         1   -7.2222    1.9625    1.0870
DIM:ROT:      61         2   -7.2445    0.7429    1.4382
DIM:ROT:      61         3   -7.2541    0.6687    0.8201
DIM:ROT:      62         1   -7.6702    1.2320    1.5304
DIM:ROT:      62         2   -7.6942    0.8785    1.4252
DIM:ROT:      62         3   -7.7135    0.9183    1.1571
DIM:ROT:      63         1   -8.0402    2.8148    2.0900
DIM:ROT:      63         2   -8.0847    1.1763    2.2520
DIM:ROT:      63         3   -8.1083    1.0639    1.3103
DIM:ROT:      64         1   -9.1149    6.1113    3.6689
DIM:ROT:      64         2   -9.2380    1.7013    4.3372
DIM:ROT:      64         3   -9.2986    1.9406    1.7202
DIM:ROT:      65         1  -10.3001    1.9324    2.2747
DIM:ROT:      65         2  -10.3439    1.1291    2.1591
DIM:ROT:      65         3  -10.3738    1.1816    1.4412
DIM:ROT:      66         1  -11.5689    2.1169    2.4970
DIM:ROT:      66         2  -11.6217    1.2476    2.2829
DIM:ROT:      66         3  -11.6567    1.2901    1.4986
DIM:ROT:      67         1  -12.8328    2.2573    2.7146
DIM:ROT:      67         2  -12.8924    1.2566    2.5947
DIM:ROT:      67         3  -12.9283    1.3091    1.5454
DIM:ROT:      68         1  -12.8775    3.1942    2.2086
DIM:ROT:      68         2  -12.9227    0.9949    2.5038
DIM:ROT:      68         3  -12.9437    1.0368    1.1223
DIM:ROT:      69         1  -12.3237    1.7580    3.2285
DIM:ROT:      69         2  -12.3760    1.4696    2.0707
DIM:ROT:      69         3  -12.4054    0.9886    1.7613
DIM:ROT:      70         1  -11.3979    3.5273    2.1312
DIM:ROT:      70         2  -11.4309    1.1757    1.6336
DIM:ROT:      70         3  -11.4393    0.5626    0.9218
DIM:ROT:      71         1  -11.2341    0.6041    1.0189
DIM:ROT:      71         2  -11.2393    0.4400    0.7976
DIM:ROT:      71         3  -11.2434    0.3839    0.6272
DIM:ROT:      72         1  -11.0586    0.4828    0.9983
DIM:ROT:      72         2  -11.0629    0.4749    0.5917
DIM:ROT:      72         3  -11.0655    0.2910    0.5865
DIM:ROT:      73         1  -10.6731    1.6179    0.9199
DIM:ROT:      73         2  -10.6796    0.6714    0.6284
DIM:ROT:      73         3  -10.6817    0.4378    0.3377
DIM:ROT:      74         1  -10.4473    0.7409    0.6100
DIM:ROT:      74         2  -10.4504    0.4030    0.4959
DIM:ROT:      74         3  -10.4518    0.3183    0.3183
DIM:ROT:      75         1  -10.1172    0.4585    0.7686
DIM:ROT:      75         2  -10.1204    0.3656    0.5724
DIM:ROT:      75         3  -10.1223    0.2867    0.4703
DIM:ROT:      76         1   -9.3746    2.9880    1.1433
DIM:ROT:      76         2   -9.3817    0.5457    0.7482
DIM:ROT:      76         3   -9.3838    0.2739    0.5342
DIM:ROT:      77         1   -9.0207    0.5085    0.5453
DIM:ROT:      77         2   -9.0236    0.2909    0.6084
DIM:ROT:      77         3   -9.0252    0.3254    0.3645
DIM:ROT:      78         1   -8.9756    0.2812    0.2970
DIM:ROT:      78         2   -8.9761    0.1379    0.2989
DIM:ROT:      78         3   -8.9764    0.1570    0.1641
DIM:ROT:      79         1   -9.0451    0.5789    0.4104
DIM:ROT:      79         2   -9.0468    0.1636    0.3638
DIM:ROT:      79         3   -9.0470    0.1357    0.1677
DIM:ROT:      80         1   -9.0408    0.4010    0.4161
DIM:ROT:      80         2   -9.0422    0.1706    0.3370
DIM:ROT:      80         3   -9.0427    0.1607    0.2160
DIM:ROT:      81         1   -9.1028    0.2580    0.3994
DIM:ROT:      81         2   -9.1038    0.1872    0.3199
DIM:ROT:      81         3   -9.1045    0.1614    0.2411
DIM:ROT:      82         1   -9.2868    0.3095    0.5099
DIM:ROT:      82         2   -9.2885    0.2288    0.3890
DIM:ROT:      82         3   -9.2897    0.1947    0.3115
DIM:ROT:      83         1   -9.4672    0.9098    0.6222
DIM:ROT:      83         2   -9.4711    0.3369    0.5361
DIM:ROT:      83         3   -9.4724    0.2182    0.3538
DIM:ROT:      84         1   -9.5129    0.5443    0.5523
DIM:ROT:      84         2   -9.5158    0.2834    0.5837
DIM:ROT:      84         3   -9.5177    0.3433    0.3687
DIM:ROT:      85         1   -9.5863    0.7659    0.4519
DIM:ROT:      85         2   -9.5896    0.3045    0.7442
DIM:ROT:      85         3   -9.5917    0.4403    0.3339
DIM:ROT:      86         1   -9.6873    0.5309    0.7596
DIM:ROT:      86         2   -9.6920    0.4191    0.7243
DIM:ROT:      86         3   -9.6961    0.4287    0.6033
DIM:ROT:      87         1   -9.7242    0.8802    0.9069
DIM:ROT:      87         2   -9.7336    0.5412    1.1231
DIM:ROT:      87         3   -9.7414    0.6845    0.7112
DIM:ROT:      88         1   -9.7504    0.5865    1.0982
DIM:ROT:      88         2   -9.7586    0.6301    0.8336
DIM:ROT:      88         3   -9.7661    0.4946    0.9206
DIM:ROT:      89         1   -9.7450    1.0512    0.9827
DIM:ROT:      89         2   -9.7581    0.6136    1.3424
DIM:ROT:      89         3   -9.7689    0.8432    0.7910
DIM:ROT:      90         1   -9.8301    1.0688    1.5421
DIM:ROT:      90         2   -9.8502    0.8451    1.4712
DIM:ROT:      90         3   -9.8685    0.8650    1.2335
DIM:ROT:      91         1  -10.0302    1.5953    1.5971
DIM:ROT:      91         2  -10.0627    0.9279    2.0993
DIM:ROT:      91         3  -10.0881    1.2306    1.2448
DIM:ROT:      92         1  -10.2523    1.1599    2.0344
DIM:ROT:      92         2  -10.2807    1.0529    1.6256
DIM:ROT:      92         3  -10.3047    0.8939    1.5424
DIM:ROT:      93         1  -10.4342    1.1337    1.5726
DIM:ROT:      93         2  -10.4490    0.6486    1.3519
DIM:ROT:      93         3  -10.4585    0.6433    0.8911
DIM:ROT:      94         1  -10.5310    0.9803    1.2761
DIM:ROT:      94         2  -10.5425    0.5255    1.2316
DIM:ROT:      94         3  -10.5503    0.5715    0.7438
DIM:ROT:      95         1  -10.7188    0.7453    1.2032
DIM:ROT:      95         2  -10.7298    0.5477    1.0569
DIM:ROT:      95         3  -10.7363    0.4862    0.7746
DIM:ROT:      96         1  -11.6217    5.4830    2.7821
DIM:ROT:      96         2  -11.6878    1.1546    2.4774
DIM:ROT:      96         3  -11.7046    0.7156    1.3967
DIM:ROT:      97         1  -13.1289    5.4063    3.5597
DIM:ROT:      97         2  -13.2983    1.7695    4.8874
DIM:ROT:      97         3  -13.3670    2.1313    1.9571
DIM:ROT:      98         1  -12.3164    2.1319    4.3144
DIM:ROT:      98         2  -12.4021    1.5557    3.1716
DIM:ROT:      98         3  -12.4574    1.2404    2.4334
DIM:ROT:      99         1  -11.3722    3.9190    3.2151
DIM:ROT:      99         2  -11.4479    1.2067    3.6092
DIM:ROT:      99         3  -11.4836    1.5225    1.4213
DIM:ROT:     100         1  -11.5466    3.6520    2.7643
DIM:ROT:     100         2  -11.6119    1.1274    3.2771
DIM:ROT:     100         3  -11.6430    1.2455    1.4550
DIM:ROT:     101         1  -12.3480    2.5991    3.7911
DIM:ROT:     101         2  -12.4447    1.4741    4.0200
DIM:ROT:     101         3  -12.5070    1.6038    2.3230
DIM:ROT:     102         1  -13.4578    2.9782    3.0175
DIM:ROT:     102         2  -13.5242    1.2002    3.6645
DIM:ROT:     102         3  -13.5647    1.5300    1.5768
DIM:ROT:     103         1  -14.8536    2.0570    3.6592
DIM:ROT:     103         2  -14.9260    1.4174    3.2680
DIM:ROT:     103         3  -14.9734    1.2939    2.2722
DIM:ROT:     104         1  -15.9690    4.1181    3.5922
DIM:ROT:     104         2  -16.0862    1.4491    4.8210
DIM:ROT:     104         3  -16.1532    2.0447    1.8558
DIM:ROT:     105         1  -17.0532    1.8876    4.3431
DIM:ROT:     105         2  -17.1474    1.8160    2.9429
DIM:ROT:     105         3  -17.2039    1.2208    2.7932
DIM:ROT:     106         1  -18.3442    6.9384    3.4714
DIM:ROT:     106         2  -18.4143    1.0461    3.4128
DIM:ROT:     106         3  -18.4308    0.8467    1.1085
DIM:ROT:     107         1  -18.6709    1.1819    1.5908
DIM:ROT:     107         2  -18.6972    0.6393    1.9449
DIM:ROT:     107         3  -18.7103    0.7714    1.0444
DIM:ROT:     108         1  -18.9499    2.2543    1.1505
DIM:ROT:     108         2  -18.9615    0.4171    1.0481
DIM:ROT:     108         3  -18.9642    0.2472    0.5607
DIM:ROT:     109         1  -18.6732    0.4862    1.2748
DIM:ROT:     109         2  -18.6780    0.3750    0.6906
DIM:ROT:     109         3  -18.6804    0.2503    0.5929
DIM:ROT:     110         1  -18.5084    1.2675    0.8556
DIM:ROT:     110         2  -18.5145    0.2891    1.0495
DIM:ROT:     110         3  -18.5168    0.3537    0.3428
DIM:ROT:     111         1  -17.9516    0.6338    1.8259
DIM:ROT:     111         2  -17.9587    0.4990    0.9045
DIM:ROT:     111         3  -17.9621    0.2975    0.7801
DIM:ROT:     112         1  -14.3426    2.0968    3.3499
DIM:ROT:     112         2  -14.4041    1.2188    3.0412
DIM:ROT:     112         3  -14.4393    1.1715    1.8498
DIM:ROT:     113         1  -12.7369    2.0386    2.4746
DIM:ROT:     113         2  -12.7835    0.9747    2.9841
DIM:ROT:     113         3  -12.8158    1.2499    1.5033
DIM:ROT:     114         1  -11.7968    1.1877    3.2526
DIM:ROT:     114         2  -11.8355    1.2752    1.8035
DIM:ROT:     114         3  -11.8586    0.7367    1.9628
DIM:ROT:     115         1  -10.9467    3.6248    2.3491
DIM:ROT:     115         2  -10.9995    0.9430    3.1343
DIM:ROT:     115         3  -11.0210    1.3385    1.0494
DIM:ROT:     116         1  -10.9955    1.1588    1.1308
DIM:ROT:     116         2  -11.0025    0.4415    1.1914
DIM:ROT:     116         3  -11.0072    0.4700    0.6227
DIM:ROT:     117         1  -10.9424    1.1578    1.8864
DIM:ROT:     117         2  -10.9611    0.6991    1.7128
DIM:ROT:     117         3  -10.9723    0.6878    1.1148
DIM:ROT:     118         1  -10.3384    2.9065    1.7714
DIM:ROT:     118         2  -10.3490    0.6523    1.2525
DIM:ROT:     118         3  -10.3538    0.3947    0.8029
DIM:ROT:     119         1   -9.6597    1.9411    1.9605
DIM:ROT:     119         2   -9.6919    0.7959    2.3059
DIM:ROT:     119         3   -9.7082    0.9643    1.1204
DIM:ROT:     120         1   -9.7912    0.6815    1.0827
DIM:ROT:     120         2   -9.7969    0.4256    0.9355
DIM:ROT:     120         3   -9.8019    0.4192    0.6912
DIM:ROT:     121         1  -10.3763    0.9149    1.6905
DIM:ROT:     121         2  -10.3925    0.6443    1.3937
DIM:ROT:     121         3  -10.4016    0.5751    1.0480
DIM:ROT:     122         1  -11.0751    2.1563    1.5743
DIM:ROT:     122         2  -11.0995    0.7230    1.6520
DIM:ROT:     122         3  -11.1075    0.4951    0.9740
DIM:ROT:     123         1  -11.8368    0.7476    1.7889
DIM:ROT:     123         2  -11.8505    0.6943    1.1442
DIM:ROT:     123         3  -11.8608    0.4682    1.0776
DIM:ROT:     124         1  -12.2675    1.6425    0.9850
DIM:ROT:     124         2  -12.2801    0.4614    1.3135
DIM:ROT:     124         3  -12.2834    0.3682    0.5929
DIM:ROT:     125         1  -12.1972    0.4387    1.3514
DIM:ROT:     125         2  -12.2000    0.4125    0.5164
DIM:ROT:     125         3  -12.2013    0.2117    0.5633
DIM:ROT:     126         1  -11.8526    1.1385    0.8790
DIM:ROT:     126         2  -11.8595    0.3586    1.0936
DIM:ROT:     126         3  -11.8615    0.4109    0.4494
DIM:ROT:     127         1  -11.6336    0.9381    0.8002
DIM:ROT:     127         2  -11.6361    0.3012    0.8548
DIM:ROT:     127         3  -11.6372    0.2883    0.3683
DIM:ROT:     128         1  -11.4119    1.3449    0.7865
DIM:ROT:     128         2  -11.4150    0.3102    0.8536
DIM:ROT:     128         3  -11.4165    0.2481    0.3996
DIM:ROT:     129         1  -11.1903    0.4755    0.8582
DIM:ROT:     129         2  -11.1919    0.2925    0.5810
DIM:ROT:     129         3  -11.1935    0.2461    0.4726
DIM:ROT:     130         1  -10.9224    0.4503    0.9673
DIM:ROT:     130         2  -10.9258    0.3833    0.7163
DIM:ROT:     130         3  -10.9297    0.3153    0.6616
DIM:ROT:     131         1  -10.8451    0.4786    0.6390
DIM:ROT:     131         2  -10.8474    0.2760    0.6979
DIM:ROT:     131         3  -10.8494    0.3078    0.4152
DIM:ROT:     132         1  -11.0180    0.3807    1.0130
DIM:ROT:     132         2  -11.0212    0.3808    0.5346
DIM:ROT:     132         3  -11.0235    0.2342    0.5900
DIM:ROT:     133         1  -11.8562    1.8616    1.5301
DIM:ROT:     133         2  -11.8814    0.6475    1.6699
DIM:ROT:     133         3  -11.8879    0.5486    0.8545
DIM:ROT:     134         1  -13.3516    1.9522    2.0679
DIM:ROT:     134         2  -13.3936    0.8193    2.4921
DIM:ROT:     134         3  -13.4142    1.0274    1.1908
DIM:ROT:     135         1  -14.9147    5.2623    2.3797
DIM:ROT:     135         2  -14.9612    1.0022    1.6915
DIM:ROT:     135         3  -14.9649    0.3683    0.8249
DIM:ROT:     136         1  -15.1139    0.8360    1.7243
DIM:ROT:     136         2  -15.1259    0.5642    1.2852
DIM:ROT:     136         3  -15.1340    0.5022    1.0028
DIM:ROT:     137         1  -14.9414    3.6365    2.2751
DIM:ROT:     137         2  -14.9816    0.8947    2.4714
DIM:ROT:     137         3  -14.9924    0.6436    1.1500
DIM:ROT:     138         1  -14.4243    2.9033    2.3766
DIM:ROT:     138         2  -14.4701    0.9574    2.7970
DIM:ROT:     138         3  -14.4903    0.8793    1.4382
DIM:ROT:     139         1  -13.4328    5.5509    3.0759
DIM:ROT:     139         2  -13.5066    1.2550    3.5057
DIM:ROT:     139         3  -13.5284    0.8937    1.6784
DIM:ROT:     140         1  -12.6527    1.4335    2.2069
DIM:ROT:     140         2  -12.6843    0.8833    2.3549
DIM:ROT:     140         3  -12.7098    1.0007    1.5465
DIM:ROT:     141         1   -8.2427    8.0946    4.9538
DIM:ROT:     141         2   -8.4829    2.1162    6.6778
DIM:ROT:     141         3   -8.5945    2.9519    2.4367
DIM:ROT:     142         1   -7.2489    2.2555    5.2715
DIM:ROT:     142         2   -7.3855    2.1383    3.8803
DIM:ROT:     142         3   -7.4976    1.6567    3.8100
DIM:ROT:     143         1   -6.9145    3.2111    4.0917
DIM:ROT:     143         2   -7.0716    1.8269    4.8984
DIM:ROT:     143         3   -7.1716    2.2113    2.7918
DIM:ROT:     144         1   -7.4174    1.8150    4.1787
DIM:ROT:     144         2   -7.5040    1.7450    3.0069
DIM:ROT:     144         3   -7.5733    1.3160    2.9919
DIM:ROT:     145         1   -7.7132    2.0349    2.5549
DIM:ROT:     145         2   -7.7750    1.1747    3.1029
DIM:ROT:     145         3   -7.8154    1.4211    1.7772
DIM:ROT:     146         1   -8.0333    1.0552    2.9101
DIM:ROT:     146         2   -8.0660    1.2802    1.5958
DIM:ROT:     146         3   -8.0911    0.7336    2.0007
DIM:ROT:     147         1   -8.4029    3.4581    1.5227
DIM:ROT:     147         2   -8.4224    0.9880    1.3184
DIM:ROT:     147         3   -8.4319    0.8458    0.6097
DIM:ROT:     148         1   -8.7287    0.4212    1.0075
DIM:ROT:     148         2   -8.7320    0.3828    0.6635
DIM:ROT:     148         3   -8.7346    0.2929    0.6642
DIM:ROT:     149         1   -8.9733    1.3104    0.8779
DIM:ROT:     149         2   -8.9796    0.4050    1.2817
DIM:ROT:     149         3   -8.9839    0.5950    0.5001
DIM:ROT:     150         1   -9.2572    0.5857    0.9213
DIM:ROT:     150         2   -9.2621    0.3819    0.9248
DIM:ROT:     150         3   -9.2658    0.4163    0.6453
DIM:ROT:     151         1   -9.2560    1.4000    0.4710
DIM:ROT:     151         2   -9.2572    0.2889    0.5252
DIM:ROT:     151         3   -9.2576    0.1256    0.3037
DIM:ROT:     152         1   -9.1494    0.2035    0.3073
DIM:ROT:     152         2   -9.1501    0.1361    0.3294
DIM:ROT:     152         3   -9.1506    0.1506    0.2221
DIM:ROT:     153         1   -8.9402    0.3632    0.8384
DIM:ROT:     153         2   -8.9429    0.2828    0.5520
DIM:ROT:     153         3   -8.9447    0.2091    0.4589
DIM:ROT:     154         1   -8.8078    0.8056    0.6076
DIM:ROT:     154         2   -8.8108    0.1944    0.6022
DIM:ROT:     154         3   -8.8117    0.2494    0.2709
DIM:ROT:     155         1   -8.6846    0.2032    0.4998
DIM:ROT:     155         2   -8.6856    0.2206    0.3392
DIM:ROT:     155         3   -8.6864    0.1513    0.3649
DIM:ROT:     156         1   -8.5053    0.2615    0.5712
DIM:ROT:     156         2   -8.5068    0.2217    0.4248
DIM:ROT:     156         3   -8.5078    0.1787    0.3786
DIM:ROT:     157         1   -8.5185    0.4097    0.4592
DIM:ROT:     157         2   -8.5206    0.1660    0.5155
DIM:ROT:     157         3   -8.5212    0.2162    0.2341
DIM:ROT:     158         1   -8.5868    0.2895    0.4653
DIM:ROT:     158         2   -8.5879    0.1896    0.4620
DIM:ROT:     158         3   -8.5887    0.1948    0.3049
DIM:ROT:     159         1   -9.0162    0.4956    1.0621
DIM:ROT:     159         2   -9.0205    0.4064    0.7959
DIM:ROT:     159         3   -9.0234    0.3296    0.6886
DIM:ROT:     160         1   -9.1703    1.4212    0.5210
DIM:ROT:     160         2   -9.1688    0.2783    0.4015
DIM:ROT:     160         3   -9.1695    0.1273    0.2917
