MinModeTranslate: STEP      TIME          ENERGY    MAX-FORCE     STEPSIZE    CURVATURE  ROT-STEPS
MinModeTranslate:    0  16:28:44    -9343.182527       3.2620     --------     3.510658          3
MinModeTranslate:    0  16:28:44    -9343.182527       3.2620     0.100000     3.510658          3
MinModeTranslate:    1  16:28:44    -9342.733450       3.0198     --------     1.625055          3
MinModeTranslate:    1  16:28:44    -9342.733450       3.0198     0.100000     1.625055          3
MinModeTranslate:    2  16:28:45    -9342.358162       5.3009     --------    -0.632384          3
MinModeTranslate:    2  16:28:45    -9342.358162       5.3009     0.100000    -0.632384          3
MinModeTranslate:    3  16:28:45    -9342.258046       4.5794     --------    -2.212546          3
MinModeTranslate:    3  16:28:45    -9342.258046       4.5794     0.100000    -2.212546          3
MinModeTranslate:    4  16:28:45    -9342.703871       4.0576     --------    -0.410364          3
MinModeTranslate:    4  16:28:45    -9342.703871       4.0576     0.100000    -0.410364          3
MinModeTranslate:    5  16:28:45    -9343.149187       1.7549     --------     0.360937          3
MinModeTranslate:    5  16:28:45    -9343.149187       1.7549     0.100000     0.360937          3
MinModeTranslate:    6  16:28:45    -9342.871839       4.0181     --------    -2.235831          3
MinModeTranslate:    6  16:28:45    -9342.871839       4.0181     0.100000    -2.235831          3
MinModeTranslate:    7  16:28:45    -9342.831216       3.5344     --------    -4.553496          3
MinModeTranslate:    7  16:28:45    -9342.831216       3.5344     0.100000    -4.553496          3
MinModeTranslate:    8  16:28:45    -9343.192792       3.8616     --------    -3.620031          3
MinModeTranslate:    8  16:28:45    -9343.192792       3.8616     0.100000    -3.620031          3
MinModeTranslate:    9  16:28:45    -9343.471137       2.7168     --------    -0.612994          3
MinModeTranslate:    9  16:28:45    -9343.471137       2.7168     0.100000    -0.612994          3
MinModeTranslate:   10  16:28:45    -9343.761687       2.7386     --------    -0.706663          3
MinModeTranslate:   10  16:28:45    -9343.761687       2.7386     0.100000    -0.706663          3
MinModeTranslate:   11  16:28:45    -9344.040737       0.7472     --------     1.029475          3
MinModeTranslate:   11  16:28:45    -9344.040737       0.7472     0.100000     1.029475          3
MinModeTranslate:   12  16:28:45    -9343.905589       0.7098     --------     0.740381          3
MinModeTranslate:   12  16:28:46    -9343.905589       0.7098     0.100000     0.740381          3
MinModeTranslate:   13  16:28:46    -9343.780115       0.7741     --------     0.305476          3
MinModeTranslate:   13  16:28:46    -9343.780115       0.7741     0.100000     0.305476          3
MinModeTranslate:   14  16:28:46    -9343.638866       0.7998     --------     0.803769          3
MinModeTranslate:   14  16:28:46    -9343.638866       0.7998     0.100000     0.803769          3
MinModeTranslate:   15  16:28:46    -9343.480367       0.7344     --------     2.202580          3
MinModeTranslate:   15  16:28:46    -9343.480367       0.7344     0.100000     2.202580          3
MinModeTranslate:   16  16:28:46    -9343.327662       0.8107     --------     0.763323          3
MinModeTranslate:   16  16:28:46    -9343.327662       0.8107     0.100000     0.763323          3
MinModeTranslate:   17  16:28:46    -9343.181244       0.8058     --------     0.121854          3
MinModeTranslate:   17  16:28:46    -9343.181244       0.8058     0.100000     0.121854          3
MinModeTranslate:   18  16:28:46    -9343.048952       2.8931     --------    -1.403772          3
MinModeTranslate:   18  16:28:46    -9343.048952       2.8931     0.100000    -1.403772          3
MinModeTranslate:   19  16:28:46    -9343.038831       2.7240     --------    -3.217844          3
MinModeTranslate:   19  16:28:46    -9343.038831       2.7240     0.100000    -3.217844          3
MinModeTranslate:   20  16:28:46    -9343.214654       2.6262     --------    -5.339829          3
MinModeTranslate:   20  16:28:46    -9343.214654       2.6262     0.100000    -5.339829          3
MinModeTranslate:   21  16:28:46    -9343.332581       1.3116     --------    -8.098860          3
MinModeTranslate:   21  16:28:46    -9343.332581       1.3116     0.100000    -8.098860          3
MinModeTranslate:   22  16:28:46    -9343.342222       1.7969     --------    -3.890144          3
MinModeTranslate:   22  16:28:46    -9343.342222       1.7969     0.100000    -3.890144          3
MinModeTranslate:   23  16:28:46    -9343.339926       1.6309     --------    -0.020676          3
MinModeTranslate:   23  16:28:46    -9343.339926       1.6309     0.100000    -0.020676          3
MinModeTranslate:   24  16:28:46    -9343.378156       0.7154     --------    -1.150506          3
MinModeTranslate:   24  16:28:46    -9343.378156       0.7154     0.074787    -1.150506          3
MinModeTranslate:   25  16:28:46    -9343.364866       1.4592     --------    -2.138433          3
MinModeTranslate:   25  16:28:46    -9343.364866       1.4592     0.100000    -2.138433          3
MinModeTranslate:   26  16:28:46    -9343.332610       1.3671     --------    -1.854044          3
MinModeTranslate:   26  16:28:47    -9343.332610       1.3671     0.055960    -1.854044          3
MinModeTranslate:   27  16:28:47    -9343.361862       0.8436     --------    -0.408905          3
MinModeTranslate:   27  16:28:47    -9343.361862       0.8436     0.083475    -0.408905          3
MinModeTranslate:   28  16:28:47    -9343.336348       0.5390     --------     1.424212          3
MinModeTranslate:   28  16:28:47    -9343.336348       0.5390     0.100000     1.424212          3
MinModeTranslate:   29  16:28:47    -9343.256593       0.6267     --------     0.088942          3
MinModeTranslate:   29  16:28:47    -9343.256593       0.6267     0.100000     0.088942          3
MinModeTranslate:   30  16:28:47    -9343.174108       0.6428     --------     0.030061          3
MinModeTranslate:   30  16:28:47    -9343.174108       0.6428     0.100000     0.030061          3
MinModeTranslate:   31  16:28:47    -9343.089254       0.6761     --------     0.012589          3
MinModeTranslate:   31  16:28:47    -9343.089254       0.6761     0.100000     0.012589          3
MinModeTranslate:   32  16:28:47    -9343.000107       0.6974     --------     0.508189          3
MinModeTranslate:   32  16:28:47    -9343.000107       0.6974     0.100000     0.508189          3
MinModeTranslate:   33  16:28:47    -9342.904479       0.7367     --------     0.342294          3
MinModeTranslate:   33  16:28:47    -9342.904479       0.7367     0.100000     0.342294          3
MinModeTranslate:   34  16:28:47    -9342.804596       1.1223     --------    -0.109175          3
MinModeTranslate:   34  16:28:47    -9342.804596       1.1223     0.100000    -0.109175          3
MinModeTranslate:   35  16:28:47    -9342.744503       0.6799     --------     1.089066          3
MinModeTranslate:   35  16:28:47    -9342.744503       0.6799     0.100000     1.089066          3
MinModeTranslate:   36  16:28:47    -9342.640744       0.7048     --------     1.702672          3
MinModeTranslate:   36  16:28:47    -9342.640744       0.7048     0.100000     1.702672          3
MinModeTranslate:   37  16:28:47    -9342.528405       0.7605     --------     1.197936          3
MinModeTranslate:   37  16:28:47    -9342.528405       0.7605     0.100000     1.197936          3
MinModeTranslate:   38  16:28:47    -9342.408680       0.7722     --------     0.801686          3
MinModeTranslate:   38  16:28:47    -9342.408680       0.7722     0.100000     0.801686          3
MinModeTranslate:   39  16:28:47    -9342.287513       0.7640     --------     0.688399          3
MinModeTranslate:   39  16:28:47    -9342.287513       0.7640     0.100000     0.688399          3
MinModeTranslate:   40  16:28:47    -9342.165273       0.7272     --------     0.843974          3
MinModeTranslate:   40  16:28:47    -9342.165273       0.7272     0.100000     0.843974          3
MinModeTranslate:   41  16:28:47    -9342.043551       0.6730     --------     1.001420          3
MinModeTranslate:   41  16:28:47    -9342.043551       0.6730     0.100000     1.001420          3
MinModeTranslate:   42  16:28:48    -9341.924255       0.6108     --------     0.684452          3
MinModeTranslate:   42  16:28:48    -9341.924255       0.6108     0.100000     0.684452          3
MinModeTranslate:   43  16:28:48    -9341.811166       0.6078     --------     0.162728          3
MinModeTranslate:   43  16:28:48    -9341.811166       0.6078     0.100000     0.162728          3
MinModeTranslate:   44  16:28:48    -9341.699241       1.4939     --------    -0.125759          3
MinModeTranslate:   44  16:28:48    -9341.699241       1.4939     0.100000    -0.125759          3
MinModeTranslate:   45  16:28:48    -9341.662202       0.8950     --------    -0.195512          3
MinModeTranslate:   45  16:28:48    -9341.662202       0.8950     0.100000    -0.195512          3
MinModeTranslate:   46  16:28:48    -9341.714953       1.0189     --------    -0.429524          3
MinModeTranslate:   46  16:28:48    -9341.714953       1.0189     0.100000    -0.429524          3
MinModeTranslate:   47  16:28:48    -9341.741956       1.7601     --------    -0.511038          3
MinModeTranslate:   47  16:28:48    -9341.741956       1.7601     0.100000    -0.511038          3
MinModeTranslate:   48  16:28:48    -9341.780184       0.8184     --------    -0.387892          3
MinModeTranslate:   48  16:28:48    -9341.780184       0.8184     0.056532    -0.387892          3
MinModeTranslate:   49  16:28:48    -9341.764937       1.4009     --------    -0.615781          3
MinModeTranslate:   49  16:28:48    -9341.764937       1.4009     0.100000    -0.615781          3
MinModeTranslate:   50  16:28:48    -9341.753309       1.4668     --------    -0.751443          3
MinModeTranslate:   50  16:28:48    -9341.753309       1.4668     0.043676    -0.751443          3
MinModeTranslate:   51  16:28:48    -9341.769285       0.8637     --------    -0.531196          3
MinModeTranslate:   51  16:28:48    -9341.769285       0.8637     0.100000    -0.531196          3
MinModeTranslate:   52  16:28:48    -9341.741395       1.2219     --------    -0.041809          3
MinModeTranslate:   52  16:28:48    -9341.741395       1.2219     0.100000    -0.041809          3
MinModeTranslate:   53  16:28:48    -9341.742577       0.8505     --------    -0.010882          3
MinModeTranslate:   53  16:28:48    -9341.742577       0.8505     0.100000    -0.010882          3
MinModeTranslate:   54  16:28:48    -9341.704774       1.6098     --------    -0.021729          3
MinModeTranslate:   54  16:28:49    -9341.704774       1.6098     0.100000    -0.021729          3
MinModeTranslate:   55  16:28:49    -9341.681308       0.5164     --------     0.256366          3
MinModeTranslate:   55  16:28:49    -9341.681308       0.5164     0.100000     0.256366          3
MinModeTranslate:   56  16:28:49    -9341.585352       0.5614     --------     0.383315          3
MinModeTranslate:   56  16:28:49    -9341.585352       0.5614     0.100000     0.383315          3
MinModeTranslate:   57  16:28:49    -9341.480566       1.6581     --------    -1.227510          3
MinModeTranslate:   57  16:28:49    -9341.480566       1.6581     0.100000    -1.227510          3
MinModeTranslate:   58  16:28:49    -9341.415891       1.0306     --------    -6.312582          3
MinModeTranslate:   58  16:28:49    -9341.415891       1.0306     0.076258    -6.312582          3
MinModeTranslate:   59  16:28:49    -9341.369988       1.3995     --------    -9.233672          3
MinModeTranslate:   59  16:28:49    -9341.369988       1.3995     0.029196    -9.233672          3
MinModeTranslate:   60  16:28:49    -9341.388660       0.8288     --------   -11.087329          3
MinModeTranslate:   60  16:28:49    -9341.388660       0.8288     0.100000   -11.087329          3
MinModeTranslate:   61  16:28:49    -9341.487961       1.1544     --------   -10.897120          3
MinModeTranslate:   61  16:28:49    -9341.487961       1.1544     0.100000   -10.897120          3
MinModeTranslate:   62  16:28:49    -9341.618555       0.8285     --------    -9.753016          3
MinModeTranslate:   62  16:28:49    -9341.618555       0.8285     0.068861    -9.753016          3
MinModeTranslate:   63  16:28:49    -9341.642679       1.6665     --------    -9.537035          3
MinModeTranslate:   63  16:28:49    -9341.642679       1.6665     0.100000    -9.537035          3
MinModeTranslate:   64  16:28:49    -9341.694140       1.2300     --------    -9.536204          3
MinModeTranslate:   64  16:28:49    -9341.694140       1.2300     0.044906    -9.536204          3
MinModeTranslate:   65  16:28:49    -9341.744154       0.9503     --------    -9.554222          3
MinModeTranslate:   65  16:28:49    -9341.744154       0.9503     0.034769    -9.554222          3
MinModeTranslate:   66  16:28:49    -9341.761967       0.6814     --------    -9.067231          3
MinModeTranslate:   66  16:28:49    -9341.761967       0.6814     0.093273    -9.067231          3
MinModeTranslate:   67  16:28:49    -9341.805862       1.1596     --------   -10.643609          3
MinModeTranslate:   67  16:28:49    -9341.805862       1.1596     0.093967   -10.643609          3
MinModeTranslate:   68  16:28:50    -9341.853738       1.2378     --------   -12.602185          3
MinModeTranslate:   68  16:28:50    -9341.853738       1.2378     0.100000   -12.602185          3
MinModeTranslate:   69  16:28:50    -9341.914798       0.9222     --------   -11.772016          3
MinModeTranslate:   69  16:28:50    -9341.914798       0.9222     0.033600   -11.772016          3
MinModeTranslate:   70  16:28:50    -9341.937453       0.6006     --------   -10.625107          3
MinModeTranslate:   70  16:28:50    -9341.937453       0.6006     0.041469   -10.625107          3
MinModeTranslate:   71  16:28:50    -9341.947588       0.5986     --------    -9.058610          3
MinModeTranslate:   71  16:28:50    -9341.947588       0.5986     0.100000    -9.058610          3
MinModeTranslate:   72  16:28:50    -9341.972911       0.7690     --------    -4.680471          3
MinModeTranslate:   72  16:28:50    -9341.972911       0.7690     0.089590    -4.680471          3
MinModeTranslate:   73  16:28:50    -9341.997312       0.6167     --------    -1.782684          3
MinModeTranslate:   73  16:28:50    -9341.997312       0.6167     0.058495    -1.782684          3
MinModeTranslate:   74  16:28:50    -9342.014317       0.5057     --------    -1.031478          3
MinModeTranslate:   74  16:28:50    -9342.014317       0.5057     0.084367    -1.031478          3
MinModeTranslate:   75  16:28:50    -9342.031375       0.5779     --------    -0.963727          3
MinModeTranslate:   75  16:28:50    -9342.031375       0.5779     0.063473    -0.963727          3
MinModeTranslate:   76  16:28:50    -9342.045668       0.6284     --------    -1.136161          3
MinModeTranslate:   76  16:28:50    -9342.045668       0.6284     0.074166    -1.136161          3
MinModeTranslate:   77  16:28:50    -9342.058591       0.6123     --------    -0.846740          3
MinModeTranslate:   77  16:28:50    -9342.058591       0.6123     0.088294    -0.846740          3
MinModeTranslate:   78  16:28:50    -9342.070650       0.5343     --------    -1.014723          3
MinModeTranslate:   78  16:28:50    -9342.070650       0.5343     0.071078    -1.014723          3
MinModeTranslate:   79  16:28:50    -9342.078496       0.6557     --------    -1.205447          3
MinModeTranslate:   79  16:28:50    -9342.078496       0.6557     0.070212    -1.205447          3
MinModeTranslate:   80  16:28:51    -9342.086049       0.4570     --------    -1.529918          3
MinModeTranslate:   80  16:28:51    -9342.086049       0.4570     0.067281    -1.529918          3
MinModeTranslate:   81  16:28:51    -9342.089865       0.3304     --------    -2.954185          3
MinModeTranslate:   81  16:28:51    -9342.089865       0.3304     0.032047    -2.954185          3
MinModeTranslate:   82  16:28:51    -9342.092765       0.3556     --------    -3.657503          3
MinModeTranslate:   82  16:28:51    -9342.092765       0.3556     0.028776    -3.657503          3
MinModeTranslate:   83  16:28:51    -9342.094268       0.2244     --------    -4.127033          3
MinModeTranslate:   83  16:28:51    -9342.094268       0.2244     0.017099    -4.127033          3
MinModeTranslate:   84  16:28:51    -9342.094996       0.1477     --------    -4.414580          3
MinModeTranslate:   84  16:28:51    -9342.094996       0.1477     0.018040    -4.414580          3
MinModeTranslate:   85  16:28:51    -9342.096043       0.1888     --------    -4.438292          3
MinModeTranslate:   85  16:28:51    -9342.096043       0.1888     0.022962    -4.438292          3
MinModeTranslate:   86  16:28:51    -9342.098104       0.1413     --------    -4.075894          3
MinModeTranslate:   86  16:28:51    -9342.098104       0.1413     0.012574    -4.075894          3
MinModeTranslate:   87  16:28:51    -9342.099352       0.1724     --------    -3.813465          3
MinModeTranslate:   87  16:28:51    -9342.099352       0.1724     0.015463    -3.813465          3
MinModeTranslate:   88  16:28:51    -9342.100761       0.0987     --------    -3.645706          3
MinModeTranslate:   88  16:28:51    -9342.100761       0.0987     0.023736    -3.645706          3
MinModeTranslate:   89  16:28:51    -9342.102266       0.1703     --------    -3.515439          3
MinModeTranslate:   89  16:28:52    -9342.102266       0.1703     0.032262    -3.515439          3
MinModeTranslate:   90  16:28:52    -9342.103988       0.2086     --------    -3.383535          3
MinModeTranslate:   90  16:28:52    -9342.103988       0.2086     0.029945    -3.383535          3
MinModeTranslate:   91  16:28:52    -9342.105235       0.1565     --------    -3.505473          3
MinModeTranslate:   91  16:28:52    -9342.105235       0.1565     0.045538    -3.505473          3
MinModeTranslate:   92  16:28:52    -9342.106651       0.1799     --------    -3.548117          3
MinModeTranslate:   92  16:28:52    -9342.106651       0.1799     0.052260    -3.548117          3
MinModeTranslate:   93  16:28:52    -9342.108166       0.2671     --------    -3.435209          3
MinModeTranslate:   93  16:28:52    -9342.108166       0.2671     0.085461    -3.435209          3
MinModeTranslate:   94  16:28:52    -9342.110654       0.4033     --------    -3.589257          3
MinModeTranslate:   94  16:28:52    -9342.110654       0.4033     0.100000    -3.589257          3
MinModeTranslate:   95  16:28:52    -9342.116722       0.3846     --------    -3.644140          3
MinModeTranslate:   95  16:28:52    -9342.116722       0.3846     0.020220    -3.644140          3
MinModeTranslate:   96  16:28:52    -9342.121296       0.3770     --------    -3.643960          3
MinModeTranslate:   96  16:28:52    -9342.121296       0.3770     0.039884    -3.643960          3
MinModeTranslate:   97  16:28:52    -9342.127286       0.4608     --------    -3.965321          3
MinModeTranslate:   97  16:28:52    -9342.127286       0.4608     0.051525    -3.965321          3
MinModeTranslate:   98  16:28:52    -9342.135881       0.5159     --------    -3.946080          3
MinModeTranslate:   98  16:28:52    -9342.135881       0.5159     0.072820    -3.946080          3
MinModeTranslate:   99  16:28:53    -9342.147635       0.4637     --------    -3.387407          3
MinModeTranslate:   99  16:28:53    -9342.147635       0.4637     0.094245    -3.387407          3
MinModeTranslate:  100  16:28:53    -9342.161611       0.8569     --------    -3.139219          3
MinModeTranslate:  100  16:28:53    -9342.161611       0.8569     0.100000    -3.139219          3
MinModeTranslate:  101  16:28:53    -9342.181515       0.6897     --------    -2.818208          3
MinModeTranslate:  101  16:28:53    -9342.181515       0.6897     0.021341    -2.818208          3
MinModeTranslate:  102  16:28:53    -9342.191915       0.3112     --------    -2.611163          3
MinModeTranslate:  102  16:28:53    -9342.191915       0.3112     0.026349    -2.611163          3
MinModeTranslate:  103  16:28:53    -9342.197867       0.3852     --------    -2.460915          3
MinModeTranslate:  103  16:28:53    -9342.197867       0.3852     0.030000    -2.460915          3
MinModeTranslate:  104  16:28:53    -9342.203458       0.3280     --------    -2.142066          3
MinModeTranslate:  104  16:28:53    -9342.203458       0.3280     0.061140    -2.142066          3
MinModeTranslate:  105  16:28:53    -9342.212253       0.4096     --------    -1.728386          3
MinModeTranslate:  105  16:28:53    -9342.212253       0.4096     0.034046    -1.728386          3
MinModeTranslate:  106  16:28:53    -9342.216946       0.2998     --------    -1.667973          3
MinModeTranslate:  106  16:28:53    -9342.216946       0.2998     0.064069    -1.667973          3
MinModeTranslate:  107  16:28:53    -9342.224157       0.4421     --------    -1.386608          3
MinModeTranslate:  107  16:28:53    -9342.224157       0.4421     0.090443    -1.386608          3
MinModeTranslate:  108  16:28:53    -9342.231661       0.5103     --------    -1.205673          3
MinModeTranslate:  108  16:28:53    -9342.231661       0.5103     0.072296    -1.205673          3
MinModeTranslate:  109  16:28:53    -9342.236488       0.3160     --------    -1.117821          3
MinModeTranslate:  109  16:28:53    -9342.236488       0.3160     0.036436    -1.117821          3
MinModeTranslate:  110  16:28:54    -9342.237350       0.2956     --------    -1.042457          3
MinModeTranslate:  110  16:28:54    -9342.237350       0.2956     0.043338    -1.042457          3
MinModeTranslate:  111  16:28:54    -9342.236132       0.2412     --------    -0.917110          3
MinModeTranslate:  111  16:28:54    -9342.236132       0.2412     0.028347    -0.917110          3
MinModeTranslate:  112  16:28:54    -9342.234432       0.2493     --------    -0.855892          3
MinModeTranslate:  112  16:28:54    -9342.234432       0.2493     0.038579    -0.855892          3
MinModeTranslate:  113  16:28:54    -9342.229606       0.2540     --------    -0.513700          3
MinModeTranslate:  113  16:28:54    -9342.229606       0.2540     0.050389    -0.513700          3
MinModeTranslate:  114  16:28:54    -9342.221235       0.1177     --------     0.060005          3
MinModeTranslate:  114  16:28:54    -9342.221235       0.1177     0.100000     0.060005          3
MinModeTranslate:  115  16:28:54    -9342.200105       0.1493     --------     0.811358          3
MinModeTranslate:  115  16:28:54    -9342.200105       0.1493     0.100000     0.811358          3
MinModeTranslate:  116  16:28:54    -9342.172213       0.1952     --------     0.422315          3
MinModeTranslate:  116  16:28:54    -9342.172213       0.1952     0.100000     0.422315          3
MinModeTranslate:  117  16:28:54    -9342.140367       0.2070     --------     0.006367          3
MinModeTranslate:  117  16:28:54    -9342.140367       0.2070     0.100000     0.006367          3
MinModeTranslate:  118  16:28:54    -9342.108200       0.4522     --------    -0.063605          3
MinModeTranslate:  118  16:28:54    -9342.108200       0.4522     0.076841    -0.063605          3
MinModeTranslate:  119  16:28:54    -9342.081309       0.7752     --------    -0.426313          3
MinModeTranslate:  119  16:28:54    -9342.081309       0.7752     0.054458    -0.426313          3
MinModeTranslate:  120  16:28:54    -9342.055523       1.0430     --------    -0.877248          3
MinModeTranslate:  120  16:28:54    -9342.055523       1.0430     0.090442    -0.877248          3
MinModeTranslate:  121  16:28:54    -9342.048128       0.8297     --------    -1.703983          3
MinModeTranslate:  121  16:28:54    -9342.048128       0.8297     0.045254    -1.703983          3
MinModeTranslate:  122  16:28:54    -9342.050889       0.4353     --------    -1.489863          3
MinModeTranslate:  122  16:28:55    -9342.050889       0.4353     0.033547    -1.489863          3
MinModeTranslate:  123  16:28:55    -9342.058755       0.4050     --------    -0.967432          3
MinModeTranslate:  123  16:28:55    -9342.058755       0.4050     0.037560    -0.967432          3
MinModeTranslate:  124  16:28:55    -9342.065532       0.5057     --------    -0.550832          3
MinModeTranslate:  124  16:28:55    -9342.065532       0.5057     0.029149    -0.550832          3
MinModeTranslate:  125  16:28:55    -9342.069646       0.3267     --------    -0.253569          3
MinModeTranslate:  125  16:28:55    -9342.069646       0.3267     0.028153    -0.253569          3
MinModeTranslate:  126  16:28:55    -9342.073070       0.1963     --------    -0.106064          3
MinModeTranslate:  126  16:28:55    -9342.073070       0.1963     0.028754    -0.106064          3
MinModeTranslate:  127  16:28:55    -9342.075999       0.3361     --------    -0.080690          3
MinModeTranslate:  127  16:28:55    -9342.075999       0.3361     0.030412    -0.080690          3
MinModeTranslate:  128  16:28:55    -9342.078582       0.3960     --------    -0.059184          3
MinModeTranslate:  128  16:28:55    -9342.078582       0.3960     0.044414    -0.059184          3
MinModeTranslate:  129  16:28:55    -9342.081249       0.2726     --------    -0.065760          3
MinModeTranslate:  129  16:28:55    -9342.081249       0.2726     0.021996    -0.065760          3
MinModeTranslate:  130  16:28:55    -9342.082607       0.2459     --------    -0.071634          3
MinModeTranslate:  130  16:28:55    -9342.082607       0.2459     0.017641    -0.071634          3
MinModeTranslate:  131  16:28:55    -9342.083371       0.3472     --------    -0.059990          3
MinModeTranslate:  131  16:28:55    -9342.083371       0.3472     0.069749    -0.059990          3
MinModeTranslate:  132  16:28:55    -9342.084863       0.4132     --------    -0.051593          3
MinModeTranslate:  132  16:28:55    -9342.084863       0.4132     0.062450    -0.051593          3
MinModeTranslate:  133  16:28:56    -9342.085892       0.2922     --------    -0.070922          3
MinModeTranslate:  133  16:28:56    -9342.085892       0.2922     0.011941    -0.070922          3
MinModeTranslate:  134  16:28:56    -9342.087211       0.2541     --------    -0.092727          3
MinModeTranslate:  134  16:28:56    -9342.087211       0.2541     0.033124    -0.092727          3
MinModeTranslate:  135  16:28:56    -9342.089419       0.2571     --------    -0.134847          3
MinModeTranslate:  135  16:28:56    -9342.089419       0.2571     0.020806    -0.134847          3
MinModeTranslate:  136  16:28:56    -9342.090705       0.1641     --------    -0.131575          3
MinModeTranslate:  136  16:28:56    -9342.090705       0.1641     0.019900    -0.131575          3
MinModeTranslate:  137  16:28:56    -9342.091361       0.1607     --------    -0.155518          3
MinModeTranslate:  137  16:28:56    -9342.091361       0.1607     0.010482    -0.155518          3
MinModeTranslate:  138  16:28:56    -9342.091544       0.1813     --------    -0.171234          3
MinModeTranslate:  138  16:28:56    -9342.091544       0.1813     0.013082    -0.171234          3
MinModeTranslate:  139  16:28:56    -9342.091622       0.1173     --------    -0.180014          3
MinModeTranslate:  139  16:28:56    -9342.091622       0.1173     0.010905    -0.180014          3
MinModeTranslate:  140  16:28:56    -9342.091541       0.0769     --------    -0.162231          3
MinModeTranslate:  140  16:28:56    -9342.091541       0.0769     0.012193    -0.162231          3
MinModeTranslate:  141  16:28:56    -9342.091226       0.1331     --------    -0.147444          3
MinModeTranslate:  141  16:28:56    -9342.091226       0.1331     0.026567    -0.147444          3
MinModeTranslate:  142  16:28:56    -9342.090487       0.1520     --------    -0.120683          3
MinModeTranslate:  142  16:28:56    -9342.090487       0.1520     0.012975    -0.120683          3
MinModeTranslate:  143  16:28:56    -9342.090161       0.1160     --------    -0.105524          3
MinModeTranslate:  143  16:28:56    -9342.090161       0.1160     0.026798    -0.105524          3
MinModeTranslate:  144  16:28:56    -9342.089609       0.1614     --------    -0.071281          3
MinModeTranslate:  144  16:28:56    -9342.089609       0.1614     0.056738    -0.071281          3
MinModeTranslate:  145  16:28:56    -9342.089048       0.0144     --------     0.049194          3
MinModeTranslate:  145  16:28:56    -9342.089048       0.0144     0.100000     0.049194          3
MinModeTranslate:  146  16:28:57    -9342.085697       0.0236     --------     0.323911          3
MinModeTranslate:  146  16:28:57    -9342.085697       0.0236     0.100000     0.323911          3
MinModeTranslate:  147  16:28:57    -9342.079374       0.0426     --------     0.373104          3
MinModeTranslate:  147  16:28:57    -9342.079374       0.0426     0.100000     0.373104          3
MinModeTranslate:  148  16:28:57    -9342.069453       0.0594     --------     0.229791          3
MinModeTranslate:  148  16:28:57    -9342.069453       0.0594     0.100000     0.229791          3
MinModeTranslate:  149  16:28:57    -9342.057217       0.0680     --------     0.074876          3
MinModeTranslate:  149  16:28:57    -9342.057217       0.0680     0.100000     0.074876          3
MinModeTranslate:  150  16:28:57    -9342.044224       0.0708     --------     0.063628          3
MinModeTranslate:  150  16:28:57    -9342.044224       0.0708     0.100000     0.063628          3
MinModeTranslate:  151  16:28:57    -9342.030752       0.0739     --------     0.075917          3
MinModeTranslate:  151  16:28:57    -9342.030752       0.0739     0.100000     0.075917          3
MinModeTranslate:  152  16:28:57    -9342.016712       0.2699     --------    -0.001272          3
MinModeTranslate:  152  16:28:57    -9342.016712       0.2699     0.083385    -0.001272          3
MinModeTranslate:  153  16:28:57    -9342.004658       0.5529     --------    -0.097203          3
MinModeTranslate:  153  16:28:57    -9342.004658       0.5529     0.088095    -0.097203          3
MinModeTranslate:  154  16:28:57    -9341.986125       0.9019     --------    -0.184868          3
MinModeTranslate:  154  16:28:57    -9341.986125       0.9019     0.100000    -0.184868          3
MinModeTranslate:  155  16:28:57    -9341.982796       0.6445     --------    -0.193043          3
MinModeTranslate:  155  16:28:57    -9341.982796       0.6445     0.015418    -0.193043          3
MinModeTranslate:  156  16:28:57    -9341.991059       0.1508     --------    -0.169819          3
MinModeTranslate:  156  16:28:57    -9341.991059       0.1508     0.007640    -0.169819          3
MinModeTranslate:  157  16:28:57    -9341.991846       0.2137     --------    -0.158104          3
MinModeTranslate:  157  16:28:57    -9341.991846       0.2137     0.011013    -0.158104          3
MinModeTranslate:  158  16:28:57    -9341.992249       0.1317     --------    -0.165716          3
MinModeTranslate:  158  16:28:57    -9341.992249       0.1317     0.018561    -0.165716          3
MinModeTranslate:  159  16:28:58    -9341.992110       0.1898     --------    -0.169646          3
MinModeTranslate:  159  16:28:58    -9341.992110       0.1898     0.052520    -0.169646          3
MinModeTranslate:  160  16:28:58    -9341.990833       0.1652     --------    -0.172299          3
