MinModeTranslate: STEP      TIME          ENERGY    MAX-FORCE     STEPSIZE    CURVATURE  ROT-STEPS
MinModeTranslate:    0  16:26:03    -6220.128727      17.1276     --------   -20.329452          3
MinModeTranslate:    0  16:26:03    -6220.128727      17.1276     0.100000   -20.329452          3
MinModeTranslate:    1  16:26:03    -6220.358161      12.6023     --------   -29.696821          3
MinModeTranslate:    1  16:26:03    -6220.358161      12.6023     0.100000   -29.696821          3
MinModeTranslate:    2  16:26:03    -6219.432123      10.4462     --------   -31.249305          3
MinModeTranslate:    2  16:26:03    -6219.432123      10.4462     0.100000   -31.249305          3
MinModeTranslate:    3  16:26:03    -6218.669592       9.2780     --------   -20.850282          3
MinModeTranslate:    3  16:26:03    -6218.669592       9.2780     0.100000   -20.850282          3
MinModeTranslate:    4  16:26:03    -6217.866346       8.1902     --------   -24.084817          3
MinModeTranslate:    4  16:26:03    -6217.866346       8.1902     0.100000   -24.084817          3
MinModeTranslate:    5  16:26:03    -6217.539026       5.8905     --------   -35.647672          3
MinModeTranslate:    5  16:26:03    -6217.539026       5.8905     0.100000   -35.647672          3
MinModeTranslate:    6  16:26:03    -6218.159174       6.6491     --------   -22.413866          3
MinModeTranslate:    6  16:26:03    -6218.159174       6.6491     0.100000   -22.413866          3
MinModeTranslate:    7  16:26:03    -6218.785964       6.9257     --------   -28.797155          3
MinModeTranslate:    7  16:26:03    -6218.785964       6.9257     0.100000   -28.797155          3
MinModeTranslate:    8  16:26:03    -6218.926929       5.9591     --------   -15.623077          3
MinModeTranslate:    8  16:26:03    -6218.926929       5.9591     0.100000   -15.623077          3
MinModeTranslate:    9  16:26:03    -6218.444209       2.2177     --------     3.213342          3
MinModeTranslate:    9  16:26:03    -6218.444209       2.2177     0.100000     3.213342          3
MinModeTranslate:   10  16:26:04    -6217.812037       3.2065     --------     2.116689          3
MinModeTranslate:   10  16:26:04    -6217.812037       3.2065     0.100000     2.116689          3
MinModeTranslate:   11  16:26:04    -6217.208636       6.7674     --------   -34.778108          3
MinModeTranslate:   11  16:26:04    -6217.208636       6.7674     0.100000   -34.778108          3
MinModeTranslate:   12  16:26:04    -6216.889561       5.5211     --------   -45.965049          3
MinModeTranslate:   12  16:26:04    -6216.889561       5.5211     0.100000   -45.965049          3
MinModeTranslate:   13  16:26:04    -6217.159592       3.5031     --------    -2.992105          3
MinModeTranslate:   13  16:26:04    -6217.159592       3.5031     0.100000    -2.992105          3
MinModeTranslate:   14  16:26:04    -6217.056074       3.8899     --------    -2.050554          3
MinModeTranslate:   14  16:26:04    -6217.056074       3.8899     0.100000    -2.050554          3
MinModeTranslate:   15  16:26:04    -6217.178832       2.7577     --------    -4.582824          3
MinModeTranslate:   15  16:26:04    -6217.178832       2.7577     0.100000    -4.582824          3
MinModeTranslate:   16  16:26:04    -6217.260127       2.5346     --------   -27.984639          3
MinModeTranslate:   16  16:26:04    -6217.260127       2.5346     0.100000   -27.984639          3
MinModeTranslate:   17  16:26:04    -6217.206138       1.9327     --------    -8.210809          3
MinModeTranslate:   17  16:26:04    -6217.206138       1.9327     0.097506    -8.210809          3
MinModeTranslate:   18  16:26:04    -6217.080910       3.5841     --------    -2.155015          3
MinModeTranslate:   18  16:26:04    -6217.080910       3.5841     0.009674    -2.155015          3
MinModeTranslate:   19  16:26:04    -6217.097213       3.3601     --------    -2.449610          3
MinModeTranslate:   19  16:26:04    -6217.097213       3.3601     0.059944    -2.449610          3
MinModeTranslate:   20  16:26:04    -6217.203255       1.3699     --------    -1.552415          3
MinModeTranslate:   20  16:26:04    -6217.203255       1.3699     0.100000    -1.552415          3
MinModeTranslate:   21  16:26:05    -6217.195118       0.9760     --------    -9.315968          3
MinModeTranslate:   21  16:26:05    -6217.195118       0.9760     0.089686    -9.315968          3
MinModeTranslate:   22  16:26:05    -6217.115160       2.3807     --------    -3.066693          3
MinModeTranslate:   22  16:26:05    -6217.115160       2.3807     0.026464    -3.066693          3
MinModeTranslate:   23  16:26:05    -6217.088222       2.6551     --------    -3.342631          3
MinModeTranslate:   23  16:26:05    -6217.088222       2.6551     0.046997    -3.342631          3
MinModeTranslate:   24  16:26:05    -6217.141921       0.9860     --------    -1.317725          3
MinModeTranslate:   24  16:26:05    -6217.141921       0.9860     0.066582    -1.317725          3
MinModeTranslate:   25  16:26:05    -6217.123441       0.9319     --------    -4.624362          3
MinModeTranslate:   25  16:26:05    -6217.123441       0.9319     0.077819    -4.624362          3
MinModeTranslate:   26  16:26:05    -6217.105323       0.5019     --------    -5.353651          3
MinModeTranslate:   26  16:26:05    -6217.105323       0.5019     0.100000    -5.353651          3
MinModeTranslate:   27  16:26:05    -6217.125212       0.5813     --------    -2.267616          3
MinModeTranslate:   27  16:26:05    -6217.125212       0.5813     0.099946    -2.267616          3
MinModeTranslate:   28  16:26:05    -6217.150741       1.0267     --------    -0.282287          3
MinModeTranslate:   28  16:26:05    -6217.150741       1.0267     0.044425    -0.282287          3
MinModeTranslate:   29  16:26:05    -6217.162038       0.1689     --------     0.097583          3
MinModeTranslate:   29  16:26:05    -6217.162038       0.1689     0.100000     0.097583          3
MinModeTranslate:   30  16:26:05    -6217.135375       0.0674     --------     1.036199          3
MinModeTranslate:   30  16:26:05    -6217.135375       0.0674     0.100000     1.036199          3
MinModeTranslate:   31  16:26:05    -6217.119853       0.1412     --------     1.362798          3
MinModeTranslate:   31  16:26:05    -6217.119853       0.1412     0.100000     1.362798          3
MinModeTranslate:   32  16:26:05    -6217.037060       0.4519     --------     2.959128          3
MinModeTranslate:   32  16:26:05    -6217.037060       0.4519     0.100000     2.959128          3
MinModeTranslate:   33  16:26:06    -6216.799397       1.4173     --------     1.544378          3
MinModeTranslate:   33  16:26:06    -6216.799397       1.4173     0.100000     1.544378          3
MinModeTranslate:   34  16:26:06    -6216.430460       4.0230     --------    -8.350443          3
MinModeTranslate:   34  16:26:06    -6216.430460       4.0230     0.100000    -8.350443          3
MinModeTranslate:   35  16:26:06    -6216.087194       3.2701     --------    -9.454053          3
MinModeTranslate:   35  16:26:06    -6216.087194       3.2701     0.100000    -9.454053          3
MinModeTranslate:   36  16:26:06    -6216.032067       3.0940     --------    -8.155398          3
MinModeTranslate:   36  16:26:06    -6216.032067       3.0940     0.100000    -8.155398          3
MinModeTranslate:   37  16:26:06    -6216.106147       3.8748     --------    -1.997395          3
MinModeTranslate:   37  16:26:06    -6216.106147       3.8748     0.100000    -1.997395          3
MinModeTranslate:   38  16:26:06    -6215.942233       3.3544     --------    -4.166576          3
MinModeTranslate:   38  16:26:06    -6215.942233       3.3544     0.100000    -4.166576          3
MinModeTranslate:   39  16:26:06    -6215.655549       2.8989     --------   -22.500803          3
MinModeTranslate:   39  16:26:06    -6215.655549       2.8989     0.100000   -22.500803          3
MinModeTranslate:   40  16:26:06    -6215.516654       2.2442     --------   -10.474781          3
MinModeTranslate:   40  16:26:06    -6215.516654       2.2442     0.100000   -10.474781          3
MinModeTranslate:   41  16:26:06    -6215.747997       2.1605     --------    -5.758214          3
MinModeTranslate:   41  16:26:06    -6215.747997       2.1605     0.100000    -5.758214          3
MinModeTranslate:   42  16:26:06    -6215.924779       2.4425     --------    -4.694576          3
MinModeTranslate:   42  16:26:06    -6215.924779       2.4425     0.100000    -4.694576          3
MinModeTranslate:   43  16:26:06    -6215.947518       2.2800     --------    -6.635783          3
MinModeTranslate:   43  16:26:06    -6215.947518       2.2800     0.100000    -6.635783          3
MinModeTranslate:   44  16:26:06    -6215.923364       1.4770     --------   -26.051705          3
MinModeTranslate:   44  16:26:06    -6215.923364       1.4770     0.100000   -26.051705          3
MinModeTranslate:   45  16:26:07    -6216.115923       1.8368     --------   -36.980044          3
MinModeTranslate:   45  16:26:07    -6216.115923       1.8368     0.100000   -36.980044          3
MinModeTranslate:   46  16:26:07    -6216.360654       2.4578     --------   -43.987746          3
MinModeTranslate:   46  16:26:07    -6216.360654       2.4578     0.100000   -43.987746          3
MinModeTranslate:   47  16:26:07    -6216.708601       2.9260     --------   -48.615888          3
MinModeTranslate:   47  16:26:07    -6216.708601       2.9260     0.100000   -48.615888          3
MinModeTranslate:   48  16:26:07    -6217.104303       3.5960     --------   -73.643520          3
MinModeTranslate:   48  16:26:07    -6217.104303       3.5960     0.100000   -73.643520          3
MinModeTranslate:   49  16:26:07    -6217.599816       4.8272     --------   -66.894899          3
MinModeTranslate:   49  16:26:07    -6217.599816       4.8272     0.100000   -66.894899          3
MinModeTranslate:   50  16:26:07    -6217.830525       4.2123     --------   -55.814992          3
MinModeTranslate:   50  16:26:07    -6217.830525       4.2123     0.100000   -55.814992          3
MinModeTranslate:   51  16:26:07    -6217.597065       2.6465     --------    -2.015254          3
MinModeTranslate:   51  16:26:07    -6217.597065       2.6465     0.100000    -2.015254          3
MinModeTranslate:   52  16:26:07    -6217.252433       3.5026     --------     0.940944          3
MinModeTranslate:   52  16:26:07    -6217.252433       3.5026     0.100000     0.940944          3
MinModeTranslate:   53  16:26:07    -6216.862243       3.0094     --------   -20.250815          3
MinModeTranslate:   53  16:26:07    -6216.862243       3.0094     0.100000   -20.250815          3
MinModeTranslate:   54  16:26:07    -6216.665509       1.6911     --------    -7.256867          3
MinModeTranslate:   54  16:26:07    -6216.665509       1.6911     0.100000    -7.256867          3
MinModeTranslate:   55  16:26:07    -6216.471310       1.5347     --------     3.381984          3
MinModeTranslate:   55  16:26:07    -6216.471310       1.5347     0.100000     3.381984          3
MinModeTranslate:   56  16:26:07    -6216.283280       1.7622     --------   -10.398245          3
MinModeTranslate:   56  16:26:08    -6216.283280       1.7622     0.100000   -10.398245          3
MinModeTranslate:   57  16:26:08    -6216.176118       0.8169     --------   -17.728860          3
MinModeTranslate:   57  16:26:08    -6216.176118       0.8169     0.050363   -17.728860          3
MinModeTranslate:   58  16:26:08    -6216.172967       0.4593     --------    -8.453876          3
MinModeTranslate:   58  16:26:08    -6216.172967       0.4593     0.053454    -8.453876          3
MinModeTranslate:   59  16:26:08    -6216.182992       0.3732     --------    -2.840870          3
MinModeTranslate:   59  16:26:08    -6216.182992       0.3732     0.056621    -2.840870          3
MinModeTranslate:   60  16:26:08    -6216.203807       0.4422     --------    -2.494825          3
MinModeTranslate:   60  16:26:08    -6216.203807       0.4422     0.046070    -2.494825          3
MinModeTranslate:   61  16:26:08    -6216.228018       0.3934     --------    -2.763117          3
MinModeTranslate:   61  16:26:08    -6216.228018       0.3934     0.025065    -2.763117          3
MinModeTranslate:   62  16:26:08    -6216.223563       0.4724     --------    -3.346760          3
MinModeTranslate:   62  16:26:08    -6216.223563       0.4724     0.100000    -3.346760          3
MinModeTranslate:   63  16:26:08    -6216.222434       0.6555     --------   -18.693943          3
MinModeTranslate:   63  16:26:08    -6216.222434       0.6555     0.032301   -18.693943          3
MinModeTranslate:   64  16:26:08    -6216.207473       0.6721     --------   -12.811766          3
MinModeTranslate:   64  16:26:08    -6216.207473       0.6721     0.020746   -12.811766          3
MinModeTranslate:   65  16:26:08    -6216.218035       0.3088     --------   -15.466230          3
MinModeTranslate:   65  16:26:08    -6216.218035       0.3088     0.063872   -15.466230          3
MinModeTranslate:   66  16:26:08    -6216.231373       0.4085     --------   -12.164736          3
MinModeTranslate:   66  16:26:08    -6216.231373       0.4085     0.100000   -12.164736          3
MinModeTranslate:   67  16:26:08    -6216.274509       0.7278     --------    -9.601371          3
MinModeTranslate:   67  16:26:09    -6216.274509       0.7278     0.100000    -9.601371          3
MinModeTranslate:   68  16:26:09    -6216.328739       0.6399     --------    -8.767355          3
MinModeTranslate:   68  16:26:09    -6216.328739       0.6399     0.063646    -8.767355          3
MinModeTranslate:   69  16:26:09    -6216.351012       1.3272     --------    -6.256587          3
MinModeTranslate:   69  16:26:09    -6216.351012       1.3272     0.100000    -6.256587          3
MinModeTranslate:   70  16:26:09    -6216.448477       1.5013     --------    -6.305240          3
MinModeTranslate:   70  16:26:09    -6216.448477       1.5013     0.100000    -6.305240          3
MinModeTranslate:   71  16:26:09    -6216.633457       2.7306     --------   -22.211342          3
MinModeTranslate:   71  16:26:09    -6216.633457       2.7306     0.100000   -22.211342          3
MinModeTranslate:   72  16:26:09    -6216.778248       3.9420     --------   -28.219730          3
MinModeTranslate:   72  16:26:09    -6216.778248       3.9420     0.100000   -28.219730          3
MinModeTranslate:   73  16:26:09    -6216.941864       4.3643     --------   -27.291186          3
MinModeTranslate:   73  16:26:09    -6216.941864       4.3643     0.100000   -27.291186          3
MinModeTranslate:   74  16:26:09    -6217.155185       2.9471     --------   -19.053959          3
MinModeTranslate:   74  16:26:09    -6217.155185       2.9471     0.100000   -19.053959          3
MinModeTranslate:   75  16:26:09    -6217.194235       2.2100     --------   -18.187675          3
MinModeTranslate:   75  16:26:09    -6217.194235       2.2100     0.100000   -18.187675          3
MinModeTranslate:   76  16:26:09    -6217.177026       1.9428     --------    -8.980483          3
MinModeTranslate:   76  16:26:09    -6217.177026       1.9428     0.100000    -8.980483          3
MinModeTranslate:   77  16:26:09    -6217.328589       1.8157     --------   -10.415768          3
MinModeTranslate:   77  16:26:09    -6217.328589       1.8157     0.100000   -10.415768          3
MinModeTranslate:   78  16:26:09    -6217.428065       1.3716     --------    -8.602234          3
MinModeTranslate:   78  16:26:09    -6217.428065       1.3716     0.083741    -8.602234          3
MinModeTranslate:   79  16:26:09    -6217.444048       1.2327     --------   -23.097943          3
MinModeTranslate:   79  16:26:10    -6217.444048       1.2327     0.003102   -23.097943          3
MinModeTranslate:   80  16:26:10    -6217.441964       1.1344     --------   -23.498332          3
MinModeTranslate:   80  16:26:10    -6217.441964       1.1344     0.039044   -23.498332          3
MinModeTranslate:   81  16:26:10    -6217.463958       1.0305     --------   -26.835423          3
MinModeTranslate:   81  16:26:10    -6217.463958       1.0305     0.100000   -26.835423          3
MinModeTranslate:   82  16:26:10    -6217.570278       1.3758     --------   -13.618508          3
MinModeTranslate:   82  16:26:10    -6217.570278       1.3758     0.100000   -13.618508          3
MinModeTranslate:   83  16:26:10    -6217.738068       1.7378     --------   -22.868895          3
MinModeTranslate:   83  16:26:10    -6217.738068       1.7378     0.100000   -22.868895          3
MinModeTranslate:   84  16:26:10    -6217.893536       1.9581     --------   -62.607561          3
MinModeTranslate:   84  16:26:10    -6217.893536       1.9581     0.100000   -62.607561          3
MinModeTranslate:   85  16:26:10    -6218.113461       2.5659     --------   -73.482351          3
MinModeTranslate:   85  16:26:10    -6218.113461       2.5659     0.100000   -73.482351          3
MinModeTranslate:   86  16:26:10    -6218.265552       1.7443     --------   -52.646961          3
MinModeTranslate:   86  16:26:10    -6218.265552       1.7443     0.100000   -52.646961          3
MinModeTranslate:   87  16:26:10    -6218.500051       1.7963     --------   -50.809597          3
MinModeTranslate:   87  16:26:10    -6218.500051       1.7963     0.100000   -50.809597          3
MinModeTranslate:   88  16:26:10    -6218.717722       1.4819     --------   -57.137022          3
MinModeTranslate:   88  16:26:10    -6218.717722       1.4819     0.100000   -57.137022          3
MinModeTranslate:   89  16:26:10    -6218.898821       1.4951     --------   -47.103430          3
MinModeTranslate:   89  16:26:10    -6218.898821       1.4951     0.098380   -47.103430          3
MinModeTranslate:   90  16:26:10    -6219.007788       1.7278     --------   -43.087825          3
MinModeTranslate:   90  16:26:11    -6219.007788       1.7278     0.100000   -43.087825          3
MinModeTranslate:   91  16:26:11    -6219.088317       1.8580     --------   -42.345305          3
MinModeTranslate:   91  16:26:11    -6219.088317       1.8580     0.045915   -42.345305          3
MinModeTranslate:   92  16:26:11    -6219.131724       0.9871     --------   -39.189543          3
MinModeTranslate:   92  16:26:11    -6219.131724       0.9871     0.064951   -39.189543          3
MinModeTranslate:   93  16:26:11    -6219.163213       0.8767     --------   -25.457851          3
MinModeTranslate:   93  16:26:11    -6219.163213       0.8767     0.016770   -25.457851          3
MinModeTranslate:   94  16:26:11    -6219.170019       0.3965     --------   -25.708793          3
MinModeTranslate:   94  16:26:11    -6219.170019       0.3965     0.035416   -25.708793          3
MinModeTranslate:   95  16:26:11    -6219.177014       0.3143     --------   -33.695241          3
MinModeTranslate:   95  16:26:11    -6219.177014       0.3143     0.024563   -33.695241          3
MinModeTranslate:   96  16:26:11    -6219.183210       0.3162     --------   -34.426554          3
MinModeTranslate:   96  16:26:11    -6219.183210       0.3162     0.047338   -34.426554          3
MinModeTranslate:   97  16:26:11    -6219.186995       0.1552     --------   -26.718670          3
MinModeTranslate:   97  16:26:11    -6219.186995       0.1552     0.007673   -26.718670          3
MinModeTranslate:   98  16:26:11    -6219.187689       0.1407     --------   -27.139437          3
MinModeTranslate:   98  16:26:11    -6219.187689       0.1407     0.023383   -27.139437          3
MinModeTranslate:   99  16:26:11    -6219.189189       0.1001     --------   -28.929161          3
MinModeTranslate:   99  16:26:11    -6219.189189       0.1001     0.010737   -28.929161          3
MinModeTranslate:  100  16:26:11    -6219.189860       0.1596     --------   -28.646784          3
MinModeTranslate:  100  16:26:11    -6219.189860       0.1596     0.020152   -28.646784          3
MinModeTranslate:  101  16:26:12    -6219.190911       0.1425     --------   -27.577397          3
MinModeTranslate:  101  16:26:12    -6219.190911       0.1425     0.022434   -27.577397          3
MinModeTranslate:  102  16:26:12    -6219.192194       0.1559     --------   -26.173627          3
MinModeTranslate:  102  16:26:12    -6219.192194       0.1559     0.100000   -26.173627          3
MinModeTranslate:  103  16:26:12    -6219.197579       0.4139     --------   -23.424250          3
MinModeTranslate:  103  16:26:12    -6219.197579       0.4139     0.100000   -23.424250          3
MinModeTranslate:  104  16:26:12    -6219.203147       0.3398     --------   -21.528238          3
MinModeTranslate:  104  16:26:12    -6219.203147       0.3398     0.100000   -21.528238          3
MinModeTranslate:  105  16:26:12    -6219.210190       0.3383     --------   -19.988561          3
MinModeTranslate:  105  16:26:12    -6219.210190       0.3383     0.100000   -19.988561          3
MinModeTranslate:  106  16:26:12    -6219.220805       0.2850     --------   -17.236768          3
MinModeTranslate:  106  16:26:12    -6219.220805       0.2850     0.100000   -17.236768          3
MinModeTranslate:  107  16:26:12    -6219.234926       0.2910     --------   -13.025558          3
MinModeTranslate:  107  16:26:12    -6219.234926       0.2910     0.031250   -13.025558          3
MinModeTranslate:  108  16:26:12    -6219.241033       0.3384     --------   -12.748312          3
MinModeTranslate:  108  16:26:12    -6219.241033       0.3384     0.056149   -12.748312          3
MinModeTranslate:  109  16:26:12    -6219.249171       0.5401     --------   -11.505363          3
MinModeTranslate:  109  16:26:12    -6219.249171       0.5401     0.074586   -11.505363          3
MinModeTranslate:  110  16:26:12    -6219.262287       0.5430     --------    -9.286111          3
MinModeTranslate:  110  16:26:12    -6219.262287       0.5430     0.058048    -9.286111          3
MinModeTranslate:  111  16:26:12    -6219.269565       0.3164     --------    -8.860943          3
MinModeTranslate:  111  16:26:13    -6219.269565       0.3164     0.091394    -8.860943          3
MinModeTranslate:  112  16:26:13    -6219.277120       0.5210     --------   -11.651599          3
MinModeTranslate:  112  16:26:13    -6219.277120       0.5210     0.062616   -11.651599          3
MinModeTranslate:  113  16:26:13    -6219.284086       0.2353     --------   -14.245288          3
MinModeTranslate:  113  16:26:13    -6219.284086       0.2353     0.057669   -14.245288          3
MinModeTranslate:  114  16:26:13    -6219.293491       0.4006     --------   -16.205071          3
MinModeTranslate:  114  16:26:13    -6219.293491       0.4006     0.054984   -16.205071          3
MinModeTranslate:  115  16:26:13    -6219.303353       0.3135     --------   -18.270537          3
MinModeTranslate:  115  16:26:13    -6219.303353       0.3135     0.071501   -18.270537          3
MinModeTranslate:  116  16:26:13    -6219.312670       0.4402     --------   -18.433932          3
MinModeTranslate:  116  16:26:13    -6219.312670       0.4402     0.056140   -18.433932          3
MinModeTranslate:  117  16:26:13    -6219.318690       0.2643     --------   -17.602953          3
MinModeTranslate:  117  16:26:13    -6219.318690       0.2643     0.026607   -17.602953          3
MinModeTranslate:  118  16:26:13    -6219.322325       0.2394     --------   -15.689118          3
MinModeTranslate:  118  16:26:13    -6219.322325       0.2394     0.011326   -15.689118          3
MinModeTranslate:  119  16:26:13    -6219.323533       0.1031     --------   -15.094655          3
MinModeTranslate:  119  16:26:13    -6219.323533       0.1031     0.014410   -15.094655          3
MinModeTranslate:  120  16:26:13    -6219.324641       0.1033     --------   -15.374992          3
MinModeTranslate:  120  16:26:13    -6219.324641       0.1033     0.004954   -15.374992          3
MinModeTranslate:  121  16:26:13    -6219.324897       0.0468     --------   -15.523541          1
MinModeTranslate:  121  16:26:13    -6219.324897       0.0468     0.004712   -15.523541          1
MinModeTranslate:  122  16:26:13    -6219.325063       0.0380     --------   -15.615245          2
MinModeTranslate:  122  16:26:13    -6219.325063       0.0380     0.002607   -15.615245          2
MinModeTranslate:  123  16:26:13    -6219.325123       0.0293     --------   -15.690609          1
MinModeTranslate:  123  16:26:13    -6219.325123       0.0293     0.007673   -15.690609          1
MinModeTranslate:  124  16:26:14    -6219.325279       0.0725     --------   -15.881886          2
MinModeTranslate:  124  16:26:14    -6219.325279       0.0725     0.015073   -15.881886          2
MinModeTranslate:  125  16:26:14    -6219.325578       0.0470     --------   -16.193154          2
MinModeTranslate:  125  16:26:14    -6219.325578       0.0470     0.013495   -16.193154          2
MinModeTranslate:  126  16:26:14    -6219.325785       0.0521     --------   -15.992581          3
MinModeTranslate:  126  16:26:14    -6219.325785       0.0521     0.006391   -15.992581          3
MinModeTranslate:  127  16:26:14    -6219.325879       0.0425     --------   -15.885967          2
MinModeTranslate:  127  16:26:14    -6219.325879       0.0425     0.014550   -15.885967          2
MinModeTranslate:  128  16:26:14    -6219.326105       0.0317     --------   -15.834716          3
MinModeTranslate:  128  16:26:14    -6219.326105       0.0317     0.007666   -15.834716          3
MinModeTranslate:  129  16:26:14    -6219.326194       0.0476     --------   -16.060928          1
MinModeTranslate:  129  16:26:14    -6219.326194       0.0476     0.017050   -16.060928          1
MinModeTranslate:  130  16:26:14    -6219.326393       0.0677     --------   -16.531858          3
MinModeTranslate:  130  16:26:14    -6219.326393       0.0677     0.014452   -16.531858          3
MinModeTranslate:  131  16:26:14    -6219.326592       0.0642     --------   -16.800150          2
MinModeTranslate:  131  16:26:14    -6219.326592       0.0642     0.014707   -16.800150          2
MinModeTranslate:  132  16:26:14    -6219.326780       0.0450     --------   -16.835467          3
MinModeTranslate:  132  16:26:14    -6219.326780       0.0450     0.011684   -16.835467          3
MinModeTranslate:  133  16:26:14    -6219.326889       0.0612     --------   -16.663855          2
MinModeTranslate:  133  16:26:14    -6219.326889       0.0612     0.025522   -16.663855          2
MinModeTranslate:  134  16:26:14    -6219.327230       0.0474     --------   -16.185218          3
MinModeTranslate:  134  16:26:14    -6219.327230       0.0474     0.032129   -16.185218          3
MinModeTranslate:  135  16:26:14    -6219.327556       0.1009     --------   -16.091296          3
MinModeTranslate:  135  16:26:14    -6219.327556       0.1009     0.040599   -16.091296          3
MinModeTranslate:  136  16:26:15    -6219.327976       0.0821     --------   -16.358821          3
MinModeTranslate:  136  16:26:15    -6219.327976       0.0821     0.085877   -16.358821          3
MinModeTranslate:  137  16:26:15    -6219.328852       0.1262     --------   -17.905753          3
MinModeTranslate:  137  16:26:15    -6219.328852       0.1262     0.034094   -17.905753          3
MinModeTranslate:  138  16:26:15    -6219.329166       0.0886     --------   -18.066968          3
MinModeTranslate:  138  16:26:15    -6219.329166       0.0886     0.030890   -18.066968          3
MinModeTranslate:  139  16:26:15    -6219.329697       0.0781     --------   -17.146380          3
MinModeTranslate:  139  16:26:15    -6219.329697       0.0781     0.016384   -17.146380          3
MinModeTranslate:  140  16:26:15    -6219.329999       0.0819     --------   -16.653622          3
MinModeTranslate:  140  16:26:15    -6219.329999       0.0819     0.027742   -16.653622          3
MinModeTranslate:  141  16:26:15    -6219.330567       0.0543     --------   -16.244032          3
MinModeTranslate:  141  16:26:15    -6219.330567       0.0543     0.014270   -16.244032          3
MinModeTranslate:  142  16:26:15    -6219.330741       0.0812     --------   -16.480270          3
MinModeTranslate:  142  16:26:15    -6219.330741       0.0812     0.020193   -16.480270          3
MinModeTranslate:  143  16:26:15    -6219.331078       0.0322     --------   -17.057307          2
MinModeTranslate:  143  16:26:15    -6219.331078       0.0322     0.006164   -17.057307          2
MinModeTranslate:  144  16:26:15    -6219.331186       0.0507     --------   -17.087401          2
MinModeTranslate:  144  16:26:15    -6219.331186       0.0507     0.010560   -17.087401          2
MinModeTranslate:  145  16:26:15    -6219.331336       0.0468     --------   -16.972795          2
MinModeTranslate:  145  16:26:15    -6219.331336       0.0468     0.008743   -16.972795          2
MinModeTranslate:  146  16:26:15    -6219.331472       0.0541     --------   -16.664411          3
MinModeTranslate:  146  16:26:15    -6219.331472       0.0541     0.010568   -16.664411          3
MinModeTranslate:  147  16:26:15    -6219.331619       0.0375     --------   -16.389618          3
MinModeTranslate:  147  16:26:15    -6219.331619       0.0375     0.010725   -16.389618          3
MinModeTranslate:  148  16:26:15    -6219.331755       0.0656     --------   -16.459478          2
MinModeTranslate:  148  16:26:16    -6219.331755       0.0656     0.020189   -16.459478          2
MinModeTranslate:  149  16:26:16    -6219.332001       0.0306     --------   -16.847889          3
MinModeTranslate:  149  16:26:16    -6219.332001       0.0306     0.004563   -16.847889          3
MinModeTranslate:  150  16:26:16    -6219.332079       0.0431     --------   -16.715920          2
MinModeTranslate:  150  16:26:16    -6219.332079       0.0431     0.004053   -16.715920          2
MinModeTranslate:  151  16:26:16    -6219.332150       0.0221     --------   -16.584375          2
MinModeTranslate:  151  16:26:16    -6219.332150       0.0221     0.003410   -16.584375          2
MinModeTranslate:  152  16:26:16    -6219.332187       0.0214     --------   -16.595928          2
MinModeTranslate:  152  16:26:16    -6219.332187       0.0214     0.002627   -16.595928          2
MinModeTranslate:  153  16:26:16    -6219.332222       0.0214     --------   -16.592682          1
MinModeTranslate:  153  16:26:16    -6219.332222       0.0214     0.004936   -16.592682          1
MinModeTranslate:  154  16:26:16    -6219.332271       0.0290     --------   -16.617307          1
MinModeTranslate:  154  16:26:16    -6219.332271       0.0290     0.005347   -16.617307          1
MinModeTranslate:  155  16:26:16    -6219.332318       0.0194     --------   -16.614057          1
MinModeTranslate:  155  16:26:16    -6219.332318       0.0194     0.006800   -16.614057          1
MinModeTranslate:  156  16:26:16    -6219.332360       0.0367     --------   -16.667878          1
MinModeTranslate:  156  16:26:16    -6219.332360       0.0367     0.003425   -16.667878          1
MinModeTranslate:  157  16:26:16    -6219.332396       0.0159     --------   -16.665922          1
MinModeTranslate:  157  16:26:16    -6219.332396       0.0159     0.002848   -16.665922          1
MinModeTranslate:  158  16:26:16    -6219.332423       0.0103     --------   -16.564750          1
MinModeTranslate:  158  16:26:16    -6219.332423       0.0103     0.001806   -16.564750          1
MinModeTranslate:  159  16:26:16    -6219.332426       0.0163     --------   -16.540187          1
MinModeTranslate:  159  16:26:16    -6219.332426       0.0163     0.002593   -16.540187          1
MinModeTranslate:  160  16:26:16    -6219.332444       0.0089     --------   -16.511101          1
