MinModeTranslate: STEP      TIME          ENERGY    MAX-FORCE     STEPSIZE    CURVATURE  ROT-STEPS
MinModeTranslate:    0  22:11:51   -49575.974717       3.6445     --------   -13.432027          3
MinModeTranslate:    0  22:11:51   -49575.974717       3.6445     0.100000   -13.432027          3
MinModeTranslate:    1  22:11:51   -49576.492217       2.6315     --------    -9.830667          3
MinModeTranslate:    1  22:11:51   -49576.492217       2.6315     0.100000    -9.830667          3
MinModeTranslate:    2  22:11:51   -49576.821453       1.7246     --------    -7.769946          3
MinModeTranslate:    2  22:11:51   -49576.821453       1.7246     0.100000    -7.769946          3
MinModeTranslate:    3  22:11:51   -49577.012131       1.7222     --------    -6.497391          3
MinModeTranslate:    3  22:11:51   -49577.012131       1.7222     0.100000    -6.497391          3
MinModeTranslate:    4  22:11:51   -49577.102924       2.6729     --------    -7.674544          3
MinModeTranslate:    4  22:11:51   -49577.102924       2.6729     0.100000    -7.674544          3
MinModeTranslate:    5  22:11:52   -49577.231478       1.3466     --------    -8.320772          3
MinModeTranslate:    5  22:11:52   -49577.231478       1.3466     0.044345    -8.320772          3
MinModeTranslate:    6  22:11:52   -49577.274026       1.2311     --------    -8.689115          3
MinModeTranslate:    6  22:11:52   -49577.274026       1.2311     0.100000    -8.689115          3
MinModeTranslate:    7  22:11:52   -49577.385055       0.9927     --------    -9.997911          3
MinModeTranslate:    7  22:11:52   -49577.385055       0.9927     0.060512    -9.997911          3
MinModeTranslate:    8  22:11:52   -49577.416101       1.5718     --------   -10.271503          3
MinModeTranslate:    8  22:11:52   -49577.416101       1.5718     0.100000   -10.271503          3
MinModeTranslate:    9  22:11:52   -49577.516884       1.1414     --------   -10.531501          3
MinModeTranslate:    9  22:11:52   -49577.516884       1.1414     0.035385   -10.531501          3
MinModeTranslate:   10  22:11:52   -49577.563127       0.6829     --------   -11.371248          3
MinModeTranslate:   10  22:11:52   -49577.563127       0.6829     0.087338   -11.371248          3
MinModeTranslate:   11  22:11:52   -49577.614319       1.3708     --------   -13.887639          3
MinModeTranslate:   11  22:11:52   -49577.614319       1.3708     0.100000   -13.887639          3
MinModeTranslate:   12  22:11:52   -49577.699285       1.1319     --------   -15.617130          3
MinModeTranslate:   12  22:11:52   -49577.699285       1.1319     0.024774   -15.617130          3
MinModeTranslate:   13  22:11:53   -49577.727523       0.4534     --------   -15.136696          3
MinModeTranslate:   13  22:11:53   -49577.727523       0.4534     0.029038   -15.136696          3
MinModeTranslate:   14  22:11:53   -49577.738729       0.5488     --------   -14.943681          3
MinModeTranslate:   14  22:11:53   -49577.738729       0.5488     0.100000   -14.943681          3
MinModeTranslate:   15  22:11:53   -49577.783168       0.5373     --------   -13.363843          3
MinModeTranslate:   15  22:11:53   -49577.783168       0.5373     0.079874   -13.363843          3
MinModeTranslate:   16  22:11:53   -49577.818933       0.7343     --------   -14.736753          3
MinModeTranslate:   16  22:11:53   -49577.818933       0.7343     0.068489   -14.736753          3
MinModeTranslate:   17  22:11:53   -49577.837022       0.6039     --------   -14.925712          3
MinModeTranslate:   17  22:11:53   -49577.837022       0.6039     0.069063   -14.925712          3
MinModeTranslate:   18  22:11:53   -49577.854989       0.4375     --------   -13.232289          3
MinModeTranslate:   18  22:11:53   -49577.854989       0.4375     0.050138   -13.232289          3
MinModeTranslate:   19  22:11:53   -49577.868235       0.2864     --------   -12.640128          3
MinModeTranslate:   19  22:11:53   -49577.868235       0.2864     0.031582   -12.640128          3
MinModeTranslate:   20  22:11:53   -49577.875384       0.3392     --------   -12.166895          3
MinModeTranslate:   20  22:11:53   -49577.875384       0.3392     0.063623   -12.166895          3
MinModeTranslate:   21  22:11:54   -49577.888299       0.3729     --------   -11.244362          3
MinModeTranslate:   21  22:11:54   -49577.888299       0.3729     0.100000   -11.244362          3
MinModeTranslate:   22  22:11:54   -49577.911113       0.3770     --------   -10.821684          3
MinModeTranslate:   22  22:11:54   -49577.911113       0.3770     0.062744   -10.821684          3
MinModeTranslate:   23  22:11:54   -49577.926360       0.6269     --------   -10.753297          3
MinModeTranslate:   23  22:11:54   -49577.926360       0.6269     0.091943   -10.753297          3
MinModeTranslate:   24  22:11:54   -49577.940072       0.4927     --------   -10.458189          3
MinModeTranslate:   24  22:11:54   -49577.940072       0.4927     0.080701   -10.458189          3
MinModeTranslate:   25  22:11:54   -49577.956142       0.4532     --------    -9.866906          3
MinModeTranslate:   25  22:11:54   -49577.956142       0.4532     0.051955    -9.866906          3
MinModeTranslate:   26  22:11:54   -49577.966668       0.4388     --------    -9.507956          3
MinModeTranslate:   26  22:11:54   -49577.966668       0.4388     0.032579    -9.507956          3
MinModeTranslate:   27  22:11:54   -49577.972709       0.2862     --------    -9.528118          3
MinModeTranslate:   27  22:11:54   -49577.972709       0.2862     0.027258    -9.528118          3
MinModeTranslate:   28  22:11:54   -49577.976622       0.1834     --------    -9.637952          3
MinModeTranslate:   28  22:11:54   -49577.976622       0.1834     0.027858    -9.637952          3
MinModeTranslate:   29  22:11:55   -49577.980089       0.3091     --------    -9.300079          3
MinModeTranslate:   29  22:11:55   -49577.980089       0.3091     0.031381    -9.300079          3
MinModeTranslate:   30  22:11:55   -49577.983755       0.2144     --------    -8.794918          3
MinModeTranslate:   30  22:11:55   -49577.983755       0.2144     0.044372    -8.794918          3
MinModeTranslate:   31  22:11:55   -49577.988669       0.2735     --------    -8.559404          3
MinModeTranslate:   31  22:11:55   -49577.988669       0.2735     0.055690    -8.559404          3
MinModeTranslate:   32  22:11:55   -49577.994826       0.2747     --------    -8.502341          3
MinModeTranslate:   32  22:11:55   -49577.994826       0.2747     0.034918    -8.502341          3
MinModeTranslate:   33  22:11:55   -49577.998341       0.2369     --------    -8.687699          3
MinModeTranslate:   33  22:11:55   -49577.998341       0.2369     0.050505    -8.687699          3
MinModeTranslate:   34  22:11:55   -49578.002536       0.2175     --------    -9.421303          3
MinModeTranslate:   34  22:11:55   -49578.002536       0.2175     0.042894    -9.421303          3
MinModeTranslate:   35  22:11:55   -49578.005728       0.2647     --------   -10.082898          3
MinModeTranslate:   35  22:11:55   -49578.005728       0.2647     0.052813   -10.082898          3
MinModeTranslate:   36  22:11:56   -49578.009771       0.2247     --------   -10.823512          3
MinModeTranslate:   36  22:11:56   -49578.009771       0.2247     0.040754   -10.823512          3
MinModeTranslate:   37  22:11:56   -49578.013100       0.1920     --------   -11.444184          3
MinModeTranslate:   37  22:11:56   -49578.013100       0.1920     0.031547   -11.444184          3
MinModeTranslate:   38  22:11:56   -49578.015664       0.2049     --------   -11.960755          3
MinModeTranslate:   38  22:11:56   -49578.015664       0.2049     0.032176   -11.960755          3
MinModeTranslate:   39  22:11:56   -49578.017929       0.1698     --------   -12.374161          3
MinModeTranslate:   39  22:11:56   -49578.017929       0.1698     0.029266   -12.374161          3
MinModeTranslate:   40  22:11:56   -49578.019637       0.1636     --------   -12.588001          3
MinModeTranslate:   40  22:11:56   -49578.019637       0.1636     0.030533   -12.588001          3
MinModeTranslate:   41  22:11:56   -49578.021395       0.1759     --------   -12.885674          3
MinModeTranslate:   41  22:11:56   -49578.021395       0.1759     0.026341   -12.885674          3
MinModeTranslate:   42  22:11:56   -49578.023013       0.1199     --------   -13.455899          3
MinModeTranslate:   42  22:11:56   -49578.023013       0.1199     0.018346   -13.455899          3
MinModeTranslate:   43  22:11:56   -49578.024103       0.1421     --------   -14.011867          3
MinModeTranslate:   43  22:11:56   -49578.024103       0.1421     0.017252   -14.011867          3
MinModeTranslate:   44  22:11:57   -49578.025023       0.1085     --------   -14.371526          3
MinModeTranslate:   44  22:11:57   -49578.025023       0.1085     0.019949   -14.371526          3
MinModeTranslate:   45  22:11:57   -49578.025903       0.0991     --------   -14.481603          3
MinModeTranslate:   45  22:11:57   -49578.025903       0.0991     0.022285   -14.481603          3
MinModeTranslate:   46  22:11:57   -49578.026873       0.1259     --------   -14.586729          3
MinModeTranslate:   46  22:11:57   -49578.026873       0.1259     0.019244   -14.586729          3
MinModeTranslate:   47  22:11:57   -49578.027746       0.1220     --------   -14.754997          3
MinModeTranslate:   47  22:11:57   -49578.027746       0.1220     0.024350   -14.754997          3
MinModeTranslate:   48  22:11:57   -49578.028804       0.0902     --------   -15.022002          3
MinModeTranslate:   48  22:11:57   -49578.028804       0.0902     0.019506   -15.022002          3
MinModeTranslate:   49  22:11:57   -49578.029529       0.1377     --------   -15.198149          3
MinModeTranslate:   49  22:11:57   -49578.029529       0.1377     0.016707   -15.198149          3
MinModeTranslate:   50  22:11:57   -49578.030086       0.0948     --------   -15.281860          3
MinModeTranslate:   50  22:11:57   -49578.030086       0.0948     0.024516   -15.281860          3
MinModeTranslate:   51  22:11:57   -49578.030929       0.0839     --------   -15.355267          3
MinModeTranslate:   51  22:11:57   -49578.030929       0.0839     0.015447   -15.355267          3
MinModeTranslate:   52  22:11:58   -49578.031479       0.0801     --------   -15.525873          3
MinModeTranslate:   52  22:11:58   -49578.031479       0.0801     0.010887   -15.525873          3
MinModeTranslate:   53  22:11:58   -49578.031840       0.0814     --------   -15.658851          3
MinModeTranslate:   53  22:11:58   -49578.031840       0.0814     0.012867   -15.658851          3
MinModeTranslate:   54  22:11:58   -49578.032173       0.0723     --------   -15.735757          3
MinModeTranslate:   54  22:11:58   -49578.032173       0.0723     0.021649   -15.735757          3
MinModeTranslate:   55  22:11:58   -49578.032786       0.0812     --------   -15.732672          3
MinModeTranslate:   55  22:11:58   -49578.032786       0.0812     0.018836   -15.732672          3
MinModeTranslate:   56  22:11:58   -49578.033346       0.1139     --------   -15.675788          3
MinModeTranslate:   56  22:11:58   -49578.033346       0.1139     0.020200   -15.675788          3
MinModeTranslate:   57  22:11:58   -49578.033910       0.0754     --------   -15.711311          3
MinModeTranslate:   57  22:11:58   -49578.033910       0.0754     0.027797   -15.711311          3
MinModeTranslate:   58  22:11:58   -49578.034567       0.0824     --------   -16.064914          3
MinModeTranslate:   58  22:11:58   -49578.034567       0.0824     0.023704   -16.064914          3
MinModeTranslate:   59  22:11:58   -49578.035084       0.1338     --------   -16.349937          3
MinModeTranslate:   59  22:11:59   -49578.035084       0.1338     0.026234   -16.349937          3
MinModeTranslate:   60  22:11:59   -49578.035725       0.0952     --------   -16.554830          3
MinModeTranslate:   60  22:11:59   -49578.035725       0.0952     0.026404   -16.554830          3
MinModeTranslate:   61  22:11:59   -49578.036424       0.0725     --------   -16.659132          3
MinModeTranslate:   61  22:11:59   -49578.036424       0.0725     0.024228   -16.659132          3
MinModeTranslate:   62  22:11:59   -49578.036994       0.1080     --------   -16.688781          2
MinModeTranslate:   62  22:11:59   -49578.036994       0.1080     0.030387   -16.688781          2
MinModeTranslate:   63  22:11:59   -49578.037607       0.0674     --------   -16.659215          3
MinModeTranslate:   63  22:11:59   -49578.037607       0.0674     0.029403   -16.659215          3
MinModeTranslate:   64  22:11:59   -49578.038218       0.1168     --------   -16.614556          3
MinModeTranslate:   64  22:11:59   -49578.038218       0.1168     0.033447   -16.614556          3
MinModeTranslate:   65  22:11:59   -49578.039000       0.0968     --------   -16.546165          3
MinModeTranslate:   65  22:11:59   -49578.039000       0.0968     0.042049   -16.546165          3
MinModeTranslate:   66  22:11:59   -49578.039995       0.0906     --------   -16.419557          3
MinModeTranslate:   66  22:11:59   -49578.039995       0.0906     0.036703   -16.419557          3
MinModeTranslate:   67  22:12:00   -49578.040746       0.1359     --------   -16.408826          3
MinModeTranslate:   67  22:12:00   -49578.040746       0.1359     0.051763   -16.408826          3
MinModeTranslate:   68  22:12:00   -49578.041718       0.1262     --------   -16.555343          3
MinModeTranslate:   68  22:12:00   -49578.041718       0.1262     0.054472   -16.555343          3
MinModeTranslate:   69  22:12:00   -49578.042807       0.1241     --------   -16.745628          3
MinModeTranslate:   69  22:12:00   -49578.042807       0.1241     0.060062   -16.745628          3
MinModeTranslate:   70  22:12:00   -49578.044177       0.1333     --------   -16.859280          3
MinModeTranslate:   70  22:12:00   -49578.044177       0.1333     0.058951   -16.859280          3
MinModeTranslate:   71  22:12:00   -49578.045465       0.1157     --------   -16.721242          3
MinModeTranslate:   71  22:12:00   -49578.045465       0.1157     0.076745   -16.721242          3
MinModeTranslate:   72  22:12:00   -49578.046765       0.1398     --------   -16.218150          3
MinModeTranslate:   72  22:12:00   -49578.046765       0.1398     0.097408   -16.218150          3
MinModeTranslate:   73  22:12:00   -49578.048364       0.1768     --------   -15.643840          3
MinModeTranslate:   73  22:12:00   -49578.048364       0.1768     0.056672   -15.643840          3
MinModeTranslate:   74  22:12:00   -49578.049564       0.0915     --------   -15.331895          3
MinModeTranslate:   74  22:12:00   -49578.049564       0.0915     0.042562   -15.331895          3
MinModeTranslate:   75  22:12:01   -49578.050638       0.0763     --------   -15.126576          3
MinModeTranslate:   75  22:12:01   -49578.050638       0.0763     0.036153   -15.126576          3
MinModeTranslate:   76  22:12:01   -49578.051496       0.1078     --------   -15.106226          3
MinModeTranslate:   76  22:12:01   -49578.051496       0.1078     0.043678   -15.106226          3
MinModeTranslate:   77  22:12:01   -49578.052481       0.1654     --------   -15.143491          3
MinModeTranslate:   77  22:12:01   -49578.052481       0.1654     0.075384   -15.143491          3
MinModeTranslate:   78  22:12:01   -49578.054208       0.1035     --------   -15.137380          3
MinModeTranslate:   78  22:12:01   -49578.054208       0.1035     0.068248   -15.137380          3
MinModeTranslate:   79  22:12:01   -49578.055709       0.1210     --------   -15.118913          3
MinModeTranslate:   79  22:12:01   -49578.055709       0.1210     0.057423   -15.118913          3
MinModeTranslate:   80  22:12:01   -49578.056962       0.1340     --------   -15.037044          3
MinModeTranslate:   80  22:12:01   -49578.056962       0.1340     0.046511   -15.037044          3
MinModeTranslate:   81  22:12:01   -49578.057984       0.1008     --------   -14.812858          3
MinModeTranslate:   81  22:12:01   -49578.057984       0.1008     0.052716   -14.812858          3
MinModeTranslate:   82  22:12:01   -49578.059108       0.1056     --------   -14.394131          3
MinModeTranslate:   82  22:12:01   -49578.059108       0.1056     0.053914   -14.394131          3
MinModeTranslate:   83  22:12:02   -49578.060377       0.0770     --------   -13.946726          3
MinModeTranslate:   83  22:12:02   -49578.060377       0.0770     0.030572   -13.946726          3
MinModeTranslate:   84  22:12:02   -49578.061097       0.1084     --------   -13.882388          3
MinModeTranslate:   84  22:12:02   -49578.061097       0.1084     0.046517   -13.882388          3
MinModeTranslate:   85  22:12:02   -49578.062185       0.1022     --------   -13.959137          3
MinModeTranslate:   85  22:12:02   -49578.062185       0.1022     0.035751   -13.959137          3
MinModeTranslate:   86  22:12:02   -49578.062957       0.0931     --------   -14.081162          3
MinModeTranslate:   86  22:12:02   -49578.062957       0.0931     0.046064   -14.081162          3
MinModeTranslate:   87  22:12:02   -49578.063978       0.1192     --------   -14.369651          3
MinModeTranslate:   87  22:12:02   -49578.063978       0.1192     0.029197   -14.369651          3
MinModeTranslate:   88  22:12:02   -49578.064651       0.0754     --------   -14.574588          3
MinModeTranslate:   88  22:12:02   -49578.064651       0.0754     0.032030   -14.574588          3
MinModeTranslate:   89  22:12:02   -49578.065367       0.0795     --------   -14.755446          3
MinModeTranslate:   89  22:12:02   -49578.065367       0.0795     0.023294   -14.755446          3
MinModeTranslate:   90  22:12:02   -49578.065870       0.0825     --------   -14.823382          3
MinModeTranslate:   90  22:12:03   -49578.065870       0.0825     0.025543   -14.823382          3
MinModeTranslate:   91  22:12:03   -49578.066402       0.0859     --------   -14.792573          3
MinModeTranslate:   91  22:12:03   -49578.066402       0.0859     0.043813   -14.792573          3
MinModeTranslate:   92  22:12:03   -49578.067332       0.0656     --------   -14.621816          3
MinModeTranslate:   92  22:12:03   -49578.067332       0.0656     0.024253   -14.621816          3
MinModeTranslate:   93  22:12:03   -49578.067858       0.0652     --------   -14.640018          3
MinModeTranslate:   93  22:12:03   -49578.067858       0.0652     0.031635   -14.640018          3
MinModeTranslate:   94  22:12:03   -49578.068489       0.1096     --------   -14.921288          3
MinModeTranslate:   94  22:12:03   -49578.068489       0.1096     0.034288   -14.921288          3
MinModeTranslate:   95  22:12:03   -49578.069162       0.1086     --------   -15.402468          3
MinModeTranslate:   95  22:12:03   -49578.069162       0.1086     0.038820   -15.402468          3
MinModeTranslate:   96  22:12:03   -49578.069931       0.0764     --------   -15.965117          3
MinModeTranslate:   96  22:12:03   -49578.069931       0.0764     0.048591   -15.965117          3
MinModeTranslate:   97  22:12:03   -49578.070892       0.0731     --------   -16.480695          3
MinModeTranslate:   97  22:12:03   -49578.070892       0.0731     0.047341   -16.480695          3
MinModeTranslate:   98  22:12:04   -49578.071823       0.0975     --------   -16.922017          3
MinModeTranslate:   98  22:12:04   -49578.071823       0.0975     0.029791   -16.922017          3
MinModeTranslate:   99  22:12:04   -49578.072394       0.0732     --------   -17.187190          3
MinModeTranslate:   99  22:12:04   -49578.072394       0.0732     0.028653   -17.187190          3
MinModeTranslate:  100  22:12:04   -49578.072927       0.0700     --------   -17.404270          3
MinModeTranslate:  100  22:12:04   -49578.072927       0.0700     0.039496   -17.404270          3
MinModeTranslate:  101  22:12:04   -49578.073733       0.0985     --------   -17.736913          3
MinModeTranslate:  101  22:12:04   -49578.073733       0.0985     0.035657   -17.736913          3
MinModeTranslate:  102  22:12:04   -49578.074451       0.0800     --------   -18.046905          3
MinModeTranslate:  102  22:12:04   -49578.074451       0.0800     0.053125   -18.046905          3
MinModeTranslate:  103  22:12:04   -49578.075365       0.1016     --------   -18.579672          3
MinModeTranslate:  103  22:12:04   -49578.075365       0.1016     0.056197   -18.579672          3
MinModeTranslate:  104  22:12:04   -49578.076341       0.1136     --------   -19.238304          3
MinModeTranslate:  104  22:12:04   -49578.076341       0.1136     0.037217   -19.238304          3
MinModeTranslate:  105  22:12:04   -49578.077084       0.0939     --------   -19.742586          3
MinModeTranslate:  105  22:12:04   -49578.077084       0.0939     0.058048   -19.742586          3
MinModeTranslate:  106  22:12:05   -49578.078254       0.0847     --------   -20.494222          3
MinModeTranslate:  106  22:12:05   -49578.078254       0.0847     0.100000   -20.494222          3
MinModeTranslate:  107  22:12:05   -49578.080372       0.1351     --------   -21.465145          3
MinModeTranslate:  107  22:12:05   -49578.080372       0.1351     0.100000   -21.465145          3
MinModeTranslate:  108  22:12:05   -49578.084139       0.1949     --------   -22.144210          3
MinModeTranslate:  108  22:12:05   -49578.084139       0.1949     0.100000   -22.144210          3
MinModeTranslate:  109  22:12:05   -49578.093365       0.3007     --------   -22.746668          3
MinModeTranslate:  109  22:12:05   -49578.093365       0.3007     0.100000   -22.746668          3
MinModeTranslate:  110  22:12:05   -49578.113696       0.5771     --------   -23.312628          3
MinModeTranslate:  110  22:12:05   -49578.113696       0.5771     0.100000   -23.312628          3
MinModeTranslate:  111  22:12:05   -49578.154874       0.9162     --------   -21.263147          3
MinModeTranslate:  111  22:12:05   -49578.154874       0.9162     0.100000   -21.263147          3
MinModeTranslate:  112  22:12:05   -49578.213917       0.8657     --------   -12.007088          3
MinModeTranslate:  112  22:12:05   -49578.213917       0.8657     0.100000   -12.007088          3
MinModeTranslate:  113  22:12:06   -49578.204542       0.9033     --------    -5.429327          3
MinModeTranslate:  113  22:12:06   -49578.204542       0.9033     0.030521    -5.429327          3
MinModeTranslate:  114  22:12:06   -49578.183737       1.0068     --------    -5.674496          3
MinModeTranslate:  114  22:12:06   -49578.183737       1.0068     0.091753    -5.674496          3
MinModeTranslate:  115  22:12:06   -49578.142082       1.2874     --------    -5.993416          3
MinModeTranslate:  115  22:12:06   -49578.142082       1.2874     0.083631    -5.993416          3
MinModeTranslate:  116  22:12:06   -49578.134782       0.6877     --------    -0.097288          3
MinModeTranslate:  116  22:12:06   -49578.134782       0.6877     0.070123    -0.097288          3
MinModeTranslate:  117  22:12:06   -49578.122563       0.3816     --------     1.794954          3
MinModeTranslate:  117  22:12:06   -49578.122563       0.3816     0.100000     1.794954          3
MinModeTranslate:  118  22:12:06   -49578.063503       0.4669     --------     1.133591          3
MinModeTranslate:  118  22:12:06   -49578.063503       0.4669     0.100000     1.133591          3
MinModeTranslate:  119  22:12:06   -49577.996448       0.5141     --------     1.013072          3
MinModeTranslate:  119  22:12:06   -49577.996448       0.5141     0.100000     1.013072          3
MinModeTranslate:  120  22:12:06   -49577.923730       0.5230     --------     1.210074          3
MinModeTranslate:  120  22:12:06   -49577.923730       0.5230     0.100000     1.210074          3
MinModeTranslate:  121  22:12:06   -49577.850705       0.5784     --------     1.455911          3
MinModeTranslate:  121  22:12:06   -49577.850705       0.5784     0.100000     1.455911          3
MinModeTranslate:  122  22:12:07   -49577.767529       0.6400     --------     1.948047          3
MinModeTranslate:  122  22:12:07   -49577.767529       0.6400     0.100000     1.948047          3
MinModeTranslate:  123  22:12:07   -49577.673078       0.7568     --------     1.619118          3
MinModeTranslate:  123  22:12:07   -49577.673078       0.7568     0.100000     1.619118          3
MinModeTranslate:  124  22:12:07   -49577.563379       0.8045     --------     0.743997          3
MinModeTranslate:  124  22:12:07   -49577.563379       0.8045     0.100000     0.743997          3
MinModeTranslate:  125  22:12:07   -49577.448739       1.1484     --------    -0.489231          3
MinModeTranslate:  125  22:12:07   -49577.448739       1.1484     0.100000    -0.489231          3
MinModeTranslate:  126  22:12:07   -49577.395493       1.1036     --------    -1.165368          3
MinModeTranslate:  126  22:12:07   -49577.395493       1.1036     0.100000    -1.165368          3
MinModeTranslate:  127  22:12:07   -49577.404823       1.2619     --------    -1.745848          3
MinModeTranslate:  127  22:12:07   -49577.404823       1.2619     0.100000    -1.745848          3
MinModeTranslate:  128  22:12:07   -49577.437891       1.0163     --------    -2.288778          3
MinModeTranslate:  128  22:12:07   -49577.437891       1.0163     0.100000    -2.288778          3
MinModeTranslate:  129  22:12:07   -49577.474777       0.6414     --------    -3.376301          3
MinModeTranslate:  129  22:12:07   -49577.474777       0.6414     0.100000    -3.376301          3
MinModeTranslate:  130  22:12:08   -49577.503485       1.5856     --------    -8.455289          3
MinModeTranslate:  130  22:12:08   -49577.503485       1.5856     0.100000    -8.455289          3
MinModeTranslate:  131  22:12:08   -49577.559090       0.8342     --------   -16.156258          3
MinModeTranslate:  131  22:12:08   -49577.559090       0.8342     0.023010   -16.156258          3
MinModeTranslate:  132  22:12:08   -49577.567304       0.7770     --------   -19.136238          3
MinModeTranslate:  132  22:12:08   -49577.567304       0.7770     0.087015   -19.136238          3
MinModeTranslate:  133  22:12:08   -49577.599065       0.6827     --------   -16.895789          3
MinModeTranslate:  133  22:12:08   -49577.599065       0.6827     0.061417   -16.895789          3
MinModeTranslate:  134  22:12:08   -49577.638182       0.4560     --------   -14.221563          3
MinModeTranslate:  134  22:12:08   -49577.638182       0.4560     0.100000   -14.221563          3
MinModeTranslate:  135  22:12:08   -49577.681141       0.6867     --------   -15.732781          3
MinModeTranslate:  135  22:12:08   -49577.681141       0.6867     0.100000   -15.732781          3
MinModeTranslate:  136  22:12:08   -49577.724934       0.4933     --------   -13.649629          3
MinModeTranslate:  136  22:12:08   -49577.724934       0.4933     0.100000   -13.649629          3
MinModeTranslate:  137  22:12:08   -49577.765020       0.3344     --------     4.877234          3
MinModeTranslate:  137  22:12:08   -49577.765020       0.3344     0.100000     4.877234          3
MinModeTranslate:  138  22:12:09   -49577.619768       3.2647     --------    -5.309431          3
MinModeTranslate:  138  22:12:09   -49577.619768       3.2647     0.073231    -5.309431          3
MinModeTranslate:  139  22:12:09   -49577.746826       0.3023     --------     0.041431          3
MinModeTranslate:  139  22:12:09   -49577.746826       0.3023     0.100000     0.041431          3
MinModeTranslate:  140  22:12:09   -49577.554399       4.2278     --------    -8.526201          3
MinModeTranslate:  140  22:12:09   -49577.554399       4.2278     0.088209    -8.526201          3
MinModeTranslate:  141  22:12:09   -49577.734999       1.2404     --------    -1.479262          3
MinModeTranslate:  141  22:12:09   -49577.734999       1.2404     0.024975    -1.479262          3
MinModeTranslate:  142  22:12:09   -49577.761506       0.5373     --------    -3.288995          3
MinModeTranslate:  142  22:12:09   -49577.761506       0.5373     0.029014    -3.288995          3
MinModeTranslate:  143  22:12:09   -49577.769016       0.4981     --------    -5.622485          3
MinModeTranslate:  143  22:12:09   -49577.769016       0.4981     0.041013    -5.622485          3
MinModeTranslate:  144  22:12:09   -49577.770182       0.5100     --------    -9.002554          3
MinModeTranslate:  144  22:12:09   -49577.770182       0.5100     0.044021    -9.002554          3
MinModeTranslate:  145  22:12:09   -49577.777065       0.5116     --------   -11.476755          3
MinModeTranslate:  145  22:12:09   -49577.777065       0.5116     0.034558   -11.476755          3
MinModeTranslate:  146  22:12:10   -49577.787874       0.3947     --------    -8.573856          3
MinModeTranslate:  146  22:12:10   -49577.787874       0.3947     0.051855    -8.573856          3
MinModeTranslate:  147  22:12:10   -49577.800012       0.9585     --------    -9.442207          3
MinModeTranslate:  147  22:12:10   -49577.800012       0.9585     0.100000    -9.442207          3
MinModeTranslate:  148  22:12:10   -49577.834926       0.7981     --------   -11.773002          3
MinModeTranslate:  148  22:12:10   -49577.834926       0.7981     0.071095   -11.773002          3
MinModeTranslate:  149  22:12:10   -49577.858816       0.6423     --------   -11.203974          3
MinModeTranslate:  149  22:12:10   -49577.858816       0.6423     0.100000   -11.203974          3
MinModeTranslate:  150  22:12:10   -49577.880023       0.6743     --------   -12.615603          3
MinModeTranslate:  150  22:12:10   -49577.880023       0.6743     0.066406   -12.615603          3
MinModeTranslate:  151  22:12:10   -49577.901439       0.6943     --------   -14.224349          3
MinModeTranslate:  151  22:12:10   -49577.901439       0.6943     0.072735   -14.224349          3
MinModeTranslate:  152  22:12:10   -49577.913743       0.5897     --------   -12.705829          3
MinModeTranslate:  152  22:12:10   -49577.913743       0.5897     0.064873   -12.705829          3
MinModeTranslate:  153  22:12:10   -49577.932902       0.4664     --------    -9.103772          3
MinModeTranslate:  153  22:12:11   -49577.932902       0.4664     0.055491    -9.103772          3
MinModeTranslate:  154  22:12:11   -49577.949451       0.6190     --------    -8.870556          3
MinModeTranslate:  154  22:12:11   -49577.949451       0.6190     0.071025    -8.870556          3
MinModeTranslate:  155  22:12:11   -49577.967832       0.5001     --------    -9.024677          3
MinModeTranslate:  155  22:12:11   -49577.967832       0.5001     0.100000    -9.024677          3
MinModeTranslate:  156  22:12:11   -49577.992850       0.5549     --------    -9.034492          3
MinModeTranslate:  156  22:12:11   -49577.992850       0.5549     0.100000    -9.034492          3
MinModeTranslate:  157  22:12:11   -49578.016027       0.7866     --------    -9.974607          3
MinModeTranslate:  157  22:12:11   -49578.016027       0.7866     0.100000    -9.974607          3
MinModeTranslate:  158  22:12:11   -49578.038102       0.5911     --------   -12.173753          3
MinModeTranslate:  158  22:12:11   -49578.038102       0.5911     0.044446   -12.173753          3
MinModeTranslate:  159  22:12:11   -49578.061361       0.4726     --------   -14.652313          3
MinModeTranslate:  159  22:12:11   -49578.061361       0.4726     0.087888   -14.652313          3
MinModeTranslate:  160  22:12:11   -49578.089719       0.8336     --------   -12.477335          3
MinModeTranslate:  160  22:12:11   -49578.089719       0.8336     0.100000   -12.477335          3
MinModeTranslate:  161  22:12:12   -49578.139620       0.7666     --------    -4.924587          3
MinModeTranslate:  161  22:12:12   -49578.139620       0.7666     0.041761    -4.924587          3
MinModeTranslate:  162  22:12:12   -49578.167409       0.7317     --------    -2.335346          3
MinModeTranslate:  162  22:12:12   -49578.167409       0.7317     0.059536    -2.335346          3
MinModeTranslate:  163  22:12:12   -49578.179345       0.9659     --------    -2.412420          3
MinModeTranslate:  163  22:12:12   -49578.179345       0.9659     0.068507    -2.412420          3
MinModeTranslate:  164  22:12:12   -49578.181948       0.8443     --------    -2.247246          3
MinModeTranslate:  164  22:12:12   -49578.181948       0.8443     0.070501    -2.247246          3
MinModeTranslate:  165  22:12:12   -49578.174730       0.8125     --------    -1.566442          3
MinModeTranslate:  165  22:12:12   -49578.174730       0.8125     0.063168    -1.566442          3
MinModeTranslate:  166  22:12:12   -49578.164947       0.7748     --------    -1.659109          3
MinModeTranslate:  166  22:12:12   -49578.164947       0.7748     0.079649    -1.659109          3
MinModeTranslate:  167  22:12:12   -49578.161969       0.5948     --------    -2.053964          3
MinModeTranslate:  167  22:12:12   -49578.161969       0.5948     0.070277    -2.053964          3
MinModeTranslate:  168  22:12:13   -49578.159055       0.5724     --------    -2.955590          3
MinModeTranslate:  168  22:12:13   -49578.159055       0.5724     0.052649    -2.955590          3
MinModeTranslate:  169  22:12:13   -49578.159036       0.3588     --------    -3.677532          3
MinModeTranslate:  169  22:12:13   -49578.159036       0.3588     0.034397    -3.677532          3
MinModeTranslate:  170  22:12:13   -49578.163635       0.2665     --------    -3.370967          3
MinModeTranslate:  170  22:12:13   -49578.163635       0.2665     0.025561    -3.370967          3
MinModeTranslate:  171  22:12:13   -49578.168180       0.2677     --------    -3.087911          3
MinModeTranslate:  171  22:12:13   -49578.168180       0.2677     0.026077    -3.087911          3
MinModeTranslate:  172  22:12:13   -49578.173470       0.2463     --------    -2.603797          3
MinModeTranslate:  172  22:12:13   -49578.173470       0.2463     0.022668    -2.603797          3
MinModeTranslate:  173  22:12:13   -49578.177964       0.1721     --------    -2.411483          3
MinModeTranslate:  173  22:12:13   -49578.177964       0.1721     0.021921    -2.411483          3
MinModeTranslate:  174  22:12:13   -49578.181592       0.2001     --------    -2.386856          3
MinModeTranslate:  174  22:12:13   -49578.181592       0.2001     0.031196    -2.386856          3
MinModeTranslate:  175  22:12:13   -49578.185872       0.1854     --------    -2.183209          3
MinModeTranslate:  175  22:12:14   -49578.185872       0.1854     0.030233    -2.183209          3
MinModeTranslate:  176  22:12:14   -49578.189210       0.1617     --------    -2.468454          3
MinModeTranslate:  176  22:12:14   -49578.189210       0.1617     0.031181    -2.468454          3
MinModeTranslate:  177  22:12:14   -49578.191261       0.1204     --------    -2.941433          3
MinModeTranslate:  177  22:12:14   -49578.191261       0.1204     0.022742    -2.941433          3
MinModeTranslate:  178  22:12:14   -49578.191904       0.1773     --------    -3.408354          3
MinModeTranslate:  178  22:12:14   -49578.191904       0.1773     0.017712    -3.408354          3
MinModeTranslate:  179  22:12:14   -49578.192033       0.1538     --------    -3.878167          3
MinModeTranslate:  179  22:12:14   -49578.192033       0.1538     0.024884    -3.878167          3
MinModeTranslate:  180  22:12:14   -49578.192281       0.1088     --------    -4.361768          3
MinModeTranslate:  180  22:12:14   -49578.192281       0.1088     0.024115    -4.361768          3
MinModeTranslate:  181  22:12:14   -49578.193224       0.1249     --------    -4.814485          3
MinModeTranslate:  181  22:12:14   -49578.193224       0.1249     0.016421    -4.814485          3
MinModeTranslate:  182  22:12:14   -49578.194418       0.0826     --------    -5.268861          3
MinModeTranslate:  182  22:12:14   -49578.194418       0.0826     0.015915    -5.268861          3
MinModeTranslate:  183  22:12:15   -49578.195674       0.1068     --------    -5.572673          3
MinModeTranslate:  183  22:12:15   -49578.195674       0.1068     0.024376    -5.572673          3
MinModeTranslate:  184  22:12:15   -49578.197543       0.1242     --------    -5.914511          3
MinModeTranslate:  184  22:12:15   -49578.197543       0.1242     0.047120    -5.914511          3
MinModeTranslate:  185  22:12:15   -49578.200759       0.2421     --------    -6.184695          3
MinModeTranslate:  185  22:12:15   -49578.200759       0.2421     0.091536    -6.184695          3
MinModeTranslate:  186  22:12:15   -49578.206496       0.3629     --------    -6.077284          3
MinModeTranslate:  186  22:12:15   -49578.206496       0.3629     0.100000    -6.077284          3
MinModeTranslate:  187  22:12:15   -49578.219210       0.4603     --------    -5.540128          3
MinModeTranslate:  187  22:12:15   -49578.219210       0.4603     0.100000    -5.540128          3
MinModeTranslate:  188  22:12:15   -49578.254713       0.8105     --------    -5.175181          3
MinModeTranslate:  188  22:12:15   -49578.254713       0.8105     0.100000    -5.175181          3
MinModeTranslate:  189  22:12:15   -49578.317920       1.0826     --------    -3.864401          3
MinModeTranslate:  189  22:12:15   -49578.317920       1.0826     0.100000    -3.864401          3
MinModeTranslate:  190  22:12:15   -49578.390310       1.6311     --------    -2.977323          3
MinModeTranslate:  190  22:12:15   -49578.390310       1.6311     0.100000    -2.977323          3
MinModeTranslate:  191  22:12:16   -49578.461272       1.5345     --------    -4.911331          3
MinModeTranslate:  191  22:12:16   -49578.461272       1.5345     0.038400    -4.911331          3
MinModeTranslate:  192  22:12:16   -49578.514008       0.6941     --------    -5.696368          3
MinModeTranslate:  192  22:12:16   -49578.514008       0.6941     0.076005    -5.696368          3
MinModeTranslate:  193  22:12:16   -49578.557732       0.8081     --------    -9.254641          3
MinModeTranslate:  193  22:12:16   -49578.557732       0.8081     0.100000    -9.254641          3
MinModeTranslate:  194  22:12:16   -49578.617818       0.9536     --------   -13.186604          3
MinModeTranslate:  194  22:12:16   -49578.617818       0.9536     0.031088   -13.186604          3
MinModeTranslate:  195  22:12:16   -49578.643730       0.6371     --------   -12.900408          3
MinModeTranslate:  195  22:12:16   -49578.643730       0.6371     0.042088   -12.900408          3
MinModeTranslate:  196  22:12:16   -49578.663640       0.6137     --------   -11.853271          3
MinModeTranslate:  196  22:12:16   -49578.663640       0.6137     0.091077   -11.853271          3
MinModeTranslate:  197  22:12:16   -49578.699080       0.6374     --------   -10.824644          3
MinModeTranslate:  197  22:12:16   -49578.699080       0.6374     0.064230   -10.824644          3
MinModeTranslate:  198  22:12:16   -49578.723177       0.5918     --------   -12.169196          3
MinModeTranslate:  198  22:12:16   -49578.723177       0.5918     0.062677   -12.169196          3
MinModeTranslate:  199  22:12:17   -49578.741530       0.4374     --------   -14.777380          3
MinModeTranslate:  199  22:12:17   -49578.741530       0.4374     0.042157   -14.777380          3
MinModeTranslate:  200  22:12:17   -49578.750341       0.3705     --------   -17.727013          3
MinModeTranslate:  200  22:12:17   -49578.750341       0.3705     0.038604   -17.727013          3
MinModeTranslate:  201  22:12:17   -49578.759266       0.2949     --------   -19.669242          3
MinModeTranslate:  201  22:12:17   -49578.759266       0.2949     0.034106   -19.669242          3
MinModeTranslate:  202  22:12:17   -49578.768544       0.3223     --------   -20.270636          3
MinModeTranslate:  202  22:12:17   -49578.768544       0.3223     0.045773   -20.270636          3
MinModeTranslate:  203  22:12:17   -49578.779343       0.2967     --------   -21.093828          3
MinModeTranslate:  203  22:12:17   -49578.779343       0.2967     0.032081   -21.093828          3
MinModeTranslate:  204  22:12:17   -49578.783440       0.2193     --------   -20.520625          3
MinModeTranslate:  204  22:12:17   -49578.783440       0.2193     0.045715   -20.520625          3
MinModeTranslate:  205  22:12:17   -49578.787973       0.2892     --------   -18.255228          3
MinModeTranslate:  205  22:12:17   -49578.787973       0.2892     0.040115   -18.255228          3
MinModeTranslate:  206  22:12:17   -49578.795330       0.2635     --------   -16.475018          3
MinModeTranslate:  206  22:12:17   -49578.795330       0.2635     0.033057   -16.475018          3
MinModeTranslate:  207  22:12:18   -49578.800285       0.1823     --------   -16.153329          3
MinModeTranslate:  207  22:12:18   -49578.800285       0.1823     0.043484   -16.153329          3
MinModeTranslate:  208  22:12:18   -49578.802636       0.2692     --------   -17.883182          3
MinModeTranslate:  208  22:12:18   -49578.802636       0.2692     0.031309   -17.883182          3
MinModeTranslate:  209  22:12:18   -49578.805138       0.1914     --------   -18.943185          3
MinModeTranslate:  209  22:12:18   -49578.805138       0.1914     0.026703   -18.943185          3
MinModeTranslate:  210  22:12:18   -49578.808466       0.1445     --------   -19.575223          3
MinModeTranslate:  210  22:12:18   -49578.808466       0.1445     0.028919   -19.575223          3
MinModeTranslate:  211  22:12:18   -49578.811406       0.1766     --------   -19.778471          3
MinModeTranslate:  211  22:12:18   -49578.811406       0.1766     0.028423   -19.778471          3
MinModeTranslate:  212  22:12:18   -49578.813100       0.1703     --------   -20.070465          3
MinModeTranslate:  212  22:12:18   -49578.813100       0.1703     0.030434   -20.070465          3
MinModeTranslate:  213  22:12:18   -49578.815183       0.1765     --------   -19.716789          3
MinModeTranslate:  213  22:12:18   -49578.815183       0.1765     0.026994   -19.716789          3
MinModeTranslate:  214  22:12:18   -49578.817563       0.1791     --------   -19.522662          3
MinModeTranslate:  214  22:12:18   -49578.817563       0.1791     0.034218   -19.522662          3
MinModeTranslate:  215  22:12:19   -49578.820082       0.1604     --------   -19.248788          3
MinModeTranslate:  215  22:12:19   -49578.820082       0.1604     0.036536   -19.248788          3
MinModeTranslate:  216  22:12:19   -49578.821957       0.1353     --------   -18.596300          3
MinModeTranslate:  216  22:12:19   -49578.821957       0.1353     0.047822   -18.596300          3
MinModeTranslate:  217  22:12:19   -49578.824380       0.1441     --------   -18.225975          3
MinModeTranslate:  217  22:12:19   -49578.824380       0.1441     0.031396   -18.225975          3
MinModeTranslate:  218  22:12:19   -49578.826462       0.1050     --------   -17.719082          3
MinModeTranslate:  218  22:12:19   -49578.826462       0.1050     0.029929   -17.719082          3
MinModeTranslate:  219  22:12:19   -49578.828131       0.1429     --------   -17.862274          3
MinModeTranslate:  219  22:12:19   -49578.828131       0.1429     0.028075   -17.862274          3
MinModeTranslate:  220  22:12:19   -49578.829452       0.1334     --------   -17.975473          3
MinModeTranslate:  220  22:12:19   -49578.829452       0.1334     0.027809   -17.975473          3
MinModeTranslate:  221  22:12:19   -49578.830699       0.1197     --------   -18.057715          3
MinModeTranslate:  221  22:12:19   -49578.830699       0.1197     0.031222   -18.057715          3
MinModeTranslate:  222  22:12:19   -49578.832312       0.1012     --------   -17.934309          3
MinModeTranslate:  222  22:12:19   -49578.832312       0.1012     0.026360   -17.934309          3
MinModeTranslate:  223  22:12:20   -49578.833533       0.1196     --------   -17.617108          3
MinModeTranslate:  223  22:12:20   -49578.833533       0.1196     0.042919   -17.617108          3
MinModeTranslate:  224  22:12:20   -49578.835158       0.1828     --------   -17.274904          3
MinModeTranslate:  224  22:12:20   -49578.835158       0.1828     0.041863   -17.274904          3
MinModeTranslate:  225  22:12:20   -49578.836837       0.1204     --------   -17.007693          3
MinModeTranslate:  225  22:12:20   -49578.836837       0.1204     0.038015   -17.007693          3
MinModeTranslate:  226  22:12:20   -49578.838454       0.1241     --------   -16.900341          3
MinModeTranslate:  226  22:12:20   -49578.838454       0.1241     0.036177   -16.900341          3
MinModeTranslate:  227  22:12:20   -49578.839970       0.0997     --------   -17.009037          3
MinModeTranslate:  227  22:12:20   -49578.839970       0.0997     0.031122   -17.009037          3
MinModeTranslate:  228  22:12:20   -49578.841099       0.0888     --------   -16.944000          3
MinModeTranslate:  228  22:12:20   -49578.841099       0.0888     0.039234   -16.944000          3
MinModeTranslate:  229  22:12:20   -49578.842505       0.0992     --------   -16.951004          3
MinModeTranslate:  229  22:12:20   -49578.842505       0.0992     0.025553   -16.951004          3
MinModeTranslate:  230  22:12:20   -49578.843519       0.0744     --------   -16.668520          3
MinModeTranslate:  230  22:12:20   -49578.843519       0.0744     0.018647   -16.668520          3
MinModeTranslate:  231  22:12:21   -49578.844167       0.0753     --------   -16.572834          3
MinModeTranslate:  231  22:12:21   -49578.844167       0.0753     0.019302   -16.572834          3
MinModeTranslate:  232  22:12:21   -49578.844747       0.0694     --------   -16.319955          3
MinModeTranslate:  232  22:12:21   -49578.844747       0.0694     0.014055   -16.319955          3
MinModeTranslate:  233  22:12:21   -49578.845155       0.0649     --------   -16.119396          3
MinModeTranslate:  233  22:12:21   -49578.845155       0.0649     0.014568   -16.119396          3
MinModeTranslate:  234  22:12:21   -49578.845588       0.0705     --------   -16.093913          3
MinModeTranslate:  234  22:12:21   -49578.845588       0.0705     0.013419   -16.093913          3
MinModeTranslate:  235  22:12:21   -49578.845972       0.0712     --------   -16.050096          3
MinModeTranslate:  235  22:12:21   -49578.845972       0.0712     0.010842   -16.050096          3
MinModeTranslate:  236  22:12:21   -49578.846249       0.0599     --------   -16.108526          3
MinModeTranslate:  236  22:12:21   -49578.846249       0.0599     0.014927   -16.108526          3
MinModeTranslate:  237  22:12:21   -49578.846588       0.0628     --------   -16.177263          3
MinModeTranslate:  237  22:12:21   -49578.846588       0.0628     0.013755   -16.177263          3
MinModeTranslate:  238  22:12:21   -49578.846912       0.0439     --------   -16.157943          3
MinModeTranslate:  238  22:12:21   -49578.846912       0.0439     0.013836   -16.157943          3
MinModeTranslate:  239  22:12:21   -49578.847241       0.0601     --------   -16.146787          3
MinModeTranslate:  239  22:12:22   -49578.847241       0.0601     0.015815   -16.146787          3
MinModeTranslate:  240  22:12:22   -49578.847585       0.0562     --------   -16.051539          2
MinModeTranslate:  240  22:12:22   -49578.847585       0.0562     0.012559   -16.051539          2
MinModeTranslate:  241  22:12:22   -49578.847808       0.0433     --------   -16.063985          2
MinModeTranslate:  241  22:12:22   -49578.847808       0.0433     0.008307   -16.063985          2
MinModeTranslate:  242  22:12:22   -49578.847949       0.0292     --------   -16.012008          2
MinModeTranslate:  242  22:12:22   -49578.847949       0.0292     0.008433   -16.012008          2
MinModeTranslate:  243  22:12:22   -49578.848109       0.0378     --------   -16.044951          1
MinModeTranslate:  243  22:12:22   -49578.848109       0.0378     0.007379   -16.044951          1
MinModeTranslate:  244  22:12:22   -49578.848250       0.0354     --------   -16.031938          1
MinModeTranslate:  244  22:12:22   -49578.848250       0.0354     0.009240   -16.031938          1
MinModeTranslate:  245  22:12:22   -49578.848390       0.0382     --------   -16.047438          1
MinModeTranslate:  245  22:12:22   -49578.848390       0.0382     0.009295   -16.047438          1
MinModeTranslate:  246  22:12:22   -49578.848507       0.0488     --------   -16.083620          2
MinModeTranslate:  246  22:12:22   -49578.848507       0.0488     0.010693   -16.083620          2
MinModeTranslate:  247  22:12:22   -49578.848662       0.0394     --------   -16.072221          2
MinModeTranslate:  247  22:12:22   -49578.848662       0.0394     0.011581   -16.072221          2
MinModeTranslate:  248  22:12:22   -49578.848840       0.0358     --------   -16.088125          3
MinModeTranslate:  248  22:12:22   -49578.848840       0.0358     0.007627   -16.088125          3
MinModeTranslate:  249  22:12:22   -49578.848935       0.0332     --------   -16.083089          1
MinModeTranslate:  249  22:12:22   -49578.848935       0.0332     0.006392   -16.083089          1
MinModeTranslate:  250  22:12:23   -49578.849021       0.0269     --------   -16.066624          1
MinModeTranslate:  250  22:12:23   -49578.849021       0.0269     0.005439   -16.066624          1
MinModeTranslate:  251  22:12:23   -49578.849066       0.0218     --------   -16.069428          1
MinModeTranslate:  251  22:12:23   -49578.849066       0.0218     0.005083   -16.069428          1
MinModeTranslate:  252  22:12:23   -49578.849125       0.0177     --------   -16.037139          1
MinModeTranslate:  252  22:12:23   -49578.849125       0.0177     0.006071   -16.037139          1
MinModeTranslate:  253  22:12:23   -49578.849195       0.0195     --------   -16.050803          1
MinModeTranslate:  253  22:12:23   -49578.849195       0.0195     0.005410   -16.050803          1
MinModeTranslate:  254  22:12:23   -49578.849252       0.0244     --------   -16.022351          1
MinModeTranslate:  254  22:12:23   -49578.849252       0.0244     0.007998   -16.022351          1
MinModeTranslate:  255  22:12:23   -49578.849313       0.0253     --------   -16.020185          2
MinModeTranslate:  255  22:12:23   -49578.849313       0.0253     0.009224   -16.020185          2
MinModeTranslate:  256  22:12:23   -49578.849406       0.0250     --------   -15.986572          2
MinModeTranslate:  256  22:12:23   -49578.849406       0.0250     0.009344   -15.986572          2
MinModeTranslate:  257  22:12:23   -49578.849490       0.0366     --------   -15.963730          2
MinModeTranslate:  257  22:12:23   -49578.849490       0.0366     0.010329   -15.963730          2
MinModeTranslate:  258  22:12:23   -49578.849576       0.0346     --------   -15.968790          2
MinModeTranslate:  258  22:12:23   -49578.849576       0.0346     0.010739   -15.968790          2
MinModeTranslate:  259  22:12:23   -49578.849657       0.0256     --------   -15.947489          1
MinModeTranslate:  259  22:12:23   -49578.849657       0.0256     0.012514   -15.947489          1
MinModeTranslate:  260  22:12:24   -49578.849773       0.0329     --------   -15.982137          2
MinModeTranslate:  260  22:12:24   -49578.849773       0.0329     0.011311   -15.982137          2
MinModeTranslate:  261  22:12:24   -49578.849862       0.0372     --------   -16.013248          2
MinModeTranslate:  261  22:12:24   -49578.849862       0.0372     0.012602   -16.013248          2
MinModeTranslate:  262  22:12:24   -49578.849969       0.0183     --------   -16.050504          2
MinModeTranslate:  262  22:12:24   -49578.849969       0.0183     0.009381   -16.050504          2
MinModeTranslate:  263  22:12:24   -49578.850028       0.0322     --------   -16.073551          2
MinModeTranslate:  263  22:12:24   -49578.850028       0.0322     0.010310   -16.073551          2
MinModeTranslate:  264  22:12:24   -49578.850109       0.0333     --------   -16.039288          3
MinModeTranslate:  264  22:12:24   -49578.850109       0.0333     0.011732   -16.039288          3
MinModeTranslate:  265  22:12:24   -49578.850192       0.0226     --------   -16.037857          3
MinModeTranslate:  265  22:12:24   -49578.850192       0.0226     0.013100   -16.037857          3
MinModeTranslate:  266  22:12:24   -49578.850301       0.0237     --------   -15.978912          2
MinModeTranslate:  266  22:12:24   -49578.850301       0.0237     0.011088   -15.978912          2
MinModeTranslate:  267  22:12:24   -49578.850362       0.0265     --------   -16.001755          2
MinModeTranslate:  267  22:12:24   -49578.850362       0.0265     0.013163   -16.001755          2
MinModeTranslate:  268  22:12:24   -49578.850452       0.0261     --------   -15.978112          1
MinModeTranslate:  268  22:12:24   -49578.850452       0.0261     0.013877   -15.978112          1
MinModeTranslate:  269  22:12:24   -49578.850549       0.0364     --------   -16.007833          2
MinModeTranslate:  269  22:12:24   -49578.850549       0.0364     0.016361   -16.007833          2
MinModeTranslate:  270  22:12:25   -49578.850674       0.0406     --------   -16.035229          2
MinModeTranslate:  270  22:12:25   -49578.850674       0.0406     0.017071   -16.035229          2
MinModeTranslate:  271  22:12:25   -49578.850795       0.0371     --------   -16.029076          2
MinModeTranslate:  271  22:12:25   -49578.850795       0.0371     0.018835   -16.029076          2
MinModeTranslate:  272  22:12:25   -49578.850909       0.0395     --------   -16.016004          1
MinModeTranslate:  272  22:12:25   -49578.850909       0.0395     0.021422   -16.016004          1
MinModeTranslate:  273  22:12:25   -49578.851035       0.0343     --------   -15.936870          3
MinModeTranslate:  273  22:12:25   -49578.851035       0.0343     0.018532   -15.936870          3
MinModeTranslate:  274  22:12:25   -49578.851167       0.0391     --------   -15.891877          2
MinModeTranslate:  274  22:12:25   -49578.851167       0.0391     0.024237   -15.891877          2
MinModeTranslate:  275  22:12:25   -49578.851342       0.0490     --------   -15.877625          3
MinModeTranslate:  275  22:12:25   -49578.851342       0.0490     0.030899   -15.877625          3
MinModeTranslate:  276  22:12:25   -49578.851529       0.0373     --------   -15.861312          3
MinModeTranslate:  276  22:12:25   -49578.851529       0.0373     0.033380   -15.861312          3
MinModeTranslate:  277  22:12:25   -49578.851738       0.0517     --------   -15.929261          2
MinModeTranslate:  277  22:12:25   -49578.851738       0.0517     0.037391   -15.929261          2
MinModeTranslate:  278  22:12:25   -49578.851999       0.0400     --------   -15.932369          3
MinModeTranslate:  278  22:12:25   -49578.851999       0.0400     0.029565   -15.932369          3
MinModeTranslate:  279  22:12:26   -49578.852197       0.0497     --------   -15.946578          2
MinModeTranslate:  279  22:12:26   -49578.852197       0.0497     0.030826   -15.946578          2
MinModeTranslate:  280  22:12:26   -49578.852387       0.0280     --------   -15.895111          2
MinModeTranslate:  280  22:12:26   -49578.852387       0.0280     0.022318   -15.895111          2
MinModeTranslate:  281  22:12:26   -49578.852536       0.0553     --------   -15.869050          3
MinModeTranslate:  281  22:12:26   -49578.852536       0.0553     0.035330   -15.869050          3
MinModeTranslate:  282  22:12:26   -49578.852778       0.0610     --------   -15.748420          3
MinModeTranslate:  282  22:12:26   -49578.852778       0.0610     0.029479   -15.748420          3
MinModeTranslate:  283  22:12:26   -49578.852988       0.0510     --------   -15.701399          3
MinModeTranslate:  283  22:12:26   -49578.852988       0.0510     0.049626   -15.701399          3
MinModeTranslate:  284  22:12:26   -49578.853317       0.0647     --------   -15.793402          2
MinModeTranslate:  284  22:12:26   -49578.853317       0.0647     0.053840   -15.793402          2
MinModeTranslate:  285  22:12:26   -49578.853650       0.0553     --------   -15.895893          3
MinModeTranslate:  285  22:12:26   -49578.853650       0.0553     0.063191   -15.895893          3
MinModeTranslate:  286  22:12:26   -49578.854018       0.0678     --------   -16.113118          3
MinModeTranslate:  286  22:12:26   -49578.854018       0.0678     0.081287   -16.113118          3
MinModeTranslate:  287  22:12:27   -49578.854570       0.0920     --------   -16.311385          3
MinModeTranslate:  287  22:12:27   -49578.854570       0.0920     0.045234   -16.311385          3
MinModeTranslate:  288  22:12:27   -49578.854881       0.0441     --------   -16.309244          3
MinModeTranslate:  288  22:12:27   -49578.854881       0.0441     0.031272   -16.309244          3
MinModeTranslate:  289  22:12:27   -49578.855136       0.0508     --------   -16.296873          3
MinModeTranslate:  289  22:12:27   -49578.855136       0.0508     0.031554   -16.296873          3
MinModeTranslate:  290  22:12:27   -49578.855416       0.0523     --------   -16.129917          3
MinModeTranslate:  290  22:12:27   -49578.855416       0.0523     0.031196   -16.129917          3
MinModeTranslate:  291  22:12:27   -49578.855747       0.0610     --------   -16.004510          3
MinModeTranslate:  291  22:12:27   -49578.855747       0.0610     0.047114   -16.004510          3
MinModeTranslate:  292  22:12:27   -49578.856248       0.0805     --------   -15.803185          3
MinModeTranslate:  292  22:12:27   -49578.856248       0.0805     0.040752   -15.803185          3
MinModeTranslate:  293  22:12:27   -49578.856621       0.0604     --------   -15.856751          3
MinModeTranslate:  293  22:12:27   -49578.856621       0.0604     0.044591   -15.856751          3
MinModeTranslate:  294  22:12:27   -49578.856996       0.1118     --------   -16.054075          3
MinModeTranslate:  294  22:12:27   -49578.856996       0.1118     0.060441   -16.054075          3
MinModeTranslate:  295  22:12:27   -49578.857603       0.0974     --------   -16.283230          3
MinModeTranslate:  295  22:12:28   -49578.857603       0.0974     0.072628   -16.283230          3
MinModeTranslate:  296  22:12:28   -49578.858466       0.0727     --------   -16.504101          3
MinModeTranslate:  296  22:12:28   -49578.858466       0.0727     0.055685   -16.504101          3
MinModeTranslate:  297  22:12:28   -49578.859070       0.0881     --------   -16.573212          3
MinModeTranslate:  297  22:12:28   -49578.859070       0.0881     0.057113   -16.573212          3
MinModeTranslate:  298  22:12:28   -49578.859561       0.1332     --------   -16.611075          3
MinModeTranslate:  298  22:12:28   -49578.859561       0.1332     0.049535   -16.611075          3
MinModeTranslate:  299  22:12:28   -49578.860087       0.0815     --------   -16.567038          3
MinModeTranslate:  299  22:12:28   -49578.860087       0.0815     0.056638   -16.567038          3
MinModeTranslate:  300  22:12:28   -49578.860799       0.0799     --------   -16.430301          3
MinModeTranslate:  300  22:12:28   -49578.860799       0.0799     0.058447   -16.430301          3
MinModeTranslate:  301  22:12:28   -49578.861553       0.0673     --------   -16.398446          3
MinModeTranslate:  301  22:12:28   -49578.861553       0.0673     0.072071   -16.398446          3
MinModeTranslate:  302  22:12:28   -49578.862275       0.0904     --------   -16.302927          3
MinModeTranslate:  302  22:12:28   -49578.862275       0.0904     0.089081   -16.302927          3
MinModeTranslate:  303  22:12:28   -49578.863152       0.0743     --------   -16.382992          3
MinModeTranslate:  303  22:12:28   -49578.863152       0.0743     0.077871   -16.382992          3
MinModeTranslate:  304  22:12:29   -49578.864039       0.1096     --------   -16.355467          3
MinModeTranslate:  304  22:12:29   -49578.864039       0.1096     0.100000   -16.355467          3
MinModeTranslate:  305  22:12:29   -49578.865168       0.1068     --------   -16.230680          3
MinModeTranslate:  305  22:12:29   -49578.865168       0.1068     0.095763   -16.230680          3
MinModeTranslate:  306  22:12:29   -49578.866026       0.0908     --------   -15.944274          3
MinModeTranslate:  306  22:12:29   -49578.866026       0.0908     0.073534   -15.944274          3
MinModeTranslate:  307  22:12:29   -49578.866577       0.1234     --------   -15.623764          3
MinModeTranslate:  307  22:12:29   -49578.866577       0.1234     0.071122   -15.623764          3
MinModeTranslate:  308  22:12:29   -49578.867255       0.0737     --------   -15.349444          3
MinModeTranslate:  308  22:12:29   -49578.867255       0.0737     0.041728   -15.349444          3
MinModeTranslate:  309  22:12:29   -49578.867899       0.0839     --------   -15.197375          3
MinModeTranslate:  309  22:12:29   -49578.867899       0.0839     0.050116   -15.197375          3
MinModeTranslate:  310  22:12:29   -49578.868711       0.1078     --------   -15.151004          3
MinModeTranslate:  310  22:12:29   -49578.868711       0.1078     0.051006   -15.151004          3
MinModeTranslate:  311  22:12:30   -49578.869420       0.0797     --------   -15.290367          3
MinModeTranslate:  311  22:12:30   -49578.869420       0.0797     0.050400   -15.290367          3
MinModeTranslate:  312  22:12:30   -49578.870072       0.0858     --------   -15.269497          3
MinModeTranslate:  312  22:12:30   -49578.870072       0.0858     0.042028   -15.269497          3
MinModeTranslate:  313  22:12:30   -49578.870681       0.1205     --------   -15.248442          3
MinModeTranslate:  313  22:12:30   -49578.870681       0.1205     0.038376   -15.248442          3
MinModeTranslate:  314  22:12:30   -49578.871293       0.0893     --------   -15.135076          3
MinModeTranslate:  314  22:12:30   -49578.871293       0.0893     0.041654   -15.135076          3
MinModeTranslate:  315  22:12:30   -49578.871954       0.0825     --------   -14.919862          3
MinModeTranslate:  315  22:12:30   -49578.871954       0.0825     0.066749   -14.919862          3
MinModeTranslate:  316  22:12:30   -49578.872912       0.1015     --------   -14.605684          3
MinModeTranslate:  316  22:12:30   -49578.872912       0.1015     0.056243   -14.605684          3
MinModeTranslate:  317  22:12:30   -49578.873620       0.0645     --------   -14.300174          3
MinModeTranslate:  317  22:12:30   -49578.873620       0.0645     0.026036   -14.300174          3
MinModeTranslate:  318  22:12:30   -49578.874098       0.0716     --------   -14.200906          3
MinModeTranslate:  318  22:12:30   -49578.874098       0.0716     0.036103   -14.200906          3
MinModeTranslate:  319  22:12:31   -49578.874736       0.0818     --------   -13.988112          3
MinModeTranslate:  319  22:12:31   -49578.874736       0.0818     0.032152   -13.988112          3
MinModeTranslate:  320  22:12:31   -49578.875274       0.0963     --------   -13.822598          3
MinModeTranslate:  320  22:12:31   -49578.875274       0.0963     0.034775   -13.822598          3
MinModeTranslate:  321  22:12:31   -49578.875868       0.0832     --------   -13.662269          3
MinModeTranslate:  321  22:12:31   -49578.875868       0.0832     0.035233   -13.662269          3
MinModeTranslate:  322  22:12:31   -49578.876461       0.1047     --------   -13.507003          3
MinModeTranslate:  322  22:12:31   -49578.876461       0.1047     0.032917   -13.507003          3
MinModeTranslate:  323  22:12:31   -49578.876942       0.0627     --------   -13.508008          3
MinModeTranslate:  323  22:12:31   -49578.876942       0.0627     0.017218   -13.508008          3
MinModeTranslate:  324  22:12:31   -49578.877243       0.0650     --------   -13.527134          2
MinModeTranslate:  324  22:12:31   -49578.877243       0.0650     0.024586   -13.527134          2
MinModeTranslate:  325  22:12:31   -49578.877661       0.0617     --------   -13.628791          3
MinModeTranslate:  325  22:12:31   -49578.877661       0.0617     0.028024   -13.628791          3
MinModeTranslate:  326  22:12:31   -49578.878099       0.0577     --------   -13.706969          3
MinModeTranslate:  326  22:12:31   -49578.878099       0.0577     0.022221   -13.706969          3
MinModeTranslate:  327  22:12:32   -49578.878462       0.0492     --------   -13.696484          3
MinModeTranslate:  327  22:12:32   -49578.878462       0.0492     0.017012   -13.696484          3
MinModeTranslate:  328  22:12:32   -49578.878739       0.0601     --------   -13.670430          2
MinModeTranslate:  328  22:12:32   -49578.878739       0.0601     0.016868   -13.670430          2
MinModeTranslate:  329  22:12:32   -49578.878984       0.0558     --------   -13.609082          3
MinModeTranslate:  329  22:12:32   -49578.878984       0.0558     0.013824   -13.609082          3
MinModeTranslate:  330  22:12:32   -49578.879200       0.0641     --------   -13.542104          1
MinModeTranslate:  330  22:12:32   -49578.879200       0.0641     0.020665   -13.542104          1
MinModeTranslate:  331  22:12:32   -49578.879516       0.0567     --------   -13.483388          2
MinModeTranslate:  331  22:12:32   -49578.879516       0.0567     0.017533   -13.483388          2
MinModeTranslate:  332  22:12:32   -49578.879749       0.0461     --------   -13.474307          2
MinModeTranslate:  332  22:12:32   -49578.879749       0.0461     0.015804   -13.474307          2
MinModeTranslate:  333  22:12:32   -49578.879972       0.0346     --------   -13.524789          2
MinModeTranslate:  333  22:12:32   -49578.879972       0.0346     0.016583   -13.524789          2
MinModeTranslate:  334  22:12:32   -49578.880201       0.0532     --------   -13.568668          3
MinModeTranslate:  334  22:12:32   -49578.880201       0.0532     0.020959   -13.568668          3
MinModeTranslate:  335  22:12:32   -49578.880470       0.0638     --------   -13.698647          3
MinModeTranslate:  335  22:12:32   -49578.880470       0.0638     0.019410   -13.698647          3
MinModeTranslate:  336  22:12:33   -49578.880740       0.0582     --------   -13.798261          3
MinModeTranslate:  336  22:12:33   -49578.880740       0.0582     0.019981   -13.798261          3
MinModeTranslate:  337  22:12:33   -49578.881005       0.0725     --------   -13.863408          1
MinModeTranslate:  337  22:12:33   -49578.881005       0.0725     0.025117   -13.863408          1
MinModeTranslate:  338  22:12:33   -49578.881295       0.0679     --------   -13.972833          2
MinModeTranslate:  338  22:12:33   -49578.881295       0.0679     0.016808   -13.972833          2
MinModeTranslate:  339  22:12:33   -49578.881502       0.0502     --------   -14.032155          2
MinModeTranslate:  339  22:12:33   -49578.881502       0.0502     0.023507   -14.032155          2
MinModeTranslate:  340  22:12:33   -49578.881805       0.0630     --------   -14.063092          3
MinModeTranslate:  340  22:12:33   -49578.881805       0.0630     0.028322   -14.063092          3
MinModeTranslate:  341  22:12:33   -49578.882159       0.0727     --------   -14.119609          3
MinModeTranslate:  341  22:12:33   -49578.882159       0.0727     0.037802   -14.119609          3
MinModeTranslate:  342  22:12:33   -49578.882602       0.0550     --------   -14.218175          3
MinModeTranslate:  342  22:12:33   -49578.882602       0.0550     0.028869   -14.218175          3
MinModeTranslate:  343  22:12:33   -49578.882908       0.0626     --------   -14.353295          3
MinModeTranslate:  343  22:12:33   -49578.882908       0.0626     0.035988   -14.353295          3
MinModeTranslate:  344  22:12:33   -49578.883326       0.0786     --------   -14.499211          3
MinModeTranslate:  344  22:12:33   -49578.883326       0.0786     0.026893   -14.499211          3
MinModeTranslate:  345  22:12:34   -49578.883655       0.0673     --------   -14.641138          3
MinModeTranslate:  345  22:12:34   -49578.883655       0.0673     0.032469   -14.641138          3
MinModeTranslate:  346  22:12:34   -49578.884045       0.0924     --------   -14.707539          3
MinModeTranslate:  346  22:12:34   -49578.884045       0.0924     0.035929   -14.707539          3
MinModeTranslate:  347  22:12:34   -49578.884435       0.0706     --------   -14.727428          3
MinModeTranslate:  347  22:12:34   -49578.884435       0.0706     0.028524   -14.727428          3
MinModeTranslate:  348  22:12:34   -49578.884750       0.0406     --------   -14.734802          2
MinModeTranslate:  348  22:12:34   -49578.884750       0.0406     0.022243   -14.734802          2
MinModeTranslate:  349  22:12:34   -49578.884964       0.0527     --------   -14.684693          2
MinModeTranslate:  349  22:12:34   -49578.884964       0.0527     0.023976   -14.684693          2
MinModeTranslate:  350  22:12:34   -49578.885226       0.0658     --------   -14.690203          2
MinModeTranslate:  350  22:12:34   -49578.885226       0.0658     0.041685   -14.690203          2
MinModeTranslate:  351  22:12:34   -49578.885703       0.0743     --------   -14.711763          3
MinModeTranslate:  351  22:12:34   -49578.885703       0.0743     0.034609   -14.711763          3
MinModeTranslate:  352  22:12:34   -49578.886080       0.0945     --------   -14.807154          2
MinModeTranslate:  352  22:12:34   -49578.886080       0.0945     0.045863   -14.807154          2
MinModeTranslate:  353  22:12:35   -49578.886527       0.0630     --------   -15.062947          3
MinModeTranslate:  353  22:12:35   -49578.886527       0.0630     0.035487   -15.062947          3
MinModeTranslate:  354  22:12:35   -49578.886887       0.0481     --------   -15.238444          3
MinModeTranslate:  354  22:12:35   -49578.886887       0.0481     0.030238   -15.238444          3
MinModeTranslate:  355  22:12:35   -49578.887205       0.0600     --------   -15.366815          3
MinModeTranslate:  355  22:12:35   -49578.887205       0.0600     0.032616   -15.366815          3
MinModeTranslate:  356  22:12:35   -49578.887568       0.0595     --------   -15.425572          3
MinModeTranslate:  356  22:12:35   -49578.887568       0.0595     0.031856   -15.425572          3
MinModeTranslate:  357  22:12:35   -49578.887901       0.0516     --------   -15.446498          3
MinModeTranslate:  357  22:12:35   -49578.887901       0.0516     0.027017   -15.446498          3
MinModeTranslate:  358  22:12:35   -49578.888183       0.0484     --------   -15.426499          3
MinModeTranslate:  358  22:12:35   -49578.888183       0.0484     0.031866   -15.426499          3
MinModeTranslate:  359  22:12:35   -49578.888502       0.0494     --------   -15.374911          3
MinModeTranslate:  359  22:12:35   -49578.888502       0.0494     0.028807   -15.374911          3
MinModeTranslate:  360  22:12:35   -49578.888815       0.0699     --------   -15.387046          3
MinModeTranslate:  360  22:12:35   -49578.888815       0.0699     0.030275   -15.387046          3
MinModeTranslate:  361  22:12:36   -49578.889139       0.0650     --------   -15.396048          2
MinModeTranslate:  361  22:12:36   -49578.889139       0.0650     0.035409   -15.396048          2
MinModeTranslate:  362  22:12:36   -49578.889487       0.0673     --------   -15.454050          3
MinModeTranslate:  362  22:12:36   -49578.889487       0.0673     0.035220   -15.454050          3
MinModeTranslate:  363  22:12:36   -49578.889822       0.0446     --------   -15.578003          3
MinModeTranslate:  363  22:12:36   -49578.889822       0.0446     0.020623   -15.578003          3
MinModeTranslate:  364  22:12:36   -49578.890032       0.0386     --------   -15.630042          3
MinModeTranslate:  364  22:12:36   -49578.890032       0.0386     0.033620   -15.630042          3
MinModeTranslate:  365  22:12:36   -49578.890395       0.0694     --------   -15.737684          3
MinModeTranslate:  365  22:12:36   -49578.890395       0.0694     0.024275   -15.737684          3
MinModeTranslate:  366  22:12:36   -49578.890649       0.0467     --------   -15.737060          3
MinModeTranslate:  366  22:12:36   -49578.890649       0.0467     0.021210   -15.737060          3
MinModeTranslate:  367  22:12:36   -49578.890850       0.0697     --------   -15.694663          2
MinModeTranslate:  367  22:12:36   -49578.890850       0.0697     0.034590   -15.694663          2
MinModeTranslate:  368  22:12:36   -49578.891157       0.0725     --------   -15.545441          2
MinModeTranslate:  368  22:12:36   -49578.891157       0.0725     0.028271   -15.545441          2
MinModeTranslate:  369  22:12:37   -49578.891452       0.0644     --------   -15.382170          3
MinModeTranslate:  369  22:12:37   -49578.891452       0.0644     0.027588   -15.382170          3
MinModeTranslate:  370  22:12:37   -49578.891735       0.0578     --------   -15.302860          3
MinModeTranslate:  370  22:12:37   -49578.891735       0.0578     0.027665   -15.302860          3
MinModeTranslate:  371  22:12:37   -49578.891982       0.0627     --------   -15.245328          2
MinModeTranslate:  371  22:12:37   -49578.891982       0.0627     0.041474   -15.245328          2
MinModeTranslate:  372  22:12:37   -49578.892354       0.0561     --------   -15.211960          3
MinModeTranslate:  372  22:12:37   -49578.892354       0.0561     0.027680   -15.211960          3
MinModeTranslate:  373  22:12:37   -49578.892625       0.0385     --------   -15.233964          3
MinModeTranslate:  373  22:12:37   -49578.892625       0.0385     0.024050   -15.233964          3
MinModeTranslate:  374  22:12:37   -49578.892837       0.0492     --------   -15.187534          3
MinModeTranslate:  374  22:12:37   -49578.892837       0.0492     0.019731   -15.187534          3
MinModeTranslate:  375  22:12:37   -49578.893018       0.0504     --------   -15.198941          2
MinModeTranslate:  375  22:12:37   -49578.893018       0.0504     0.015409   -15.198941          2
MinModeTranslate:  376  22:12:37   -49578.893146       0.0351     --------   -15.178998          2
MinModeTranslate:  376  22:12:37   -49578.893146       0.0351     0.014879   -15.178998          2
MinModeTranslate:  377  22:12:37   -49578.893282       0.0471     --------   -15.192044          2
MinModeTranslate:  377  22:12:37   -49578.893282       0.0471     0.016309   -15.192044          2
MinModeTranslate:  378  22:12:37   -49578.893423       0.0418     --------   -15.233318          2
MinModeTranslate:  378  22:12:38   -49578.893423       0.0418     0.016145   -15.233318          2
MinModeTranslate:  379  22:12:38   -49578.893576       0.0285     --------   -15.244199          2
MinModeTranslate:  379  22:12:38   -49578.893576       0.0285     0.012903   -15.244199          2
MinModeTranslate:  380  22:12:38   -49578.893670       0.0308     --------   -15.264038          2
MinModeTranslate:  380  22:12:38   -49578.893670       0.0308     0.015016   -15.264038          2
MinModeTranslate:  381  22:12:38   -49578.893795       0.0278     --------   -15.247117          3
MinModeTranslate:  381  22:12:38   -49578.893795       0.0278     0.010635   -15.247117          3
MinModeTranslate:  382  22:12:38   -49578.893863       0.0359     --------   -15.241083          2
MinModeTranslate:  382  22:12:38   -49578.893863       0.0359     0.008654   -15.241083          2
MinModeTranslate:  383  22:12:38   -49578.893935       0.0355     --------   -15.244782          1
MinModeTranslate:  383  22:12:38   -49578.893935       0.0355     0.009191   -15.244782          1
MinModeTranslate:  384  22:12:38   -49578.894007       0.0342     --------   -15.258712          2
MinModeTranslate:  384  22:12:38   -49578.894007       0.0342     0.007185   -15.258712          2
MinModeTranslate:  385  22:12:38   -49578.894053       0.0213     --------   -15.283242          2
MinModeTranslate:  385  22:12:38   -49578.894053       0.0213     0.007509   -15.283242          2
MinModeTranslate:  386  22:12:38   -49578.894112       0.0283     --------   -15.271702          1
MinModeTranslate:  386  22:12:38   -49578.894112       0.0283     0.009668   -15.271702          1
MinModeTranslate:  387  22:12:38   -49578.894184       0.0277     --------   -15.282914          1
MinModeTranslate:  387  22:12:38   -49578.894184       0.0277     0.008381   -15.282914          1
MinModeTranslate:  388  22:12:39   -49578.894235       0.0197     --------   -15.302510          1
MinModeTranslate:  388  22:12:39   -49578.894235       0.0197     0.007848   -15.302510          1
MinModeTranslate:  389  22:12:39   -49578.894296       0.0196     --------   -15.331393          1
MinModeTranslate:  389  22:12:39   -49578.894296       0.0196     0.009102   -15.331393          1
MinModeTranslate:  390  22:12:39   -49578.894340       0.0296     --------   -15.397654          1
MinModeTranslate:  390  22:12:39   -49578.894340       0.0296     0.007870   -15.397654          1
MinModeTranslate:  391  22:12:39   -49578.894386       0.0259     --------   -15.435187          2
MinModeTranslate:  391  22:12:39   -49578.894386       0.0259     0.006514   -15.435187          2
MinModeTranslate:  392  22:12:39   -49578.894435       0.0232     --------   -15.458575          1
MinModeTranslate:  392  22:12:39   -49578.894435       0.0232     0.007330   -15.458575          1
MinModeTranslate:  393  22:12:39   -49578.894486       0.0343     --------   -15.456457          1
MinModeTranslate:  393  22:12:39   -49578.894486       0.0343     0.007626   -15.456457          1
MinModeTranslate:  394  22:12:39   -49578.894522       0.0169     --------   -15.422268          1
MinModeTranslate:  394  22:12:39   -49578.894522       0.0169     0.006794   -15.422268          1
MinModeTranslate:  395  22:12:39   -49578.894552       0.0159     --------   -15.404645          2
MinModeTranslate:  395  22:12:39   -49578.894552       0.0159     0.008412   -15.404645          2
MinModeTranslate:  396  22:12:39   -49578.894605       0.0176     --------   -15.351477          2
MinModeTranslate:  396  22:12:39   -49578.894605       0.0176     0.009014   -15.351477          2
MinModeTranslate:  397  22:12:39   -49578.894661       0.0236     --------   -15.337142          2
MinModeTranslate:  397  22:12:39   -49578.894661       0.0236     0.008091   -15.337142          2
MinModeTranslate:  398  22:12:39   -49578.894709       0.0277     --------   -15.322623          1
MinModeTranslate:  398  22:12:40   -49578.894709       0.0277     0.009107   -15.322623          1
MinModeTranslate:  399  22:12:40   -49578.894747       0.0260     --------   -15.317154          1
MinModeTranslate:  399  22:12:40   -49578.894747       0.0260     0.006389   -15.317154          1
MinModeTranslate:  400  22:12:40   -49578.894772       0.0191     --------   -15.324147          1
