MINMODE:METHOD: Dimer
DIM:CONTROL: Search Parameters:
DIM:CONTROL: ------------------
DIM:CONTROL: eigenmode_method = dimer
DIM:CONTROL: f_rot_min = 0.01
DIM:CONTROL: f_rot_max = 0.1
DIM:CONTROL: max_num_rot = 3
DIM:CONTROL: trial_angle = 0.7853981633974483
DIM:CONTROL: trial_trans_step = 0.001
DIM:CONTROL: maximum_translation = 0.1
DIM:CONTROL: cg_translation = True
DIM:CONTROL: use_central_forces = True
DIM:CONTROL: dimer_separation = 0.005
DIM:CONTROL: initial_eigenmode_method = gauss
DIM:CONTROL: extrapolate_forces = True
DIM:CONTROL: displacement_method = gauss
DIM:CONTROL: gauss_std = 0.1
DIM:CONTROL: order = 1
DIM:CONTROL: mask = None
DIM:CONTROL: displacement_center = None
DIM:CONTROL: displacement_radius = None
DIM:CONTROL: number_of_displacement_atoms = None
DIM:CONTROL: ------------------
DIM:ROT: OPT-STEP ROT-STEP CURVATURE ROT-ANGLE ROT-FORCE
DIM:ROT:       0         1    7.6948   17.4488   34.3744
DIM:ROT:       0         2    6.1273    7.7826   10.3067
DIM:ROT:       0         3    5.3035    4.9040    9.7194
DIM:ROT:       1         1    8.6315   10.8418   10.3605
DIM:ROT:       1         2    6.8314    9.7925   10.2048
DIM:ROT:       1         3    4.9714   10.5098   10.0945
DIM:ROT:       2         1    1.5795   11.6814    9.1126
DIM:ROT:       2         2    0.0068    6.4008   14.0024
DIM:ROT:       2         3   -1.1084    7.3186    8.8798
DIM:ROT:       3         1   -2.6420    8.0884    8.0430
DIM:ROT:       3         2   -3.4063    4.3672   10.1247
DIM:ROT:       3         3   -4.0088    5.4688    6.1254
DIM:ROT:       4         1   -1.0967    4.0315    8.6963
DIM:ROT:       4         2   -1.5320    5.4682    4.4661
DIM:ROT:       4         3   -1.8389    2.9008    6.1914
DIM:ROT:       5         1   -1.0471    8.4147    3.5643
DIM:ROT:       5         2   -1.3397    2.9522    5.6056
DIM:ROT:       5         3   -1.4425    2.2699    2.6606
DIM:ROT:       6         1   -0.4708    1.9396    3.0381
DIM:ROT:       6         2   -0.5302    1.6412    2.0433
DIM:ROT:       6         3   -0.5784    1.3289    2.0625
DIM:ROT:       7         1    0.0322    1.7666    2.3009
DIM:ROT:       7         2   -0.0098    1.2661    1.8746
DIM:ROT:       7         3   -0.0429    1.2012    1.6148
DIM:ROT:       8         1    0.7362    2.7523    2.2780
DIM:ROT:       8         2    0.6658    1.6359    2.4616
DIM:ROT:       8         3    0.6091    1.7661    1.8099
DIM:ROT:       9         1    0.9326    2.5501    4.8136
DIM:ROT:       9         2    0.8076    2.9903    2.3182
DIM:ROT:       9         3    0.7288    1.6241    2.8720
DIM:ROT:      10         1    0.8783    2.8350    3.0609
DIM:ROT:      10         2    0.7851    1.9433    2.7089
DIM:ROT:      10         3    0.7198    1.8719    2.0410
DIM:ROT:      11         1    0.7470    3.3133    2.4143
DIM:ROT:      11         2    0.6757    1.6273    2.4834
DIM:ROT:      11         3    0.6302    1.7127    1.5409
DIM:ROT:      12         1    0.6540    2.3990    1.9873
DIM:ROT:      12         2    0.6113    1.2843    1.8724
DIM:ROT:      12         3    0.5832    1.2837    1.2671
DIM:ROT:      13         1    0.6462    1.7078    1.9304
DIM:ROT:      13         2    0.6157    1.1236    1.5244
DIM:ROT:      13         3    0.5945    1.0463    1.1727
DIM:ROT:      14         1    0.6767    1.5494    1.9401
DIM:ROT:      14         2    0.6490    1.0905    1.4132
DIM:ROT:      14         3    0.6303    0.9574    1.1362
DIM:ROT:      15         1    0.7249    1.5181    1.8717
DIM:ROT:      15         2    0.6984    1.0678    1.3874
DIM:ROT:      15         3    0.6802    0.9513    1.1066
DIM:ROT:      16         1    0.7813    1.5625    1.7389
DIM:ROT:      16         2    0.7550    1.0446    1.4133
DIM:ROT:      16         3    0.7362    1.0073    1.0780
DIM:ROT:      17         1    0.8192    1.7469    1.5844
DIM:ROT:      17         2    0.7920    1.0308    1.4921
DIM:ROT:      17         3    0.7719    1.1152    1.0388
DIM:ROT:      18         1    0.8114    2.1970    1.4143
DIM:ROT:      18         2    0.7832    1.0408    1.5463
DIM:ROT:      18         3    0.7638    1.1344    0.9833
DIM:ROT:      19         1    0.7586    2.6827    1.2739
DIM:ROT:      19         2    0.7302    1.1226    1.4372
DIM:ROT:      19         3    0.7143    0.9493    0.9694
DIM:ROT:      20         1    0.6831    2.7473    1.1579
DIM:ROT:      20         2    0.6575    1.0529    1.3915
DIM:ROT:      20         3    0.6433    0.8922    0.9208
DIM:ROT:      21         1    0.5877    2.9234    1.0746
DIM:ROT:      21         2    0.5613    1.2648    1.1839
DIM:ROT:      21         3    0.5482    0.8683    0.8750
DIM:ROT:      22         1    0.4816    2.6881    0.9968
DIM:ROT:      22         2    0.4591    1.2430    1.0179
DIM:ROT:      22         3    0.4468    0.8922    0.8163
DIM:ROT:      23         1    0.4073    1.2656    1.1486
DIM:ROT:      23         2    0.3931    0.7874    1.0265
DIM:ROT:      23         3    0.3824    0.8105    0.7597
DIM:ROT:      24         1    0.3558    1.8628    1.0483
DIM:ROT:      24         2    0.3420    0.8029    0.9521
DIM:ROT:      24         3    0.3331    0.7500    0.6932
DIM:ROT:      25         1    0.3414    0.9824    1.3180
DIM:ROT:      25         2    0.3290    0.7799    0.8968
DIM:ROT:      25         3    0.3203    0.6404    0.7763
DIM:ROT:      26         1    0.3235    1.8843    0.9758
DIM:ROT:      26         2    0.3109    0.8942    0.7783
DIM:ROT:      26         3    0.3037    0.6665    0.6450
DIM:ROT:      27         1    0.3111    0.9110    1.0627
DIM:ROT:      27         2    0.3016    0.6515    0.8140
DIM:ROT:      27         3    0.2948    0.6087    0.6507
DIM:ROT:      28         1    0.2964    1.5521    0.8797
DIM:ROT:      28         2    0.2865    0.7069    0.7689
DIM:ROT:      28         3    0.2806    0.5923    0.5883
DIM:ROT:      29         1    0.3115    0.8462    1.0647
DIM:ROT:      29         2    0.3025    0.6607    0.7648
DIM:ROT:      29         3    0.2960    0.5727    0.6607
DIM:ROT:      30         1    0.3185    1.5449    0.8858
DIM:ROT:      30         2    0.3075    0.7624    0.8042
DIM:ROT:      30         3    0.3007    0.6398    0.6123
DIM:ROT:      31         1    0.3310    0.9080    1.0688
DIM:ROT:      31         2    0.3209    0.6972    0.8187
DIM:ROT:      31         3    0.3132    0.6338    0.7002
DIM:ROT:      32         1    0.3101    1.4890    0.9169
DIM:ROT:      32         2    0.2985    0.7449    0.8838
DIM:ROT:      32         3    0.2905    0.6881    0.6529
DIM:ROT:      33         1    0.2735    0.8859    1.1220
DIM:ROT:      33         2    0.2630    0.7410    0.8010
DIM:ROT:      33         3    0.2551    0.6239    0.7360
DIM:ROT:      34         1    0.2109    1.5221    0.8627
DIM:ROT:      34         2    0.1998    0.7362    0.8479
DIM:ROT:      34         3    0.1924    0.6725    0.6226
DIM:ROT:      35         1    0.1644    0.8240    1.0462
DIM:ROT:      35         2    0.1549    0.7112    0.7498
DIM:ROT:      35         3    0.1477    0.5922    0.6994
DIM:ROT:      36         1    0.1325    1.5578    0.8068
DIM:ROT:      36         2    0.1219    0.7052    0.8335
DIM:ROT:      36         3    0.1149    0.6806    0.5821
DIM:ROT:      37         1    0.1354    0.8177    1.0049
DIM:ROT:      37         2    0.1260    0.7050    0.7458
DIM:ROT:      37         3    0.1189    0.5946    0.6854
DIM:ROT:      38         1    0.1503    1.6387    0.8098
DIM:ROT:      38         2    0.1391    0.6989    0.8844
DIM:ROT:      38         3    0.1318    0.7268    0.5723
DIM:ROT:      39         1    0.1811    0.8284    1.0317
DIM:ROT:      39         2    0.1710    0.7534    0.7570
DIM:ROT:      39         3    0.1633    0.6136    0.7229
DIM:ROT:      40         1    0.2031    1.8441    0.8039
DIM:ROT:      40         2    0.1906    0.7289    0.9540
DIM:ROT:      40         3    0.1824    0.7910    0.5867
DIM:ROT:      41         1    0.2352    0.8311    1.0921
DIM:ROT:      41         2    0.2238    0.8419    0.7532
DIM:ROT:      41         3    0.2151    0.6336    0.7922
DIM:ROT:      42         1    0.2583    2.2302    0.8115
DIM:ROT:      42         2    0.2434    0.8569    0.9808
DIM:ROT:      42         3    0.2340    0.8692    0.6171
DIM:ROT:      43         1    0.2969    0.8457    1.1190
DIM:ROT:      43         2    0.2847    0.8977    0.7592
DIM:ROT:      43         3    0.2754    0.6534    0.8278
DIM:ROT:      44         1    0.3175    2.3273    0.8332
DIM:ROT:      44         2    0.3014    0.9353    0.9784
DIM:ROT:      44         3    0.2900    1.0891    0.5998
DIM:ROT:      45         1    0.3428    1.0961    0.8845
DIM:ROT:      45         2    0.3311    0.7611    0.8645
DIM:ROT:      45         3    0.3220    0.8061    0.6551
DIM:ROT:      46         1    0.3662    1.4355    0.8638
DIM:ROT:      46         2    0.3531    0.7926    0.9413
DIM:ROT:      46         3    0.3431    0.9513    0.6052
DIM:ROT:      47         1    0.3855    0.9375    1.0502
DIM:ROT:      47         2    0.3737    0.8625    0.7643
DIM:ROT:      47         3    0.3651    0.6799    0.7399
DIM:ROT:      48         1    0.3868    1.7622    0.7889
DIM:ROT:      48         2    0.3748    0.7179    0.9532
DIM:ROT:      48         3    0.3668    0.8548    0.5328
DIM:ROT:      49         1    0.3834    1.0390    0.7922
DIM:ROT:      49         2    0.3739    0.6905    0.7721
DIM:ROT:      49         3    0.3666    0.7565    0.5578
DIM:ROT:      50         1    0.3946    0.8261    0.9549
DIM:ROT:      50         2    0.3855    0.7287    0.7018
DIM:ROT:      50         3    0.3788    0.5899    0.6543
DIM:ROT:      51         1    0.4097    1.3654    0.7563
DIM:ROT:      51         2    0.4000    0.6494    0.8341
DIM:ROT:      51         3    0.3934    0.7891    0.4856
DIM:ROT:      52         1    0.4291    1.3397    0.6547
DIM:ROT:      52         2    0.4210    0.5983    0.7664
DIM:ROT:      52         3    0.4153    0.7369    0.4426
DIM:ROT:      53         1    0.4662    0.7867    0.8131
DIM:ROT:      53         2    0.4590    0.6695    0.6067
DIM:ROT:      53         3    0.4537    0.5565    0.5533
DIM:ROT:      54         1    0.5095    0.9827    0.7255
DIM:ROT:      54         2    0.5019    0.5671    0.7516
DIM:ROT:      54         3    0.4964    0.6578    0.4862
DIM:ROT:      55         1    0.5423    1.2383    0.6809
DIM:ROT:      55         2    0.5338    0.6228    0.7597
DIM:ROT:      55         3    0.5277    0.7687    0.4619
DIM:ROT:      56         1    0.5635    0.9223    0.7123
DIM:ROT:      56         2    0.5557    0.6010    0.7324
DIM:ROT:      56         3    0.5495    0.6754    0.5267
DIM:ROT:      57         1    0.5722    1.0816    0.7355
DIM:ROT:      57         2    0.5627    0.6766    0.7825
DIM:ROT:      57         3    0.5552    0.8005    0.5417
DIM:ROT:      58         1    0.5637    1.0490    0.7340
DIM:ROT:      58         2    0.5542    0.6587    0.8187
DIM:ROT:      58         3    0.5464    0.7827    0.5697
DIM:ROT:      59         1    0.5424    1.0862    0.7623
DIM:ROT:      59         2    0.5318    0.7393    0.8143
DIM:ROT:      59         3    0.5227    0.8740    0.5968
DIM:ROT:      60         1    0.5097    0.8345    0.9095
DIM:ROT:      60         2    0.4996    0.7727    0.7432
DIM:ROT:      60         3    0.4912    0.6695    0.7276
DIM:ROT:      61         1    0.4560    1.6498    0.7376
DIM:ROT:      61         2    0.4417    0.7993    1.0148
DIM:ROT:      61         3    0.4301    1.1470    0.5828
DIM:ROT:      62         1    0.3832    0.9837    0.8636
DIM:ROT:      62         2    0.3711    0.8510    0.8062
DIM:ROT:      62         3    0.3602    0.8356    0.7390
DIM:ROT:      63         1    0.3196    1.0854    0.9220
DIM:ROT:      63         2    0.3053    0.9197    0.8820
DIM:ROT:      63         3    0.2926    0.9243    0.7840
DIM:ROT:      64         1    0.2555    1.5756    0.8302
DIM:ROT:      64         2    0.2374    0.9061    1.1266
DIM:ROT:      64         3    0.2221    1.2120    0.7234
DIM:ROT:      65         1    0.1990    1.1079    1.0482
DIM:ROT:      65         2    0.1818    1.0782    0.9037
DIM:ROT:      65         3    0.1662    0.9638    0.9225
DIM:ROT:      66         1    0.1587    0.9915    1.1682
DIM:ROT:      66         2    0.1421    1.0063    0.9318
DIM:ROT:      66         3    0.1277    0.8431    0.9944
DIM:ROT:      67         1    0.1206    2.0712    0.8773
DIM:ROT:      67         2    0.0983    0.9840    1.2728
DIM:ROT:      67         3    0.0838    1.0593    0.7948
DIM:ROT:      68         1    0.1534    0.9031    1.3310
DIM:ROT:      68         2    0.1377    1.0885    0.8061
DIM:ROT:      68         3    0.1248    0.7332    1.0248
DIM:ROT:      69         1    0.2549    1.6581    0.9043
DIM:ROT:      69         2    0.2371    0.9207    1.0856
DIM:ROT:      69         3    0.2248    0.9619    0.7472
DIM:ROT:      70         1    0.3717    1.0593    1.1966
DIM:ROT:      70         2    0.3542    0.9789    1.0084
DIM:ROT:      70         3    0.3396    0.8773    0.9731
DIM:ROT:      71         1    0.4245    1.9190    1.0723
DIM:ROT:      71         2    0.3984    1.0387    1.4289
DIM:ROT:      71         3    0.3785    1.2431    0.9157
DIM:ROT:      72         1    0.4050    1.1121    1.5476
DIM:ROT:      72         2    0.3806    1.3320    1.0344
DIM:ROT:      72         3    0.3601    0.9383    1.2739
DIM:ROT:      73         1    0.3154    2.2074    1.0017
DIM:ROT:      73         2    0.2873    1.0798    1.4724
DIM:ROT:      73         3    0.2689    1.1823    0.8995
DIM:ROT:      74         1    0.2284    0.9691    1.3931
DIM:ROT:      74         2    0.2108    1.1475    0.8758
DIM:ROT:      74         3    0.1958    0.7952    1.0983
DIM:ROT:      75         1    0.1990    1.2228    0.9844
DIM:ROT:      75         2    0.1849    0.7994    0.9991
DIM:ROT:      75         3    0.1733    0.8504    0.7866
DIM:ROT:      76         1    0.2404    1.7193    1.1710
DIM:ROT:      76         2    0.2175    1.0023    1.3000
DIM:ROT:      76         3    0.2015    1.0260    0.9315
DIM:ROT:      77         1    0.2975    1.5725    1.7352
DIM:ROT:      77         2    0.2654    1.2851    1.4618
DIM:ROT:      77         3    0.2366    1.2039    1.3362
DIM:ROT:      78         1    0.3178    1.8927    1.6034
DIM:ROT:      78         2    0.2805    1.2924    1.6191
DIM:ROT:      78         3    0.2529    1.2926    1.2559
DIM:ROT:      79         1    0.3404    1.4370    1.6783
DIM:ROT:      79         2    0.3126    1.2240    1.2757
DIM:ROT:      79         3    0.2885    1.0702    1.2689
DIM:ROT:      80         1    0.3678    1.4241    1.5152
DIM:ROT:      80         2    0.3432    1.1557    1.1808
DIM:ROT:      80         3    0.3238    0.9855    1.1442
DIM:ROT:      81         1    0.3668    1.3950    1.4509
DIM:ROT:      81         2    0.3455    1.0933    1.0761
DIM:ROT:      81         3    0.3282    0.9199    1.0768
DIM:ROT:      82         1    0.3380    1.3034    1.4469
DIM:ROT:      82         2    0.3194    1.0569    0.9766
DIM:ROT:      82         3    0.3050    0.8257    1.0059
DIM:ROT:      83         1    0.3055    1.3080    1.3505
DIM:ROT:      83         2    0.2883    1.0711    0.8933
DIM:ROT:      83         3    0.2747    0.7999    0.9714
DIM:ROT:      84         1    0.2979    1.2335    1.3671
DIM:ROT:      84         2    0.2818    1.0264    0.8770
DIM:ROT:      84         3    0.2689    0.7807    0.9552
DIM:ROT:      85         1    0.3115    1.3020    1.2982
DIM:ROT:      85         2    0.2950    1.1002    0.8451
DIM:ROT:      85         3    0.2817    0.8000    0.9498
DIM:ROT:      86         1    0.3321    1.2447    1.3698
DIM:ROT:      86         2    0.3169    0.9739    0.8742
DIM:ROT:      86         3    0.3047    0.7734    0.9089
DIM:ROT:      87         1    0.3689    1.4149    1.2627
DIM:ROT:      87         2    0.3508    1.1293    0.9133
DIM:ROT:      87         3    0.3362    0.8683    0.9474
DIM:ROT:      88         1    0.4147    1.2677    1.3460
DIM:ROT:      88         2    0.3964    1.0341    1.0085
DIM:ROT:      88         3    0.3810    0.9046    0.9907
DIM:ROT:      89         1    0.4332    1.7830    1.3266
DIM:ROT:      89         2    0.4061    1.2021    1.2987
DIM:ROT:      89         3    0.3822    1.2013    1.1204
DIM:ROT:      90         1    0.5038    1.4106    1.4785
DIM:ROT:      90         2    0.4765    1.2166    1.2855
DIM:ROT:      90         3    0.4531    1.1573    1.1871
DIM:ROT:      91         1    0.6672    1.4698    1.4124
DIM:ROT:      91         2    0.6429    1.0833    1.3179
DIM:ROT:      91         3    0.6213    1.1369    1.0606
DIM:ROT:      92         1    0.7921    1.6828    1.3755
DIM:ROT:      92         2    0.7615    1.1462    1.5146
DIM:ROT:      92         3    0.7376    1.3322    1.0682
DIM:ROT:      93         1    0.8131    1.3932    1.4958
DIM:ROT:      93         2    0.7850    1.2289    1.3304
DIM:ROT:      93         3    0.7585    1.1845    1.2520
DIM:ROT:      94         1    0.7741    1.3458    1.4173
DIM:ROT:      94         2    0.7471    1.1953    1.2805
DIM:ROT:      94         3    0.7241    1.1343    1.1956
DIM:ROT:      95         1    0.7022    1.3357    1.2793
DIM:ROT:      95         2    0.6810    1.0295    1.1927
DIM:ROT:      95         3    0.6605    1.0811    1.0667
DIM:ROT:      96         1    0.6177    1.0590    1.3754
DIM:ROT:      96         2    0.6008    1.0187    0.9394
DIM:ROT:      96         3    0.5863    0.8371    1.0210
DIM:ROT:      97         1    0.5139    1.2372    1.0207
DIM:ROT:      97         2    0.5017    0.7872    0.8804
DIM:ROT:      97         3    0.4906    0.7791    0.8085
DIM:ROT:      98         1    0.3942    1.0106    1.2503
DIM:ROT:      98         2    0.3811    0.8455    0.8659
DIM:ROT:      98         3    0.3698    0.7645    0.8664
DIM:ROT:      99         1    0.2083    2.1438    1.1518
DIM:ROT:      99         2    0.1772    1.2607    1.3735
DIM:ROT:      99         3    0.1536    1.1296    1.2009
DIM:ROT:     100         1   -0.0681    1.8779    1.8598
DIM:ROT:     100         2   -0.1256    1.6940    1.9162
DIM:ROT:     100         3   -0.1826    1.8265    1.8226
DIM:ROT:     101         1   -0.4486    2.7537    2.1396
DIM:ROT:     101         2   -0.5485    1.9760    2.9031
DIM:ROT:     101         3   -0.6576    2.7652    2.2274
DIM:ROT:     102         1   -0.6801    1.5706    3.6331
DIM:ROT:     102         2   -0.7802    3.2230    1.7553
DIM:ROT:     102         3   -0.8764    1.5638    3.5746
DIM:ROT:     103         1   -0.7709    9.9827    1.4549
DIM:ROT:     103         2   -0.9716    3.1648    3.5659
DIM:ROT:     103         3   -1.0663    3.2364    1.7212
DIM:ROT:     104         1   -0.8068    1.7176    1.8031
DIM:ROT:     104         2   -0.8481    1.9482    1.2074
DIM:ROT:     104         3   -0.8857    1.3577    1.5840
DIM:ROT:     105         1   -0.8533    0.9932    1.5818
DIM:ROT:     105         2   -0.8713    0.6934    1.4885
DIM:ROT:     105         3   -0.8892    0.7862    1.2549
DIM:ROT:     106         1   -0.8125    0.8035    1.6314
DIM:ROT:     106         2   -0.8314    0.7219    1.4608
DIM:ROT:     106         3   -0.8477    0.6988    1.3615
DIM:ROT:     107         1   -0.7865    0.9799    1.2269
DIM:ROT:     107         2   -0.8035    0.8575    1.1306
DIM:ROT:     107         3   -0.8198    0.8656    1.0654
DIM:ROT:     108         1   -0.7787    1.4064    1.3994
DIM:ROT:     108         2   -0.8045    0.9452    1.5351
DIM:ROT:     108         3   -0.8258    1.1022    1.1239
DIM:ROT:     109         1   -0.9275    1.5998    1.6034
DIM:ROT:     109         2   -0.9620    1.0673    1.8460
DIM:ROT:     109         3   -0.9931    1.3002    1.3170
DIM:ROT:     110         1   -1.2061    1.3854    2.1017
DIM:ROT:     110         2   -1.2499    1.4439    1.6944
DIM:ROT:     110         3   -1.2853    1.1721    1.7567
DIM:ROT:     111         1   -1.8326    6.8010    1.6287
DIM:ROT:     111         2   -1.9359    1.5476    3.7423
DIM:ROT:     111         3   -1.9858    2.0311    1.3549
DIM:ROT:     112         1   -2.0739    1.6075    2.6010
DIM:ROT:     112         2   -2.1300    1.8625    1.6872
DIM:ROT:     112         3   -2.1748    1.2838    2.0201
DIM:ROT:     113         1   -2.7348    5.0235    1.7200
DIM:ROT:     113         2   -2.8167    1.5403    2.9672
DIM:ROT:     113         3   -2.8531    1.2237    1.7169
DIM:ROT:     114         1   -2.8115    1.7432    2.3681
DIM:ROT:     114         2   -2.8615    1.4769    1.9051
DIM:ROT:     114         3   -2.9004    1.3146    1.7267
DIM:ROT:     115         1   -2.2232    1.5022    2.7757
DIM:ROT:     115         2   -2.2583    1.1939    1.6896
DIM:ROT:     115         3   -2.2864    0.9909    1.6045
DIM:ROT:     116         1   -1.4129    2.3551    1.5698
DIM:ROT:     116         2   -1.4486    1.1920    1.7058
DIM:ROT:     116         3   -1.4707    1.0755    1.2051
DIM:ROT:     117         1   -1.0722    1.0977    2.6652
DIM:ROT:     117         2   -1.1008    1.8246    0.9376
DIM:ROT:     117         3   -1.1242    0.7639    1.7202
DIM:ROT:     118         1   -1.2229    1.3609    1.4133
DIM:ROT:     118         2   -1.2455    0.7905    1.6770
DIM:ROT:     118         3   -1.2662    1.0448    1.1246
DIM:ROT:     119         1   -1.5842    1.1724    1.4167
DIM:ROT:     119         2   -1.6096    1.0372    1.4130
DIM:ROT:     119         3   -1.6313    1.0312    1.2406
DIM:ROT:     120         1   -1.7020    1.4129    1.8843
DIM:ROT:     120         2   -1.7380    1.3383    1.5714
DIM:ROT:     120         3   -1.7712    1.1920    1.5724
DIM:ROT:     121         1   -1.3659    2.1050    1.4915
DIM:ROT:     121         2   -1.4061    0.9219    2.4784
DIM:ROT:     121         3   -1.4338    1.2760    1.2853
DIM:ROT:     122         1   -0.6397    0.9953    3.1294
DIM:ROT:     122         2   -0.6773    1.3826    1.5898
DIM:ROT:     122         3   -0.7119    0.7960    2.3741
DIM:ROT:     123         1   -0.2527    4.3957    1.1889
DIM:ROT:     123         2   -0.3000    1.1402    2.3247
DIM:ROT:     123         3   -0.3184    0.8192    1.3100
DIM:ROT:     124         1   -0.2997    0.8353    1.1121
DIM:ROT:     124         2   -0.3145    0.7096    1.1867
DIM:ROT:     124         3   -0.3291    0.7839    1.0431
DIM:ROT:     125         1   -0.0669    0.7549    1.5073
DIM:ROT:     125         2   -0.0854    0.8253    1.2480
DIM:ROT:     125         3   -0.1013    0.6861    1.3544
DIM:ROT:     126         1    0.1135    1.7213    1.3623
DIM:ROT:     126         2    0.0863    0.8822    1.7292
DIM:ROT:     126         3    0.0654    0.9193    1.2763
DIM:ROT:     127         1    0.0442    0.7499    1.5702
DIM:ROT:     127         2    0.0264    0.9052    1.1012
DIM:ROT:     127         3    0.0108    0.6596    1.3459
DIM:ROT:     128         1   -0.2236    1.7247    1.0807
DIM:ROT:     128         2   -0.2444    1.0006    1.1528
DIM:ROT:     128         3   -0.2571    0.9760    0.7742
DIM:ROT:     129         1   -0.4537    0.9802    1.3791
DIM:ROT:     129         2   -0.4678    0.7047    1.0967
DIM:ROT:     129         3   -0.4776    0.6470    0.8651
DIM:ROT:     130         1   -1.1642    2.9062    1.8403
DIM:ROT:     130         2   -1.2102    1.2144    2.0826
DIM:ROT:     130         3   -1.2360    1.0676    1.4005
DIM:ROT:     131         1   -2.4039    4.6505    2.4095
DIM:ROT:     131         2   -2.5335    2.7340    2.6723
DIM:ROT:     131         3   -2.5920    1.7861    1.9197
DIM:ROT:     132         1   -3.0226    1.3947    2.8723
DIM:ROT:     132         2   -3.0769    1.5609    1.9915
DIM:ROT:     132         3   -3.1212    1.1494    2.2766
DIM:ROT:     133         1   -3.1432    2.2777    1.4687
DIM:ROT:     133         2   -3.1906    1.0948    2.5025
DIM:ROT:     133         3   -3.2329    1.9176    1.2543
DIM:ROT:     134         1   -3.1741    0.8832    2.1135
DIM:ROT:     134         2   -3.2029    1.4812    1.1249
DIM:ROT:     134         3   -3.2276    0.7832    1.8617
DIM:ROT:     135         1   -2.8423    0.7816    1.1782
DIM:ROT:     135         2   -2.8555    0.6547    1.1920
DIM:ROT:     135         3   -2.8682    0.6991    1.0422
DIM:ROT:     136         1   -2.2784    0.7077    1.1982
DIM:ROT:     136         2   -2.2894    0.6630    0.9533
DIM:ROT:     136         3   -2.2977    0.5467    0.9029
DIM:ROT:     137         1   -1.2772    1.0077    1.7023
DIM:ROT:     137         2   -1.2958    0.8145    1.3487
DIM:ROT:     137         3   -1.3109    0.7181    1.1751
DIM:ROT:     138         1   -0.6561    2.5497    1.3043
DIM:ROT:     138         2   -0.6826    0.7427    1.9894
DIM:ROT:     138         3   -0.6946    0.8074    0.8788
DIM:ROT:     139         1   -0.0036    1.0857    1.4084
DIM:ROT:     139         2   -0.0221    0.7310    1.4498
DIM:ROT:     139         3   -0.0380    0.8322    1.0716
DIM:ROT:     140         1    0.4922    1.1725    1.4807
DIM:ROT:     140         2    0.4680    0.8566    1.5951
DIM:ROT:     140         3    0.4490    0.9386    1.1749
DIM:ROT:     141         1   -1.4811    1.7412    1.8402
DIM:ROT:     141         2   -1.4982    1.0687    0.9738
DIM:ROT:     141         3   -1.5081    0.5500    1.0779
DIM:ROT:     142         1   -2.7298    1.6238    1.8903
DIM:ROT:     142         2   -2.7601    0.9389    1.9164
DIM:ROT:     142         3   -2.7823    1.0399    1.2742
DIM:ROT:     143         1   -2.8081    0.7217    1.6774
DIM:ROT:     143         2   -2.8246    0.9401    1.0401
DIM:ROT:     143         3   -2.8393    0.6041    1.3949
DIM:ROT:     144         1   -3.1386    0.8033    1.2011
DIM:ROT:     144         2   -3.1509    0.6341    1.1420
DIM:ROT:     144         3   -3.1606    0.6348    0.9300
DIM:ROT:     145         1   -3.2344    0.6096    1.0453
DIM:ROT:     145         2   -3.2426    0.5686    0.8664
DIM:ROT:     145         3   -3.2501    0.5067    0.8534
DIM:ROT:     146         1   -3.1517    3.6061    0.6609
DIM:ROT:     146         2   -3.1763    0.6588    2.0457
DIM:ROT:     146         3   -3.1843    1.0486    0.4933
DIM:ROT:     147         1   -2.7698    0.6076    1.3197
DIM:ROT:     147         2   -2.7762    0.5264    0.7111
DIM:ROT:     147         3   -2.7814    0.3955    0.7517
DIM:ROT:     148         1   -2.0655    1.6506    0.9900
DIM:ROT:     148         2   -2.0779    0.5750    1.1913
DIM:ROT:     148         3   -2.0832    0.4516    0.6825
DIM:ROT:     149         1   -1.1181    2.1506    1.2141
DIM:ROT:     149         2   -1.1381    0.6530    1.7304
DIM:ROT:     149         3   -1.1472    0.6043    0.8517
DIM:ROT:     150         1   -0.3698    1.6378    1.3897
DIM:ROT:     150         2   -0.3971    0.8218    1.8907
DIM:ROT:     150         3   -0.4162    1.0935    1.0131
DIM:ROT:     151         1    0.3895    1.1204    2.0087
DIM:ROT:     151         2    0.3588    1.0814    1.6160
DIM:ROT:     151         3    0.3321    0.9212    1.6296
DIM:ROT:     152         1    1.3583    2.3750    2.1521
DIM:ROT:     152         2    1.2874    1.3447    3.0322
DIM:ROT:     152         3    1.2287    1.8989    1.7896
DIM:ROT:     153         1    0.9094    1.0373    1.9120
DIM:ROT:     153         2    0.8836    1.0204    1.4469
DIM:ROT:     153         3    0.8601    0.8702    1.5404
DIM:ROT:     154         1    0.1987    0.7520    1.8401
DIM:ROT:     154         2    0.1854    0.8550    0.8786
DIM:ROT:     154         3    0.1763    0.4945    1.0809
DIM:ROT:     155         1   -0.0453    2.0215    0.8539
DIM:ROT:     155         2   -0.0608    0.6456    1.3757
DIM:ROT:     155         3   -0.0698    0.6188    0.8142
DIM:ROT:     156         1    0.1310    0.8660    1.0880
DIM:ROT:     156         2    0.1176    0.5959    1.2789
DIM:ROT:     156         3    0.1064    0.7286    0.9006
DIM:ROT:     157         1    0.3707    0.7686    1.3287
DIM:ROT:     157         2    0.3566    0.6798    1.1804
DIM:ROT:     157         3    0.3438    0.6511    1.0980
DIM:ROT:     158         1    0.4920    0.9618    1.3022
DIM:ROT:     158         2    0.4741    0.6995    1.4516
DIM:ROT:     158         3    0.4593    0.8029    1.0578
DIM:ROT:     159         1    0.2773    0.7625    1.3404
DIM:ROT:     159         2    0.2630    0.6939    1.1672
DIM:ROT:     159         3    0.2502    0.6452    1.1084
DIM:ROT:     160         1   -0.0158    0.5408    1.0286
DIM:ROT:     160         2   -0.0237    0.5375    0.8265
DIM:ROT:     160         3   -0.0301    0.4499    0.8276
