MINMODE:METHOD: Dimer
DIM:CONTROL: Search Parameters:
DIM:CONTROL: ------------------
DIM:CONTROL: eigenmode_method = dimer
DIM:CONTROL: f_rot_min = 0.01
DIM:CONTROL: f_rot_max = 0.1
DIM:CONTROL: max_num_rot = 3
DIM:CONTROL: trial_angle = 0.7853981633974483
DIM:CONTROL: trial_trans_step = 0.001
DIM:CONTROL: maximum_translation = 0.1
DIM:CONTROL: cg_translation = True
DIM:CONTROL: use_central_forces = True
DIM:CONTROL: dimer_separation = 0.005
DIM:CONTROL: initial_eigenmode_method = gauss
DIM:CONTROL: extrapolate_forces = True
DIM:CONTROL: displacement_method = gauss
DIM:CONTROL: gauss_std = 0.1
DIM:CONTROL: order = 1
DIM:CONTROL: mask = None
DIM:CONTROL: displacement_center = None
DIM:CONTROL: displacement_radius = None
DIM:CONTROL: number_of_displacement_atoms = None
DIM:CONTROL: ------------------
DIM:ROT: OPT-STEP ROT-STEP CURVATURE ROT-ANGLE ROT-FORCE
DIM:ROT:       0         1   14.8374   28.6593  153.1993
DIM:ROT:       0         2    2.0493   17.8685   41.1759
DIM:ROT:       0         3   -5.1122   10.6495   38.2397
DIM:ROT:       1         1   -0.4277    8.3935   22.4439
DIM:ROT:       1         2   -3.3812   10.0916   16.4142
DIM:ROT:       1         3   -5.8732    7.2190   19.9089
DIM:ROT:       2         1   -0.4041    9.0975    8.3726
DIM:ROT:       2         2   -1.1985    4.9499    9.2889
DIM:ROT:       2         3   -1.8417    6.0994    5.8720
DIM:ROT:       3         1    1.2233    5.3316    6.5076
DIM:ROT:       3         2    0.8185    5.4284    4.1877
DIM:ROT:       3         3    0.5208    3.7782    4.5837
DIM:ROT:       4         1    0.4993    3.5030    5.4280
DIM:ROT:       4         2    0.2736    4.6116    2.6667
DIM:ROT:       4         3    0.1141    2.4532    3.9378
DIM:ROT:       5         1    0.4563    3.5450    6.2240
DIM:ROT:       5         2    0.3105    3.9337    1.9361
DIM:ROT:       5         3    0.2093    1.7619    3.4242
DIM:ROT:       6         1    0.4612    3.8689    6.8710
DIM:ROT:       6         2    0.3698    3.0002    1.4665
DIM:ROT:       6         3    0.3171    1.2550    2.4652
DIM:ROT:       7         1    0.5154    3.8356    6.5771
DIM:ROT:       7         2    0.4404    2.7280    1.3035
DIM:ROT:       7         3    0.3957    1.1352    2.2598
DIM:ROT:       8         1    0.4047    3.7014    6.0159
DIM:ROT:       8         2    0.3204    3.1133    1.3592
DIM:ROT:       8         3    0.2723    1.1667    2.3573
DIM:ROT:       9         1    0.3567    3.3455    5.2297
DIM:ROT:       9         2    0.2926    2.4900    1.2893
DIM:ROT:       9         3    0.2517    1.0745    2.1806
DIM:ROT:      10         1    0.4534    3.0888    4.6485
DIM:ROT:      10         2    0.3968    2.3095    1.2427
DIM:ROT:      10         3    0.3593    1.0422    2.0784
DIM:ROT:      11         1    0.4895    2.9886    4.2547
DIM:ROT:      11         2    0.4222    2.5017    1.4049
DIM:ROT:      11         3    0.3721    1.2374    2.3336
DIM:ROT:      12         1    0.4632    3.1571    4.0704
DIM:ROT:      12         2    0.3601    2.7948    2.0005
DIM:ROT:      12         3    0.2758    1.6483    2.9532
DIM:ROT:      13         1    0.2339    3.9188    4.2300
DIM:ROT:      13         2    0.0505    3.1858    3.1908
DIM:ROT:      13         3   -0.1094    2.4354    3.7659
DIM:ROT:      14         1    0.0065    4.0123    4.6056
DIM:ROT:      14         2   -0.2094    2.9529    4.0885
DIM:ROT:      14         3   -0.4034    2.9095    3.8627
DIM:ROT:      15         1   -0.2023    2.6245    4.2251
DIM:ROT:      15         2   -0.3265    2.4409    2.8919
DIM:ROT:      15         3   -0.4394    1.9838    3.2015
DIM:ROT:      16         1   -0.1807    2.4932    3.6535
DIM:ROT:      16         2   -0.2713    2.0930    2.4087
DIM:ROT:      16         3   -0.3430    1.6167    2.5845
DIM:ROT:      17         1   -0.3328    2.4727    3.2946
DIM:ROT:      17         2   -0.4063    1.8380    2.2379
DIM:ROT:      17         3   -0.4693    1.4817    2.4193
DIM:ROT:      18         1   -0.4990    2.4816    3.3952
DIM:ROT:      18         2   -0.5820    2.1871    2.1288
DIM:ROT:      18         3   -0.6506    1.5934    2.4975
DIM:ROT:      19         1   -0.6445    2.2334    3.1846
DIM:ROT:      19         2   -0.7014    1.4249    2.2528
DIM:ROT:      19         3   -0.7536    1.3308    2.2207
DIM:ROT:      20         1   -0.6571    2.2234    3.1053
DIM:ROT:      20         2   -0.7276    2.1358    1.8641
DIM:ROT:      20         3   -0.7881    1.5115    2.3078
DIM:ROT:      21         1   -0.7426    2.0053    2.7002
DIM:ROT:      21         2   -0.7903    1.5187    1.7760
DIM:ROT:      21         3   -0.8329    1.2056    2.0071
DIM:ROT:      22         1   -0.7963    1.7832    2.6920
DIM:ROT:      22         2   -0.8389    1.5187    1.5738
DIM:ROT:      22         3   -0.8744    1.1291    1.8160
DIM:ROT:      23         1   -0.9533    1.8309    2.3527
DIM:ROT:      23         2   -0.9901    1.1313    1.8298
DIM:ROT:      23         3   -1.0213    1.0148    1.7369
DIM:ROT:      24         1   -1.2096    2.0156    2.4872
DIM:ROT:      24         2   -1.2628    1.6455    1.8179
DIM:ROT:      24         3   -1.3045    1.3103    1.8260
DIM:ROT:      25         1   -1.6946    2.3034    2.5099
DIM:ROT:      25         2   -1.7539    1.4483    2.2813
DIM:ROT:      25         3   -1.8008    1.3773    1.9138
DIM:ROT:      26         1   -2.0399    2.4120    2.9418
DIM:ROT:      26         2   -2.1171    1.7479    2.4706
DIM:ROT:      26         3   -2.1768    1.6309    2.1060
DIM:ROT:      27         1   -1.4844    2.1227    2.8892
DIM:ROT:      27         2   -1.5391    1.1597    2.6871
DIM:ROT:      27         3   -1.5823    1.3217    1.8008
DIM:ROT:      28         1   -0.4826    3.1596    3.5975
DIM:ROT:      28         2   -0.5691    1.6225    3.0600
DIM:ROT:      28         3   -0.6238    1.6304    1.9442
DIM:ROT:      29         1   -0.4776    2.4560    2.7535
DIM:ROT:      29         2   -0.5430    1.5310    2.4378
DIM:ROT:      29         3   -0.5925    1.5026    1.8466
DIM:ROT:      30         1   -0.3386    1.6364    3.2011
DIM:ROT:      30         2   -0.4025    1.5149    2.3809
DIM:ROT:      30         3   -0.4522    1.2507    2.3253
DIM:ROT:      31         1   -0.4453    2.7836    2.2912
DIM:ROT:      31         2   -0.5245    1.8197    2.4764
DIM:ROT:      31         3   -0.5848    1.7497    1.9579
DIM:ROT:      32         1   -0.6855    1.5397    2.8674
DIM:ROT:      32         2   -0.7438    1.7337    1.8941
DIM:ROT:      32         3   -0.7936    1.2616    2.2956
DIM:ROT:      33         1   -0.6465    2.9785    2.0872
DIM:ROT:      33         2   -0.7256    1.6269    2.7463
DIM:ROT:      33         3   -0.7821    1.6796    1.9091
DIM:ROT:      34         1   -0.7822    1.5301    3.0805
DIM:ROT:      34         2   -0.8364    1.5451    1.9588
DIM:ROT:      34         3   -0.8798    1.1405    2.2060
DIM:ROT:      35         1   -0.4471    2.8237    2.3450
DIM:ROT:      35         2   -0.5240    1.7882    2.3876
DIM:ROT:      35         3   -0.5761    1.6406    1.8369
DIM:ROT:      36         1   -0.2149    1.7110    2.9991
DIM:ROT:      36         2   -0.2731    1.4337    2.2601
DIM:ROT:      36         3   -0.3179    1.2357    2.1099
DIM:ROT:      37         1    0.0025    2.4125    2.8862
DIM:ROT:      37         2   -0.0569    1.5802    2.0717
DIM:ROT:      37         3   -0.0955    1.2126    1.8368
DIM:ROT:      38         1    0.0066    2.0625    3.3220
DIM:ROT:      38         2   -0.0369    1.2370    1.8850
DIM:ROT:      38         3   -0.0649    0.9600    1.7103
DIM:ROT:      39         1    0.3072    2.2365    2.9986
DIM:ROT:      39         2    0.2627    1.6749    1.4298
DIM:ROT:      39         3    0.2409    0.9614    1.3500
DIM:ROT:      40         1    0.8302    2.7685    3.0355
DIM:ROT:      40         2    0.7576    2.1082    1.9457
DIM:ROT:      40         3    0.7149    1.4112    1.7667
DIM:ROT:      41         1    0.8876    2.3172    2.7616
DIM:ROT:      41         2    0.8287    1.7996    1.8301
DIM:ROT:      41         3    0.7868    1.3211    1.8233
DIM:ROT:      42         1    0.7224    2.0796    2.6829
DIM:ROT:      42         2    0.6738    1.7109    1.5762
DIM:ROT:      42         3    0.6384    1.1864    1.7279
DIM:ROT:      43         1    0.4593    1.9674    2.5173
DIM:ROT:      43         2    0.4207    1.5005    1.4342
DIM:ROT:      43         3    0.3910    1.0974    1.5429
DIM:ROT:      44         1    0.1844    1.9638    2.3987
DIM:ROT:      44         2    0.1483    1.3936    1.4414
DIM:ROT:      44         3    0.1218    1.0649    1.4253
DIM:ROT:      45         1   -0.0853    2.1274    2.3309
DIM:ROT:      45         2   -0.1260    1.4124    1.6215
DIM:ROT:      45         3   -0.1584    1.2155    1.4930
DIM:ROT:      46         1   -0.3597    1.7521    2.6465
DIM:ROT:      46         2   -0.3978    1.1629    1.8286
DIM:ROT:      46         3   -0.4271    1.0837    1.5643
DIM:ROT:      47         1   -0.6815    1.6760    2.5456
DIM:ROT:      47         2   -0.7083    1.1604    1.2684
DIM:ROT:      47         3   -0.7284    0.8317    1.3586
DIM:ROT:      48         1   -0.3702    1.6231    2.2479
DIM:ROT:      48         2   -0.4068    1.0896    1.9046
DIM:ROT:      48         3   -0.4380    1.0957    1.6610
DIM:ROT:      49         1   -0.2884    1.9064    2.3167
DIM:ROT:      49         2   -0.3342    1.3839    1.8935
DIM:ROT:      49         3   -0.3740    1.2682    1.7735
DIM:ROT:      50         1   -0.7105    1.3024    2.5685
DIM:ROT:      50         2   -0.7355    1.0128    1.3614
DIM:ROT:      50         3   -0.7545    0.7687    1.4289
DIM:ROT:      51         1   -0.7156    1.3737    2.1673
DIM:ROT:      51         2   -0.7396    1.1997    1.1050
DIM:ROT:      51         3   -0.7562    0.7140    1.3479
DIM:ROT:      52         1   -0.4379    1.8995    1.2929
DIM:ROT:      52         2   -0.4723    0.9790    2.0051
DIM:ROT:      52         3   -0.4989    1.3868    1.1223
DIM:ROT:      53         1   -0.4884    1.2599    2.4274
DIM:ROT:      53         2   -0.5097    0.9598    1.2607
DIM:ROT:      53         3   -0.5287    0.7766    1.3740
DIM:ROT:      54         1   -0.6510    1.1044    1.5744
DIM:ROT:      54         2   -0.6687    1.0715    0.9245
DIM:ROT:      54         3   -0.6824    0.7230    1.0859
DIM:ROT:      55         1   -0.7848    1.3364    1.9167
DIM:ROT:      55         2   -0.8079    1.3268    0.9662
DIM:ROT:      55         3   -0.8238    0.7948    1.1514
DIM:ROT:      56         1   -0.6033    0.8513    1.1820
DIM:ROT:      56         2   -0.6160    0.6167    1.1658
DIM:ROT:      56         3   -0.6263    0.6454    0.9401
DIM:ROT:      57         1   -0.3393    1.6401    2.0676
DIM:ROT:      57         2   -0.3713    1.0674    1.6946
DIM:ROT:      57         3   -0.3946    0.8889    1.4966
DIM:ROT:      58         1   -0.4213    1.2458    1.7525
DIM:ROT:      58         2   -0.4420    1.1402    1.0260
DIM:ROT:      58         3   -0.4570    0.7793    1.1053
DIM:ROT:      59         1   -0.7085    1.5807    1.8536
DIM:ROT:      59         2   -0.7301    1.0006    1.2024
DIM:ROT:      59         3   -0.7435    0.7576    1.0348
DIM:ROT:      60         1   -0.7129    0.5580    1.1283
DIM:ROT:      60         2   -0.7214    0.6016    0.7967
DIM:ROT:      60         3   -0.7287    0.4677    0.9117
DIM:ROT:      61         1   -0.5634    1.1456    1.6062
DIM:ROT:      61         2   -0.5805    0.9202    1.0324
DIM:ROT:      61         3   -0.5921    0.6213    1.0954
DIM:ROT:      62         1   -0.5617    1.3102    1.6027
DIM:ROT:      62         2   -0.5796    1.0017    1.0261
DIM:ROT:      62         3   -0.5929    0.7785    0.9690
DIM:ROT:      63         1   -0.7332    1.6772    1.7133
DIM:ROT:      63         2   -0.7564    0.8771    1.5420
DIM:ROT:      63         3   -0.7745    0.9063    1.1254
DIM:ROT:      64         1   -0.7963    1.0055    1.8860
DIM:ROT:      64         2   -0.8126    0.7438    1.2103
DIM:ROT:      64         3   -0.8246    0.6386    1.0971
DIM:ROT:      65         1   -0.6625    1.1734    1.3581
DIM:ROT:      65         2   -0.6778    0.8427    1.0227
DIM:ROT:      65         3   -0.6900    0.7607    0.9092
DIM:ROT:      66         1   -0.5365    1.3033    1.3594
DIM:ROT:      66         2   -0.5534    0.8665    1.1101
DIM:ROT:      66         3   -0.5664    0.8403    0.8841
DIM:ROT:      67         1   -0.5841    1.0280    1.5668
DIM:ROT:      67         2   -0.6000    0.6405    1.4113
DIM:ROT:      67         3   -0.6132    0.7194    1.0194
DIM:ROT:      68         1   -0.6548    1.1752    1.9142
DIM:ROT:      68         2   -0.6786    0.7400    1.7933
DIM:ROT:      68         3   -0.6960    0.8208    1.2544
DIM:ROT:      69         1   -0.6644    1.4582    1.7522
DIM:ROT:      69         2   -0.6884    0.9111    1.4852
DIM:ROT:      69         3   -0.7081    0.9699    1.1490
DIM:ROT:      70         1   -0.5159    1.0358    1.5553
DIM:ROT:      70         2   -0.5344    0.8544    1.2216
DIM:ROT:      70         3   -0.5492    0.7801    1.1030
DIM:ROT:      71         1   -0.4687    1.5089    1.5372
DIM:ROT:      71         2   -0.4918    0.7729    1.7147
DIM:ROT:      71         3   -0.5120    1.0610    1.0581
DIM:ROT:      72         1   -0.5862    1.6934    1.8632
DIM:ROT:      72         2   -0.6197    1.1041    1.7225
DIM:ROT:      72         3   -0.6467    1.2213    1.2855
DIM:ROT:      73         1   -0.6608    1.6037    1.9969
DIM:ROT:      73         2   -0.6945    1.0893    1.7381
DIM:ROT:      73         3   -0.7242    1.1670    1.4297
DIM:ROT:      74         1   -0.6160    1.1333    2.2132
DIM:ROT:      74         2   -0.6468    1.0940    1.5820
DIM:ROT:      74         3   -0.6719    0.8984    1.6296
DIM:ROT:      75         1   -0.5564    2.5693    1.7716
DIM:ROT:      75         2   -0.6092    1.2808    2.3600
DIM:ROT:      75         3   -0.6553    1.8402    1.4041
DIM:ROT:      76         1   -0.6275    1.5368    2.3315
DIM:ROT:      76         2   -0.6778    1.6532    1.7270
DIM:ROT:      76         3   -0.7198    1.2895    1.8871
DIM:ROT:      77         1   -0.8853    1.3920    1.6531
DIM:ROT:      77         2   -0.9179    0.9415    1.9879
DIM:ROT:      77         3   -0.9503    1.2416    1.4543
DIM:ROT:      78         1   -1.1738    1.2125    2.3302
DIM:ROT:      78         2   -1.2139    1.2263    1.8362
DIM:ROT:      78         3   -1.2476    1.0301    1.9148
DIM:ROT:      79         1   -1.1978    1.8563    1.7390
DIM:ROT:      79         2   -1.2408    1.2522    1.9380
DIM:ROT:      79         3   -1.2797    1.4890    1.4723
DIM:ROT:      80         1   -0.5622    2.1556    2.9529
DIM:ROT:      80         2   -0.6138    1.3392    2.2671
DIM:ROT:      80         3   -0.6491    1.2649    1.6280
DIM:ROT:      81         1   -0.6287    1.1885    1.8391
DIM:ROT:      81         2   -0.6549    0.8453    1.7856
DIM:ROT:      81         3   -0.6774    0.9087    1.3666
DIM:ROT:      82         1   -0.5581    1.1609    1.8195
DIM:ROT:      82         2   -0.5830    0.8565    1.6492
DIM:ROT:      82         3   -0.6016    0.8448    1.2730
DIM:ROT:      83         1   -0.5062    1.0078    1.3738
DIM:ROT:      83         2   -0.5229    0.7834    1.2359
DIM:ROT:      83         3   -0.5375    0.7813    1.0332
DIM:ROT:      84         1   -0.3281    1.2882    1.7855
DIM:ROT:      84         2   -0.3463    0.7833    1.3829
DIM:ROT:      84         3   -0.3609    0.7947    1.0673
DIM:ROT:      85         1   -0.2485    1.6906    1.9329
DIM:ROT:      85         2   -0.2777    1.0552    1.5915
DIM:ROT:      85         3   -0.3014    0.9940    1.3416
DIM:ROT:      86         1   -0.2173    0.9920    1.6096
DIM:ROT:      86         2   -0.2396    0.9198    1.3695
DIM:ROT:      86         3   -0.2574    0.8032    1.2765
DIM:ROT:      87         1    0.0533    2.0094    1.7241
DIM:ROT:      87         2    0.0176    0.9918    2.0672
DIM:ROT:      87         3   -0.0122    1.3936    1.1900
DIM:ROT:      88         1    0.2737    1.3579    2.0905
DIM:ROT:      88         2    0.2441    1.0605    1.5672
DIM:ROT:      88         3    0.2222    0.9446    1.3464
DIM:ROT:      89         1    0.4067    1.7980    1.7854
DIM:ROT:      89         2    0.3755    0.9478    1.8624
DIM:ROT:      89         3    0.3502    1.2216    1.1483
DIM:ROT:      90         1    0.4418    1.2936    1.8408
DIM:ROT:      90         2    0.4153    0.9740    1.5187
DIM:ROT:      90         3    0.3966    0.9026    1.1939
DIM:ROT:      91         1    0.3860    1.6520    1.6235
DIM:ROT:      91         2    0.3623    0.8100    1.6280
DIM:ROT:      91         3    0.3449    1.0337    0.9216
DIM:ROT:      92         1    0.2433    1.4128    1.7585
DIM:ROT:      92         2    0.2179    0.9023    1.5583
DIM:ROT:      92         3    0.2020    0.8784    1.0339
DIM:ROT:      93         1    0.0280    2.3104    1.7165
DIM:ROT:      93         2   -0.0055    0.9298    1.9819
DIM:ROT:      93         3   -0.0278    1.2797    0.9545
DIM:ROT:      94         1   -0.3141    1.3479    2.1337
DIM:ROT:      94         2   -0.3471    1.1184    1.6430
DIM:ROT:      94         3   -0.3702    0.9353    1.4176
DIM:ROT:      95         1   -0.5817    1.8291    1.9297
DIM:ROT:      95         2   -0.6142    1.1839    1.5281
DIM:ROT:      95         3   -0.6376    1.0756    1.2317
DIM:ROT:      96         1   -0.7151    1.5611    2.1003
DIM:ROT:      96         2   -0.7429    1.1857    1.2956
DIM:ROT:      96         3   -0.7624    0.9137    1.2304
DIM:ROT:      97         1   -0.6997    1.2571    1.0949
DIM:ROT:      97         2   -0.7151    0.6337    1.3595
DIM:ROT:      97         3   -0.7282    0.8913    0.8130
DIM:ROT:      98         1   -0.4287    0.9460    1.4284
DIM:ROT:      98         2   -0.4433    0.7351    1.1094
DIM:ROT:      98         3   -0.4541    0.6688    0.9336
DIM:ROT:      99         1   -0.3023    0.7175    0.9934
DIM:ROT:      99         2   -0.3096    0.5812    0.7193
DIM:ROT:      99         3   -0.3160    0.5207    0.6780
DIM:ROT:     100         1   -0.2955    0.6022    1.0314
DIM:ROT:     100         2   -0.3006    0.4597    0.6264
DIM:ROT:     100         3   -0.3046    0.3861    0.5881
DIM:ROT:     101         1   -0.3840    1.2322    1.1911
DIM:ROT:     101         2   -0.3936    0.5973    0.8819
DIM:ROT:     101         3   -0.3997    0.5198    0.6745
DIM:ROT:     102         1   -0.3693    0.6687    0.6955
DIM:ROT:     102         2   -0.3759    0.4906    0.7576
DIM:ROT:     102         3   -0.3815    0.5603    0.5684
DIM:ROT:     103         1   -0.2362    0.6543    0.8644
DIM:ROT:     103         2   -0.2419    0.4639    0.6740
DIM:ROT:     103         3   -0.2464    0.4365    0.5815
DIM:ROT:     104         1    0.0314    1.1255    1.4593
DIM:ROT:     104         2    0.0247    0.5232    0.7136
DIM:ROT:     104         3    0.0212    0.3735    0.5521
DIM:ROT:     105         1    0.1577    1.3840    1.3226
DIM:ROT:     105         2    0.1487    0.6141    0.7847
DIM:ROT:     105         3    0.1445    0.4258    0.5885
DIM:ROT:     106         1    0.2674    1.3908    1.3995
DIM:ROT:     106         2    0.2560    0.6409    0.9606
DIM:ROT:     106         3    0.2500    0.5213    0.6719
DIM:ROT:     107         1    0.3761    1.4837    1.4912
DIM:ROT:     107         2    0.3625    0.7164    1.0356
DIM:ROT:     107         3    0.3545    0.5865    0.7673
DIM:ROT:     108         1    0.4597    1.4616    1.5547
DIM:ROT:     108         2    0.4439    0.7798    1.1147
DIM:ROT:     108         3    0.4343    0.6547    0.8445
DIM:ROT:     109         1    0.4837    1.4776    1.5713
DIM:ROT:     109         2    0.4663    0.8227    1.1793
DIM:ROT:     109         3    0.4540    0.7368    0.9265
DIM:ROT:     110         1    0.4283    1.4661    1.5722
DIM:ROT:     110         2    0.4078    0.8883    1.2781
DIM:ROT:     110         3    0.3933    0.8327    0.9994
DIM:ROT:     111         1    0.2741    1.5606    1.5571
DIM:ROT:     111         2    0.2502    0.9362    1.4352
DIM:ROT:     111         3    0.2306    1.0059    1.0897
DIM:ROT:     112         1    0.0332    1.5539    1.7589
DIM:ROT:     112         2   -0.0003    1.1392    1.6547
DIM:ROT:     112         3   -0.0278    1.1948    1.3320
DIM:ROT:     113         1   -0.3555    2.1379    1.9130
DIM:ROT:     113         2   -0.4028    1.2826    2.0886
DIM:ROT:     113         3   -0.4442    1.5708    1.4682
DIM:ROT:     114         1   -0.7765    1.1343    2.0183
DIM:ROT:     114         2   -0.8061    1.3251    1.2390
DIM:ROT:     114         3   -0.8297    0.8956    1.5144
DIM:ROT:     115         1   -0.8107    1.2547    1.1340
DIM:ROT:     115         2   -0.8309    0.8688    1.3167
DIM:ROT:     115         3   -0.8502    1.0808    0.9877
DIM:ROT:     116         1   -0.5787    1.0469    1.8980
DIM:ROT:     116         2   -0.5933    0.8380    0.9561
DIM:ROT:     116         3   -0.6036    0.6066    0.9676
DIM:ROT:     117         1   -0.3812    0.8930    1.2789
DIM:ROT:     117         2   -0.3887    0.6170    0.6524
DIM:ROT:     117         3   -0.3939    0.4620    0.6287
DIM:ROT:     118         1   -0.1517    1.1078    1.4486
DIM:ROT:     118         2   -0.1610    0.6787    0.7189
DIM:ROT:     118         3   -0.1661    0.4736    0.6210
DIM:ROT:     119         1   -0.2352    1.0193    0.7015
DIM:ROT:     119         2   -0.2432    0.5363    0.8031
DIM:ROT:     119         3   -0.2490    0.5505    0.5779
DIM:ROT:     120         1   -0.3642    0.7657    0.8088
DIM:ROT:     120         2   -0.3723    0.5514    0.7942
DIM:ROT:     120         3   -0.3788    0.5980    0.6285
DIM:ROT:     121         1   -0.4018    0.5204    0.7564
DIM:ROT:     121         2   -0.4064    0.4880    0.5261
DIM:ROT:     121         3   -0.4106    0.4011    0.5642
DIM:ROT:     122         1   -0.3873    0.7484    0.9118
DIM:ROT:     122         2   -0.3959    0.5808    0.8097
DIM:ROT:     122         3   -0.4030    0.5710    0.7118
DIM:ROT:     123         1   -0.4305    1.6625    1.2060
DIM:ROT:     123         2   -0.4553    0.9364    1.4808
DIM:ROT:     123         3   -0.4770    1.2119    0.9963
DIM:ROT:     124         1   -0.7689    1.6521    2.0538
DIM:ROT:     124         2   -0.8151    1.4470    1.7759
DIM:ROT:     124         3   -0.8534    1.3469    1.6474
DIM:ROT:     125         1   -1.3584    2.3922    2.1532
DIM:ROT:     125         2   -1.4098    1.2718    2.2752
DIM:ROT:     125         3   -1.4530    1.5195    1.5829
DIM:ROT:     126         1   -1.8698    2.0069    2.5594
DIM:ROT:     126         2   -1.9271    1.5461    2.0645
DIM:ROT:     126         3   -1.9727    1.4653    1.8094
DIM:ROT:     127         1   -1.9981    2.0381    1.8524
DIM:ROT:     127         2   -2.0550    1.4866    2.1855
DIM:ROT:     127         3   -2.1092    1.8143    1.6693
DIM:ROT:     128         1   -2.1196    1.3823    2.3252
DIM:ROT:     128         2   -2.1729    1.8448    1.6219
DIM:ROT:     128         3   -2.2193    1.2701    2.1349
DIM:ROT:     129         1   -2.1620    1.9087    1.4579
DIM:ROT:     129         2   -2.2034    1.1721    2.0136
DIM:ROT:     129         3   -2.2417    1.6133    1.3287
DIM:ROT:     130         1   -2.2414    1.1627    1.9010
DIM:ROT:     130         2   -2.2746    1.5275    1.2154
DIM:ROT:     130         3   -2.3030    1.0142    1.6300
DIM:ROT:     131         1   -2.1906    1.6472    1.5636
DIM:ROT:     131         2   -2.2177    1.2205    1.2114
DIM:ROT:     131         3   -2.2375    0.9353    1.2529
DIM:ROT:     132         1   -1.8945    0.9224    1.3287
DIM:ROT:     132         2   -1.9089    0.8311    0.9423
DIM:ROT:     132         3   -1.9209    0.7072    0.9795
DIM:ROT:     133         1   -1.3634    1.0079    1.0831
DIM:ROT:     133         2   -1.3727    0.7311    0.6985
DIM:ROT:     133         3   -1.3801    0.5632    0.7411
DIM:ROT:     134         1   -0.9066    0.8678    1.1105
DIM:ROT:     134         2   -0.9152    0.6174    0.7536
DIM:ROT:     134         3   -0.9219    0.5430    0.7005
DIM:ROT:     135         1   -0.2727    1.4562    1.4188
DIM:ROT:     135         2   -0.2902    1.0128    0.9732
DIM:ROT:     135         3   -0.3031    0.7147    1.0018
DIM:ROT:     136         1    0.5613    1.8947    1.9150
DIM:ROT:     136         2    0.5245    1.3704    1.5231
DIM:ROT:     136         3    0.4952    1.1781    1.4135
DIM:ROT:     137         1   -1.7653    2.6305    3.5655
DIM:ROT:     137         2   -1.7965    1.3969    1.4327
DIM:ROT:     137         3   -1.8219    1.0397    1.3890
DIM:ROT:     138         1   -0.9346    1.0060    1.6611
DIM:ROT:     138         2   -0.9390    0.4062    0.5301
DIM:ROT:     138         3   -0.9415    0.3666    0.3856
DIM:ROT:     139         1   -1.3895    0.6850    0.7944
DIM:ROT:     139         2   -1.3943    0.5273    0.6158
DIM:ROT:     139         3   -1.3996    0.4747    0.6149
DIM:ROT:     140         1   -1.5358    0.5928    0.6504
DIM:ROT:     140         2   -1.5415    0.5066    0.6693
DIM:ROT:     140         3   -1.5466    0.5211    0.5787
DIM:ROT:     141         1   -1.6897    0.6874    0.7051
DIM:ROT:     141         2   -1.6965    0.5347    0.7556
DIM:ROT:     141         3   -1.7032    0.5910    0.6234
DIM:ROT:     142         1   -1.7587    0.5967    0.8348
DIM:ROT:     142         2   -1.7662    0.6424    0.6644
DIM:ROT:     142         3   -1.7726    0.5192    0.7246
DIM:ROT:     143         1   -1.8945    0.9239    0.7993
DIM:ROT:     143         2   -1.9031    0.6006    0.8102
DIM:ROT:     143         3   -1.9100    0.5798    0.6635
DIM:ROT:     144         1   -1.8300    0.7268    1.1355
DIM:ROT:     144         2   -1.8386    0.7001    0.6787
DIM:ROT:     144         3   -1.8452    0.5126    0.7514
DIM:ROT:     145         1   -1.7398    0.9772    0.6755
DIM:ROT:     145         2   -1.7474    0.6003    0.6641
DIM:ROT:     145         3   -1.7524    0.4966    0.5718
DIM:ROT:     146         1   -1.5010    0.6600    0.9752
DIM:ROT:     146         2   -1.5072    0.5949    0.5776
DIM:ROT:     146         3   -1.5123    0.4614    0.6258
DIM:ROT:     147         1   -1.3001    1.2806    0.8812
DIM:ROT:     147         2   -1.3137    0.7922    0.9731
DIM:ROT:     147         3   -1.3235    0.7199    0.7549
DIM:ROT:     148         1   -0.9727    0.9902    1.2276
DIM:ROT:     148         2   -0.9887    0.9203    0.9940
DIM:ROT:     148         3   -1.0025    0.7979    0.9975
DIM:ROT:     149         1   -0.8782    1.0697    0.9478
DIM:ROT:     149         2   -0.8915    0.7400    1.0154
DIM:ROT:     149         3   -0.9032    0.8167    0.8082
DIM:ROT:     150         1   -0.9215    0.7717    1.0348
DIM:ROT:     150         2   -0.9339    0.8610    0.8199
DIM:ROT:     150         3   -0.9448    0.6831    0.9181
DIM:ROT:     151         1   -0.9485    0.7372    0.7819
DIM:ROT:     151         2   -0.9574    0.6276    0.8023
DIM:ROT:     151         3   -0.9658    0.6642    0.7088
DIM:ROT:     152         1   -0.9007    0.6121    0.7576
DIM:ROT:     152         2   -0.9078    0.6245    0.6438
DIM:ROT:     152         3   -0.9141    0.5374    0.6725
DIM:ROT:     153         1   -0.8894    0.5308    0.8111
DIM:ROT:     153         2   -0.8944    0.5621    0.4837
DIM:ROT:     153         3   -0.8989    0.4085    0.6086
DIM:ROT:     154         1   -0.8372    0.5314    0.5226
DIM:ROT:     154         2   -0.8412    0.4382    0.5019
DIM:ROT:     154         3   -0.8445    0.4151    0.4575
DIM:ROT:     155         1   -0.7054    0.4898    0.6317
DIM:ROT:     155         2   -0.7092    0.4660    0.4556
DIM:ROT:     155         3   -0.7127    0.3828    0.5065
DIM:ROT:     156         1   -0.6370    0.5433    0.5045
DIM:ROT:     156         2   -0.6409    0.4271    0.4863
DIM:ROT:     156         3   -0.6439    0.3969    0.4371
DIM:ROT:     157         1   -0.5837    0.4516    0.5560
DIM:ROT:     157         2   -0.5873    0.4249    0.4728
DIM:ROT:     157         3   -0.5907    0.3877    0.4785
DIM:ROT:     158         1   -0.5136    0.5339    0.5428
DIM:ROT:     158         2   -0.5179    0.4448    0.5416
DIM:ROT:     158         3   -0.5216    0.4459    0.4700
DIM:ROT:     159         1   -0.4846    0.4738    0.5993
DIM:ROT:     159         2   -0.4886    0.4598    0.4787
DIM:ROT:     159         3   -0.4923    0.3977    0.5074
DIM:ROT:     160         1   -0.4780    0.4724    0.4869
DIM:ROT:     160         2   -0.4816    0.4053    0.4969
DIM:ROT:     160         3   -0.4847    0.4104    0.4370
