      Step     Time          Energy          fmax
BFGS:    0 15:46:28    -9342.262970        1.367062
BFGS:    1 15:46:28    -9342.311725        1.087181
BFGS:    2 15:46:28    -9342.470822        1.730511
BFGS:    3 15:46:28    -9342.763916        2.804177
BFGS:    4 15:46:28    -9343.231297        3.152949
BFGS:    5 15:46:28    -9343.636809        3.052413
BFGS:    6 15:46:28    -9343.845900        3.144121
BFGS:    7 15:46:28    -9344.177428        2.780072
BFGS:    8 15:46:28    -9344.453061        2.168047
BFGS:    9 15:46:28    -9344.569454        1.136550
BFGS:   10 15:46:28    -9344.639867        0.742238
BFGS:   11 15:46:28    -9344.711876        0.532791
BFGS:   12 15:46:28    -9344.745950        0.626476
BFGS:   13 15:46:28    -9344.778614        0.522547
BFGS:   14 15:46:28    -9344.796606        0.358821
BFGS:   15 15:46:28    -9344.810957        0.432468
BFGS:   16 15:46:28    -9344.827223        0.566806
BFGS:   17 15:46:28    -9344.845931        0.437448
BFGS:   18 15:46:28    -9344.859207        0.228902
BFGS:   19 15:46:29    -9344.866824        0.242347
BFGS:   20 15:46:29    -9344.873707        0.245394
BFGS:   21 15:46:29    -9344.879866        0.234055
BFGS:   22 15:46:29    -9344.884547        0.211421
BFGS:   23 15:46:29    -9344.887842        0.163301
BFGS:   24 15:46:29    -9344.890427        0.135727
BFGS:   25 15:46:29    -9344.892329        0.108259
BFGS:   26 15:46:29    -9344.893487        0.113520
BFGS:   27 15:46:29    -9344.894283        0.084750
BFGS:   28 15:46:29    -9344.895009        0.083488
BFGS:   29 15:46:29    -9344.895779        0.094086
BFGS:   30 15:46:29    -9344.896590        0.105728
BFGS:   31 15:46:29    -9344.897541        0.110066
BFGS:   32 15:46:29    -9344.898817        0.129321
BFGS:   33 15:46:29    -9344.900671        0.137809
BFGS:   34 15:46:29    -9344.903165        0.172754
BFGS:   35 15:46:29    -9344.906120        0.227983
BFGS:   36 15:46:29    -9344.909467        0.219991
BFGS:   37 15:46:29    -9344.913290        0.197765
BFGS:   38 15:46:29    -9344.916715        0.142139
BFGS:   39 15:46:29    -9344.919323        0.183008
BFGS:   40 15:46:29    -9344.920720        0.230768
BFGS:   41 15:46:29    -9344.921176        0.524565
BFGS:   42 15:46:29    -9344.924981        0.123113
BFGS:   43 15:46:29    -9344.926673        0.072474
BFGS:   44 15:46:29    -9344.929349        0.253106
BFGS:   45 15:46:29    -9344.930253        0.068946
BFGS:   46 15:46:29    -9344.930893        0.065057
BFGS:   47 15:46:29    -9344.932446        0.103860
BFGS:   48 15:46:29    -9344.933329        0.078194
BFGS:   49 15:46:29    -9344.934351        0.068953
BFGS:   50 15:46:29    -9344.934871        0.069112
BFGS:   51 15:46:29    -9344.935267        0.105948
BFGS:   52 15:46:29    -9344.935751        0.068494
BFGS:   53 15:46:29    -9344.936537        0.078508
BFGS:   54 15:46:29    -9344.937744        0.084188
BFGS:   55 15:46:29    -9344.938906        0.076337
BFGS:   56 15:46:29    -9344.941152        0.127310
BFGS:   57 15:46:29    -9344.944227        0.177828
BFGS:   58 15:46:29    -9344.945934        0.254175
BFGS:   59 15:46:29    -9344.952322        0.261416
BFGS:   60 15:46:29    -9344.955686        0.175096
BFGS:   61 15:46:29    -9344.960163        0.188431
BFGS:   62 15:46:29    -9344.964441        0.245262
BFGS:   63 15:46:29    -9344.967066        0.277268
BFGS:   64 15:46:29    -9344.969595        0.249560
BFGS:   65 15:46:29    -9344.972241        0.154365
BFGS:   66 15:46:29    -9344.973283        0.152989
BFGS:   67 15:46:30    -9344.974296        0.123007
BFGS:   68 15:46:30    -9344.975567        0.109863
BFGS:   69 15:46:30    -9344.976818        0.124500
BFGS:   70 15:46:30    -9344.978031        0.078152
BFGS:   71 15:46:30    -9344.979005        0.175799
BFGS:   72 15:46:30    -9344.979930        0.082262
BFGS:   73 15:46:30    -9344.980888        0.070653
BFGS:   74 15:46:30    -9344.982526        0.121644
BFGS:   75 15:46:30    -9344.984234        0.191181
BFGS:   76 15:46:30    -9344.985837        0.214046
BFGS:   77 15:46:30    -9344.986462        0.242160
BFGS:   78 15:46:30    -9344.986716        0.204262
BFGS:   79 15:46:30    -9344.988287        0.054877
BFGS:   80 15:46:30    -9344.988502        0.044105
BFGS:   81 15:46:30    -9344.988842        0.066856
BFGS:   82 15:46:30    -9344.989188        0.069486
BFGS:   83 15:46:30    -9344.989992        0.083464
BFGS:   84 15:46:30    -9344.991113        0.103936
BFGS:   85 15:46:30    -9344.992496        0.110823
BFGS:   86 15:46:30    -9344.994137        0.127988
BFGS:   87 15:46:30    -9344.996096        0.138732
BFGS:   88 15:46:30    -9344.998066        0.118890
BFGS:   89 15:46:30    -9344.999061        0.264973
BFGS:   90 15:46:30    -9344.997293        0.328958
BFGS:   91 15:46:30    -9345.000262        0.109767
BFGS:   92 15:46:30    -9345.000620        0.106057
BFGS:   93 15:46:30    -9345.001048        0.063837
BFGS:   94 15:46:30    -9345.001626        0.092319
BFGS:   95 15:46:30    -9345.001911        0.094260
BFGS:   96 15:46:30    -9345.002231        0.088382
BFGS:   97 15:46:30    -9345.002564        0.058299
BFGS:   98 15:46:30    -9345.003002        0.086010
BFGS:   99 15:46:30    -9345.003529        0.084584
BFGS:  100 15:46:30    -9345.003849        0.070185
BFGS:  101 15:46:30    -9345.003979        0.034607
BFGS:  102 15:46:30    -9345.004036        0.030414
BFGS:  103 15:46:30    -9345.004091        0.033931
BFGS:  104 15:46:30    -9345.004160        0.037782
BFGS:  105 15:46:30    -9345.004203        0.022604
BFGS:  106 15:46:30    -9345.004235        0.010972
BFGS:  107 15:46:30    -9345.004246        0.011774
BFGS:  108 15:46:30    -9345.004254        0.012339
BFGS:  109 15:46:30    -9345.004266        0.011936
BFGS:  110 15:46:30    -9345.004283        0.013777
BFGS:  111 15:46:30    -9345.004303        0.015839
BFGS:  112 15:46:30    -9345.004333        0.016650
BFGS:  113 15:46:30    -9345.004351        0.008226
BFGS:  114 15:46:30    -9345.004359        0.006693
BFGS:  115 15:46:30    -9345.004360        0.006088
BFGS:  116 15:46:30    -9345.004367        0.006506
BFGS:  117 15:46:30    -9345.004368        0.008052
BFGS:  118 15:46:30    -9345.004379        0.012620
BFGS:  119 15:46:30    -9345.004410        0.021817
BFGS:  120 15:46:30    -9345.004490        0.063353
BFGS:  121 15:46:30    -9345.004530        0.239094
BFGS:  122 15:46:31    -9345.004884        0.110980
BFGS:  123 15:46:31    -9345.006229        0.195789
BFGS:  124 15:46:31    -9345.007905        0.411162
BFGS:  125 15:46:31    -9344.963749        1.549435
BFGS:  126 15:46:31    -9345.009878        0.456168
BFGS:  127 15:46:31    -9345.009902        0.302396
BFGS:  128 15:46:31    -9345.012992        0.226228
BFGS:  129 15:46:31    -9345.014775        0.446932
BFGS:  130 15:46:31    -9345.017092        0.596004
BFGS:  131 15:46:31    -9345.026802        0.384186
BFGS:  132 15:46:31    -9345.034650        0.754175
BFGS:  133 15:46:31    -9345.052903        0.338715
BFGS:  134 15:46:31    -9345.058656        0.882994
BFGS:  135 15:46:31    -9345.067037        0.457658
BFGS:  136 15:46:31    -9345.075911        0.330454
BFGS:  137 15:46:31    -9345.078341        0.792304
BFGS:  138 15:46:31    -9345.083357        0.229425
BFGS:  139 15:46:31    -9345.086785        0.151643
BFGS:  140 15:46:31    -9345.089689        0.386602
BFGS:  141 15:46:31    -9345.092206        0.142245
BFGS:  142 15:46:31    -9345.093190        0.098283
BFGS:  143 15:46:31    -9345.093027        0.221302
BFGS:  144 15:46:31    -9345.093827        0.088274
BFGS:  145 15:46:31    -9345.093880        0.068168
BFGS:  146 15:46:31    -9345.093999        0.044263
BFGS:  147 15:46:31    -9345.094062        0.034813
BFGS:  148 15:46:31    -9345.094133        0.032387
BFGS:  149 15:46:31    -9345.094234        0.025603
BFGS:  150 15:46:31    -9345.094274        0.025227
BFGS:  151 15:46:31    -9345.094328        0.027947
BFGS:  152 15:46:31    -9345.094373        0.030971
BFGS:  153 15:46:31    -9345.094541        0.037014
BFGS:  154 15:46:31    -9345.094725        0.045597
BFGS:  155 15:46:31    -9345.095147        0.062734
BFGS:  156 15:46:31    -9345.095811        0.075048
BFGS:  157 15:46:31    -9345.096895        0.103694
BFGS:  158 15:46:31    -9345.098507        0.127670
BFGS:  159 15:46:31    -9345.100865        0.084167
BFGS:  160 15:46:31    -9345.101586        0.124519
BFGS:  161 15:46:31    -9345.101727        0.255052
BFGS:  162 15:46:31    -9345.102181        0.099610
BFGS:  163 15:46:31    -9345.102470        0.085404
BFGS:  164 15:46:31    -9345.102653        0.032174
BFGS:  165 15:46:31    -9345.102735        0.028840
BFGS:  166 15:46:31    -9345.102798        0.017628
BFGS:  167 15:46:31    -9345.102823        0.024795
BFGS:  168 15:46:31    -9345.102837        0.030154
BFGS:  169 15:46:31    -9345.102862        0.033653
BFGS:  170 15:46:31    -9345.102881        0.027587
BFGS:  171 15:46:31    -9345.102931        0.022085
BFGS:  172 15:46:32    -9345.102999        0.032293
BFGS:  173 15:46:32    -9345.103107        0.046905
BFGS:  174 15:46:32    -9345.103199        0.047076
BFGS:  175 15:46:32    -9345.103243        0.018677
BFGS:  176 15:46:32    -9345.103269        0.019662
BFGS:  177 15:46:32    -9345.103288        0.022237
BFGS:  178 15:46:32    -9345.103311        0.019505
BFGS:  179 15:46:32    -9345.103337        0.011218
BFGS:  180 15:46:32    -9345.103349        0.004015
