MinModeTranslate: STEP      TIME          ENERGY    MAX-FORCE     STEPSIZE    CURVATURE  ROT-STEPS
MinModeTranslate:    0  15:51:47    -9343.080215       5.8415     --------    -8.271082          3
MinModeTranslate:    0  15:51:47    -9343.080215       5.8415     0.100000    -8.271082          3
MinModeTranslate:    1  15:51:47    -9343.297866       5.2102     --------    -6.405320          3
MinModeTranslate:    1  15:51:47    -9343.297866       5.2102     0.100000    -6.405320          3
MinModeTranslate:    2  15:51:48    -9343.422794       5.2514     --------    -1.990232          3
MinModeTranslate:    2  15:51:48    -9343.422794       5.2514     0.100000    -1.990232          3
MinModeTranslate:    3  15:51:48    -9343.421659       5.2377     --------    -4.405257          3
MinModeTranslate:    3  15:51:48    -9343.421659       5.2377     0.100000    -4.405257          3
MinModeTranslate:    4  15:51:48    -9343.356390       4.4302     --------   -11.217682          3
MinModeTranslate:    4  15:51:48    -9343.356390       4.4302     0.100000   -11.217682          3
MinModeTranslate:    5  15:51:48    -9343.429638       3.8684     --------   -13.164444          3
MinModeTranslate:    5  15:51:48    -9343.429638       3.8684     0.100000   -13.164444          3
MinModeTranslate:    6  15:51:48    -9343.405998       2.7996     --------   -17.379682          3
MinModeTranslate:    6  15:51:48    -9343.405998       2.7996     0.100000   -17.379682          3
MinModeTranslate:    7  15:51:48    -9343.446931       1.8279     --------   -28.424817          3
MinModeTranslate:    7  15:51:48    -9343.446931       1.8279     0.100000   -28.424817          3
MinModeTranslate:    8  15:51:48    -9343.597911       1.1408     --------   -21.700809          3
MinModeTranslate:    8  15:51:48    -9343.597911       1.1408     0.100000   -21.700809          3
MinModeTranslate:    9  15:51:48    -9343.743239       0.7974     --------   -23.937863          3
MinModeTranslate:    9  15:51:48    -9343.743239       0.7974     0.066955   -23.937863          3
MinModeTranslate:   10  15:51:48    -9343.794509       1.9157     --------   -30.630125          3
MinModeTranslate:   10  15:51:48    -9343.794509       1.9157     0.099875   -30.630125          3
MinModeTranslate:   11  15:51:48    -9343.850018       1.7880     --------   -26.599065          3
MinModeTranslate:   11  15:51:48    -9343.850018       1.7880     0.036707   -26.599065          3
MinModeTranslate:   12  15:51:48    -9343.896713       0.7383     --------   -24.248694          3
MinModeTranslate:   12  15:51:48    -9343.896713       0.7383     0.022424   -24.248694          3
MinModeTranslate:   13  15:51:49    -9343.905265       0.4364     --------   -24.142382          3
MinModeTranslate:   13  15:51:49    -9343.905265       0.4364     0.039926   -24.142382          3
MinModeTranslate:   14  15:51:49    -9343.914459       0.3559     --------   -23.418238          3
MinModeTranslate:   14  15:51:49    -9343.914459       0.3559     0.013345   -23.418238          3
MinModeTranslate:   15  15:51:49    -9343.918039       0.3656     --------   -23.146997          3
MinModeTranslate:   15  15:51:49    -9343.918039       0.3656     0.026552   -23.146997          3
MinModeTranslate:   16  15:51:49    -9343.921350       0.3508     --------   -23.098799          3
MinModeTranslate:   16  15:51:49    -9343.921350       0.3508     0.038163   -23.098799          3
MinModeTranslate:   17  15:51:49    -9343.927276       0.2507     --------   -23.137682          3
MinModeTranslate:   17  15:51:49    -9343.927276       0.2507     0.021938   -23.137682          3
MinModeTranslate:   18  15:51:49    -9343.930483       0.2511     --------   -23.541189          3
MinModeTranslate:   18  15:51:49    -9343.930483       0.2511     0.034249   -23.541189          3
MinModeTranslate:   19  15:51:49    -9343.933703       0.4724     --------   -24.241457          3
MinModeTranslate:   19  15:51:49    -9343.933703       0.4724     0.034427   -24.241457          3
MinModeTranslate:   20  15:51:49    -9343.937431       0.2071     --------   -24.407565          3
MinModeTranslate:   20  15:51:49    -9343.937431       0.2071     0.050242   -24.407565          3
MinModeTranslate:   21  15:51:49    -9343.942903       0.1995     --------   -23.492631          3
MinModeTranslate:   21  15:51:49    -9343.942903       0.1995     0.047406   -23.492631          3
MinModeTranslate:   22  15:51:49    -9343.946102       0.2919     --------   -22.971378          3
MinModeTranslate:   22  15:51:49    -9343.946102       0.2919     0.016918   -22.971378          3
MinModeTranslate:   23  15:51:49    -9343.947397       0.1191     --------   -22.959017          3
MinModeTranslate:   23  15:51:49    -9343.947397       0.1191     0.016464   -22.959017          3
MinModeTranslate:   24  15:51:50    -9343.948635       0.1429     --------   -23.674514          3
MinModeTranslate:   24  15:51:50    -9343.948635       0.1429     0.020964   -23.674514          3
MinModeTranslate:   25  15:51:50    -9343.950028       0.0943     --------   -24.841180          3
MinModeTranslate:   25  15:51:50    -9343.950028       0.0943     0.015838   -24.841180          3
MinModeTranslate:   26  15:51:50    -9343.950765       0.1725     --------   -24.123529          3
MinModeTranslate:   26  15:51:50    -9343.950765       0.1725     0.022048   -24.123529          3
MinModeTranslate:   27  15:51:50    -9343.952104       0.1705     --------   -23.084578          3
MinModeTranslate:   27  15:51:50    -9343.952104       0.1705     0.023840   -23.084578          3
MinModeTranslate:   28  15:51:50    -9343.953520       0.1443     --------   -22.452860          3
MinModeTranslate:   28  15:51:50    -9343.953520       0.1443     0.041975   -22.452860          3
MinModeTranslate:   29  15:51:50    -9343.954902       0.1681     --------   -23.180215          3
MinModeTranslate:   29  15:51:50    -9343.954902       0.1681     0.020708   -23.180215          3
MinModeTranslate:   30  15:51:50    -9343.955908       0.1354     --------   -23.862816          3
MinModeTranslate:   30  15:51:50    -9343.955908       0.1354     0.009134   -23.862816          3
MinModeTranslate:   31  15:51:50    -9343.956417       0.1371     --------   -23.923208          3
MinModeTranslate:   31  15:51:50    -9343.956417       0.1371     0.013057   -23.923208          3
MinModeTranslate:   32  15:51:50    -9343.957005       0.0694     --------   -23.788311          3
MinModeTranslate:   32  15:51:50    -9343.957005       0.0694     0.013128   -23.788311          3
MinModeTranslate:   33  15:51:50    -9343.957569       0.0745     --------   -23.437018          3
MinModeTranslate:   33  15:51:50    -9343.957569       0.0745     0.009374   -23.437018          3
MinModeTranslate:   34  15:51:50    -9343.957948       0.1114     --------   -23.293320          2
MinModeTranslate:   34  15:51:50    -9343.957948       0.1114     0.007919   -23.293320          2
MinModeTranslate:   35  15:51:51    -9343.958204       0.0653     --------   -23.241416          2
MinModeTranslate:   35  15:51:51    -9343.958204       0.0653     0.008666   -23.241416          2
MinModeTranslate:   36  15:51:51    -9343.958438       0.0619     --------   -23.396481          2
MinModeTranslate:   36  15:51:51    -9343.958438       0.0619     0.010824   -23.396481          2
MinModeTranslate:   37  15:51:51    -9343.958764       0.0659     --------   -23.649858          3
MinModeTranslate:   37  15:51:51    -9343.958764       0.0659     0.010355   -23.649858          3
MinModeTranslate:   38  15:51:51    -9343.959057       0.0757     --------   -23.785709          3
MinModeTranslate:   38  15:51:51    -9343.959057       0.0757     0.007091   -23.785709          3
MinModeTranslate:   39  15:51:51    -9343.959199       0.0544     --------   -23.707519          2
MinModeTranslate:   39  15:51:51    -9343.959199       0.0544     0.025869   -23.707519          2
MinModeTranslate:   40  15:51:51    -9343.959913       0.0797     --------   -22.980936          3
MinModeTranslate:   40  15:51:51    -9343.959913       0.0797     0.013669   -22.980936          3
MinModeTranslate:   41  15:51:51    -9343.960231       0.1002     --------   -22.826601          3
MinModeTranslate:   41  15:51:51    -9343.960231       0.1002     0.018544   -22.826601          3
MinModeTranslate:   42  15:51:51    -9343.960474       0.1160     --------   -23.022744          3
MinModeTranslate:   42  15:51:51    -9343.960474       0.1160     0.016420   -23.022744          3
MinModeTranslate:   43  15:51:51    -9343.960818       0.0439     --------   -23.495433          3
MinModeTranslate:   43  15:51:51    -9343.960818       0.0439     0.010524   -23.495433          3
MinModeTranslate:   44  15:51:51    -9343.961047       0.0594     --------   -23.808750          3
MinModeTranslate:   44  15:51:51    -9343.961047       0.0594     0.013416   -23.808750          3
MinModeTranslate:   45  15:51:51    -9343.961261       0.0966     --------   -23.944152          3
MinModeTranslate:   45  15:51:51    -9343.961261       0.0966     0.019576   -23.944152          3
MinModeTranslate:   46  15:51:51    -9343.961590       0.0583     --------   -23.985254          3
MinModeTranslate:   46  15:51:51    -9343.961590       0.0583     0.019531   -23.985254          3
MinModeTranslate:   47  15:51:52    -9343.961967       0.0615     --------   -23.774308          3
MinModeTranslate:   47  15:51:52    -9343.961967       0.0615     0.019819   -23.774308          3
MinModeTranslate:   48  15:51:52    -9343.962270       0.0975     --------   -23.582696          3
MinModeTranslate:   48  15:51:52    -9343.962270       0.0975     0.024364   -23.582696          3
MinModeTranslate:   49  15:51:52    -9343.962637       0.0688     --------   -23.520515          3
MinModeTranslate:   49  15:51:52    -9343.962637       0.0688     0.018234   -23.520515          3
MinModeTranslate:   50  15:51:52    -9343.962941       0.0815     --------   -23.846992          3
MinModeTranslate:   50  15:51:52    -9343.962941       0.0815     0.038123   -23.846992          3
MinModeTranslate:   51  15:51:52    -9343.963593       0.0825     --------   -24.524933          3
MinModeTranslate:   51  15:51:52    -9343.963593       0.0825     0.011026   -24.524933          3
MinModeTranslate:   52  15:51:52    -9343.963738       0.0524     --------   -24.510263          3
MinModeTranslate:   52  15:51:52    -9343.963738       0.0524     0.020328   -24.510263          3
MinModeTranslate:   53  15:51:52    -9343.964023       0.0581     --------   -23.763339          3
MinModeTranslate:   53  15:51:52    -9343.964023       0.0581     0.007615   -23.763339          3
MinModeTranslate:   54  15:51:52    -9343.964154       0.0379     --------   -23.562095          3
MinModeTranslate:   54  15:51:52    -9343.964154       0.0379     0.004402   -23.562095          3
MinModeTranslate:   55  15:51:52    -9343.964193       0.0344     --------   -23.579644          1
MinModeTranslate:   55  15:51:52    -9343.964193       0.0344     0.004849   -23.579644          1
MinModeTranslate:   56  15:51:52    -9343.964238       0.0281     --------   -23.734566          3
MinModeTranslate:   56  15:51:52    -9343.964238       0.0281     0.006140   -23.734566          3
MinModeTranslate:   57  15:51:52    -9343.964337       0.0384     --------   -23.942590          3
MinModeTranslate:   57  15:51:52    -9343.964337       0.0384     0.005202   -23.942590          3
MinModeTranslate:   58  15:51:52    -9343.964402       0.0489     --------   -24.005999          2
MinModeTranslate:   58  15:51:52    -9343.964402       0.0489     0.010947   -24.005999          2
MinModeTranslate:   59  15:51:53    -9343.964491       0.0436     --------   -23.876656          2
MinModeTranslate:   59  15:51:53    -9343.964491       0.0436     0.007721   -23.876656          2
MinModeTranslate:   60  15:51:53    -9343.964571       0.0235     --------   -23.735220          2
MinModeTranslate:   60  15:51:53    -9343.964571       0.0235     0.003639   -23.735220          2
MinModeTranslate:   61  15:51:53    -9343.964608       0.0311     --------   -23.666014          1
MinModeTranslate:   61  15:51:53    -9343.964608       0.0311     0.003990   -23.666014          1
MinModeTranslate:   62  15:51:53    -9343.964647       0.0210     --------   -23.654775          1
MinModeTranslate:   62  15:51:53    -9343.964647       0.0210     0.002583   -23.654775          1
MinModeTranslate:   63  15:51:53    -9343.964663       0.0145     --------   -23.716665          1
MinModeTranslate:   63  15:51:53    -9343.964663       0.0145     0.003600   -23.716665          1
MinModeTranslate:   64  15:51:53    -9343.964693       0.0255     --------   -23.898711          2
MinModeTranslate:   64  15:51:53    -9343.964693       0.0255     0.002088   -23.898711          2
MinModeTranslate:   65  15:51:53    -9343.964706       0.0127     --------   -23.969968          1
MinModeTranslate:   65  15:51:53    -9343.964706       0.0127     0.002725   -23.969968          1
MinModeTranslate:   66  15:51:53    -9343.964718       0.0180     --------   -23.956498          1
MinModeTranslate:   66  15:51:53    -9343.964718       0.0180     0.002999   -23.956498          1
MinModeTranslate:   67  15:51:53    -9343.964740       0.0169     --------   -23.896161          1
MinModeTranslate:   67  15:51:53    -9343.964740       0.0169     0.001911   -23.896161          1
MinModeTranslate:   68  15:51:53    -9343.964754       0.0147     --------   -23.867198          1
MinModeTranslate:   68  15:51:53    -9343.964754       0.0147     0.002006   -23.867198          1
MinModeTranslate:   69  15:51:53    -9343.964765       0.0135     --------   -23.852319          1
MinModeTranslate:   69  15:51:53    -9343.964765       0.0135     0.002032   -23.852319          1
MinModeTranslate:   70  15:51:53    -9343.964765       0.0123     --------   -23.907149          1
MinModeTranslate:   70  15:51:53    -9343.964765       0.0123     0.001380   -23.907149          1
MinModeTranslate:   71  15:51:53    -9343.964775       0.0134     --------   -23.958437          1
MinModeTranslate:   71  15:51:53    -9343.964775       0.0134     0.001534   -23.958437          1
MinModeTranslate:   72  15:51:53    -9343.964784       0.0120     --------   -24.000472          1
MinModeTranslate:   72  15:51:53    -9343.964784       0.0120     0.002614   -24.000472          1
MinModeTranslate:   73  15:51:53    -9343.964789       0.0096     --------   -23.991656          1
MinModeTranslate:   73  15:51:53    -9343.964789       0.0096     0.001051   -23.991656          1
MinModeTranslate:   74  15:51:54    -9343.964796       0.0115     --------   -23.961873          1
MinModeTranslate:   74  15:51:54    -9343.964796       0.0115     0.002708   -23.961873          1
MinModeTranslate:   75  15:51:54    -9343.964812       0.0151     --------   -23.854700          2
MinModeTranslate:   75  15:51:54    -9343.964812       0.0151     0.003707   -23.854700          2
MinModeTranslate:   76  15:51:54    -9343.964814       0.0161     --------   -23.771169          2
MinModeTranslate:   76  15:51:54    -9343.964814       0.0161     0.008055   -23.771169          2
MinModeTranslate:   77  15:51:54    -9343.964845       0.0339     --------   -23.884722          2
MinModeTranslate:   77  15:51:54    -9343.964845       0.0339     0.008967   -23.884722          2
MinModeTranslate:   78  15:51:54    -9343.964878       0.0203     --------   -24.036899          2
MinModeTranslate:   78  15:51:54    -9343.964878       0.0203     0.010900   -24.036899          2
MinModeTranslate:   79  15:51:54    -9343.964919       0.0200     --------   -24.084355          1
MinModeTranslate:   79  15:51:54    -9343.964919       0.0200     0.013427   -24.084355          1
MinModeTranslate:   80  15:51:54    -9343.964947       0.0293     --------   -23.978640          2
MinModeTranslate:   80  15:51:54    -9343.964947       0.0293     0.012972   -23.978640          2
MinModeTranslate:   81  15:51:54    -9343.965004       0.0263     --------   -23.816237          3
MinModeTranslate:   81  15:51:54    -9343.965004       0.0263     0.008804   -23.816237          3
MinModeTranslate:   82  15:51:54    -9343.965030       0.0157     --------   -23.740057          2
MinModeTranslate:   82  15:51:54    -9343.965030       0.0157     0.007158   -23.740057          2
MinModeTranslate:   83  15:51:54    -9343.965044       0.0178     --------   -23.750861          1
MinModeTranslate:   83  15:51:54    -9343.965044       0.0178     0.004795   -23.750861          1
MinModeTranslate:   84  15:51:54    -9343.965060       0.0192     --------   -23.821836          1
MinModeTranslate:   84  15:51:54    -9343.965060       0.0192     0.003323   -23.821836          1
MinModeTranslate:   85  15:51:54    -9343.965070       0.0100     --------   -23.864324          1
MinModeTranslate:   85  15:51:54    -9343.965070       0.0100     0.003986   -23.864324          1
MinModeTranslate:   86  15:51:54    -9343.965080       0.0153     --------   -23.888765          1
MinModeTranslate:   86  15:51:54    -9343.965080       0.0153     0.001783   -23.888765          1
MinModeTranslate:   87  15:51:54    -9343.965084       0.0097     --------   -23.872998          1
MinModeTranslate:   87  15:51:54    -9343.965084       0.0097     0.001360   -23.872998          1
MinModeTranslate:   88  15:51:55    -9343.965093       0.0129     --------   -23.829599          1
MinModeTranslate:   88  15:51:55    -9343.965093       0.0129     0.003202   -23.829599          1
MinModeTranslate:   89  15:51:55    -9343.965098       0.0093     --------   -23.722476          2
MinModeTranslate:   89  15:51:55    -9343.965098       0.0093     0.002262   -23.722476          2
MinModeTranslate:   90  15:51:55    -9343.965105       0.0161     --------   -23.732190          1
MinModeTranslate:   90  15:51:55    -9343.965105       0.0161     0.004278   -23.732190          1
MinModeTranslate:   91  15:51:55    -9343.965116       0.0124     --------   -23.822228          1
MinModeTranslate:   91  15:51:55    -9343.965116       0.0124     0.003095   -23.822228          1
MinModeTranslate:   92  15:51:55    -9343.965127       0.0086     --------   -23.911657          1
MinModeTranslate:   92  15:51:55    -9343.965127       0.0086     0.001553   -23.911657          1
MinModeTranslate:   93  15:51:55    -9343.965124       0.0086     --------   -23.917256          1
MinModeTranslate:   93  15:51:55    -9343.965124       0.0086     0.000938   -23.917256          1
MinModeTranslate:   94  15:51:55    -9343.965126       0.0058     --------   -23.890312          1
MinModeTranslate:   94  15:51:55    -9343.965126       0.0058     0.000881   -23.890312          1
MinModeTranslate:   95  15:51:55    -9343.965129       0.0035     --------   -23.841655          1
