MINMODE:METHOD: Dimer
DIM:CONTROL: Search Parameters:
DIM:CONTROL: ------------------
DIM:CONTROL: eigenmode_method = dimer
DIM:CONTROL: f_rot_min = 0.01
DIM:CONTROL: f_rot_max = 0.1
DIM:CONTROL: max_num_rot = 3
DIM:CONTROL: trial_angle = 0.7853981633974483
DIM:CONTROL: trial_trans_step = 0.001
DIM:CONTROL: maximum_translation = 0.1
DIM:CONTROL: cg_translation = True
DIM:CONTROL: use_central_forces = True
DIM:CONTROL: dimer_separation = 0.005
DIM:CONTROL: initial_eigenmode_method = gauss
DIM:CONTROL: extrapolate_forces = True
DIM:CONTROL: displacement_method = gauss
DIM:CONTROL: gauss_std = 0.1
DIM:CONTROL: order = 1
DIM:CONTROL: mask = None
DIM:CONTROL: displacement_center = None
DIM:CONTROL: displacement_radius = None
DIM:CONTROL: number_of_displacement_atoms = None
DIM:CONTROL: ------------------
DIM:ROT: OPT-STEP ROT-STEP CURVATURE ROT-ANGLE ROT-FORCE
DIM:ROT:       0         1  -27.2944   37.4378   26.1514
DIM:ROT:       0         2  -34.4130   14.3754   28.2427
DIM:ROT:       0         3  -36.3704    9.4081   11.7284
DIM:ROT:       1         1  -33.6215    4.7257   10.4717
DIM:ROT:       1         2  -33.8538    2.7969    4.5324
DIM:ROT:       1         3  -33.9398    1.4351    3.3391
DIM:ROT:       2         1  -32.2893    4.6340    5.3604
DIM:ROT:       2         2  -32.3656    1.2713    3.0469
DIM:ROT:       2         3  -32.3836    0.9211    1.1870
DIM:ROT:       3         1  -34.7488    2.5992    3.5533
DIM:ROT:       3         2  -34.7832    0.8233    2.4223
DIM:ROT:       3         3  -34.7952    0.6177    1.0768
DIM:ROT:       4         1  -35.4445    1.7041    2.7006
DIM:ROT:       4         2  -35.4652    0.8055    1.5554
DIM:ROT:       4         3  -35.4723    0.4739    0.8410
DIM:ROT:       5         1  -34.7627    0.7369    0.8942
DIM:ROT:       5         2  -34.7657    0.2547    0.6112
DIM:ROT:       5         3  -34.7667    0.1822    0.2782
DIM:ROT:       6         1  -35.7276    1.8447    2.3898
DIM:ROT:       6         2  -35.7463    0.7422    1.6042
DIM:ROT:       6         3  -35.7527    0.5056    0.6859
DIM:ROT:       7         1  -36.0853    1.0414    1.0812
DIM:ROT:       7         2  -36.0876    0.2823    0.8003
DIM:ROT:       7         3  -36.0884    0.2186    0.2581
DIM:ROT:       8         1  -29.9783    2.5894    3.1237
DIM:ROT:       8         2  -30.0084    1.0608    2.0896
DIM:ROT:       8         3  -30.0174    0.7447    0.9596
DIM:ROT:       9         1  -21.8329    6.0378    4.7398
DIM:ROT:       9         2  -21.8998    1.5002    3.1110
DIM:ROT:       9         3  -21.9197    1.1082    1.2652
DIM:ROT:      10         1  -17.9506    4.1789    3.5223
DIM:ROT:      10         2  -18.0285    1.5554    2.8054
DIM:ROT:      10         3  -18.0544    1.2299    1.3328
DIM:ROT:      11         1  -18.2846    3.0994    2.2718
DIM:ROT:      11         2  -18.3155    0.8166    1.8489
DIM:ROT:      11         3  -18.3265    0.8144    0.6959
DIM:ROT:      12         1  -19.9305    1.5079    2.0687
DIM:ROT:      12         2  -19.9456    0.7393    1.2451
DIM:ROT:      12         3  -19.9518    0.5083    0.7384
DIM:ROT:      13         1  -20.9437    0.9228    1.9232
DIM:ROT:      13         2  -20.9479    0.5469    0.6091
DIM:ROT:      13         3  -20.9497    0.2453    0.4649
DIM:ROT:      14         1  -21.0329    0.5096    0.5810
DIM:ROT:      14         2  -21.0339    0.2488    0.3896
DIM:ROT:      14         3  -21.0342    0.1799    0.2200
DIM:ROT:      15         1  -20.3680    0.5629    1.0136
DIM:ROT:      15         2  -20.3691    0.3944    0.4640
DIM:ROT:      15         3  -20.3702    0.2105    0.3639
DIM:ROT:      16         1  -19.8802    0.4489    0.8435
DIM:ROT:      16         2  -19.8810    0.3106    0.3402
DIM:ROT:      16         3  -19.8814    0.1535    0.2666
DIM:ROT:      17         1  -19.6580    0.4981    0.6012
DIM:ROT:      17         2  -19.6595    0.2287    0.3443
DIM:ROT:      17         3  -19.6599    0.1560    0.2169
DIM:ROT:      18         1  -19.3224    0.8788    0.9670
DIM:ROT:      18         2  -19.3260    0.3323    0.5348
DIM:ROT:      18         3  -19.3270    0.2474    0.3090
DIM:ROT:      19         1  -19.1377    0.4309    0.7876
DIM:ROT:      19         2  -19.1389    0.3314    0.3536
DIM:ROT:      19         3  -19.1398    0.1640    0.2858
DIM:ROT:      20         1  -19.2369    0.4890    0.7104
DIM:ROT:      20         2  -19.2382    0.2961    0.4215
DIM:ROT:      20         3  -19.2390    0.1993    0.2877
DIM:ROT:      21         1  -19.1005    0.7140    0.6450
DIM:ROT:      21         2  -19.1023    0.2545    0.4767
DIM:ROT:      21         3  -19.1026    0.2144    0.2036
DIM:ROT:      22         1  -19.0165    0.7300    0.5323
DIM:ROT:      22         2  -19.0179    0.1796    0.3573
DIM:ROT:      22         3  -19.0183    0.1366    0.1611
DIM:ROT:      23         1  -18.8576    0.4588    0.7690
DIM:ROT:      23         2  -18.8593    0.3363    0.4185
DIM:ROT:      23         3  -18.8600    0.1976    0.3317
DIM:ROT:      24         1  -18.7498    0.5402    0.5823
DIM:ROT:      24         2  -18.7513    0.2737    0.4339
DIM:ROT:      24         3  -18.7517    0.2157    0.2487
DIM:ROT:      25         1  -18.4081    0.5640    0.7157
DIM:ROT:      25         2  -18.4108    0.3245    0.5286
DIM:ROT:      25         3  -18.4120    0.2497    0.3536
DIM:ROT:      26         1  -18.3590    0.5261    1.0446
DIM:ROT:      26         2  -18.3605    0.4962    0.3917
DIM:ROT:      26         3  -18.3620    0.2105    0.4043
DIM:ROT:      27         1  -18.1869    0.9768    0.7994
DIM:ROT:      27         2  -18.1911    0.3825    0.6147
DIM:ROT:      27         3  -18.1923    0.2540    0.3474
DIM:ROT:      28         1  -18.0161    1.4217    1.0087
DIM:ROT:      28         2  -18.0211    0.4545    0.7634
DIM:ROT:      28         3  -18.0235    0.3213    0.4176
DIM:ROT:      29         1  -18.1494    1.0846    1.8867
DIM:ROT:      29         2  -18.1566    0.7962    0.8684
DIM:ROT:      29         3  -18.1605    0.4253    0.7239
DIM:ROT:      30         1  -17.7233    1.7577    1.4067
DIM:ROT:      30         2  -17.7300    0.5975    0.8992
DIM:ROT:      30         3  -17.7333    0.3746    0.4995
DIM:ROT:      31         1  -17.0663    1.7870    2.4652
DIM:ROT:      31         2  -17.0897    1.2462    1.4113
DIM:ROT:      31         3  -17.1015    0.7565    1.1308
DIM:ROT:      32         1  -16.5087    2.9393    2.1439
DIM:ROT:      32         2  -16.5437    0.9288    1.6272
DIM:ROT:      32         3  -16.5519    0.5960    0.7290
DIM:ROT:      33         1  -15.2599    2.0790    3.8932
DIM:ROT:      33         2  -15.2820    1.2765    1.2404
DIM:ROT:      33         3  -15.2910    0.5604    1.0447
DIM:ROT:      34         1  -12.6896    2.8708    3.4999
DIM:ROT:      34         2  -12.7391    1.6477    2.1516
DIM:ROT:      34         3  -12.7663    1.2433    1.4211
DIM:ROT:      35         1  -13.3690    2.8496    3.5281
DIM:ROT:      35         2  -13.4118    1.5998    2.0885
DIM:ROT:      35         3  -13.4268    1.0062    1.2476
DIM:ROT:      36         1  -13.8495    1.4711    2.1796
DIM:ROT:      36         2  -13.8615    1.0284    1.1170
DIM:ROT:      36         3  -13.8664    0.5864    0.8686
DIM:ROT:      37         1  -13.6451    1.7048    1.5055
DIM:ROT:      37         2  -13.6542    0.5865    1.1312
DIM:ROT:      37         3  -13.6575    0.4766    0.5299
DIM:ROT:      38         1  -12.9896    1.9984    1.6649
DIM:ROT:      38         2  -13.0034    0.6406    1.2040
DIM:ROT:      38         3  -13.0073    0.5093    0.5637
DIM:ROT:      39         1  -12.3396    1.7480    1.4222
DIM:ROT:      39         2  -12.3513    0.5321    1.1349
DIM:ROT:      39         3  -12.3559    0.5609    0.5036
DIM:ROT:      40         1  -10.8567    3.6422    2.9596
DIM:ROT:      40         2  -10.8893    0.9412    1.8341
DIM:ROT:      40         3  -10.9004    0.8826    0.8277
DIM:ROT:      41         1  -10.3737    2.3928    2.1980
DIM:ROT:      41         2  -10.3943    0.8479    1.6471
DIM:ROT:      41         3  -10.4038    0.7408    0.7966
DIM:ROT:      42         1  -10.3967    1.7853    1.7502
DIM:ROT:      42         2  -10.4178    0.8731    1.6269
DIM:ROT:      42         3  -10.4284    0.8416    0.8249
DIM:ROT:      43         1  -10.6879    1.2078    1.4475
DIM:ROT:      43         2  -10.7004    0.7158    1.1368
DIM:ROT:      43         3  -10.7077    0.5916    0.7755
DIM:ROT:      44         1  -10.5862    0.5403    0.9147
DIM:ROT:      44         2  -10.5890    0.4265    0.5280
DIM:ROT:      44         3  -10.5904    0.2740    0.4505
DIM:ROT:      45         1  -10.1431    1.3277    1.0888
DIM:ROT:      45         2  -10.1495    0.4128    0.6975
DIM:ROT:      45         3  -10.1510    0.3199    0.3559
DIM:ROT:      46         1   -9.7347    1.3894    1.3082
DIM:ROT:      46         2   -9.7453    0.7195    0.9981
DIM:ROT:      46         3   -9.7499    0.5401    0.6418
DIM:ROT:      47         1   -9.8477    1.1342    1.1117
DIM:ROT:      47         2   -9.8567    0.6334    0.9523
DIM:ROT:      47         3   -9.8616    0.5354    0.6161
DIM:ROT:      48         1   -9.9537    0.8082    1.0923
DIM:ROT:      48         2   -9.9611    0.4957    0.7469
DIM:ROT:      48         3   -9.9643    0.3967    0.5117
DIM:ROT:      49         1   -9.9259    0.5274    0.6610
DIM:ROT:      49         2   -9.9288    0.3223    0.4936
DIM:ROT:      49         3   -9.9306    0.2799    0.3715
DIM:ROT:      50         1   -9.5943    0.6707    0.9407
DIM:ROT:      50         2   -9.5980    0.3845    0.5404
DIM:ROT:      50         3   -9.5998    0.2662    0.3787
DIM:ROT:      51         1   -9.4101    0.8788    0.7762
DIM:ROT:      51         2   -9.4143    0.2888    0.4938
DIM:ROT:      51         3   -9.4154    0.2444    0.2779
DIM:ROT:      52         1   -9.2752    0.4934    0.6221
DIM:ROT:      52         2   -9.2765    0.2634    0.3516
DIM:ROT:      52         3   -9.2772    0.1827    0.2699
DIM:ROT:      53         1   -9.2854    1.1717    1.5085
DIM:ROT:      53         2   -9.2950    0.7991    0.8823
DIM:ROT:      53         3   -9.2997    0.5163    0.6614
DIM:ROT:      54         1   -9.2607    1.8595    1.3650
DIM:ROT:      54         2   -9.2729    0.8686    1.0722
DIM:ROT:      54         3   -9.2789    0.6324    0.5909
DIM:ROT:      55         1   -8.7903    0.9907    1.0470
DIM:ROT:      55         2   -8.7952    0.3834    0.6524
DIM:ROT:      55         3   -8.7964    0.3229    0.3411
DIM:ROT:      56         1   -7.8551    2.6073    2.3922
DIM:ROT:      56         2   -7.8714    0.5467    0.9564
DIM:ROT:      56         3   -7.8747    0.4648    0.4666
DIM:ROT:      57         1   -6.9601    2.2533    2.0534
DIM:ROT:      57         2   -6.9765    0.5892    0.9649
DIM:ROT:      57         3   -6.9812    0.5513    0.5696
DIM:ROT:      58         1   -6.6059    0.6432    0.7863
DIM:ROT:      58         2   -6.6098    0.4352    0.5928
DIM:ROT:      58         3   -6.6127    0.3859    0.4854
DIM:ROT:      59         1   -6.5230    0.6442    0.7857
DIM:ROT:      59         2   -6.5270    0.4492    0.5793
DIM:ROT:      59         3   -6.5295    0.3587    0.4497
DIM:ROT:      60         1   -6.0058    1.1804    0.9968
DIM:ROT:      60         2   -6.0124    0.3714    0.5386
DIM:ROT:      60         3   -6.0145    0.3577    0.3907
DIM:ROT:      61         1   -5.1630    2.0950    1.7508
DIM:ROT:      61         2   -5.1808    0.7193    0.7663
DIM:ROT:      61         3   -5.1860    0.4886    0.7116
DIM:ROT:      62         1   -4.7375    1.5458    1.4337
DIM:ROT:      62         2   -4.7527    0.6946    0.9442
DIM:ROT:      62         3   -4.7600    0.6668    0.6847
DIM:ROT:      63         1   -4.6873    0.5726    0.7507
DIM:ROT:      63         2   -4.6916    0.4636    0.5607
DIM:ROT:      63         3   -4.6944    0.3821    0.4895
DIM:ROT:      64         1   -4.3097    0.8227    0.7892
DIM:ROT:      64         2   -4.3157    0.4687    0.6640
DIM:ROT:      64         3   -4.3196    0.4799    0.4979
DIM:ROT:      65         1   -3.8430    1.4186    1.2517
DIM:ROT:      65         2   -3.8590    0.7297    0.9943
DIM:ROT:      65         3   -3.8675    0.7271    0.7368
DIM:ROT:      66         1   -3.8255    0.7601    0.8810
DIM:ROT:      66         2   -3.8339    0.6066    0.8064
DIM:ROT:      66         3   -3.8408    0.5951    0.6800
DIM:ROT:      67         1   -3.8035    0.6574    0.8222
DIM:ROT:      67         2   -3.8102    0.5964    0.6742
DIM:ROT:      67         3   -3.8153    0.5007    0.6372
DIM:ROT:      68         1   -3.8545    0.6041    0.6034
DIM:ROT:      68         2   -3.8585    0.4218    0.5671
DIM:ROT:      68         3   -3.8616    0.4239    0.4545
DIM:ROT:      69         1   -3.9723    0.4099    0.5488
DIM:ROT:      69         2   -3.9749    0.3534    0.4076
DIM:ROT:      69         3   -3.9767    0.2921    0.3788
DIM:ROT:      70         1   -4.0346    0.3626    0.3597
DIM:ROT:      70         2   -4.0361    0.2543    0.3563
DIM:ROT:      70         3   -4.0372    0.2668    0.2731
DIM:ROT:      71         1   -4.0762    0.2607    0.3517
DIM:ROT:      71         2   -4.0771    0.2346    0.2574
DIM:ROT:      71         3   -4.0778    0.1867    0.2512
DIM:ROT:      72         1   -4.0566    0.2932    0.2376
DIM:ROT:      72         2   -4.0572    0.1766    0.2535
DIM:ROT:      72         3   -4.0577    0.1883    0.1796
DIM:ROT:      73         1   -4.0439    0.2424    0.3085
DIM:ROT:      73         2   -4.0445    0.1769    0.2039
DIM:ROT:      73         3   -4.0448    0.1458    0.1839
DIM:ROT:      74         1   -4.0700    0.3176    0.3081
DIM:ROT:      74         2   -4.0709    0.2436    0.2387
DIM:ROT:      74         3   -4.0716    0.1828    0.2183
DIM:ROT:      75         1   -4.0566    0.3835    0.3902
DIM:ROT:      75         2   -4.0583    0.2600    0.3010
DIM:ROT:      75         3   -4.0592    0.2084    0.2600
DIM:ROT:      76         1   -4.0880    0.3207    0.3547
DIM:ROT:      76         2   -4.0892    0.2418    0.2782
DIM:ROT:      76         3   -4.0901    0.2036    0.2478
DIM:ROT:      77         1   -4.0338    0.2753    0.3222
DIM:ROT:      77         2   -4.0346    0.1775    0.2293
DIM:ROT:      77         3   -4.0350    0.1642    0.1807
DIM:ROT:      78         1   -3.8524    0.4621    0.4640
DIM:ROT:      78         2   -3.8542    0.1891    0.2645
DIM:ROT:      78         3   -3.8548    0.1868    0.1879
DIM:ROT:      79         1   -3.7765    0.3169    0.3942
DIM:ROT:      79         2   -3.7773    0.2273    0.2385
DIM:ROT:      79         3   -3.7778    0.1733    0.2270
DIM:ROT:      80         1   -3.7370    0.3024    0.2809
DIM:ROT:      80         2   -3.7377    0.1859    0.2346
DIM:ROT:      80         3   -3.7382    0.1773    0.1839
DIM:ROT:      81         1   -3.5359    0.6701    0.5407
DIM:ROT:      81         2   -3.5395    0.2866    0.3291
DIM:ROT:      81         3   -3.5404    0.2285    0.2847
DIM:ROT:      82         1   -3.4111    0.5508    0.4407
DIM:ROT:      82         2   -3.4141    0.2783    0.3894
DIM:ROT:      82         3   -3.4154    0.2917    0.2836
DIM:ROT:      83         1   -3.3889    0.2666    0.3606
DIM:ROT:      83         2   -3.3900    0.2522    0.2544
DIM:ROT:      83         3   -3.3907    0.1922    0.2593
DIM:ROT:      84         1   -3.3461    0.2968    0.2932
DIM:ROT:      84         2   -3.3470    0.2119    0.2595
DIM:ROT:      84         3   -3.3477    0.1989    0.2187
DIM:ROT:      85         1   -3.2762    0.3206    0.3073
DIM:ROT:      85         2   -3.2773    0.2023    0.2782
DIM:ROT:      85         3   -3.2780    0.2151    0.2071
DIM:ROT:      86         1   -3.2270    0.3336    0.3580
DIM:ROT:      86         2   -3.2285    0.2080    0.2786
DIM:ROT:      86         3   -3.2293    0.2124    0.2185
DIM:ROT:      87         1   -3.1902    0.2352    0.2941
DIM:ROT:      87         2   -3.1910    0.2056    0.2280
DIM:ROT:      87         3   -3.1916    0.1746    0.2153
DIM:ROT:      88         1   -3.2557    0.3243    0.3424
DIM:ROT:      88         2   -3.2571    0.1717    0.1981
DIM:ROT:      88         3   -3.2575    0.1411    0.1670
DIM:ROT:      89         1   -3.3416    0.3879    0.3692
DIM:ROT:      89         2   -3.3438    0.2167    0.2721
DIM:ROT:      89         3   -3.3444    0.1864    0.2087
DIM:ROT:      90         1   -3.2833    0.1941    0.2176
DIM:ROT:      90         2   -3.2837    0.1134    0.1534
DIM:ROT:      90         3   -3.2838    0.1137    0.1165
DIM:ROT:      91         1   -3.2173    0.2903    0.2724
DIM:ROT:      91         2   -3.2182    0.1303    0.1793
DIM:ROT:      91         3   -3.2184    0.1286    0.1270
DIM:ROT:      92         1   -3.2788    0.2827    0.2690
DIM:ROT:      92         2   -3.2802    0.1596    0.1915
DIM:ROT:      92         3   -3.2805    0.1395    0.1547
DIM:ROT:      93         1   -3.2924    0.3342    0.3006
DIM:ROT:      93         2   -3.2941    0.1936    0.2626
DIM:ROT:      93         3   -3.2946    0.1829    0.1874
DIM:ROT:      94         1   -3.1932    0.2307    0.2456
DIM:ROT:      94         2   -3.1937    0.1188    0.1669
DIM:ROT:      94         3   -3.1939    0.1208    0.1201
DIM:ROT:      95         1   -3.0446    0.4064    0.3981
DIM:ROT:      95         2   -3.0462    0.1964    0.2635
DIM:ROT:      95         3   -3.0468    0.1964    0.1958
DIM:ROT:      96         1   -3.0018    0.2573    0.2476
DIM:ROT:      96         2   -3.0026    0.1813    0.2494
DIM:ROT:      96         3   -3.0032    0.1950    0.1911
DIM:ROT:      97         1   -3.0198    0.2144    0.2995
DIM:ROT:      97         2   -3.0205    0.1782    0.1939
DIM:ROT:      97         3   -3.0209    0.1390    0.1794
DIM:ROT:      98         1   -3.0010    0.2029    0.1941
DIM:ROT:      98         2   -3.0014    0.1480    0.1930
DIM:ROT:      98         3   -3.0017    0.1517    0.1508
DIM:ROT:      99         1   -2.9295    0.2785    0.3015
DIM:ROT:      99         2   -2.9304    0.1847    0.2216
DIM:ROT:      99         3   -2.9309    0.1650    0.1859
DIM:ROT:     100         1   -2.8446    0.3108    0.2736
DIM:ROT:     100         2   -2.8454    0.2018    0.2560
DIM:ROT:     100         3   -2.8461    0.2088    0.1896
DIM:ROT:     101         1   -2.8167    0.2956    0.2845
DIM:ROT:     101         2   -2.8176    0.2102    0.2828
DIM:ROT:     101         3   -2.8183    0.2134    0.2124
DIM:ROT:     102         1   -2.7770    0.3465    0.2917
DIM:ROT:     102         2   -2.7781    0.2203    0.2929
DIM:ROT:     102         3   -2.7789    0.2321    0.2135
DIM:ROT:     103         1   -2.6060    0.5280    0.5817
DIM:ROT:     103         2   -2.6089    0.3337    0.4159
DIM:ROT:     103         3   -2.6106    0.3125    0.3325
DIM:ROT:     104         1   -2.4741    0.7044    0.5579
DIM:ROT:     104         2   -2.4781    0.4049    0.5481
DIM:ROT:     104         3   -2.4809    0.4360    0.3843
DIM:ROT:     105         1   -2.4034    0.6380    0.7275
DIM:ROT:     105         2   -2.4087    0.5108    0.5931
DIM:ROT:     105         3   -2.4125    0.4510    0.5128
DIM:ROT:     106         1   -2.3763    0.6895    0.6092
DIM:ROT:     106         2   -2.3813    0.4658    0.6431
DIM:ROT:     106         3   -2.3855    0.5163    0.4721
DIM:ROT:     107         1   -2.3554    0.4985    0.6669
DIM:ROT:     107         2   -2.3598    0.5160    0.5003
DIM:ROT:     107         3   -2.3633    0.3964    0.5285
DIM:ROT:     108         1   -2.3506    0.6787    0.7516
DIM:ROT:     108         2   -2.3566    0.5831    0.5929
DIM:ROT:     108         3   -2.3609    0.4801    0.5432
DIM:ROT:     109         1   -2.2772    0.7882    0.7493
DIM:ROT:     109         2   -2.2836    0.5321    0.6927
DIM:ROT:     109         3   -2.2882    0.5322    0.5255
DIM:ROT:     110         1   -2.2303    0.7160    0.5454
DIM:ROT:     110         2   -2.2346    0.4119    0.5858
DIM:ROT:     110         3   -2.2380    0.4867    0.4047
DIM:ROT:     111         1   -2.0779    0.6546    0.9760
DIM:ROT:     111         2   -2.0831    0.5350    0.5357
DIM:ROT:     111         3   -2.0865    0.3877    0.5145
DIM:ROT:     112         1   -1.9728    0.6626    0.6340
DIM:ROT:     112         2   -1.9770    0.4692    0.5317
DIM:ROT:     112         3   -1.9801    0.4290    0.4306
DIM:ROT:     113         1   -1.9562    0.6374    0.5918
DIM:ROT:     113         2   -1.9608    0.4376    0.5852
DIM:ROT:     113         3   -1.9639    0.4485    0.4271
DIM:ROT:     114         1   -1.8698    0.6603    0.7684
DIM:ROT:     114         2   -1.8745    0.4894    0.5448
DIM:ROT:     114         3   -1.8776    0.4143    0.4565
DIM:ROT:     115         1   -1.7457    0.7872    0.7089
DIM:ROT:     115         2   -1.7505    0.4490    0.5821
DIM:ROT:     115         3   -1.7537    0.4411    0.4251
DIM:ROT:     116         1   -1.7028    0.7047    0.6744
DIM:ROT:     116         2   -1.7073    0.4523    0.5489
DIM:ROT:     116         3   -1.7106    0.4261    0.4416
DIM:ROT:     117         1   -1.6853    0.5455    0.6358
DIM:ROT:     117         2   -1.6896    0.4553    0.5390
DIM:ROT:     117         3   -1.6927    0.4101    0.4668
DIM:ROT:     118         1   -1.5946    0.8685    0.8392
DIM:ROT:     118         2   -1.6018    0.5921    0.7059
DIM:ROT:     118         3   -1.6072    0.5888    0.5434
DIM:ROT:     119         1   -1.5585    1.0889    0.7149
DIM:ROT:     119         2   -1.5657    0.5729    0.6714
DIM:ROT:     119         3   -1.5703    0.5010    0.5163
DIM:ROT:     120         1   -1.5063    0.6754    0.8167
DIM:ROT:     120         2   -1.5117    0.5454    0.5599
DIM:ROT:     120         3   -1.5160    0.4614    0.5390
DIM:ROT:     121         1   -1.5393    0.6291    0.5638
DIM:ROT:     121         2   -1.5442    0.4677    0.6059
DIM:ROT:     121         3   -1.5483    0.5155    0.4676
DIM:ROT:     122         1   -1.5898    0.5267    0.5996
DIM:ROT:     122         2   -1.5942    0.4916    0.5348
DIM:ROT:     122         3   -1.5984    0.4596    0.5225
DIM:ROT:     123         1   -1.5489    0.5301    0.6058
DIM:ROT:     123         2   -1.5530    0.4706    0.5054
DIM:ROT:     123         3   -1.5565    0.4285    0.4847
DIM:ROT:     124         1   -1.5298    0.5424    0.5635
DIM:ROT:     124         2   -1.5335    0.4344    0.4838
DIM:ROT:     124         3   -1.5367    0.4200    0.4465
DIM:ROT:     125         1   -1.5664    0.4876    0.6321
DIM:ROT:     125         2   -1.5706    0.5227    0.4705
DIM:ROT:     125         3   -1.5742    0.4063    0.5268
DIM:ROT:     126         1   -1.5437    0.6536    0.4257
DIM:ROT:     126         2   -1.5475    0.3902    0.5912
DIM:ROT:     126         3   -1.5511    0.5476    0.3767
DIM:ROT:     127         1   -1.5173    0.3743    0.5830
DIM:ROT:     127         2   -1.5203    0.4892    0.3496
DIM:ROT:     127         3   -1.5226    0.3116    0.4758
DIM:ROT:     128         1   -1.4965    0.3283    0.4185
DIM:ROT:     128         2   -1.4981    0.3413    0.2854
DIM:ROT:     128         3   -1.4996    0.2583    0.3337
DIM:ROT:     129         1   -1.5017    0.3335    0.2572
DIM:ROT:     129         2   -1.5029    0.2278    0.3140
DIM:ROT:     129         3   -1.5039    0.2710    0.2247
DIM:ROT:     130         1   -1.5005    0.2393    0.3248
DIM:ROT:     130         2   -1.5015    0.2571    0.2181
DIM:ROT:     130         3   -1.5024    0.1934    0.2597
DIM:ROT:     131         1   -1.4918    0.2507    0.3478
DIM:ROT:     131         2   -1.4928    0.2465    0.2023
DIM:ROT:     131         3   -1.4935    0.1750    0.2342
DIM:ROT:     132         1   -1.4946    0.2375    0.2072
DIM:ROT:     132         2   -1.4952    0.1748    0.2099
DIM:ROT:     132         3   -1.4958    0.1783    0.1737
DIM:ROT:     133         1   -1.4203    0.2770    0.4060
DIM:ROT:     133         2   -1.4215    0.3008    0.2128
DIM:ROT:     133         3   -1.4223    0.1959    0.2792
DIM:ROT:     134         1   -1.3915    0.4374    0.4752
DIM:ROT:     134         2   -1.3937    0.3537    0.3206
DIM:ROT:     134         3   -1.3954    0.2986    0.3353
DIM:ROT:     135         1   -1.4197    0.5309    0.3249
DIM:ROT:     135         2   -1.4218    0.3053    0.3995
DIM:ROT:     135         3   -1.4234    0.3296    0.2821
DIM:ROT:     136         1   -1.3963    0.3586    0.4626
DIM:ROT:     136         2   -1.3985    0.3943    0.3291
DIM:ROT:     136         3   -1.4005    0.3025    0.3924
DIM:ROT:     137         1   -1.4091    0.3821    0.3348
DIM:ROT:     137         2   -1.4109    0.2806    0.3683
DIM:ROT:     137         3   -1.4124    0.3144    0.2908
DIM:ROT:     138         1   -1.4396    0.3491    0.3879
DIM:ROT:     138         2   -1.4411    0.2739    0.3111
DIM:ROT:     138         3   -1.4425    0.2680    0.2929
DIM:ROT:     139         1   -1.4464    0.4211    0.4032
DIM:ROT:     139         2   -1.4486    0.3225    0.4126
DIM:ROT:     139         3   -1.4505    0.3432    0.3396
DIM:ROT:     140         1   -1.4141    0.6927    0.4738
DIM:ROT:     140         2   -1.4179    0.4083    0.6147
DIM:ROT:     140         3   -1.4217    0.5185    0.4064
DIM:ROT:     141         1   -1.4493    0.4583    0.6445
DIM:ROT:     141         2   -1.4527    0.4353    0.4269
DIM:ROT:     141         3   -1.4551    0.3441    0.4487
DIM:ROT:     142         1   -1.4677    0.4382    0.3822
DIM:ROT:     142         2   -1.4698    0.3052    0.4283
DIM:ROT:     142         3   -1.4719    0.3641    0.3238
DIM:ROT:     143         1   -1.4968    0.2889    0.4356
DIM:ROT:     143         2   -1.4985    0.3425    0.2839
DIM:ROT:     143         3   -1.4998    0.2367    0.3451
DIM:ROT:     144         1   -1.5080    0.5102    0.2579
DIM:ROT:     144         2   -1.5097    0.2409    0.4161
DIM:ROT:     144         3   -1.5110    0.3573    0.2162
DIM:ROT:     145         1   -1.5106    0.2420    0.3981
DIM:ROT:     145         2   -1.5120    0.3328    0.2251
DIM:ROT:     145         3   -1.5130    0.1968    0.3163
DIM:ROT:     146         1   -1.5438    0.3304    0.2828
DIM:ROT:     146         2   -1.5448    0.2078    0.2434
DIM:ROT:     146         3   -1.5454    0.2040    0.1947
DIM:ROT:     147         1   -1.5178    0.2032    0.2151
DIM:ROT:     147         2   -1.5183    0.1662    0.1970
DIM:ROT:     147         3   -1.5188    0.1581    0.1698
DIM:ROT:     148         1   -1.5196    0.1755    0.1747
DIM:ROT:     148         2   -1.5200    0.1344    0.1634
DIM:ROT:     148         3   -1.5203    0.1343    0.1371
DIM:ROT:     149         1   -1.5452    0.1369    0.2011
DIM:ROT:     149         2   -1.5455    0.1185    0.1158
DIM:ROT:     149         3   -1.5457    0.0872    0.1185
DIM:ROT:     150         1   -1.5667    0.1534    0.1167
DIM:ROT:     150         2   -1.5670    0.0917    0.1207
DIM:ROT:     150         3   -1.5672    0.0946    0.0875
DIM:ROT:     151         1   -1.5914    0.0917    0.1181
DIM:ROT:     151         2   -1.5916    0.0842    0.0908
DIM:ROT:     152         1   -1.5943    0.1067    0.1231
DIM:ROT:     152         2   -1.5945    0.0917    0.1047
DIM:ROT:     152         3   -1.5946    0.0806    0.0931
DIM:ROT:     153         1   -1.6279    0.1447    0.1193
DIM:ROT:     153         2   -1.6281    0.0871    0.1241
DIM:ROT:     153         3   -1.6283    0.1006    0.0887
DIM:ROT:     154         1   -1.6335    0.0886    0.1290
DIM:ROT:     154         2   -1.6337    0.1034    0.0902
DIM:ROT:     155         1   -1.6470    0.0891    0.1318
DIM:ROT:     155         2   -1.6472    0.1039    0.0871
DIM:ROT:     156         1   -1.6718    0.0936    0.1241
DIM:ROT:     156         2   -1.6719    0.0972    0.0964
DIM:ROT:     157         1   -1.6815    0.0983    0.1275
DIM:ROT:     157         2   -1.6817    0.0976    0.0974
DIM:ROT:     158         1   -1.6928    0.1016    0.1303
DIM:ROT:     158         2   -1.6930    0.1025    0.0962
DIM:ROT:     159         1   -1.7068    0.0982    0.1214
DIM:ROT:     159         2   -1.7070    0.0974    0.0982
DIM:ROT:     160         1   -1.7029    0.0882    0.1121
DIM:ROT:     160         2   -1.7031    0.0876    0.0871
