      Step     Time          Energy          fmax
BFGS:    0 16:37:50    -9341.174536        9.923554
BFGS:    1 16:37:50    -9341.885499        8.670116
BFGS:    2 16:37:50    -9342.400741        2.979113
BFGS:    3 16:37:50    -9342.676068        3.251442
BFGS:    4 16:37:50    -9342.883622        1.804318
BFGS:    5 16:37:50    -9343.075582        1.517908
BFGS:    6 16:37:50    -9343.257660        2.158606
BFGS:    7 16:37:50    -9343.427196        2.452377
BFGS:    8 16:37:50    -9343.585495        2.348488
BFGS:    9 16:37:50    -9343.874210        1.391963
BFGS:   10 16:37:50    -9343.963664        1.086962
BFGS:   11 16:37:50    -9344.040745        0.840284
BFGS:   12 16:37:50    -9344.097241        0.588444
BFGS:   13 16:37:50    -9344.131327        0.450568
BFGS:   14 16:37:50    -9344.147729        0.467741
BFGS:   15 16:37:50    -9344.170456        0.437957
BFGS:   16 16:37:50    -9344.187701        0.353655
BFGS:   17 16:37:50    -9344.198787        0.252399
BFGS:   18 16:37:50    -9344.202925        0.184889
BFGS:   19 16:37:50    -9344.204977        0.128524
BFGS:   20 16:37:50    -9344.206641        0.110205
BFGS:   21 16:37:50    -9344.207956        0.098311
BFGS:   22 16:37:50    -9344.208962        0.069864
BFGS:   23 16:37:50    -9344.209789        0.069998
BFGS:   24 16:37:50    -9344.210499        0.093074
BFGS:   25 16:37:50    -9344.211196        0.096841
BFGS:   26 16:37:50    -9344.212043        0.080675
BFGS:   27 16:37:50    -9344.213077        0.095595
BFGS:   28 16:37:50    -9344.214162        0.091650
BFGS:   29 16:37:50    -9344.215187        0.092164
BFGS:   30 16:37:50    -9344.216230        0.093368
BFGS:   31 16:37:50    -9344.217464        0.113882
BFGS:   32 16:37:50    -9344.218964        0.134149
BFGS:   33 16:37:50    -9344.220434        0.107009
BFGS:   34 16:37:51    -9344.221603        0.083518
BFGS:   35 16:37:51    -9344.222479        0.068913
BFGS:   36 16:37:51    -9344.223108        0.058849
BFGS:   37 16:37:51    -9344.223285        0.136889
BFGS:   38 16:37:51    -9344.223587        0.058208
BFGS:   39 16:37:51    -9344.223729        0.040204
BFGS:   40 16:37:51    -9344.223890        0.026429
BFGS:   41 16:37:51    -9344.224094        0.038725
BFGS:   42 16:37:51    -9344.224360        0.047271
BFGS:   43 16:37:51    -9344.224616        0.046383
BFGS:   44 16:37:51    -9344.224845        0.042621
BFGS:   45 16:37:51    -9344.225074        0.043591
BFGS:   46 16:37:51    -9344.225271        0.038771
BFGS:   47 16:37:51    -9344.225402        0.038419
BFGS:   48 16:37:51    -9344.225496        0.029557
BFGS:   49 16:37:51    -9344.225572        0.018760
BFGS:   50 16:37:51    -9344.225651        0.018016
BFGS:   51 16:37:51    -9344.225695        0.014110
BFGS:   52 16:37:51    -9344.225720        0.012107
BFGS:   53 16:37:51    -9344.225732        0.010017
BFGS:   54 16:37:51    -9344.225747        0.009475
BFGS:   55 16:37:51    -9344.225759        0.007187
BFGS:   56 16:37:51    -9344.225760        0.006191
BFGS:   57 16:37:51    -9344.225763        0.006238
BFGS:   58 16:37:51    -9344.225771        0.006391
BFGS:   59 16:37:51    -9344.225772        0.005924
BFGS:   60 16:37:51    -9344.225781        0.006984
BFGS:   61 16:37:51    -9344.225784        0.006341
BFGS:   62 16:37:51    -9344.225789        0.007462
BFGS:   63 16:37:51    -9344.225790        0.006079
BFGS:   64 16:37:51    -9344.225802        0.004970
