MINMODE:METHOD: Dimer
DIM:CONTROL: Search Parameters:
DIM:CONTROL: ------------------
DIM:CONTROL: eigenmode_method = dimer
DIM:CONTROL: f_rot_min = 0.01
DIM:CONTROL: f_rot_max = 0.1
DIM:CONTROL: max_num_rot = 3
DIM:CONTROL: trial_angle = 0.7853981633974483
DIM:CONTROL: trial_trans_step = 0.001
DIM:CONTROL: maximum_translation = 0.1
DIM:CONTROL: cg_translation = True
DIM:CONTROL: use_central_forces = True
DIM:CONTROL: dimer_separation = 0.005
DIM:CONTROL: initial_eigenmode_method = gauss
DIM:CONTROL: extrapolate_forces = True
DIM:CONTROL: displacement_method = gauss
DIM:CONTROL: gauss_std = 0.1
DIM:CONTROL: order = 1
DIM:CONTROL: mask = None
DIM:CONTROL: displacement_center = None
DIM:CONTROL: displacement_radius = None
DIM:CONTROL: number_of_displacement_atoms = None
DIM:CONTROL: ------------------
DIM:ROT: OPT-STEP ROT-STEP CURVATURE ROT-ANGLE ROT-FORCE
DIM:ROT:       0         1   -9.9405   29.0483   16.1533
DIM:ROT:       0         2  -14.1755   13.4297   17.4640
DIM:ROT:       0         3  -15.8688    9.4854   10.1383
DIM:ROT:       1         1  -25.6606    8.8720   14.2070
DIM:ROT:       1         2  -26.5691    4.8431   10.5166
DIM:ROT:       1         3  -27.0375    3.8981    6.6828
DIM:ROT:       2         1  -25.7473    6.7068    9.9570
DIM:ROT:       2         2  -26.1170    3.2377    6.0624
DIM:ROT:       2         3  -26.2616    2.3089    3.7357
DIM:ROT:       3         1  -22.3694    6.4185    9.0297
DIM:ROT:       3         2  -22.6379    2.8716    5.3320
DIM:ROT:       3         3  -22.7559    1.9242    3.5940
DIM:ROT:       4         1  -13.8622   11.9978   10.9658
DIM:ROT:       4         2  -14.4135    4.0747    7.2095
DIM:ROT:       4         3  -14.6158    3.0740    3.7463
DIM:ROT:       5         1   -8.8926    5.5422    7.5716
DIM:ROT:       5         2   -9.2838    2.8710    7.6446
DIM:ROT:       5         3   -9.5412    3.2368    4.3493
DIM:ROT:       6         1   -7.4103    9.2145    8.4263
DIM:ROT:       6         2   -7.9285    3.5872    8.3555
DIM:ROT:       6         3   -8.2259    4.2921    4.0500
DIM:ROT:       7         1   -8.9766    2.2497    4.2127
DIM:ROT:       7         2   -9.0696    2.5615    2.0781
DIM:ROT:       7         3   -9.1306    1.3418    2.4688
DIM:ROT:       8         1   -5.9371    4.2388    4.6984
DIM:ROT:       8         2   -6.0299    2.0407    2.6984
DIM:ROT:       8         3   -6.0888    1.4517    2.2094
DIM:ROT:       9         1   -4.9964    4.0081    4.4222
DIM:ROT:       9         2   -5.1079    2.1327    3.2113
DIM:ROT:       9         3   -5.1925    1.7987    2.5960
DIM:ROT:      10         1   -3.2673    4.4825    4.7881
DIM:ROT:      10         2   -3.4924    3.1648    4.0453
DIM:ROT:      10         3   -3.6620    2.7813    3.4807
DIM:ROT:      11         1   -2.4165    3.7940    4.4456
DIM:ROT:      11         2   -2.6433    2.7183    4.7236
DIM:ROT:      11         3   -2.8507    3.1054    3.7306
DIM:ROT:      12         1   -1.4722    5.5510    5.6194
DIM:ROT:      12         2   -1.8923    3.8579    6.1931
DIM:ROT:      12         3   -2.2452    4.3356    4.7179
DIM:ROT:      13         1   -1.2624    4.6357    6.5687
DIM:ROT:      13         2   -1.6751    3.9149    6.0765
DIM:ROT:      13         3   -2.0474    3.8566    5.4235
DIM:ROT:      14         1   -2.1730    4.8817    5.7559
DIM:ROT:      14         2   -2.5658    3.8100    5.8929
DIM:ROT:      14         3   -2.8814    3.9351    4.7003
DIM:ROT:      15         1   -5.2928    4.1574    5.9635
DIM:ROT:      15         2   -5.5887    3.3974    5.0097
DIM:ROT:      15         3   -5.8379    3.1339    4.4681
DIM:ROT:      16         1   -3.9985    2.8676    4.5714
DIM:ROT:      16         2   -4.1187    2.1588    3.0390
DIM:ROT:      16         3   -4.2080    1.8219    2.7499
DIM:ROT:      17         1    2.5952    4.6427    4.1685
DIM:ROT:      17         2    2.3779    2.6702    4.3910
DIM:ROT:      17         3    2.2070    2.8963    3.2102
DIM:ROT:      18         1    8.6941   11.4871    8.7841
DIM:ROT:      18         2    7.4360    6.9298   10.5874
DIM:ROT:      18         3    6.4522    7.6295    7.4050
DIM:ROT:      19         1   -1.4246    5.9660    9.1215
DIM:ROT:      19         2   -1.9880    4.8131    6.6574
DIM:ROT:      19         3   -2.4343    4.0962    5.9768
DIM:ROT:      20         1  -10.8923   14.7745   10.4306
DIM:ROT:      20         2  -12.7188    6.7807   15.1707
DIM:ROT:      20         3  -13.8137    8.8014    7.2580
DIM:ROT:      21         1  -16.2633    4.6982   10.1820
DIM:ROT:      21         2  -16.7293    4.9195    5.5246
DIM:ROT:      21         3  -17.0356    2.8153    6.0529
DIM:ROT:      22         1  -16.6867    3.2834    4.5475
DIM:ROT:      22         2  -16.8207    2.1528    3.3756
DIM:ROT:      22         3  -16.8924    1.6311    2.5436
DIM:ROT:      23         1  -15.2024    1.6986    3.2760
DIM:ROT:      23         2  -15.2296    1.0440    1.3992
DIM:ROT:      23         3  -15.2481    0.7007    1.3438
DIM:ROT:      24         1  -15.5472    0.8869    1.2850
DIM:ROT:      24         2  -15.5575    0.6073    0.9323
DIM:ROT:      24         3  -15.5647    0.4782    0.7351
DIM:ROT:      25         1  -16.8284    1.0966    1.8288
DIM:ROT:      25         2  -16.8338    0.6399    0.7573
DIM:ROT:      25         3  -16.8386    0.3632    0.6683
DIM:ROT:      26         1  -17.1776    1.1389    1.2294
DIM:ROT:      26         2  -17.1864    0.5894    0.8858
DIM:ROT:      26         3  -17.1904    0.4086    0.5549
DIM:ROT:      27         1  -17.0402    1.2393    1.5744
DIM:ROT:      27         2  -17.0482    0.6086    0.9781
DIM:ROT:      27         3  -17.0521    0.3975    0.6655
DIM:ROT:      28         1  -16.9133    0.3032    0.5523
DIM:ROT:      28         2  -16.9148    0.2394    0.3467
DIM:ROT:      28         3  -16.9156    0.1643    0.2909
DIM:ROT:      29         1  -16.7064    0.5232    0.7368
DIM:ROT:      29         2  -16.7088    0.3327    0.3820
DIM:ROT:      29         3  -16.7093    0.1860    0.2817
DIM:ROT:      30         1  -15.8847    0.9266    1.2666
DIM:ROT:      30         2  -15.8912    0.5274    0.6438
DIM:ROT:      30         3  -15.8932    0.2883    0.4700
DIM:ROT:      31         1  -15.5823    0.5786    0.6562
DIM:ROT:      31         2  -15.5858    0.2711    0.4713
DIM:ROT:      31         3  -15.5868    0.1915    0.2913
DIM:ROT:      32         1  -15.5774    0.4304    0.6892
DIM:ROT:      32         2  -15.5797    0.2755    0.3372
DIM:ROT:      32         3  -15.5808    0.1474    0.2613
DIM:ROT:      33         1  -15.7966    0.7875    1.3784
DIM:ROT:      33         2  -15.8015    0.4979    0.4577
DIM:ROT:      33         3  -15.8034    0.2266    0.4045
DIM:ROT:      34         1  -15.5754    0.9115    1.4769
DIM:ROT:      34         2  -15.5807    0.5648    0.5219
DIM:ROT:      34         3  -15.5825    0.2702    0.4735
DIM:ROT:      35         1  -14.9607    1.1165    1.7289
DIM:ROT:      35         2  -14.9690    0.7630    0.6970
DIM:ROT:      35         3  -14.9724    0.3557    0.6319
DIM:ROT:      36         1  -14.0025    1.3329    1.5720
DIM:ROT:      36         2  -14.0184    0.9035    1.0237
DIM:ROT:      36         3  -14.0255    0.5823    0.7877
DIM:ROT:      37         1  -12.4167    1.9131    2.5435
DIM:ROT:      37         2  -12.4512    1.3937    1.5096
DIM:ROT:      37         3  -12.4685    0.7949    1.3522
DIM:ROT:      38         1  -10.7381    3.2501    2.9025
DIM:ROT:      38         2  -10.8139    1.7332    2.5277
DIM:ROT:      38         3  -10.8464    1.2036    1.6503
DIM:ROT:      39         1   -9.6930    3.8949    3.1965
DIM:ROT:      39         2   -9.7886    1.6622    3.3934
DIM:ROT:      39         3   -9.8386    1.6712    1.7248
DIM:ROT:      40         1   -7.5087    4.0028    3.7236
DIM:ROT:      40         2   -7.6307    1.8794    3.9063
DIM:ROT:      40         3   -7.6918    1.8124    2.0982
DIM:ROT:      41         1   -5.2330    3.7248    3.7114
DIM:ROT:      41         2   -5.3553    2.0057    3.7334
DIM:ROT:      41         3   -5.4329    2.0507    2.2454
DIM:ROT:      42         1   -3.3975    3.4080    3.3745
DIM:ROT:      42         2   -3.5189    2.0304    3.6039
DIM:ROT:      42         3   -3.5966    2.1847    2.2025
DIM:ROT:      43         1   -2.8657    1.8829    2.9821
DIM:ROT:      43         2   -2.9299    1.6799    2.3396
DIM:ROT:      43         3   -2.9831    1.4175    2.2362
DIM:ROT:      44         1   -1.5472    2.9625    3.2292
DIM:ROT:      44         2   -1.6549    2.2528    2.9061
DIM:ROT:      44         3   -1.7348    1.9654    2.4903
DIM:ROT:      45         1   -0.1703    3.7657    3.3216
DIM:ROT:      45         2   -0.3250    2.3191    3.9666
DIM:ROT:      45         3   -0.4523    2.7465    2.6911
DIM:ROT:      46         1   -0.0854    2.2408    3.8429
DIM:ROT:      46         2   -0.2112    2.5380    2.8756
DIM:ROT:      46         3   -0.3144    1.8958    3.2535
DIM:ROT:      47         1   -0.1318    3.2687    2.8271
DIM:ROT:      47         2   -0.2543    2.1218    3.3458
DIM:ROT:      47         3   -0.3517    2.3797    2.3695
DIM:ROT:      48         1   -0.1805    1.8673    3.1368
DIM:ROT:      48         2   -0.2558    2.1072    2.0547
DIM:ROT:      48         3   -0.3173    1.4721    2.4677
DIM:ROT:      49         1   -0.4097    1.7213    2.0145
DIM:ROT:      49         2   -0.4520    1.3074    1.8852
DIM:ROT:      49         3   -0.4888    1.2612    1.6849
DIM:ROT:      50         1   -0.7872    1.2450    1.8528
DIM:ROT:      50         2   -0.8168    1.2446    1.3497
DIM:ROT:      50         3   -0.8411    0.9761    1.4732
DIM:ROT:      51         1   -1.9587    3.3079    2.8360
DIM:ROT:      51         2   -2.0683    2.1592    2.7079
DIM:ROT:      51         3   -2.1394    1.7435    2.2583
DIM:ROT:      52         1   -3.2183    4.6113    3.8002
DIM:ROT:      52         2   -3.4650    2.6766    5.0562
DIM:ROT:      52         3   -3.6470    3.2882    3.2072
DIM:ROT:      53         1   -4.6784    4.0105    4.5903
DIM:ROT:      53         2   -4.9446    3.1483    4.8019
DIM:ROT:      53         3   -5.1811    3.3562    3.9114
DIM:ROT:      54         1   -5.2974    3.3849    5.0238
DIM:ROT:      54         2   -5.5524    3.3009    4.3342
DIM:ROT:      54         3   -5.7574    2.8045    4.2298
DIM:ROT:      55         1   -5.3410    3.1638    3.6645
DIM:ROT:      55         2   -5.5078    2.3781    3.9674
DIM:ROT:      55         3   -5.6544    2.6412    3.0736
DIM:ROT:      56         1   -5.4596    2.3733    3.6640
DIM:ROT:      56         2   -5.5812    2.5014    2.7304
DIM:ROT:      56         3   -5.6779    1.8842    2.9214
DIM:ROT:      57         1   -4.9474    2.4002    2.8041
DIM:ROT:      57         2   -5.0250    1.7401    2.5079
DIM:ROT:      57         3   -5.0888    1.6314    2.1588
DIM:ROT:      58         1   -4.3108    2.1510    2.5128
DIM:ROT:      58         2   -4.3869    1.6231    2.6071
DIM:ROT:      58         3   -4.4470    1.7006    2.0412
DIM:ROT:      59         1   -3.7708    2.1506    3.0077
DIM:ROT:      59         2   -3.8437    1.9135    2.1796
DIM:ROT:      59         3   -3.9077    1.5399    2.3312
DIM:ROT:      60         1   -3.0231    2.3073    3.0206
DIM:ROT:      60         2   -3.1050    1.9002    2.4847
DIM:ROT:      60         3   -3.1749    1.6389    2.4482
DIM:ROT:      61         1   -1.6460    5.3521    3.7173
DIM:ROT:      61         2   -1.9024    2.8743    4.9566
DIM:ROT:      61         3   -2.0910    3.3748    3.1499
DIM:ROT:      62         1   -1.8084    4.1964    4.8808
DIM:ROT:      62         2   -2.1160    3.3768    5.1025
DIM:ROT:      62         3   -2.3654    3.5025    4.0988
DIM:ROT:      63         1   -2.2002    4.9103    5.7077
DIM:ROT:      63         2   -2.5718    3.6054    5.8904
DIM:ROT:      63         3   -2.8852    3.8117    4.5925
DIM:ROT:      64         1   -1.8046    4.8663    6.3797
DIM:ROT:      64         2   -2.2333    4.1959    5.8226
DIM:ROT:      64         3   -2.5702    3.8026    5.1876
DIM:ROT:      65         1   -1.4539    6.0844    5.5385
DIM:ROT:      65         2   -1.8836    3.7834    6.5652
DIM:ROT:      65         3   -2.2326    4.5392    4.3301
DIM:ROT:      66         1   -1.0215    4.3223    6.5593
DIM:ROT:      66         2   -1.3945    3.9839    5.3215
DIM:ROT:      66         3   -1.6688    3.2509    4.9525
DIM:ROT:      67         1   -1.3224    4.1816    4.7382
DIM:ROT:      67         2   -1.5508    2.9995    4.3955
DIM:ROT:      67         3   -1.7279    2.9233    3.3909
DIM:ROT:      68         1   -1.3007    2.1229    3.4193
DIM:ROT:      68         2   -1.3887    1.9479    2.5806
DIM:ROT:      68         3   -1.4540    1.5536    2.4762
DIM:ROT:      69         1   -0.9832    2.7050    3.5194
DIM:ROT:      69         2   -1.0787    2.1134    2.6924
DIM:ROT:      69         3   -1.1537    1.8078    2.3540
DIM:ROT:      70         1   -0.6917    3.0957    2.8593
DIM:ROT:      70         2   -0.7945    1.8054    3.3618
DIM:ROT:      70         3   -0.8692    2.1418    2.0473
DIM:ROT:      71         1    1.0648    4.1142    3.8080
DIM:ROT:      71         2    0.8825    2.5120    4.2306
DIM:ROT:      71         3    0.7344    3.0212    2.7723
DIM:ROT:      72         1    2.6603    5.0383    4.7477
DIM:ROT:      72         2    2.3783    3.2135    5.0443
DIM:ROT:      72         3    2.1613    3.5731    3.5398
DIM:ROT:      73         1    1.9898    3.5006    5.0702
DIM:ROT:      73         2    1.7516    3.5036    3.9431
DIM:ROT:      73         3    1.5294    2.9541    4.2548
DIM:ROT:      74         1    0.1962    9.2580    5.4641
DIM:ROT:      74         2   -0.6860    5.3296    9.5619
DIM:ROT:      74         3   -1.4933    7.8155    5.9752
DIM:ROT:      75         1   -2.5558    5.5133    9.4199
DIM:ROT:      75         2   -3.4367    7.4930    6.7665
DIM:ROT:      75         3   -4.3191    5.3614    9.3407
DIM:ROT:      76         1   -6.0010    6.8213    7.7330
DIM:ROT:      76         2   -6.7637    5.2231    8.4021
DIM:ROT:      76         3   -7.3813    5.3210    6.7066
DIM:ROT:      77         1   -5.3546    3.7221    6.5997
DIM:ROT:      77         2   -5.6372    4.0549    4.0632
DIM:ROT:      77         3   -5.8685    2.7452    4.7753
DIM:ROT:      78         1   -4.5539    2.3779    3.7811
DIM:ROT:      78         2   -4.6696    2.1273    3.1281
DIM:ROT:      78         3   -4.7594    1.8363    2.8744
DIM:ROT:      79         1   -4.4794    2.1028    2.5381
DIM:ROT:      79         2   -4.5495    1.6013    2.5194
DIM:ROT:      79         3   -4.6090    1.6762    2.0181
DIM:ROT:      80         1   -4.0526    1.5767    2.8092
DIM:ROT:      80         2   -4.0935    1.3720    1.7260
DIM:ROT:      80         3   -4.1240    1.0418    1.7105
DIM:ROT:      81         1   -4.2506    1.6531    1.9449
DIM:ROT:      81         2   -4.2781    1.0820    1.4596
DIM:ROT:      81         3   -4.2989    0.9460    1.2728
DIM:ROT:      82         1   -4.5351    1.2701    1.9219
DIM:ROT:      82         2   -4.5611    1.0177    1.4048
DIM:ROT:      82         3   -4.5800    0.8430    1.3162
DIM:ROT:      83         1   -4.4317    1.5690    1.9387
DIM:ROT:      83         2   -4.4638    1.2008    1.4838
DIM:ROT:      83         3   -4.4856    0.9534    1.3687
DIM:ROT:      84         1   -4.0466    1.4521    2.0162
DIM:ROT:      84         2   -4.0772    1.1070    1.5666
DIM:ROT:      84         3   -4.1003    0.9661    1.3969
DIM:ROT:      85         1   -3.7673    1.2116    1.3277
DIM:ROT:      85         2   -3.7887    0.8522    1.3985
DIM:ROT:      85         3   -3.8068    0.9494    1.0500
DIM:ROT:      86         1   -3.4634    0.7611    1.3702
DIM:ROT:      86         2   -3.4788    0.8763    0.9498
DIM:ROT:      86         3   -3.4908    0.6181    1.0981
DIM:ROT:      87         1   -3.1738    1.2079    1.0054
DIM:ROT:      87         2   -3.1891    0.6921    1.2211
DIM:ROT:      87         3   -3.2015    0.8205    0.8155
DIM:ROT:      88         1   -3.1558    0.8590    1.3463
DIM:ROT:      88         2   -3.1707    0.7774    1.0233
DIM:ROT:      88         3   -3.1826    0.6419    0.9765
DIM:ROT:      89         1   -3.0148    0.8457    0.9545
DIM:ROT:      89         2   -3.0269    0.6454    0.9698
DIM:ROT:      89         3   -3.0369    0.6577    0.7978
DIM:ROT:      90         1   -2.9984    0.5776    0.9283
DIM:ROT:      90         2   -3.0073    0.6033    0.7378
DIM:ROT:      90         3   -3.0148    0.4831    0.7687
DIM:ROT:      91         1   -2.8103    0.8423    0.8107
DIM:ROT:      91         2   -2.8207    0.5236    0.9223
DIM:ROT:      91         3   -2.8289    0.6314    0.6311
DIM:ROT:      92         1   -2.1693    1.0982    1.2413
DIM:ROT:      92         2   -2.1882    0.7751    1.2089
DIM:ROT:      92         3   -2.2023    0.7779    0.9395
DIM:ROT:      93         1   -1.6081    1.3993    1.3690
DIM:ROT:      93         2   -1.6356    0.9046    1.5773
DIM:ROT:      93         3   -1.6588    1.0847    1.0903
DIM:ROT:      94         1   -0.6606    1.8040    1.9443
DIM:ROT:      94         2   -0.7152    1.2971    2.2210
DIM:ROT:      94         3   -0.7588    1.4877    1.5971
DIM:ROT:      95         1   -0.2233    1.8177    2.1371
DIM:ROT:      95         2   -0.2828    1.4454    2.2333
DIM:ROT:      95         3   -0.3367    1.5638    1.8267
DIM:ROT:      96         1    0.5460    2.8579    2.7493
DIM:ROT:      96         2    0.4277    1.9418    3.3674
DIM:ROT:      96         3    0.3313    2.3527    2.3080
DIM:ROT:      97         1    3.8500   13.1933    7.8650
DIM:ROT:      97         2    2.8574    5.8346    9.8581
DIM:ROT:      97         3    2.3190    5.4045    5.5669
DIM:ROT:      98         1    0.9689    3.5847    7.0616
DIM:ROT:      98         2    0.7748    3.1098    3.4722
DIM:ROT:      98         3    0.6699    1.8265    3.2996
DIM:ROT:      99         1   -3.6088   23.4706    6.6412
DIM:ROT:      99         2   -5.8298    8.4293   14.6234
DIM:ROT:      99         3   -6.9310    8.5204    7.4533
DIM:ROT:     100         1   -8.5455    5.9458    9.6955
DIM:ROT:     100         2   -9.3534    6.0917    7.5091
DIM:ROT:     100         3   -9.9740    4.5823    7.8448
DIM:ROT:     101         1   -9.2058    4.8471    5.7389
DIM:ROT:     101         2   -9.5671    3.4205    5.9959
DIM:ROT:     101         3   -9.8515    3.6044    4.3937
DIM:ROT:     102         1  -11.6569    2.9026    5.1862
DIM:ROT:     102         2  -11.8293    2.8397    3.4540
DIM:ROT:     102         3  -11.9489    1.9432    3.5115
DIM:ROT:     103         1  -12.2872    2.1836    2.7796
DIM:ROT:     103         2  -12.3568    1.5032    2.5822
DIM:ROT:     103         3  -12.4053    1.4082    1.9152
DIM:ROT:     104         1  -12.6373    1.3639    2.0441
DIM:ROT:     104         2  -12.6721    1.1216    1.6701
DIM:ROT:     104         3  -12.6949    0.9210    1.3825
DIM:ROT:     105         1  -13.0821    0.8662    1.2642
DIM:ROT:     105         2  -13.0945    0.6418    1.0703
DIM:ROT:     105         3  -13.1039    0.5738    0.8421
DIM:ROT:     106         1  -13.1822    0.5303    0.8675
DIM:ROT:     106         2  -13.1872    0.4173    0.6287
DIM:ROT:     106         3  -13.1905    0.3292    0.5211
DIM:ROT:     107         1  -12.7833    0.6175    0.7878
DIM:ROT:     107         2  -12.7877    0.3770    0.6061
DIM:ROT:     107         3  -12.7906    0.3267    0.4627
DIM:ROT:     108         1  -12.1866    1.1355    1.5388
DIM:ROT:     108         2  -12.1963    0.6369    0.8601
DIM:ROT:     108         3  -12.2015    0.4536    0.6501
DIM:ROT:     109         1  -11.5614    1.6432    1.3969
DIM:ROT:     109         2  -11.5785    0.6838    1.2252
DIM:ROT:     109         3  -11.5864    0.5960    0.7406
DIM:ROT:     110         1  -11.3256    1.4333    1.4435
DIM:ROT:     110         2  -11.3443    0.7285    1.3637
DIM:ROT:     110         3  -11.3535    0.6604    0.8133
DIM:ROT:     111         1  -11.3362    0.9174    1.1153
DIM:ROT:     111         2  -11.3464    0.5605    0.9926
DIM:ROT:     111         3  -11.3527    0.5235    0.6661
DIM:ROT:     112         1  -11.3125    0.9942    1.1231
DIM:ROT:     112         2  -11.3213    0.5351    0.9533
DIM:ROT:     112         3  -11.3260    0.4652    0.6126
DIM:ROT:     113         1  -11.1737    0.5547    0.8398
DIM:ROT:     113         2  -11.1768    0.3719    0.5317
DIM:ROT:     113         3  -11.1790    0.2803    0.4500
DIM:ROT:     114         1  -11.1425    0.3602    0.6210
DIM:ROT:     114         2  -11.1433    0.2599    0.3155
DIM:ROT:     114         3  -11.1441    0.1683    0.3041
DIM:ROT:     115         1  -10.8012    0.5287    0.7250
DIM:ROT:     115         2  -10.8035    0.4021    0.3852
DIM:ROT:     115         3  -10.8046    0.2490    0.3621
DIM:ROT:     116         1  -10.5858    0.5997    1.0624
DIM:ROT:     116         2  -10.5880    0.4597    0.3700
DIM:ROT:     116         3  -10.5896    0.2255    0.4361
DIM:ROT:     117         1  -10.4501    0.3607    0.4789
DIM:ROT:     117         2  -10.4516    0.3154    0.2975
DIM:ROT:     117         3  -10.4524    0.1990    0.2901
DIM:ROT:     118         1  -10.0385    0.4912    0.6683
DIM:ROT:     118         2  -10.0410    0.3551    0.3800
DIM:ROT:     118         3  -10.0423    0.2267    0.3674
DIM:ROT:     119         1   -9.4964    0.6245    0.9095
DIM:ROT:     119         2   -9.5008    0.5013    0.4648
DIM:ROT:     119         3   -9.5032    0.2965    0.4533
DIM:ROT:     120         1   -9.3189    0.5582    0.5003
DIM:ROT:     120         2   -9.3219    0.3039    0.4677
DIM:ROT:     120         3   -9.3233    0.2435    0.3165
DIM:ROT:     121         1   -9.0082    0.3982    0.5851
DIM:ROT:     121         2   -9.0099    0.2993    0.3478
DIM:ROT:     121         3   -9.0112    0.2106    0.3406
DIM:ROT:     122         1   -8.7334    0.5182    0.6915
DIM:ROT:     122         2   -8.7362    0.3452    0.4448
DIM:ROT:     122         3   -8.7378    0.2523    0.3859
DIM:ROT:     123         1   -8.6509    0.4173    0.3557
DIM:ROT:     123         2   -8.6525    0.2071    0.4103
DIM:ROT:     123         3   -8.6536    0.2401    0.2336
DIM:ROT:     124         1   -8.2873    0.3953    0.5528
DIM:ROT:     124         2   -8.2888    0.2620    0.3626
DIM:ROT:     124         3   -8.2900    0.2065    0.3102
DIM:ROT:     125         1   -7.6948    0.7010    0.7693
DIM:ROT:     125         2   -7.6991    0.4276    0.5769
DIM:ROT:     125         3   -7.7016    0.3509    0.4593
DIM:ROT:     126         1   -7.4366    0.8110    0.6607
DIM:ROT:     126         2   -7.4426    0.3913    0.7841
DIM:ROT:     126         3   -7.4460    0.4513    0.4250
DIM:ROT:     127         1   -7.2609    0.4727    0.6571
DIM:ROT:     127         2   -7.2647    0.3721    0.5496
DIM:ROT:     127         3   -7.2675    0.3269    0.4609
DIM:ROT:     128         1   -6.9947    0.7458    0.6896
DIM:ROT:     128         2   -7.0006    0.4170    0.7361
DIM:ROT:     128         3   -7.0037    0.4144    0.4581
DIM:ROT:     129         1   -6.8148    0.7270    0.7554
DIM:ROT:     129         2   -6.8218    0.4406    0.8047
DIM:ROT:     129         3   -6.8265    0.4937    0.5260
DIM:ROT:     130         1   -6.5036    0.6430    0.8730
DIM:ROT:     130         2   -6.5101    0.5102    0.7047
DIM:ROT:     130         3   -6.5146    0.4182    0.6122
DIM:ROT:     131         1   -6.3796    0.7719    0.6982
DIM:ROT:     131         2   -6.3866    0.4326    0.8405
DIM:ROT:     131         3   -6.3914    0.5354    0.4933
DIM:ROT:     132         1   -6.3994    0.5384    0.7463
DIM:ROT:     132         2   -6.4044    0.4326    0.6531
DIM:ROT:     132         3   -6.4081    0.3844    0.5390
DIM:ROT:     133         1   -6.4561    0.6376    0.7230
DIM:ROT:     133         2   -6.4611    0.4196    0.6818
DIM:ROT:     133         3   -6.4648    0.4098    0.5055
DIM:ROT:     134         1   -6.5530    0.6302    0.6827
DIM:ROT:     134         2   -6.5572    0.4012    0.6794
DIM:ROT:     134         3   -6.5604    0.3943    0.4743
DIM:ROT:     135         1   -6.6816    0.4881    0.6937
DIM:ROT:     135         2   -6.6847    0.4046    0.5264
DIM:ROT:     135         3   -6.6875    0.3279    0.4916
DIM:ROT:     136         1   -6.7894    0.5525    0.6571
DIM:ROT:     136         2   -6.7924    0.4197    0.5637
DIM:ROT:     136         3   -6.7951    0.3454    0.4797
DIM:ROT:     137         1   -6.7500    0.3893    0.5077
DIM:ROT:     137         2   -6.7522    0.3047    0.4619
DIM:ROT:     137         3   -6.7541    0.2884    0.3850
DIM:ROT:     138         1   -6.8177    0.3186    0.5114
DIM:ROT:     138         2   -6.8187    0.2907    0.3218
DIM:ROT:     138         3   -6.8198    0.2016    0.3466
DIM:ROT:     139         1   -6.8327    0.4557    0.7406
DIM:ROT:     139         2   -6.8341    0.4170    0.3377
DIM:ROT:     139         3   -6.8356    0.2321    0.3952
DIM:ROT:     140         1   -6.7484    0.4075    0.3851
DIM:ROT:     140         2   -6.7500    0.2596    0.3543
DIM:ROT:     140         3   -6.7508    0.2100    0.2739
DIM:ROT:     141         1   -6.5864    0.3812    0.5253
DIM:ROT:     141         2   -6.5878    0.2867    0.3440
DIM:ROT:     141         3   -6.5892    0.2148    0.3329
DIM:ROT:     142         1   -6.5070    0.4468    0.6088
DIM:ROT:     142         2   -6.5091    0.3844    0.4105
DIM:ROT:     142         3   -6.5111    0.2673    0.4129
DIM:ROT:     143         1   -6.0374    0.9165    1.1132
DIM:ROT:     143         2   -6.0467    0.7338    0.7412
DIM:ROT:     143         3   -6.0529    0.5053    0.7148
DIM:ROT:     144         1   -5.7906    0.8566    0.9239
DIM:ROT:     144         2   -5.7990    0.5751    0.8203
DIM:ROT:     144         3   -5.8046    0.4812    0.6569
DIM:ROT:     145         1   -5.4805    1.1207    1.4823
DIM:ROT:     145         2   -5.4957    0.9073    0.9817
DIM:ROT:     145         3   -5.5064    0.6291    0.9491
DIM:ROT:     146         1   -5.2134    1.3418    1.2988
DIM:ROT:     146         2   -5.2315    0.8021    1.2472
DIM:ROT:     146         3   -5.2422    0.7115    0.8832
DIM:ROT:     147         1   -5.0875    0.8719    1.0838
DIM:ROT:     147         2   -5.0987    0.6391    0.9804
DIM:ROT:     147         3   -5.1073    0.6071    0.7857
DIM:ROT:     148         1   -4.9957    0.8194    1.1631
DIM:ROT:     148         2   -5.0047    0.6394    0.8448
DIM:ROT:     148         3   -5.0112    0.4948    0.7690
DIM:ROT:     149         1   -4.8072    0.8547    0.8328
DIM:ROT:     149         2   -4.8152    0.4977    0.8980
DIM:ROT:     149         3   -4.8209    0.5540    0.5793
DIM:ROT:     150         1   -4.7294    0.4701    0.7513
DIM:ROT:     150         2   -4.7335    0.4291    0.5653
DIM:ROT:     150         3   -4.7365    0.3363    0.5321
DIM:ROT:     151         1   -4.7150    0.5056    0.6710
DIM:ROT:     151         2   -4.7174    0.3629    0.4712
DIM:ROT:     151         3   -4.7193    0.2902    0.4150
DIM:ROT:     152         1   -4.5827    0.4028    0.4710
DIM:ROT:     152         2   -4.5845    0.2638    0.4185
DIM:ROT:     152         3   -4.5858    0.2557    0.3072
DIM:ROT:     153         1   -4.6015    0.3813    0.4874
DIM:ROT:     153         2   -4.6032    0.2491    0.3960
DIM:ROT:     153         3   -4.6044    0.2329    0.2937
DIM:ROT:     154         1   -4.6145    0.3354    0.4079
DIM:ROT:     154         2   -4.6162    0.2317    0.3704
DIM:ROT:     154         3   -4.6173    0.2277    0.2760
DIM:ROT:     155         1   -4.5838    0.3102    0.4274
DIM:ROT:     155         2   -4.5852    0.2295    0.3280
DIM:ROT:     155         3   -4.5861    0.1998    0.2782
DIM:ROT:     156         1   -4.5540    0.2790    0.3177
DIM:ROT:     156         2   -4.5552    0.1933    0.3232
DIM:ROT:     156         3   -4.5560    0.2024    0.2310
DIM:ROT:     157         1   -4.5295    0.2522    0.3573
DIM:ROT:     157         2   -4.5305    0.2134    0.2777
DIM:ROT:     157         3   -4.5313    0.1785    0.2622
DIM:ROT:     158         1   -4.4548    0.3602    0.3300
DIM:ROT:     158         2   -4.4564    0.2207    0.3707
DIM:ROT:     158         3   -4.4574    0.2318    0.2477
DIM:ROT:     159         1   -4.4679    0.3099    0.3799
DIM:ROT:     159         2   -4.4694    0.2397    0.3485
DIM:ROT:     159         3   -4.4706    0.2278    0.2939
DIM:ROT:     160         1   -4.4250    0.4369    0.4005
DIM:ROT:     160         2   -4.4275    0.2652    0.4695
DIM:ROT:     160         3   -4.4291    0.2987    0.3067
