MINMODE:METHOD: Dimer
DIM:CONTROL: Search Parameters:
DIM:CONTROL: ------------------
DIM:CONTROL: eigenmode_method = dimer
DIM:CONTROL: f_rot_min = 0.01
DIM:CONTROL: f_rot_max = 0.1
DIM:CONTROL: max_num_rot = 3
DIM:CONTROL: trial_angle = 0.7853981633974483
DIM:CONTROL: trial_trans_step = 0.001
DIM:CONTROL: maximum_translation = 0.1
DIM:CONTROL: cg_translation = True
DIM:CONTROL: use_central_forces = True
DIM:CONTROL: dimer_separation = 0.005
DIM:CONTROL: initial_eigenmode_method = gauss
DIM:CONTROL: extrapolate_forces = True
DIM:CONTROL: displacement_method = gauss
DIM:CONTROL: gauss_std = 0.1
DIM:CONTROL: order = 1
DIM:CONTROL: mask = None
DIM:CONTROL: displacement_center = None
DIM:CONTROL: displacement_radius = None
DIM:CONTROL: number_of_displacement_atoms = None
DIM:CONTROL: ------------------
DIM:ROT: OPT-STEP ROT-STEP CURVATURE ROT-ANGLE ROT-FORCE
DIM:ROT:       0         1   -3.1910   42.6706    6.9131
DIM:ROT:       0         2   -5.1401    9.9394   11.3081
DIM:ROT:       0         3   -5.8796    4.9840    8.0980
DIM:ROT:       1         1   -1.9040    4.1928    5.4131
DIM:ROT:       1         2   -2.0909    2.8774    3.4804
DIM:ROT:       1         3   -2.1929    2.1886    2.7292
DIM:ROT:       2         1   -1.0784    2.0639    2.6960
DIM:ROT:       2         2   -1.1257    1.6079    1.5613
DIM:ROT:       2         3   -1.1574    1.1211    1.6719
DIM:ROT:       3         1   -0.2971    1.0459    1.6087
DIM:ROT:       3         2   -0.3170    0.9481    1.2147
DIM:ROT:       3         3   -0.3337    0.7816    1.2641
DIM:ROT:       4         1    0.7257    0.8379    1.1030
DIM:ROT:       4         2    0.7165    0.7320    0.7939
DIM:ROT:       4         3    0.7070    0.6250    0.8660
DIM:ROT:       5         1    1.6781    9.0009   12.0391
DIM:ROT:       5         2    1.6269    3.8670    1.5709
DIM:ROT:       5         3    1.5752    1.1979    2.3782
DIM:ROT:       6         1    2.5955    8.7256   10.6684
DIM:ROT:       6         2    2.3793    7.3287    2.0235
DIM:ROT:       6         3    2.2221    2.1827    4.0339
DIM:ROT:       7         1    2.7065    7.9549    9.2160
DIM:ROT:       7         2    2.5492    4.3584    2.4603
DIM:ROT:       7         3    2.3823    2.2675    4.2021
DIM:ROT:       8         1    2.6549    7.2077    7.6586
DIM:ROT:       8         2    2.4254    4.7550    2.9645
DIM:ROT:       8         3    2.2091    2.6682    4.6173
DIM:ROT:       9         1    2.3799    6.3292    6.4619
DIM:ROT:       9         2    2.1760    3.4083    3.5470
DIM:ROT:       9         3    1.9933    2.7081    3.8844
DIM:ROT:      10         1    2.0252    5.3747    5.4081
DIM:ROT:      10         2    1.8231    3.0249    3.8607
DIM:ROT:      10         3    1.6376    2.9670    3.5404
DIM:ROT:      11         1    1.4849    3.9945    4.8491
DIM:ROT:      11         2    1.2983    2.7972    3.7904
DIM:ROT:      11         3    1.1420    2.7721    3.2730
DIM:ROT:      12         1    0.8769    3.4094    4.0344
DIM:ROT:      12         2    0.7296    2.5119    3.3544
DIM:ROT:      12         3    0.5994    2.4840    2.9450
DIM:ROT:      13         1    0.4652    2.4732    3.4625
DIM:ROT:      13         2    0.3605    2.2373    2.6600
DIM:ROT:      13         3    0.2762    1.8753    2.5998
DIM:ROT:      14         1    0.3508    2.0490    2.5552
DIM:ROT:      14         2    0.2869    1.7381    2.1131
DIM:ROT:      14         3    0.2320    1.5391    2.0039
DIM:ROT:      15         1    0.3582    1.5090    2.1798
DIM:ROT:      15         2    0.3168    1.5066    1.5747
DIM:ROT:      15         3    0.2832    1.1341    1.7072
DIM:ROT:      16         1    0.2998    1.3432    1.8303
DIM:ROT:      16         2    0.2715    1.3125    1.2612
DIM:ROT:      16         3    0.2471    0.9561    1.4233
DIM:ROT:      17         1    0.1155    1.1325    1.6579
DIM:ROT:      17         2    0.0958    1.1443    1.0069
DIM:ROT:      17         3    0.0797    0.7506    1.2076
DIM:ROT:      18         1   -0.1144    1.0657    1.5912
DIM:ROT:      18         2   -0.1301    1.1403    0.8306
DIM:ROT:      18         3   -0.1435    0.6669    1.0917
DIM:ROT:      19         1   -0.1792    0.9425    1.4872
DIM:ROT:      19         2   -0.1893    0.9747    0.6308
DIM:ROT:      19         3   -0.1973    0.5010    0.8824
DIM:ROT:      20         1   -0.2084    0.3044    0.4573
DIM:ROT:      20         2   -0.2101    0.2897    0.3355
DIM:ROT:      20         3   -0.2116    0.2355    0.3680
DIM:ROT:      21         1   -0.2188    0.3290    0.4009
DIM:ROT:      21         2   -0.2207    0.3216    0.3349
DIM:ROT:      21         3   -0.2224    0.2673    0.3599
DIM:ROT:      22         1   -0.2169    0.2207    0.3546
DIM:ROT:      22         2   -0.2178    0.2263    0.2182
DIM:ROT:      22         3   -0.2186    0.1642    0.2717
DIM:ROT:      23         1   -0.2340    0.3967    0.6770
DIM:ROT:      23         2   -0.2360    0.4656    0.2079
DIM:ROT:      23         3   -0.2371    0.2052    0.3572
DIM:ROT:      24         1   -0.2382    0.3103    0.5103
DIM:ROT:      24         2   -0.2400    0.4161    0.2042
DIM:ROT:      24         3   -0.2411    0.1983    0.3728
DIM:ROT:      25         1   -0.2184    0.2804    0.4648
DIM:ROT:      25         2   -0.2197    0.3667    0.1763
DIM:ROT:      25         3   -0.2205    0.1715    0.3209
DIM:ROT:      26         1   -0.1882    0.1800    0.2651
DIM:ROT:      26         2   -0.1888    0.1973    0.1501
DIM:ROT:      26         3   -0.1892    0.1230    0.2100
DIM:ROT:      27         1   -0.1899    0.1709    0.1897
DIM:ROT:      27         2   -0.1904    0.1450    0.1766
DIM:ROT:      27         3   -0.1907    0.1326    0.1691
DIM:ROT:      28         1   -0.1964    0.1580    0.2112
DIM:ROT:      28         2   -0.1967    0.1501    0.1685
DIM:ROT:      28         3   -0.1972    0.1296    0.1871
DIM:ROT:      29         1   -0.1808    0.2143    0.3519
DIM:ROT:      29         2   -0.1812    0.1815    0.1344
DIM:ROT:      29         3   -0.1816    0.1097    0.1904
DIM:ROT:      30         1   -0.1525    0.3453    0.5844
DIM:ROT:      30         2   -0.1527    0.1903    0.1214
DIM:ROT:      30         3   -0.1531    0.0997    0.1600
DIM:ROT:      31         1   -0.1519    0.3597    0.6067
DIM:ROT:      31         2   -0.1525    0.2943    0.1470
DIM:ROT:      31         3   -0.1532    0.1376    0.2373
DIM:ROT:      32         1   -0.0928    0.6901    1.1653
DIM:ROT:      32         2   -0.0942    0.4324    0.2120
DIM:ROT:      32         3   -0.0953    0.2054    0.3094
DIM:ROT:      33         1    0.0137    1.3583    2.2536
DIM:ROT:      33         2    0.0115    0.5025    0.3384
DIM:ROT:      33         3    0.0099    0.2615    0.3662
DIM:ROT:      34         1    0.0306    0.8441    1.3480
DIM:ROT:      34         2    0.0264    0.7055    0.3547
DIM:ROT:      34         3    0.0235    0.3096    0.5521
DIM:ROT:      35         1    0.0135    0.8183    1.3034
DIM:ROT:      35         2    0.0091    0.7500    0.3487
DIM:ROT:      35         3    0.0059    0.3162    0.5925
DIM:ROT:      36         1    0.0013    0.7662    1.2257
DIM:ROT:      36         2   -0.0022    0.6701    0.3130
DIM:ROT:      36         3   -0.0050    0.2943    0.5462
DIM:ROT:      37         1   -0.0001    0.3533    0.4803
DIM:ROT:      37         2   -0.0022    0.3622    0.2963
DIM:ROT:      37         3   -0.0037    0.2399    0.3965
DIM:ROT:      38         1   -0.1000    0.2642    0.3571
DIM:ROT:      38         2   -0.1009    0.2504    0.2604
DIM:ROT:      38         3   -0.1021    0.1944    0.2925
DIM:ROT:      39         1   -0.0961    0.2350    0.3622
DIM:ROT:      39         2   -0.0969    0.2550    0.2015
DIM:ROT:      39         3   -0.0977    0.1604    0.2744
DIM:ROT:      40         1   -0.0681    0.2456    0.4102
DIM:ROT:      40         2   -0.0685    0.2064    0.1343
DIM:ROT:      40         3   -0.0689    0.1077    0.2029
DIM:ROT:      41         1   -0.0938    0.3738    0.6297
DIM:ROT:      41         2   -0.0953    0.5728    0.1794
DIM:ROT:      41         3   -0.0968    0.2103    0.3599
DIM:ROT:      42         1   -0.1111    0.4317    0.7405
DIM:ROT:      42         2   -0.1130    0.6258    0.2033
DIM:ROT:      42         3   -0.1150    0.2335    0.4401
DIM:ROT:      43         1   -0.0823    0.5067    0.8830
DIM:ROT:      43         2   -0.0829    0.3087    0.1645
DIM:ROT:      43         3   -0.0834    0.1304    0.2427
DIM:ROT:      44         1   -0.0658    1.1051    1.9009
DIM:ROT:      44         2   -0.0678    0.5411    0.3047
DIM:ROT:      44         3   -0.0690    0.2268    0.2772
DIM:ROT:      45         1   -0.1111    1.0558    1.8308
DIM:ROT:      45         2   -0.1147    0.7175    0.3576
DIM:ROT:      45         3   -0.1171    0.2969    0.4392
DIM:ROT:      46         1   -0.0526    1.7940    2.9713
DIM:ROT:      46         2   -0.0608    0.9781    0.5664
DIM:ROT:      46         3   -0.0648    0.4203    0.5435
DIM:ROT:      47         1    0.0758    2.1497    3.0938
DIM:ROT:      47         2    0.0517    1.6465    0.8788
DIM:ROT:      47         3    0.0380    0.7165    1.0930
DIM:ROT:      48         1    0.0382    0.8463    1.1483
DIM:ROT:      48         2    0.0304    0.6913    0.6527
DIM:ROT:      48         3    0.0235    0.4969    0.7766
DIM:ROT:      49         1    0.0705    0.7412    1.0156
DIM:ROT:      49         2    0.0649    0.5779    0.5636
DIM:ROT:      49         3    0.0602    0.4146    0.6470
DIM:ROT:      50         1    0.1053    0.6892    0.8846
DIM:ROT:      50         2    0.1007    0.5209    0.5058
DIM:ROT:      50         3    0.0969    0.3772    0.5723
DIM:ROT:      51         1    0.0967    0.6366    0.8138
DIM:ROT:      51         2    0.0929    0.4530    0.4922
DIM:ROT:      51         3    0.0898    0.3478    0.5075
DIM:ROT:      52         1    0.0592    0.6381    0.7620
DIM:ROT:      52         2    0.0555    0.4485    0.4869
DIM:ROT:      52         3    0.0524    0.3487    0.4993
DIM:ROT:      53         1    0.0097    0.6013    0.7506
DIM:ROT:      53         2    0.0061    0.4338    0.4865
DIM:ROT:      53         3    0.0032    0.3431    0.4925
DIM:ROT:      54         1   -0.0274    0.5535    0.7076
DIM:ROT:      54         2   -0.0305    0.4176    0.4323
DIM:ROT:      54         3   -0.0332    0.3210    0.4786
DIM:ROT:      55         1   -0.0353    0.4756    0.6367
DIM:ROT:      55         2   -0.0377    0.3752    0.3730
DIM:ROT:      55         3   -0.0398    0.2761    0.4308
DIM:ROT:      56         1   -0.1178    0.2940    0.3321
DIM:ROT:      56         2   -0.1192    0.2221    0.3383
DIM:ROT:      56         3   -0.1204    0.2418    0.2745
DIM:ROT:      57         1   -0.1502    0.4256    0.4071
DIM:ROT:      57         2   -0.1531    0.3265    0.4966
DIM:ROT:      57         3   -0.1556    0.3923    0.3847
DIM:ROT:      58         1   -0.1126    0.1914    0.4083
DIM:ROT:      58         2   -0.1134    0.2774    0.1586
DIM:ROT:      58         3   -0.1141    0.1414    0.2766
DIM:ROT:      59         1   -0.1265    0.3122    0.2187
DIM:ROT:      59         2   -0.1276    0.1939    0.3173
DIM:ROT:      59         3   -0.1285    0.2445    0.2126
DIM:ROT:      60         1   -0.1511    0.2800    0.3563
DIM:ROT:      60         2   -0.1526    0.2656    0.3299
DIM:ROT:      60         3   -0.1541    0.2573    0.3369
DIM:ROT:      61         1   -0.1231    0.2003    0.3841
DIM:ROT:      61         2   -0.1235    0.1490    0.1565
DIM:ROT:      61         3   -0.1238    0.1029    0.1682
DIM:ROT:      62         1   -0.1478    0.2564    0.3329
DIM:ROT:      62         2   -0.1487    0.2895    0.2081
DIM:ROT:      62         3   -0.1498    0.1948    0.2736
DIM:ROT:      63         1   -0.1853    0.4169    0.5677
DIM:ROT:      63         2   -0.1880    0.4918    0.3521
DIM:ROT:      63         3   -0.1911    0.3238    0.4876
DIM:ROT:      64         1   -0.1383    0.4190    0.6828
DIM:ROT:      64         2   -0.1391    0.2369    0.2218
DIM:ROT:      64         3   -0.1397    0.1396    0.2321
DIM:ROT:      65         1   -0.1486    0.4363    0.6994
DIM:ROT:      65         2   -0.1499    0.3869    0.2199
DIM:ROT:      65         3   -0.1509    0.1817    0.2954
DIM:ROT:      66         1   -0.1694    0.4367    0.7053
DIM:ROT:      66         2   -0.1714    0.5174    0.2482
DIM:ROT:      66         3   -0.1733    0.2376    0.4203
DIM:ROT:      67         1   -0.1048    1.0346    1.6463
DIM:ROT:      67         2   -0.1087    0.6433    0.3748
DIM:ROT:      67         3   -0.1107    0.2793    0.4058
DIM:ROT:      68         1   -0.0526    1.3351    1.9329
DIM:ROT:      68         2   -0.0625    1.0309    0.5652
DIM:ROT:      68         3   -0.0684    0.4709    0.7252
DIM:ROT:      69         1   -0.1068    0.8537    1.4169
DIM:ROT:      69         2   -0.1097    0.4770    0.3764
DIM:ROT:      69         3   -0.1119    0.2588    0.4863
DIM:ROT:      70         1   -0.1399    0.3334    0.4686
DIM:ROT:      70         2   -0.1417    0.3807    0.2732
DIM:ROT:      70         3   -0.1433    0.2398    0.3785
DIM:ROT:      71         1   -0.1348    0.5240    0.8420
DIM:ROT:      71         2   -0.1370    0.4313    0.2918
DIM:ROT:      71         3   -0.1385    0.2188    0.3926
DIM:ROT:      72         1   -0.1202    0.4663    0.6810
DIM:ROT:      72         2   -0.1230    0.5149    0.3082
DIM:ROT:      72         3   -0.1250    0.2732    0.4382
DIM:ROT:      73         1   -0.1117    0.6101    0.9989
DIM:ROT:      73         2   -0.1149    0.5690    0.3262
DIM:ROT:      73         3   -0.1169    0.2626    0.4403
DIM:ROT:      74         1   -0.0698    0.6107    0.9318
DIM:ROT:      74         2   -0.0733    0.5582    0.3637
DIM:ROT:      74         3   -0.0757    0.2796    0.4864
DIM:ROT:      75         1   -0.0002    0.9990    1.4241
DIM:ROT:      75         2   -0.0090    0.8996    0.5500
DIM:ROT:      75         3   -0.0143    0.4442    0.6852
DIM:ROT:      76         1    0.0053    0.7950    1.1942
DIM:ROT:      76         2   -0.0005    0.6923    0.4790
DIM:ROT:      76         3   -0.0045    0.3654    0.6114
DIM:ROT:      77         1   -0.0262    0.3863    0.5066
DIM:ROT:      77         2   -0.0286    0.3543    0.3961
DIM:ROT:      77         3   -0.0307    0.2871    0.4184
DIM:ROT:      78         1   -0.0278    0.3893    0.4746
DIM:ROT:      78         2   -0.0301    0.3415    0.3805
DIM:ROT:      78         3   -0.0321    0.2913    0.3891
DIM:ROT:      79         1   -0.0285    0.3149    0.4064
DIM:ROT:      79         2   -0.0303    0.2838    0.3688
DIM:ROT:      79         3   -0.0319    0.2655    0.3491
DIM:ROT:      80         1   -0.0409    0.3329    0.3910
DIM:ROT:      80         2   -0.0427    0.2722    0.3711
DIM:ROT:      80         3   -0.0443    0.2760    0.3362
DIM:ROT:      81         1   -0.0316    0.3351    0.4412
DIM:ROT:      81         2   -0.0335    0.2951    0.3568
DIM:ROT:      81         3   -0.0350    0.2598    0.3463
DIM:ROT:      82         1   -0.0274    0.3412    0.4040
DIM:ROT:      82         2   -0.0292    0.2615    0.3680
DIM:ROT:      82         3   -0.0307    0.2641    0.3231
DIM:ROT:      83         1   -0.0411    0.3174    0.4068
DIM:ROT:      83         2   -0.0427    0.2654    0.3418
DIM:ROT:      83         3   -0.0440    0.2443    0.3114
DIM:ROT:      84         1   -0.0449    0.3427    0.3822
DIM:ROT:      84         2   -0.0464    0.2419    0.3573
DIM:ROT:      84         3   -0.0477    0.2584    0.2882
DIM:ROT:      85         1   -0.0421    0.3290    0.4285
DIM:ROT:      85         2   -0.0435    0.2292    0.3435
DIM:ROT:      85         3   -0.0445    0.2171    0.2659
DIM:ROT:      86         1   -0.0495    0.3381    0.3379
DIM:ROT:      86         2   -0.0506    0.2024    0.3271
DIM:ROT:      86         3   -0.0516    0.2418    0.2298
DIM:ROT:      87         1   -0.0513    0.3120    0.4045
DIM:ROT:      87         2   -0.0526    0.2247    0.3330
DIM:ROT:      87         3   -0.0536    0.2183    0.2656
DIM:ROT:      88         1   -0.0370    0.4130    0.4288
DIM:ROT:      88         2   -0.0384    0.2172    0.3568
DIM:ROT:      88         3   -0.0394    0.2272    0.2403
DIM:ROT:      89         1   -0.0458    0.3211    0.3848
DIM:ROT:      89         2   -0.0469    0.2050    0.3144
DIM:ROT:      89         3   -0.0477    0.2033    0.2233
DIM:ROT:      90         1   -0.0681    0.2646    0.3110
DIM:ROT:      90         2   -0.0689    0.1630    0.2733
DIM:ROT:      90         3   -0.0695    0.1794    0.1927
DIM:ROT:      91         1   -0.0861    0.2699    0.3095
DIM:ROT:      91         2   -0.0868    0.1645    0.2646
DIM:ROT:      91         3   -0.0874    0.1735    0.1797
DIM:ROT:      92         1   -0.0944    0.2688    0.2841
DIM:ROT:      92         2   -0.0951    0.1548    0.2546
DIM:ROT:      92         3   -0.0956    0.1760    0.1750
DIM:ROT:      93         1   -0.1072    0.1700    0.2493
DIM:ROT:      93         2   -0.1078    0.1589    0.1998
DIM:ROT:      93         3   -0.1082    0.1381    0.1932
DIM:ROT:      94         1   -0.1153    0.2482    0.2165
DIM:ROT:      94         2   -0.1159    0.1485    0.2429
DIM:ROT:      94         3   -0.1165    0.1850    0.1708
DIM:ROT:      95         1   -0.1122    0.2159    0.2930
DIM:ROT:      95         2   -0.1130    0.1893    0.2432
DIM:ROT:      95         3   -0.1136    0.1738    0.2279
DIM:ROT:      96         1   -0.1203    0.1844    0.2257
DIM:ROT:      96         2   -0.1209    0.1604    0.2161
DIM:ROT:      96         3   -0.1215    0.1635    0.2006
DIM:ROT:      97         1   -0.1326    0.1608    0.2246
DIM:ROT:      97         2   -0.1332    0.1669    0.1896
DIM:ROT:      97         3   -0.1337    0.1437    0.2002
DIM:ROT:      98         1   -0.1433    0.1892    0.2138
DIM:ROT:      98         2   -0.1438    0.1528    0.2064
DIM:ROT:      98         3   -0.1443    0.1541    0.1858
DIM:ROT:      99         1   -0.1505    0.1732    0.2302
DIM:ROT:      99         2   -0.1511    0.1655    0.2034
DIM:ROT:      99         3   -0.1516    0.1505    0.2016
DIM:ROT:     100         1   -0.1613    0.2160    0.2382
DIM:ROT:     100         2   -0.1620    0.1724    0.2236
DIM:ROT:     100         3   -0.1626    0.1688    0.2008
DIM:ROT:     101         1   -0.1586    0.2680    0.3098
DIM:ROT:     101         2   -0.1597    0.2121    0.3000
DIM:ROT:     101         3   -0.1606    0.2132    0.2572
DIM:ROT:     102         1   -0.1397    0.3779    0.3616
DIM:ROT:     102         2   -0.1414    0.2629    0.3832
DIM:ROT:     102         3   -0.1430    0.2860    0.3052
DIM:ROT:     103         1   -0.1186    0.2507    0.4097
DIM:ROT:     103         2   -0.1198    0.2684    0.2704
DIM:ROT:     103         3   -0.1209    0.1955    0.3097
DIM:ROT:     104         1   -0.0964    0.3092    0.2694
DIM:ROT:     104         2   -0.0976    0.1986    0.3320
DIM:ROT:     104         3   -0.0986    0.2491    0.2354
DIM:ROT:     105         1   -0.0683    0.2206    0.3427
DIM:ROT:     105         2   -0.0694    0.2503    0.2533
DIM:ROT:     105         3   -0.0704    0.1919    0.2952
DIM:ROT:     106         1   -0.0452    0.2264    0.2418
DIM:ROT:     106         2   -0.0459    0.1779    0.2438
DIM:ROT:     106         3   -0.0466    0.1844    0.2129
DIM:ROT:     107         1   -0.0126    0.1883    0.2915
DIM:ROT:     107         2   -0.0133    0.1941    0.2123
DIM:ROT:     107         3   -0.0139    0.1531    0.2375
DIM:ROT:     108         1    0.0263    0.2535    0.2877
DIM:ROT:     108         2    0.0255    0.2159    0.2326
DIM:ROT:     108         3    0.0247    0.1817    0.2288
DIM:ROT:     109         1    0.0118    0.3010    0.3850
DIM:ROT:     109         2    0.0110    0.1831    0.2356
DIM:ROT:     109         3    0.0106    0.1384    0.1841
DIM:ROT:     110         1   -0.0293    0.3401    0.3278
DIM:ROT:     110         2   -0.0300    0.1504    0.2635
DIM:ROT:     110         3   -0.0303    0.1497    0.1507
DIM:ROT:     111         1   -0.0171    0.2325    0.2900
DIM:ROT:     111         2   -0.0177    0.1510    0.2059
DIM:ROT:     111         3   -0.0180    0.1244    0.1665
DIM:ROT:     112         1   -0.0037    0.2109    0.2819
DIM:ROT:     112         2   -0.0043    0.1689    0.1985
DIM:ROT:     112         3   -0.0048    0.1388    0.1968
DIM:ROT:     113         1   -0.0095    0.1864    0.2130
DIM:ROT:     113         2   -0.0101    0.1542    0.1976
DIM:ROT:     113         3   -0.0105    0.1495    0.1777
DIM:ROT:     114         1   -0.0205    0.1957    0.2443
DIM:ROT:     114         2   -0.0211    0.1554    0.1939
DIM:ROT:     114         3   -0.0215    0.1386    0.1792
DIM:ROT:     115         1   -0.0021    0.1849    0.2449
DIM:ROT:     115         2   -0.0026    0.1459    0.1943
DIM:ROT:     115         3   -0.0029    0.1262    0.1732
DIM:ROT:     116         1    0.0330    0.1836    0.1820
DIM:ROT:     116         2    0.0327    0.1151    0.1831
DIM:ROT:     116         3    0.0324    0.1297    0.1320
DIM:ROT:     117         1    0.0803    0.1908    0.2291
DIM:ROT:     117         2    0.0798    0.1283    0.1917
DIM:ROT:     117         3    0.0795    0.1233    0.1446
DIM:ROT:     118         1    0.0890    0.2685    0.2459
DIM:ROT:     118         2    0.0885    0.1331    0.2288
DIM:ROT:     118         3    0.0881    0.1484    0.1437
DIM:ROT:     119         1    0.0607    0.2344    0.2678
DIM:ROT:     119         2    0.0602    0.1427    0.2271
DIM:ROT:     119         3    0.0598    0.1417    0.1565
DIM:ROT:     120         1    0.0176    0.2469    0.2600
DIM:ROT:     120         2    0.0171    0.1341    0.2235
DIM:ROT:     120         3    0.0167    0.1407    0.1465
DIM:ROT:     121         1   -0.0225    0.2178    0.2446
DIM:ROT:     121         2   -0.0229    0.1262    0.2052
DIM:ROT:     121         3   -0.0232    0.1264    0.1364
DIM:ROT:     122         1   -0.0711    0.2430    0.2529
DIM:ROT:     122         2   -0.0716    0.1257    0.2125
DIM:ROT:     122         3   -0.0719    0.1346    0.1383
DIM:ROT:     123         1   -0.1183    0.2599    0.2697
DIM:ROT:     123         2   -0.1189    0.1579    0.2407
DIM:ROT:     123         3   -0.1194    0.1636    0.1747
DIM:ROT:     124         1   -0.1156    0.2385    0.2656
DIM:ROT:     124         2   -0.1163    0.1675    0.2532
DIM:ROT:     124         3   -0.1170    0.1827    0.2000
DIM:ROT:     125         1   -0.0673    0.2045    0.2575
DIM:ROT:     125         2   -0.0680    0.1690    0.2331
DIM:ROT:     125         3   -0.0685    0.1635    0.2002
DIM:ROT:     126         1   -0.0663    0.1649    0.1921
DIM:ROT:     126         2   -0.0667    0.1406    0.1995
DIM:ROT:     126         3   -0.0672    0.1509    0.1747
DIM:ROT:     127         1   -0.0616    0.1324    0.1856
DIM:ROT:     127         2   -0.0620    0.1401    0.1632
DIM:ROT:     127         3   -0.0624    0.1216    0.1711
DIM:ROT:     128         1   -0.0587    0.1291    0.1469
DIM:ROT:     128         2   -0.0590    0.1103    0.1549
DIM:ROT:     128         3   -0.0593    0.1190    0.1367
DIM:ROT:     129         1   -0.0585    0.1197    0.1788
DIM:ROT:     129         2   -0.0589    0.1357    0.1328
DIM:ROT:     129         3   -0.0591    0.1032    0.1608
DIM:ROT:     130         1   -0.0579    0.1396    0.1633
DIM:ROT:     130         2   -0.0583    0.1358    0.1458
DIM:ROT:     130         3   -0.0586    0.1188    0.1536
DIM:ROT:     131         1   -0.0510    0.1220    0.1845
DIM:ROT:     131         2   -0.0513    0.1391    0.1209
DIM:ROT:     131         3   -0.0516    0.0966    0.1569
DIM:ROT:     132         1   -0.0378    0.1372    0.2309
DIM:ROT:     132         2   -0.0381    0.1751    0.0959
DIM:ROT:     133         1   -0.0341    0.1440    0.2660
DIM:ROT:     133         2   -0.0344    0.1692    0.0991
DIM:ROT:     134         1   -0.0258    0.1979    0.3687
DIM:ROT:     134         2   -0.0262    0.1627    0.1119
DIM:ROT:     134         3   -0.0264    0.0893    0.1601
DIM:ROT:     135         1   -0.0156    0.1650    0.2875
DIM:ROT:     135         2   -0.0159    0.1973    0.0965
DIM:ROT:     136         1   -0.0018    0.2296    0.4268
DIM:ROT:     136         2   -0.0023    0.2383    0.1024
DIM:ROT:     136         3   -0.0026    0.0939    0.1872
DIM:ROT:     137         1    0.0257    0.3195    0.5772
DIM:ROT:     137         2    0.0251    0.2647    0.1234
DIM:ROT:     137         3    0.0249    0.0974    0.1579
DIM:ROT:     138         1    0.0391    0.2121    0.2371
DIM:ROT:     138         2    0.0387    0.1368    0.1533
DIM:ROT:     138         3    0.0385    0.1089    0.1254
DIM:ROT:     139         1    0.0249    0.2327    0.2341
DIM:ROT:     139         2    0.0245    0.1240    0.1820
DIM:ROT:     139         3    0.0243    0.1148    0.1281
DIM:ROT:     140         1    0.0005    0.2266    0.2543
DIM:ROT:     140         2    0.0001    0.1294    0.1863
DIM:ROT:     140         3   -0.0002    0.1106    0.1327
DIM:ROT:     141         1   -0.0145    0.2261    0.2428
DIM:ROT:     141         2   -0.0149    0.1223    0.1834
DIM:ROT:     141         3   -0.0151    0.1086    0.1259
DIM:ROT:     142         1   -0.0205    0.1008    0.1351
DIM:ROT:     142         2   -0.0207    0.0989    0.1218
DIM:ROT:     142         3   -0.0209    0.0902    0.1192
DIM:ROT:     143         1   -0.0227    0.0915    0.1098
DIM:ROT:     143         2   -0.0228    0.0826    0.1119
DIM:ROT:     143         3   -0.0230    0.0868    0.1039
DIM:ROT:     144         1   -0.0232    0.0776    0.1140
DIM:ROT:     144         2   -0.0234    0.0897    0.0946
DIM:ROT:     145         1   -0.0226    0.0738    0.1093
DIM:ROT:     145         2   -0.0227    0.0863    0.0914
DIM:ROT:     146         1   -0.0205    0.0631    0.1051
DIM:ROT:     146         2   -0.0206    0.0865    0.0747
DIM:ROT:     147         1   -0.0194    0.0657    0.1146
DIM:ROT:     147         2   -0.0195    0.0896    0.0711
DIM:ROT:     148         1   -0.0193    0.0755    0.1367
DIM:ROT:     148         2   -0.0194    0.1048    0.0756
DIM:ROT:     149         1   -0.0174    0.0627    0.1175
DIM:ROT:     149         2   -0.0175    0.0952    0.0638
DIM:ROT:     150         1   -0.0191    0.0628    0.1163
DIM:ROT:     150         2   -0.0192    0.0954    0.0654
DIM:ROT:     151         1   -0.0185    0.0641    0.1248
DIM:ROT:     151         2   -0.0187    0.1000    0.0618
DIM:ROT:     152         1   -0.0180    0.0649    0.1236
DIM:ROT:     152         2   -0.0181    0.0937    0.0619
DIM:ROT:     153         1   -0.0185    0.1185    0.2271
DIM:ROT:     153         2   -0.0186    0.0852    0.0588
DIM:ROT:     154         1   -0.0196    0.0750    0.1395
DIM:ROT:     154         2   -0.0197    0.0809    0.0536
DIM:ROT:     155         1   -0.0238    0.1250    0.2370
DIM:ROT:     155         2   -0.0239    0.0865    0.0579
DIM:ROT:     156         1   -0.0324    0.1816    0.3424
DIM:ROT:     156         2   -0.0326    0.1119    0.0678
DIM:ROT:     157         1   -0.0363    0.1806    0.3442
DIM:ROT:     157         2   -0.0365    0.0958    0.0694
DIM:ROT:     158         1   -0.0395    0.2544    0.4810
DIM:ROT:     158         2   -0.0398    0.1282    0.0854
DIM:ROT:     159         1   -0.0445    0.1201    0.2231
DIM:ROT:     159         2   -0.0447    0.1280    0.0807
DIM:ROT:     160         1   -0.0489    0.1579    0.3015
DIM:ROT:     160         2   -0.0491    0.1161    0.0763
