MinModeTranslate: STEP      TIME          ENERGY    MAX-FORCE     STEPSIZE    CURVATURE  ROT-STEPS
MinModeTranslate:    0  15:45:47    -9342.573050       5.7613     --------    -4.049572          3
MinModeTranslate:    0  15:45:47    -9342.573050       5.7613     0.100000    -4.049572          3
MinModeTranslate:    1  15:45:47    -9342.621220       5.4136     --------    -6.312942          3
MinModeTranslate:    1  15:45:47    -9342.621220       5.4136     0.100000    -6.312942          3
MinModeTranslate:    2  15:45:47    -9342.465105       3.9861     --------     0.377795          3
MinModeTranslate:    2  15:45:47    -9342.465105       3.9861     0.100000     0.377795          3
MinModeTranslate:    3  15:45:47    -9341.905982       4.1367     --------     4.327543          3
MinModeTranslate:    3  15:45:47    -9341.905982       4.1367     0.100000     4.327543          3
MinModeTranslate:    4  15:45:47    -9341.300005       6.1986     --------    -8.408218          3
MinModeTranslate:    4  15:45:47    -9341.300005       6.1986     0.100000    -8.408218          3
MinModeTranslate:    5  15:45:47    -9340.968232       5.0593     --------   -15.953609          3
MinModeTranslate:    5  15:45:47    -9340.968232       5.0593     0.100000   -15.953609          3
MinModeTranslate:    6  15:45:47    -9340.758159       3.5100     --------   -14.140628          3
MinModeTranslate:    6  15:45:47    -9340.758159       3.5100     0.100000   -14.140628          3
MinModeTranslate:    7  15:45:48    -9340.557959       3.2593     --------   -10.940703          3
MinModeTranslate:    7  15:45:48    -9340.557959       3.2593     0.100000   -10.940703          3
MinModeTranslate:    8  15:45:48    -9340.520831       1.9472     --------    -6.750808          3
MinModeTranslate:    8  15:45:48    -9340.520831       1.9472     0.100000    -6.750808          3
MinModeTranslate:    9  15:45:48    -9340.457274       1.9382     --------   -10.575098          3
MinModeTranslate:    9  15:45:48    -9340.457274       1.9382     0.092193   -10.575098          3
MinModeTranslate:   10  15:45:48    -9340.433920       2.4725     --------   -12.969793          3
MinModeTranslate:   10  15:45:48    -9340.433920       2.4725     0.033538   -12.969793          3
MinModeTranslate:   11  15:45:48    -9340.436850       2.7623     --------   -14.798461          3
MinModeTranslate:   11  15:45:48    -9340.436850       2.7623     0.024430   -14.798461          3
MinModeTranslate:   12  15:45:48    -9340.487278       0.7417     --------   -14.986562          3
MinModeTranslate:   12  15:45:48    -9340.487278       0.7417     0.100000   -14.986562          3
MinModeTranslate:   13  15:45:48    -9340.555440       1.1116     --------   -16.207510          3
MinModeTranslate:   13  15:45:48    -9340.555440       1.1116     0.100000   -16.207510          3
MinModeTranslate:   14  15:45:48    -9340.637817       1.5678     --------   -15.542605          3
MinModeTranslate:   14  15:45:48    -9340.637817       1.5678     0.100000   -15.542605          3
MinModeTranslate:   15  15:45:48    -9340.729775       1.7998     --------   -14.743302          3
MinModeTranslate:   15  15:45:48    -9340.729775       1.7998     0.076799   -14.743302          3
MinModeTranslate:   16  15:45:48    -9340.772444       1.8327     --------   -17.864210          3
MinModeTranslate:   16  15:45:48    -9340.772444       1.8327     0.043538   -17.864210          3
MinModeTranslate:   17  15:45:48    -9340.789420       0.9198     --------   -16.564011          3
MinModeTranslate:   17  15:45:48    -9340.789420       0.9198     0.033929   -16.564011          3
MinModeTranslate:   18  15:45:49    -9340.815788       0.5347     --------   -15.540896          3
MinModeTranslate:   18  15:45:49    -9340.815788       0.5347     0.061918   -15.540896          3
MinModeTranslate:   19  15:45:49    -9340.848723       1.6594     --------   -15.247800          3
MinModeTranslate:   19  15:45:49    -9340.848723       1.6594     0.100000   -15.247800          3
MinModeTranslate:   20  15:45:49    -9340.886097       1.5729     --------   -14.072097          3
MinModeTranslate:   20  15:45:49    -9340.886097       1.5729     0.087395   -14.072097          3
MinModeTranslate:   21  15:45:49    -9340.906908       1.7327     --------   -15.536222          3
MinModeTranslate:   21  15:45:49    -9340.906908       1.7327     0.058093   -15.536222          3
MinModeTranslate:   22  15:45:49    -9340.961354       1.4456     --------   -17.569664          3
MinModeTranslate:   22  15:45:49    -9340.961354       1.4456     0.082399   -17.569664          3
MinModeTranslate:   23  15:45:49    -9341.019381       0.8769     --------   -14.825108          3
MinModeTranslate:   23  15:45:49    -9341.019381       0.8769     0.080675   -14.825108          3
MinModeTranslate:   24  15:45:49    -9341.056097       0.8388     --------   -11.765567          3
MinModeTranslate:   24  15:45:49    -9341.056097       0.8388     0.061727   -11.765567          3
MinModeTranslate:   25  15:45:49    -9341.086763       1.0551     --------   -10.049158          3
MinModeTranslate:   25  15:45:49    -9341.086763       1.0551     0.040368   -10.049158          3
MinModeTranslate:   26  15:45:49    -9341.105537       0.6105     --------   -11.032413          3
MinModeTranslate:   26  15:45:49    -9341.105537       0.6105     0.029947   -11.032413          3
MinModeTranslate:   27  15:45:49    -9341.118563       0.3408     --------   -12.225005          3
MinModeTranslate:   27  15:45:49    -9341.118563       0.3408     0.024309   -12.225005          3
MinModeTranslate:   28  15:45:49    -9341.123786       0.6135     --------   -12.831603          3
MinModeTranslate:   28  15:45:49    -9341.123786       0.6135     0.043726   -12.831603          3
MinModeTranslate:   29  15:45:50    -9341.133417       0.6307     --------   -12.122648          3
MinModeTranslate:   29  15:45:50    -9341.133417       0.6307     0.063081   -12.122648          3
MinModeTranslate:   30  15:45:50    -9341.151066       0.2947     --------   -11.844522          3
MinModeTranslate:   30  15:45:50    -9341.151066       0.2947     0.069302   -11.844522          3
MinModeTranslate:   31  15:45:50    -9341.166036       0.3035     --------   -11.747967          3
MinModeTranslate:   31  15:45:50    -9341.166036       0.3035     0.047789   -11.747967          3
MinModeTranslate:   32  15:45:50    -9341.170485       0.6786     --------   -11.817624          3
MinModeTranslate:   32  15:45:50    -9341.170485       0.6786     0.089161   -11.817624          3
MinModeTranslate:   33  15:45:50    -9341.180046       0.6291     --------   -11.845253          3
MinModeTranslate:   33  15:45:50    -9341.180046       0.6291     0.100000   -11.845253          3
MinModeTranslate:   34  15:45:50    -9341.195609       0.5971     --------   -12.483698          3
MinModeTranslate:   34  15:45:50    -9341.195609       0.5971     0.021976   -12.483698          3
MinModeTranslate:   35  15:45:50    -9341.202993       0.7833     --------   -12.454622          3
MinModeTranslate:   35  15:45:50    -9341.202993       0.7833     0.042515   -12.454622          3
MinModeTranslate:   36  15:45:50    -9341.211490       0.4908     --------   -12.259103          3
MinModeTranslate:   36  15:45:50    -9341.211490       0.4908     0.078935   -12.259103          3
MinModeTranslate:   37  15:45:50    -9341.228077       0.9342     --------   -13.063710          3
MinModeTranslate:   37  15:45:50    -9341.228077       0.9342     0.052165   -13.063710          3
MinModeTranslate:   38  15:45:50    -9341.241563       0.5545     --------   -13.263547          3
MinModeTranslate:   38  15:45:50    -9341.241563       0.5545     0.048166   -13.263547          3
MinModeTranslate:   39  15:45:50    -9341.256409       0.5094     --------   -13.328921          3
MinModeTranslate:   39  15:45:50    -9341.256409       0.5094     0.043149   -13.328921          3
MinModeTranslate:   40  15:45:51    -9341.267181       0.4731     --------   -14.335881          3
MinModeTranslate:   40  15:45:51    -9341.267181       0.4731     0.082410   -14.335881          3
MinModeTranslate:   41  15:45:51    -9341.287362       0.4656     --------   -16.152693          3
MinModeTranslate:   41  15:45:51    -9341.287362       0.4656     0.020183   -16.152693          3
MinModeTranslate:   42  15:45:51    -9341.291850       0.3158     --------   -16.255510          3
MinModeTranslate:   42  15:45:51    -9341.291850       0.3158     0.016265   -16.255510          3
MinModeTranslate:   43  15:45:51    -9341.294357       0.2213     --------   -16.807199          3
MinModeTranslate:   43  15:45:51    -9341.294357       0.2213     0.029246   -16.807199          3
MinModeTranslate:   44  15:45:51    -9341.297944       0.2578     --------   -17.950784          3
MinModeTranslate:   44  15:45:51    -9341.297944       0.2578     0.027091   -17.950784          3
MinModeTranslate:   45  15:45:51    -9341.301329       0.2247     --------   -18.891648          3
MinModeTranslate:   45  15:45:51    -9341.301329       0.2247     0.022243   -18.891648          3
MinModeTranslate:   46  15:45:51    -9341.303767       0.2301     --------   -19.581902          3
MinModeTranslate:   46  15:45:51    -9341.303767       0.2301     0.019468   -19.581902          3
MinModeTranslate:   47  15:45:51    -9341.305469       0.1903     --------   -19.661706          3
MinModeTranslate:   47  15:45:51    -9341.305469       0.1903     0.036671   -19.661706          3
MinModeTranslate:   48  15:45:51    -9341.308351       0.2263     --------   -19.985022          3
MinModeTranslate:   48  15:45:51    -9341.308351       0.2263     0.025647   -19.985022          3
MinModeTranslate:   49  15:45:51    -9341.310561       0.1264     --------   -20.149229          3
MinModeTranslate:   49  15:45:51    -9341.310561       0.1264     0.008449   -20.149229          3
MinModeTranslate:   50  15:45:51    -9341.311087       0.1353     --------   -20.149181          3
MinModeTranslate:   50  15:45:51    -9341.311087       0.1353     0.018430   -20.149181          3
MinModeTranslate:   51  15:45:52    -9341.312093       0.1932     --------   -20.524692          3
MinModeTranslate:   51  15:45:52    -9341.312093       0.1932     0.033241   -20.524692          3
MinModeTranslate:   52  15:45:52    -9341.314469       0.1686     --------   -20.822960          3
MinModeTranslate:   52  15:45:52    -9341.314469       0.1686     0.048382   -20.822960          3
MinModeTranslate:   53  15:45:52    -9341.317359       0.1868     --------   -20.842961          3
MinModeTranslate:   53  15:45:52    -9341.317359       0.1868     0.046935   -20.842961          3
MinModeTranslate:   54  15:45:52    -9341.318980       0.2481     --------   -20.478514          3
MinModeTranslate:   54  15:45:52    -9341.318980       0.2481     0.026852   -20.478514          3
MinModeTranslate:   55  15:45:52    -9341.320123       0.2198     --------   -19.976608          3
MinModeTranslate:   55  15:45:52    -9341.320123       0.2198     0.024201   -19.976608          3
MinModeTranslate:   56  15:45:52    -9341.321497       0.1232     --------   -19.754471          3
MinModeTranslate:   56  15:45:52    -9341.321497       0.1232     0.013897   -19.754471          3
MinModeTranslate:   57  15:45:52    -9341.322297       0.0830     --------   -19.555642          3
MinModeTranslate:   57  15:45:52    -9341.322297       0.0830     0.010651   -19.555642          3
MinModeTranslate:   58  15:45:52    -9341.322721       0.1071     --------   -19.661507          3
MinModeTranslate:   58  15:45:52    -9341.322721       0.1071     0.010085   -19.661507          3
MinModeTranslate:   59  15:45:52    -9341.323096       0.1124     --------   -19.677703          3
MinModeTranslate:   59  15:45:52    -9341.323096       0.1124     0.012258   -19.677703          3
MinModeTranslate:   60  15:45:52    -9341.323584       0.0800     --------   -19.832828          3
MinModeTranslate:   60  15:45:52    -9341.323584       0.0800     0.017804   -19.832828          3
MinModeTranslate:   61  15:45:52    -9341.324248       0.0921     --------   -19.748903          3
MinModeTranslate:   61  15:45:53    -9341.324248       0.0921     0.014574   -19.748903          3
MinModeTranslate:   62  15:45:53    -9341.324701       0.1240     --------   -19.739365          3
MinModeTranslate:   62  15:45:53    -9341.324701       0.1240     0.014702   -19.739365          3
MinModeTranslate:   63  15:45:53    -9341.325119       0.1086     --------   -19.567625          3
MinModeTranslate:   63  15:45:53    -9341.325119       0.1086     0.014347   -19.567625          3
MinModeTranslate:   64  15:45:53    -9341.325513       0.0933     --------   -19.525894          3
MinModeTranslate:   64  15:45:53    -9341.325513       0.0933     0.027341   -19.525894          3
MinModeTranslate:   65  15:45:53    -9341.326438       0.1105     --------   -19.391471          3
MinModeTranslate:   65  15:45:53    -9341.326438       0.1105     0.100000   -19.391471          3
MinModeTranslate:   66  15:45:53    -9341.330266       0.2337     --------   -19.787088          3
MinModeTranslate:   66  15:45:53    -9341.330266       0.2337     0.067698   -19.787088          3
MinModeTranslate:   67  15:45:53    -9341.332411       0.4640     --------   -20.042333          3
MinModeTranslate:   67  15:45:53    -9341.332411       0.4640     0.100000   -20.042333          3
MinModeTranslate:   68  15:45:53    -9341.334290       0.7864     --------   -20.776337          3
MinModeTranslate:   68  15:45:53    -9341.334290       0.7864     0.100000   -20.776337          3
MinModeTranslate:   69  15:45:53    -9341.341167       0.3449     --------   -21.937920          3
MinModeTranslate:   69  15:45:53    -9341.341167       0.3449     0.054906   -21.937920          3
MinModeTranslate:   70  15:45:53    -9341.350882       0.4063     --------   -22.461339          3
MinModeTranslate:   70  15:45:53    -9341.350882       0.4063     0.054825   -22.461339          3
MinModeTranslate:   71  15:45:53    -9341.358410       0.6131     --------   -23.110255          3
MinModeTranslate:   71  15:45:53    -9341.358410       0.6131     0.041968   -23.110255          3
MinModeTranslate:   72  15:45:53    -9341.363702       0.2378     --------   -24.455279          3
MinModeTranslate:   72  15:45:53    -9341.363702       0.2378     0.042693   -24.455279          3
MinModeTranslate:   73  15:45:54    -9341.369633       0.4278     --------   -25.878604          3
MinModeTranslate:   73  15:45:54    -9341.369633       0.4278     0.049029   -25.878604          3
MinModeTranslate:   74  15:45:54    -9341.376078       0.5369     --------   -27.527411          3
MinModeTranslate:   74  15:45:54    -9341.376078       0.5369     0.046764   -27.527411          3
MinModeTranslate:   75  15:45:54    -9341.381967       0.4034     --------   -29.823941          3
MinModeTranslate:   75  15:45:54    -9341.381967       0.4034     0.100000   -29.823941          3
MinModeTranslate:   76  15:45:54    -9341.394713       0.4957     --------   -32.572440          3
MinModeTranslate:   76  15:45:54    -9341.394713       0.4957     0.100000   -32.572440          3
MinModeTranslate:   77  15:45:54    -9341.415158       0.5168     --------   -35.162809          3
MinModeTranslate:   77  15:45:54    -9341.415158       0.5168     0.045262   -35.162809          3
MinModeTranslate:   78  15:45:54    -9341.428313       0.9574     --------   -38.253316          3
MinModeTranslate:   78  15:45:54    -9341.428313       0.9574     0.100000   -38.253316          3
MinModeTranslate:   79  15:45:54    -9341.464686       1.3568     --------   -41.035250          3
MinModeTranslate:   79  15:45:54    -9341.464686       1.3568     0.100000   -41.035250          3
MinModeTranslate:   80  15:45:54    -9341.535412       1.7222     --------   -39.774431          3
MinModeTranslate:   80  15:45:54    -9341.535412       1.7222     0.100000   -39.774431          3
MinModeTranslate:   81  15:45:54    -9341.598385       1.6305     --------   -38.599877          3
MinModeTranslate:   81  15:45:54    -9341.598385       1.6305     0.046339   -38.599877          3
MinModeTranslate:   82  15:45:54    -9341.616796       1.4220     --------   -37.454810          3
MinModeTranslate:   82  15:45:54    -9341.616796       1.4220     0.053366   -37.454810          3
MinModeTranslate:   83  15:45:55    -9341.631811       0.8584     --------   -34.403719          3
MinModeTranslate:   83  15:45:55    -9341.631811       0.8584     0.020134   -34.403719          3
MinModeTranslate:   84  15:45:55    -9341.646033       0.5174     --------   -33.619579          3
MinModeTranslate:   84  15:45:55    -9341.646033       0.5174     0.021620   -33.619579          3
MinModeTranslate:   85  15:45:55    -9341.653472       0.5509     --------   -33.142140          3
MinModeTranslate:   85  15:45:55    -9341.653472       0.5509     0.049579   -33.142140          3
MinModeTranslate:   86  15:45:55    -9341.666563       0.3363     --------   -32.396581          3
MinModeTranslate:   86  15:45:55    -9341.666563       0.3363     0.025794   -32.396581          3
MinModeTranslate:   87  15:45:55    -9341.672941       0.5258     --------   -32.287838          3
MinModeTranslate:   87  15:45:55    -9341.672941       0.5258     0.020306   -32.287838          3
MinModeTranslate:   88  15:45:55    -9341.677240       0.2753     --------   -31.931640          3
MinModeTranslate:   88  15:45:55    -9341.677240       0.2753     0.024986   -31.931640          3
MinModeTranslate:   89  15:45:55    -9341.681318       0.2256     --------   -31.317518          3
MinModeTranslate:   89  15:45:55    -9341.681318       0.2256     0.017819   -31.317518          3
MinModeTranslate:   90  15:45:55    -9341.683754       0.2958     --------   -31.055155          3
MinModeTranslate:   90  15:45:55    -9341.683754       0.2958     0.013149   -31.055155          3
MinModeTranslate:   91  15:45:55    -9341.685300       0.1438     --------   -30.978056          3
MinModeTranslate:   91  15:45:55    -9341.685300       0.1438     0.011966   -30.978056          3
MinModeTranslate:   92  15:45:55    -9341.686390       0.1257     --------   -31.201450          3
MinModeTranslate:   92  15:45:55    -9341.686390       0.1257     0.014867   -31.201450          3
MinModeTranslate:   93  15:45:55    -9341.687487       0.1606     --------   -31.308227          3
MinModeTranslate:   93  15:45:56    -9341.687487       0.1606     0.024865   -31.308227          3
MinModeTranslate:   94  15:45:56    -9341.689210       0.2670     --------   -30.951617          3
MinModeTranslate:   94  15:45:56    -9341.689210       0.2670     0.024167   -30.951617          3
MinModeTranslate:   95  15:45:56    -9341.690750       0.1554     --------   -30.534778          3
MinModeTranslate:   95  15:45:56    -9341.690750       0.1554     0.031132   -30.534778          3
MinModeTranslate:   96  15:45:56    -9341.692540       0.1638     --------   -30.141659          3
MinModeTranslate:   96  15:45:56    -9341.692540       0.1638     0.026492   -30.141659          3
MinModeTranslate:   97  15:45:56    -9341.694044       0.2183     --------   -29.843935          3
MinModeTranslate:   97  15:45:56    -9341.694044       0.2183     0.019032   -29.843935          3
MinModeTranslate:   98  15:45:56    -9341.695056       0.1528     --------   -29.627111          3
MinModeTranslate:   98  15:45:56    -9341.695056       0.1528     0.035381   -29.627111          3
MinModeTranslate:   99  15:45:56    -9341.696824       0.1460     --------   -28.948888          3
MinModeTranslate:   99  15:45:56    -9341.696824       0.1460     0.017377   -28.948888          3
MinModeTranslate:  100  15:45:56    -9341.697675       0.1539     --------   -28.737909          3
MinModeTranslate:  100  15:45:56    -9341.697675       0.1539     0.012164   -28.737909          3
MinModeTranslate:  101  15:45:56    -9341.698213       0.1050     --------   -28.770248          3
MinModeTranslate:  101  15:45:56    -9341.698213       0.1050     0.023682   -28.770248          3
MinModeTranslate:  102  15:45:56    -9341.699206       0.0984     --------   -28.901603          3
MinModeTranslate:  102  15:45:56    -9341.699206       0.0984     0.017874   -28.901603          3
MinModeTranslate:  103  15:45:57    -9341.699901       0.1564     --------   -28.424568          3
MinModeTranslate:  103  15:45:57    -9341.699901       0.1564     0.014589   -28.424568          3
MinModeTranslate:  104  15:45:57    -9341.700429       0.0736     --------   -27.989507          3
MinModeTranslate:  104  15:45:57    -9341.700429       0.0736     0.009667   -27.989507          3
MinModeTranslate:  105  15:45:57    -9341.700762       0.0912     --------   -27.848890          3
MinModeTranslate:  105  15:45:57    -9341.700762       0.0912     0.035855   -27.848890          3
MinModeTranslate:  106  15:45:57    -9341.702014       0.1721     --------   -27.792809          3
MinModeTranslate:  106  15:45:57    -9341.702014       0.1721     0.027625   -27.792809          3
MinModeTranslate:  107  15:45:57    -9341.702972       0.1929     --------   -27.479810          3
MinModeTranslate:  107  15:45:57    -9341.702972       0.1929     0.063134   -27.479810          3
MinModeTranslate:  108  15:45:57    -9341.704899       0.1725     --------   -26.100101          3
MinModeTranslate:  108  15:45:57    -9341.704899       0.1725     0.025558   -26.100101          3
MinModeTranslate:  109  15:45:57    -9341.705760       0.2287     --------   -25.542050          3
MinModeTranslate:  109  15:45:57    -9341.705760       0.2287     0.026100   -25.542050          3
MinModeTranslate:  110  15:45:57    -9341.706671       0.1527     --------   -24.981644          3
MinModeTranslate:  110  15:45:57    -9341.706671       0.1527     0.035374   -24.981644          3
MinModeTranslate:  111  15:45:57    -9341.707958       0.1572     --------   -24.231663          3
MinModeTranslate:  111  15:45:57    -9341.707958       0.1572     0.032635   -24.231663          3
MinModeTranslate:  112  15:45:57    -9341.709071       0.3065     --------   -23.485061          3
MinModeTranslate:  112  15:45:58    -9341.709071       0.3065     0.067433   -23.485061          3
MinModeTranslate:  113  15:45:58    -9341.711135       0.2022     --------   -21.669139          3
MinModeTranslate:  113  15:45:58    -9341.711135       0.2022     0.100000   -21.669139          3
MinModeTranslate:  114  15:45:58    -9341.713097       0.2686     --------   -18.728349          3
MinModeTranslate:  114  15:45:58    -9341.713097       0.2686     0.027856   -18.728349          3
MinModeTranslate:  115  15:45:58    -9341.713758       0.2071     --------   -18.118026          3
MinModeTranslate:  115  15:45:58    -9341.713758       0.2071     0.007323   -18.118026          3
MinModeTranslate:  116  15:45:58    -9341.715306       0.1482     --------   -18.415408          3
MinModeTranslate:  116  15:45:58    -9341.715306       0.1482     0.008691   -18.415408          3
MinModeTranslate:  117  15:45:58    -9341.716269       0.2090     --------   -18.583985          3
MinModeTranslate:  117  15:45:58    -9341.716269       0.2090     0.008879   -18.583985          3
MinModeTranslate:  118  15:45:58    -9341.717223       0.1144     --------   -18.941087          3
MinModeTranslate:  118  15:45:58    -9341.717223       0.1144     0.012041   -18.941087          3
MinModeTranslate:  119  15:45:58    -9341.718279       0.1047     --------   -19.319999          3
MinModeTranslate:  119  15:45:58    -9341.718279       0.1047     0.017096   -19.319999          3
MinModeTranslate:  120  15:45:58    -9341.719310       0.1322     --------   -19.380450          3
MinModeTranslate:  120  15:45:58    -9341.719310       0.1322     0.026868   -19.380450          3
MinModeTranslate:  121  15:45:58    -9341.720771       0.1837     --------   -19.121107          3
MinModeTranslate:  121  15:45:58    -9341.720771       0.1837     0.010360   -19.121107          3
MinModeTranslate:  122  15:45:59    -9341.721354       0.0982     --------   -19.119884          3
MinModeTranslate:  122  15:45:59    -9341.721354       0.0982     0.011964   -19.119884          3
MinModeTranslate:  123  15:45:59    -9341.721914       0.0927     --------   -19.002965          3
MinModeTranslate:  123  15:45:59    -9341.721914       0.0927     0.016078   -19.002965          3
MinModeTranslate:  124  15:45:59    -9341.722559       0.0722     --------   -18.920783          3
MinModeTranslate:  124  15:45:59    -9341.722559       0.0722     0.008396   -18.920783          3
MinModeTranslate:  125  15:45:59    -9341.722858       0.0515     --------   -19.004246          3
MinModeTranslate:  125  15:45:59    -9341.722858       0.0515     0.010810   -19.004246          3
MinModeTranslate:  126  15:45:59    -9341.723211       0.1010     --------   -19.067899          3
MinModeTranslate:  126  15:45:59    -9341.723211       0.1010     0.008550   -19.067899          3
MinModeTranslate:  127  15:45:59    -9341.723478       0.0839     --------   -18.994795          3
MinModeTranslate:  127  15:45:59    -9341.723478       0.0839     0.011083   -18.994795          3
MinModeTranslate:  128  15:45:59    -9341.723785       0.0631     --------   -18.963516          3
MinModeTranslate:  128  15:45:59    -9341.723785       0.0631     0.007438   -18.963516          3
MinModeTranslate:  129  15:45:59    -9341.723958       0.0385     --------   -18.934078          3
MinModeTranslate:  129  15:45:59    -9341.723958       0.0385     0.013168   -18.934078          3
MinModeTranslate:  130  15:45:59    -9341.724265       0.0919     --------   -18.948353          3
MinModeTranslate:  130  15:45:59    -9341.724265       0.0919     0.027143   -18.948353          3
MinModeTranslate:  131  15:45:59    -9341.724989       0.0510     --------   -19.046583          3
MinModeTranslate:  131  15:45:59    -9341.724989       0.0510     0.036597   -19.046583          3
MinModeTranslate:  132  15:46:00    -9341.725533       0.0770     --------   -19.010839          3
MinModeTranslate:  132  15:46:00    -9341.725533       0.0770     0.022815   -19.010839          3
MinModeTranslate:  133  15:46:00    -9341.725982       0.1391     --------   -19.233582          3
MinModeTranslate:  133  15:46:00    -9341.725982       0.1391     0.022512   -19.233582          3
MinModeTranslate:  134  15:46:00    -9341.726510       0.0813     --------   -19.338508          3
MinModeTranslate:  134  15:46:00    -9341.726510       0.0813     0.033721   -19.338508          3
MinModeTranslate:  135  15:46:00    -9341.727184       0.1560     --------   -19.395261          3
MinModeTranslate:  135  15:46:00    -9341.727184       0.1560     0.036226   -19.395261          3
MinModeTranslate:  136  15:46:00    -9341.727782       0.0703     --------   -19.149728          3
MinModeTranslate:  136  15:46:00    -9341.727782       0.0703     0.032369   -19.149728          3
MinModeTranslate:  137  15:46:00    -9341.728242       0.1949     --------   -18.942861          3
MinModeTranslate:  137  15:46:00    -9341.728242       0.1949     0.059530   -18.942861          3
MinModeTranslate:  138  15:46:00    -9341.729416       0.1078     --------   -18.367670          3
MinModeTranslate:  138  15:46:00    -9341.729416       0.1078     0.052012   -18.367670          3
MinModeTranslate:  139  15:46:00    -9341.730309       0.0968     --------   -18.279922          3
MinModeTranslate:  139  15:46:00    -9341.730309       0.0968     0.074514   -18.279922          3
MinModeTranslate:  140  15:46:00    -9341.731221       0.2504     --------   -18.633205          3
MinModeTranslate:  140  15:46:00    -9341.731221       0.2504     0.061556   -18.633205          3
MinModeTranslate:  141  15:46:00    -9341.732598       0.1540     --------   -18.671077          3
MinModeTranslate:  141  15:46:00    -9341.732598       0.1540     0.100000   -18.671077          3
MinModeTranslate:  142  15:46:00    -9341.734930       0.1426     --------   -18.954241          3
MinModeTranslate:  142  15:46:00    -9341.734930       0.1426     0.100000   -18.954241          3
MinModeTranslate:  143  15:46:01    -9341.736831       0.5243     --------   -19.218299          3
MinModeTranslate:  143  15:46:01    -9341.736831       0.5243     0.100000   -19.218299          3
MinModeTranslate:  144  15:46:01    -9341.739640       0.5233     --------   -19.117824          3
MinModeTranslate:  144  15:46:01    -9341.739640       0.5233     0.020175   -19.117824          3
MinModeTranslate:  145  15:46:01    -9341.742433       0.2630     --------   -18.678125          3
MinModeTranslate:  145  15:46:01    -9341.742433       0.2630     0.032291   -18.678125          3
MinModeTranslate:  146  15:46:01    -9341.745394       0.3705     --------   -18.141055          3
MinModeTranslate:  146  15:46:01    -9341.745394       0.3705     0.023208   -18.141055          3
MinModeTranslate:  147  15:46:01    -9341.747819       0.2735     --------   -17.886181          3
MinModeTranslate:  147  15:46:01    -9341.747819       0.2735     0.015456   -17.886181          3
MinModeTranslate:  148  15:46:01    -9341.749395       0.2017     --------   -17.558740          3
MinModeTranslate:  148  15:46:01    -9341.749395       0.2017     0.022332   -17.558740          3
MinModeTranslate:  149  15:46:01    -9341.751278       0.1439     --------   -17.617624          3
MinModeTranslate:  149  15:46:01    -9341.751278       0.1439     0.011907   -17.617624          3
MinModeTranslate:  150  15:46:01    -9341.752034       0.2376     --------   -17.704507          3
MinModeTranslate:  150  15:46:01    -9341.752034       0.2376     0.018862   -17.704507          3
MinModeTranslate:  151  15:46:01    -9341.753242       0.1447     --------   -17.387753          3
MinModeTranslate:  151  15:46:01    -9341.753242       0.1447     0.029626   -17.387753          3
MinModeTranslate:  152  15:46:01    -9341.755325       0.1907     --------   -17.192631          3
MinModeTranslate:  152  15:46:01    -9341.755325       0.1907     0.021754   -17.192631          3
MinModeTranslate:  153  15:46:02    -9341.756812       0.2847     --------   -17.429412          3
MinModeTranslate:  153  15:46:02    -9341.756812       0.2847     0.074189   -17.429412          3
MinModeTranslate:  154  15:46:02    -9341.761197       0.3065     --------   -17.448703          3
MinModeTranslate:  154  15:46:02    -9341.761197       0.3065     0.065849   -17.448703          3
MinModeTranslate:  155  15:46:02    -9341.764369       0.3999     --------   -16.967257          3
MinModeTranslate:  155  15:46:02    -9341.764369       0.3999     0.052966   -16.967257          3
MinModeTranslate:  156  15:46:02    -9341.767175       0.2768     --------   -16.724220          3
MinModeTranslate:  156  15:46:02    -9341.767175       0.2768     0.056062   -16.724220          3
MinModeTranslate:  157  15:46:02    -9341.770353       0.1962     --------   -15.886941          3
MinModeTranslate:  157  15:46:02    -9341.770353       0.1962     0.052896   -15.886941          3
MinModeTranslate:  158  15:46:02    -9341.773541       0.2628     --------   -15.482012          3
MinModeTranslate:  158  15:46:02    -9341.773541       0.2628     0.017030   -15.482012          3
MinModeTranslate:  159  15:46:02    -9341.774589       0.1614     --------   -15.681871          3
MinModeTranslate:  159  15:46:02    -9341.774589       0.1614     0.021701   -15.681871          3
MinModeTranslate:  160  15:46:02    -9341.775830       0.1241     --------   -15.546973          3
