MINMODE:METHOD: Dimer
DIM:CONTROL: Search Parameters:
DIM:CONTROL: ------------------
DIM:CONTROL: eigenmode_method = dimer
DIM:CONTROL: f_rot_min = 0.01
DIM:CONTROL: f_rot_max = 0.1
DIM:CONTROL: max_num_rot = 3
DIM:CONTROL: trial_angle = 0.7853981633974483
DIM:CONTROL: trial_trans_step = 0.001
DIM:CONTROL: maximum_translation = 0.1
DIM:CONTROL: cg_translation = True
DIM:CONTROL: use_central_forces = True
DIM:CONTROL: dimer_separation = 0.005
DIM:CONTROL: initial_eigenmode_method = gauss
DIM:CONTROL: extrapolate_forces = True
DIM:CONTROL: displacement_method = gauss
DIM:CONTROL: gauss_std = 0.1
DIM:CONTROL: order = 1
DIM:CONTROL: mask = None
DIM:CONTROL: displacement_center = None
DIM:CONTROL: displacement_radius = None
DIM:CONTROL: number_of_displacement_atoms = None
DIM:CONTROL: ------------------
DIM:ROT: OPT-STEP ROT-STEP CURVATURE ROT-ANGLE ROT-FORCE
DIM:ROT:       0         1  -26.8385   23.1116   21.3696
DIM:ROT:       0         2  -30.3956   10.3115   18.0755
DIM:ROT:       0         3  -31.8785    8.6305    9.7379
DIM:ROT:       1         1  -29.3312   21.4916   16.9345
DIM:ROT:       1         2  -30.9293    6.6165   12.0933
DIM:ROT:       1         3  -31.4050    4.4414    5.9612
DIM:ROT:       2         1  -12.0524    9.1936    8.3142
DIM:ROT:       2         2  -12.4874    3.6839    5.4582
DIM:ROT:       2         3  -12.6750    3.2199    2.9581
DIM:ROT:       3         1   -3.0855   11.5365   10.6877
DIM:ROT:       3         2   -4.1246    6.0904    9.4782
DIM:ROT:       3         3   -4.6444    5.1396    5.6076
DIM:ROT:       4         1   -5.3319    3.8091    6.9417
DIM:ROT:       4         2   -5.4786    2.7770    2.9152
DIM:ROT:       4         3   -5.5676    1.6952    2.8650
DIM:ROT:       5         1   -7.3757    3.7036    4.6519
DIM:ROT:       5         2   -7.5166    2.9672    2.5416
DIM:ROT:       5         3   -7.5916    1.7345    2.4681
DIM:ROT:       6         1  -13.4098    7.0841    6.1491
DIM:ROT:       6         2  -13.7849    4.0005    5.4075
DIM:ROT:       6         3  -13.9644    2.9755    3.5130
DIM:ROT:       7         1  -10.5756    4.3941    5.7452
DIM:ROT:       7         2  -10.7838    3.1020    3.5585
DIM:ROT:       7         3  -10.8986    2.1602    2.9814
DIM:ROT:       8         1   -2.8293    7.3705    6.9141
DIM:ROT:       8         2   -3.3630    4.0694    7.3870
DIM:ROT:       8         3   -3.7451    4.1231    5.1536
DIM:ROT:       9         1    0.2180    7.0207    8.0374
DIM:ROT:       9         2   -0.3116    4.9506    6.0311
DIM:ROT:       9         3   -0.6418    4.0871    4.6924
DIM:ROT:      10         1    0.3043    5.4456    6.4315
DIM:ROT:      10         2    0.0058    3.3622    5.0185
DIM:ROT:      10         3   -0.1950    3.1131    3.6739
DIM:ROT:      11         1    0.2918    5.2560    5.7462
DIM:ROT:      11         2    0.0231    3.7596    4.1069
DIM:ROT:      11         3   -0.1445    2.9639    3.3170
DIM:ROT:      12         1   -0.1626    2.5376    5.0728
DIM:ROT:      12         2   -0.2563    2.1613    2.4563
DIM:ROT:      12         3   -0.3276    1.5041    2.6288
DIM:ROT:      13         1   -0.0856    3.2720    3.6559
DIM:ROT:      13         2   -0.1844    2.2494    2.3835
DIM:ROT:      13         3   -0.2455    1.5366    2.3320
DIM:ROT:      14         1   -0.3248    3.6866    3.2532
DIM:ROT:      14         2   -0.4418    2.7479    2.3515
DIM:ROT:      14         3   -0.5107    2.1271    1.9354
DIM:ROT:      15         1   -0.3932    2.8757    3.0288
DIM:ROT:      15         2   -0.4822    2.7032    1.7440
DIM:ROT:      15         3   -0.5360    1.6793    1.8949
DIM:ROT:      16         1   -0.3491    1.4771    1.5902
DIM:ROT:      16         2   -0.3779    1.0363    1.5135
DIM:ROT:      16         3   -0.4013    1.0346    1.2775
DIM:ROT:      17         1   -0.1642    2.6797    2.9862
DIM:ROT:      17         2   -0.2173    1.3997    1.8844
DIM:ROT:      17         3   -0.2562    1.2211    1.8374
DIM:ROT:      18         1   -0.5095    2.2856    1.9970
DIM:ROT:      18         2   -0.5733    1.7940    1.9269
DIM:ROT:      18         3   -0.6290    1.7790    1.7734
DIM:ROT:      19         1   -0.8395    3.9290    4.4362
DIM:ROT:      19         2   -1.0242    4.0193    2.4360
DIM:ROT:      19         3   -1.1747    2.5247    3.4554
DIM:ROT:      20         1   -0.8638    7.7641    3.9348
DIM:ROT:      20         2   -1.3480    3.9066    6.9416
DIM:ROT:      20         3   -1.7809    5.2651    4.6297
DIM:ROT:      21         1   -3.3067    5.6216    7.3923
DIM:ROT:      21         2   -4.0281    5.7836    7.0967
DIM:ROT:      21         3   -4.7108    5.4603    7.3152
DIM:ROT:      22         1   -3.5159    3.4545    4.2788
DIM:ROT:      22         2   -3.7203    3.8181    3.0857
DIM:ROT:      22         3   -3.9025    2.8991    3.6121
DIM:ROT:      23         1   -1.5527    7.5121    3.6420
DIM:ROT:      23         2   -1.8162    2.7996    5.3107
DIM:ROT:      23         3   -1.9977    3.7793    2.7358
DIM:ROT:      24         1   -2.4154    7.5960    7.1025
DIM:ROT:      24         2   -3.3667    5.9379    9.2797
DIM:ROT:      24         3   -4.7991    9.5793    8.4129
DIM:ROT:      25         1   -4.2707    8.7175   11.7446
DIM:ROT:      25         2   -6.2292   11.8105    9.2567
DIM:ROT:      25         3   -8.2506    8.9025   12.7554
DIM:ROT:      26         1   -0.1169   11.9684   11.3420
DIM:ROT:      26         2   -0.8645    5.4878    7.5115
DIM:ROT:      26         3   -1.1953    4.1383    4.4374
DIM:ROT:      27         1   -4.4000    3.7676    5.4617
DIM:ROT:      27         2   -4.6182    2.7404    4.6481
DIM:ROT:      27         3   -4.7569    2.4150    3.4379
DIM:ROT:      28         1   -6.9266   13.8186    7.8720
DIM:ROT:      28         2   -7.2647    3.4909    6.3659
DIM:ROT:      28         3   -7.4563    3.7816    2.7755
DIM:ROT:      29         1    2.4276    5.9001    6.1736
DIM:ROT:      29         2    1.9815    3.9403    6.1918
DIM:ROT:      29         3    1.6614    4.2295    4.2771
DIM:ROT:      30         1    4.0847    9.5156   11.2404
DIM:ROT:      30         2    3.3396    6.3365    6.6097
DIM:ROT:      30         3    2.7944    4.5646    6.8594
DIM:ROT:      31         1   -1.2080    3.7106    5.1906
DIM:ROT:      31         2   -1.3590    2.4680    3.2506
DIM:ROT:      31         3   -1.4582    2.0897    2.7537
DIM:ROT:      32         1   -2.6901    5.6979    6.4363
DIM:ROT:      32         2   -2.9142    3.2476    3.5175
DIM:ROT:      32         3   -3.0718    2.5745    3.4817
DIM:ROT:      33         1   -5.1755    9.8099   12.2711
DIM:ROT:      33         2   -5.4257    3.0615    3.5963
DIM:ROT:      33         3   -5.5521    2.1435    3.4496
DIM:ROT:      34         1   -5.4444    5.2026    6.2119
DIM:ROT:      34         2   -5.5683    2.3592    2.4267
DIM:ROT:      34         3   -5.6248    1.6002    2.0200
DIM:ROT:      35         1   -4.8655    5.5846    6.1852
DIM:ROT:      35         2   -5.0006    2.5740    2.4355
DIM:ROT:      35         3   -5.0532    1.5310    2.0458
DIM:ROT:      36         1   -7.0271    3.3121    3.6864
DIM:ROT:      36         2   -7.1030    1.6292    2.3340
DIM:ROT:      36         3   -7.1559    1.4350    2.1237
DIM:ROT:      37         1   -8.6065    3.4831    4.7951
DIM:ROT:      37         2   -8.6666    1.4929    1.9931
DIM:ROT:      37         3   -8.6981    1.1237    1.6308
DIM:ROT:      38         1   -5.1647    3.2990    2.7547
DIM:ROT:      38         2   -5.2200    1.6388    1.8476
DIM:ROT:      38         3   -5.2502    1.1298    1.5496
DIM:ROT:      39         1   -3.9606    2.7697    2.1552
DIM:ROT:      39         2   -4.0309    1.4562    2.7589
DIM:ROT:      39         3   -4.0915    2.1509    1.6429
DIM:ROT:      40         1   -4.8554    1.7089    2.5377
DIM:ROT:      40         2   -4.9148    1.6993    1.9981
DIM:ROT:      40         3   -4.9672    1.4129    2.0731
DIM:ROT:      41         1   -5.9222    1.9086    2.1795
DIM:ROT:      41         2   -5.9711    1.2813    2.1328
DIM:ROT:      41         3   -6.0029    1.2856    1.4367
DIM:ROT:      42         1   -5.0576    2.7734    2.4481
DIM:ROT:      42         2   -5.1407    1.5290    3.1190
DIM:ROT:      42         3   -5.2074    2.0520    1.8280
DIM:ROT:      43         1   -5.7103    4.4091    3.7192
DIM:ROT:      43         2   -5.8929    2.3980    4.3233
DIM:ROT:      43         3   -6.0139    2.8911    2.4487
DIM:ROT:      44         1   -6.4878    3.2108    4.5958
DIM:ROT:      44         2   -6.6132    2.0115    3.5341
DIM:ROT:      44         3   -6.6998    1.9173    2.5168
DIM:ROT:      45         1   -6.4391    6.5156    3.5462
DIM:ROT:      45         2   -6.7131    3.0249    5.1494
DIM:ROT:      45         3   -6.8695    3.6389    2.5302
DIM:ROT:      46         1   -6.7108    3.4920    4.7118
DIM:ROT:      46         2   -6.9313    3.0098    4.2070
DIM:ROT:      46         3   -7.1134    2.7535    3.7331
DIM:ROT:      47         1   -5.0978    1.1918    2.7490
DIM:ROT:      47         2   -5.1359    1.9673    1.0916
DIM:ROT:      47         3   -5.1612    0.8047    1.8216
DIM:ROT:      48         1   -4.8308    4.3829    1.2425
DIM:ROT:      48         2   -4.8685    1.0506    2.1024
DIM:ROT:      48         3   -4.8822    0.9993    0.7648
DIM:ROT:      49         1   -5.3812    1.9136    1.7789
DIM:ROT:      49         2   -5.4286    1.1493    2.3779
DIM:ROT:      49         3   -5.4663    1.5123    1.4532
DIM:ROT:      50         1   -5.5396    2.3563    2.3522
DIM:ROT:      50         2   -5.6141    1.6158    2.6953
DIM:ROT:      50         3   -5.6812    1.9223    1.9591
DIM:ROT:      51         1   -4.7470    1.4545    2.4371
DIM:ROT:      51         2   -4.8006    1.6842    1.8265
DIM:ROT:      51         3   -4.8459    1.2582    2.1021
DIM:ROT:      52         1   -5.2881    4.2632    2.2358
DIM:ROT:      52         2   -5.4229    1.9290    4.0295
DIM:ROT:      52         3   -5.5358    3.3472    1.8900
DIM:ROT:      53         1   -5.9604    2.0209    4.1005
DIM:ROT:      53         2   -6.0854    2.6059    2.6997
DIM:ROT:      53         3   -6.1906    1.7387    3.4978
DIM:ROT:      54         1   -6.0617    4.2759    2.8879
DIM:ROT:      54         2   -6.2390    2.2760    4.3093
DIM:ROT:      54         3   -6.3752    3.1726    2.4711
DIM:ROT:      55         1   -6.2632    2.1896    4.1963
DIM:ROT:      55         2   -6.4002    2.6732    2.8641
DIM:ROT:      55         3   -6.5135    1.8522    3.5607
DIM:ROT:      56         1   -5.7000    2.9287    3.1233
DIM:ROT:      56         2   -5.8349    2.2718    3.3117
DIM:ROT:      56         3   -5.9462    2.3315    2.7516
DIM:ROT:      57         1   -6.7493    2.0270    2.9921
DIM:ROT:      57         2   -6.8433    2.0323    2.6356
DIM:ROT:      57         3   -6.9216    1.7555    2.6001
DIM:ROT:      58         1   -6.2258    2.2768    3.0686
DIM:ROT:      58         2   -6.3256    2.1932    2.5853
DIM:ROT:      58         3   -6.4117    1.8717    2.6152
DIM:ROT:      59         1   -6.8521    1.8574    2.2921
DIM:ROT:      59         2   -6.9173    1.5145    2.4556
DIM:ROT:      59         3   -6.9711    1.5939    1.9727
DIM:ROT:      60         1   -5.7780    2.2206    3.1179
DIM:ROT:      60         2   -5.8736    2.2823    2.4216
DIM:ROT:      60         3   -5.9584    1.8012    2.6244
DIM:ROT:      61         1   -6.4450    1.3744    2.0112
DIM:ROT:      61         2   -6.4859    1.2968    1.8044
DIM:ROT:      61         3   -6.5198    1.1548    1.7046
DIM:ROT:      62         1   -7.1557    1.6562    3.0392
DIM:ROT:      62         2   -7.2158    2.1786    1.5556
DIM:ROT:      62         3   -7.2614    1.1909    2.1239
DIM:ROT:      63         1   -6.7131    2.2768    2.8763
DIM:ROT:      63         2   -6.8016    2.1055    2.4830
DIM:ROT:      63         3   -6.8823    1.8600    2.3422
DIM:ROT:      64         1   -6.3557    1.7270    2.1588
DIM:ROT:      64         2   -6.4022    1.5137    1.8286
DIM:ROT:      64         3   -6.4436    1.3011    1.6943
DIM:ROT:      65         1   -6.5890    0.8763    1.2242
DIM:ROT:      65         2   -6.6043    0.8240    1.0684
DIM:ROT:      65         3   -6.6168    0.7156    1.0012
DIM:ROT:      66         1   -7.1350    1.4356    2.9063
DIM:ROT:      66         2   -7.1735    1.9608    1.1299
DIM:ROT:      66         3   -7.2046    0.8728    1.7851
DIM:ROT:      67         1   -7.3868    1.7148    3.8729
DIM:ROT:      67         2   -7.4120    1.6780    0.7885
DIM:ROT:      67         3   -7.4262    0.5838    1.0601
DIM:ROT:      68         1   -6.6235    0.8054    1.7700
DIM:ROT:      68         2   -6.6283    0.7247    0.3179
DIM:ROT:      68         3   -6.6303    0.2089    0.3890
DIM:ROT:      69         1   -5.3156    1.5669    2.8820
DIM:ROT:      69         2   -5.3617    2.4430    1.1332
DIM:ROT:      69         3   -5.4024    1.0491    1.8736
DIM:ROT:      70         1   -4.9993    1.6724    3.4978
DIM:ROT:      70         2   -5.0037    0.6158    0.3408
DIM:ROT:      70         3   -5.0059    0.3048    0.3745
DIM:ROT:      71         1   -6.8094    1.4204    3.1160
DIM:ROT:      71         2   -6.8329    1.6735    0.7475
DIM:ROT:      71         3   -6.8418    0.6004    1.1363
DIM:ROT:      72         1   -7.4405    1.0965    2.4598
DIM:ROT:      72         2   -7.4570    1.6261    0.6523
DIM:ROT:      72         3   -7.4690    0.5149    1.0872
DIM:ROT:      73         1   -6.5892    2.1640    4.9022
DIM:ROT:      73         2   -6.5946    0.9322    0.5536
DIM:ROT:      73         3   -6.5998    0.4746    0.6238
DIM:ROT:      74         1   -6.9104    0.8919    1.6559
DIM:ROT:      74         2   -6.9270    1.1799    0.7476
DIM:ROT:      74         3   -6.9355    0.5926    1.1003
DIM:ROT:      75         1   -6.8622    1.4234    3.1330
DIM:ROT:      75         2   -6.8669    0.6186    0.5397
DIM:ROT:      75         3   -6.8688    0.3793    0.5237
DIM:ROT:      76         1   -5.9049    1.4391    3.0188
DIM:ROT:      76         2   -5.9148    1.2315    0.6365
DIM:ROT:      76         3   -5.9240    0.5330    0.8641
DIM:ROT:      77         1   -6.0998    1.0064    2.0774
DIM:ROT:      77         2   -6.1073    0.9196    0.4808
DIM:ROT:      77         3   -6.1101    0.4005    0.6876
DIM:ROT:      78         1   -7.3869    1.6917    3.8233
DIM:ROT:      78         2   -7.3947    0.8011    0.6563
DIM:ROT:      78         3   -7.3979    0.4578    0.6768
DIM:ROT:      79         1   -7.0995    1.2997    2.8544
DIM:ROT:      79         2   -7.1118    1.3634    0.6529
DIM:ROT:      79         3   -7.1220    0.5313    0.9764
DIM:ROT:      80         1   -6.3125    0.7581    1.6370
DIM:ROT:      80         2   -6.3164    0.7635    0.3017
DIM:ROT:      80         3   -6.3179    0.2643    0.4771
DIM:ROT:      81         1   -6.4191    1.0679    2.3873
DIM:ROT:      81         2   -6.4217    0.5054    0.2849
DIM:ROT:      81         3   -6.4225    0.2361    0.3507
DIM:ROT:      82         1   -6.5899    0.9438    2.0640
DIM:ROT:      82         2   -6.6000    1.4111    0.4644
DIM:ROT:      82         3   -6.6074    0.4139    0.8180
DIM:ROT:      83         1   -6.2308    0.7537    1.7023
DIM:ROT:      83         2   -6.2317    0.3394    0.1317
DIM:ROT:      83         3   -6.2321    0.1126    0.1531
DIM:ROT:      84         1   -6.2417    1.0832    2.4347
DIM:ROT:      84         2   -6.2449    0.5349    0.2579
DIM:ROT:      84         3   -6.2459    0.2100    0.2709
DIM:ROT:      85         1   -6.5246    1.2018    2.7300
DIM:ROT:      85         2   -6.5284    0.6838    0.3300
DIM:ROT:      85         3   -6.5306    0.2548    0.3523
DIM:ROT:      86         1   -6.4410    0.8327    1.8931
DIM:ROT:      86         2   -6.4426    0.4494    0.2092
DIM:ROT:      86         3   -6.4436    0.1667    0.2325
DIM:ROT:      87         1   -6.2189    0.7762    1.7513
DIM:ROT:      87         2   -6.2206    0.4395    0.1833
DIM:ROT:      87         3   -6.2213    0.1591    0.2237
DIM:ROT:      88         1   -6.2584    0.7756    1.7533
DIM:ROT:      88         2   -6.2595    0.4721    0.1882
DIM:ROT:      88         3   -6.2603    0.1668    0.2486
DIM:ROT:      89         1   -6.2579    0.5112    1.1563
DIM:ROT:      89         2   -6.2581    0.2472    0.1217
DIM:ROT:      89         3   -6.2583    0.1020    0.1513
DIM:ROT:      90         1   -5.9481    0.6760    1.4621
DIM:ROT:      90         2   -5.9508    0.5717    0.2607
DIM:ROT:      90         3   -5.9514    0.2309    0.3797
DIM:ROT:      91         1   -5.9057    0.5781    1.2685
DIM:ROT:      91         2   -5.9058    0.2328    0.1589
DIM:ROT:      91         3   -5.9060    0.1241    0.1666
DIM:ROT:      92         1   -6.1339    0.4936    1.0775
DIM:ROT:      92         2   -6.1341    0.3234    0.1873
DIM:ROT:      92         3   -6.1348    0.1472    0.2271
DIM:ROT:      93         1   -6.1299    0.4422    0.9327
DIM:ROT:      93         2   -6.1322    0.5014    0.2344
DIM:ROT:      93         3   -6.1323    0.1965    0.3568
DIM:ROT:      94         1   -6.0146    0.5683    1.2596
DIM:ROT:      94         2   -6.0147    0.1956    0.1517
DIM:ROT:      94         3   -6.0147    0.1077    0.1363
DIM:ROT:      95         1   -6.0695    0.3418    0.7439
DIM:ROT:      95         2   -6.0698    0.3185    0.1427
DIM:ROT:      95         3   -6.0703    0.1210    0.2098
DIM:ROT:      96         1   -5.9924    0.3824    0.8443
DIM:ROT:      96         2   -5.9935    0.4111    0.1426
DIM:ROT:      96         3   -5.9934    0.1310    0.2353
DIM:ROT:      97         1   -5.6870    0.5884    1.3069
DIM:ROT:      97         2   -5.6880    0.3875    0.1429
DIM:ROT:      97         3   -5.6883    0.1403    0.2077
DIM:ROT:      98         1   -5.8313    0.4261    0.9533
DIM:ROT:      98         2   -5.8316    0.3614    0.1162
DIM:ROT:      98         3   -5.8321    0.1145    0.1828
DIM:ROT:      99         1   -6.0825    0.4217    0.9572
DIM:ROT:      99         2   -6.0836    0.4486    0.1251
DIM:ROT:      99         3   -6.0838    0.1189    0.2028
DIM:ROT:     100         1   -5.9919    0.7667    1.7476
DIM:ROT:     100         2   -5.9938    0.5038    0.1696
DIM:ROT:     100         3   -5.9944    0.1677    0.2426
DIM:ROT:     101         1   -5.8520    0.3654    0.8030
DIM:ROT:     101         2   -5.8530    0.5271    0.1509
DIM:ROT:     101         3   -5.8544    0.1452    0.2774
DIM:ROT:     102         1   -5.8321    0.4443    1.0098
DIM:ROT:     102         2   -5.8324    0.1595    0.0732
DIM:ROT:     103         1   -5.8065    0.5182    1.1660
DIM:ROT:     103         2   -5.8089    0.7652    0.1499
DIM:ROT:     103         3   -5.8091    0.1351    0.2666
DIM:ROT:     104         1   -5.7449    0.3433    0.7688
DIM:ROT:     104         2   -5.7455    0.5005    0.1002
DIM:ROT:     104         3   -5.7462    0.0968    0.1909
DIM:ROT:     105         1   -5.8031    0.3303    0.7501
DIM:ROT:     105         2   -5.8032    0.1139    0.0514
DIM:ROT:     106         1   -5.9300    0.4600    1.0466
DIM:ROT:     106         2   -5.9306    0.2964    0.0988
DIM:ROT:     107         1   -5.9068    0.2400    0.5409
DIM:ROT:     107         2   -5.9069    0.2798    0.0730
DIM:ROT:     108         1   -5.7875    0.2660    0.5883
DIM:ROT:     108         2   -5.7874    0.0843    0.0770
DIM:ROT:     109         1   -5.7635    0.2243    0.4922
DIM:ROT:     109         2   -5.7637    0.1920    0.0832
DIM:ROT:     110         1   -5.8046    0.0996    0.2155
DIM:ROT:     110         2   -5.8046    0.1382    0.0501
DIM:ROT:     111         1   -5.8674    0.0928    0.1987
DIM:ROT:     111         2   -5.8673    0.0833    0.0495
DIM:ROT:     112         1   -5.9058    0.0794    0.1353
DIM:ROT:     112         2   -5.9060    0.0943    0.0774
DIM:ROT:     113         1   -5.9281    0.0663    0.1097
DIM:ROT:     113         2   -5.9281    0.0718    0.0671
DIM:ROT:     114         1   -5.9022    0.0580    0.1113
DIM:ROT:     114         2   -5.9023    0.0449    0.0434
DIM:ROT:     115         1   -5.8592    0.1176    0.1976
DIM:ROT:     115         2   -5.8593    0.1315    0.1020
DIM:ROT:     115         3   -5.8598    0.0777    0.1314
DIM:ROT:     116         1   -5.8954    0.0692    0.0970
DIM:ROT:     117         1   -5.9475    0.0834    0.1505
DIM:ROT:     117         2   -5.9477    0.0818    0.0662
DIM:ROT:     118         1   -5.9264    0.1031    0.2129
DIM:ROT:     118         2   -5.9265    0.1335    0.0641
DIM:ROT:     119         1   -5.9330    0.1040    0.2330
DIM:ROT:     119         2   -5.9332    0.1280    0.0377
DIM:ROT:     120         1   -6.0222    0.0998    0.2106
DIM:ROT:     120         2   -6.0226    0.1758    0.0653
DIM:ROT:     121         1   -5.9987    0.1473    0.3337
DIM:ROT:     121         2   -5.9988    0.1404    0.0480
DIM:ROT:     122         1   -5.9267    0.1034    0.2375
DIM:ROT:     122         2   -5.9267    0.0453    0.0285
DIM:ROT:     123         1   -5.9742    0.1128    0.2336
DIM:ROT:     123         2   -5.9747    0.2005    0.0770
DIM:ROT:     124         1   -6.0300    0.2015    0.4563
DIM:ROT:     124         2   -6.0302    0.2153    0.0612
DIM:ROT:     125         1   -5.9975    0.1314    0.3021
DIM:ROT:     125         2   -5.9975    0.0574    0.0330
DIM:ROT:     126         1   -6.0351    0.1229    0.2375
DIM:ROT:     126         2   -6.0357    0.1877    0.1011
DIM:ROT:     126         3   -6.0356    0.0835    0.1622
DIM:ROT:     127         1   -6.1258    0.1142    0.2580
DIM:ROT:     127         2   -6.1259    0.1135    0.0371
DIM:ROT:     128         1   -6.0420    0.1033    0.2345
DIM:ROT:     128         2   -6.0421    0.0739    0.0270
DIM:ROT:     129         1   -5.9736    0.0945    0.1933
DIM:ROT:     129         2   -5.9739    0.1484    0.0641
DIM:ROT:     130         1   -6.0156    0.1972    0.4463
DIM:ROT:     130         2   -6.0157    0.0539    0.0427
DIM:ROT:     131         1   -6.0721    0.1191    0.2653
DIM:ROT:     131         2   -6.0722    0.0839    0.0421
DIM:ROT:     132         1   -6.0937    0.1740    0.3718
DIM:ROT:     132         2   -6.0945    0.2488    0.0959
DIM:ROT:     133         1   -6.1246    0.2376    0.5381
DIM:ROT:     133         2   -6.1249    0.1011    0.0584
DIM:ROT:     134         1   -6.1192    0.1872    0.4103
DIM:ROT:     134         2   -6.1194    0.1244    0.0756
DIM:ROT:     135         1   -5.9322    0.3461    0.6557
DIM:ROT:     135         2   -5.9356    0.5077    0.2776
DIM:ROT:     135         3   -5.9362    0.2332    0.4289
DIM:ROT:     136         1   -5.8247    0.2654    0.5408
DIM:ROT:     136         2   -5.8258    0.2246    0.1448
DIM:ROT:     136         3   -5.8259    0.1104    0.1772
DIM:ROT:     137         1   -5.9818    0.4547    0.1886
DIM:ROT:     137         2   -5.9826    0.1794    0.3190
DIM:ROT:     137         3   -5.9831    0.2307    0.1331
DIM:ROT:     138         1   -6.0841    0.1321    0.1924
DIM:ROT:     138         2   -6.0841    0.1369    0.1418
DIM:ROT:     138         3   -6.0847    0.1023    0.1524
DIM:ROT:     139         1   -5.9845    0.1263    0.1377
DIM:ROT:     139         2   -5.9847    0.0936    0.1227
DIM:ROT:     139         3   -5.9848    0.0828    0.1064
DIM:ROT:     140         1   -6.1105    0.1718    0.2123
DIM:ROT:     140         2   -6.1115    0.1493    0.1925
DIM:ROT:     140         3   -6.1115    0.1318    0.1728
DIM:ROT:     141         1   -6.2009    0.2222    0.3677
DIM:ROT:     141         2   -6.2015    0.2650    0.2140
DIM:ROT:     141         3   -6.2029    0.1620    0.2699
DIM:ROT:     142         1   -5.7702    0.2499    0.4977
DIM:ROT:     142         2   -5.7708    0.2477    0.1460
DIM:ROT:     142         3   -5.7716    0.1182    0.2078
DIM:ROT:     143         1   -5.7970    0.3099    0.5712
DIM:ROT:     143         2   -5.7995    0.4139    0.2386
DIM:ROT:     143         3   -5.7999    0.1988    0.3563
DIM:ROT:     144         1   -6.1344    0.3977    0.7106
DIM:ROT:     144         2   -6.1367    0.4892    0.3266
DIM:ROT:     144         3   -6.1401    0.2611    0.4552
DIM:ROT:     145         1   -6.0543    0.3498    0.6907
DIM:ROT:     145         2   -6.0553    0.2752    0.1925
DIM:ROT:     145         3   -6.0565    0.1467    0.2402
DIM:ROT:     146         1   -5.8638    0.5832    0.2101
DIM:ROT:     146         2   -5.8649    0.2041    0.3607
DIM:ROT:     146         3   -5.8654    0.2247    0.1394
DIM:ROT:     147         1   -5.9080    0.1843    0.3076
DIM:ROT:     147         2   -5.9083    0.2161    0.1802
DIM:ROT:     147         3   -5.9094    0.1354    0.2275
DIM:ROT:     148         1   -6.0553    0.1716    0.3213
DIM:ROT:     148         2   -6.0557    0.0732    0.0892
DIM:ROT:     149         1   -5.8741    0.1387    0.2620
DIM:ROT:     149         2   -5.8744    0.1053    0.0854
DIM:ROT:     150         1   -5.8722    0.1428    0.2505
DIM:ROT:     150         2   -5.8724    0.1929    0.1250
DIM:ROT:     150         3   -5.8732    0.1024    0.1796
DIM:ROT:     151         1   -6.0528    0.1069    0.2188
DIM:ROT:     151         2   -6.0531    0.0935    0.0572
DIM:ROT:     152         1   -5.9492    0.1628    0.3533
DIM:ROT:     152         2   -5.9494    0.1757    0.0643
DIM:ROT:     153         1   -5.8982    0.2543    0.5625
DIM:ROT:     153         2   -5.8983    0.2141    0.0718
DIM:ROT:     154         1   -5.9777    0.5962    1.3294
DIM:ROT:     154         2   -5.9786    0.2739    0.1438
DIM:ROT:     154         3   -5.9791    0.1107    0.1684
DIM:ROT:     155         1   -5.7796    0.7065    1.5218
DIM:ROT:     155         2   -5.7811    0.3942    0.2287
DIM:ROT:     155         3   -5.7824    0.1804    0.2826
DIM:ROT:     156         1   -5.7729    1.1111    2.4195
DIM:ROT:     156         2   -5.7760    0.4246    0.2905
DIM:ROT:     156         3   -5.7772    0.2138    0.3092
DIM:ROT:     157         1   -5.9130    0.4523    0.9493
DIM:ROT:     157         2   -5.9144    0.3913    0.2032
DIM:ROT:     157         3   -5.9157    0.1661    0.2919
DIM:ROT:     158         1   -6.0544    1.2147    2.6353
DIM:ROT:     158         2   -6.0586    0.5289    0.3868
DIM:ROT:     158         3   -6.0619    0.3046    0.4366
DIM:ROT:     159         1   -5.7805    0.5052    0.9462
DIM:ROT:     159         2   -5.7858    0.6535    0.3541
DIM:ROT:     159         3   -5.7876    0.3000    0.5407
DIM:ROT:     160         1   -5.3852    1.0125    2.0784
DIM:ROT:     160         2   -5.3944    0.9037    0.4464
DIM:ROT:     160         3   -5.3982    0.3895    0.6299
