MinModeTranslate: STEP      TIME          ENERGY    MAX-FORCE     STEPSIZE    CURVATURE  ROT-STEPS
MinModeTranslate:    0  15:48:13    -9342.414162       2.6476     --------     1.786238          3
MinModeTranslate:    0  15:48:13    -9342.414162       2.6476     0.100000     1.786238          3
MinModeTranslate:    1  15:48:13    -9342.045352       2.8078     --------     1.593396          3
MinModeTranslate:    1  15:48:13    -9342.045352       2.8078     0.100000     1.593396          3
MinModeTranslate:    2  15:48:13    -9341.668993       3.2090     --------     0.758614          3
MinModeTranslate:    2  15:48:13    -9341.668993       3.2090     0.100000     0.758614          3
MinModeTranslate:    3  15:48:13    -9341.247497       5.6117     --------    -1.499728          3
MinModeTranslate:    3  15:48:13    -9341.247497       5.6117     0.100000    -1.499728          3
MinModeTranslate:    4  15:48:13    -9341.104030       6.6893     --------    -4.653784          3
MinModeTranslate:    4  15:48:13    -9341.104030       6.6893     0.100000    -4.653784          3
MinModeTranslate:    5  15:48:13    -9341.636237       4.6237     --------    -7.353744          3
MinModeTranslate:    5  15:48:13    -9341.636237       4.6237     0.100000    -7.353744          3
MinModeTranslate:    6  15:48:13    -9341.773484       3.5311     --------    -9.014548          3
MinModeTranslate:    6  15:48:13    -9341.773484       3.5311     0.100000    -9.014548          3
MinModeTranslate:    7  15:48:13    -9341.750194       3.2874     --------    -9.712947          3
MinModeTranslate:    7  15:48:13    -9341.750194       3.2874     0.100000    -9.712947          3
MinModeTranslate:    8  15:48:14    -9341.714943       3.2004     --------   -12.068580          3
MinModeTranslate:    8  15:48:14    -9341.714943       3.2004     0.100000   -12.068580          3
MinModeTranslate:    9  15:48:14    -9341.747674       3.4869     --------   -19.250368          3
MinModeTranslate:    9  15:48:14    -9341.747674       3.4869     0.100000   -19.250368          3
MinModeTranslate:   10  15:48:14    -9341.936169       2.8309     --------   -21.327295          3
MinModeTranslate:   10  15:48:14    -9341.936169       2.8309     0.100000   -21.327295          3
MinModeTranslate:   11  15:48:14    -9342.230556       2.0788     --------   -16.605015          3
MinModeTranslate:   11  15:48:14    -9342.230556       2.0788     0.100000   -16.605015          3
MinModeTranslate:   12  15:48:14    -9342.487364       2.7241     --------   -13.806944          3
MinModeTranslate:   12  15:48:14    -9342.487364       2.7241     0.100000   -13.806944          3
MinModeTranslate:   13  15:48:14    -9342.735479       2.1503     --------   -10.132107          3
MinModeTranslate:   13  15:48:14    -9342.735479       2.1503     0.100000   -10.132107          3
MinModeTranslate:   14  15:48:14    -9342.932419       1.1161     --------    -7.397395          3
MinModeTranslate:   14  15:48:14    -9342.932419       1.1161     0.100000    -7.397395          3
MinModeTranslate:   15  15:48:14    -9343.092955       1.9715     --------    -7.119430          3
MinModeTranslate:   15  15:48:14    -9343.092955       1.9715     0.094559    -7.119430          3
MinModeTranslate:   16  15:48:14    -9343.196134       2.5291     --------   -12.812728          3
MinModeTranslate:   16  15:48:14    -9343.196134       2.5291     0.100000   -12.812728          3
MinModeTranslate:   17  15:48:14    -9343.272588       2.6794     --------   -18.446992          3
MinModeTranslate:   17  15:48:14    -9343.272588       2.6794     0.032075   -18.446992          3
MinModeTranslate:   18  15:48:14    -9343.316423       1.2770     --------   -18.119772          3
MinModeTranslate:   18  15:48:14    -9343.316423       1.2770     0.100000   -18.119772          3
MinModeTranslate:   19  15:48:14    -9343.384218       1.7610     --------   -24.102726          3
MinModeTranslate:   19  15:48:14    -9343.384218       1.7610     0.020681   -24.102726          3
MinModeTranslate:   20  15:48:15    -9343.410184       0.7488     --------   -24.956950          3
MinModeTranslate:   20  15:48:15    -9343.410184       0.7488     0.100000   -24.956950          3
MinModeTranslate:   21  15:48:15    -9343.465342       1.3016     --------   -24.414796          3
MinModeTranslate:   21  15:48:15    -9343.465342       1.3016     0.069140   -24.414796          3
MinModeTranslate:   22  15:48:15    -9343.507616       1.4848     --------   -22.278908          3
MinModeTranslate:   22  15:48:15    -9343.507616       1.4848     0.086768   -22.278908          3
MinModeTranslate:   23  15:48:15    -9343.545845       1.2756     --------   -21.628168          3
MinModeTranslate:   23  15:48:15    -9343.545845       1.2756     0.100000   -21.628168          3
MinModeTranslate:   24  15:48:15    -9343.600960       1.1772     --------   -21.346995          3
MinModeTranslate:   24  15:48:15    -9343.600960       1.1772     0.025012   -21.346995          3
MinModeTranslate:   25  15:48:15    -9343.617146       1.0035     --------   -21.134983          3
MinModeTranslate:   25  15:48:15    -9343.617146       1.0035     0.040107   -21.134983          3
MinModeTranslate:   26  15:48:15    -9343.626358       0.7297     --------   -24.670829          3
MinModeTranslate:   26  15:48:15    -9343.626358       0.7297     0.020776   -24.670829          3
MinModeTranslate:   27  15:48:15    -9343.635660       0.7425     --------   -26.563886          3
MinModeTranslate:   27  15:48:15    -9343.635660       0.7425     0.020967   -26.563886          3
MinModeTranslate:   28  15:48:15    -9343.644108       0.4119     --------   -27.053625          3
MinModeTranslate:   28  15:48:15    -9343.644108       0.4119     0.041209   -27.053625          3
MinModeTranslate:   29  15:48:15    -9343.654140       0.6756     --------   -26.816042          3
MinModeTranslate:   29  15:48:15    -9343.654140       0.6756     0.041116   -26.816042          3
MinModeTranslate:   30  15:48:15    -9343.663038       0.6855     --------   -27.158648          3
MinModeTranslate:   30  15:48:15    -9343.663038       0.6855     0.061899   -27.158648          3
MinModeTranslate:   31  15:48:16    -9343.675573       0.5163     --------   -26.690147          3
MinModeTranslate:   31  15:48:16    -9343.675573       0.5163     0.020340   -26.690147          3
MinModeTranslate:   32  15:48:16    -9343.681459       0.6460     --------   -26.021759          3
MinModeTranslate:   32  15:48:16    -9343.681459       0.6460     0.032958   -26.021759          3
MinModeTranslate:   33  15:48:16    -9343.689005       0.4434     --------   -26.304350          3
MinModeTranslate:   33  15:48:16    -9343.689005       0.4434     0.030428   -26.304350          3
MinModeTranslate:   34  15:48:16    -9343.694950       0.6140     --------   -27.310031          3
MinModeTranslate:   34  15:48:16    -9343.694950       0.6140     0.020143   -27.310031          3
MinModeTranslate:   35  15:48:16    -9343.698712       0.2909     --------   -27.402919          3
MinModeTranslate:   35  15:48:16    -9343.698712       0.2909     0.030940   -27.402919          3
MinModeTranslate:   36  15:48:16    -9343.703548       0.4172     --------   -27.311503          3
MinModeTranslate:   36  15:48:16    -9343.703548       0.4172     0.021845   -27.311503          3
MinModeTranslate:   37  15:48:16    -9343.706562       0.3484     --------   -27.611526          3
MinModeTranslate:   37  15:48:16    -9343.706562       0.3484     0.027696   -27.611526          3
MinModeTranslate:   38  15:48:16    -9343.710236       0.2765     --------   -27.342888          3
MinModeTranslate:   38  15:48:16    -9343.710236       0.2765     0.011458   -27.342888          3
MinModeTranslate:   39  15:48:16    -9343.711703       0.3680     --------   -26.886374          3
MinModeTranslate:   39  15:48:16    -9343.711703       0.3680     0.018694   -26.886374          3
MinModeTranslate:   40  15:48:16    -9343.713760       0.2737     --------   -26.711702          3
MinModeTranslate:   40  15:48:16    -9343.713760       0.2737     0.032466   -26.711702          3
MinModeTranslate:   41  15:48:16    -9343.716913       0.4872     --------   -26.606264          3
MinModeTranslate:   41  15:48:16    -9343.716913       0.4872     0.023120   -26.606264          3
MinModeTranslate:   42  15:48:17    -9343.719235       0.2936     --------   -25.991363          3
MinModeTranslate:   42  15:48:17    -9343.719235       0.2936     0.022179   -25.991363          3
MinModeTranslate:   43  15:48:17    -9343.721692       0.2665     --------   -25.896025          3
MinModeTranslate:   43  15:48:17    -9343.721692       0.2665     0.013558   -25.896025          3
MinModeTranslate:   44  15:48:17    -9343.722900       0.2247     --------   -26.326482          3
MinModeTranslate:   44  15:48:17    -9343.722900       0.2247     0.016755   -26.326482          3
MinModeTranslate:   45  15:48:17    -9343.724330       0.1483     --------   -26.466809          3
MinModeTranslate:   45  15:48:17    -9343.724330       0.1483     0.005538   -26.466809          3
MinModeTranslate:   46  15:48:17    -9343.724817       0.1841     --------   -26.182098          3
MinModeTranslate:   46  15:48:17    -9343.724817       0.1841     0.008342   -26.182098          3
MinModeTranslate:   47  15:48:17    -9343.725393       0.1423     --------   -26.030562          3
MinModeTranslate:   47  15:48:17    -9343.725393       0.1423     0.009187   -26.030562          3
MinModeTranslate:   48  15:48:17    -9343.725956       0.1561     --------   -25.935030          3
MinModeTranslate:   48  15:48:17    -9343.725956       0.1561     0.004593   -25.935030          3
MinModeTranslate:   49  15:48:17    -9343.726220       0.0888     --------   -25.716691          3
MinModeTranslate:   49  15:48:17    -9343.726220       0.0888     0.015651   -25.716691          3
MinModeTranslate:   50  15:48:17    -9343.726954       0.1619     --------   -25.470054          3
MinModeTranslate:   50  15:48:17    -9343.726954       0.1619     0.011050   -25.470054          3
MinModeTranslate:   51  15:48:17    -9343.727437       0.1587     --------   -25.651727          3
MinModeTranslate:   51  15:48:17    -9343.727437       0.1587     0.014346   -25.651727          3
MinModeTranslate:   52  15:48:18    -9343.728030       0.1378     --------   -25.618906          3
MinModeTranslate:   52  15:48:18    -9343.728030       0.1378     0.010572   -25.618906          3
MinModeTranslate:   53  15:48:18    -9343.728490       0.2140     --------   -25.278690          3
MinModeTranslate:   53  15:48:18    -9343.728490       0.2140     0.012111   -25.278690          3
MinModeTranslate:   54  15:48:18    -9343.728984       0.1229     --------   -25.155145          3
MinModeTranslate:   54  15:48:18    -9343.728984       0.1229     0.007833   -25.155145          3
MinModeTranslate:   55  15:48:18    -9343.729248       0.1105     --------   -25.095497          3
MinModeTranslate:   55  15:48:18    -9343.729248       0.1105     0.003431   -25.095497          3
MinModeTranslate:   56  15:48:18    -9343.729365       0.0765     --------   -24.910489          3
MinModeTranslate:   56  15:48:18    -9343.729365       0.0765     0.009092   -24.910489          3
MinModeTranslate:   57  15:48:18    -9343.729629       0.0775     --------   -24.531203          3
MinModeTranslate:   57  15:48:18    -9343.729629       0.0775     0.003732   -24.531203          3
MinModeTranslate:   58  15:48:18    -9343.729732       0.0699     --------   -24.539092          3
MinModeTranslate:   58  15:48:18    -9343.729732       0.0699     0.004415   -24.539092          3
MinModeTranslate:   59  15:48:18    -9343.729840       0.0518     --------   -24.484635          3
MinModeTranslate:   59  15:48:18    -9343.729840       0.0518     0.003539   -24.484635          3
MinModeTranslate:   60  15:48:18    -9343.729919       0.0838     --------   -24.398975          3
MinModeTranslate:   60  15:48:18    -9343.729919       0.0838     0.003803   -24.398975          3
MinModeTranslate:   61  15:48:18    -9343.729990       0.0535     --------   -24.454013          3
MinModeTranslate:   61  15:48:18    -9343.729990       0.0535     0.004145   -24.454013          3
MinModeTranslate:   62  15:48:19    -9343.730062       0.0526     --------   -24.511182          3
MinModeTranslate:   62  15:48:19    -9343.730062       0.0526     0.001732   -24.511182          3
MinModeTranslate:   63  15:48:19    -9343.730089       0.0325     --------   -24.455496          1
MinModeTranslate:   63  15:48:19    -9343.730089       0.0325     0.004961   -24.455496          1
MinModeTranslate:   64  15:48:19    -9343.730167       0.0515     --------   -24.335535          2
MinModeTranslate:   64  15:48:19    -9343.730167       0.0515     0.003091   -24.335535          2
MinModeTranslate:   65  15:48:19    -9343.730210       0.0510     --------   -24.335736          1
MinModeTranslate:   65  15:48:19    -9343.730210       0.0510     0.003432   -24.335736          1
MinModeTranslate:   66  15:48:19    -9343.730256       0.0344     --------   -24.274556          2
MinModeTranslate:   66  15:48:19    -9343.730256       0.0344     0.003230   -24.274556          2
MinModeTranslate:   67  15:48:19    -9343.730291       0.0607     --------   -24.187487          2
MinModeTranslate:   67  15:48:19    -9343.730291       0.0607     0.003311   -24.187487          2
MinModeTranslate:   68  15:48:19    -9343.730331       0.0384     --------   -24.207212          2
MinModeTranslate:   68  15:48:19    -9343.730331       0.0384     0.003273   -24.207212          2
MinModeTranslate:   69  15:48:19    -9343.730368       0.0291     --------   -24.233936          2
MinModeTranslate:   69  15:48:19    -9343.730368       0.0291     0.001373   -24.233936          2
MinModeTranslate:   70  15:48:19    -9343.730381       0.0259     --------   -24.209482          2
MinModeTranslate:   70  15:48:19    -9343.730381       0.0259     0.004116   -24.209482          2
MinModeTranslate:   71  15:48:19    -9343.730423       0.0308     --------   -24.201689          3
MinModeTranslate:   71  15:48:19    -9343.730423       0.0308     0.001810   -24.201689          3
MinModeTranslate:   72  15:48:19    -9343.730432       0.0299     --------   -24.222506          2
MinModeTranslate:   72  15:48:19    -9343.730432       0.0299     0.002149   -24.222506          2
MinModeTranslate:   73  15:48:19    -9343.730453       0.0245     --------   -24.173458          1
MinModeTranslate:   73  15:48:19    -9343.730453       0.0245     0.003524   -24.173458          1
MinModeTranslate:   74  15:48:19    -9343.730483       0.0475     --------   -24.035253          3
MinModeTranslate:   74  15:48:19    -9343.730483       0.0475     0.002560   -24.035253          3
MinModeTranslate:   75  15:48:20    -9343.730497       0.0212     --------   -23.989357          2
MinModeTranslate:   75  15:48:20    -9343.730497       0.0212     0.002552   -23.989357          2
MinModeTranslate:   76  15:48:20    -9343.730520       0.0206     --------   -23.960802          1
MinModeTranslate:   76  15:48:20    -9343.730520       0.0206     0.001857   -23.960802          1
MinModeTranslate:   77  15:48:20    -9343.730527       0.0284     --------   -23.909015          2
MinModeTranslate:   77  15:48:20    -9343.730527       0.0284     0.004316   -23.909015          2
MinModeTranslate:   78  15:48:20    -9343.730559       0.0234     --------   -23.883728          3
MinModeTranslate:   78  15:48:20    -9343.730559       0.0234     0.001416   -23.883728          3
MinModeTranslate:   79  15:48:20    -9343.730569       0.0266     --------   -23.908228          1
MinModeTranslate:   79  15:48:20    -9343.730569       0.0266     0.001927   -23.908228          1
MinModeTranslate:   80  15:48:20    -9343.730571       0.0191     --------   -23.888396          1
MinModeTranslate:   80  15:48:20    -9343.730571       0.0191     0.002715   -23.888396          1
MinModeTranslate:   81  15:48:20    -9343.730587       0.0280     --------   -23.834218          1
MinModeTranslate:   81  15:48:20    -9343.730587       0.0280     0.001680   -23.834218          1
MinModeTranslate:   82  15:48:20    -9343.730599       0.0194     --------   -23.839070          1
MinModeTranslate:   82  15:48:20    -9343.730599       0.0194     0.002254   -23.839070          1
MinModeTranslate:   83  15:48:20    -9343.730609       0.0159     --------   -23.855575          1
MinModeTranslate:   83  15:48:20    -9343.730609       0.0159     0.001458   -23.855575          1
MinModeTranslate:   84  15:48:20    -9343.730616       0.0236     --------   -23.841488          1
MinModeTranslate:   84  15:48:20    -9343.730616       0.0236     0.003554   -23.841488          1
MinModeTranslate:   85  15:48:20    -9343.730633       0.0225     --------   -23.883500          1
MinModeTranslate:   85  15:48:20    -9343.730633       0.0225     0.001585   -23.883500          1
MinModeTranslate:   86  15:48:20    -9343.730634       0.0215     --------   -23.931165          1
MinModeTranslate:   86  15:48:20    -9343.730634       0.0215     0.001621   -23.931165          1
MinModeTranslate:   87  15:48:20    -9343.730646       0.0147     --------   -23.948571          1
MinModeTranslate:   87  15:48:20    -9343.730646       0.0147     0.002681   -23.948571          1
MinModeTranslate:   88  15:48:20    -9343.730655       0.0220     --------   -23.947298          1
MinModeTranslate:   88  15:48:20    -9343.730655       0.0220     0.001505   -23.947298          1
MinModeTranslate:   89  15:48:20    -9343.730665       0.0153     --------   -23.973822          1
MinModeTranslate:   89  15:48:20    -9343.730665       0.0153     0.002024   -23.973822          1
MinModeTranslate:   90  15:48:20    -9343.730675       0.0148     --------   -23.984777          1
MinModeTranslate:   90  15:48:20    -9343.730675       0.0148     0.001527   -23.984777          1
MinModeTranslate:   91  15:48:20    -9343.730676       0.0224     --------   -23.962869          1
MinModeTranslate:   91  15:48:21    -9343.730676       0.0224     0.002786   -23.962869          1
MinModeTranslate:   92  15:48:21    -9343.730691       0.0155     --------   -23.962942          1
MinModeTranslate:   92  15:48:21    -9343.730691       0.0155     0.000989   -23.962942          1
MinModeTranslate:   93  15:48:21    -9343.730692       0.0150     --------   -23.984655          1
MinModeTranslate:   93  15:48:21    -9343.730692       0.0150     0.001043   -23.984655          1
MinModeTranslate:   94  15:48:21    -9343.730694       0.0130     --------   -23.986845          1
MinModeTranslate:   94  15:48:21    -9343.730694       0.0130     0.001374   -23.986845          1
MinModeTranslate:   95  15:48:21    -9343.730699       0.0112     --------   -23.996905          1
MinModeTranslate:   95  15:48:21    -9343.730699       0.0112     0.000437   -23.996905          1
MinModeTranslate:   96  15:48:21    -9343.730696       0.0070     --------   -24.018919          1
MinModeTranslate:   96  15:48:21    -9343.730696       0.0070     0.000809   -24.018919          1
MinModeTranslate:   97  15:48:21    -9343.730704       0.0088     --------   -24.041510          1
MinModeTranslate:   97  15:48:21    -9343.730704       0.0088     0.000744   -24.041510          1
MinModeTranslate:   98  15:48:21    -9343.730701       0.0122     --------   -24.044168          1
MinModeTranslate:   98  15:48:21    -9343.730701       0.0122     0.000942   -24.044168          1
MinModeTranslate:   99  15:48:21    -9343.730707       0.0069     --------   -24.068271          1
MinModeTranslate:   99  15:48:21    -9343.730707       0.0069     0.000717   -24.068271          1
MinModeTranslate:  100  15:48:21    -9343.730713       0.0116     --------   -24.082415          1
MinModeTranslate:  100  15:48:21    -9343.730713       0.0116     0.000943   -24.082415          1
MinModeTranslate:  101  15:48:21    -9343.730706       0.0092     --------   -24.082319          1
MinModeTranslate:  101  15:48:21    -9343.730706       0.0092     0.001166   -24.082319          1
MinModeTranslate:  102  15:48:21    -9343.730717       0.0067     --------   -24.085383          1
MinModeTranslate:  102  15:48:21    -9343.730717       0.0067     0.000408   -24.085383          1
MinModeTranslate:  103  15:48:21    -9343.730714       0.0066     --------   -24.101846          1
MinModeTranslate:  103  15:48:21    -9343.730714       0.0066     0.000765   -24.101846          1
MinModeTranslate:  104  15:48:21    -9343.730714       0.0049     --------   -24.125961          1
