MinModeTranslate: STEP      TIME          ENERGY    MAX-FORCE     STEPSIZE    CURVATURE  ROT-STEPS
MinModeTranslate:    0  16:54:38    -6206.649087      54.8337     --------  -388.410272          3
MinModeTranslate:    0  16:54:38    -6206.649087      54.8337     0.091534  -388.410272          3
MinModeTranslate:    1  16:54:38    -6207.850002      38.5285     --------  -447.824511          3
MinModeTranslate:    1  16:54:38    -6207.850002      38.5285     0.100000  -447.824511          3
MinModeTranslate:    2  16:54:38    -6208.006772      31.6433     --------  -619.470915          3
MinModeTranslate:    2  16:54:38    -6208.006772      31.6433     0.100000  -619.470915          3
MinModeTranslate:    3  16:54:38    -6208.979135      12.4393     --------    91.286015          3
MinModeTranslate:    3  16:54:38    -6208.979135      12.4393     0.100000    91.286015          3
MinModeTranslate:    4  16:54:38    -6191.047373     339.7582     -------- -4958.008305          3
MinModeTranslate:    4  16:54:38    -6191.047373     339.7582     0.036385 -4958.008305          3
MinModeTranslate:    5  16:54:38    -6202.450400     230.1757     -------- -2199.883291          3
MinModeTranslate:    5  16:54:38    -6202.450400     230.1757     0.030258 -2199.883291          3
MinModeTranslate:    6  16:54:38    -6208.310648      50.6573     --------  -834.369141          3
MinModeTranslate:    6  16:54:38    -6208.310648      50.6573     0.009471  -834.369141          3
MinModeTranslate:    7  16:54:38    -6208.478387      18.0518     --------   123.688917          3
MinModeTranslate:    7  16:54:38    -6208.478387      18.0518     0.100000   123.688917          3
MinModeTranslate:    8  16:54:38    -6207.486875       4.5807     --------    79.061105          3
MinModeTranslate:    8  16:54:38    -6207.486875       4.5807     0.100000    79.061105          3
MinModeTranslate:    9  16:54:38    -6199.885390     233.4232     -------- -3500.818661          3
MinModeTranslate:    9  16:54:38    -6199.885390     233.4232     0.100000 -3500.818661          3
MinModeTranslate:   10  16:54:39    -6186.679219     410.7626     -------- -13611.685471          3
MinModeTranslate:   10  16:54:39    -6186.679219     410.7626     0.047205 -13611.685471          3
MinModeTranslate:   11  16:54:39    -6194.519481     179.4215     --------  2035.785367          3
MinModeTranslate:   11  16:54:39    -6194.519481     179.4215     0.100000  2035.785367          3
MinModeTranslate:   12  16:54:39    -6176.722835     485.2057     --------  -232.954409          3
MinModeTranslate:   12  16:54:39    -6176.722835     485.2057     0.005101  -232.954409          3
MinModeTranslate:   13  16:54:39    -6177.840797     392.1644     --------  -980.714794          3
MinModeTranslate:   13  16:54:39    -6177.840797     392.1644     0.040986  -980.714794          3
MinModeTranslate:   14  16:54:39    -6182.064076     121.9458     --------  1343.096373          3
MinModeTranslate:   14  16:54:39    -6182.064076     121.9458     0.100000  1343.096373          3
MinModeTranslate:   15  16:54:39    -6153.614158     733.0813     -------- -31699.107781          3
MinModeTranslate:   15  16:54:39    -6153.614158     733.0813     0.031188 -31699.107781          3
MinModeTranslate:   16  16:54:39    -6144.487379     596.2346     -------- -2810.644299          3
MinModeTranslate:   16  16:54:39    -6144.487379     596.2346     0.031936 -2810.644299          3
MinModeTranslate:   17  16:54:39    -6153.671052     578.7497     --------  5218.037306          3
MinModeTranslate:   17  16:54:39    -6153.671052     578.7497     0.100000  5218.037306          3
MinModeTranslate:   18  16:54:39    -6112.368802     674.3631     -------- -30661.902638          3
MinModeTranslate:   18  16:54:39    -6112.368802     674.3631     0.011997 -30661.902638          3
MinModeTranslate:   19  16:54:39    -6107.570623     543.8252     -------- -16393.233120          3
MinModeTranslate:   19  16:54:39    -6107.570623     543.8252     0.078318 -16393.233120          3
MinModeTranslate:   20  16:54:39    -6101.191479     811.1597     -------- -20000.310874          3
MinModeTranslate:   20  16:54:39    -6101.191479     811.1597     0.100000 -20000.310874          3
MinModeTranslate:   21  16:54:39    -6118.322530     572.2900     -------- -13952.616543          3
MinModeTranslate:   21  16:54:39    -6118.322530     572.2900     0.100000 -13952.616543          3
MinModeTranslate:   22  16:54:39    -6156.790538    1242.6644     -------- -56736.904260          3
MinModeTranslate:   22  16:54:39    -6156.790538    1242.6644     0.039357 -56736.904260          3
MinModeTranslate:   23  16:54:39    -6175.904002     720.7379     -------- -20707.520390          3
MinModeTranslate:   23  16:54:39    -6175.904002     720.7379     0.030547 -20707.520390          3
MinModeTranslate:   24  16:54:39    -6162.649672    1030.9504     -------- -5402.060088          3
MinModeTranslate:   24  16:54:40    -6162.649672    1030.9504     0.038176 -5402.060088          3
MinModeTranslate:   25  16:54:40    -6181.182178    1269.7791     -------- -133101.526817          3
MinModeTranslate:   25  16:54:40    -6181.182178    1269.7791     0.033798 -133101.526817          3
MinModeTranslate:   26  16:54:40    -6200.564985     663.1692     -------- -1547.354503          3
MinModeTranslate:   26  16:54:40    -6200.564985     663.1692     0.049594 -1547.354503          3
MinModeTranslate:   27  16:54:40    -6208.567072      37.3004     --------  1109.418784          3
MinModeTranslate:   27  16:54:40    -6208.567072      37.3004     0.100000  1109.418784          3
MinModeTranslate:   28  16:54:40    -6205.542726      62.2981     --------  -891.529586          3
MinModeTranslate:   28  16:54:40    -6205.542726      62.2981     0.100000  -891.529586          3
MinModeTranslate:   29  16:54:40    -6199.691208      29.1461     -------- -1730.672719          3
MinModeTranslate:   29  16:54:40    -6199.691208      29.1461     0.031803 -1730.672719          3
MinModeTranslate:   30  16:54:40    -6199.799666      12.4052     -------- -1233.168615          3
MinModeTranslate:   30  16:54:40    -6199.799666      12.4052     0.100000 -1233.168615          3
MinModeTranslate:   31  16:54:40    -6202.091497      28.2068     -------- -1347.272951          3
MinModeTranslate:   31  16:54:40    -6202.091497      28.2068     0.100000 -1347.272951          3
MinModeTranslate:   32  16:54:40    -6204.736753      25.3903     --------  -843.509086          3
MinModeTranslate:   32  16:54:40    -6204.736753      25.3903     0.066540  -843.509086          3
MinModeTranslate:   33  16:54:40    -6204.961059      19.4513     --------  -939.286947          3
MinModeTranslate:   33  16:54:40    -6204.961059      19.4513     0.033445  -939.286947          3
MinModeTranslate:   34  16:54:40    -6204.878860       8.2667     --------  -900.567092          3
MinModeTranslate:   34  16:54:40    -6204.878860       8.2667     0.100000  -900.567092          3
MinModeTranslate:   35  16:54:40    -6205.739646       7.6601     --------   -37.799744          3
MinModeTranslate:   35  16:54:40    -6205.739646       7.6601     0.100000   -37.799744          3
MinModeTranslate:   36  16:54:40    -6206.930955      19.2635     --------  -897.453127          3
MinModeTranslate:   36  16:54:40    -6206.930955      19.2635     0.100000  -897.453127          3
MinModeTranslate:   37  16:54:40    -6208.110827      31.1790     --------  -673.398126          3
MinModeTranslate:   37  16:54:40    -6208.110827      31.1790     0.100000  -673.398126          3
MinModeTranslate:   38  16:54:40    -6207.946593      24.8358     --------  -892.013793          3
MinModeTranslate:   38  16:54:40    -6207.946593      24.8358     0.041065  -892.013793          3
MinModeTranslate:   39  16:54:40    -6207.514341       8.5209     -------- -1194.698352          3
MinModeTranslate:   39  16:54:41    -6207.514341       8.5209     0.030567 -1194.698352          3
MinModeTranslate:   40  16:54:41    -6207.803516      13.5793     -------- -1053.984503          3
MinModeTranslate:   40  16:54:41    -6207.803516      13.5793     0.027746 -1053.984503          3
MinModeTranslate:   41  16:54:41    -6207.762306       7.1930     -------- -1269.957250          3
MinModeTranslate:   41  16:54:41    -6207.762306       7.1930     0.062179 -1269.957250          3
MinModeTranslate:   42  16:54:41    -6208.164327      16.3656     -------- -1264.950225          3
MinModeTranslate:   42  16:54:41    -6208.164327      16.3656     0.081783 -1264.950225          3
MinModeTranslate:   43  16:54:41    -6208.219412       6.8686     -------- -1314.520646          3
MinModeTranslate:   43  16:54:41    -6208.219412       6.8686     0.042866 -1314.520646          3
MinModeTranslate:   44  16:54:41    -6208.253471       3.9977     -------- -1378.620440          3
MinModeTranslate:   44  16:54:41    -6208.253471       3.9977     0.066142 -1378.620440          3
MinModeTranslate:   45  16:54:41    -6208.408098       3.3693     -------- -1333.859707          3
MinModeTranslate:   45  16:54:41    -6208.408098       3.3693     0.007334 -1333.859707          3
MinModeTranslate:   46  16:54:41    -6208.407301       3.3911     -------- -1373.617739          3
MinModeTranslate:   46  16:54:41    -6208.407301       3.3911     0.033496 -1373.617739          3
MinModeTranslate:   47  16:54:41    -6208.503075       1.1993     -------- -1425.254932          3
MinModeTranslate:   47  16:54:41    -6208.503075       1.1993     0.009222 -1425.254932          3
MinModeTranslate:   48  16:54:41    -6208.525197       3.2480     -------- -1447.044232          3
MinModeTranslate:   48  16:54:41    -6208.525197       3.2480     0.100000 -1447.044232          3
MinModeTranslate:   49  16:54:41    -6208.695350       7.3808     -------- -1459.116666          3
MinModeTranslate:   49  16:54:41    -6208.695350       7.3808     0.035766 -1459.116666          3
MinModeTranslate:   50  16:54:41    -6208.710197       4.1873     -------- -1478.975273          3
MinModeTranslate:   50  16:54:41    -6208.710197       4.1873     0.062481 -1478.975273          3
MinModeTranslate:   51  16:54:41    -6208.749465       5.3195     -------- -1473.231645          3
MinModeTranslate:   51  16:54:41    -6208.749465       5.3195     0.032452 -1473.231645          3
MinModeTranslate:   52  16:54:41    -6208.799164       6.1417     -------- -1465.701017          3
MinModeTranslate:   52  16:54:41    -6208.799164       6.1417     0.100000 -1465.701017          3
MinModeTranslate:   53  16:54:41    -6209.114535       2.6244     -------- -1496.929028          3
MinModeTranslate:   53  16:54:41    -6209.114535       2.6244     0.064543 -1496.929028          3
MinModeTranslate:   54  16:54:41    -6209.324402       6.7970     -------- -1358.277268          3
MinModeTranslate:   54  16:54:42    -6209.324402       6.7970     0.033655 -1358.277268          3
MinModeTranslate:   55  16:54:42    -6209.399381       6.1169     -------- -1285.151368          3
MinModeTranslate:   55  16:54:42    -6209.399381       6.1169     0.100000 -1285.151368          3
MinModeTranslate:   56  16:54:42    -6209.684258       3.6710     -------- -1022.621822          3
MinModeTranslate:   56  16:54:42    -6209.684258       3.6710     0.039411 -1022.621822          3
MinModeTranslate:   57  16:54:42    -6209.920463       9.3718     -------- -1148.268321          3
MinModeTranslate:   57  16:54:42    -6209.920463       9.3718     0.049360 -1148.268321          3
MinModeTranslate:   58  16:54:42    -6209.950336       5.7941     -------- -1311.274778          3
MinModeTranslate:   58  16:54:42    -6209.950336       5.7941     0.007229 -1311.274778          3
MinModeTranslate:   59  16:54:42    -6209.938510       1.9122     -------- -1428.088699          2
MinModeTranslate:   59  16:54:42    -6209.938510       1.9122     0.100000 -1428.088699          2
MinModeTranslate:   60  16:54:42    -6210.081276       3.2661     -------- -1211.310296          3
MinModeTranslate:   60  16:54:42    -6210.081276       3.2661     0.055955 -1211.310296          3
MinModeTranslate:   61  16:54:42    -6210.100640       5.5686     -------- -1065.640127          3
MinModeTranslate:   61  16:54:42    -6210.100640       5.5686     0.062831 -1065.640127          3
MinModeTranslate:   62  16:54:42    -6210.171148       5.0698     -------- -1018.715504          3
MinModeTranslate:   62  16:54:42    -6210.171148       5.0698     0.032435 -1018.715504          3
MinModeTranslate:   63  16:54:42    -6210.348322       3.6339     -------- -1020.301882          3
MinModeTranslate:   63  16:54:42    -6210.348322       3.6339     0.024363 -1020.301882          3
MinModeTranslate:   64  16:54:42    -6210.467228       6.1131     -------- -1143.828472          3
MinModeTranslate:   64  16:54:42    -6210.467228       6.1131     0.044936 -1143.828472          3
MinModeTranslate:   65  16:54:42    -6210.523454       2.2547     -------- -1186.858710          3
MinModeTranslate:   65  16:54:42    -6210.523454       2.2547     0.008023 -1186.858710          3
MinModeTranslate:   66  16:54:42    -6210.543854       2.6009     -------- -1148.033048          3
MinModeTranslate:   66  16:54:42    -6210.543854       2.6009     0.019159 -1148.033048          3
MinModeTranslate:   67  16:54:42    -6210.563445       0.9469     -------- -1228.553988          3
MinModeTranslate:   67  16:54:42    -6210.563445       0.9469     0.020851 -1228.553988          3
MinModeTranslate:   68  16:54:42    -6210.584932       2.3494     -------- -1219.599040          3
MinModeTranslate:   68  16:54:42    -6210.584932       2.3494     0.017630 -1219.599040          3
MinModeTranslate:   69  16:54:43    -6210.586640       1.4332     -------- -1287.779850          3
MinModeTranslate:   69  16:54:43    -6210.586640       1.4332     0.020279 -1287.779850          3
MinModeTranslate:   70  16:54:43    -6210.600736       0.6172     -------- -1302.349282          3
MinModeTranslate:   70  16:54:43    -6210.600736       0.6172     0.004087 -1302.349282          3
MinModeTranslate:   71  16:54:43    -6210.604338       1.1978     -------- -1325.772838          3
MinModeTranslate:   71  16:54:43    -6210.604338       1.1978     0.034429 -1325.772838          3
MinModeTranslate:   72  16:54:43    -6210.616626       0.9255     -------- -1265.453860          3
MinModeTranslate:   72  16:54:43    -6210.616626       0.9255     0.015859 -1265.453860          3
MinModeTranslate:   73  16:54:43    -6210.631072       2.2320     -------- -1189.041800          3
MinModeTranslate:   73  16:54:43    -6210.631072       2.2320     0.020474 -1189.041800          3
MinModeTranslate:   74  16:54:43    -6210.631906       0.9201     -------- -1159.835776          3
MinModeTranslate:   74  16:54:43    -6210.631906       0.9201     0.007314 -1159.835776          3
MinModeTranslate:   75  16:54:43    -6210.642481       1.8943     -------- -1208.178979          3
MinModeTranslate:   75  16:54:43    -6210.642481       1.8943     0.010896 -1208.178979          3
MinModeTranslate:   76  16:54:43    -6210.644709       0.5746     -------- -1229.381364          3
MinModeTranslate:   76  16:54:43    -6210.644709       0.5746     0.011691 -1229.381364          3
MinModeTranslate:   77  16:54:43    -6210.649981       0.7658     -------- -1224.553977          3
MinModeTranslate:   77  16:54:43    -6210.649981       0.7658     0.002523 -1224.553977          3
MinModeTranslate:   78  16:54:43    -6210.650161       0.4834     -------- -1237.917263          3
MinModeTranslate:   78  16:54:43    -6210.650161       0.4834     0.017769 -1237.917263          3
MinModeTranslate:   79  16:54:43    -6210.655184       0.4060     -------- -1249.271052          3
MinModeTranslate:   79  16:54:43    -6210.655184       0.4060     0.015264 -1249.271052          3
MinModeTranslate:   80  16:54:43    -6210.658306       0.5908     -------- -1236.533691          3
MinModeTranslate:   80  16:54:43    -6210.658306       0.5908     0.002344 -1236.533691          3
MinModeTranslate:   81  16:54:43    -6210.658434       0.2830     -------- -1243.056633          3
MinModeTranslate:   81  16:54:43    -6210.658434       0.2830     0.011294 -1243.056633          3
MinModeTranslate:   82  16:54:43    -6210.660152       0.2834     -------- -1229.802942          3
MinModeTranslate:   82  16:54:43    -6210.660152       0.2834     0.006653 -1229.802942          3
MinModeTranslate:   83  16:54:43    -6210.661739       0.8359     -------- -1244.130428          3
MinModeTranslate:   83  16:54:43    -6210.661739       0.8359     0.021574 -1244.130428          3
MinModeTranslate:   84  16:54:44    -6210.663320       0.4032     -------- -1253.097041          3
MinModeTranslate:   84  16:54:44    -6210.663320       0.4032     0.058973 -1253.097041          3
MinModeTranslate:   85  16:54:44    -6210.674744       1.4385     -------- -1258.021245          3
MinModeTranslate:   85  16:54:44    -6210.674744       1.4385     0.022388 -1258.021245          3
MinModeTranslate:   86  16:54:44    -6210.674969       0.9350     -------- -1292.524889          3
MinModeTranslate:   86  16:54:44    -6210.674969       0.9350     0.059713 -1292.524889          3
MinModeTranslate:   87  16:54:44    -6210.683311       0.5811     -------- -1333.886086          3
MinModeTranslate:   87  16:54:44    -6210.683311       0.5811     0.085517 -1333.886086          3
MinModeTranslate:   88  16:54:44    -6210.695373       0.9325     -------- -1384.213458          3
MinModeTranslate:   88  16:54:44    -6210.695373       0.9325     0.013025 -1384.213458          3
MinModeTranslate:   89  16:54:44    -6210.697486       1.0359     -------- -1408.495856          3
MinModeTranslate:   89  16:54:44    -6210.697486       1.0359     0.073768 -1408.495856          3
MinModeTranslate:   90  16:54:44    -6210.706871       0.7661     -------- -1390.093738          3
MinModeTranslate:   90  16:54:44    -6210.706871       0.7661     0.076720 -1390.093738          3
MinModeTranslate:   91  16:54:44    -6210.718225       1.0066     -------- -1371.139132          3
MinModeTranslate:   91  16:54:44    -6210.718225       1.0066     0.016055 -1371.139132          3
MinModeTranslate:   92  16:54:44    -6210.720729       1.0226     -------- -1390.891199          3
MinModeTranslate:   92  16:54:44    -6210.720729       1.0226     0.064675 -1390.891199          3
MinModeTranslate:   93  16:54:44    -6210.730377       1.2120     -------- -1368.357823          3
MinModeTranslate:   93  16:54:44    -6210.730377       1.2120     0.014282 -1368.357823          3
MinModeTranslate:   94  16:54:44    -6210.729851       0.5962     -------- -1378.109892          3
MinModeTranslate:   94  16:54:44    -6210.729851       0.5962     0.012208 -1378.109892          3
MinModeTranslate:   95  16:54:44    -6210.742277       2.0497     -------- -1403.666139          3
MinModeTranslate:   95  16:54:44    -6210.742277       2.0497     0.009352 -1403.666139          3
MinModeTranslate:   96  16:54:44    -6210.742818       0.6219     -------- -1375.806731          3
MinModeTranslate:   96  16:54:44    -6210.742818       0.6219     0.037690 -1375.806731          3
MinModeTranslate:   97  16:54:44    -6210.759432       0.9195     -------- -1348.726463          3
MinModeTranslate:   97  16:54:44    -6210.759432       0.9195     0.008802 -1348.726463          3
MinModeTranslate:   98  16:54:45    -6210.766059       1.6270     -------- -1371.231560          3
MinModeTranslate:   98  16:54:45    -6210.766059       1.6270     0.020653 -1371.231560          3
MinModeTranslate:   99  16:54:45    -6210.771436       0.5962     -------- -1341.363821          3
MinModeTranslate:   99  16:54:45    -6210.771436       0.5962     0.028261 -1341.363821          3
MinModeTranslate:  100  16:54:45    -6210.781426       1.3646     -------- -1353.720934          3
MinModeTranslate:  100  16:54:45    -6210.781426       1.3646     0.009986 -1353.720934          3
MinModeTranslate:  101  16:54:45    -6210.781463       0.4662     -------- -1333.586648          3
MinModeTranslate:  101  16:54:45    -6210.781463       0.4662     0.018259 -1333.586648          3
MinModeTranslate:  102  16:54:45    -6210.785422       0.5821     -------- -1340.146703          3
MinModeTranslate:  102  16:54:45    -6210.785422       0.5821     0.013185 -1340.146703          3
MinModeTranslate:  103  16:54:45    -6210.789935       1.3427     -------- -1318.707483          3
MinModeTranslate:  103  16:54:45    -6210.789935       1.3427     0.049465 -1318.707483          3
MinModeTranslate:  104  16:54:45    -6210.797332       1.1871     -------- -1335.910001          3
MinModeTranslate:  104  16:54:45    -6210.797332       1.1871     0.036215 -1335.910001          3
MinModeTranslate:  105  16:54:45    -6210.804210       1.5934     -------- -1306.341755          3
MinModeTranslate:  105  16:54:45    -6210.804210       1.5934     0.047779 -1306.341755          3
MinModeTranslate:  106  16:54:45    -6210.816148       1.6778     -------- -1327.095451          3
MinModeTranslate:  106  16:54:45    -6210.816148       1.6778     0.074138 -1327.095451          3
MinModeTranslate:  107  16:54:45    -6210.830762       1.4719     -------- -1274.412930          3
MinModeTranslate:  107  16:54:45    -6210.830762       1.4719     0.047256 -1274.412930          3
MinModeTranslate:  108  16:54:45    -6210.839720       1.3264     -------- -1282.058450          3
MinModeTranslate:  108  16:54:45    -6210.839720       1.3264     0.025525 -1282.058450          3
MinModeTranslate:  109  16:54:45    -6210.848418       1.4304     -------- -1246.192753          3
MinModeTranslate:  109  16:54:45    -6210.848418       1.4304     0.018220 -1246.192753          3
MinModeTranslate:  110  16:54:45    -6210.853271       0.8951     -------- -1249.030504          3
MinModeTranslate:  110  16:54:45    -6210.853271       0.8951     0.015907 -1249.030504          3
MinModeTranslate:  111  16:54:45    -6210.859087       1.1106     -------- -1216.912095          3
MinModeTranslate:  111  16:54:46    -6210.859087       1.1106     0.018665 -1216.912095          3
MinModeTranslate:  112  16:54:46    -6210.863534       0.7975     -------- -1212.449755          3
MinModeTranslate:  112  16:54:46    -6210.863534       0.7975     0.029581 -1212.449755          3
MinModeTranslate:  113  16:54:46    -6210.875307       1.6519     -------- -1176.498173          3
MinModeTranslate:  113  16:54:46    -6210.875307       1.6519     0.026517 -1176.498173          3
MinModeTranslate:  114  16:54:46    -6210.877839       0.8727     -------- -1178.096991          3
MinModeTranslate:  114  16:54:46    -6210.877839       0.8727     0.032367 -1178.096991          3
MinModeTranslate:  115  16:54:46    -6210.895822       1.0600     -------- -1168.583118          3
MinModeTranslate:  115  16:54:46    -6210.895822       1.0600     0.003670 -1168.583118          3
MinModeTranslate:  116  16:54:46    -6210.895991       0.5072     -------- -1177.602592          3
MinModeTranslate:  116  16:54:46    -6210.895991       0.5072     0.007931 -1177.602592          3
MinModeTranslate:  117  16:54:46    -6210.898138       0.3406     -------- -1171.320197          3
MinModeTranslate:  117  16:54:46    -6210.898138       0.3406     0.021928 -1171.320197          3
MinModeTranslate:  118  16:54:46    -6210.905957       1.4030     -------- -1182.964816          3
MinModeTranslate:  118  16:54:46    -6210.905957       1.4030     0.013160 -1182.964816          3
MinModeTranslate:  119  16:54:46    -6210.906499       0.5725     -------- -1170.842917          3
MinModeTranslate:  119  16:54:46    -6210.906499       0.5725     0.027209 -1170.842917          3
MinModeTranslate:  120  16:54:46    -6210.909760       0.3903     -------- -1156.171298          3
MinModeTranslate:  120  16:54:46    -6210.909760       0.3903     0.001323 -1156.171298          3
MinModeTranslate:  121  16:54:46    -6210.910255       0.4280     -------- -1157.245791          2
MinModeTranslate:  121  16:54:46    -6210.910255       0.4280     0.002332 -1157.245791          2
MinModeTranslate:  122  16:54:46    -6210.910527       0.1430     -------- -1148.844210          3
MinModeTranslate:  122  16:54:46    -6210.910527       0.1430     0.007626 -1148.844210          3
MinModeTranslate:  123  16:54:46    -6210.911439       0.3612     -------- -1145.772554          3
MinModeTranslate:  123  16:54:46    -6210.911439       0.3612     0.002601 -1145.772554          3
MinModeTranslate:  124  16:54:46    -6210.911720       0.4037     -------- -1141.733154          3
MinModeTranslate:  124  16:54:46    -6210.911720       0.4037     0.010312 -1141.733154          3
MinModeTranslate:  125  16:54:47    -6210.912598       0.1497     -------- -1146.442284          3
MinModeTranslate:  125  16:54:47    -6210.912598       0.1497     0.001543 -1146.442284          3
MinModeTranslate:  126  16:54:47    -6210.912731       0.2193     -------- -1143.473157          2
MinModeTranslate:  126  16:54:47    -6210.912731       0.2193     0.001793 -1143.473157          2
MinModeTranslate:  127  16:54:47    -6210.912804       0.0908     -------- -1143.555701          2
MinModeTranslate:  127  16:54:47    -6210.912804       0.0908     0.005851 -1143.555701          2
MinModeTranslate:  128  16:54:47    -6210.913303       0.3805     -------- -1135.104821          3
MinModeTranslate:  128  16:54:47    -6210.913303       0.3805     0.007805 -1135.104821          3
MinModeTranslate:  129  16:54:47    -6210.913526       0.2455     -------- -1132.136799          3
MinModeTranslate:  129  16:54:47    -6210.913526       0.2455     0.022377 -1132.136799          3
MinModeTranslate:  130  16:54:47    -6210.914789       0.3690     -------- -1118.795410          3
MinModeTranslate:  130  16:54:47    -6210.914789       0.3690     0.009563 -1118.795410          3
MinModeTranslate:  131  16:54:47    -6210.915088       0.3677     -------- -1118.948272          3
MinModeTranslate:  131  16:54:47    -6210.915088       0.3677     0.020611 -1118.948272          3
MinModeTranslate:  132  16:54:47    -6210.916563       0.3678     -------- -1107.992806          3
MinModeTranslate:  132  16:54:47    -6210.916563       0.3678     0.006171 -1107.992806          3
MinModeTranslate:  133  16:54:47    -6210.916701       0.2319     -------- -1110.169410          3
MinModeTranslate:  133  16:54:47    -6210.916701       0.2319     0.013635 -1110.169410          3
MinModeTranslate:  134  16:54:47    -6210.917318       0.1749     -------- -1106.638863          3
MinModeTranslate:  134  16:54:47    -6210.917318       0.1749     0.010952 -1106.638863          3
MinModeTranslate:  135  16:54:47    -6210.918241       0.5208     -------- -1108.376116          3
MinModeTranslate:  135  16:54:47    -6210.918241       0.5208     0.030448 -1108.376116          3
MinModeTranslate:  136  16:54:47    -6210.919230       0.5416     -------- -1096.449947          3
MinModeTranslate:  136  16:54:47    -6210.919230       0.5416     0.077414 -1096.449947          3
MinModeTranslate:  137  16:54:47    -6210.921699       0.7918     -------- -1084.661216          3
MinModeTranslate:  137  16:54:47    -6210.921699       0.7918     0.034847 -1084.661216          3
MinModeTranslate:  138  16:54:47    -6210.924519       0.5057     -------- -1081.101872          3
MinModeTranslate:  138  16:54:48    -6210.924519       0.5057     0.002169 -1081.101872          3
MinModeTranslate:  139  16:54:48    -6210.924842       0.2886     -------- -1085.814330          3
MinModeTranslate:  139  16:54:48    -6210.924842       0.2886     0.004428 -1085.814330          3
MinModeTranslate:  140  16:54:48    -6210.925451       0.2672     -------- -1084.680180          2
MinModeTranslate:  140  16:54:48    -6210.925451       0.2672     0.013606 -1084.680180          2
MinModeTranslate:  141  16:54:48    -6210.927388       0.3925     -------- -1081.101030          3
MinModeTranslate:  141  16:54:48    -6210.927388       0.3925     0.007227 -1081.101030          3
MinModeTranslate:  142  16:54:48    -6210.929058       0.7564     -------- -1075.294933          3
MinModeTranslate:  142  16:54:48    -6210.929058       0.7564     0.012269 -1075.294933          3
MinModeTranslate:  143  16:54:48    -6210.929825       0.2889     -------- -1082.457114          3
MinModeTranslate:  143  16:54:48    -6210.929825       0.2889     0.021946 -1082.457114          3
MinModeTranslate:  144  16:54:48    -6210.932353       0.2988     -------- -1096.054896          3
MinModeTranslate:  144  16:54:48    -6210.932353       0.2988     0.010051 -1096.054896          3
MinModeTranslate:  145  16:54:48    -6210.933329       0.3124     -------- -1097.802188          3
MinModeTranslate:  145  16:54:48    -6210.933329       0.3124     0.039442 -1097.802188          3
MinModeTranslate:  146  16:54:48    -6210.937685       0.8788     -------- -1105.482325          3
MinModeTranslate:  146  16:54:48    -6210.937685       0.8788     0.013524 -1105.482325          3
MinModeTranslate:  147  16:54:48    -6210.937570       0.6669     -------- -1118.386993          3
MinModeTranslate:  147  16:54:48    -6210.937570       0.6669     0.014741 -1118.386993          3
MinModeTranslate:  148  16:54:48    -6210.940348       0.2477     -------- -1118.269691          3
MinModeTranslate:  148  16:54:48    -6210.940348       0.2477     0.004730 -1118.269691          3
MinModeTranslate:  149  16:54:48    -6210.940939       0.2751     -------- -1112.280948          2
MinModeTranslate:  149  16:54:48    -6210.940939       0.2751     0.001663 -1112.280948          2
MinModeTranslate:  150  16:54:48    -6210.940964       0.1848     -------- -1114.245246          3
MinModeTranslate:  150  16:54:48    -6210.940964       0.1848     0.011407 -1114.245246          3
MinModeTranslate:  151  16:54:48    -6210.941837       0.1598     -------- -1114.345976          3
MinModeTranslate:  151  16:54:48    -6210.941837       0.1598     0.003291 -1114.345976          3
MinModeTranslate:  152  16:54:48    -6210.942264       0.3650     -------- -1113.411244          3
MinModeTranslate:  152  16:54:48    -6210.942264       0.3650     0.005953 -1113.411244          3
MinModeTranslate:  153  16:54:48    -6210.942418       0.0840     -------- -1121.427941          3
MinModeTranslate:  153  16:54:49    -6210.942418       0.0840     0.003424 -1121.427941          3
MinModeTranslate:  154  16:54:49    -6210.942577       0.1152     -------- -1122.011476          3
MinModeTranslate:  154  16:54:49    -6210.942577       0.1152     0.001694 -1122.011476          3
MinModeTranslate:  155  16:54:49    -6210.942655       0.1473     -------- -1124.086458          2
MinModeTranslate:  155  16:54:49    -6210.942655       0.1473     0.011464 -1124.086458          2
MinModeTranslate:  156  16:54:49    -6210.942996       0.1402     -------- -1120.948330          3
MinModeTranslate:  156  16:54:49    -6210.942996       0.1402     0.006611 -1120.948330          3
MinModeTranslate:  157  16:54:49    -6210.943315       0.2992     -------- -1124.475085          2
MinModeTranslate:  157  16:54:49    -6210.943315       0.2992     0.004875 -1124.475085          2
MinModeTranslate:  158  16:54:49    -6210.943359       0.1169     -------- -1122.573695          3
MinModeTranslate:  158  16:54:49    -6210.943359       0.1169     0.005135 -1122.573695          3
MinModeTranslate:  159  16:54:49    -6210.943505       0.0939     -------- -1124.512468          2
MinModeTranslate:  159  16:54:49    -6210.943505       0.0939     0.000868 -1124.512468          2
MinModeTranslate:  160  16:54:49    -6210.943523       0.0664     -------- -1123.321728          2
