MinModeTranslate: STEP      TIME          ENERGY    MAX-FORCE     STEPSIZE    CURVATURE  ROT-STEPS
MinModeTranslate:    0  15:48:27    -9339.596801      10.3167     --------    -9.900900          3
MinModeTranslate:    0  15:48:27    -9339.596801      10.3167     0.100000    -9.900900          3
MinModeTranslate:    1  15:48:27    -9340.724417       7.1307     --------    -7.944948          3
MinModeTranslate:    1  15:48:27    -9340.724417       7.1307     0.100000    -7.944948          3
MinModeTranslate:    2  15:48:28    -9341.577003       4.2596     --------    -8.564662          3
MinModeTranslate:    2  15:48:28    -9341.577003       4.2596     0.100000    -8.564662          3
MinModeTranslate:    3  15:48:28    -9342.045743       3.4761     --------    -4.308611          3
MinModeTranslate:    3  15:48:28    -9342.045743       3.4761     0.100000    -4.308611          3
MinModeTranslate:    4  15:48:28    -9342.488181       3.0384     --------    -2.547998          3
MinModeTranslate:    4  15:48:28    -9342.488181       3.0384     0.100000    -2.547998          3
MinModeTranslate:    5  15:48:28    -9342.899391       2.7449     --------    -2.697214          3
MinModeTranslate:    5  15:48:28    -9342.899391       2.7449     0.100000    -2.697214          3
MinModeTranslate:    6  15:48:28    -9343.244401       2.6204     --------    -3.165768          3
MinModeTranslate:    6  15:48:28    -9343.244401       2.6204     0.100000    -3.165768          3
MinModeTranslate:    7  15:48:28    -9343.499966       2.4206     --------    -3.077692          3
MinModeTranslate:    7  15:48:28    -9343.499966       2.4206     0.100000    -3.077692          3
MinModeTranslate:    8  15:48:28    -9343.671310       2.2673     --------    -2.279593          3
MinModeTranslate:    8  15:48:28    -9343.671310       2.2673     0.100000    -2.279593          3
MinModeTranslate:    9  15:48:28    -9343.788043       3.1147     --------    -2.143877          3
MinModeTranslate:    9  15:48:28    -9343.788043       3.1147     0.100000    -2.143877          3
MinModeTranslate:   10  15:48:28    -9343.909492       1.7533     --------    -1.359854          3
MinModeTranslate:   10  15:48:28    -9343.909492       1.7533     0.100000    -1.359854          3
MinModeTranslate:   11  15:48:28    -9343.965016       1.9129     --------    -0.895627          3
MinModeTranslate:   11  15:48:28    -9343.965016       1.9129     0.100000    -0.895627          3
MinModeTranslate:   12  15:48:29    -9343.967503       2.6368     --------    -0.365577          3
MinModeTranslate:   12  15:48:29    -9343.967503       2.6368     0.100000    -0.365577          3
MinModeTranslate:   13  15:48:29    -9343.979360       1.5168     --------     0.037546          3
MinModeTranslate:   13  15:48:29    -9343.979360       1.5168     0.100000     0.037546          3
MinModeTranslate:   14  15:48:29    -9343.714544       1.3978     --------     2.946439          3
MinModeTranslate:   14  15:48:29    -9343.714544       1.3978     0.100000     2.946439          3
MinModeTranslate:   15  15:48:29    -9343.441312       1.5567     --------     1.592790          3
MinModeTranslate:   15  15:48:29    -9343.441312       1.5567     0.100000     1.592790          3
MinModeTranslate:   16  15:48:29    -9343.152642       1.7007     --------     2.902800          3
MinModeTranslate:   16  15:48:29    -9343.152642       1.7007     0.100000     2.902800          3
MinModeTranslate:   17  15:48:29    -9342.857112       1.5321     --------     4.219377          3
MinModeTranslate:   17  15:48:29    -9342.857112       1.5321     0.100000     4.219377          3
MinModeTranslate:   18  15:48:29    -9342.614110       1.3017     --------     3.639200          3
MinModeTranslate:   18  15:48:29    -9342.614110       1.3017     0.100000     3.639200          3
MinModeTranslate:   19  15:48:29    -9342.406990       1.1790     --------     2.763191          3
MinModeTranslate:   19  15:48:29    -9342.406990       1.1790     0.100000     2.763191          3
MinModeTranslate:   20  15:48:29    -9342.215534       0.9490     --------     1.978598          3
MinModeTranslate:   20  15:48:29    -9342.215534       0.9490     0.100000     1.978598          3
MinModeTranslate:   21  15:48:29    -9342.054432       0.8081     --------     1.331421          3
MinModeTranslate:   21  15:48:29    -9342.054432       0.8081     0.100000     1.331421          3
MinModeTranslate:   22  15:48:29    -9341.910695       0.6139     --------     0.850555          3
MinModeTranslate:   22  15:48:29    -9341.910695       0.6139     0.100000     0.850555          3
MinModeTranslate:   23  15:48:30    -9341.796600       0.5008     --------     0.479865          3
MinModeTranslate:   23  15:48:30    -9341.796600       0.5008     0.100000     0.479865          3
MinModeTranslate:   24  15:48:30    -9341.700032       0.4011     --------     0.238141          3
MinModeTranslate:   24  15:48:30    -9341.700032       0.4011     0.100000     0.238141          3
MinModeTranslate:   25  15:48:30    -9341.621690       3.6946     --------    -0.085611          3
MinModeTranslate:   25  15:48:30    -9341.621690       3.6946     0.100000    -0.085611          3
MinModeTranslate:   26  15:48:30    -9341.614015       3.1086     --------    -0.241945          3
MinModeTranslate:   26  15:48:30    -9341.614015       3.1086     0.100000    -0.241945          3
MinModeTranslate:   27  15:48:30    -9342.063508       2.6898     --------    -0.419331          3
MinModeTranslate:   27  15:48:30    -9342.063508       2.6898     0.100000    -0.419331          3
MinModeTranslate:   28  15:48:30    -9342.429695       2.8296     --------    -0.081154          3
MinModeTranslate:   28  15:48:30    -9342.429695       2.8296     0.100000    -0.081154          3
MinModeTranslate:   29  15:48:30    -9342.847101       2.0492     --------    -0.322973          3
MinModeTranslate:   29  15:48:30    -9342.847101       2.0492     0.100000    -0.322973          3
MinModeTranslate:   30  15:48:30    -9343.233048       2.1679     --------    -0.370650          3
MinModeTranslate:   30  15:48:30    -9343.233048       2.1679     0.100000    -0.370650          3
MinModeTranslate:   31  15:48:31    -9343.587549       2.0404     --------    -0.522387          3
MinModeTranslate:   31  15:48:31    -9343.587549       2.0404     0.100000    -0.522387          3
MinModeTranslate:   32  15:48:31    -9343.874667       2.8321     --------    -0.152564          3
MinModeTranslate:   32  15:48:31    -9343.874667       2.8321     0.100000    -0.152564          3
MinModeTranslate:   33  15:48:31    -9344.210848       1.6062     --------    -0.297007          3
MinModeTranslate:   33  15:48:31    -9344.210848       1.6062     0.100000    -0.297007          3
MinModeTranslate:   34  15:48:31    -9344.436825       3.1242     --------    -0.677938          3
MinModeTranslate:   34  15:48:31    -9344.436825       3.1242     0.100000    -0.677938          3
MinModeTranslate:   35  15:48:31    -9344.713245       1.3715     --------    -0.306139          3
MinModeTranslate:   35  15:48:31    -9344.713245       1.3715     0.100000    -0.306139          3
MinModeTranslate:   36  15:48:31    -9344.899165       1.6016     --------    -0.450326          3
MinModeTranslate:   36  15:48:31    -9344.899165       1.6016     0.100000    -0.450326          3
MinModeTranslate:   37  15:48:31    -9345.100822       1.2720     --------    -0.156501          3
MinModeTranslate:   37  15:48:31    -9345.100822       1.2720     0.088491    -0.156501          3
MinModeTranslate:   38  15:48:31    -9345.201090       2.4980     --------    -0.412258          3
MinModeTranslate:   38  15:48:31    -9345.201090       2.4980     0.100000    -0.412258          3
MinModeTranslate:   39  15:48:31    -9345.302345       2.6397     --------    -0.243255          3
MinModeTranslate:   39  15:48:31    -9345.302345       2.6397     0.071534    -0.243255          3
MinModeTranslate:   40  15:48:31    -9345.409780       0.0098     --------     0.024699          3
MinModeTranslate:   40  15:48:31    -9345.409780       0.0098     0.100000     0.024699          3
MinModeTranslate:   41  15:48:31    -9345.407840       0.0015     --------     0.031747          3
MinModeTranslate:   41  15:48:31    -9345.407840       0.0015     0.100000     0.031747          3
MinModeTranslate:   42  15:48:32    -9345.380856       0.0098     --------     0.159090          3
MinModeTranslate:   42  15:48:32    -9345.380856       0.0098     0.100000     0.159090          3
MinModeTranslate:   43  15:48:32    -9345.099826       0.0034     --------     0.337534          3
MinModeTranslate:   43  15:48:32    -9345.099826       0.0034     0.100000     0.337534          3
MinModeTranslate:   44  15:48:32    -9345.097436       0.0099     --------     0.277938          3
MinModeTranslate:   44  15:48:32    -9345.097436       0.0099     0.100000     0.277938          3
MinModeTranslate:   45  15:48:32    -9345.092436       0.0006     --------     0.233548          3
MinModeTranslate:   45  15:48:32    -9345.092436       0.0006     0.100000     0.233548          3
MinModeTranslate:   46  15:48:32    -9345.091132       0.0011     --------     0.191614          3
MinModeTranslate:   46  15:48:32    -9345.091132       0.0011     0.100000     0.191614          3
MinModeTranslate:   47  15:48:32    -9345.088854       0.0063     --------     0.158909          3
MinModeTranslate:   47  15:48:32    -9345.088854       0.0063     0.100000     0.158909          3
MinModeTranslate:   48  15:48:32    -9345.083936       0.0050     --------     0.130413          3
MinModeTranslate:   48  15:48:32    -9345.083936       0.0050     0.100000     0.130413          3
MinModeTranslate:   49  15:48:32    -9345.082134       0.0079     --------     0.099767          3
MinModeTranslate:   49  15:48:32    -9345.082134       0.0079     0.100000     0.099767          3
MinModeTranslate:   50  15:48:32    -9345.079529       0.0019     --------     0.075653          3
MinModeTranslate:   50  15:48:32    -9345.079529       0.0019     0.100000     0.075653          3
MinModeTranslate:   51  15:48:32    -9345.078687       0.0030     --------     0.058056          3
MinModeTranslate:   51  15:48:32    -9345.078687       0.0030     0.100000     0.058056          3
MinModeTranslate:   52  15:48:32    -9345.077477       0.0018     --------     0.043190          3
MinModeTranslate:   52  15:48:32    -9345.077477       0.0018     0.100000     0.043190          3
MinModeTranslate:   53  15:48:32    -9345.074141       0.0009     --------     0.033653          3
MinModeTranslate:   53  15:48:32    -9345.074141       0.0009     0.100000     0.033653          3
MinModeTranslate:   54  15:48:33    -9345.073765       0.0010     --------     0.019990          3
MinModeTranslate:   54  15:48:33    -9345.073765       0.0010     0.100000     0.019990          3
MinModeTranslate:   55  15:48:33    -9345.073352       0.0032     --------     0.009976          3
MinModeTranslate:   55  15:48:33    -9345.073352       0.0032     0.100000     0.009976          3
MinModeTranslate:   56  15:48:33    -9345.072371       0.0031     --------     0.001166          3
MinModeTranslate:   56  15:48:33    -9345.072371       0.0031     0.100000     0.001166          3
MinModeTranslate:   57  15:48:33    -9345.071596       5.8358     --------    -0.005303          3
MinModeTranslate:   57  15:48:33    -9345.071596       5.8358     0.100000    -0.005303          3
MinModeTranslate:   58  15:48:33    -9345.071576       5.8304     --------    -0.009780          3
MinModeTranslate:   58  15:48:33    -9345.071576       5.8304     0.095987    -0.009780          3
MinModeTranslate:   59  15:48:33    -9345.321261       4.1233     --------    -0.084931          3
MinModeTranslate:   59  15:48:33    -9345.321261       4.1233     0.015916    -0.084931          3
MinModeTranslate:   60  15:48:33    -9345.330796       3.0676     --------    -0.073219          3
MinModeTranslate:   60  15:48:33    -9345.330796       3.0676     0.029581    -0.073219          3
MinModeTranslate:   61  15:48:33    -9345.394364       1.2755     --------    -0.047053          3
MinModeTranslate:   61  15:48:33    -9345.394364       1.2755     0.081061    -0.047053          3
MinModeTranslate:   62  15:48:33    -9345.465173       0.7670     --------    -0.084892          3
MinModeTranslate:   62  15:48:33    -9345.465173       0.7670     0.056960    -0.084892          3
MinModeTranslate:   63  15:48:33    -9345.491550       1.1161     --------    -0.077605          3
MinModeTranslate:   63  15:48:33    -9345.491550       1.1161     0.100000    -0.077605          3
MinModeTranslate:   64  15:48:34    -9345.554728       0.7285     --------    -0.068712          3
MinModeTranslate:   64  15:48:34    -9345.554728       0.7285     0.055259    -0.068712          3
MinModeTranslate:   65  15:48:34    -9345.583780       0.9212     --------    -0.051210          3
MinModeTranslate:   65  15:48:34    -9345.583780       0.9212     0.064046    -0.051210          3
MinModeTranslate:   66  15:48:34    -9345.607115       1.0697     --------    -0.048631          3
MinModeTranslate:   66  15:48:34    -9345.607115       1.0697     0.073652    -0.048631          3
MinModeTranslate:   67  15:48:34    -9345.633441       0.6746     --------    -0.027486          3
MinModeTranslate:   67  15:48:34    -9345.633441       0.6746     0.096678    -0.027486          3
MinModeTranslate:   68  15:48:34    -9345.659370       0.7007     --------    -0.043976          3
MinModeTranslate:   68  15:48:34    -9345.659370       0.7007     0.054579    -0.043976          3
MinModeTranslate:   69  15:48:34    -9345.673065       0.6804     --------    -0.039460          3
MinModeTranslate:   69  15:48:34    -9345.673065       0.6804     0.071832    -0.039460          3
MinModeTranslate:   70  15:48:34    -9345.689130       0.8930     --------    -0.040912          3
MinModeTranslate:   70  15:48:34    -9345.689130       0.8930     0.076743    -0.040912          3
MinModeTranslate:   71  15:48:34    -9345.707134       0.3464     --------    -0.023368          3
MinModeTranslate:   71  15:48:34    -9345.707134       0.3464     0.028138    -0.023368          3
MinModeTranslate:   72  15:48:34    -9345.711882       0.5517     --------    -0.028293          3
MinModeTranslate:   72  15:48:34    -9345.711882       0.5517     0.052140    -0.028293          3
MinModeTranslate:   73  15:48:34    -9345.719925       0.4005     --------    -0.021723          2
MinModeTranslate:   73  15:48:34    -9345.719925       0.4005     0.042623    -0.021723          2
MinModeTranslate:   74  15:48:34    -9345.726059       0.2727     --------    -0.019336          2
MinModeTranslate:   74  15:48:34    -9345.726059       0.2727     0.100000    -0.019336          2
MinModeTranslate:   75  15:48:35    -9345.739315       0.5988     --------    -0.002264          3
MinModeTranslate:   75  15:48:35    -9345.739315       0.5988     0.085784    -0.002264          3
MinModeTranslate:   76  15:48:35    -9345.750679       0.4579     --------    -0.002378          3
MinModeTranslate:   76  15:48:35    -9345.750679       0.4579     0.062922    -0.002378          3
MinModeTranslate:   77  15:48:35    -9345.757964       0.0008     --------     0.004004          3
MinModeTranslate:   77  15:48:35    -9345.757964       0.0008     0.100000     0.004004          3
MinModeTranslate:   78  15:48:35    -9345.757736       0.0009     --------     0.004856          2
MinModeTranslate:   78  15:48:35    -9345.757736       0.0009     0.100000     0.004856          2
MinModeTranslate:   79  15:48:35    -9345.757487       0.0008     --------     0.006086          3
MinModeTranslate:   79  15:48:35    -9345.757487       0.0008     0.100000     0.006086          3
MinModeTranslate:   80  15:48:35    -9345.757260       0.0007     --------     0.007064          3
MinModeTranslate:   80  15:48:35    -9345.757260       0.0007     0.100000     0.007064          3
MinModeTranslate:   81  15:48:35    -9345.757047       0.0007     --------     0.007890          3
MinModeTranslate:   81  15:48:35    -9345.757047       0.0007     0.100000     0.007890          3
MinModeTranslate:   82  15:48:35    -9345.756824       0.0008     --------     0.008777          3
MinModeTranslate:   82  15:48:35    -9345.756824       0.0008     0.100000     0.008777          3
MinModeTranslate:   83  15:48:35    -9345.756564       0.0009     --------     0.009704          3
MinModeTranslate:   83  15:48:35    -9345.756564       0.0009     0.100000     0.009704          3
MinModeTranslate:   84  15:48:35    -9345.756295       0.0010     --------     0.010433          3
MinModeTranslate:   84  15:48:35    -9345.756295       0.0010     0.100000     0.010433          3
MinModeTranslate:   85  15:48:35    -9345.755967       0.0010     --------     0.011062          3
MinModeTranslate:   85  15:48:35    -9345.755967       0.0010     0.100000     0.011062          3
MinModeTranslate:   86  15:48:36    -9345.755661       0.0012     --------     0.011391          3
MinModeTranslate:   86  15:48:36    -9345.755661       0.0012     0.100000     0.011391          3
MinModeTranslate:   87  15:48:36    -9345.755291       0.0012     --------     0.011682          3
MinModeTranslate:   87  15:48:36    -9345.755291       0.0012     0.100000     0.011682          3
MinModeTranslate:   88  15:48:36    -9345.754951       0.0013     --------     0.011700          3
MinModeTranslate:   88  15:48:36    -9345.754951       0.0013     0.100000     0.011700          3
MinModeTranslate:   89  15:48:36    -9345.754557       0.0012     --------     0.011859          3
MinModeTranslate:   89  15:48:36    -9345.754557       0.0012     0.100000     0.011859          3
MinModeTranslate:   90  15:48:36    -9345.754207       0.0013     --------     0.011969          3
MinModeTranslate:   90  15:48:36    -9345.754207       0.0013     0.100000     0.011969          3
MinModeTranslate:   91  15:48:36    -9345.753824       0.0011     --------     0.012337          3
MinModeTranslate:   91  15:48:36    -9345.753824       0.0011     0.100000     0.012337          3
MinModeTranslate:   92  15:48:36    -9345.753481       0.0011     --------     0.012762          3
MinModeTranslate:   92  15:48:36    -9345.753481       0.0011     0.100000     0.012762          3
MinModeTranslate:   93  15:48:36    -9345.753134       0.0010     --------     0.013398          3
MinModeTranslate:   93  15:48:36    -9345.753134       0.0010     0.100000     0.013398          3
MinModeTranslate:   94  15:48:36    -9345.752812       0.0010     --------     0.013874          3
MinModeTranslate:   94  15:48:36    -9345.752812       0.0010     0.100000     0.013874          3
MinModeTranslate:   95  15:48:36    -9345.752505       0.0008     --------     0.014209          3
MinModeTranslate:   95  15:48:36    -9345.752505       0.0008     0.100000     0.014209          3
MinModeTranslate:   96  15:48:36    -9345.752236       0.0008     --------     0.013667          3
MinModeTranslate:   96  15:48:36    -9345.752236       0.0008     0.100000     0.013667          3
MinModeTranslate:   97  15:48:36    -9345.751967       0.0005     --------     0.012721          3
MinModeTranslate:   97  15:48:36    -9345.751967       0.0005     0.100000     0.012721          3
MinModeTranslate:   98  15:48:37    -9345.751779       0.0004     --------     0.010908          3
MinModeTranslate:   98  15:48:37    -9345.751779       0.0004     0.100000     0.010908          3
MinModeTranslate:   99  15:48:37    -9345.751630       0.0001     --------     0.008068          3
MinModeTranslate:   99  15:48:37    -9345.751630       0.0001     0.100000     0.008068          3
MinModeTranslate:  100  15:48:37    -9345.750076       0.0003     --------     0.007853          3
MinModeTranslate:  100  15:48:37    -9345.750076       0.0003     0.100000     0.007853          3
MinModeTranslate:  101  15:48:37    -9345.747864       0.0006     --------     0.013664          3
MinModeTranslate:  101  15:48:37    -9345.747864       0.0006     0.100000     0.013664          3
MinModeTranslate:  102  15:48:37    -9345.746760       0.0005     --------     0.017784          3
MinModeTranslate:  102  15:48:37    -9345.746760       0.0005     0.100000     0.017784          3
MinModeTranslate:  103  15:48:37    -9345.746534       0.0009     --------     0.020172          3
MinModeTranslate:  103  15:48:37    -9345.746534       0.0009     0.100000     0.020172          3
MinModeTranslate:  104  15:48:37    -9345.746149       0.0008     --------     0.022086          3
MinModeTranslate:  104  15:48:37    -9345.746149       0.0008     0.100000     0.022086          3
MinModeTranslate:  105  15:48:37    -9345.745842       0.0011     --------     0.023694          3
MinModeTranslate:  105  15:48:37    -9345.745842       0.0011     0.100000     0.023694          3
MinModeTranslate:  106  15:48:37    -9345.745404       0.0009     --------     0.024683          3
MinModeTranslate:  106  15:48:37    -9345.745404       0.0009     0.100000     0.024683          3
MinModeTranslate:  107  15:48:37    -9345.745052       0.0012     --------     0.025277          3
MinModeTranslate:  107  15:48:37    -9345.745052       0.0012     0.100000     0.025277          3
MinModeTranslate:  108  15:48:37    -9345.744591       0.0010     --------     0.026218          3
MinModeTranslate:  108  15:48:37    -9345.744591       0.0010     0.100000     0.026218          3
MinModeTranslate:  109  15:48:37    -9345.744208       0.0013     --------     0.027216          3
MinModeTranslate:  109  15:48:37    -9345.744208       0.0013     0.100000     0.027216          3
MinModeTranslate:  110  15:48:38    -9345.743705       0.0011     --------     0.028710          3
MinModeTranslate:  110  15:48:38    -9345.743705       0.0011     0.100000     0.028710          3
MinModeTranslate:  111  15:48:38    -9345.743284       0.0015     --------     0.030244          3
MinModeTranslate:  111  15:48:38    -9345.743284       0.0015     0.100000     0.030244          3
MinModeTranslate:  112  15:48:38    -9345.742699       0.0014     --------     0.032026          3
MinModeTranslate:  112  15:48:38    -9345.742699       0.0014     0.100000     0.032026          3
MinModeTranslate:  113  15:48:38    -9345.742202       0.0019     --------     0.033542          3
MinModeTranslate:  113  15:48:38    -9345.742202       0.0019     0.100000     0.033542          3
MinModeTranslate:  114  15:48:38    -9345.741517       0.0018     --------     0.034900          3
MinModeTranslate:  114  15:48:38    -9345.741517       0.0018     0.100000     0.034900          3
MinModeTranslate:  115  15:48:38    -9345.740897       0.0024     --------     0.035771          3
MinModeTranslate:  115  15:48:38    -9345.740897       0.0024     0.100000     0.035771          3
MinModeTranslate:  116  15:48:38    -9345.740084       0.0023     --------     0.036313          3
MinModeTranslate:  116  15:48:38    -9345.740084       0.0023     0.100000     0.036313          3
MinModeTranslate:  117  15:48:38    -9345.739340       0.0028     --------     0.036230          3
MinModeTranslate:  117  15:48:38    -9345.739340       0.0028     0.100000     0.036230          3
MinModeTranslate:  118  15:48:38    -9345.738435       0.0027     --------     0.035835          3
MinModeTranslate:  118  15:48:38    -9345.738435       0.0027     0.100000     0.035835          3
MinModeTranslate:  119  15:48:38    -9345.737595       0.0031     --------     0.035068          3
MinModeTranslate:  119  15:48:38    -9345.737595       0.0031     0.100000     0.035068          3
MinModeTranslate:  120  15:48:38    -9345.736645       0.0030     --------     0.034147          3
MinModeTranslate:  120  15:48:38    -9345.736645       0.0030     0.100000     0.034147          3
MinModeTranslate:  121  15:48:38    -9345.735753       0.0032     --------     0.033000          3
MinModeTranslate:  121  15:48:38    -9345.735753       0.0032     0.100000     0.033000          3
MinModeTranslate:  122  15:48:38    -9345.734789       0.0030     --------     0.031991          3
MinModeTranslate:  122  15:48:38    -9345.734789       0.0030     0.100000     0.031991          3
MinModeTranslate:  123  15:48:39    -9345.733913       0.0032     --------     0.030941          3
MinModeTranslate:  123  15:48:39    -9345.733913       0.0032     0.100000     0.030941          3
MinModeTranslate:  124  15:48:39    -9345.732985       0.0029     --------     0.030155          3
MinModeTranslate:  124  15:48:39    -9345.732985       0.0029     0.100000     0.030155          3
MinModeTranslate:  125  15:48:39    -9345.732148       0.0029     --------     0.029475          3
MinModeTranslate:  125  15:48:39    -9345.732148       0.0029     0.100000     0.029475          3
MinModeTranslate:  126  15:48:39    -9345.731294       0.0026     --------     0.029099          3
MinModeTranslate:  126  15:48:39    -9345.731294       0.0026     0.100000     0.029099          3
MinModeTranslate:  127  15:48:39    -9345.730518       0.0027     --------     0.028885          3
MinModeTranslate:  127  15:48:39    -9345.730518       0.0027     0.100000     0.028885          3
MinModeTranslate:  128  15:48:39    -9345.729722       0.0023     --------     0.029019          3
MinModeTranslate:  128  15:48:39    -9345.729722       0.0023     0.100000     0.029019          3
MinModeTranslate:  129  15:48:39    -9345.729018       0.0024     --------     0.029077          3
MinModeTranslate:  129  15:48:39    -9345.729018       0.0024     0.100000     0.029077          3
MinModeTranslate:  130  15:48:39    -9345.728277       0.0022     --------     0.029416          3
MinModeTranslate:  130  15:48:39    -9345.728277       0.0022     0.100000     0.029416          3
MinModeTranslate:  131  15:48:39    -9345.727616       0.0023     --------     0.029761          3
MinModeTranslate:  131  15:48:39    -9345.727616       0.0023     0.100000     0.029761          3
MinModeTranslate:  132  15:48:39    -9345.726895       0.0021     --------     0.030104          3
MinModeTranslate:  132  15:48:39    -9345.726895       0.0021     0.100000     0.030104          3
MinModeTranslate:  133  15:48:39    -9345.726236       0.0023     --------     0.030597          3
MinModeTranslate:  133  15:48:39    -9345.726236       0.0023     0.100000     0.030597          3
MinModeTranslate:  134  15:48:39    -9345.725490       0.0022     --------     0.031217          3
MinModeTranslate:  134  15:48:39    -9345.725490       0.0022     0.100000     0.031217          3
MinModeTranslate:  135  15:48:40    -9345.724801       0.0026     --------     0.032115          3
MinModeTranslate:  135  15:48:40    -9345.724801       0.0026     0.100000     0.032115          3
MinModeTranslate:  136  15:48:40    -9345.723979       0.0025     --------     0.033222          3
MinModeTranslate:  136  15:48:40    -9345.723979       0.0025     0.100000     0.033222          3
MinModeTranslate:  137  15:48:40    -9345.723202       0.0031     --------     0.034627          3
MinModeTranslate:  137  15:48:40    -9345.723202       0.0031     0.100000     0.034627          3
MinModeTranslate:  138  15:48:40    -9345.722250       0.0031     --------     0.036066          3
MinModeTranslate:  138  15:48:40    -9345.722250       0.0031     0.100000     0.036066          3
MinModeTranslate:  139  15:48:40    -9345.721326       0.0038     --------     0.037268          3
MinModeTranslate:  139  15:48:40    -9345.721326       0.0038     0.100000     0.037268          3
MinModeTranslate:  140  15:48:40    -9345.720193       0.0039     --------     0.037804          3
MinModeTranslate:  140  15:48:40    -9345.720193       0.0039     0.100000     0.037804          3
MinModeTranslate:  141  15:48:40    -9345.719057       0.0046     --------     0.037515          3
MinModeTranslate:  141  15:48:40    -9345.719057       0.0046     0.100000     0.037515          3
MinModeTranslate:  142  15:48:40    -9345.717726       0.0047     --------     0.036193          3
MinModeTranslate:  142  15:48:40    -9345.717726       0.0047     0.100000     0.036193          3
MinModeTranslate:  143  15:48:40    -9345.716413       0.0054     --------     0.033702          3
MinModeTranslate:  143  15:48:40    -9345.716413       0.0054     0.100000     0.033702          3
MinModeTranslate:  144  15:48:40    -9345.714934       0.0053     --------     0.030096          3
MinModeTranslate:  144  15:48:40    -9345.714934       0.0053     0.100000     0.030096          3
MinModeTranslate:  145  15:48:40    -9345.713518       0.0056     --------     0.025872          3
MinModeTranslate:  145  15:48:40    -9345.713518       0.0056     0.100000     0.025872          3
MinModeTranslate:  146  15:48:40    -9345.712034       0.0053     --------     0.021686          3
MinModeTranslate:  146  15:48:40    -9345.712034       0.0053     0.100000     0.021686          3
MinModeTranslate:  147  15:48:40    -9345.710668       0.0052     --------     0.018297          3
MinModeTranslate:  147  15:48:40    -9345.710668       0.0052     0.100000     0.018297          3
MinModeTranslate:  148  15:48:41    -9345.709325       0.0046     --------     0.016721          3
MinModeTranslate:  148  15:48:41    -9345.709325       0.0046     0.100000     0.016721          3
MinModeTranslate:  149  15:48:41    -9345.708143       0.0042     --------     0.017264          3
MinModeTranslate:  149  15:48:41    -9345.708143       0.0042     0.100000     0.017264          3
MinModeTranslate:  150  15:48:41    -9345.707039       0.0037     --------     0.020411          3
MinModeTranslate:  150  15:48:41    -9345.707039       0.0037     0.100000     0.020411          3
MinModeTranslate:  151  15:48:41    -9345.706033       0.0034     --------     0.025336          3
MinModeTranslate:  151  15:48:41    -9345.706033       0.0034     0.100000     0.025336          3
MinModeTranslate:  152  15:48:41    -9345.705071       0.0033     --------     0.031554          3
MinModeTranslate:  152  15:48:41    -9345.705071       0.0033     0.100000     0.031554          3
MinModeTranslate:  153  15:48:41    -9345.704107       0.0034     --------     0.036397          3
MinModeTranslate:  153  15:48:41    -9345.704107       0.0034     0.100000     0.036397          3
MinModeTranslate:  154  15:48:41    -9345.703092       0.0038     --------     0.038753          3
MinModeTranslate:  154  15:48:41    -9345.703092       0.0038     0.100000     0.038753          3
MinModeTranslate:  155  15:48:41    -9345.701963       0.0042     --------     0.038393          3
MinModeTranslate:  155  15:48:41    -9345.701963       0.0042     0.100000     0.038393          3
MinModeTranslate:  156  15:48:41    -9345.700755       0.0046     --------     0.036976          3
MinModeTranslate:  156  15:48:41    -9345.700755       0.0046     0.100000     0.036976          3
MinModeTranslate:  157  15:48:41    -9345.699453       0.0051     --------     0.035940          3
MinModeTranslate:  157  15:48:41    -9345.699453       0.0051     0.100000     0.035940          3
MinModeTranslate:  158  15:48:41    -9345.698034       0.0055     --------     0.036873          3
MinModeTranslate:  158  15:48:41    -9345.698034       0.0055     0.100000     0.036873          3
MinModeTranslate:  159  15:48:41    -9345.696505       0.0063     --------     0.039124          3
MinModeTranslate:  159  15:48:41    -9345.696505       0.0063     0.100000     0.039124          3
MinModeTranslate:  160  15:48:42    -9345.694780       0.0070     --------     0.041797          3
