MinModeTranslate: STEP      TIME          ENERGY    MAX-FORCE     STEPSIZE    CURVATURE  ROT-STEPS
MinModeTranslate:    0  16:54:15    -6208.675519      48.2239     --------  -697.553149          3
MinModeTranslate:    0  16:54:15    -6208.675519      48.2239     0.099093  -697.553149          3
MinModeTranslate:    1  16:54:15    -6206.748264      33.3336     -------- -1516.498386          3
MinModeTranslate:    1  16:54:15    -6206.748264      33.3336     0.036596 -1516.498386          3
MinModeTranslate:    2  16:54:15    -6206.009296       5.2676     -------- -1667.396351          3
MinModeTranslate:    2  16:54:15    -6206.009296       5.2676     0.009342 -1667.396351          3
MinModeTranslate:    3  16:54:15    -6206.044222       5.0673     -------- -1822.369124          3
MinModeTranslate:    3  16:54:15    -6206.044222       5.0673     0.100000 -1822.369124          3
MinModeTranslate:    4  16:54:15    -6206.531267       6.6614     -------- -1834.958429          3
MinModeTranslate:    4  16:54:15    -6206.531267       6.6614     0.012689 -1834.958429          3
MinModeTranslate:    5  16:54:15    -6206.566073       4.5757     -------- -1802.554265          3
MinModeTranslate:    5  16:54:15    -6206.566073       4.5757     0.100000 -1802.554265          3
MinModeTranslate:    6  16:54:15    -6207.053416      11.1212     -------- -1745.226438          3
MinModeTranslate:    6  16:54:15    -6207.053416      11.1212     0.034100 -1745.226438          3
MinModeTranslate:    7  16:54:15    -6207.095781       4.5145     -------- -1355.673051          3
MinModeTranslate:    7  16:54:15    -6207.095781       4.5145     0.100000 -1355.673051          3
MinModeTranslate:    8  16:54:15    -6207.561245       6.6664     -------- -1069.404182          3
MinModeTranslate:    8  16:54:15    -6207.561245       6.6664     0.072714 -1069.404182          3
MinModeTranslate:    9  16:54:15    -6208.204910      16.4875     -------- -1342.568588          3
MinModeTranslate:    9  16:54:15    -6208.204910      16.4875     0.100000 -1342.568588          3
MinModeTranslate:   10  16:54:15    -6208.943441      21.3289     -------- -1226.499192          3
MinModeTranslate:   10  16:54:16    -6208.943441      21.3289     0.054871 -1226.499192          3
MinModeTranslate:   11  16:54:16    -6208.864074       5.8802     -------- -1155.762621          3
MinModeTranslate:   11  16:54:16    -6208.864074       5.8802     0.100000 -1155.762621          3
MinModeTranslate:   12  16:54:16    -6209.299016       4.5528     -------- -1272.924173          3
MinModeTranslate:   12  16:54:16    -6209.299016       4.5528     0.009596 -1272.924173          3
MinModeTranslate:   13  16:54:16    -6209.320381       2.8163     -------- -1130.580573          3
MinModeTranslate:   13  16:54:16    -6209.320381       2.8163     0.100000 -1130.580573          3
MinModeTranslate:   14  16:54:16    -6209.607911       2.4604     -------- -1170.822274          3
MinModeTranslate:   14  16:54:16    -6209.607911       2.4604     0.031452 -1170.822274          3
MinModeTranslate:   15  16:54:16    -6209.731224       6.6122     -------- -1154.348967          3
MinModeTranslate:   15  16:54:16    -6209.731224       6.6122     0.100000 -1154.348967          3
MinModeTranslate:   16  16:54:16    -6210.463419      18.6572     -------- -1134.178204          3
MinModeTranslate:   16  16:54:16    -6210.463419      18.6572     0.100000 -1134.178204          3
MinModeTranslate:   17  16:54:16    -6211.653562      27.2404     --------  -316.476116          3
MinModeTranslate:   17  16:54:16    -6211.653562      27.2404     0.100000  -316.476116          3
MinModeTranslate:   18  16:54:16    -6213.342817      19.0498     --------    -1.837179          3
MinModeTranslate:   18  16:54:16    -6213.342817      19.0498     0.100000    -1.837179          3
MinModeTranslate:   19  16:54:16    -6215.353822       0.0286     --------     7.574492          3
MinModeTranslate:   19  16:54:16    -6215.353822       0.0286     0.100000     7.574492          3
MinModeTranslate:   20  16:54:16    -6215.300825       9.9116     --------   -17.149830          3
MinModeTranslate:   20  16:54:16    -6215.300825       9.9116     0.100000   -17.149830          3
MinModeTranslate:   21  16:54:16    -6215.127081      10.6769     --------   -18.989281          3
MinModeTranslate:   21  16:54:16    -6215.127081      10.6769     0.100000   -18.989281          3
MinModeTranslate:   22  16:54:16    -6215.305442       9.9368     --------   -13.608660          3
MinModeTranslate:   22  16:54:16    -6215.305442       9.9368     0.100000   -13.608660          3
MinModeTranslate:   23  16:54:16    -6216.080345       6.5003     --------  -350.965691          3
MinModeTranslate:   23  16:54:16    -6216.080345       6.5003     0.100000  -350.965691          3
MinModeTranslate:   24  16:54:16    -6216.636828       3.8895     --------   -91.296306          3
MinModeTranslate:   24  16:54:16    -6216.636828       3.8895     0.100000   -91.296306          3
MinModeTranslate:   25  16:54:16    -6216.973746       4.1863     --------   -59.458658          3
MinModeTranslate:   25  16:54:17    -6216.973746       4.1863     0.100000   -59.458658          3
MinModeTranslate:   26  16:54:17    -6217.375148      10.2097     --------   -91.044396          3
MinModeTranslate:   26  16:54:17    -6217.375148      10.2097     0.100000   -91.044396          3
MinModeTranslate:   27  16:54:17    -6217.935057       5.9830     --------   -42.113688          3
MinModeTranslate:   27  16:54:17    -6217.935057       5.9830     0.034539   -42.113688          3
MinModeTranslate:   28  16:54:17    -6218.042140       5.6009     --------   -25.742276          3
MinModeTranslate:   28  16:54:17    -6218.042140       5.6009     0.089488   -25.742276          3
MinModeTranslate:   29  16:54:17    -6218.173442       7.0947     --------   -22.922663          3
MinModeTranslate:   29  16:54:17    -6218.173442       7.0947     0.058649   -22.922663          3
MinModeTranslate:   30  16:54:17    -6218.343871       6.0190     --------   -15.713610          3
MinModeTranslate:   30  16:54:17    -6218.343871       6.0190     0.048660   -15.713610          3
MinModeTranslate:   31  16:54:17    -6218.466779       2.0163     --------   -10.857819          3
MinModeTranslate:   31  16:54:17    -6218.466779       2.0163     0.094876   -10.857819          3
MinModeTranslate:   32  16:54:17    -6218.496809       0.6030     --------    16.697383          3
MinModeTranslate:   32  16:54:17    -6218.496809       0.6030     0.100000    16.697383          3
MinModeTranslate:   33  16:54:17    -6218.314616       1.6074     --------    13.667493          3
MinModeTranslate:   33  16:54:17    -6218.314616       1.6074     0.100000    13.667493          3
MinModeTranslate:   34  16:54:17    -6217.916998       2.5417     --------    13.530345          3
MinModeTranslate:   34  16:54:17    -6217.916998       2.5417     0.100000    13.530345          3
MinModeTranslate:   35  16:54:17    -6217.351617       3.9753     --------   -18.586428          3
MinModeTranslate:   35  16:54:17    -6217.351617       3.9753     0.100000   -18.586428          3
MinModeTranslate:   36  16:54:17    -6216.897113       5.9534     --------   -32.306168          3
MinModeTranslate:   36  16:54:17    -6216.897113       5.9534     0.100000   -32.306168          3
MinModeTranslate:   37  16:54:17    -6216.850229       2.9668     --------   -11.171813          3
MinModeTranslate:   37  16:54:17    -6216.850229       2.9668     0.062174   -11.171813          3
MinModeTranslate:   38  16:54:17    -6216.889259       0.9380     --------     1.846003          3
MinModeTranslate:   38  16:54:17    -6216.889259       0.9380     0.100000     1.846003          3
MinModeTranslate:   39  16:54:17    -6216.751333       7.5198     --------    -1.858579          3
MinModeTranslate:   39  16:54:17    -6216.751333       7.5198     0.100000    -1.858579          3
MinModeTranslate:   40  16:54:18    -6216.667729       1.4418     --------     0.095324          3
MinModeTranslate:   40  16:54:18    -6216.667729       1.4418     0.100000     0.095324          3
MinModeTranslate:   41  16:54:18    -6216.478335       1.5195     --------     2.149728          3
MinModeTranslate:   41  16:54:18    -6216.478335       1.5195     0.100000     2.149728          3
MinModeTranslate:   42  16:54:18    -6216.277517       2.2036     --------    -5.146766          3
MinModeTranslate:   42  16:54:18    -6216.277517       2.2036     0.100000    -5.146766          3
MinModeTranslate:   43  16:54:18    -6216.230769       2.0390     --------    -3.145017          3
MinModeTranslate:   43  16:54:18    -6216.230769       2.0390     0.082954    -3.145017          3
MinModeTranslate:   44  16:54:18    -6216.276249       6.5320     --------    -9.518314          3
MinModeTranslate:   44  16:54:18    -6216.276249       6.5320     0.100000    -9.518314          3
MinModeTranslate:   45  16:54:18    -6216.454566       5.0148     --------    -0.136538          3
MinModeTranslate:   45  16:54:18    -6216.454566       5.0148     0.023802    -0.136538          3
MinModeTranslate:   46  16:54:18    -6216.523267       0.4544     --------     2.624329          3
MinModeTranslate:   46  16:54:18    -6216.523267       0.4544     0.100000     2.624329          3
MinModeTranslate:   47  16:54:18    -6216.443922       0.9042     --------     6.827934          3
MinModeTranslate:   47  16:54:18    -6216.443922       0.9042     0.100000     6.827934          3
MinModeTranslate:   48  16:54:18    -6216.299719       1.5426     --------     3.873416          3
MinModeTranslate:   48  16:54:18    -6216.299719       1.5426     0.100000     3.873416          3
MinModeTranslate:   49  16:54:18    -6216.107961       3.6626     --------    -2.300462          3
MinModeTranslate:   49  16:54:18    -6216.107961       3.6626     0.100000    -2.300462          3
MinModeTranslate:   50  16:54:18    -6215.970527       1.8909     --------    -6.470717          3
MinModeTranslate:   50  16:54:18    -6215.970527       1.8909     0.100000    -6.470717          3
MinModeTranslate:   51  16:54:18    -6216.048911       2.6815     --------    -2.461504          3
MinModeTranslate:   51  16:54:18    -6216.048911       2.6815     0.100000    -2.461504          3
MinModeTranslate:   52  16:54:18    -6216.208354       1.0555     --------     3.178512          3
MinModeTranslate:   52  16:54:18    -6216.208354       1.0555     0.100000     3.178512          3
MinModeTranslate:   53  16:54:18    -6216.073997       1.4141     --------     2.312832          3
MinModeTranslate:   53  16:54:18    -6216.073997       1.4141     0.100000     2.312832          3
MinModeTranslate:   54  16:54:18    -6215.904523       3.4445     --------    -7.296696          3
MinModeTranslate:   54  16:54:18    -6215.904523       3.4445     0.100000    -7.296696          3
MinModeTranslate:   55  16:54:19    -6215.799174       4.7256     --------    -4.956179          3
MinModeTranslate:   55  16:54:19    -6215.799174       4.7256     0.100000    -4.956179          3
MinModeTranslate:   56  16:54:19    -6215.705623       6.7719     --------    -0.475518          3
MinModeTranslate:   56  16:54:19    -6215.705623       6.7719     0.100000    -0.475518          3
MinModeTranslate:   57  16:54:19    -6215.730200       2.2349     --------    -3.251701          3
MinModeTranslate:   57  16:54:19    -6215.730200       2.2349     0.100000    -3.251701          3
MinModeTranslate:   58  16:54:19    -6215.719566       1.5808     --------    -3.363162          3
MinModeTranslate:   58  16:54:19    -6215.719566       1.5808     0.021304    -3.363162          3
MinModeTranslate:   59  16:54:19    -6215.725908       2.9410     --------    -1.540694          3
MinModeTranslate:   59  16:54:19    -6215.725908       2.9410     0.048420    -1.540694          3
MinModeTranslate:   60  16:54:19    -6215.713085       4.6511     --------    -1.814967          3
MinModeTranslate:   60  16:54:19    -6215.713085       4.6511     0.032333    -1.814967          3
MinModeTranslate:   61  16:54:19    -6215.738763       1.8856     --------    -3.286972          3
MinModeTranslate:   61  16:54:19    -6215.738763       1.8856     0.046539    -3.286972          3
MinModeTranslate:   62  16:54:19    -6215.757202       1.7246     --------    -0.494304          3
MinModeTranslate:   62  16:54:19    -6215.757202       1.7246     0.032457    -0.494304          3
MinModeTranslate:   63  16:54:19    -6215.745330       2.7781     --------    -0.005158          3
MinModeTranslate:   63  16:54:19    -6215.745330       2.7781     0.038758    -0.005158          3
MinModeTranslate:   64  16:54:19    -6215.728009       0.3835     --------     0.540206          3
MinModeTranslate:   64  16:54:19    -6215.728009       0.3835     0.100000     0.540206          3
MinModeTranslate:   65  16:54:19    -6215.638862       0.4125     --------     1.640929          3
MinModeTranslate:   65  16:54:19    -6215.638862       0.4125     0.100000     1.640929          3
MinModeTranslate:   66  16:54:19    -6215.539701       0.4709     --------     0.732797          3
MinModeTranslate:   66  16:54:19    -6215.539701       0.4709     0.100000     0.732797          3
MinModeTranslate:   67  16:54:19    -6215.436044       2.0340     --------    -1.995733          3
MinModeTranslate:   67  16:54:19    -6215.436044       2.0340     0.100000    -1.995733          3
MinModeTranslate:   68  16:54:19    -6215.353875       3.5765     --------    -6.577169          3
MinModeTranslate:   68  16:54:19    -6215.353875       3.5765     0.100000    -6.577169          3
MinModeTranslate:   69  16:54:19    -6215.287325       2.9935     --------    -8.731539          3
MinModeTranslate:   69  16:54:19    -6215.287325       2.9935     0.022569    -8.731539          3
MinModeTranslate:   70  16:54:20    -6215.322536       1.5554     --------    -7.158134          3
MinModeTranslate:   70  16:54:20    -6215.322536       1.5554     0.050608    -7.158134          3
MinModeTranslate:   71  16:54:20    -6215.367879       1.7539     --------   -10.674076          3
MinModeTranslate:   71  16:54:20    -6215.367879       1.7539     0.030015   -10.674076          3
MinModeTranslate:   72  16:54:20    -6215.410250       2.3328     --------   -15.231185          3
MinModeTranslate:   72  16:54:20    -6215.410250       2.3328     0.057477   -15.231185          3
MinModeTranslate:   73  16:54:20    -6215.478633       1.5741     --------   -10.601125          3
MinModeTranslate:   73  16:54:20    -6215.478633       1.5741     0.100000   -10.601125          3
MinModeTranslate:   74  16:54:20    -6215.542610       1.8850     --------    -2.328576          3
MinModeTranslate:   74  16:54:20    -6215.542610       1.8850     0.030735    -2.328576          3
MinModeTranslate:   75  16:54:20    -6215.574995       1.1028     --------    -4.235934          3
MinModeTranslate:   75  16:54:20    -6215.574995       1.1028     0.020687    -4.235934          3
MinModeTranslate:   76  16:54:20    -6215.581909       1.0742     --------    -5.692942          3
MinModeTranslate:   76  16:54:20    -6215.581909       1.0742     0.097409    -5.692942          3
MinModeTranslate:   77  16:54:20    -6215.610815       0.9566     --------    -5.729698          3
MinModeTranslate:   77  16:54:20    -6215.610815       0.9566     0.064351    -5.729698          3
MinModeTranslate:   78  16:54:20    -6215.644822       1.1529     --------    -3.838959          3
MinModeTranslate:   78  16:54:20    -6215.644822       1.1529     0.086025    -3.838959          3
MinModeTranslate:   79  16:54:20    -6215.679495       0.1124     --------     3.197778          3
MinModeTranslate:   79  16:54:20    -6215.679495       0.1124     0.100000     3.197778          3
MinModeTranslate:   80  16:54:20    -6215.625107       5.3548     --------    -3.912306          3
MinModeTranslate:   80  16:54:20    -6215.625107       5.3548     0.094900    -3.912306          3
MinModeTranslate:   81  16:54:20    -6215.667191       0.0946     --------     3.101715          3
MinModeTranslate:   81  16:54:20    -6215.667191       0.0946     0.100000     3.101715          3
MinModeTranslate:   82  16:54:20    -6215.629586       5.2470     --------    -4.448090          3
MinModeTranslate:   82  16:54:20    -6215.629586       5.2470     0.090759    -4.448090          3
MinModeTranslate:   83  16:54:20    -6215.663175       0.0979     --------     2.010231          3
MinModeTranslate:   83  16:54:20    -6215.663175       0.0979     0.100000     2.010231          3
MinModeTranslate:   84  16:54:20    -6215.626301       5.3680     --------    -4.900702          3
MinModeTranslate:   84  16:54:20    -6215.626301       5.3680     0.091876    -4.900702          3
MinModeTranslate:   85  16:54:20    -6215.660753       0.0950     --------     1.085044          3
MinModeTranslate:   85  16:54:20    -6215.660753       0.0950     0.100000     1.085044          3
MinModeTranslate:   86  16:54:21    -6215.622566       5.4936     --------    -5.198427          3
MinModeTranslate:   86  16:54:21    -6215.622566       5.4936     0.092385    -5.198427          3
MinModeTranslate:   87  16:54:21    -6215.658632       0.0903     --------     0.199365          3
MinModeTranslate:   87  16:54:21    -6215.658632       0.0903     0.100000     0.199365          3
MinModeTranslate:   88  16:54:21    -6215.618678       5.6148     --------    -5.357558          3
MinModeTranslate:   88  16:54:21    -6215.618678       5.6148     0.092752    -5.357558          3
MinModeTranslate:   89  16:54:21    -6215.656531       4.0481     --------    -0.671028          3
MinModeTranslate:   89  16:54:21    -6215.656531       4.0481     0.018301    -0.671028          3
MinModeTranslate:   90  16:54:21    -6215.709721       1.0985     --------    -2.389514          3
MinModeTranslate:   90  16:54:21    -6215.709721       1.0985     0.020089    -2.389514          3
MinModeTranslate:   91  16:54:21    -6215.728174       0.6294     --------    -3.164495          3
MinModeTranslate:   91  16:54:21    -6215.728174       0.6294     0.018731    -3.164495          3
MinModeTranslate:   92  16:54:21    -6215.736267       1.0410     --------    -4.464520          3
MinModeTranslate:   92  16:54:21    -6215.736267       1.0410     0.064482    -4.464520          3
MinModeTranslate:   93  16:54:21    -6215.761025       0.7848     --------    -5.377783          3
MinModeTranslate:   93  16:54:21    -6215.761025       0.7848     0.083190    -5.377783          3
MinModeTranslate:   94  16:54:21    -6215.786347       1.0157     --------    -7.877012          3
MinModeTranslate:   94  16:54:21    -6215.786347       1.0157     0.031796    -7.877012          3
MinModeTranslate:   95  16:54:21    -6215.796310       0.8703     --------    -8.617229          3
MinModeTranslate:   95  16:54:21    -6215.796310       0.8703     0.031157    -8.617229          3
MinModeTranslate:   96  16:54:21    -6215.805304       0.3760     --------   -11.235257          3
MinModeTranslate:   96  16:54:21    -6215.805304       0.3760     0.013005   -11.235257          3
MinModeTranslate:   97  16:54:21    -6215.808477       0.3956     --------   -11.386819          3
MinModeTranslate:   97  16:54:21    -6215.808477       0.3956     0.010036   -11.386819          3
MinModeTranslate:   98  16:54:21    -6215.810419       0.4882     --------   -12.239597          3
MinModeTranslate:   98  16:54:21    -6215.810419       0.4882     0.032551   -12.239597          3
MinModeTranslate:   99  16:54:21    -6215.816405       0.2544     --------   -11.293956          3
MinModeTranslate:   99  16:54:21    -6215.816405       0.2544     0.017701   -11.293956          3
MinModeTranslate:  100  16:54:21    -6215.818819       0.5513     --------   -11.330130          3
MinModeTranslate:  100  16:54:22    -6215.818819       0.5513     0.019928   -11.330130          3
MinModeTranslate:  101  16:54:22    -6215.821512       0.3083     --------   -10.042212          3
MinModeTranslate:  101  16:54:22    -6215.821512       0.3083     0.045833   -10.042212          3
MinModeTranslate:  102  16:54:22    -6215.826075       0.4510     --------   -10.209867          3
MinModeTranslate:  102  16:54:22    -6215.826075       0.4510     0.063237   -10.209867          3
MinModeTranslate:  103  16:54:22    -6215.832887       1.2334     --------    -8.477535          3
MinModeTranslate:  103  16:54:22    -6215.832887       1.2334     0.078670    -8.477535          3
MinModeTranslate:  104  16:54:22    -6215.840559       0.5555     --------    -7.212076          3
MinModeTranslate:  104  16:54:22    -6215.840559       0.5555     0.013782    -7.212076          3
MinModeTranslate:  105  16:54:22    -6215.847086       0.9261     --------    -8.704064          3
MinModeTranslate:  105  16:54:22    -6215.847086       0.9261     0.014487    -8.704064          3
MinModeTranslate:  106  16:54:22    -6215.852205       0.3928     --------    -8.068120          3
MinModeTranslate:  106  16:54:22    -6215.852205       0.3928     0.019365    -8.068120          3
MinModeTranslate:  107  16:54:22    -6215.856223       0.2783     --------    -7.879810          3
MinModeTranslate:  107  16:54:22    -6215.856223       0.2783     0.019959    -7.879810          3
MinModeTranslate:  108  16:54:22    -6215.860043       0.6263     --------    -9.405794          3
MinModeTranslate:  108  16:54:22    -6215.860043       0.6263     0.014552    -9.405794          3
MinModeTranslate:  109  16:54:22    -6215.862733       0.3416     --------    -8.332743          3
MinModeTranslate:  109  16:54:22    -6215.862733       0.3416     0.025278    -8.332743          3
MinModeTranslate:  110  16:54:22    -6215.866508       0.3447     --------    -8.166385          3
MinModeTranslate:  110  16:54:22    -6215.866508       0.3447     0.027656    -8.166385          3
MinModeTranslate:  111  16:54:22    -6215.871391       0.9824     --------    -9.616082          3
MinModeTranslate:  111  16:54:22    -6215.871391       0.9824     0.046251    -9.616082          3
MinModeTranslate:  112  16:54:22    -6215.878643       0.6020     --------    -6.641034          3
MinModeTranslate:  112  16:54:22    -6215.878643       0.6020     0.100000    -6.641034          3
MinModeTranslate:  113  16:54:22    -6215.893244       0.8856     --------    -5.273401          3
MinModeTranslate:  113  16:54:22    -6215.893244       0.8856     0.090102    -5.273401          3
MinModeTranslate:  114  16:54:22    -6215.917114       2.4986     --------    -9.379235          3
MinModeTranslate:  114  16:54:22    -6215.917114       2.4986     0.100000    -9.379235          3
MinModeTranslate:  115  16:54:23    -6215.951670       2.7056     --------    -9.773664          3
MinModeTranslate:  115  16:54:23    -6215.951670       2.7056     0.019955    -9.773664          3
MinModeTranslate:  116  16:54:23    -6215.976377       1.1833     --------    -5.603590          3
MinModeTranslate:  116  16:54:23    -6215.976377       1.1833     0.058585    -5.603590          3
MinModeTranslate:  117  16:54:23    -6216.010073       2.0498     --------    -5.469780          3
MinModeTranslate:  117  16:54:23    -6216.010073       2.0498     0.022877    -5.469780          3
MinModeTranslate:  118  16:54:23    -6216.032457       1.3268     --------    -8.655954          3
MinModeTranslate:  118  16:54:23    -6216.032457       1.3268     0.086797    -8.655954          3
MinModeTranslate:  119  16:54:23    -6216.088664       1.8445     --------    -6.076852          3
MinModeTranslate:  119  16:54:23    -6216.088664       1.8445     0.100000    -6.076852          3
MinModeTranslate:  120  16:54:23    -6216.131923       2.6792     --------    -3.347110          3
MinModeTranslate:  120  16:54:23    -6216.131923       2.6792     0.081546    -3.347110          3
MinModeTranslate:  121  16:54:23    -6216.226966       1.5576     --------    -4.035214          3
MinModeTranslate:  121  16:54:23    -6216.226966       1.5576     0.034028    -4.035214          3
MinModeTranslate:  122  16:54:23    -6216.250770       2.0371     --------    -0.683293          3
MinModeTranslate:  122  16:54:23    -6216.250770       2.0371     0.100000    -0.683293          3
MinModeTranslate:  123  16:54:23    -6216.309825       0.5873     --------     0.566220          3
MinModeTranslate:  123  16:54:23    -6216.309825       0.5873     0.100000     0.566220          3
MinModeTranslate:  124  16:54:23    -6216.208487       0.5543     --------     2.908428          3
MinModeTranslate:  124  16:54:23    -6216.208487       0.5543     0.100000     2.908428          3
MinModeTranslate:  125  16:54:23    -6216.088112       0.6295     --------     5.402220          3
MinModeTranslate:  125  16:54:23    -6216.088112       0.6295     0.100000     5.402220          3
MinModeTranslate:  126  16:54:23    -6215.934945       0.6593     --------     5.216607          3
MinModeTranslate:  126  16:54:23    -6215.934945       0.6593     0.100000     5.216607          3
MinModeTranslate:  127  16:54:23    -6215.781859       0.6379     --------     3.010373          3
MinModeTranslate:  127  16:54:23    -6215.781859       0.6379     0.100000     3.010373          3
MinModeTranslate:  128  16:54:23    -6215.651045       0.5634     --------     0.811678          3
MinModeTranslate:  128  16:54:24    -6215.651045       0.5634     0.100000     0.811678          3
MinModeTranslate:  129  16:54:24    -6215.543475       5.5861     --------    -0.464793          3
MinModeTranslate:  129  16:54:24    -6215.543475       5.5861     0.100000    -0.464793          3
MinModeTranslate:  130  16:54:24    -6215.529943       3.6712     --------    -1.049198          3
MinModeTranslate:  130  16:54:24    -6215.529943       3.6712     0.041055    -1.049198          3
MinModeTranslate:  131  16:54:24    -6215.667892       4.1842     --------    -4.797834          3
MinModeTranslate:  131  16:54:24    -6215.667892       4.1842     0.037703    -4.797834          3
MinModeTranslate:  132  16:54:24    -6215.746690       3.8366     --------    -3.181459          3
MinModeTranslate:  132  16:54:24    -6215.746690       3.8366     0.057856    -3.181459          3
MinModeTranslate:  133  16:54:24    -6215.816509       2.0826     --------    -3.976644          3
MinModeTranslate:  133  16:54:24    -6215.816509       2.0826     0.020160    -3.976644          3
MinModeTranslate:  134  16:54:24    -6215.854816       3.2154     --------    -4.863311          3
MinModeTranslate:  134  16:54:24    -6215.854816       3.2154     0.039946    -4.863311          3
MinModeTranslate:  135  16:54:24    -6215.912560       1.2976     --------    -0.744628          3
MinModeTranslate:  135  16:54:24    -6215.912560       1.2976     0.049990    -0.744628          3
MinModeTranslate:  136  16:54:24    -6215.947356       1.4764     --------    -0.858469          3
MinModeTranslate:  136  16:54:24    -6215.947356       1.4764     0.100000    -0.858469          3
MinModeTranslate:  137  16:54:24    -6216.005513       0.0793     --------     2.500821          3
MinModeTranslate:  137  16:54:24    -6216.005513       0.0793     0.100000     2.500821          3
MinModeTranslate:  138  16:54:24    -6215.977061       0.1313     --------     2.832556          3
MinModeTranslate:  138  16:54:24    -6215.977061       0.1313     0.100000     2.832556          3
MinModeTranslate:  139  16:54:24    -6215.925194       0.1366     --------     2.526428          3
MinModeTranslate:  139  16:54:24    -6215.925194       0.1366     0.100000     2.526428          3
MinModeTranslate:  140  16:54:24    -6215.873756       0.1039     --------     1.365320          3
MinModeTranslate:  140  16:54:24    -6215.873756       0.1039     0.100000     1.365320          3
MinModeTranslate:  141  16:54:24    -6215.844789       0.0539     --------     0.837495          3
MinModeTranslate:  141  16:54:25    -6215.844789       0.0539     0.100000     0.837495          3
MinModeTranslate:  142  16:54:25    -6215.828185       0.0102     --------     0.360508          3
MinModeTranslate:  142  16:54:25    -6215.828185       0.0102     0.100000     0.360508          3
MinModeTranslate:  143  16:54:25    -6215.617969       0.1887     --------     0.761641          3
MinModeTranslate:  143  16:54:25    -6215.617969       0.1887     0.100000     0.761641          3
MinModeTranslate:  144  16:54:25    -6215.251512       0.1845     --------     0.849938          3
MinModeTranslate:  144  16:54:25    -6215.251512       0.1845     0.100000     0.849938          3
MinModeTranslate:  145  16:54:25    -6215.210465      14.0793     --------    -2.092145          3
MinModeTranslate:  145  16:54:25    -6215.210465      14.0793     0.100000    -2.092145          3
MinModeTranslate:  146  16:54:25    -6215.207996      13.4914     --------    -3.931811          3
MinModeTranslate:  146  16:54:25    -6215.207996      13.4914     0.040752    -3.931811          3
MinModeTranslate:  147  16:54:25    -6215.570890       4.7749     --------    -8.000005          3
MinModeTranslate:  147  16:54:25    -6215.570890       4.7749     0.045907    -8.000005          3
MinModeTranslate:  148  16:54:25    -6215.726893       2.1740     --------    -9.786886          3
MinModeTranslate:  148  16:54:25    -6215.726893       2.1740     0.041967    -9.786886          3
MinModeTranslate:  149  16:54:25    -6215.773599       4.2103     --------    -9.573813          3
MinModeTranslate:  149  16:54:25    -6215.773599       4.2103     0.062952    -9.573813          3
MinModeTranslate:  150  16:54:25    -6215.811072       2.7370     --------    -7.556695          3
MinModeTranslate:  150  16:54:25    -6215.811072       2.7370     0.071534    -7.556695          3
MinModeTranslate:  151  16:54:25    -6215.802872       3.6590     --------    -8.600589          3
MinModeTranslate:  151  16:54:25    -6215.802872       3.6590     0.100000    -8.600589          3
MinModeTranslate:  152  16:54:25    -6215.938628       2.5316     --------    -7.054595          3
MinModeTranslate:  152  16:54:25    -6215.938628       2.5316     0.018725    -7.054595          3
MinModeTranslate:  153  16:54:25    -6215.963796       3.5168     --------    -5.688833          3
MinModeTranslate:  153  16:54:25    -6215.963796       3.5168     0.048286    -5.688833          3
MinModeTranslate:  154  16:54:25    -6216.002734       1.7778     --------    -4.529244          3
MinModeTranslate:  154  16:54:25    -6216.002734       1.7778     0.016786    -4.529244          3
MinModeTranslate:  155  16:54:25    -6216.013294       2.0059     --------    -6.062457          3
MinModeTranslate:  155  16:54:26    -6216.013294       2.0059     0.015137    -6.062457          3
MinModeTranslate:  156  16:54:26    -6216.014612       1.3484     --------    -5.481614          3
MinModeTranslate:  156  16:54:26    -6216.014612       1.3484     0.065544    -5.481614          3
MinModeTranslate:  157  16:54:26    -6216.001641       2.2604     --------    -4.008184          3
MinModeTranslate:  157  16:54:26    -6216.001641       2.2604     0.028003    -4.008184          3
MinModeTranslate:  158  16:54:26    -6215.999474       1.8294     --------    -4.245517          3
MinModeTranslate:  158  16:54:26    -6215.999474       1.8294     0.100000    -4.245517          3
MinModeTranslate:  159  16:54:26    -6216.005535       0.2873     --------     0.199907          3
MinModeTranslate:  159  16:54:26    -6216.005535       0.2873     0.100000     0.199907          3
MinModeTranslate:  160  16:54:26    -6215.927747       0.4755     --------     7.343338          3
