      Step     Time          Energy          fmax
BFGS:    0 16:46:31   -12455.857976        3.138259
BFGS:    1 16:46:31   -12455.977822        2.341825
BFGS:    2 16:46:31   -12456.049111        1.255076
BFGS:    3 16:46:31   -12456.126968        1.306386
BFGS:    4 16:46:31   -12456.298936        2.381475
BFGS:    5 16:46:31   -12456.372410        3.258744
BFGS:    6 16:46:31   -12456.451387        1.996804
BFGS:    7 16:46:31   -12456.570912        1.721187
BFGS:    8 16:46:31   -12456.697119        2.993232
BFGS:    9 16:46:31   -12456.792466        2.797474
BFGS:   10 16:46:31   -12456.895619        1.153286
BFGS:   11 16:46:31   -12456.924791        0.877602
BFGS:   12 16:46:31   -12456.953235        0.695429
BFGS:   13 16:46:31   -12456.966865        0.589179
BFGS:   14 16:46:31   -12456.979176        0.562560
BFGS:   15 16:46:31   -12456.988601        0.379019
BFGS:   16 16:46:31   -12457.001267        0.439630
BFGS:   17 16:46:31   -12457.014636        0.622199
BFGS:   18 16:46:31   -12457.030482        0.707208
BFGS:   19 16:46:31   -12457.044986        0.561766
BFGS:   20 16:46:31   -12457.055444        0.313340
BFGS:   21 16:46:31   -12457.061379        0.404556
BFGS:   22 16:46:31   -12457.067404        0.534067
BFGS:   23 16:46:32   -12457.075173        0.495518
BFGS:   24 16:46:32   -12457.079678        0.253060
BFGS:   25 16:46:32   -12457.081697        0.116401
BFGS:   26 16:46:32   -12457.082545        0.090642
BFGS:   27 16:46:32   -12457.083284        0.109622
BFGS:   28 16:46:32   -12457.083988        0.078143
BFGS:   29 16:46:32   -12457.084470        0.056900
BFGS:   30 16:46:32   -12457.084868        0.057210
BFGS:   31 16:46:32   -12457.085375        0.093455
BFGS:   32 16:46:32   -12457.085970        0.093206
BFGS:   33 16:46:32   -12457.086499        0.062013
BFGS:   34 16:46:32   -12457.086907        0.048428
BFGS:   35 16:46:32   -12457.087249        0.067320
BFGS:   36 16:46:32   -12457.087602        0.086365
BFGS:   37 16:46:32   -12457.087983        0.066676
BFGS:   38 16:46:32   -12457.088269        0.042304
BFGS:   39 16:46:32   -12457.088514        0.049710
BFGS:   40 16:46:32   -12457.088716        0.053404
BFGS:   41 16:46:32   -12457.088967        0.058818
BFGS:   42 16:46:32   -12457.089228        0.048880
BFGS:   43 16:46:32   -12457.089503        0.050861
BFGS:   44 16:46:32   -12457.089741        0.063496
BFGS:   45 16:46:32   -12457.089944        0.049918
BFGS:   46 16:46:32   -12457.090104        0.036844
BFGS:   47 16:46:32   -12457.090283        0.037577
BFGS:   48 16:46:32   -12457.090474        0.050173
BFGS:   49 16:46:32   -12457.090661        0.052264
BFGS:   50 16:46:32   -12457.090830        0.033633
BFGS:   51 16:46:32   -12457.090991        0.030340
BFGS:   52 16:46:33   -12457.091176        0.040376
BFGS:   53 16:46:33   -12457.091368        0.046303
BFGS:   54 16:46:33   -12457.091559        0.037492
BFGS:   55 16:46:33   -12457.091712        0.026813
BFGS:   56 16:46:33   -12457.091810        0.027309
BFGS:   57 16:46:33   -12457.091903        0.034306
BFGS:   58 16:46:33   -12457.091980        0.030258
BFGS:   59 16:46:33   -12457.092096        0.034182
BFGS:   60 16:46:33   -12457.092252        0.040691
BFGS:   61 16:46:33   -12457.092445        0.047030
BFGS:   62 16:46:33   -12457.092601        0.033064
BFGS:   63 16:46:33   -12457.092696        0.029181
BFGS:   64 16:46:33   -12457.092777        0.029648
BFGS:   65 16:46:33   -12457.092872        0.039353
BFGS:   66 16:46:33   -12457.092969        0.044770
BFGS:   67 16:46:33   -12457.093039        0.032073
BFGS:   68 16:46:33   -12457.093096        0.023206
BFGS:   69 16:46:33   -12457.093158        0.028795
BFGS:   70 16:46:33   -12457.093243        0.034201
BFGS:   71 16:46:33   -12457.093318        0.034374
BFGS:   72 16:46:33   -12457.093369        0.020428
BFGS:   73 16:46:33   -12457.093398        0.020939
BFGS:   74 16:46:33   -12457.093435        0.023180
BFGS:   75 16:46:33   -12457.093458        0.016246
BFGS:   76 16:46:33   -12457.093473        0.008282
BFGS:   77 16:46:33   -12457.093483        0.005653
BFGS:   78 16:46:33   -12457.093488        0.009785
BFGS:   79 16:46:33   -12457.093493        0.012094
BFGS:   80 16:46:33   -12457.093507        0.010170
BFGS:   81 16:46:33   -12457.093516        0.006601
BFGS:   82 16:46:33   -12457.093523        0.007280
BFGS:   83 16:46:33   -12457.093526        0.009983
BFGS:   84 16:46:33   -12457.093528        0.013801
BFGS:   85 16:46:34   -12457.093545        0.013799
BFGS:   86 16:46:34   -12457.093569        0.010954
BFGS:   87 16:46:34   -12457.093582        0.009312
BFGS:   88 16:46:34   -12457.093582        0.008362
BFGS:   89 16:46:34   -12457.093604        0.009020
BFGS:   90 16:46:34   -12457.093611        0.006721
BFGS:   91 16:46:34   -12457.093621        0.004881
