MinModeTranslate: STEP      TIME          ENERGY    MAX-FORCE     STEPSIZE    CURVATURE  ROT-STEPS
MinModeTranslate:    0  16:46:10   -12429.487434      62.4446     -------- -1288.705740          3
MinModeTranslate:    0  16:46:11   -12429.487434      62.4446     0.100000 -1288.705740          3
MinModeTranslate:    1  16:46:11   -12437.700832      41.8104     -------- -1873.708185          3
MinModeTranslate:    1  16:46:11   -12437.700832      41.8104     0.100000 -1873.708185          3
MinModeTranslate:    2  16:46:11   -12443.193161      21.8919     -------- -1290.479614          3
MinModeTranslate:    2  16:46:11   -12443.193161      21.8919     0.100000 -1290.479614          3
MinModeTranslate:    3  16:46:11   -12446.928371      16.2298     --------  -836.281407          3
MinModeTranslate:    3  16:46:11   -12446.928371      16.2298     0.100000  -836.281407          3
MinModeTranslate:    4  16:46:11   -12449.456543      12.2733     --------  -465.681003          3
MinModeTranslate:    4  16:46:11   -12449.456543      12.2733     0.100000  -465.681003          3
MinModeTranslate:    5  16:46:11   -12451.147145       9.1958     --------  -325.521038          3
MinModeTranslate:    5  16:46:11   -12451.147145       9.1958     0.100000  -325.521038          3
MinModeTranslate:    6  16:46:11   -12452.415541       6.2530     --------  -291.552421          3
MinModeTranslate:    6  16:46:11   -12452.415541       6.2530     0.100000  -291.552421          3
MinModeTranslate:    7  16:46:11   -12453.398736       3.7523     --------  -285.092495          3
MinModeTranslate:    7  16:46:11   -12453.398736       3.7523     0.100000  -285.092495          3
MinModeTranslate:    8  16:46:12   -12454.084615       2.6670     --------  -277.570653          3
MinModeTranslate:    8  16:46:12   -12454.084615       2.6670     0.100000  -277.570653          3
MinModeTranslate:    9  16:46:12   -12454.550471       2.3229     --------  -291.651726          3
MinModeTranslate:    9  16:46:12   -12454.550471       2.3229     0.100000  -291.651726          3
MinModeTranslate:   10  16:46:12   -12454.905687       2.6742     --------  -121.403449          3
MinModeTranslate:   10  16:46:12   -12454.905687       2.6742     0.100000  -121.403449          3
MinModeTranslate:   11  16:46:12   -12455.107355       3.4690     --------  -288.940377          3
MinModeTranslate:   11  16:46:12   -12455.107355       3.4690     0.100000  -288.940377          3
MinModeTranslate:   12  16:46:12   -12455.219347       2.4866     --------  -225.015349          3
MinModeTranslate:   12  16:46:12   -12455.219347       2.4866     0.021181  -225.015349          3
MinModeTranslate:   13  16:46:12   -12455.210969       0.7411     --------  -146.652458          3
MinModeTranslate:   13  16:46:12   -12455.210969       0.7411     0.052621  -146.652458          3
MinModeTranslate:   14  16:46:12   -12455.250569       1.9156     --------  -159.454147          3
MinModeTranslate:   14  16:46:12   -12455.250569       1.9156     0.046512  -159.454147          3
MinModeTranslate:   15  16:46:12   -12455.279511       0.7193     --------  -148.449403          3
MinModeTranslate:   15  16:46:12   -12455.279511       0.7193     0.060152  -148.449403          3
MinModeTranslate:   16  16:46:12   -12455.309908       0.7489     --------  -146.856123          3
MinModeTranslate:   16  16:46:12   -12455.309908       0.7489     0.077595  -146.856123          3
MinModeTranslate:   17  16:46:13   -12455.345705       0.7758     --------  -140.680647          3
MinModeTranslate:   17  16:46:13   -12455.345705       0.7758     0.026285  -140.680647          3
MinModeTranslate:   18  16:46:13   -12455.353229       0.4175     --------  -146.233764          3
MinModeTranslate:   18  16:46:13   -12455.353229       0.4175     0.048356  -146.233764          3
MinModeTranslate:   19  16:46:13   -12455.365930       0.8462     --------  -147.543368          3
MinModeTranslate:   19  16:46:13   -12455.365930       0.8462     0.053517  -147.543368          3
MinModeTranslate:   20  16:46:13   -12455.378508       0.5054     --------  -131.278649          3
MinModeTranslate:   20  16:46:13   -12455.378508       0.5054     0.088715  -131.278649          3
MinModeTranslate:   21  16:46:13   -12455.396930       0.5627     --------  -119.422071          3
MinModeTranslate:   21  16:46:13   -12455.396930       0.5627     0.052114  -119.422071          3
MinModeTranslate:   22  16:46:13   -12455.404970       0.5505     --------  -126.938609          3
MinModeTranslate:   22  16:46:13   -12455.404970       0.5505     0.030235  -126.938609          3
MinModeTranslate:   23  16:46:13   -12455.411505       0.3753     --------  -124.041072          3
MinModeTranslate:   23  16:46:13   -12455.411505       0.3753     0.025842  -124.041072          3
MinModeTranslate:   24  16:46:13   -12455.416493       0.4491     --------  -116.707438          3
MinModeTranslate:   24  16:46:13   -12455.416493       0.4491     0.022843  -116.707438          3
MinModeTranslate:   25  16:46:14   -12455.420816       0.3101     --------  -115.326782          3
MinModeTranslate:   25  16:46:14   -12455.420816       0.3101     0.028210  -115.326782          3
MinModeTranslate:   26  16:46:14   -12455.425471       0.2573     --------  -123.762901          3
MinModeTranslate:   26  16:46:14   -12455.425471       0.2573     0.018685  -123.762901          3
MinModeTranslate:   27  16:46:14   -12455.426883       0.1792     --------  -115.595103          3
MinModeTranslate:   27  16:46:14   -12455.426883       0.1792     0.008548  -115.595103          3
MinModeTranslate:   28  16:46:14   -12455.427840       0.2083     --------  -116.600161          3
MinModeTranslate:   28  16:46:14   -12455.427840       0.2083     0.013102  -116.600161          3
MinModeTranslate:   29  16:46:14   -12455.429048       0.1971     --------  -118.806853          3
MinModeTranslate:   29  16:46:14   -12455.429048       0.1971     0.025665  -118.806853          3
MinModeTranslate:   30  16:46:14   -12455.431302       0.2420     --------  -119.248665          3
MinModeTranslate:   30  16:46:14   -12455.431302       0.2420     0.021006  -119.248665          3
MinModeTranslate:   31  16:46:14   -12455.432959       0.2147     --------  -116.320544          3
MinModeTranslate:   31  16:46:14   -12455.432959       0.2147     0.029204  -116.320544          3
MinModeTranslate:   32  16:46:14   -12455.435150       0.2165     --------  -116.522922          3
MinModeTranslate:   32  16:46:14   -12455.435150       0.2165     0.033680  -116.522922          3
MinModeTranslate:   33  16:46:15   -12455.437780       0.2406     --------  -118.693562          3
MinModeTranslate:   33  16:46:15   -12455.437780       0.2406     0.023611  -118.693562          3
MinModeTranslate:   34  16:46:15   -12455.439151       0.2887     --------  -116.498541          3
MinModeTranslate:   34  16:46:15   -12455.439151       0.2887     0.025985  -116.498541          3
MinModeTranslate:   35  16:46:15   -12455.441205       0.1653     --------  -112.289457          3
MinModeTranslate:   35  16:46:15   -12455.441205       0.1653     0.021474  -112.289457          3
MinModeTranslate:   36  16:46:15   -12455.442361       0.1834     --------  -117.272745          3
MinModeTranslate:   36  16:46:15   -12455.442361       0.1834     0.022471  -117.272745          3
MinModeTranslate:   37  16:46:15   -12455.443671       0.1717     --------  -116.172040          3
MinModeTranslate:   37  16:46:15   -12455.443671       0.1717     0.014654  -116.172040          3
MinModeTranslate:   38  16:46:15   -12455.444393       0.1269     --------  -113.418601          3
MinModeTranslate:   38  16:46:15   -12455.444393       0.1269     0.009546  -113.418601          3
MinModeTranslate:   39  16:46:15   -12455.444903       0.1378     --------  -113.585483          3
MinModeTranslate:   39  16:46:15   -12455.444903       0.1378     0.013948  -113.585483          3
MinModeTranslate:   40  16:46:15   -12455.445578       0.1332     --------  -116.356533          3
MinModeTranslate:   40  16:46:15   -12455.445578       0.1332     0.029764  -116.356533          3
MinModeTranslate:   41  16:46:15   -12455.446956       0.1452     --------  -114.809837          3
MinModeTranslate:   41  16:46:15   -12455.446956       0.1452     0.023148  -114.809837          3
MinModeTranslate:   42  16:46:16   -12455.448044       0.2085     --------  -113.526198          3
MinModeTranslate:   42  16:46:16   -12455.448044       0.2085     0.018896  -113.526198          3
MinModeTranslate:   43  16:46:16   -12455.448825       0.1856     --------  -114.050192          3
MinModeTranslate:   43  16:46:16   -12455.448825       0.1856     0.031684  -114.050192          3
MinModeTranslate:   44  16:46:16   -12455.450464       0.1430     --------  -118.417674          3
MinModeTranslate:   44  16:46:16   -12455.450464       0.1430     0.030051  -118.417674          3
MinModeTranslate:   45  16:46:16   -12455.451403       0.1841     --------  -114.713649          3
MinModeTranslate:   45  16:46:16   -12455.451403       0.1841     0.032065  -114.713649          3
MinModeTranslate:   46  16:46:16   -12455.453097       0.1929     --------  -113.626417          3
MinModeTranslate:   46  16:46:16   -12455.453097       0.1929     0.028326  -113.626417          3
MinModeTranslate:   47  16:46:16   -12455.453751       0.1787     --------  -117.911730          3
MinModeTranslate:   47  16:46:16   -12455.453751       0.1787     0.014500  -117.911730          3
MinModeTranslate:   48  16:46:16   -12455.454404       0.1429     --------  -119.340289          3
MinModeTranslate:   48  16:46:16   -12455.454404       0.1429     0.017549  -119.340289          3
MinModeTranslate:   49  16:46:16   -12455.455040       0.1299     --------  -115.647792          3
MinModeTranslate:   49  16:46:16   -12455.455040       0.1299     0.023256  -115.647792          3
MinModeTranslate:   50  16:46:17   -12455.455863       0.1248     --------  -117.069882          3
MinModeTranslate:   50  16:46:17   -12455.455863       0.1248     0.013496  -117.069882          3
MinModeTranslate:   51  16:46:17   -12455.456310       0.1075     --------  -118.231370          3
MinModeTranslate:   51  16:46:17   -12455.456310       0.1075     0.011565  -118.231370          3
MinModeTranslate:   52  16:46:17   -12455.456718       0.1002     --------  -117.920519          3
MinModeTranslate:   52  16:46:17   -12455.456718       0.1002     0.007802  -117.920519          3
MinModeTranslate:   53  16:46:17   -12455.456948       0.0965     --------  -115.984442          3
MinModeTranslate:   53  16:46:17   -12455.456948       0.0965     0.008414  -115.984442          3
MinModeTranslate:   54  16:46:17   -12455.457216       0.0777     --------  -116.018450          3
MinModeTranslate:   54  16:46:17   -12455.457216       0.0777     0.013109  -116.018450          3
MinModeTranslate:   55  16:46:17   -12455.457677       0.1364     --------  -117.955886          3
MinModeTranslate:   55  16:46:17   -12455.457677       0.1364     0.014675  -117.955886          3
MinModeTranslate:   56  16:46:17   -12455.458029       0.1133     --------  -117.126898          3
MinModeTranslate:   56  16:46:18   -12455.458029       0.1133     0.010674  -117.126898          3
MinModeTranslate:   57  16:46:18   -12455.458269       0.0614     --------  -114.320414          3
MinModeTranslate:   57  16:46:18   -12455.458269       0.0614     0.008499  -114.320414          3
MinModeTranslate:   58  16:46:18   -12455.458467       0.0799     --------  -115.916806          3
MinModeTranslate:   58  16:46:18   -12455.458467       0.0799     0.009104  -115.916806          3
MinModeTranslate:   59  16:46:18   -12455.458711       0.0824     --------  -116.871914          3
MinModeTranslate:   59  16:46:18   -12455.458711       0.0824     0.013558  -116.871914          3
MinModeTranslate:   60  16:46:18   -12455.458996       0.1131     --------  -115.731600          3
MinModeTranslate:   60  16:46:18   -12455.458996       0.1131     0.015637  -115.731600          3
MinModeTranslate:   61  16:46:18   -12455.459399       0.1008     --------  -114.150224          3
MinModeTranslate:   61  16:46:18   -12455.459399       0.1008     0.010870  -114.150224          3
MinModeTranslate:   62  16:46:18   -12455.459588       0.0615     --------  -115.624726          3
MinModeTranslate:   62  16:46:18   -12455.459588       0.0615     0.009071  -115.624726          3
MinModeTranslate:   63  16:46:18   -12455.459851       0.0995     --------  -117.239603          3
MinModeTranslate:   63  16:46:18   -12455.459851       0.0995     0.015633  -117.239603          3
MinModeTranslate:   64  16:46:19   -12455.460146       0.1268     --------  -116.427561          3
MinModeTranslate:   64  16:46:19   -12455.460146       0.1268     0.018268  -116.427561          3
MinModeTranslate:   65  16:46:19   -12455.460550       0.0703     --------  -113.553276          3
MinModeTranslate:   65  16:46:19   -12455.460550       0.0703     0.014230  -113.553276          3
MinModeTranslate:   66  16:46:19   -12455.460751       0.0917     --------  -115.734893          3
MinModeTranslate:   66  16:46:19   -12455.460751       0.0917     0.014551  -115.734893          3
MinModeTranslate:   67  16:46:19   -12455.461107       0.0880     --------  -117.022647          3
MinModeTranslate:   67  16:46:19   -12455.461107       0.0880     0.016739  -117.022647          3
MinModeTranslate:   68  16:46:19   -12455.461344       0.1003     --------  -115.038516          3
MinModeTranslate:   68  16:46:19   -12455.461344       0.1003     0.013609  -115.038516          3
MinModeTranslate:   69  16:46:20   -12455.461647       0.0875     --------  -113.952171          3
MinModeTranslate:   69  16:46:20   -12455.461647       0.0875     0.011522  -113.952171          3
MinModeTranslate:   70  16:46:20   -12455.461802       0.0687     --------  -115.877010          3
MinModeTranslate:   70  16:46:20   -12455.461802       0.0687     0.013110  -115.877010          3
MinModeTranslate:   71  16:46:20   -12455.462101       0.0968     --------  -117.046321          3
MinModeTranslate:   71  16:46:20   -12455.462101       0.0968     0.009361  -117.046321          3
MinModeTranslate:   72  16:46:20   -12455.462186       0.0582     --------  -115.406080          3
MinModeTranslate:   72  16:46:20   -12455.462186       0.0582     0.007124  -115.406080          3
MinModeTranslate:   73  16:46:20   -12455.462346       0.0604     --------  -113.985262          3
MinModeTranslate:   73  16:46:20   -12455.462346       0.0604     0.010724  -113.985262          3
MinModeTranslate:   74  16:46:20   -12455.462480       0.0843     --------  -115.645829          3
MinModeTranslate:   74  16:46:20   -12455.462480       0.0843     0.009532  -115.645829          3
MinModeTranslate:   75  16:46:20   -12455.462670       0.0675     --------  -116.110807          3
MinModeTranslate:   75  16:46:20   -12455.462670       0.0675     0.006792  -116.110807          3
MinModeTranslate:   76  16:46:21   -12455.462738       0.0550     --------  -114.606714          3
MinModeTranslate:   76  16:46:21   -12455.462738       0.0550     0.007330  -114.606714          3
MinModeTranslate:   77  16:46:21   -12455.462873       0.0614     --------  -114.123620          3
MinModeTranslate:   77  16:46:21   -12455.462873       0.0614     0.005433  -114.123620          3
MinModeTranslate:   78  16:46:21   -12455.462919       0.0416     --------  -115.397138          3
MinModeTranslate:   78  16:46:21   -12455.462919       0.0416     0.003321  -115.397138          3
MinModeTranslate:   79  16:46:21   -12455.462977       0.0351     --------  -115.899581          2
MinModeTranslate:   79  16:46:21   -12455.462977       0.0351     0.002411  -115.899581          2
MinModeTranslate:   80  16:46:21   -12455.462995       0.0315     --------  -115.301294          2
MinModeTranslate:   80  16:46:21   -12455.462995       0.0315     0.002055  -115.301294          2
MinModeTranslate:   81  16:46:21   -12455.463029       0.0274     --------  -114.861016          2
MinModeTranslate:   81  16:46:21   -12455.463029       0.0274     0.002093  -114.861016          2
MinModeTranslate:   82  16:46:21   -12455.463042       0.0271     --------  -115.529324          2
MinModeTranslate:   82  16:46:21   -12455.463042       0.0271     0.001412  -115.529324          2
MinModeTranslate:   83  16:46:21   -12455.463058       0.0168     --------  -115.640162          2
MinModeTranslate:   83  16:46:21   -12455.463058       0.0168     0.000840  -115.640162          2
MinModeTranslate:   84  16:46:21   -12455.463060       0.0130     --------  -115.196803          2
MinModeTranslate:   84  16:46:21   -12455.463060       0.0130     0.001380  -115.196803          2
MinModeTranslate:   85  16:46:22   -12455.463076       0.0248     --------  -114.930011          2
MinModeTranslate:   85  16:46:22   -12455.463076       0.0248     0.002490  -114.930011          2
MinModeTranslate:   86  16:46:22   -12455.463083       0.0261     --------  -115.370845          2
MinModeTranslate:   86  16:46:22   -12455.463083       0.0261     0.002239  -115.370845          2
MinModeTranslate:   87  16:46:22   -12455.463102       0.0182     --------  -115.578152          2
MinModeTranslate:   87  16:46:22   -12455.463102       0.0182     0.001309  -115.578152          2
MinModeTranslate:   88  16:46:22   -12455.463107       0.0137     --------  -115.174702          2
MinModeTranslate:   88  16:46:22   -12455.463107       0.0137     0.001391  -115.174702          2
MinModeTranslate:   89  16:46:22   -12455.463120       0.0142     --------  -114.865609          2
MinModeTranslate:   89  16:46:22   -12455.463120       0.0142     0.001734  -114.865609          2
MinModeTranslate:   90  16:46:22   -12455.463125       0.0191     --------  -115.333370          2
MinModeTranslate:   90  16:46:22   -12455.463125       0.0191     0.001948  -115.333370          2
MinModeTranslate:   91  16:46:22   -12455.463134       0.0193     --------  -115.431265          2
MinModeTranslate:   91  16:46:22   -12455.463134       0.0193     0.002072  -115.431265          2
MinModeTranslate:   92  16:46:22   -12455.463137       0.0140     --------  -115.001504          2
MinModeTranslate:   92  16:46:22   -12455.463137       0.0140     0.001478  -115.001504          2
MinModeTranslate:   93  16:46:22   -12455.463150       0.0116     --------  -114.834362          2
MinModeTranslate:   93  16:46:22   -12455.463150       0.0116     0.001183  -114.834362          2
MinModeTranslate:   94  16:46:23   -12455.463156       0.0149     --------  -115.214491          1
MinModeTranslate:   94  16:46:23   -12455.463156       0.0149     0.001537  -115.214491          1
MinModeTranslate:   95  16:46:23   -12455.463162       0.0162     --------  -115.356531          2
MinModeTranslate:   95  16:46:23   -12455.463162       0.0162     0.001952  -115.356531          2
MinModeTranslate:   96  16:46:23   -12455.463168       0.0160     --------  -115.026673          2
MinModeTranslate:   96  16:46:23   -12455.463168       0.0160     0.001600  -115.026673          2
MinModeTranslate:   97  16:46:23   -12455.463184       0.0110     --------  -114.958817          2
MinModeTranslate:   97  16:46:23   -12455.463184       0.0110     0.001194  -114.958817          2
MinModeTranslate:   98  16:46:23   -12455.463176       0.0121     --------  -115.403759          2
MinModeTranslate:   98  16:46:23   -12455.463176       0.0121     0.001507  -115.403759          2
MinModeTranslate:   99  16:46:23   -12455.463183       0.0135     --------  -115.473570          2
MinModeTranslate:   99  16:46:23   -12455.463183       0.0135     0.001127  -115.473570          2
MinModeTranslate:  100  16:46:23   -12455.463192       0.0088     --------  -115.268874          2
MinModeTranslate:  100  16:46:23   -12455.463192       0.0088     0.000754  -115.268874          2
MinModeTranslate:  101  16:46:23   -12455.463197       0.0086     --------  -115.204887          2
MinModeTranslate:  101  16:46:23   -12455.463197       0.0086     0.000670  -115.204887          2
MinModeTranslate:  102  16:46:23   -12455.463195       0.0082     --------  -115.475224          1
MinModeTranslate:  102  16:46:23   -12455.463195       0.0082     0.000694  -115.475224          1
MinModeTranslate:  103  16:46:24   -12455.463194       0.0074     --------  -115.508571          1
MinModeTranslate:  103  16:46:24   -12455.463194       0.0074     0.000653  -115.508571          1
MinModeTranslate:  104  16:46:24   -12455.463196       0.0086     --------  -115.293587          2
MinModeTranslate:  104  16:46:24   -12455.463196       0.0086     0.000946  -115.293587          2
MinModeTranslate:  105  16:46:24   -12455.463189       0.0104     --------  -115.256518          2
MinModeTranslate:  105  16:46:24   -12455.463189       0.0104     0.001321  -115.256518          2
MinModeTranslate:  106  16:46:24   -12455.463197       0.0096     --------  -115.577142          1
MinModeTranslate:  106  16:46:24   -12455.463197       0.0096     0.001209  -115.577142          1
MinModeTranslate:  107  16:46:24   -12455.463209       0.0091     --------  -115.591429          1
MinModeTranslate:  107  16:46:24   -12455.463209       0.0091     0.001018  -115.591429          1
MinModeTranslate:  108  16:46:24   -12455.463206       0.0102     --------  -115.356731          2
MinModeTranslate:  108  16:46:24   -12455.463206       0.0102     0.001411  -115.356731          2
MinModeTranslate:  109  16:46:24   -12455.463208       0.0129     --------  -115.309322          2
MinModeTranslate:  109  16:46:24   -12455.463208       0.0129     0.001701  -115.309322          2
MinModeTranslate:  110  16:46:24   -12455.463221       0.0127     --------  -115.661249          2
MinModeTranslate:  110  16:46:24   -12455.463221       0.0127     0.001575  -115.661249          2
MinModeTranslate:  111  16:46:24   -12455.463214       0.0111     --------  -115.631206          1
MinModeTranslate:  111  16:46:24   -12455.463214       0.0111     0.001227  -115.631206          1
MinModeTranslate:  112  16:46:24   -12455.463212       0.0088     --------  -115.330540          2
MinModeTranslate:  112  16:46:24   -12455.463212       0.0088     0.001309  -115.330540          2
MinModeTranslate:  113  16:46:24   -12455.463227       0.0113     --------  -115.376752          2
MinModeTranslate:  113  16:46:25   -12455.463227       0.0113     0.001263  -115.376752          2
MinModeTranslate:  114  16:46:25   -12455.463221       0.0095     --------  -115.647157          2
MinModeTranslate:  114  16:46:25   -12455.463221       0.0095     0.001085  -115.647157          2
MinModeTranslate:  115  16:46:25   -12455.463225       0.0077     --------  -115.582572          1
MinModeTranslate:  115  16:46:25   -12455.463225       0.0077     0.001147  -115.582572          1
MinModeTranslate:  116  16:46:25   -12455.463224       0.0098     --------  -115.333524          2
MinModeTranslate:  116  16:46:25   -12455.463224       0.0098     0.001732  -115.333524          2
MinModeTranslate:  117  16:46:25   -12455.463231       0.0105     --------  -115.328868          2
MinModeTranslate:  117  16:46:25   -12455.463231       0.0105     0.001622  -115.328868          2
MinModeTranslate:  118  16:46:25   -12455.463234       0.0091     --------  -115.657233          2
MinModeTranslate:  118  16:46:25   -12455.463234       0.0091     0.001093  -115.657233          2
MinModeTranslate:  119  16:46:25   -12455.463236       0.0083     --------  -115.552449          1
MinModeTranslate:  119  16:46:25   -12455.463236       0.0083     0.000741  -115.552449          1
MinModeTranslate:  120  16:46:25   -12455.463237       0.0073     --------  -115.377653          2
MinModeTranslate:  120  16:46:25   -12455.463237       0.0073     0.000973  -115.377653          2
MinModeTranslate:  121  16:46:25   -12455.463239       0.0097     --------  -115.419472          2
MinModeTranslate:  121  16:46:25   -12455.463239       0.0097     0.000998  -115.419472          2
MinModeTranslate:  122  16:46:25   -12455.463238       0.0076     --------  -115.651886          1
MinModeTranslate:  122  16:46:25   -12455.463238       0.0076     0.000570  -115.651886          1
MinModeTranslate:  123  16:46:26   -12455.463246       0.0044     --------  -115.591980          1
