      Step     Time          Energy          fmax
BFGS:    0 16:27:23    -9341.854232        0.634210
BFGS:    1 16:27:23    -9341.877424        0.853857
BFGS:    2 16:27:23    -9342.253295        5.153722
BFGS:    3 16:27:23    -9341.992016        9.153288
BFGS:    4 16:27:23    -9342.385620        4.848651
BFGS:    5 16:27:23    -9342.451214        4.144612
BFGS:    6 16:27:23    -9342.556149        2.934507
BFGS:    7 16:27:23    -9342.580530        2.925088
BFGS:    8 16:27:23    -9342.636169        3.295985
BFGS:    9 16:27:23    -9342.679751        3.528526
BFGS:   10 16:27:23    -9342.734550        3.888195
BFGS:   11 16:27:24    -9342.788314        4.287454
BFGS:   12 16:27:24    -9342.817263        4.417428
BFGS:   13 16:27:24    -9342.862961        4.336118
BFGS:   14 16:27:24    -9342.934376        4.274137
BFGS:   15 16:27:24    -9342.987886        4.235456
BFGS:   16 16:27:24    -9343.032010        4.229991
BFGS:   17 16:27:24    -9343.067221        4.163002
BFGS:   18 16:27:24    -9343.115441        3.854358
BFGS:   19 16:27:24    -9343.161411        3.341083
BFGS:   20 16:27:24    -9343.196844        2.822199
BFGS:   21 16:27:24    -9343.233897        2.388084
BFGS:   22 16:27:24    -9343.280193        1.978342
BFGS:   23 16:27:24    -9343.335281        1.664660
BFGS:   24 16:27:24    -9343.391543        1.443900
BFGS:   25 16:27:24    -9343.434516        1.332611
BFGS:   26 16:27:24    -9343.465765        1.179795
BFGS:   27 16:27:24    -9343.491568        1.095250
BFGS:   28 16:27:24    -9343.518396        0.967890
BFGS:   29 16:27:24    -9343.539271        0.941832
BFGS:   30 16:27:24    -9343.570769        0.888644
BFGS:   31 16:27:24    -9343.588119        0.902807
BFGS:   32 16:27:24    -9343.606312        0.945379
BFGS:   33 16:27:24    -9343.637519        1.059368
BFGS:   34 16:27:24    -9343.666876        1.196487
BFGS:   35 16:27:24    -9343.684499        1.226495
BFGS:   36 16:27:24    -9343.710395        1.124326
BFGS:   37 16:27:24    -9343.733305        0.795938
BFGS:   38 16:27:24    -9343.740265        0.594563
BFGS:   39 16:27:24    -9343.745076        0.368418
BFGS:   40 16:27:24    -9343.747088        0.280528
BFGS:   41 16:27:24    -9343.750270        0.320708
BFGS:   42 16:27:24    -9343.754214        0.330312
BFGS:   43 16:27:24    -9343.758708        0.247626
BFGS:   44 16:27:24    -9343.762410        0.147284
BFGS:   45 16:27:24    -9343.765396        0.141897
BFGS:   46 16:27:24    -9343.768511        0.193967
BFGS:   47 16:27:24    -9343.771513        0.227781
BFGS:   48 16:27:24    -9343.773848        0.213839
BFGS:   49 16:27:24    -9343.775390        0.185424
BFGS:   50 16:27:24    -9343.776277        0.114851
BFGS:   51 16:27:24    -9343.776972        0.113837
BFGS:   52 16:27:24    -9343.777523        0.127377
BFGS:   53 16:27:24    -9343.778001        0.141262
BFGS:   54 16:27:25    -9343.778956        0.148554
BFGS:   55 16:27:25    -9343.779925        0.202269
BFGS:   56 16:27:25    -9343.780865        0.133270
BFGS:   57 16:27:25    -9343.781978        0.145566
BFGS:   58 16:27:25    -9343.783548        0.085281
BFGS:   59 16:27:25    -9343.783783        0.069756
BFGS:   60 16:27:25    -9343.784170        0.035373
BFGS:   61 16:27:25    -9343.784465        0.035010
BFGS:   62 16:27:25    -9343.784785        0.051176
BFGS:   63 16:27:25    -9343.785141        0.061790
BFGS:   64 16:27:25    -9343.785820        0.075520
BFGS:   65 16:27:25    -9343.786968        0.095591
BFGS:   66 16:27:25    -9343.788950        0.125308
BFGS:   67 16:27:25    -9343.791923        0.133014
BFGS:   68 16:27:25    -9343.794290        0.152578
BFGS:   69 16:27:25    -9343.795100        0.089543
BFGS:   70 16:27:25    -9343.795055        0.192785
BFGS:   71 16:27:25    -9343.795529        0.058238
BFGS:   72 16:27:25    -9343.795610        0.024743
BFGS:   73 16:27:25    -9343.795679        0.021970
BFGS:   74 16:27:25    -9343.795715        0.019768
BFGS:   75 16:27:25    -9343.795745        0.020843
BFGS:   76 16:27:25    -9343.795804        0.033582
BFGS:   77 16:27:25    -9343.795912        0.043354
BFGS:   78 16:27:25    -9343.796085        0.056810
BFGS:   79 16:27:25    -9343.796277        0.061849
BFGS:   80 16:27:25    -9343.796461        0.055692
BFGS:   81 16:27:25    -9343.796632        0.053308
BFGS:   82 16:27:25    -9343.796783        0.050213
BFGS:   83 16:27:25    -9343.796902        0.066377
BFGS:   84 16:27:25    -9343.797010        0.038850
BFGS:   85 16:27:25    -9343.797097        0.023412
BFGS:   86 16:27:25    -9343.797180        0.036470
BFGS:   87 16:27:25    -9343.797262        0.043198
BFGS:   88 16:27:25    -9343.797335        0.030172
BFGS:   89 16:27:25    -9343.797372        0.040614
BFGS:   90 16:27:25    -9343.797427        0.035116
BFGS:   91 16:27:25    -9343.797493        0.042789
BFGS:   92 16:27:25    -9343.797575        0.025231
BFGS:   93 16:27:25    -9343.797661        0.027289
BFGS:   94 16:27:25    -9343.797720        0.021544
BFGS:   95 16:27:25    -9343.797778        0.018193
BFGS:   96 16:27:25    -9343.797813        0.013781
BFGS:   97 16:27:25    -9343.797836        0.014056
BFGS:   98 16:27:25    -9343.797850        0.014111
BFGS:   99 16:27:25    -9343.797863        0.014026
BFGS:  100 16:27:25    -9343.797896        0.017596
BFGS:  101 16:27:25    -9343.797927        0.016523
BFGS:  102 16:27:25    -9343.797947        0.010157
BFGS:  103 16:27:25    -9343.797949        0.009429
BFGS:  104 16:27:25    -9343.797949        0.008903
BFGS:  105 16:27:26    -9343.797951        0.010828
BFGS:  106 16:27:26    -9343.797961        0.013150
BFGS:  107 16:27:26    -9343.797964        0.017291
BFGS:  108 16:27:26    -9343.797975        0.021531
BFGS:  109 16:27:26    -9343.797997        0.026687
BFGS:  110 16:27:26    -9343.798048        0.033008
BFGS:  111 16:27:26    -9343.798149        0.043871
BFGS:  112 16:27:26    -9343.798283        0.055099
BFGS:  113 16:27:26    -9343.798426        0.042257
BFGS:  114 16:27:26    -9343.798539        0.037960
BFGS:  115 16:27:26    -9343.798545        0.028766
BFGS:  116 16:27:26    -9343.798566        0.027236
BFGS:  117 16:27:26    -9343.798573        0.011229
BFGS:  118 16:27:26    -9343.798567        0.009236
BFGS:  119 16:27:26    -9343.798569        0.008178
BFGS:  120 16:27:26    -9343.798573        0.006605
BFGS:  121 16:27:26    -9343.798570        0.005399
BFGS:  122 16:27:26    -9343.798573        0.004690
