      Step     Time          Energy          fmax
BFGS:    0 15:46:03    -9343.692923        2.000907
BFGS:    1 15:46:03    -9343.807796        2.600398
BFGS:    2 15:46:03    -9343.377371       13.856327
BFGS:    3 15:46:03    -9344.383566        3.463735
BFGS:    4 15:46:03    -9344.545372        1.655598
BFGS:    5 15:46:03    -9344.614820        2.056216
BFGS:    6 15:46:03    -9344.677516        2.420723
BFGS:    7 15:46:03    -9344.765720        2.598529
BFGS:    8 15:46:03    -9344.847898        2.390860
BFGS:    9 15:46:03    -9344.943245        1.756696
BFGS:   10 15:46:03    -9345.021254        1.178587
BFGS:   11 15:46:04    -9345.069109        0.530430
BFGS:   12 15:46:04    -9345.090386        0.446447
BFGS:   13 15:46:04    -9345.109513        0.440789
BFGS:   14 15:46:04    -9345.123885        0.457678
BFGS:   15 15:46:04    -9345.134443        0.614092
BFGS:   16 15:46:04    -9345.152820        0.792799
BFGS:   17 15:46:04    -9345.176130        0.853189
BFGS:   18 15:46:04    -9345.195524        0.538079
BFGS:   19 15:46:04    -9345.205975        0.273399
BFGS:   20 15:46:04    -9345.213105        0.378716
BFGS:   21 15:46:04    -9345.218758        0.292832
BFGS:   22 15:46:04    -9345.221594        0.236796
BFGS:   23 15:46:04    -9345.223935        0.234278
BFGS:   24 15:46:04    -9345.226771        0.249725
BFGS:   25 15:46:04    -9345.229232        0.225347
BFGS:   26 15:46:04    -9345.231210        0.121645
BFGS:   27 15:46:04    -9345.232911        0.166860
BFGS:   28 15:46:04    -9345.234678        0.217984
BFGS:   29 15:46:04    -9345.236113        0.152055
BFGS:   30 15:46:04    -9345.237046        0.087494
BFGS:   31 15:46:04    -9345.237632        0.071647
BFGS:   32 15:46:04    -9345.238065        0.088929
BFGS:   33 15:46:04    -9345.238335        0.054286
BFGS:   34 15:46:04    -9345.238496        0.052967
BFGS:   35 15:46:04    -9345.238616        0.049438
BFGS:   36 15:46:04    -9345.238785        0.083493
BFGS:   37 15:46:04    -9345.239022        0.084936
BFGS:   38 15:46:04    -9345.239432        0.061868
BFGS:   39 15:46:04    -9345.239849        0.056646
BFGS:   40 15:46:04    -9345.240244        0.063598
BFGS:   41 15:46:04    -9345.240682        0.078146
BFGS:   42 15:46:04    -9345.241356        0.089907
BFGS:   43 15:46:04    -9345.242373        0.104504
BFGS:   44 15:46:04    -9345.243460        0.101300
BFGS:   45 15:46:04    -9345.244241        0.107483
BFGS:   46 15:46:04    -9345.244781        0.116298
BFGS:   47 15:46:04    -9345.245284        0.113659
BFGS:   48 15:46:04    -9345.245992        0.114698
BFGS:   49 15:46:04    -9345.247086        0.149725
BFGS:   50 15:46:04    -9345.248523        0.192130
BFGS:   51 15:46:04    -9345.250075        0.191608
BFGS:   52 15:46:04    -9345.250333        0.289211
BFGS:   53 15:46:04    -9345.253296        0.422539
BFGS:   54 15:46:04    -9345.252109        0.509767
BFGS:   55 15:46:04    -9345.258728        0.157405
BFGS:   56 15:46:04    -9345.260907        0.209276
BFGS:   57 15:46:04    -9345.263741        0.183840
BFGS:   58 15:46:05    -9345.265884        0.149924
BFGS:   59 15:46:05    -9345.267099        0.159629
BFGS:   60 15:46:05    -9345.268300        0.331989
BFGS:   61 15:46:05    -9345.271571        0.196510
BFGS:   62 15:46:05    -9345.273697        0.150548
BFGS:   63 15:46:05    -9345.275266        0.349407
BFGS:   64 15:46:05    -9345.277505        0.195471
BFGS:   65 15:46:05    -9345.278615        0.139389
BFGS:   66 15:46:05    -9345.279820        0.199685
BFGS:   67 15:46:05    -9345.281046        0.225585
BFGS:   68 15:46:05    -9345.282636        0.178181
BFGS:   69 15:46:05    -9345.284152        0.180340
BFGS:   70 15:46:05    -9345.287185        0.372181
BFGS:   71 15:46:05    -9345.290298        0.439757
BFGS:   72 15:46:05    -9345.290926        0.676620
BFGS:   73 15:46:05    -9345.284740        0.717408
BFGS:   74 15:46:05    -9345.296436        0.148348
BFGS:   75 15:46:05    -9345.298197        0.238593
BFGS:   76 15:46:05    -9345.299774        0.356585
BFGS:   77 15:46:05    -9345.303503        0.247379
BFGS:   78 15:46:05    -9345.307707        0.477931
BFGS:   79 15:46:05    -9345.309604        0.346116
BFGS:   80 15:46:05    -9345.309453        0.412904
BFGS:   81 15:46:05    -9345.313951        0.174642
BFGS:   82 15:46:05    -9345.315199        0.176240
BFGS:   83 15:46:05    -9345.318784        0.191572
BFGS:   84 15:46:05    -9345.321003        0.153061
BFGS:   85 15:46:05    -9345.322172        0.156766
BFGS:   86 15:46:05    -9345.323100        0.194727
BFGS:   87 15:46:05    -9345.323891        0.168747
BFGS:   88 15:46:05    -9345.325071        0.179116
BFGS:   89 15:46:05    -9345.326598        0.185699
BFGS:   90 15:46:05    -9345.327995        0.180605
BFGS:   91 15:46:05    -9345.329773        0.154047
BFGS:   92 15:46:05    -9345.331216        0.147108
BFGS:   93 15:46:05    -9345.332446        0.217174
BFGS:   94 15:46:05    -9345.333355        0.168564
BFGS:   95 15:46:05    -9345.335132        0.254652
BFGS:   96 15:46:05    -9345.338254        0.246336
BFGS:   97 15:46:05    -9345.342625        0.368206
BFGS:   98 15:46:05    -9345.346545        0.519891
BFGS:   99 15:46:05    -9345.351999        0.377815
BFGS:  100 15:46:05    -9345.358938        0.450601
BFGS:  101 15:46:05    -9345.367746        0.593306
BFGS:  102 15:46:05    -9345.369773        0.823946
BFGS:  103 15:46:05    -9345.378540        0.552382
BFGS:  104 15:46:05    -9345.385855        0.201513
BFGS:  105 15:46:05    -9345.390530        0.497300
BFGS:  106 15:46:05    -9345.395015        0.162834
BFGS:  107 15:46:05    -9345.397282        0.115498
BFGS:  108 15:46:05    -9345.400171        0.124794
BFGS:  109 15:46:06    -9345.400848        0.085341
BFGS:  110 15:46:06    -9345.401348        0.076017
BFGS:  111 15:46:06    -9345.401820        0.059213
BFGS:  112 15:46:06    -9345.402328        0.051280
BFGS:  113 15:46:06    -9345.402988        0.105554
BFGS:  114 15:46:06    -9345.403841        0.148020
BFGS:  115 15:46:06    -9345.404831        0.135942
BFGS:  116 15:46:06    -9345.405587        0.077511
BFGS:  117 15:46:06    -9345.406014        0.059657
BFGS:  118 15:46:06    -9345.406238        0.053074
BFGS:  119 15:46:06    -9345.406443        0.051118
BFGS:  120 15:46:06    -9345.406714        0.052315
BFGS:  121 15:46:06    -9345.406980        0.045928
BFGS:  122 15:46:06    -9345.407209        0.046117
BFGS:  123 15:46:06    -9345.407409        0.041937
BFGS:  124 15:46:06    -9345.407653        0.055754
BFGS:  125 15:46:06    -9345.408148        0.093475
BFGS:  126 15:46:06    -9345.408934        0.116719
BFGS:  127 15:46:06    -9345.409978        0.112712
BFGS:  128 15:46:06    -9345.410801        0.082835
BFGS:  129 15:46:06    -9345.411093        0.100737
BFGS:  130 15:46:06    -9345.411247        0.147312
BFGS:  131 15:46:06    -9345.411510        0.047686
BFGS:  132 15:46:06    -9345.411670        0.049087
BFGS:  133 15:46:06    -9345.412421        0.078334
BFGS:  134 15:46:06    -9345.413126        0.117951
BFGS:  135 15:46:06    -9345.413757        0.198472
BFGS:  136 15:46:06    -9345.414443        0.117785
BFGS:  137 15:46:06    -9345.414828        0.094111
BFGS:  138 15:46:06    -9345.415132        0.086698
BFGS:  139 15:46:06    -9345.415509        0.096569
BFGS:  140 15:46:06    -9345.416036        0.086536
BFGS:  141 15:46:06    -9345.416351        0.063601
BFGS:  142 15:46:06    -9345.416428        0.035558
BFGS:  143 15:46:06    -9345.416465        0.039322
BFGS:  144 15:46:06    -9345.416521        0.054635
BFGS:  145 15:46:06    -9345.416719        0.093726
BFGS:  146 15:46:06    -9345.417013        0.129719
BFGS:  147 15:46:06    -9345.417557        0.146271
BFGS:  148 15:46:06    -9345.418394        0.116551
BFGS:  149 15:46:06    -9345.419478        0.131835
BFGS:  150 15:46:06    -9345.419783        0.265566
BFGS:  151 15:46:06    -9345.418468        0.506598
BFGS:  152 15:46:06    -9345.420811        0.071492
BFGS:  153 15:46:06    -9345.421193        0.049569
BFGS:  154 15:46:07    -9345.419540        0.474189
BFGS:  155 15:46:07    -9345.421591        0.029973
BFGS:  156 15:46:07    -9345.421798        0.022377
BFGS:  157 15:46:07    -9345.421746        0.210615
BFGS:  158 15:46:07    -9345.422115        0.025578
BFGS:  159 15:46:07    -9345.422201        0.031754
BFGS:  160 15:46:07    -9345.422434        0.088133
BFGS:  161 15:46:07    -9345.422607        0.044868
BFGS:  162 15:46:07    -9345.423197        0.055040
BFGS:  163 15:46:07    -9345.423788        0.048456
BFGS:  164 15:46:07    -9345.424927        0.078171
BFGS:  165 15:46:07    -9345.425300        0.245145
BFGS:  166 15:46:07    -9345.425591        0.183186
BFGS:  167 15:46:07    -9345.426284        0.134552
BFGS:  168 15:46:07    -9345.426475        0.091705
BFGS:  169 15:46:07    -9345.426755        0.075700
BFGS:  170 15:46:07    -9345.426873        0.098843
BFGS:  171 15:46:07    -9345.427009        0.021535
BFGS:  172 15:46:07    -9345.427087        0.016647
BFGS:  173 15:46:07    -9345.427132        0.020795
BFGS:  174 15:46:07    -9345.427156        0.016629
BFGS:  175 15:46:07    -9345.427172        0.020601
BFGS:  176 15:46:07    -9345.427181        0.018379
BFGS:  177 15:46:07    -9345.427190        0.015465
BFGS:  178 15:46:07    -9345.427203        0.011334
BFGS:  179 15:46:07    -9345.427203        0.011088
BFGS:  180 15:46:07    -9345.427209        0.010512
BFGS:  181 15:46:07    -9345.427217        0.010882
BFGS:  182 15:46:07    -9345.427226        0.011150
BFGS:  183 15:46:07    -9345.427228        0.011037
BFGS:  184 15:46:07    -9345.427239        0.010402
BFGS:  185 15:46:07    -9345.427252        0.009284
BFGS:  186 15:46:07    -9345.427252        0.008713
BFGS:  187 15:46:07    -9345.427249        0.008451
BFGS:  188 15:46:07    -9345.427246        0.008327
BFGS:  189 15:46:07    -9345.427254        0.008180
BFGS:  190 15:46:07    -9345.427252        0.008061
BFGS:  191 15:46:07    -9345.427254        0.007887
BFGS:  192 15:46:07    -9345.427252        0.007675
BFGS:  193 15:46:08    -9345.427255        0.007908
BFGS:  194 15:46:08    -9345.427265        0.009656
BFGS:  195 15:46:08    -9345.427274        0.011366
BFGS:  196 15:46:08    -9345.427290        0.009047
BFGS:  197 15:46:08    -9345.427300        0.005067
BFGS:  198 15:46:08    -9345.427306        0.004396
